[INFO] [1783752851.324339861] [apriltag.apriltag]: camera_diag: img_age=0.062748s, ci_age=0.062748s, img_ci_skew=0.000000s, detect_ms=6.591986, raw_det=1, kept_det=1, tf=1, tf_children=[camera_color_optical_frame->object], img_frame=camera_color_optical_frame, ci_frame=camera_color_optical_frame
[INFO] [1783752852.783451994] [apriltag.apriltag]: camera_diag: img_age=0.066840s, ci_age=0.066840s, img_ci_skew=0.000000s, detect_ms=6.775439, raw_det=1, kept_det=0, tf=0, tf_children=[none], img_frame=camera_color_optical_frame, ci_frame=camera_color_optical_frame
[INFO] [1783752853.784606332] [apriltag.apriltag]: camera_diag: img_age=0.066422s, ci_age=0.066422s, img_ci_skew=0.000000s, detect_ms=7.143271, raw_det=1, kept_det=1, tf=1, tf_children=[camera_color_optical_frame->object], img_frame=camera_color_optical_frame, ci_frame=camera_color_optical_frame
[INFO] [1783752854.786926913] [apriltag.apriltag]: camera_diag: img_age=0.066492s, ci_age=0.066492s, img_ci_skew=0.000000s, detect_ms=8.769597, raw_det=1, kept_det=1, tf=1, tf_children=[camera_color_optical_frame->limit_bar_right], img_frame=camera_color_optical_frame, ci_frame=camera_color_optical_frame
[INFO] [1783752855.793344600] [apriltag.apriltag]: camera_diag: img_age=0.067474s, ci_age=0.067474s, img_ci_skew=0.000000s, detect_ms=13.145602, raw_det=1, kept_det=1, tf=1, tf_children=[camera_color_optical_frame->limit_bar_right], img_frame=camera_color_optical_frame, ci_frame=camera_color_optical_frame
[INFO] [1783752856.790996129] [apriltag.apriltag]: camera_diag: img_age=0.067892s, ci_age=0.067892s, img_ci_skew=0.000000s, detect_ms=10.091683, raw_det=2, kept_det=2, tf=2, tf_children=[camera_color_optical_frame->object,camera_color_optical_frame->limit_bar_right], img_frame=camera_color_optical_frame, ci_frame=camera_color_optical_frame
[INFO] [1783752857.793419452] [apriltag.apriltag]: camera_diag: img_age=0.067198s, ci_age=0.067198s, img_ci_skew=0.000000s, detect_ms=12.291992, raw_det=2, kept_det=2, tf=2, tf_children=[camera_color_optical_frame->object,camera_color_optical_frame->limit_bar_right], img_frame=camera_color_optical_frame, ci_frame=camera_color_optical_frame
[INFO] [1783752858.790585660] [apriltag.apriltag]: camera_diag: img_age=0.068783s, ci_age=0.068783s, img_ci_skew=0.000000s, detect_ms=7.546322, raw_det=1, kept_det=1, tf=1, tf_children=[camera_color_optical_frame->limit_bar_right], img_frame=camera_color_optical_frame, ci_frame=camera_color_optical_frame
[INFO] [1783752863.928094601] [apriltag.apriltag]: camera_diag: img_age=0.066883s, ci_age=0.066883s, img_ci_skew=0.000000s, detect_ms=9.095335, raw_det=1, kept_det=1, tf=1, tf_children=[camera_color_optical_frame->limit_bar_right], img_frame=camera_color_optical_frame, ci_frame=camera_color_optical_frame
[INFO] [1783752864.924772701] [apriltag.apriltag]: camera_diag: img_age=0.065965s, ci_age=0.065965s, img_ci_skew=0.000000s, detect_ms=5.854131, raw_det=1, kept_det=1, tf=1, tf_children=[camera_color_optical_frame->limit_bar_right], img_frame=camera_color_optical_frame, ci_frame=camera_color_optical_frame
[INFO] [1783752865.925294797] [apriltag.apriltag]: camera_diag: img_age=0.067193s, ci_age=0.067193s, img_ci_skew=0.000000s, detect_ms=4.586365, raw_det=1, kept_det=1, tf=1, tf_children=[camera_color_optical_frame->limit_bar_right], img_frame=camera_color_optical_frame, ci_frame=camera_color_optical_frame
[INFO] [1783752867.251393725] [apriltag.apriltag]: camera_diag: img_age=0.058096s, ci_age=0.058096s, img_ci_skew=0.000000s, detect_ms=5.377188, raw_det=1, kept_det=1, tf=1, tf_children=[camera_color_optical_frame->object], img_frame=camera_color_optical_frame, ci_frame=camera_color_optical_frame
[INFO] [1783752868.810604641] [apriltag.apriltag]: camera_diag: img_age=0.016601s, ci_age=0.016601s, img_ci_skew=0.000000s, detect_ms=11.280919, raw_det=1, kept_det=1, tf=1, tf_children=[camera_color_optical_frame->object], img_frame=camera_color_optical_frame, ci_frame=camera_color_optical_frame
[INFO] [1783752869.847287219] [apriltag.apriltag]: camera_diag: img_age=0.004411s, ci_age=0.004411s, img_ci_skew=0.000000s, detect_ms=6.554194, raw_det=1, kept_det=1, tf=1, tf_children=[camera_color_optical_frame->object], img_frame=camera_color_optical_frame, ci_frame=camera_color_optical_frame
[INFO] [1783752870.891921118] [apriltag.apriltag]: camera_diag: img_age=-0.000474s, ci_age=-0.000474s, img_ci_skew=0.000000s, detect_ms=7.846089, raw_det=1, kept_det=1, tf=1, tf_children=[camera_color_optical_frame->object], img_frame=camera_color_optical_frame, ci_frame=camera_color_optical_frame
[INFO] [1783752871.938792060] [apriltag.apriltag]: camera_diag: img_age=0.002694s, ci_age=0.002694s, img_ci_skew=0.000000s, detect_ms=7.535232, raw_det=1, kept_det=1, tf=1, tf_children=[camera_color_optical_frame->object], img_frame=camera_color_optical_frame, ci_frame=camera_color_optical_frame
[INFO] [1783752872.988024157] [apriltag.apriltag]: camera_diag: img_age=0.010760s, ci_age=0.010760s, img_ci_skew=0.000000s, detect_ms=6.853952, raw_det=1, kept_det=1, tf=1, tf_children=[camera_color_optical_frame->object], img_frame=camera_color_optical_frame, ci_frame=camera_color_optical_frame
[INFO] [1783752874.040750439] [apriltag.apriltag]: camera_diag: img_age=0.023268s, ci_age=0.023268s, img_ci_skew=0.000000s, detect_ms=6.896583, raw_det=1, kept_det=1, tf=1, tf_children=[camera_color_optical_frame->object], img_frame=camera_color_optical_frame, ci_frame=camera_color_optical_frame
[INFO] [1783752875.096083871] [apriltag.apriltag]: camera_diag: img_age=0.035324s, ci_age=0.035324s, img_ci_skew=0.000000s, detect_ms=8.574387, raw_det=1, kept_det=1, tf=1, tf_children=[camera_color_optical_frame->object], img_frame=camera_color_optical_frame, ci_frame=camera_color_optical_frame
[INFO] [1783752876.149883118] [apriltag.apriltag]: camera_diag: img_age=0.049600s, ci_age=0.049600s, img_ci_skew=0.000000s, detect_ms=5.917817, raw_det=1, kept_det=1, tf=1, tf_children=[camera_color_optical_frame->object], img_frame=camera_color_optical_frame, ci_frame=camera_color_optical_frame
[INFO] [1783752877.210168429] [apriltag.apriltag]: camera_diag: img_age=0.067225s, ci_age=0.067225s, img_ci_skew=0.000000s, detect_ms=5.877977, raw_det=1, kept_det=1, tf=1, tf_children=[camera_color_optical_frame->object], img_frame=camera_color_optical_frame, ci_frame=camera_color_optical_frame
[INFO] [1783752878.264171120] [apriltag.apriltag]: camera_diag: img_age=0.076412s, ci_age=0.076412s, img_ci_skew=0.000000s, detect_ms=4.821813, raw_det=1, kept_det=1, tf=1, tf_children=[camera_color_optical_frame->object], img_frame=camera_color_optical_frame, ci_frame=camera_color_optical_frame
[INFO] [1783752879.325005777] [apriltag.apriltag]: camera_diag: img_age=0.087981s, ci_age=0.087981s, img_ci_skew=0.000000s, detect_ms=5.190868, raw_det=1, kept_det=1, tf=1, tf_children=[camera_color_optical_frame->object], img_frame=camera_color_optical_frame, ci_frame=camera_color_optical_frame
[INFO] [1783752880.385405591] [apriltag.apriltag]: camera_diag: img_age=0.095803s, ci_age=0.095803s, img_ci_skew=0.000000s, detect_ms=5.060876, raw_det=1, kept_det=1, tf=1, tf_children=[camera_color_optical_frame->object], img_frame=camera_color_optical_frame, ci_frame=camera_color_optical_frame
[INFO] [1783752881.449337495] [apriltag.apriltag]: camera_diag: img_age=0.101036s, ci_age=0.101036s, img_ci_skew=0.000000s, detect_ms=6.389841, raw_det=1, kept_det=1, tf=1, tf_children=[camera_color_optical_frame->object], img_frame=camera_color_optical_frame, ci_frame=camera_color_optical_frame
[INFO] [1783752893.827039446] [apriltag.apriltag]: camera_diag: img_age=0.074619s, ci_age=0.074619s, img_ci_skew=0.000000s, detect_ms=6.361437, raw_det=1, kept_det=1, tf=1, tf_children=[camera_color_optical_frame->role], img_frame=camera_color_optical_frame, ci_frame=camera_color_optical_frame
[INFO] [1783752898.961312992] [apriltag.apriltag]: camera_diag: img_age=0.071090s, ci_age=0.071090s, img_ci_skew=0.000000s, detect_ms=7.000095, raw_det=1, kept_det=1, tf=1, tf_children=[camera_color_optical_frame->role], img_frame=camera_color_optical_frame, ci_frame=camera_color_optical_frame
[INFO] [1783752900.304629324] [apriltag.apriltag]: camera_diag: img_age=0.075986s, ci_age=0.075986s, img_ci_skew=0.000000s, detect_ms=10.053166, raw_det=1, kept_det=1, tf=1, tf_children=[camera_color_optical_frame->role], img_frame=camera_color_optical_frame, ci_frame=camera_color_optical_frame
[INFO] [1783752901.459713037] [apriltag.apriltag]: camera_diag: img_age=0.095276s, ci_age=0.095276s, img_ci_skew=0.000000s, detect_ms=9.255642, raw_det=1, kept_det=1, tf=1, tf_children=[camera_color_optical_frame->role], img_frame=camera_color_optical_frame, ci_frame=camera_color_optical_frame
[INFO] [1783752902.475236852] [apriltag.apriltag]: camera_diag: img_age=0.105344s, ci_age=0.105344s, img_ci_skew=0.000000s, detect_ms=6.846165, raw_det=1, kept_det=1, tf=1, tf_children=[camera_color_optical_frame->role], img_frame=camera_color_optical_frame, ci_frame=camera_color_optical_frame
[INFO] [1783752903.489697415] [apriltag.apriltag]: camera_diag: img_age=0.108102s, ci_age=0.108102s, img_ci_skew=0.000000s, detect_ms=6.927238, raw_det=1, kept_det=1, tf=1, tf_children=[camera_color_optical_frame->role], img_frame=camera_color_optical_frame, ci_frame=camera_color_optical_frame
[INFO] [1783752904.501189281] [apriltag.apriltag]: camera_diag: img_age=0.107619s, ci_age=0.107619s, img_ci_skew=0.000000s, detect_ms=5.125240, raw_det=1, kept_det=1, tf=1, tf_children=[camera_color_optical_frame->role], img_frame=camera_color_optical_frame, ci_frame=camera_color_optical_frame
[INFO] [1783752905.512803539] [apriltag.apriltag]: camera_diag: img_age=0.104313s, ci_age=0.104313s, img_ci_skew=0.000000s, detect_ms=5.098779, raw_det=1, kept_det=1, tf=1, tf_children=[camera_color_optical_frame->role], img_frame=camera_color_optical_frame, ci_frame=camera_color_optical_frame
[INFO] [1783752908.812919503] [apriltag.apriltag]: camera_diag: img_age=0.080765s, ci_age=0.080765s, img_ci_skew=0.000000s, detect_ms=7.625652, raw_det=1, kept_det=1, tf=1, tf_children=[camera_color_optical_frame->role], img_frame=camera_color_optical_frame, ci_frame=camera_color_optical_frame
[INFO] [1783752909.825740518] [apriltag.apriltag]: camera_diag: img_age=0.071754s, ci_age=0.071754s, img_ci_skew=0.000000s, detect_ms=12.356637, raw_det=1, kept_det=1, tf=1, tf_children=[camera_color_optical_frame->role], img_frame=camera_color_optical_frame, ci_frame=camera_color_optical_frame
[INFO] [1783752910.827430884] [apriltag.apriltag]: camera_diag: img_age=0.063005s, ci_age=0.063005s, img_ci_skew=0.000000s, detect_ms=8.405327, raw_det=1, kept_det=1, tf=1, tf_children=[camera_color_optical_frame->role], img_frame=camera_color_optical_frame, ci_frame=camera_color_optical_frame
[INFO] [1783752911.831109128] [apriltag.apriltag]: camera_diag: img_age=0.055637s, ci_age=0.055637s, img_ci_skew=0.000000s, detect_ms=6.765485, raw_det=1, kept_det=1, tf=1, tf_children=[camera_color_optical_frame->role], img_frame=camera_color_optical_frame, ci_frame=camera_color_optical_frame
[INFO] [1783752912.836470469] [apriltag.apriltag]: camera_diag: img_age=0.050963s, ci_age=0.050963s, img_ci_skew=0.000000s, detect_ms=5.330895, raw_det=1, kept_det=1, tf=1, tf_children=[camera_color_optical_frame->role], img_frame=camera_color_optical_frame, ci_frame=camera_color_optical_frame
[INFO] [1783752913.842396556] [apriltag.apriltag]: camera_diag: img_age=0.046175s, ci_age=0.046175s, img_ci_skew=0.000000s, detect_ms=7.088207, raw_det=1, kept_det=1, tf=1, tf_children=[camera_color_optical_frame->role], img_frame=camera_color_optical_frame, ci_frame=camera_color_optical_frame
[INFO] [1783752914.846908887] [apriltag.apriltag]: camera_diag: img_age=0.044106s, ci_age=0.044106s, img_ci_skew=0.000000s, detect_ms=7.977818, raw_det=1, kept_det=1, tf=1, tf_children=[camera_color_optical_frame->role], img_frame=camera_color_optical_frame, ci_frame=camera_color_optical_frame
[INFO] [1783752915.850937963] [apriltag.apriltag]: camera_diag: img_age=0.046015s, ci_age=0.046015s, img_ci_skew=0.000000s, detect_ms=6.130230, raw_det=1, kept_det=1, tf=1, tf_children=[camera_color_optical_frame->role], img_frame=camera_color_optical_frame, ci_frame=camera_color_optical_frame
[INFO] [1783752916.855925619] [apriltag.apriltag]: camera_diag: img_age=0.046445s, ci_age=0.046445s, img_ci_skew=0.000000s, detect_ms=9.515453, raw_det=1, kept_det=1, tf=1, tf_children=[camera_color_optical_frame->role], img_frame=camera_color_optical_frame, ci_frame=camera_color_optical_frame
[INFO] [1783752917.857459768] [apriltag.apriltag]: camera_diag: img_age=0.048854s, ci_age=0.048854s, img_ci_skew=0.000000s, detect_ms=8.143347, raw_det=1, kept_det=1, tf=1, tf_children=[camera_color_optical_frame->role], img_frame=camera_color_optical_frame, ci_frame=camera_color_optical_frame
[INFO] [1783752918.860300881] [apriltag.apriltag]: camera_diag: img_age=0.052230s, ci_age=0.052230s, img_ci_skew=0.000000s, detect_ms=6.542156, raw_det=1, kept_det=1, tf=1, tf_children=[camera_color_optical_frame->role], img_frame=camera_color_optical_frame, ci_frame=camera_color_optical_frame
[INFO] [1783752919.862124581] [apriltag.apriltag]: camera_diag: img_age=0.052826s, ci_age=0.052826s, img_ci_skew=0.000000s, detect_ms=6.885370, raw_det=1, kept_det=1, tf=1, tf_children=[camera_color_optical_frame->role], img_frame=camera_color_optical_frame, ci_frame=camera_color_optical_frame
[INFO] [1783752920.864748842] [apriltag.apriltag]: camera_diag: img_age=0.054753s, ci_age=0.054753s, img_ci_skew=0.000000s, detect_ms=6.974598, raw_det=1, kept_det=1, tf=1, tf_children=[camera_color_optical_frame->role], img_frame=camera_color_optical_frame, ci_frame=camera_color_optical_frame
[INFO] [1783752921.866515466] [apriltag.apriltag]: camera_diag: img_age=0.056394s, ci_age=0.056394s, img_ci_skew=0.000000s, detect_ms=6.165288, raw_det=1, kept_det=1, tf=1, tf_children=[camera_color_optical_frame->role], img_frame=camera_color_optical_frame, ci_frame=camera_color_optical_frame
[INFO] [1783752922.868307933] [apriltag.apriltag]: camera_diag: img_age=0.057713s, ci_age=0.057713s, img_ci_skew=0.000000s, detect_ms=5.850614, raw_det=1, kept_det=1, tf=1, tf_children=[camera_color_optical_frame->role], img_frame=camera_color_optical_frame, ci_frame=camera_color_optical_frame
[INFO] [1783752924.404640636] [apriltag.apriltag]: camera_diag: img_age=0.059264s, ci_age=0.059264s, img_ci_skew=0.000000s, detect_ms=5.254149, raw_det=1, kept_det=1, tf=1, tf_children=[camera_color_optical_frame->upstairs], img_frame=camera_color_optical_frame, ci_frame=camera_color_optical_frame
[INFO] [1783752931.283846401] [apriltag.apriltag]: camera_diag: img_age=0.062605s, ci_age=0.062605s, img_ci_skew=0.000000s, detect_ms=5.982605, raw_det=1, kept_det=1, tf=1, tf_children=[camera_color_optical_frame->role], img_frame=camera_color_optical_frame, ci_frame=camera_color_optical_frame
[INFO] [1783752932.287874440] [apriltag.apriltag]: camera_diag: img_age=0.063089s, ci_age=0.063089s, img_ci_skew=0.000000s, detect_ms=8.521281, raw_det=1, kept_det=1, tf=1, tf_children=[camera_color_optical_frame->role], img_frame=camera_color_optical_frame, ci_frame=camera_color_optical_frame
[INFO] [1783752933.288351393] [apriltag.apriltag]: camera_diag: img_age=0.063068s, ci_age=0.063068s, img_ci_skew=0.000000s, detect_ms=7.815466, raw_det=1, kept_det=1, tf=1, tf_children=[camera_color_optical_frame->role], img_frame=camera_color_optical_frame, ci_frame=camera_color_optical_frame
[INFO] [1783752934.353073820] [apriltag.apriltag]: camera_diag: img_age=0.060199s, ci_age=0.060199s, img_ci_skew=0.000000s, detect_ms=7.917746, raw_det=1, kept_det=1, tf=1, tf_children=[camera_color_optical_frame->role], img_frame=camera_color_optical_frame, ci_frame=camera_color_optical_frame
[INFO] [1783752935.352481417] [apriltag.apriltag]: camera_diag: img_age=0.059927s, ci_age=0.059927s, img_ci_skew=0.000000s, detect_ms=7.630604, raw_det=1, kept_det=1, tf=1, tf_children=[camera_color_optical_frame->hurdle_right], img_frame=camera_color_optical_frame, ci_frame=camera_color_optical_frame
[INFO] [1783752948.489189437] [apriltag.apriltag]: camera_diag: img_age=0.067749s, ci_age=0.067749s, img_ci_skew=0.000000s, detect_ms=8.913088, raw_det=1, kept_det=1, tf=1, tf_children=[camera_color_optical_frame->hurdle_right], img_frame=camera_color_optical_frame, ci_frame=camera_color_optical_frame
[INFO] [1783752953.358255078] [apriltag.apriltag]: camera_diag: img_age=0.066899s, ci_age=0.066899s, img_ci_skew=0.000000s, detect_ms=8.499194, raw_det=1, kept_det=1, tf=1, tf_children=[camera_color_optical_frame->upstairs], img_frame=camera_color_optical_frame, ci_frame=camera_color_optical_frame
[INFO] [1783752954.356248355] [apriltag.apriltag]: camera_diag: img_age=0.066909s, ci_age=0.066909s, img_ci_skew=0.000000s, detect_ms=5.565851, raw_det=2, kept_det=2, tf=2, tf_children=[camera_color_optical_frame->upstairs,camera_color_optical_frame->hurdle_right], img_frame=camera_color_optical_frame, ci_frame=camera_color_optical_frame
[INFO] [1783752955.357492373] [apriltag.apriltag]: camera_diag: img_age=0.066756s, ci_age=0.066756s, img_ci_skew=0.000000s, detect_ms=6.080852, raw_det=2, kept_det=2, tf=2, tf_children=[camera_color_optical_frame->upstairs,camera_color_optical_frame->hurdle_right], img_frame=camera_color_optical_frame, ci_frame=camera_color_optical_frame
[INFO] [1783752956.358992576] [apriltag.apriltag]: camera_diag: img_age=0.066825s, ci_age=0.066825s, img_ci_skew=0.000000s, detect_ms=7.160395, raw_det=1, kept_det=1, tf=1, tf_children=[camera_color_optical_frame->hurdle_right], img_frame=camera_color_optical_frame, ci_frame=camera_color_optical_frame
[INFO] [1783752957.361264531] [apriltag.apriltag]: camera_diag: img_age=0.067144s, ci_age=0.067144s, img_ci_skew=0.000000s, detect_ms=8.244131, raw_det=1, kept_det=1, tf=1, tf_children=[camera_color_optical_frame->hurdle_right], img_frame=camera_color_optical_frame, ci_frame=camera_color_optical_frame
[INFO] [1783752958.362566226] [apriltag.apriltag]: camera_diag: img_age=0.067488s, ci_age=0.067488s, img_ci_skew=0.000000s, detect_ms=8.642579, raw_det=1, kept_det=1, tf=1, tf_children=[camera_color_optical_frame->hurdle_right], img_frame=camera_color_optical_frame, ci_frame=camera_color_optical_frame
[INFO] [1783752962.830041727] [apriltag.apriltag]: camera_diag: img_age=0.066928s, ci_age=0.066928s, img_ci_skew=0.000000s, detect_ms=5.950678, raw_det=1, kept_det=1, tf=1, tf_children=[camera_color_optical_frame->upstairs], img_frame=camera_color_optical_frame, ci_frame=camera_color_optical_frame
[INFO] [1783752963.830864865] [apriltag.apriltag]: camera_diag: img_age=0.066439s, ci_age=0.066439s, img_ci_skew=0.000000s, detect_ms=6.584172, raw_det=1, kept_det=1, tf=1, tf_children=[camera_color_optical_frame->upstairs], img_frame=camera_color_optical_frame, ci_frame=camera_color_optical_frame
[INFO] [1783752964.831209814] [apriltag.apriltag]: camera_diag: img_age=0.066427s, ci_age=0.066427s, img_ci_skew=0.000000s, detect_ms=5.844810, raw_det=1, kept_det=1, tf=1, tf_children=[camera_color_optical_frame->upstairs], img_frame=camera_color_optical_frame, ci_frame=camera_color_optical_frame
[INFO] [1783752965.831940875] [apriltag.apriltag]: camera_diag: img_age=0.066442s, ci_age=0.066442s, img_ci_skew=0.000000s, detect_ms=5.820190, raw_det=1, kept_det=1, tf=1, tf_children=[camera_color_optical_frame->upstairs], img_frame=camera_color_optical_frame, ci_frame=camera_color_optical_frame
[INFO] [1783752966.833743416] [apriltag.apriltag]: camera_diag: img_age=0.066462s, ci_age=0.066462s, img_ci_skew=0.000000s, detect_ms=6.600811, raw_det=1, kept_det=1, tf=1, tf_children=[camera_color_optical_frame->upstairs], img_frame=camera_color_optical_frame, ci_frame=camera_color_optical_frame
