[INFO] [1783729413.770283697] [apriltag.apriltag]: camera_diag: img_age=0.065912s, ci_age=0.065912s, img_ci_skew=0.000000s, detect_ms=5.699841, raw_det=1, kept_det=1, tf=1, tf_children=[camera_color_optical_frame->base], img_frame=camera_color_optical_frame, ci_frame=camera_color_optical_frame
[INFO] [1783729415.096279032] [apriltag.apriltag]: camera_diag: img_age=0.065889s, ci_age=0.065889s, img_ci_skew=0.000000s, detect_ms=5.477367, raw_det=1, kept_det=1, tf=1, tf_children=[camera_color_optical_frame->base], img_frame=camera_color_optical_frame, ci_frame=camera_color_optical_frame
[INFO] [1783729416.098063708] [apriltag.apriltag]: camera_diag: img_age=0.066926s, ci_age=0.066926s, img_ci_skew=0.000000s, detect_ms=5.448636, raw_det=1, kept_det=1, tf=1, tf_children=[camera_color_optical_frame->base], img_frame=camera_color_optical_frame, ci_frame=camera_color_optical_frame
[INFO] [1783729417.171149199] [apriltag.apriltag]: camera_diag: img_age=0.066224s, ci_age=0.066224s, img_ci_skew=0.000000s, detect_ms=11.564907, raw_det=1, kept_det=1, tf=1, tf_children=[camera_color_optical_frame->base], img_frame=camera_color_optical_frame, ci_frame=camera_color_optical_frame
[INFO] [1783729418.171297724] [apriltag.apriltag]: camera_diag: img_age=0.070036s, ci_age=0.070036s, img_ci_skew=0.000000s, detect_ms=7.602323, raw_det=1, kept_det=1, tf=1, tf_children=[camera_color_optical_frame->base], img_frame=camera_color_optical_frame, ci_frame=camera_color_optical_frame
[INFO] [1783729419.239226926] [apriltag.apriltag]: camera_diag: img_age=0.068646s, ci_age=0.068646s, img_ci_skew=0.000000s, detect_ms=9.193891, raw_det=1, kept_det=1, tf=1, tf_children=[camera_color_optical_frame->base], img_frame=camera_color_optical_frame, ci_frame=camera_color_optical_frame
[INFO] [1783729420.310155430] [apriltag.apriltag]: camera_diag: img_age=0.071496s, ci_age=0.071496s, img_ci_skew=0.000000s, detect_ms=9.295041, raw_det=1, kept_det=1, tf=1, tf_children=[camera_color_optical_frame->base], img_frame=camera_color_optical_frame, ci_frame=camera_color_optical_frame
[INFO] [1783729421.314354824] [apriltag.apriltag]: camera_diag: img_age=0.075070s, ci_age=0.075070s, img_ci_skew=0.000000s, detect_ms=7.730407, raw_det=1, kept_det=1, tf=1, tf_children=[camera_color_optical_frame->base], img_frame=camera_color_optical_frame, ci_frame=camera_color_optical_frame
[INFO] [1783729422.715518754] [apriltag.apriltag]: camera_diag: img_age=0.071889s, ci_age=0.071889s, img_ci_skew=0.000000s, detect_ms=9.026378, raw_det=1, kept_det=1, tf=1, tf_children=[camera_color_optical_frame->base], img_frame=camera_color_optical_frame, ci_frame=camera_color_optical_frame
[INFO] [1783729424.184872089] [apriltag.apriltag]: camera_diag: img_age=0.071503s, ci_age=0.071503s, img_ci_skew=0.000000s, detect_ms=8.161310, raw_det=1, kept_det=0, tf=0, tf_children=[none], img_frame=camera_color_optical_frame, ci_frame=camera_color_optical_frame
[INFO] [1783729425.321483545] [apriltag.apriltag]: camera_diag: img_age=0.072015s, ci_age=0.072015s, img_ci_skew=0.000000s, detect_ms=7.280632, raw_det=1, kept_det=1, tf=1, tf_children=[camera_color_optical_frame->base], img_frame=camera_color_optical_frame, ci_frame=camera_color_optical_frame
[INFO] [1783729426.325034751] [apriltag.apriltag]: camera_diag: img_age=0.070119s, ci_age=0.070119s, img_ci_skew=0.000000s, detect_ms=9.587716, raw_det=1, kept_det=1, tf=1, tf_children=[camera_color_optical_frame->base], img_frame=camera_color_optical_frame, ci_frame=camera_color_optical_frame
[INFO] [1783729427.322082446] [apriltag.apriltag]: camera_diag: img_age=0.068539s, ci_age=0.068539s, img_ci_skew=0.000000s, detect_ms=5.013487, raw_det=1, kept_det=1, tf=1, tf_children=[camera_color_optical_frame->base], img_frame=camera_color_optical_frame, ci_frame=camera_color_optical_frame
[INFO] [1783729429.328955928] [apriltag.apriltag]: camera_diag: img_age=0.066251s, ci_age=0.066251s, img_ci_skew=0.000000s, detect_ms=7.967734, raw_det=1, kept_det=1, tf=1, tf_children=[camera_color_optical_frame->base], img_frame=camera_color_optical_frame, ci_frame=camera_color_optical_frame
[INFO] [1783729430.463148130] [apriltag.apriltag]: camera_diag: img_age=0.064960s, ci_age=0.064960s, img_ci_skew=0.000000s, detect_ms=6.529762, raw_det=1, kept_det=1, tf=1, tf_children=[camera_color_optical_frame->base], img_frame=camera_color_optical_frame, ci_frame=camera_color_optical_frame
[INFO] [1783729432.131791179] [apriltag.apriltag]: camera_diag: img_age=0.063743s, ci_age=0.063743s, img_ci_skew=0.000000s, detect_ms=5.760643, raw_det=1, kept_det=1, tf=1, tf_children=[camera_color_optical_frame->base], img_frame=camera_color_optical_frame, ci_frame=camera_color_optical_frame
[INFO] [1783729433.333635795] [apriltag.apriltag]: camera_diag: img_age=0.063588s, ci_age=0.063588s, img_ci_skew=0.000000s, detect_ms=5.504497, raw_det=1, kept_det=1, tf=1, tf_children=[camera_color_optical_frame->base], img_frame=camera_color_optical_frame, ci_frame=camera_color_optical_frame
[INFO] [1783729434.336929676] [apriltag.apriltag]: camera_diag: img_age=0.063418s, ci_age=0.063418s, img_ci_skew=0.000000s, detect_ms=7.560836, raw_det=1, kept_det=0, tf=0, tf_children=[none], img_frame=camera_color_optical_frame, ci_frame=camera_color_optical_frame
[INFO] [1783729435.474747189] [apriltag.apriltag]: camera_diag: img_age=0.066386s, ci_age=0.066386s, img_ci_skew=0.000000s, detect_ms=7.164040, raw_det=1, kept_det=1, tf=1, tf_children=[camera_color_optical_frame->base], img_frame=camera_color_optical_frame, ci_frame=camera_color_optical_frame
[INFO] [1783729436.542344561] [apriltag.apriltag]: camera_diag: img_age=0.064198s, ci_age=0.064198s, img_ci_skew=0.000000s, detect_ms=8.824741, raw_det=1, kept_det=1, tf=1, tf_children=[camera_color_optical_frame->base], img_frame=camera_color_optical_frame, ci_frame=camera_color_optical_frame
[INFO] [1783729438.675772615] [apriltag.apriltag]: camera_diag: img_age=0.064355s, ci_age=0.064355s, img_ci_skew=0.000000s, detect_ms=6.118206, raw_det=1, kept_det=1, tf=1, tf_children=[camera_color_optical_frame->base], img_frame=camera_color_optical_frame, ci_frame=camera_color_optical_frame
[INFO] [1783729440.278138545] [apriltag.apriltag]: camera_diag: img_age=0.065123s, ci_age=0.065123s, img_ci_skew=0.000000s, detect_ms=5.638273, raw_det=1, kept_det=1, tf=1, tf_children=[camera_color_optical_frame->base], img_frame=camera_color_optical_frame, ci_frame=camera_color_optical_frame
[INFO] [1783729441.413727550] [apriltag.apriltag]: camera_diag: img_age=0.064719s, ci_age=0.064719s, img_ci_skew=0.000000s, detect_ms=7.088380, raw_det=1, kept_det=1, tf=1, tf_children=[camera_color_optical_frame->base], img_frame=camera_color_optical_frame, ci_frame=camera_color_optical_frame
[INFO] [1783729442.417861440] [apriltag.apriltag]: camera_diag: img_age=0.065780s, ci_age=0.065780s, img_ci_skew=0.000000s, detect_ms=7.090594, raw_det=1, kept_det=1, tf=1, tf_children=[camera_color_optical_frame->base], img_frame=camera_color_optical_frame, ci_frame=camera_color_optical_frame
[INFO] [1783729443.419206998] [apriltag.apriltag]: camera_diag: img_age=0.065088s, ci_age=0.065088s, img_ci_skew=0.000000s, detect_ms=10.016606, raw_det=1, kept_det=1, tf=1, tf_children=[camera_color_optical_frame->base], img_frame=camera_color_optical_frame, ci_frame=camera_color_optical_frame
[INFO] [1783729444.551011914] [apriltag.apriltag]: camera_diag: img_age=0.065118s, ci_age=0.065118s, img_ci_skew=0.000000s, detect_ms=7.254271, raw_det=1, kept_det=1, tf=1, tf_children=[camera_color_optical_frame->base], img_frame=camera_color_optical_frame, ci_frame=camera_color_optical_frame
[INFO] [1783729446.348974615] [apriltag.apriltag]: camera_diag: img_age=0.064873s, ci_age=0.064873s, img_ci_skew=0.000000s, detect_ms=3.293829, raw_det=1, kept_det=1, tf=1, tf_children=[camera_color_optical_frame->base], img_frame=camera_color_optical_frame, ci_frame=camera_color_optical_frame
[INFO] [1783729447.623149307] [apriltag.apriltag]: camera_diag: img_age=0.065044s, ci_age=0.065044s, img_ci_skew=0.000000s, detect_ms=9.185078, raw_det=1, kept_det=1, tf=1, tf_children=[camera_color_optical_frame->base], img_frame=camera_color_optical_frame, ci_frame=camera_color_optical_frame
[INFO] [1783729448.625771077] [apriltag.apriltag]: camera_diag: img_age=0.066312s, ci_age=0.066312s, img_ci_skew=0.000000s, detect_ms=9.709232, raw_det=1, kept_det=1, tf=1, tf_children=[camera_color_optical_frame->base], img_frame=camera_color_optical_frame, ci_frame=camera_color_optical_frame
[INFO] [1783729449.755408263] [apriltag.apriltag]: camera_diag: img_age=0.065392s, ci_age=0.065392s, img_ci_skew=0.000000s, detect_ms=5.406421, raw_det=1, kept_det=1, tf=1, tf_children=[camera_color_optical_frame->base], img_frame=camera_color_optical_frame, ci_frame=camera_color_optical_frame
[INFO] [1783729450.823575423] [apriltag.apriltag]: camera_diag: img_age=0.065150s, ci_age=0.065150s, img_ci_skew=0.000000s, detect_ms=5.941467, raw_det=1, kept_det=1, tf=1, tf_children=[camera_color_optical_frame->base], img_frame=camera_color_optical_frame, ci_frame=camera_color_optical_frame
[INFO] [1783729451.823497095] [apriltag.apriltag]: camera_diag: img_age=0.065197s, ci_age=0.065197s, img_ci_skew=0.000000s, detect_ms=4.918451, raw_det=1, kept_det=1, tf=1, tf_children=[camera_color_optical_frame->base], img_frame=camera_color_optical_frame, ci_frame=camera_color_optical_frame
[INFO] [1783729452.824886671] [apriltag.apriltag]: camera_diag: img_age=0.065607s, ci_age=0.065607s, img_ci_skew=0.000000s, detect_ms=5.033474, raw_det=1, kept_det=1, tf=1, tf_children=[camera_color_optical_frame->base], img_frame=camera_color_optical_frame, ci_frame=camera_color_optical_frame
[INFO] [1783729453.824224460] [apriltag.apriltag]: camera_diag: img_age=0.065843s, ci_age=0.065843s, img_ci_skew=0.000000s, detect_ms=3.352328, raw_det=1, kept_det=1, tf=1, tf_children=[camera_color_optical_frame->base], img_frame=camera_color_optical_frame, ci_frame=camera_color_optical_frame
[INFO] [1783729454.827330649] [apriltag.apriltag]: camera_diag: img_age=0.065892s, ci_age=0.065892s, img_ci_skew=0.000000s, detect_ms=5.555152, raw_det=1, kept_det=1, tf=1, tf_children=[camera_color_optical_frame->base], img_frame=camera_color_optical_frame, ci_frame=camera_color_optical_frame
[INFO] [1783729455.826306730] [apriltag.apriltag]: camera_diag: img_age=0.065665s, ci_age=0.065665s, img_ci_skew=0.000000s, detect_ms=3.750652, raw_det=1, kept_det=1, tf=1, tf_children=[camera_color_optical_frame->base], img_frame=camera_color_optical_frame, ci_frame=camera_color_optical_frame
[INFO] [1783729456.829817264] [apriltag.apriltag]: camera_diag: img_age=0.065645s, ci_age=0.065645s, img_ci_skew=0.000000s, detect_ms=6.375912, raw_det=1, kept_det=1, tf=1, tf_children=[camera_color_optical_frame->base], img_frame=camera_color_optical_frame, ci_frame=camera_color_optical_frame
[INFO] [1783729457.899894345] [apriltag.apriltag]: camera_diag: img_age=0.065458s, ci_age=0.065458s, img_ci_skew=0.000000s, detect_ms=8.995760, raw_det=1, kept_det=1, tf=1, tf_children=[camera_color_optical_frame->base], img_frame=camera_color_optical_frame, ci_frame=camera_color_optical_frame
[INFO] [1783729460.171492103] [apriltag.apriltag]: camera_diag: img_age=0.065693s, ci_age=0.065693s, img_ci_skew=0.000000s, detect_ms=11.693231, raw_det=1, kept_det=1, tf=1, tf_children=[camera_color_optical_frame->bridge], img_frame=camera_color_optical_frame, ci_frame=camera_color_optical_frame
[INFO] [1783729486.460022424] [apriltag.apriltag]: camera_diag: img_age=0.068182s, ci_age=0.068182s, img_ci_skew=0.000000s, detect_ms=9.044346, raw_det=1, kept_det=1, tf=1, tf_children=[camera_color_optical_frame->limit_bar_right], img_frame=camera_color_optical_frame, ci_frame=camera_color_optical_frame
[INFO] [1783729487.528114380] [apriltag.apriltag]: camera_diag: img_age=0.070886s, ci_age=0.070886s, img_ci_skew=0.000000s, detect_ms=6.180623, raw_det=1, kept_det=1, tf=1, tf_children=[camera_color_optical_frame->limit_bar_right], img_frame=camera_color_optical_frame, ci_frame=camera_color_optical_frame
[INFO] [1783729488.594196460] [apriltag.apriltag]: camera_diag: img_age=0.067570s, ci_age=0.067570s, img_ci_skew=0.000000s, detect_ms=7.176662, raw_det=2, kept_det=2, tf=2, tf_children=[camera_color_optical_frame->object,camera_color_optical_frame->limit_bar_right], img_frame=camera_color_optical_frame, ci_frame=camera_color_optical_frame
[INFO] [1783729495.599642817] [apriltag.apriltag]: camera_diag: img_age=0.065999s, ci_age=0.065999s, img_ci_skew=0.000000s, detect_ms=4.293119, raw_det=1, kept_det=1, tf=1, tf_children=[camera_color_optical_frame->limit_bar_right], img_frame=camera_color_optical_frame, ci_frame=camera_color_optical_frame
[INFO] [1783729496.733912620] [apriltag.apriltag]: camera_diag: img_age=0.065733s, ci_age=0.065733s, img_ci_skew=0.000000s, detect_ms=4.057752, raw_det=1, kept_det=1, tf=1, tf_children=[camera_color_optical_frame->limit_bar_right], img_frame=camera_color_optical_frame, ci_frame=camera_color_optical_frame
[INFO] [1783729497.808288122] [apriltag.apriltag]: camera_diag: img_age=0.065553s, ci_age=0.065553s, img_ci_skew=0.000000s, detect_ms=10.066181, raw_det=1, kept_det=1, tf=1, tf_children=[camera_color_optical_frame->object], img_frame=camera_color_optical_frame, ci_frame=camera_color_optical_frame
[INFO] [1783729499.273345991] [apriltag.apriltag]: camera_diag: img_age=0.066532s, ci_age=0.066532s, img_ci_skew=0.000000s, detect_ms=6.210295, raw_det=1, kept_det=1, tf=1, tf_children=[camera_color_optical_frame->object], img_frame=camera_color_optical_frame, ci_frame=camera_color_optical_frame
[INFO] [1783729500.941691758] [apriltag.apriltag]: camera_diag: img_age=0.066305s, ci_age=0.066305s, img_ci_skew=0.000000s, detect_ms=6.151178, raw_det=1, kept_det=1, tf=1, tf_children=[camera_color_optical_frame->object], img_frame=camera_color_optical_frame, ci_frame=camera_color_optical_frame
[INFO] [1783729502.478581764] [apriltag.apriltag]: camera_diag: img_age=0.066193s, ci_age=0.066193s, img_ci_skew=0.000000s, detect_ms=8.116168, raw_det=1, kept_det=1, tf=1, tf_children=[camera_color_optical_frame->object], img_frame=camera_color_optical_frame, ci_frame=camera_color_optical_frame
[INFO] [1783729503.476064048] [apriltag.apriltag]: camera_diag: img_age=0.065907s, ci_age=0.065907s, img_ci_skew=0.000000s, detect_ms=4.748297, raw_det=1, kept_det=1, tf=1, tf_children=[camera_color_optical_frame->object], img_frame=camera_color_optical_frame, ci_frame=camera_color_optical_frame
[INFO] [1783729504.476845769] [apriltag.apriltag]: camera_diag: img_age=0.065555s, ci_age=0.065555s, img_ci_skew=0.000000s, detect_ms=4.738862, raw_det=1, kept_det=1, tf=1, tf_children=[camera_color_optical_frame->object], img_frame=camera_color_optical_frame, ci_frame=camera_color_optical_frame
[INFO] [1783729505.478682440] [apriltag.apriltag]: camera_diag: img_age=0.066553s, ci_age=0.066553s, img_ci_skew=0.000000s, detect_ms=4.401123, raw_det=1, kept_det=1, tf=1, tf_children=[camera_color_optical_frame->object], img_frame=camera_color_optical_frame, ci_frame=camera_color_optical_frame
[INFO] [1783729506.481054466] [apriltag.apriltag]: camera_diag: img_age=0.066397s, ci_age=0.066397s, img_ci_skew=0.000000s, detect_ms=5.861562, raw_det=1, kept_det=1, tf=1, tf_children=[camera_color_optical_frame->object], img_frame=camera_color_optical_frame, ci_frame=camera_color_optical_frame
[INFO] [1783729507.484569180] [apriltag.apriltag]: camera_diag: img_age=0.065736s, ci_age=0.065736s, img_ci_skew=0.000000s, detect_ms=9.032254, raw_det=1, kept_det=1, tf=1, tf_children=[camera_color_optical_frame->object], img_frame=camera_color_optical_frame, ci_frame=camera_color_optical_frame
[INFO] [1783729512.019729373] [apriltag.apriltag]: camera_diag: img_age=0.064939s, ci_age=0.064939s, img_ci_skew=0.000000s, detect_ms=5.792993, raw_det=1, kept_det=1, tf=1, tf_children=[camera_color_optical_frame->object], img_frame=camera_color_optical_frame, ci_frame=camera_color_optical_frame
[INFO] [1783729513.022529061] [apriltag.apriltag]: camera_diag: img_age=0.066243s, ci_age=0.066243s, img_ci_skew=0.000000s, detect_ms=6.530693, raw_det=1, kept_det=1, tf=1, tf_children=[camera_color_optical_frame->object], img_frame=camera_color_optical_frame, ci_frame=camera_color_optical_frame
[INFO] [1783729520.561085833] [apriltag.apriltag]: camera_diag: img_age=0.065917s, ci_age=0.065917s, img_ci_skew=0.000000s, detect_ms=5.678824, raw_det=1, kept_det=1, tf=1, tf_children=[camera_color_optical_frame->role], img_frame=camera_color_optical_frame, ci_frame=camera_color_optical_frame
[INFO] [1783729521.627708813] [apriltag.apriltag]: camera_diag: img_age=0.065825s, ci_age=0.065825s, img_ci_skew=0.000000s, detect_ms=4.641217, raw_det=1, kept_det=1, tf=1, tf_children=[camera_color_optical_frame->role], img_frame=camera_color_optical_frame, ci_frame=camera_color_optical_frame
[INFO] [1783729522.896525452] [apriltag.apriltag]: camera_diag: img_age=0.064503s, ci_age=0.064503s, img_ci_skew=0.000000s, detect_ms=5.429303, raw_det=1, kept_det=1, tf=1, tf_children=[camera_color_optical_frame->role], img_frame=camera_color_optical_frame, ci_frame=camera_color_optical_frame
[INFO] [1783729529.635780003] [apriltag.apriltag]: camera_diag: img_age=0.065188s, ci_age=0.065188s, img_ci_skew=0.000000s, detect_ms=5.062907, raw_det=1, kept_det=1, tf=1, tf_children=[camera_color_optical_frame->role], img_frame=camera_color_optical_frame, ci_frame=camera_color_optical_frame
[INFO] [1783729530.639439456] [apriltag.apriltag]: camera_diag: img_age=0.065452s, ci_age=0.065452s, img_ci_skew=0.000000s, detect_ms=7.608748, raw_det=1, kept_det=1, tf=1, tf_children=[camera_color_optical_frame->role], img_frame=camera_color_optical_frame, ci_frame=camera_color_optical_frame
[INFO] [1783729531.974301305] [apriltag.apriltag]: camera_diag: img_age=0.065902s, ci_age=0.065902s, img_ci_skew=0.000000s, detect_ms=7.756327, raw_det=1, kept_det=1, tf=1, tf_children=[camera_color_optical_frame->role], img_frame=camera_color_optical_frame, ci_frame=camera_color_optical_frame
[INFO] [1783729532.977456878] [apriltag.apriltag]: camera_diag: img_age=0.066109s, ci_age=0.066109s, img_ci_skew=0.000000s, detect_ms=8.936870, raw_det=1, kept_det=1, tf=1, tf_children=[camera_color_optical_frame->role], img_frame=camera_color_optical_frame, ci_frame=camera_color_optical_frame
[INFO] [1783729534.041632178] [apriltag.apriltag]: camera_diag: img_age=0.065971s, ci_age=0.065971s, img_ci_skew=0.000000s, detect_ms=6.806994, raw_det=1, kept_det=1, tf=1, tf_children=[camera_color_optical_frame->role], img_frame=camera_color_optical_frame, ci_frame=camera_color_optical_frame
[INFO] [1783729535.043030052] [apriltag.apriltag]: camera_diag: img_age=0.067020s, ci_age=0.067020s, img_ci_skew=0.000000s, detect_ms=6.285178, raw_det=1, kept_det=1, tf=1, tf_children=[camera_color_optical_frame->role], img_frame=camera_color_optical_frame, ci_frame=camera_color_optical_frame
[INFO] [1783729536.043476708] [apriltag.apriltag]: camera_diag: img_age=0.066697s, ci_age=0.066697s, img_ci_skew=0.000000s, detect_ms=6.222679, raw_det=1, kept_det=1, tf=1, tf_children=[camera_color_optical_frame->role], img_frame=camera_color_optical_frame, ci_frame=camera_color_optical_frame
[INFO] [1783729537.043227582] [apriltag.apriltag]: camera_diag: img_age=0.066662s, ci_age=0.066662s, img_ci_skew=0.000000s, detect_ms=5.077794, raw_det=1, kept_det=1, tf=1, tf_children=[camera_color_optical_frame->role], img_frame=camera_color_optical_frame, ci_frame=camera_color_optical_frame
[INFO] [1783729538.044518440] [apriltag.apriltag]: camera_diag: img_age=0.066497s, ci_age=0.066497s, img_ci_skew=0.000000s, detect_ms=5.787254, raw_det=1, kept_det=1, tf=1, tf_children=[camera_color_optical_frame->role], img_frame=camera_color_optical_frame, ci_frame=camera_color_optical_frame
[INFO] [1783729559.866192153] [apriltag.apriltag]: camera_diag: img_age=0.065107s, ci_age=0.065107s, img_ci_skew=0.000000s, detect_ms=8.168758, raw_det=1, kept_det=1, tf=1, tf_children=[camera_color_optical_frame->hurdle_right], img_frame=camera_color_optical_frame, ci_frame=camera_color_optical_frame
[INFO] [1783729561.398330134] [apriltag.apriltag]: camera_diag: img_age=0.065276s, ci_age=0.065276s, img_ci_skew=0.000000s, detect_ms=5.847028, raw_det=1, kept_det=1, tf=1, tf_children=[camera_color_optical_frame->hurdle_right], img_frame=camera_color_optical_frame, ci_frame=camera_color_optical_frame
[INFO] [1783729562.666670163] [apriltag.apriltag]: camera_diag: img_age=0.066236s, ci_age=0.066236s, img_ci_skew=0.000000s, detect_ms=5.793202, raw_det=1, kept_det=1, tf=1, tf_children=[camera_color_optical_frame->hurdle_right], img_frame=camera_color_optical_frame, ci_frame=camera_color_optical_frame
[INFO] [1783729568.204961309] [apriltag.apriltag]: camera_diag: img_age=0.066843s, ci_age=0.066843s, img_ci_skew=0.000000s, detect_ms=6.538401, raw_det=1, kept_det=1, tf=1, tf_children=[camera_color_optical_frame->hurdle_right], img_frame=camera_color_optical_frame, ci_frame=camera_color_optical_frame
[INFO] [1783729569.475859344] [apriltag.apriltag]: camera_diag: img_age=0.069344s, ci_age=0.069344s, img_ci_skew=0.000000s, detect_ms=6.959569, raw_det=1, kept_det=1, tf=1, tf_children=[camera_color_optical_frame->hurdle_right], img_frame=camera_color_optical_frame, ci_frame=camera_color_optical_frame
[INFO] [1783729572.076392250] [apriltag.apriltag]: camera_diag: img_age=0.065314s, ci_age=0.065314s, img_ci_skew=0.000000s, detect_ms=7.704171, raw_det=1, kept_det=0, tf=0, tf_children=[none], img_frame=camera_color_optical_frame, ci_frame=camera_color_optical_frame
[INFO] [1783729573.476307545] [apriltag.apriltag]: camera_diag: img_age=0.064926s, ci_age=0.064926s, img_ci_skew=0.000000s, detect_ms=5.674589, raw_det=1, kept_det=1, tf=1, tf_children=[camera_color_optical_frame->upstairs], img_frame=camera_color_optical_frame, ci_frame=camera_color_optical_frame
[INFO] [1783729574.475422741] [apriltag.apriltag]: camera_diag: img_age=0.064424s, ci_age=0.064424s, img_ci_skew=0.000000s, detect_ms=4.703956, raw_det=1, kept_det=1, tf=1, tf_children=[camera_color_optical_frame->upstairs], img_frame=camera_color_optical_frame, ci_frame=camera_color_optical_frame
[INFO] [1783729582.019157284] [apriltag.apriltag]: camera_diag: img_age=0.066680s, ci_age=0.066680s, img_ci_skew=0.000000s, detect_ms=7.904841, raw_det=1, kept_det=1, tf=1, tf_children=[camera_color_optical_frame->upstairs], img_frame=camera_color_optical_frame, ci_frame=camera_color_optical_frame
[INFO] [1783729583.084226796] [apriltag.apriltag]: camera_diag: img_age=0.066169s, ci_age=0.066169s, img_ci_skew=0.000000s, detect_ms=6.377503, raw_det=1, kept_det=1, tf=1, tf_children=[camera_color_optical_frame->upstairs], img_frame=camera_color_optical_frame, ci_frame=camera_color_optical_frame
