[INFO] [1784101173.798522360] [behavior_server]: 
	behavior_server lifecycle node launched. 
	Waiting on external lifecycle transitions to activate
	See https://design.ros2.org/articles/node_lifecycle.html for more information.
[INFO] [1784101173.969649999] [behavior_server]: Configuring
[INFO] [1784101173.974559635] [behavior_server]: Creating behavior plugin spin of type nav2_behaviors/Spin
[INFO] [1784101173.975619542] [behavior_server]: Configuring spin
[INFO] [1784101173.978638878] [behavior_server]: Creating behavior plugin backup of type nav2_behaviors/BackUp
[INFO] [1784101173.979665012] [behavior_server]: Configuring backup
[INFO] [1784101173.981857821] [behavior_server]: Creating behavior plugin drive_on_heading of type nav2_behaviors/DriveOnHeading
[INFO] [1784101173.982888385] [behavior_server]: Configuring drive_on_heading
[INFO] [1784101173.985083968] [behavior_server]: Creating behavior plugin wait of type nav2_behaviors/Wait
[INFO] [1784101173.986082486] [behavior_server]: Configuring wait
[INFO] [1784101176.014040261] [behavior_server]: Activating
[INFO] [1784101176.014078230] [behavior_server]: Activating spin
[INFO] [1784101176.014091868] [behavior_server]: Activating backup
[INFO] [1784101176.014102091] [behavior_server]: Activating drive_on_heading
[INFO] [1784101176.014112081] [behavior_server]: Activating wait
[INFO] [1784101176.014125030] [behavior_server]: Creating bond (behavior_server) to lifecycle manager.
[INFO] [1784101300.021477935] [behavior_server]: Running spin
[INFO] [1784101300.021588171] [behavior_server]: Turning 1.57 for spin behavior.
[WARN] [1784101310.021673371] [behavior_server]: Exceeded time allowance before reaching the Spin goal - Exiting Spin
[WARN] [1784101310.021708433] [behavior_server]: spin failed
[WARN] [1784101310.021720112] [behavior_server]: [spin] [ActionServer] Aborting handle.
[INFO] [1784101310.121330983] [behavior_server]: Running wait
[INFO] [1784101315.121477686] [behavior_server]: wait completed successfully
[INFO] [1784101316.021334771] [behavior_server]: Running backup
[INFO] [1784101316.021449224] [behavior_server]: DriveOnHeading: no acceleration or deceleration limits set
[INFO] [1784101319.521505678] [behavior_server]: backup completed successfully
[INFO] [1784101321.021282663] [behavior_server]: Running spin
[INFO] [1784101321.021353273] [behavior_server]: Turning 1.57 for spin behavior.
[WARN] [1784101331.021433688] [behavior_server]: Exceeded time allowance before reaching the Spin goal - Exiting Spin
[WARN] [1784101331.021468524] [behavior_server]: spin failed
[WARN] [1784101331.021476206] [behavior_server]: [spin] [ActionServer] Aborting handle.
[INFO] [1784101331.121231449] [behavior_server]: Running wait
[INFO] [1784101336.121365336] [behavior_server]: wait completed successfully
[INFO] [1784101417.871404785] [behavior_server]: Running backup
[INFO] [1784101418.071603161] [behavior_server]: backup completed successfully
