[INFO] [1783998428.029398395] [behavior_server]: 
	behavior_server lifecycle node launched. 
	Waiting on external lifecycle transitions to activate
	See https://design.ros2.org/articles/node_lifecycle.html for more information.
[INFO] [1783998428.219708455] [behavior_server]: Configuring
[INFO] [1783998428.225054924] [behavior_server]: Creating behavior plugin spin of type nav2_behaviors/Spin
[INFO] [1783998428.226118424] [behavior_server]: Configuring spin
[INFO] [1783998428.229078490] [behavior_server]: Creating behavior plugin backup of type nav2_behaviors/BackUp
[INFO] [1783998428.230168102] [behavior_server]: Configuring backup
[INFO] [1783998428.232508962] [behavior_server]: Creating behavior plugin drive_on_heading of type nav2_behaviors/DriveOnHeading
[INFO] [1783998428.233663611] [behavior_server]: Configuring drive_on_heading
[INFO] [1783998428.236803304] [behavior_server]: Creating behavior plugin wait of type nav2_behaviors/Wait
[INFO] [1783998428.237819432] [behavior_server]: Configuring wait
[INFO] [1783998429.774109497] [behavior_server]: Activating
[INFO] [1783998429.774144867] [behavior_server]: Activating spin
[INFO] [1783998429.774158615] [behavior_server]: Activating backup
[INFO] [1783998429.774166760] [behavior_server]: Activating drive_on_heading
[INFO] [1783998429.774175245] [behavior_server]: Activating wait
[INFO] [1783998429.774187526] [behavior_server]: Creating bond (behavior_server) to lifecycle manager.
[INFO] [1783998586.291610539] [behavior_server]: Running spin
[INFO] [1783998586.291731608] [behavior_server]: Turning 1.57 for spin behavior.
[WARN] [1783998596.291828657] [behavior_server]: Exceeded time allowance before reaching the Spin goal - Exiting Spin
[WARN] [1783998596.291873251] [behavior_server]: spin failed
[WARN] [1783998596.291888793] [behavior_server]: [spin] [ActionServer] Aborting handle.
[INFO] [1783998596.391951416] [behavior_server]: Running wait
[INFO] [1783998601.392932195] [behavior_server]: wait completed successfully
[INFO] [1783998602.291513921] [behavior_server]: Running backup
[INFO] [1783998602.291620686] [behavior_server]: DriveOnHeading: no acceleration or deceleration limits set
[INFO] [1783998611.191702809] [behavior_server]: backup completed successfully
[INFO] [1783998612.791398856] [behavior_server]: Running spin
[INFO] [1783998612.791470023] [behavior_server]: Turning 1.57 for spin behavior.
[WARN] [1783998622.791549135] [behavior_server]: Exceeded time allowance before reaching the Spin goal - Exiting Spin
[WARN] [1783998622.791584021] [behavior_server]: spin failed
[WARN] [1783998622.791591529] [behavior_server]: [spin] [ActionServer] Aborting handle.
[INFO] [1783998622.891394030] [behavior_server]: Running wait
[INFO] [1783998627.891548814] [behavior_server]: wait completed successfully
[INFO] [1783998628.791386424] [behavior_server]: Running backup
[INFO] [1783998630.791582922] [behavior_server]: backup completed successfully
