[INFO] [1783752845.433351282] [behavior_server]: 
	behavior_server lifecycle node launched. 
	Waiting on external lifecycle transitions to activate
	See https://design.ros2.org/articles/node_lifecycle.html for more information.
[INFO] [1783752845.651495021] [behavior_server]: Configuring
[INFO] [1783752845.656844383] [behavior_server]: Creating behavior plugin spin of type nav2_behaviors/Spin
[INFO] [1783752845.658189271] [behavior_server]: Configuring spin
[INFO] [1783752845.662472950] [behavior_server]: Creating behavior plugin backup of type nav2_behaviors/BackUp
[INFO] [1783752845.663965267] [behavior_server]: Configuring backup
[INFO] [1783752845.668244362] [behavior_server]: Creating behavior plugin drive_on_heading of type nav2_behaviors/DriveOnHeading
[INFO] [1783752845.669328315] [behavior_server]: Configuring drive_on_heading
[INFO] [1783752845.672072757] [behavior_server]: Creating behavior plugin wait of type nav2_behaviors/Wait
[INFO] [1783752845.673172018] [behavior_server]: Configuring wait
[INFO] [1783752847.232226777] [behavior_server]: Activating
[INFO] [1783752847.232274696] [behavior_server]: Activating spin
[INFO] [1783752847.232290201] [behavior_server]: Activating backup
[INFO] [1783752847.232300203] [behavior_server]: Activating drive_on_heading
[INFO] [1783752847.232309585] [behavior_server]: Activating wait
[INFO] [1783752847.232321779] [behavior_server]: Creating bond (behavior_server) to lifecycle manager.
[INFO] [1783752942.767642519] [behavior_server]: Running spin
[INFO] [1783752942.767758115] [behavior_server]: Turning 1.57 for spin behavior.
[WARN] [1783752944.467924529] [behavior_server]: Collision Ahead - Exiting Spin
[WARN] [1783752944.467956499] [behavior_server]: spin failed
[WARN] [1783752944.467966429] [behavior_server]: [spin] [ActionServer] Aborting handle.
[INFO] [1783752944.617655800] [behavior_server]: Running wait
[INFO] [1783752949.618069583] [behavior_server]: wait completed successfully
[INFO] [1783752951.768002258] [behavior_server]: Running backup
[INFO] [1783752951.768139705] [behavior_server]: DriveOnHeading: no acceleration or deceleration limits set
[INFO] [1783752952.268212126] [behavior_server]: backup completed successfully
[INFO] [1783752988.469618875] [behavior_server]: Running spin
[INFO] [1783752988.469725259] [behavior_server]: Turning 1.57 for spin behavior.
[WARN] [1783752988.569949243] [behavior_server]: Collision Ahead - Exiting Spin
[WARN] [1783752988.569983278] [behavior_server]: spin failed
[WARN] [1783752988.570000012] [behavior_server]: [spin] [ActionServer] Aborting handle.
[INFO] [1783752988.717533733] [behavior_server]: Running wait
[INFO] [1783752993.717694643] [behavior_server]: wait completed successfully
[INFO] [1783753018.367482342] [behavior_server]: Running backup
[WARN] [1783753018.467730330] [behavior_server]: Collision Ahead - Exiting DriveOnHeading
[WARN] [1783753018.467773835] [behavior_server]: backup failed
[WARN] [1783753018.467782856] [behavior_server]: [backup] [ActionServer] Aborting handle.
