[INFO] [1784186854.409588379] [behavior_server]: 
	behavior_server lifecycle node launched. 
	Waiting on external lifecycle transitions to activate
	See https://design.ros2.org/articles/node_lifecycle.html for more information.
[INFO] [1784186854.526892179] [behavior_server]: Configuring
[INFO] [1784186854.531791955] [behavior_server]: Creating behavior plugin spin of type nav2_behaviors/Spin
[INFO] [1784186854.532946327] [behavior_server]: Configuring spin
[INFO] [1784186854.536490733] [behavior_server]: Creating behavior plugin backup of type nav2_behaviors/BackUp
[INFO] [1784186854.537532020] [behavior_server]: Configuring backup
[INFO] [1784186854.540019319] [behavior_server]: Creating behavior plugin drive_on_heading of type nav2_behaviors/DriveOnHeading
[INFO] [1784186854.541063190] [behavior_server]: Configuring drive_on_heading
[INFO] [1784186854.543165881] [behavior_server]: Creating behavior plugin wait of type nav2_behaviors/Wait
[INFO] [1784186854.544210939] [behavior_server]: Configuring wait
[INFO] [1784186857.116749092] [behavior_server]: Activating
[INFO] [1784186857.116789174] [behavior_server]: Activating spin
[INFO] [1784186857.116804660] [behavior_server]: Activating backup
[INFO] [1784186857.116815796] [behavior_server]: Activating drive_on_heading
[INFO] [1784186857.116825621] [behavior_server]: Activating wait
[INFO] [1784186857.116840025] [behavior_server]: Creating bond (behavior_server) to lifecycle manager.
[INFO] [1784187013.881969505] [behavior_server]: Running spin
[INFO] [1784187013.882093472] [behavior_server]: Turning 1.57 for spin behavior.
