[INFO] [1783994861.981989398] [behavior_server]: 
	behavior_server lifecycle node launched. 
	Waiting on external lifecycle transitions to activate
	See https://design.ros2.org/articles/node_lifecycle.html for more information.
[INFO] [1783994862.176639384] [behavior_server]: Configuring
[INFO] [1783994862.182748843] [behavior_server]: Creating behavior plugin spin of type nav2_behaviors/Spin
[INFO] [1783994862.184472137] [behavior_server]: Configuring spin
[INFO] [1783994862.189278623] [behavior_server]: Creating behavior plugin backup of type nav2_behaviors/BackUp
[INFO] [1783994862.190354889] [behavior_server]: Configuring backup
[INFO] [1783994862.193110732] [behavior_server]: Creating behavior plugin drive_on_heading of type nav2_behaviors/DriveOnHeading
[INFO] [1783994862.194419568] [behavior_server]: Configuring drive_on_heading
[INFO] [1783994862.198220573] [behavior_server]: Creating behavior plugin wait of type nav2_behaviors/Wait
[INFO] [1783994862.199279197] [behavior_server]: Configuring wait
[INFO] [1783994863.796640118] [behavior_server]: Activating
[INFO] [1783994863.796678875] [behavior_server]: Activating spin
[INFO] [1783994863.796693333] [behavior_server]: Activating backup
[INFO] [1783994863.796703185] [behavior_server]: Activating drive_on_heading
[INFO] [1783994863.796720829] [behavior_server]: Activating wait
[INFO] [1783994863.796733316] [behavior_server]: Creating bond (behavior_server) to lifecycle manager.
[INFO] [1783995013.823230083] [behavior_server]: Running spin
[INFO] [1783995013.823415581] [behavior_server]: Turning 1.57 for spin behavior.
[WARN] [1783995023.823522149] [behavior_server]: Exceeded time allowance before reaching the Spin goal - Exiting Spin
[WARN] [1783995023.823562950] [behavior_server]: spin failed
[WARN] [1783995023.823575605] [behavior_server]: [spin] [ActionServer] Aborting handle.
[INFO] [1783995023.918857542] [behavior_server]: Running wait
[INFO] [1783995028.919018435] [behavior_server]: wait completed successfully
[INFO] [1783995029.768768350] [behavior_server]: Running backup
[INFO] [1783995029.768881848] [behavior_server]: DriveOnHeading: no acceleration or deceleration limits set
[INFO] [1783995031.668957624] [behavior_server]: backup completed successfully
[INFO] [1783995033.268784208] [behavior_server]: Running spin
[INFO] [1783995033.268847144] [behavior_server]: Turning 1.57 for spin behavior.
[WARN] [1783995043.268930912] [behavior_server]: Exceeded time allowance before reaching the Spin goal - Exiting Spin
[WARN] [1783995043.268976155] [behavior_server]: spin failed
[WARN] [1783995043.268986139] [behavior_server]: [spin] [ActionServer] Aborting handle.
[INFO] [1783995043.368667850] [behavior_server]: Running wait
[INFO] [1783995048.368802110] [behavior_server]: wait completed successfully
[INFO] [1783995049.268760023] [behavior_server]: Running backup
[INFO] [1783995059.168953445] [behavior_server]: backup completed successfully
[INFO] [1783995156.998921357] [behavior_server]: Running spin
[INFO] [1783995156.998987720] [behavior_server]: Turning 1.57 for spin behavior.
[WARN] [1783995157.699237443] [behavior_server]: Collision Ahead - Exiting Spin
[WARN] [1783995157.699283377] [behavior_server]: spin failed
[WARN] [1783995157.699293821] [behavior_server]: [spin] [ActionServer] Aborting handle.
[INFO] [1783995157.800529465] [behavior_server]: Running wait
[INFO] [1783995162.800736938] [behavior_server]: wait completed successfully
[INFO] [1783995187.398873274] [behavior_server]: Running backup
[WARN] [1783995187.399029549] [behavior_server]: Collision Ahead - Exiting DriveOnHeading
[WARN] [1783995187.399042752] [behavior_server]: backup failed
[WARN] [1783995187.399049487] [behavior_server]: [backup] [ActionServer] Aborting handle.
[INFO] [1783995212.049048164] [behavior_server]: Running spin
[INFO] [1783995212.049126094] [behavior_server]: Turning 1.57 for spin behavior.
[WARN] [1783995222.049217171] [behavior_server]: Exceeded time allowance before reaching the Spin goal - Exiting Spin
[WARN] [1783995222.049251927] [behavior_server]: spin failed
[WARN] [1783995222.049260471] [behavior_server]: [spin] [ActionServer] Aborting handle.
[INFO] [1783995222.148909946] [behavior_server]: Running wait
[INFO] [1783995227.149071088] [behavior_server]: wait completed successfully
[INFO] [1783995251.749649622] [behavior_server]: Running backup
[WARN] [1783995251.749829197] [behavior_server]: Collision Ahead - Exiting DriveOnHeading
[WARN] [1783995251.749845083] [behavior_server]: backup failed
[WARN] [1783995251.749851921] [behavior_server]: [backup] [ActionServer] Aborting handle.
[INFO] [1783995276.549098198] [behavior_server]: Running spin
[INFO] [1783995276.549205796] [behavior_server]: Turning 1.57 for spin behavior.
[WARN] [1783995286.549303089] [behavior_server]: Exceeded time allowance before reaching the Spin goal - Exiting Spin
[WARN] [1783995286.549348059] [behavior_server]: spin failed
[WARN] [1783995286.549358309] [behavior_server]: [spin] [ActionServer] Aborting handle.
[INFO] [1783995286.648928916] [behavior_server]: Running wait
[INFO] [1783995291.649104956] [behavior_server]: wait completed successfully
