[INFO] [1784090641.835720785] [bt_navigator]: 
	bt_navigator lifecycle node launched. 
	Waiting on external lifecycle transitions to activate
	See https://design.ros2.org/articles/node_lifecycle.html for more information.
[INFO] [1784090641.835845894] [bt_navigator]: Creating
[INFO] [1784090642.468329108] [bt_navigator]: Configuring
[INFO] [1784090645.140921349] [bt_navigator]: Activating
[INFO] [1784090645.475985506] [bt_navigator]: Creating bond (bt_navigator) to lifecycle manager.
[INFO] [1784090663.226549381] [bt_navigator]: Begin navigating from current location (-0.09, 1.70) to (-0.05, 3.48)
[WARN] [1784090693.530040962] [BehaviorTreeEngine]: Behavior Tree tick rate 20.00 was exceeded!
[WARN] [1784090776.527949033] [BehaviorTreeEngine]: Behavior Tree tick rate 20.00 was exceeded!
[INFO] [1784090804.226730720] [bt_navigator]: Received goal preemption request
[INFO] [1784090804.226898854] [bt_navigator]: Begin navigating from current location (-1.88, -8.66) to (-1.29, -8.21)
[INFO] [1784090807.526735175] [bt_navigator]: Received goal preemption request
[INFO] [1784090807.526864028] [bt_navigator]: Begin navigating from current location (-0.96, -8.27) to (-0.68, -9.30)
[INFO] [1784090811.226735860] [bt_navigator]: Received goal preemption request
[INFO] [1784090811.227101478] [bt_navigator]: Begin navigating from current location (-0.11, -9.13) to (0.27, -8.71)
[INFO] [1784090814.626853082] [bt_navigator]: Received goal preemption request
[INFO] [1784090814.627058056] [bt_navigator]: Begin navigating from current location (0.27, -8.44) to (-0.92, -8.02)
[INFO] [1784090819.026709393] [bt_navigator]: Received goal preemption request
[INFO] [1784090819.026850138] [bt_navigator]: Begin navigating from current location (-0.79, -7.37) to (0.11, -6.94)
[INFO] [1784090822.726707570] [bt_navigator]: Received goal preemption request
[INFO] [1784090822.726840855] [bt_navigator]: Begin navigating from current location (0.09, -6.49) to (-0.31, -6.39)
[WARN] [1784090911.926699530] [bt_navigator]: [navigate_to_pose] [ActionServer] Aborting handle.
[ERROR] [1784090911.926798307] [bt_navigator]: Goal failed
