[INFO] [1784183039.479126016] [cmd_vel_to_serial]: Fixed step overrides enabled: [mode=1, left_norm=1, right_norm=1] [mode=6, left_norm=-0.35, right_norm=0.6]
[INFO] [1784183039.553695149] [cmd_vel_to_serial]: serial start signal RX enabled. token=[start] topic=/motion_bridge/start_signal case_sensitive=false
[INFO] [1784183039.553752649] [cmd_vel_to_serial]: serial finish signal RX enabled. token=[finish] topic=/motion_bridge/finish_signal case_sensitive=false
[INFO] [1784183039.553759926] [cmd_vel_to_serial]: serial action ack RX enabled. jumping_token=[jumping] topic=/motion_bridge/action_ack
[INFO] [1784183039.553767351] [cmd_vel_to_serial]: [1;36mcmd_vel->serial bridge started. device=/dev/ttyUSB0 baud=115200 step_frequency=27.000 Hz default_mode=0 mode_topic=/dog_mode_current mode_echo_topic=/dog_mode_feedback/current odom_y_correction=disabled path_lateral_correction=enabled path_yaw_correction=enabled crouch_yaw_correction=disabled pose_yaw_offset=90.0deg[0m
[INFO] [1784183039.553782786] [cmd_vel_to_serial]: path lateral step correction enabled. odom_topic=/Odometry goal_topic=/goal_pose path_reference_topic=/serial_path_reference modes=3 deadband=0.050 m gain=0.800 norm/m max=0.180 sign=-1 stale_timeout=0.50 s
[INFO] [1784183039.553796301] [cmd_vel_to_serial]: path reference explicit start enabled. topic=/serial_path_reference_start timeout=0.50 s
[INFO] [1784183039.553803063] [cmd_vel_to_serial]: uphill path lateral correction override enabled. deadband=0.030 m gain=1.200 norm/m max=0.240 sign=-1 max_wz=1.200 rad/s
[INFO] [1784183039.553811854] [cmd_vel_to_serial]: path yaw correction enabled. odom_topic=/Odometry goal_topic=/goal_pose path_reference_topic=/serial_path_reference modes=1 deadband=5.00 deg gain=1.000 norm/rad max=0.200 stale_timeout=0.50 s profile_topic=/race_manager/path_correction_profile default_profile=0 new_goal_delay=0.10 s
[INFO] [1784183039.553822566] [cmd_vel_to_serial]: uphill path yaw correction override enabled. modes=1 deadband=3.00 deg gain=1.500 norm/rad max=0.300 max_wz=1.200 rad/s
[INFO] [1784183039.553830712] [cmd_vel_to_serial]: same-direction turn enabled. modes=3 min_wz=0.150 rad/s min_norm=0.040
[INFO] [1784183039.553837795] [cmd_vel_to_serial]: step override small opposite-sign shaping enabled. modes=1 small_norm=0.150 large_norm=0.200
[INFO] [1784183039.553844711] [cmd_vel_to_serial]: cmd_vel small opposite-sign shaping enabled. modes=1 small_norm=0.180 large_norm=0.200
[INFO] [1784183039.553851439] [cmd_vel_to_serial]: minimum output step norm enabled. modes=1 min_norm=0.100 override_modes=2
[INFO] [1784183039.553858285] [cmd_vel_to_serial]: uphill segment step floor enabled. modes=2 min_norm=0.800 goal_distance_min=0.60 m max_wz=1.200 forward_only=true state_topic=/race_manager/uphill_step_floor_enabled
[INFO] [1784183039.554162069] [cmd_vel_to_serial]: uphill roll step floor enabled. modes=2 min_roll=2.00 deg use_abs_roll=true min_norm=0.700 max_wz=1.200 require_segment=true state_topic=/race_manager/uphill_step_floor_enabled
[INFO] [1784183039.554175125] [cmd_vel_to_serial]: fixed step override runtime state topic=/motion_bridge/fixed_step_override_enabled initial=true
[INFO] [1784183039.554181564] [cmd_vel_to_serial]: direct step override enabled. topic=/serial_step_override timeout=1.00 s one_shot_topic=/serial_step_once
[INFO] [1784183040.480182176] [cmd_vel_to_serial]: Opened serial device /dev/ttyUSB0
[INFO] [1784183040.480308499] [cmd_vel_to_serial]: [0;96mserial tx: [0,0.000,0.000]
[0m
[INFO] [1784183040.480323967] [cmd_vel_to_serial]: [1;33mstep_debug mode=0 vx=0.000 wz=0.000 left_m=0.0000 right_m=0.0000 fwd_m=0.0000 step_yaw=0.0000 left_norm=0.000 right_norm=0.000 odom_y=-0.002 odom_roll=1.7deg goal_y_err=0.000 odom_corr=0.000 odom_corr_applied=false path_lat_err=0.000 path_corr=0.000 path_corr_applied=false path_yaw_err=0.0deg path_yaw_corr=0.000 path_yaw_applied=false path_profile=0 crouch_yaw_err=0.0deg crouch_yaw_corr=0.000 crouch_yaw_applied=false crouch_fwd_bias=0.000 crouch_fwd_applied=false same_dir_turn=false opp_turn_shape=false uphill_segment=false uphill_seg_floor=false uphill_roll_floor=false min_step_floor=false override=false timeout=true serial=[0,0.000,0.000]
[0m
[INFO] [1784183042.516426194] [cmd_vel_to_serial]: [0;96mserial tx: [0,0.000,0.000]
[0m
[INFO] [1784183043.516324836] [cmd_vel_to_serial]: [1;35mstep_debug mode=0 vx=0.000 wz=0.000 left_m=0.0000 right_m=0.0000 fwd_m=0.0000 step_yaw=0.0000 left_norm=0.000 right_norm=0.000 odom_y=-0.002 odom_roll=1.7deg goal_y_err=0.000 odom_corr=0.000 odom_corr_applied=false path_lat_err=0.000 path_corr=0.000 path_corr_applied=false path_yaw_err=0.0deg path_yaw_corr=0.000 path_yaw_applied=false path_profile=0 crouch_yaw_err=0.0deg crouch_yaw_corr=0.000 crouch_yaw_applied=false crouch_fwd_bias=0.000 crouch_fwd_applied=false same_dir_turn=false opp_turn_shape=false uphill_segment=false uphill_seg_floor=false uphill_roll_floor=false min_step_floor=false override=true timeout=false serial=[0,0.000,0.000]
[0m
[INFO] [1784183044.553822463] [cmd_vel_to_serial]: [0;96mserial tx: [0,0.000,0.000]
[0m
[INFO] [1784183046.553039887] [cmd_vel_to_serial]: [1;35mstep_debug mode=0 vx=0.000 wz=0.000 left_m=0.0000 right_m=0.0000 fwd_m=0.0000 step_yaw=0.0000 left_norm=0.000 right_norm=0.000 odom_y=0.006 odom_roll=1.7deg goal_y_err=0.000 odom_corr=0.000 odom_corr_applied=false path_lat_err=0.000 path_corr=0.000 path_corr_applied=false path_yaw_err=0.0deg path_yaw_corr=0.000 path_yaw_applied=false path_profile=0 crouch_yaw_err=0.0deg crouch_yaw_corr=0.000 crouch_yaw_applied=false crouch_fwd_bias=0.000 crouch_fwd_applied=false same_dir_turn=false opp_turn_shape=false uphill_segment=false uphill_seg_floor=false uphill_roll_floor=false min_step_floor=false override=true timeout=false serial=[0,0.000,0.000]
[0m
[INFO] [1784183046.590048991] [cmd_vel_to_serial]: [0;96mserial tx: [0,0.000,0.000]
[0m
[INFO] [1784183048.626856966] [cmd_vel_to_serial]: [0;96mserial tx: [0,0.000,0.000]
[0m
[INFO] [1784183049.589755069] [cmd_vel_to_serial]: [1;35mstep_debug mode=0 vx=0.000 wz=0.000 left_m=0.0000 right_m=0.0000 fwd_m=0.0000 step_yaw=0.0000 left_norm=0.000 right_norm=0.000 odom_y=-0.002 odom_roll=1.7deg goal_y_err=0.000 odom_corr=0.000 odom_corr_applied=false path_lat_err=0.000 path_corr=0.000 path_corr_applied=false path_yaw_err=0.0deg path_yaw_corr=0.000 path_yaw_applied=false path_profile=0 crouch_yaw_err=0.0deg crouch_yaw_corr=0.000 crouch_yaw_applied=false crouch_fwd_bias=0.000 crouch_fwd_applied=false same_dir_turn=false opp_turn_shape=false uphill_segment=false uphill_seg_floor=false uphill_roll_floor=false min_step_floor=false override=true timeout=false serial=[0,0.000,0.000]
[0m
[INFO] [1784183050.663675200] [cmd_vel_to_serial]: [0;96mserial tx: [0,0.000,0.000]
[0m
[INFO] [1784183052.626468931] [cmd_vel_to_serial]: [1;35mstep_debug mode=0 vx=0.000 wz=0.000 left_m=0.0000 right_m=0.0000 fwd_m=0.0000 step_yaw=0.0000 left_norm=0.000 right_norm=0.000 odom_y=-0.005 odom_roll=1.8deg goal_y_err=0.000 odom_corr=0.000 odom_corr_applied=false path_lat_err=0.000 path_corr=0.000 path_corr_applied=false path_yaw_err=0.0deg path_yaw_corr=0.000 path_yaw_applied=false path_profile=0 crouch_yaw_err=0.0deg crouch_yaw_corr=0.000 crouch_yaw_applied=false crouch_fwd_bias=0.000 crouch_fwd_applied=false same_dir_turn=false opp_turn_shape=false uphill_segment=false uphill_seg_floor=false uphill_roll_floor=false min_step_floor=false override=true timeout=false serial=[0,0.000,0.000]
[0m
[INFO] [1784183052.700531346] [cmd_vel_to_serial]: [0;96mserial tx: [0,0.000,0.000]
[0m
[INFO] [1784183054.737353180] [cmd_vel_to_serial]: [0;96mserial tx: [0,0.000,0.000]
[0m
[INFO] [1784183055.663219508] [cmd_vel_to_serial]: [1;35mstep_debug mode=0 vx=0.000 wz=0.000 left_m=0.0000 right_m=0.0000 fwd_m=0.0000 step_yaw=0.0000 left_norm=0.000 right_norm=0.000 odom_y=-0.002 odom_roll=1.7deg goal_y_err=0.000 odom_corr=0.000 odom_corr_applied=false path_lat_err=0.000 path_corr=0.000 path_corr_applied=false path_yaw_err=0.0deg path_yaw_corr=0.000 path_yaw_applied=false path_profile=0 crouch_yaw_err=0.0deg crouch_yaw_corr=0.000 crouch_yaw_applied=false crouch_fwd_bias=0.000 crouch_fwd_applied=false same_dir_turn=false opp_turn_shape=false uphill_segment=false uphill_seg_floor=false uphill_roll_floor=false min_step_floor=false override=true timeout=false serial=[0,0.000,0.000]
[0m
[INFO] [1784183056.774233718] [cmd_vel_to_serial]: [0;96mserial tx: [0,0.000,0.000]
[0m
[INFO] [1784183058.700054721] [cmd_vel_to_serial]: [1;35mstep_debug mode=0 vx=0.000 wz=0.000 left_m=0.0000 right_m=0.0000 fwd_m=0.0000 step_yaw=0.0000 left_norm=0.000 right_norm=0.000 odom_y=0.001 odom_roll=1.7deg goal_y_err=0.000 odom_corr=0.000 odom_corr_applied=false path_lat_err=0.000 path_corr=0.000 path_corr_applied=false path_yaw_err=0.0deg path_yaw_corr=0.000 path_yaw_applied=false path_profile=0 crouch_yaw_err=0.0deg crouch_yaw_corr=0.000 crouch_yaw_applied=false crouch_fwd_bias=0.000 crouch_fwd_applied=false same_dir_turn=false opp_turn_shape=false uphill_segment=false uphill_seg_floor=false uphill_roll_floor=false min_step_floor=false override=true timeout=false serial=[0,0.000,0.000]
[0m
[INFO] [1784183058.811042580] [cmd_vel_to_serial]: [0;96mserial tx: [0,0.000,0.000]
[0m
[INFO] [1784183060.847936379] [cmd_vel_to_serial]: [0;96mserial tx: [0,0.000,0.000]
[0m
[INFO] [1784183061.736676346] [cmd_vel_to_serial]: [1;35mstep_debug mode=0 vx=0.000 wz=0.000 left_m=0.0000 right_m=0.0000 fwd_m=0.0000 step_yaw=0.0000 left_norm=0.000 right_norm=0.000 odom_y=0.003 odom_roll=1.7deg goal_y_err=0.000 odom_corr=0.000 odom_corr_applied=false path_lat_err=0.000 path_corr=0.000 path_corr_applied=false path_yaw_err=0.0deg path_yaw_corr=0.000 path_yaw_applied=false path_profile=0 crouch_yaw_err=0.0deg crouch_yaw_corr=0.000 crouch_yaw_applied=false crouch_fwd_bias=0.000 crouch_fwd_applied=false same_dir_turn=false opp_turn_shape=false uphill_segment=false uphill_seg_floor=false uphill_roll_floor=false min_step_floor=false override=true timeout=false serial=[0,0.000,0.000]
[0m
[INFO] [1784183062.884741712] [cmd_vel_to_serial]: [0;96mserial tx: [0,0.000,0.000]
[0m
[INFO] [1784183064.773451771] [cmd_vel_to_serial]: [1;35mstep_debug mode=0 vx=0.000 wz=0.000 left_m=0.0000 right_m=0.0000 fwd_m=0.0000 step_yaw=0.0000 left_norm=0.000 right_norm=0.000 odom_y=0.003 odom_roll=1.8deg goal_y_err=0.000 odom_corr=0.000 odom_corr_applied=false path_lat_err=0.000 path_corr=0.000 path_corr_applied=false path_yaw_err=0.0deg path_yaw_corr=0.000 path_yaw_applied=false path_profile=0 crouch_yaw_err=0.0deg crouch_yaw_corr=0.000 crouch_yaw_applied=false crouch_fwd_bias=0.000 crouch_fwd_applied=false same_dir_turn=false opp_turn_shape=false uphill_segment=false uphill_seg_floor=false uphill_roll_floor=false min_step_floor=false override=true timeout=false serial=[0,0.000,0.000]
[0m
[INFO] [1784183064.921591014] [cmd_vel_to_serial]: [0;96mserial tx: [0,0.000,0.000]
[0m
[INFO] [1784183066.921602152] [cmd_vel_to_serial]: [0;96mserial tx: [0,0.000,0.000]
[0m
[INFO] [1784183067.810553585] [cmd_vel_to_serial]: [1;35mstep_debug mode=0 vx=0.000 wz=0.000 left_m=0.0000 right_m=0.0000 fwd_m=0.0000 step_yaw=0.0000 left_norm=0.000 right_norm=0.000 odom_y=0.001 odom_roll=1.8deg goal_y_err=0.000 odom_corr=0.000 odom_corr_applied=false path_lat_err=0.000 path_corr=0.000 path_corr_applied=false path_yaw_err=0.0deg path_yaw_corr=0.000 path_yaw_applied=false path_profile=0 crouch_yaw_err=0.0deg crouch_yaw_corr=0.000 crouch_yaw_applied=false crouch_fwd_bias=0.000 crouch_fwd_applied=false same_dir_turn=false opp_turn_shape=false uphill_segment=false uphill_seg_floor=false uphill_roll_floor=false min_step_floor=false override=true timeout=false serial=[0,0.000,0.000]
[0m
[INFO] [1784183068.958267775] [cmd_vel_to_serial]: [0;96mserial tx: [0,0.000,0.000]
[0m
[INFO] [1784183070.847009677] [cmd_vel_to_serial]: [1;35mstep_debug mode=0 vx=0.000 wz=0.000 left_m=0.0000 right_m=0.0000 fwd_m=0.0000 step_yaw=0.0000 left_norm=0.000 right_norm=0.000 odom_y=-0.002 odom_roll=1.8deg goal_y_err=0.000 odom_corr=0.000 odom_corr_applied=false path_lat_err=0.000 path_corr=0.000 path_corr_applied=false path_yaw_err=0.0deg path_yaw_corr=0.000 path_yaw_applied=false path_profile=0 crouch_yaw_err=0.0deg crouch_yaw_corr=0.000 crouch_yaw_applied=false crouch_fwd_bias=0.000 crouch_fwd_applied=false same_dir_turn=false opp_turn_shape=false uphill_segment=false uphill_seg_floor=false uphill_roll_floor=false min_step_floor=false override=true timeout=false serial=[0,0.000,0.000]
[0m
[INFO] [1784183070.995110594] [cmd_vel_to_serial]: [0;96mserial tx: [0,0.000,0.000]
[0m
[INFO] [1784183073.032024718] [cmd_vel_to_serial]: [0;96mserial tx: [0,0.000,0.000]
[0m
[INFO] [1784183073.883785634] [cmd_vel_to_serial]: [1;35mstep_debug mode=0 vx=0.000 wz=0.000 left_m=0.0000 right_m=0.0000 fwd_m=0.0000 step_yaw=0.0000 left_norm=0.000 right_norm=0.000 odom_y=0.002 odom_roll=1.7deg goal_y_err=0.000 odom_corr=0.000 odom_corr_applied=false path_lat_err=0.000 path_corr=0.000 path_corr_applied=false path_yaw_err=0.0deg path_yaw_corr=0.000 path_yaw_applied=false path_profile=0 crouch_yaw_err=0.0deg crouch_yaw_corr=0.000 crouch_yaw_applied=false crouch_fwd_bias=0.000 crouch_fwd_applied=false same_dir_turn=false opp_turn_shape=false uphill_segment=false uphill_seg_floor=false uphill_roll_floor=false min_step_floor=false override=true timeout=false serial=[0,0.000,0.000]
[0m
[INFO] [1784183075.068864440] [cmd_vel_to_serial]: [0;96mserial tx: [0,0.000,0.000]
[0m
[INFO] [1784183076.920587174] [cmd_vel_to_serial]: [1;35mstep_debug mode=0 vx=0.000 wz=0.000 left_m=0.0000 right_m=0.0000 fwd_m=0.0000 step_yaw=0.0000 left_norm=0.000 right_norm=0.000 odom_y=0.001 odom_roll=1.7deg goal_y_err=0.000 odom_corr=0.000 odom_corr_applied=false path_lat_err=0.000 path_corr=0.000 path_corr_applied=false path_yaw_err=0.0deg path_yaw_corr=0.000 path_yaw_applied=false path_profile=0 crouch_yaw_err=0.0deg crouch_yaw_corr=0.000 crouch_yaw_applied=false crouch_fwd_bias=0.000 crouch_fwd_applied=false same_dir_turn=false opp_turn_shape=false uphill_segment=false uphill_seg_floor=false uphill_roll_floor=false min_step_floor=false override=true timeout=false serial=[0,0.000,0.000]
[0m
[INFO] [1784183077.105822678] [cmd_vel_to_serial]: [0;96mserial tx: [0,0.000,0.000]
[0m
[INFO] [1784183079.105963413] [cmd_vel_to_serial]: [0;96mserial tx: [0,0.000,0.000]
[0m
[INFO] [1784183079.958625697] [cmd_vel_to_serial]: [1;35mstep_debug mode=0 vx=0.000 wz=0.000 left_m=0.0000 right_m=0.0000 fwd_m=0.0000 step_yaw=0.0000 left_norm=0.000 right_norm=0.000 odom_y=-0.004 odom_roll=1.7deg goal_y_err=0.000 odom_corr=0.000 odom_corr_applied=false path_lat_err=0.000 path_corr=0.000 path_corr_applied=false path_yaw_err=0.0deg path_yaw_corr=0.000 path_yaw_applied=false path_profile=0 crouch_yaw_err=0.0deg crouch_yaw_corr=0.000 crouch_yaw_applied=false crouch_fwd_bias=0.000 crouch_fwd_applied=false same_dir_turn=false opp_turn_shape=false uphill_segment=false uphill_seg_floor=false uphill_roll_floor=false min_step_floor=false override=true timeout=false serial=[0,0.000,0.000]
[0m
[INFO] [1784183081.142477355] [cmd_vel_to_serial]: [0;96mserial tx: [0,0.000,0.000]
[0m
[INFO] [1784183082.994180248] [cmd_vel_to_serial]: [1;35mstep_debug mode=0 vx=0.000 wz=0.000 left_m=0.0000 right_m=0.0000 fwd_m=0.0000 step_yaw=0.0000 left_norm=0.000 right_norm=0.000 odom_y=0.000 odom_roll=1.8deg goal_y_err=0.000 odom_corr=0.000 odom_corr_applied=false path_lat_err=0.000 path_corr=0.000 path_corr_applied=false path_yaw_err=0.0deg path_yaw_corr=0.000 path_yaw_applied=false path_profile=0 crouch_yaw_err=0.0deg crouch_yaw_corr=0.000 crouch_yaw_applied=false crouch_fwd_bias=0.000 crouch_fwd_applied=false same_dir_turn=false opp_turn_shape=false uphill_segment=false uphill_seg_floor=false uphill_roll_floor=false min_step_floor=false override=true timeout=false serial=[0,0.000,0.000]
[0m
[INFO] [1784183083.179338266] [cmd_vel_to_serial]: [0;96mserial tx: [0,0.000,0.000]
[0m
