[INFO] [1784182917.402818869] [cmd_vel_to_serial]: Fixed step overrides enabled: [mode=1, left_norm=1, right_norm=1] [mode=6, left_norm=-0.35, right_norm=0.6]
[INFO] [1784182917.470702097] [cmd_vel_to_serial]: serial start signal RX enabled. token=[start] topic=/motion_bridge/start_signal case_sensitive=false
[INFO] [1784182917.470746528] [cmd_vel_to_serial]: serial finish signal RX enabled. token=[finish] topic=/motion_bridge/finish_signal case_sensitive=false
[INFO] [1784182917.470754149] [cmd_vel_to_serial]: serial action ack RX enabled. jumping_token=[jumping] topic=/motion_bridge/action_ack
[INFO] [1784182917.470761282] [cmd_vel_to_serial]: [1;36mcmd_vel->serial bridge started. device=/dev/ttyUSB0 baud=115200 step_frequency=27.000 Hz default_mode=0 mode_topic=/dog_mode_current mode_echo_topic=/dog_mode_feedback/current odom_y_correction=disabled path_lateral_correction=enabled path_yaw_correction=enabled crouch_yaw_correction=disabled pose_yaw_offset=90.0deg[0m
[INFO] [1784182917.470777825] [cmd_vel_to_serial]: path lateral step correction enabled. odom_topic=/Odometry goal_topic=/goal_pose path_reference_topic=/serial_path_reference modes=3 deadband=0.050 m gain=0.800 norm/m max=0.180 sign=-1 stale_timeout=0.50 s
[INFO] [1784182917.470791960] [cmd_vel_to_serial]: path reference explicit start enabled. topic=/serial_path_reference_start timeout=0.50 s
[INFO] [1784182917.470798577] [cmd_vel_to_serial]: uphill path lateral correction override enabled. deadband=0.030 m gain=1.200 norm/m max=0.240 sign=-1 max_wz=1.200 rad/s
[INFO] [1784182917.470807568] [cmd_vel_to_serial]: path yaw correction enabled. odom_topic=/Odometry goal_topic=/goal_pose path_reference_topic=/serial_path_reference modes=1 deadband=5.00 deg gain=1.000 norm/rad max=0.200 stale_timeout=0.50 s profile_topic=/race_manager/path_correction_profile default_profile=0 new_goal_delay=0.10 s
[INFO] [1784182917.470819110] [cmd_vel_to_serial]: uphill path yaw correction override enabled. modes=1 deadband=3.00 deg gain=1.500 norm/rad max=0.300 max_wz=1.200 rad/s
[INFO] [1784182917.470828041] [cmd_vel_to_serial]: same-direction turn enabled. modes=3 min_wz=0.150 rad/s min_norm=0.040
[INFO] [1784182917.470835329] [cmd_vel_to_serial]: step override small opposite-sign shaping enabled. modes=1 small_norm=0.150 large_norm=0.200
[INFO] [1784182917.470841723] [cmd_vel_to_serial]: cmd_vel small opposite-sign shaping enabled. modes=1 small_norm=0.180 large_norm=0.200
[INFO] [1784182917.470850549] [cmd_vel_to_serial]: minimum output step norm enabled. modes=1 min_norm=0.100 override_modes=2
[INFO] [1784182917.470856412] [cmd_vel_to_serial]: uphill segment step floor enabled. modes=2 min_norm=0.800 goal_distance_min=0.60 m max_wz=1.200 forward_only=true state_topic=/race_manager/uphill_step_floor_enabled
[INFO] [1784182917.470865033] [cmd_vel_to_serial]: uphill roll step floor enabled. modes=2 min_roll=2.00 deg use_abs_roll=true min_norm=0.700 max_wz=1.200 require_segment=true state_topic=/race_manager/uphill_step_floor_enabled
[INFO] [1784182917.470873883] [cmd_vel_to_serial]: fixed step override runtime state topic=/motion_bridge/fixed_step_override_enabled initial=true
[INFO] [1784182917.470880324] [cmd_vel_to_serial]: direct step override enabled. topic=/serial_step_override timeout=1.00 s one_shot_topic=/serial_step_once
[INFO] [1784182918.435039201] [cmd_vel_to_serial]: Opened serial device /dev/ttyUSB0
[INFO] [1784182918.435157109] [cmd_vel_to_serial]: [0;96mserial tx: [0,0.000,0.000]
[0m
[INFO] [1784182918.435175627] [cmd_vel_to_serial]: [0;94mstep_debug mode=0 vx=0.000 wz=0.000 left_m=0.0000 right_m=0.0000 fwd_m=0.0000 step_yaw=0.0000 left_norm=0.000 right_norm=0.000 odom_y=0.047 odom_roll=2.3deg goal_y_err=0.000 odom_corr=0.000 odom_corr_applied=false path_lat_err=0.000 path_corr=0.000 path_corr_applied=false path_yaw_err=0.0deg path_yaw_corr=0.000 path_yaw_applied=false path_profile=0 crouch_yaw_err=0.0deg crouch_yaw_corr=0.000 crouch_yaw_applied=false crouch_fwd_bias=0.000 crouch_fwd_applied=false same_dir_turn=false opp_turn_shape=false uphill_segment=false uphill_seg_floor=false uphill_roll_floor=false min_step_floor=false override=false timeout=false serial=[0,0.000,0.000]
[0m
[INFO] [1784182920.434977003] [cmd_vel_to_serial]: [0;96mserial tx: [0,0.000,0.000]
[0m
[INFO] [1784182921.435358612] [cmd_vel_to_serial]: [1;35mstep_debug mode=0 vx=0.000 wz=0.000 left_m=0.0000 right_m=0.0000 fwd_m=0.0000 step_yaw=0.0000 left_norm=0.000 right_norm=0.000 odom_y=0.035 odom_roll=2.6deg goal_y_err=0.000 odom_corr=0.000 odom_corr_applied=false path_lat_err=0.000 path_corr=0.000 path_corr_applied=false path_yaw_err=0.0deg path_yaw_corr=0.000 path_yaw_applied=false path_profile=0 crouch_yaw_err=0.0deg crouch_yaw_corr=0.000 crouch_yaw_applied=false crouch_fwd_bias=0.000 crouch_fwd_applied=false same_dir_turn=false opp_turn_shape=false uphill_segment=false uphill_seg_floor=false uphill_roll_floor=false min_step_floor=false override=true timeout=false serial=[0,0.000,0.000]
[0m
[INFO] [1784182922.435703395] [cmd_vel_to_serial]: [0;96mserial tx: [0,0.000,0.000]
[0m
[INFO] [1784182924.436329655] [cmd_vel_to_serial]: [0;96mserial tx: [0,0.000,0.000]
[0m
[INFO] [1784182924.436371208] [cmd_vel_to_serial]: [1;35mstep_debug mode=0 vx=0.000 wz=0.000 left_m=0.0000 right_m=0.0000 fwd_m=0.0000 step_yaw=0.0000 left_norm=0.000 right_norm=0.000 odom_y=0.029 odom_roll=2.4deg goal_y_err=0.000 odom_corr=0.000 odom_corr_applied=false path_lat_err=0.000 path_corr=0.000 path_corr_applied=false path_yaw_err=0.0deg path_yaw_corr=0.000 path_yaw_applied=false path_profile=0 crouch_yaw_err=0.0deg crouch_yaw_corr=0.000 crouch_yaw_applied=false crouch_fwd_bias=0.000 crouch_fwd_applied=false same_dir_turn=false opp_turn_shape=false uphill_segment=false uphill_seg_floor=false uphill_roll_floor=false min_step_floor=false override=true timeout=false serial=[0,0.000,0.000]
[0m
[INFO] [1784182926.436875143] [cmd_vel_to_serial]: [0;96mserial tx: [0,0.000,0.000]
[0m
[INFO] [1784182927.437127517] [cmd_vel_to_serial]: [1;35mstep_debug mode=0 vx=0.000 wz=0.000 left_m=0.0000 right_m=0.0000 fwd_m=0.0000 step_yaw=0.0000 left_norm=0.000 right_norm=0.000 odom_y=0.036 odom_roll=2.5deg goal_y_err=0.000 odom_corr=0.000 odom_corr_applied=false path_lat_err=0.000 path_corr=0.000 path_corr_applied=false path_yaw_err=0.0deg path_yaw_corr=0.000 path_yaw_applied=false path_profile=0 crouch_yaw_err=0.0deg crouch_yaw_corr=0.000 crouch_yaw_applied=false crouch_fwd_bias=0.000 crouch_fwd_applied=false same_dir_turn=false opp_turn_shape=false uphill_segment=false uphill_seg_floor=false uphill_roll_floor=false min_step_floor=false override=true timeout=false serial=[0,0.000,0.000]
[0m
[INFO] [1784182928.437352735] [cmd_vel_to_serial]: [0;96mserial tx: [0,0.000,0.000]
[0m
[INFO] [1784182930.437801138] [cmd_vel_to_serial]: [0;96mserial tx: [0,0.000,0.000]
[0m
[INFO] [1784182930.437839881] [cmd_vel_to_serial]: [1;35mstep_debug mode=0 vx=0.000 wz=0.000 left_m=0.0000 right_m=0.0000 fwd_m=0.0000 step_yaw=0.0000 left_norm=0.000 right_norm=0.000 odom_y=0.026 odom_roll=2.5deg goal_y_err=0.000 odom_corr=0.000 odom_corr_applied=false path_lat_err=0.000 path_corr=0.000 path_corr_applied=false path_yaw_err=0.0deg path_yaw_corr=0.000 path_yaw_applied=false path_profile=0 crouch_yaw_err=0.0deg crouch_yaw_corr=0.000 crouch_yaw_applied=false crouch_fwd_bias=0.000 crouch_fwd_applied=false same_dir_turn=false opp_turn_shape=false uphill_segment=false uphill_seg_floor=false uphill_roll_floor=false min_step_floor=false override=true timeout=false serial=[0,0.000,0.000]
[0m
[INFO] [1784182932.438144389] [cmd_vel_to_serial]: [0;96mserial tx: [0,0.000,0.000]
[0m
[INFO] [1784182933.438323631] [cmd_vel_to_serial]: [1;35mstep_debug mode=0 vx=0.000 wz=0.000 left_m=0.0000 right_m=0.0000 fwd_m=0.0000 step_yaw=0.0000 left_norm=0.000 right_norm=0.000 odom_y=-0.352 odom_roll=-13.9deg goal_y_err=0.000 odom_corr=0.000 odom_corr_applied=false path_lat_err=0.000 path_corr=0.000 path_corr_applied=false path_yaw_err=0.0deg path_yaw_corr=0.000 path_yaw_applied=false path_profile=0 crouch_yaw_err=0.0deg crouch_yaw_corr=0.000 crouch_yaw_applied=false crouch_fwd_bias=0.000 crouch_fwd_applied=false same_dir_turn=false opp_turn_shape=false uphill_segment=false uphill_seg_floor=false uphill_roll_floor=false min_step_floor=false override=true timeout=false serial=[0,0.000,0.000]
[0m
[INFO] [1784182934.438493006] [cmd_vel_to_serial]: [0;96mserial tx: [0,0.000,0.000]
[0m
[INFO] [1784182936.438745310] [cmd_vel_to_serial]: [0;96mserial tx: [0,0.000,0.000]
[0m
[INFO] [1784182936.438791451] [cmd_vel_to_serial]: [1;35mstep_debug mode=0 vx=0.000 wz=0.000 left_m=0.0000 right_m=0.0000 fwd_m=0.0000 step_yaw=0.0000 left_norm=0.000 right_norm=0.000 odom_y=0.448 odom_roll=-1.0deg goal_y_err=0.000 odom_corr=0.000 odom_corr_applied=false path_lat_err=0.000 path_corr=0.000 path_corr_applied=false path_yaw_err=0.0deg path_yaw_corr=0.000 path_yaw_applied=false path_profile=0 crouch_yaw_err=0.0deg crouch_yaw_corr=0.000 crouch_yaw_applied=false crouch_fwd_bias=0.000 crouch_fwd_applied=false same_dir_turn=false opp_turn_shape=false uphill_segment=false uphill_seg_floor=false uphill_roll_floor=false min_step_floor=false override=true timeout=false serial=[0,0.000,0.000]
[0m
[INFO] [1784182938.439011139] [cmd_vel_to_serial]: [0;96mserial tx: [0,0.000,0.000]
[0m
[INFO] [1784182939.439119094] [cmd_vel_to_serial]: [1;35mstep_debug mode=0 vx=0.000 wz=0.000 left_m=0.0000 right_m=0.0000 fwd_m=0.0000 step_yaw=0.0000 left_norm=0.000 right_norm=0.000 odom_y=0.392 odom_roll=1.9deg goal_y_err=0.000 odom_corr=0.000 odom_corr_applied=false path_lat_err=0.000 path_corr=0.000 path_corr_applied=false path_yaw_err=0.0deg path_yaw_corr=0.000 path_yaw_applied=false path_profile=0 crouch_yaw_err=0.0deg crouch_yaw_corr=0.000 crouch_yaw_applied=false crouch_fwd_bias=0.000 crouch_fwd_applied=false same_dir_turn=false opp_turn_shape=false uphill_segment=false uphill_seg_floor=false uphill_roll_floor=false min_step_floor=false override=true timeout=false serial=[0,0.000,0.000]
[0m
[INFO] [1784182940.439353641] [cmd_vel_to_serial]: [0;96mserial tx: [0,0.000,0.000]
[0m
[INFO] [1784182942.439398003] [cmd_vel_to_serial]: [0;96mserial tx: [0,0.000,0.000]
[0m
[INFO] [1784182942.439435910] [cmd_vel_to_serial]: [1;35mstep_debug mode=0 vx=0.000 wz=0.000 left_m=0.0000 right_m=0.0000 fwd_m=0.0000 step_yaw=0.0000 left_norm=0.000 right_norm=0.000 odom_y=0.399 odom_roll=2.0deg goal_y_err=0.000 odom_corr=0.000 odom_corr_applied=false path_lat_err=0.000 path_corr=0.000 path_corr_applied=false path_yaw_err=0.0deg path_yaw_corr=0.000 path_yaw_applied=false path_profile=0 crouch_yaw_err=0.0deg crouch_yaw_corr=0.000 crouch_yaw_applied=false crouch_fwd_bias=0.000 crouch_fwd_applied=false same_dir_turn=false opp_turn_shape=false uphill_segment=false uphill_seg_floor=false uphill_roll_floor=false min_step_floor=false override=true timeout=false serial=[0,0.000,0.000]
[0m
[INFO] [1784182944.439597184] [cmd_vel_to_serial]: [0;96mserial tx: [0,0.000,0.000]
[0m
[INFO] [1784182945.439674958] [cmd_vel_to_serial]: [1;35mstep_debug mode=0 vx=0.000 wz=0.000 left_m=0.0000 right_m=0.0000 fwd_m=0.0000 step_yaw=0.0000 left_norm=0.000 right_norm=0.000 odom_y=0.401 odom_roll=2.0deg goal_y_err=0.000 odom_corr=0.000 odom_corr_applied=false path_lat_err=0.000 path_corr=0.000 path_corr_applied=false path_yaw_err=0.0deg path_yaw_corr=0.000 path_yaw_applied=false path_profile=0 crouch_yaw_err=0.0deg crouch_yaw_corr=0.000 crouch_yaw_applied=false crouch_fwd_bias=0.000 crouch_fwd_applied=false same_dir_turn=false opp_turn_shape=false uphill_segment=false uphill_seg_floor=false uphill_roll_floor=false min_step_floor=false override=true timeout=false serial=[0,0.000,0.000]
[0m
[INFO] [1784182946.439751806] [cmd_vel_to_serial]: [0;96mserial tx: [0,0.000,0.000]
[0m
[INFO] [1784182948.439871613] [cmd_vel_to_serial]: [0;96mserial tx: [0,0.000,0.000]
[0m
[INFO] [1784182948.439918149] [cmd_vel_to_serial]: [1;35mstep_debug mode=0 vx=0.000 wz=0.000 left_m=0.0000 right_m=0.0000 fwd_m=0.0000 step_yaw=0.0000 left_norm=0.000 right_norm=0.000 odom_y=0.397 odom_roll=2.0deg goal_y_err=0.000 odom_corr=0.000 odom_corr_applied=false path_lat_err=0.000 path_corr=0.000 path_corr_applied=false path_yaw_err=0.0deg path_yaw_corr=0.000 path_yaw_applied=false path_profile=0 crouch_yaw_err=0.0deg crouch_yaw_corr=0.000 crouch_yaw_applied=false crouch_fwd_bias=0.000 crouch_fwd_applied=false same_dir_turn=false opp_turn_shape=false uphill_segment=false uphill_seg_floor=false uphill_roll_floor=false min_step_floor=false override=true timeout=false serial=[0,0.000,0.000]
[0m
[INFO] [1784182950.439987495] [cmd_vel_to_serial]: [0;96mserial tx: [0,0.000,0.000]
[0m
[INFO] [1784182951.440042409] [cmd_vel_to_serial]: [1;35mstep_debug mode=0 vx=0.000 wz=0.000 left_m=0.0000 right_m=0.0000 fwd_m=0.0000 step_yaw=0.0000 left_norm=0.000 right_norm=0.000 odom_y=0.402 odom_roll=2.0deg goal_y_err=0.000 odom_corr=0.000 odom_corr_applied=false path_lat_err=0.000 path_corr=0.000 path_corr_applied=false path_yaw_err=0.0deg path_yaw_corr=0.000 path_yaw_applied=false path_profile=0 crouch_yaw_err=0.0deg crouch_yaw_corr=0.000 crouch_yaw_applied=false crouch_fwd_bias=0.000 crouch_fwd_applied=false same_dir_turn=false opp_turn_shape=false uphill_segment=false uphill_seg_floor=false uphill_roll_floor=false min_step_floor=false override=true timeout=false serial=[0,0.000,0.000]
[0m
[INFO] [1784182952.440105433] [cmd_vel_to_serial]: [0;96mserial tx: [0,0.000,0.000]
[0m
[INFO] [1784182954.440192897] [cmd_vel_to_serial]: [0;96mserial tx: [0,0.000,0.000]
[0m
[INFO] [1784182954.440232299] [cmd_vel_to_serial]: [1;35mstep_debug mode=0 vx=0.000 wz=0.000 left_m=0.0000 right_m=0.0000 fwd_m=0.0000 step_yaw=0.0000 left_norm=0.000 right_norm=0.000 odom_y=0.409 odom_roll=2.0deg goal_y_err=0.000 odom_corr=0.000 odom_corr_applied=false path_lat_err=0.000 path_corr=0.000 path_corr_applied=false path_yaw_err=0.0deg path_yaw_corr=0.000 path_yaw_applied=false path_profile=0 crouch_yaw_err=0.0deg crouch_yaw_corr=0.000 crouch_yaw_applied=false crouch_fwd_bias=0.000 crouch_fwd_applied=false same_dir_turn=false opp_turn_shape=false uphill_segment=false uphill_seg_floor=false uphill_roll_floor=false min_step_floor=false override=true timeout=false serial=[0,0.000,0.000]
[0m
[INFO] [1784182956.440270529] [cmd_vel_to_serial]: [0;96mserial tx: [0,0.000,0.000]
[0m
[INFO] [1784182957.440287248] [cmd_vel_to_serial]: [1;35mstep_debug mode=0 vx=0.000 wz=0.000 left_m=0.0000 right_m=0.0000 fwd_m=0.0000 step_yaw=0.0000 left_norm=0.000 right_norm=0.000 odom_y=0.401 odom_roll=2.0deg goal_y_err=0.000 odom_corr=0.000 odom_corr_applied=false path_lat_err=0.000 path_corr=0.000 path_corr_applied=false path_yaw_err=0.0deg path_yaw_corr=0.000 path_yaw_applied=false path_profile=0 crouch_yaw_err=0.0deg crouch_yaw_corr=0.000 crouch_yaw_applied=false crouch_fwd_bias=0.000 crouch_fwd_applied=false same_dir_turn=false opp_turn_shape=false uphill_segment=false uphill_seg_floor=false uphill_roll_floor=false min_step_floor=false override=true timeout=false serial=[0,0.000,0.000]
[0m
[INFO] [1784182958.440339341] [cmd_vel_to_serial]: [0;96mserial tx: [0,0.000,0.000]
[0m
[INFO] [1784182960.440382551] [cmd_vel_to_serial]: [0;96mserial tx: [0,0.000,0.000]
[0m
[INFO] [1784182960.440423755] [cmd_vel_to_serial]: [1;35mstep_debug mode=0 vx=0.000 wz=0.000 left_m=0.0000 right_m=0.0000 fwd_m=0.0000 step_yaw=0.0000 left_norm=0.000 right_norm=0.000 odom_y=0.397 odom_roll=2.0deg goal_y_err=0.000 odom_corr=0.000 odom_corr_applied=false path_lat_err=0.000 path_corr=0.000 path_corr_applied=false path_yaw_err=0.0deg path_yaw_corr=0.000 path_yaw_applied=false path_profile=0 crouch_yaw_err=0.0deg crouch_yaw_corr=0.000 crouch_yaw_applied=false crouch_fwd_bias=0.000 crouch_fwd_applied=false same_dir_turn=false opp_turn_shape=false uphill_segment=false uphill_seg_floor=false uphill_roll_floor=false min_step_floor=false override=true timeout=false serial=[0,0.000,0.000]
[0m
