[INFO] [1783903998.147038512] [cmd_vel_to_serial]: Fixed step overrides enabled: [mode=1, left_norm=1, right_norm=1] [mode=6, left_norm=-0.35, right_norm=0.6]
[INFO] [1783903998.232285956] [cmd_vel_to_serial]: serial start signal RX enabled. token=[start] topic=/motion_bridge/start_signal case_sensitive=false
[INFO] [1783903998.232706152] [cmd_vel_to_serial]: serial finish signal RX enabled. token=[finish] topic=/motion_bridge/finish_signal case_sensitive=false
[INFO] [1783903998.232933912] [cmd_vel_to_serial]: serial action ack RX enabled. jumping_token=[jumping] topic=/motion_bridge/action_ack
[INFO] [1783903998.233109993] [cmd_vel_to_serial]: [1;36mcmd_vel->serial bridge started. device=/dev/ttyUSB0 baud=115200 step_frequency=27.000 Hz default_mode=0 mode_topic=/dog_mode_current mode_echo_topic=/dog_mode_feedback/current odom_y_correction=disabled path_lateral_correction=enabled path_yaw_correction=enabled crouch_yaw_correction=disabled pose_yaw_offset=90.0deg[0m
[INFO] [1783903998.233133998] [cmd_vel_to_serial]: path lateral step correction enabled. odom_topic=/Odometry goal_topic=/goal_pose path_reference_topic=/serial_path_reference modes=3 deadband=0.050 m gain=0.800 norm/m max=0.180 sign=-1 stale_timeout=0.50 s
[INFO] [1783903998.233151062] [cmd_vel_to_serial]: path reference explicit start enabled. topic=/serial_path_reference_start timeout=0.50 s
[INFO] [1783903998.233158643] [cmd_vel_to_serial]: uphill path lateral correction override enabled. deadband=0.030 m gain=1.200 norm/m max=0.240 sign=-1 max_wz=1.200 rad/s
[INFO] [1783903998.233168901] [cmd_vel_to_serial]: path yaw correction enabled. odom_topic=/Odometry goal_topic=/goal_pose path_reference_topic=/serial_path_reference modes=1 deadband=5.00 deg gain=1.000 norm/rad max=0.200 stale_timeout=0.50 s profile_topic=/race_manager/path_correction_profile default_profile=0 new_goal_delay=0.10 s
[INFO] [1783903998.233180799] [cmd_vel_to_serial]: uphill path yaw correction override enabled. modes=1 deadband=3.00 deg gain=1.500 norm/rad max=0.300 max_wz=1.200 rad/s
[INFO] [1783903998.233189640] [cmd_vel_to_serial]: same-direction turn enabled. modes=3 min_wz=0.150 rad/s min_norm=0.040
[INFO] [1783903998.233197439] [cmd_vel_to_serial]: step override small opposite-sign shaping enabled. modes=1 small_norm=0.150 large_norm=0.200
[INFO] [1783903998.233204706] [cmd_vel_to_serial]: cmd_vel small opposite-sign shaping enabled. modes=1 small_norm=0.180 large_norm=0.200
[INFO] [1783903998.233212089] [cmd_vel_to_serial]: minimum output step norm enabled. modes=1 min_norm=0.100 override_modes=2
[INFO] [1783903998.233219120] [cmd_vel_to_serial]: uphill segment step floor enabled. modes=2 min_norm=0.800 goal_distance_min=0.60 m max_wz=1.200 forward_only=true state_topic=/race_manager/uphill_step_floor_enabled
[INFO] [1783903998.233230146] [cmd_vel_to_serial]: uphill roll step floor enabled. modes=2 min_roll=2.00 deg use_abs_roll=true min_norm=0.700 max_wz=1.200 require_segment=true state_topic=/race_manager/uphill_step_floor_enabled
[INFO] [1783903998.233239013] [cmd_vel_to_serial]: fixed step override runtime state topic=/motion_bridge/fixed_step_override_enabled initial=true
[INFO] [1783903998.233245416] [cmd_vel_to_serial]: direct step override enabled. topic=/serial_step_override timeout=1.00 s one_shot_topic=/serial_step_once
[INFO] [1783903999.128603166] [cmd_vel_to_serial]: Opened serial device /dev/ttyUSB0
[INFO] [1783903999.129067972] [cmd_vel_to_serial]: [0;96mserial tx: [0,0.000,0.000]
[0m
[INFO] [1783903999.129104739] [cmd_vel_to_serial]: [0;94mstep_debug mode=0 vx=0.000 wz=0.000 left_m=0.0000 right_m=0.0000 fwd_m=0.0000 step_yaw=0.0000 left_norm=0.000 right_norm=0.000 odom_y=-0.002 odom_roll=1.0deg goal_y_err=0.000 odom_corr=0.000 odom_corr_applied=false path_lat_err=0.000 path_corr=0.000 path_corr_applied=false path_yaw_err=0.0deg path_yaw_corr=0.000 path_yaw_applied=false path_profile=0 crouch_yaw_err=0.0deg crouch_yaw_corr=0.000 crouch_yaw_applied=false crouch_fwd_bias=0.000 crouch_fwd_applied=false same_dir_turn=false opp_turn_shape=false uphill_segment=false uphill_seg_floor=false uphill_roll_floor=false min_step_floor=false override=false timeout=false serial=[0,0.000,0.000]
[0m
[INFO] [1783904001.158350095] [cmd_vel_to_serial]: [0;96mserial tx: [0,0.000,0.000]
[0m
[INFO] [1783904002.158639120] [cmd_vel_to_serial]: [1;35mstep_debug mode=0 vx=0.000 wz=0.000 left_m=0.0000 right_m=0.0000 fwd_m=0.0000 step_yaw=0.0000 left_norm=0.000 right_norm=0.000 odom_y=-0.002 odom_roll=1.0deg goal_y_err=0.000 odom_corr=0.000 odom_corr_applied=false path_lat_err=0.000 path_corr=0.000 path_corr_applied=false path_yaw_err=0.0deg path_yaw_corr=0.000 path_yaw_applied=false path_profile=0 crouch_yaw_err=0.0deg crouch_yaw_corr=0.000 crouch_yaw_applied=false crouch_fwd_bias=0.000 crouch_fwd_applied=false same_dir_turn=false opp_turn_shape=false uphill_segment=false uphill_seg_floor=false uphill_roll_floor=false min_step_floor=false override=true timeout=false serial=[0,0.000,0.000]
[0m
[INFO] [1783904003.195951701] [cmd_vel_to_serial]: [0;96mserial tx: [0,0.000,0.000]
[0m
[INFO] [1783904005.197983668] [cmd_vel_to_serial]: [0;96mserial tx: [0,0.000,0.000]
[0m
[INFO] [1783904005.198051467] [cmd_vel_to_serial]: [1;35mstep_debug mode=0 vx=0.000 wz=0.000 left_m=0.0000 right_m=0.0000 fwd_m=0.0000 step_yaw=0.0000 left_norm=0.000 right_norm=0.000 odom_y=0.001 odom_roll=1.1deg goal_y_err=0.000 odom_corr=0.000 odom_corr_applied=false path_lat_err=0.000 path_corr=0.000 path_corr_applied=false path_yaw_err=0.0deg path_yaw_corr=0.000 path_yaw_applied=false path_profile=0 crouch_yaw_err=0.0deg crouch_yaw_corr=0.000 crouch_yaw_applied=false crouch_fwd_bias=0.000 crouch_fwd_applied=false same_dir_turn=false opp_turn_shape=false uphill_segment=false uphill_seg_floor=false uphill_roll_floor=false min_step_floor=false override=true timeout=false serial=[0,0.000,0.000]
[0m
[INFO] [1783904007.232399937] [cmd_vel_to_serial]: [0;96mserial tx: [0,0.000,0.000]
[0m
[INFO] [1783904008.232391978] [cmd_vel_to_serial]: [1;35mstep_debug mode=0 vx=0.000 wz=0.000 left_m=0.0000 right_m=0.0000 fwd_m=0.0000 step_yaw=0.0000 left_norm=0.000 right_norm=0.000 odom_y=-0.000 odom_roll=1.0deg goal_y_err=0.000 odom_corr=0.000 odom_corr_applied=false path_lat_err=0.000 path_corr=0.000 path_corr_applied=false path_yaw_err=0.0deg path_yaw_corr=0.000 path_yaw_applied=false path_profile=0 crouch_yaw_err=0.0deg crouch_yaw_corr=0.000 crouch_yaw_applied=false crouch_fwd_bias=0.000 crouch_fwd_applied=false same_dir_turn=false opp_turn_shape=false uphill_segment=false uphill_seg_floor=false uphill_roll_floor=false min_step_floor=false override=true timeout=false serial=[0,0.000,0.000]
[0m
[INFO] [1783904009.232419480] [cmd_vel_to_serial]: [0;96mserial tx: [0,0.000,0.000]
[0m
[INFO] [1783904010.676844570] [cmd_vel_to_serial]: Received serial start token [start], published /motion_bridge/start_signal=true
[INFO] [1783904010.679729584] [cmd_vel_to_serial]: [1;35mUpdated serial mode to 1[0m
[INFO] [1783904010.679810162] [cmd_vel_to_serial]: [1;35mUpdated path correction profile to 1 (0=off, 1=normal, 2=uphill_strong, 3=uphill_strong_sign_test)[0m
[INFO] [1783904010.683613397] [cmd_vel_to_serial]: [1;35mUpdated path correction profile to 0 (0=off, 1=normal, 2=uphill_strong, 3=uphill_strong_sign_test)[0m
[INFO] [1783904010.713863708] [cmd_vel_to_serial]: [0;96mserial tx: [1,0.800,0.800]
[0m
[INFO] [1783904010.713916181] [cmd_vel_to_serial]: [1;35mstep_debug mode=1 vx=0.000 wz=0.000 left_m=0.0296 right_m=0.0296 fwd_m=0.0296 step_yaw=0.0000 left_norm=0.800 right_norm=0.800 odom_y=-0.009 odom_roll=0.9deg goal_y_err=0.000 odom_corr=0.000 odom_corr_applied=false path_lat_err=0.000 path_corr=0.000 path_corr_applied=false path_yaw_err=0.0deg path_yaw_corr=0.000 path_yaw_applied=false path_profile=0 crouch_yaw_err=0.0deg crouch_yaw_corr=0.000 crouch_yaw_applied=false crouch_fwd_bias=0.000 crouch_fwd_applied=false same_dir_turn=false opp_turn_shape=false uphill_segment=false uphill_seg_floor=false uphill_roll_floor=false min_step_floor=false override=true timeout=false serial=[1,0.800,0.800]
[0m
[INFO] [1783904012.713868781] [cmd_vel_to_serial]: [0;96mserial tx: [1,0.800,0.800]
[0m
[INFO] [1783904013.750913377] [cmd_vel_to_serial]: [1;35mstep_debug mode=1 vx=0.000 wz=0.000 left_m=0.0296 right_m=0.0296 fwd_m=0.0296 step_yaw=0.0000 left_norm=0.800 right_norm=0.800 odom_y=0.121 odom_roll=9.3deg goal_y_err=0.000 odom_corr=0.000 odom_corr_applied=false path_lat_err=0.000 path_corr=0.000 path_corr_applied=false path_yaw_err=0.0deg path_yaw_corr=0.000 path_yaw_applied=false path_profile=0 crouch_yaw_err=0.0deg crouch_yaw_corr=0.000 crouch_yaw_applied=false crouch_fwd_bias=0.000 crouch_fwd_applied=false same_dir_turn=false opp_turn_shape=false uphill_segment=false uphill_seg_floor=false uphill_roll_floor=false min_step_floor=false override=true timeout=false serial=[1,0.800,0.800]
[0m
[INFO] [1783904014.713882199] [cmd_vel_to_serial]: [0;96mserial tx: [1,0.800,0.800]
[0m
[INFO] [1783904016.750911935] [cmd_vel_to_serial]: [0;96mserial tx: [1,0.800,0.800]
[0m
[INFO] [1783904016.787924132] [cmd_vel_to_serial]: [1;35mstep_debug mode=1 vx=0.000 wz=0.000 left_m=0.0296 right_m=0.0296 fwd_m=0.0296 step_yaw=0.0000 left_norm=0.800 right_norm=0.800 odom_y=0.185 odom_roll=1.2deg goal_y_err=0.000 odom_corr=0.000 odom_corr_applied=false path_lat_err=0.000 path_corr=0.000 path_corr_applied=false path_yaw_err=0.0deg path_yaw_corr=0.000 path_yaw_applied=false path_profile=0 crouch_yaw_err=0.0deg crouch_yaw_corr=0.000 crouch_yaw_applied=false crouch_fwd_bias=0.000 crouch_fwd_applied=false same_dir_turn=false opp_turn_shape=false uphill_segment=false uphill_seg_floor=false uphill_roll_floor=false min_step_floor=false override=true timeout=false serial=[1,0.800,0.800]
[0m
[INFO] [1783904018.750915941] [cmd_vel_to_serial]: [0;96mserial tx: [1,0.800,0.800]
[0m
[INFO] [1783904019.787952356] [cmd_vel_to_serial]: [1;35mstep_debug mode=1 vx=0.000 wz=0.000 left_m=0.0296 right_m=0.0296 fwd_m=0.0296 step_yaw=0.0000 left_norm=0.800 right_norm=0.800 odom_y=0.179 odom_roll=1.1deg goal_y_err=0.000 odom_corr=0.000 odom_corr_applied=false path_lat_err=0.000 path_corr=0.000 path_corr_applied=false path_yaw_err=0.0deg path_yaw_corr=0.000 path_yaw_applied=false path_profile=0 crouch_yaw_err=0.0deg crouch_yaw_corr=0.000 crouch_yaw_applied=false crouch_fwd_bias=0.000 crouch_fwd_applied=false same_dir_turn=false opp_turn_shape=false uphill_segment=false uphill_seg_floor=false uphill_roll_floor=false min_step_floor=false override=true timeout=false serial=[1,0.800,0.800]
[0m
[INFO] [1783904020.750912342] [cmd_vel_to_serial]: [0;96mserial tx: [1,0.800,0.800]
[0m
[INFO] [1783904022.752875624] [cmd_vel_to_serial]: [0;96mserial tx: [1,0.800,0.800]
[0m
[INFO] [1783904022.825031721] [cmd_vel_to_serial]: [1;35mstep_debug mode=1 vx=0.000 wz=0.000 left_m=0.0296 right_m=0.0296 fwd_m=0.0296 step_yaw=0.0000 left_norm=0.800 right_norm=0.800 odom_y=0.179 odom_roll=1.0deg goal_y_err=0.000 odom_corr=0.000 odom_corr_applied=false path_lat_err=0.000 path_corr=0.000 path_corr_applied=false path_yaw_err=0.0deg path_yaw_corr=0.000 path_yaw_applied=false path_profile=0 crouch_yaw_err=0.0deg crouch_yaw_corr=0.000 crouch_yaw_applied=false crouch_fwd_bias=0.000 crouch_fwd_applied=false same_dir_turn=false opp_turn_shape=false uphill_segment=false uphill_seg_floor=false uphill_roll_floor=false min_step_floor=false override=true timeout=false serial=[1,0.800,0.800]
[0m
[INFO] [1783904024.787952108] [cmd_vel_to_serial]: [0;96mserial tx: [1,0.800,0.800]
[0m
[INFO] [1783904025.861984310] [cmd_vel_to_serial]: [1;35mstep_debug mode=1 vx=0.000 wz=0.000 left_m=0.0296 right_m=0.0296 fwd_m=0.0296 step_yaw=0.0000 left_norm=0.800 right_norm=0.800 odom_y=0.182 odom_roll=1.0deg goal_y_err=0.000 odom_corr=0.000 odom_corr_applied=false path_lat_err=0.000 path_corr=0.000 path_corr_applied=false path_yaw_err=0.0deg path_yaw_corr=0.000 path_yaw_applied=false path_profile=0 crouch_yaw_err=0.0deg crouch_yaw_corr=0.000 crouch_yaw_applied=false crouch_fwd_bias=0.000 crouch_fwd_applied=false same_dir_turn=false opp_turn_shape=false uphill_segment=false uphill_seg_floor=false uphill_roll_floor=false min_step_floor=false override=true timeout=false serial=[1,0.800,0.800]
[0m
[INFO] [1783904026.787959207] [cmd_vel_to_serial]: [0;96mserial tx: [1,0.800,0.800]
[0m
[INFO] [1783904028.787954796] [cmd_vel_to_serial]: [0;96mserial tx: [1,0.800,0.800]
[0m
[INFO] [1783904028.862028971] [cmd_vel_to_serial]: [1;35mstep_debug mode=1 vx=0.000 wz=0.000 left_m=0.0296 right_m=0.0296 fwd_m=0.0296 step_yaw=0.0000 left_norm=0.800 right_norm=0.800 odom_y=0.186 odom_roll=1.1deg goal_y_err=0.000 odom_corr=0.000 odom_corr_applied=false path_lat_err=0.000 path_corr=0.000 path_corr_applied=false path_yaw_err=0.0deg path_yaw_corr=0.000 path_yaw_applied=false path_profile=0 crouch_yaw_err=0.0deg crouch_yaw_corr=0.000 crouch_yaw_applied=false crouch_fwd_bias=0.000 crouch_fwd_applied=false same_dir_turn=false opp_turn_shape=false uphill_segment=false uphill_seg_floor=false uphill_roll_floor=false min_step_floor=false override=true timeout=false serial=[1,0.800,0.800]
[0m
[INFO] [1783904030.825001323] [cmd_vel_to_serial]: [0;96mserial tx: [1,0.800,0.800]
[0m
[INFO] [1783904031.899071012] [cmd_vel_to_serial]: [1;35mstep_debug mode=1 vx=0.000 wz=0.000 left_m=0.0296 right_m=0.0296 fwd_m=0.0296 step_yaw=0.0000 left_norm=0.800 right_norm=0.800 odom_y=0.186 odom_roll=1.1deg goal_y_err=0.000 odom_corr=0.000 odom_corr_applied=false path_lat_err=0.000 path_corr=0.000 path_corr_applied=false path_yaw_err=0.0deg path_yaw_corr=0.000 path_yaw_applied=false path_profile=0 crouch_yaw_err=0.0deg crouch_yaw_corr=0.000 crouch_yaw_applied=false crouch_fwd_bias=0.000 crouch_fwd_applied=false same_dir_turn=false opp_turn_shape=false uphill_segment=false uphill_seg_floor=false uphill_roll_floor=false min_step_floor=false override=true timeout=false serial=[1,0.800,0.800]
[0m
[INFO] [1783904032.676852472] [cmd_vel_to_serial]: [0;96mserial tx: [0,0.500,0.500]
[0m
[INFO] [1783904032.676893337] [cmd_vel_to_serial]: [1;35mstep_debug mode=0 vx=0.000 wz=0.000 left_m=0.0185 right_m=0.0185 fwd_m=0.0185 step_yaw=0.0000 left_norm=0.500 right_norm=0.500 odom_y=0.186 odom_roll=1.1deg goal_y_err=0.000 odom_corr=0.000 odom_corr_applied=false path_lat_err=0.000 path_corr=0.000 path_corr_applied=false path_yaw_err=0.0deg path_yaw_corr=0.000 path_yaw_applied=false path_profile=0 crouch_yaw_err=0.0deg crouch_yaw_corr=0.000 crouch_yaw_applied=false crouch_fwd_bias=0.000 crouch_fwd_applied=false same_dir_turn=false opp_turn_shape=false uphill_segment=false uphill_seg_floor=false uphill_roll_floor=false min_step_floor=false override=true timeout=false serial=[0,0.500,0.500]
[0m
[INFO] [1783904034.676846882] [cmd_vel_to_serial]: [0;96mserial tx: [1,0.000,0.000]
[0m
[INFO] [1783904034.676895184] [cmd_vel_to_serial]: [1;33mstep_debug mode=1 vx=0.000 wz=0.000 left_m=0.0000 right_m=0.0000 fwd_m=0.0000 step_yaw=0.0000 left_norm=0.000 right_norm=0.000 odom_y=0.408 odom_roll=1.3deg goal_y_err=0.000 odom_corr=0.000 odom_corr_applied=false path_lat_err=0.000 path_corr=0.000 path_corr_applied=false path_yaw_err=0.0deg path_yaw_corr=0.000 path_yaw_applied=false path_profile=0 crouch_yaw_err=0.0deg crouch_yaw_corr=0.000 crouch_yaw_applied=false crouch_fwd_bias=0.000 crouch_fwd_applied=false same_dir_turn=false opp_turn_shape=false uphill_segment=false uphill_seg_floor=false uphill_roll_floor=false min_step_floor=false override=false timeout=true serial=[1,0.000,0.000]
[0m
[INFO] [1783904034.713861107] [cmd_vel_to_serial]: [0;96mserial tx: [6,0.099,-0.054]
[0m
[INFO] [1783904034.713908312] [cmd_vel_to_serial]: [1;35mstep_debug mode=6 vx=0.000 wz=0.000 left_m=0.0037 right_m=-0.0020 fwd_m=0.0008 step_yaw=-0.0157 left_norm=0.099 right_norm=-0.054 odom_y=0.410 odom_roll=1.3deg goal_y_err=0.000 odom_corr=0.000 odom_corr_applied=false path_lat_err=0.000 path_corr=0.000 path_corr_applied=false path_yaw_err=0.0deg path_yaw_corr=0.000 path_yaw_applied=false path_profile=0 crouch_yaw_err=0.0deg crouch_yaw_corr=0.000 crouch_yaw_applied=false crouch_fwd_bias=0.000 crouch_fwd_applied=false same_dir_turn=false opp_turn_shape=false uphill_segment=false uphill_seg_floor=false uphill_roll_floor=false min_step_floor=false override=true timeout=false serial=[6,0.099,-0.054]
[0m
[INFO] [1783904034.936135637] [cmd_vel_to_serial]: [0;96mserial tx: [6,-0.054,0.099]
[0m
[INFO] [1783904035.010176795] [cmd_vel_to_serial]: [0;96mserial tx: [6,-0.120,0.220]
[0m
[INFO] [1783904037.015091150] [cmd_vel_to_serial]: [0;96mserial tx: [6,-0.120,0.220]
[0m
[INFO] [1783904037.750945308] [cmd_vel_to_serial]: [1;35mstep_debug mode=6 vx=0.000 wz=0.000 left_m=-0.0044 right_m=0.0081 fwd_m=0.0019 step_yaw=0.0350 left_norm=-0.120 right_norm=0.220 odom_y=0.411 odom_roll=1.3deg goal_y_err=0.000 odom_corr=0.000 odom_corr_applied=false path_lat_err=0.000 path_corr=0.000 path_corr_applied=false path_yaw_err=0.0deg path_yaw_corr=0.000 path_yaw_applied=false path_profile=0 crouch_yaw_err=0.0deg crouch_yaw_corr=0.000 crouch_yaw_applied=false crouch_fwd_bias=0.000 crouch_fwd_applied=false same_dir_turn=false opp_turn_shape=false uphill_segment=false uphill_seg_floor=false uphill_roll_floor=false min_step_floor=false override=true timeout=false serial=[6,-0.120,0.220]
[0m
[INFO] [1783904039.047261499] [cmd_vel_to_serial]: [0;96mserial tx: [6,-0.120,0.220]
[0m
[INFO] [1783904040.602780389] [cmd_vel_to_serial]: [0;96mserial tx: [0,0.500,0.500]
[0m
[INFO] [1783904040.602831238] [cmd_vel_to_serial]: [1;35mstep_debug mode=0 vx=0.000 wz=0.000 left_m=0.0185 right_m=0.0185 fwd_m=0.0185 step_yaw=0.0000 left_norm=0.500 right_norm=0.500 odom_y=0.407 odom_roll=1.2deg goal_y_err=0.000 odom_corr=0.000 odom_corr_applied=false path_lat_err=0.000 path_corr=0.000 path_corr_applied=false path_yaw_err=0.0deg path_yaw_corr=0.000 path_yaw_applied=false path_profile=0 crouch_yaw_err=0.0deg crouch_yaw_corr=0.000 crouch_yaw_applied=false crouch_fwd_bias=0.000 crouch_fwd_applied=false same_dir_turn=false opp_turn_shape=false uphill_segment=false uphill_seg_floor=false uphill_roll_floor=false min_step_floor=false override=true timeout=false serial=[0,0.500,0.500]
[0m
[INFO] [1783904040.899091917] [cmd_vel_to_serial]: [0;96mserial tx: [1,0.000,0.000]
[0m
[INFO] [1783904040.899140653] [cmd_vel_to_serial]: [1;33mstep_debug mode=1 vx=0.000 wz=0.000 left_m=0.0000 right_m=0.0000 fwd_m=0.0000 step_yaw=0.0000 left_norm=0.000 right_norm=0.000 odom_y=0.421 odom_roll=4.0deg goal_y_err=0.000 odom_corr=0.000 odom_corr_applied=false path_lat_err=0.000 path_corr=0.000 path_corr_applied=false path_yaw_err=0.0deg path_yaw_corr=0.000 path_yaw_applied=false path_profile=0 crouch_yaw_err=0.0deg crouch_yaw_corr=0.000 crouch_yaw_applied=false crouch_fwd_bias=0.000 crouch_fwd_applied=false same_dir_turn=false opp_turn_shape=false uphill_segment=false uphill_seg_floor=false uphill_roll_floor=false min_step_floor=false override=false timeout=true serial=[1,0.000,0.000]
[0m
[INFO] [1783904040.936133352] [cmd_vel_to_serial]: [0;96mserial tx: [6,-0.054,0.099]
[0m
[INFO] [1783904040.936183826] [cmd_vel_to_serial]: [1;35mstep_debug mode=6 vx=0.000 wz=0.000 left_m=-0.0020 right_m=0.0037 fwd_m=0.0008 step_yaw=0.0157 left_norm=-0.054 right_norm=0.099 odom_y=0.424 odom_roll=4.7deg goal_y_err=0.000 odom_corr=0.000 odom_corr_applied=false path_lat_err=0.000 path_corr=0.000 path_corr_applied=false path_yaw_err=0.0deg path_yaw_corr=0.000 path_yaw_applied=false path_profile=0 crouch_yaw_err=0.0deg crouch_yaw_corr=0.000 crouch_yaw_applied=false crouch_fwd_bias=0.000 crouch_fwd_applied=false same_dir_turn=false opp_turn_shape=false uphill_segment=false uphill_seg_floor=false uphill_roll_floor=false min_step_floor=false override=true timeout=false serial=[6,-0.054,0.099]
[0m
[INFO] [1783904041.084268019] [cmd_vel_to_serial]: [0;96mserial tx: [6,0.099,-0.054]
[0m
[INFO] [1783904041.195392535] [cmd_vel_to_serial]: [0;96mserial tx: [6,0.220,-0.120]
[0m
[INFO] [1783904041.269475108] [cmd_vel_to_serial]: [0;96mserial tx: [6,0.099,-0.054]
[0m
[INFO] [1783904041.343515794] [cmd_vel_to_serial]: [0;96mserial tx: [6,-0.054,0.099]
[0m
[INFO] [1783904041.491706874] [cmd_vel_to_serial]: [0;96mserial tx: [6,-0.120,0.220]
[0m
