[INFO] [1783734043.911775368] [cmd_vel_to_serial]: Fixed step overrides enabled: [mode=1, left_norm=1, right_norm=1] [mode=6, left_norm=-0.35, right_norm=0.6]
[INFO] [1783734044.006425350] [cmd_vel_to_serial]: serial start signal RX enabled. token=[start] topic=/motion_bridge/start_signal case_sensitive=false
[INFO] [1783734044.006469352] [cmd_vel_to_serial]: serial finish signal RX enabled. token=[finish] topic=/motion_bridge/finish_signal case_sensitive=false
[INFO] [1783734044.006476882] [cmd_vel_to_serial]: serial action ack RX enabled. jumping_token=[jumping] topic=/motion_bridge/action_ack
[INFO] [1783734044.006483786] [cmd_vel_to_serial]: [1;36mcmd_vel->serial bridge started. device=/dev/ttyUSB0 baud=115200 step_frequency=27.000 Hz default_mode=0 mode_topic=/dog_mode_current mode_echo_topic=/dog_mode_feedback/current odom_y_correction=disabled path_lateral_correction=enabled path_yaw_correction=enabled crouch_yaw_correction=disabled pose_yaw_offset=90.0deg[0m
[INFO] [1783734044.006502915] [cmd_vel_to_serial]: path lateral step correction enabled. odom_topic=/Odometry goal_topic=/goal_pose path_reference_topic=/serial_path_reference modes=3 deadband=0.050 m gain=0.800 norm/m max=0.180 sign=-1 stale_timeout=0.50 s
[INFO] [1783734044.006516284] [cmd_vel_to_serial]: path reference explicit start enabled. topic=/serial_path_reference_start timeout=0.50 s
[INFO] [1783734044.006523386] [cmd_vel_to_serial]: uphill path lateral correction override enabled. deadband=0.030 m gain=1.200 norm/m max=0.240 sign=-1 max_wz=1.200 rad/s
[INFO] [1783734044.006532205] [cmd_vel_to_serial]: path yaw correction enabled. odom_topic=/Odometry goal_topic=/goal_pose path_reference_topic=/serial_path_reference modes=1 deadband=5.00 deg gain=1.000 norm/rad max=0.200 stale_timeout=0.50 s profile_topic=/race_manager/path_correction_profile default_profile=0 new_goal_delay=0.10 s
[INFO] [1783734044.006541591] [cmd_vel_to_serial]: uphill path yaw correction override enabled. modes=1 deadband=3.00 deg gain=1.500 norm/rad max=0.300 max_wz=1.200 rad/s
[INFO] [1783734044.006549932] [cmd_vel_to_serial]: same-direction turn enabled. modes=3 min_wz=0.150 rad/s min_norm=0.040
[INFO] [1783734044.006557334] [cmd_vel_to_serial]: step override small opposite-sign shaping enabled. modes=1 small_norm=0.150 large_norm=0.200
[INFO] [1783734044.006566293] [cmd_vel_to_serial]: cmd_vel small opposite-sign shaping enabled. modes=1 small_norm=0.180 large_norm=0.200
[INFO] [1783734044.006572971] [cmd_vel_to_serial]: minimum output step norm enabled. modes=1 min_norm=0.100 override_modes=2
[INFO] [1783734044.006579576] [cmd_vel_to_serial]: uphill segment step floor enabled. modes=2 min_norm=0.800 goal_distance_min=0.60 m max_wz=1.200 forward_only=true state_topic=/race_manager/uphill_step_floor_enabled
[INFO] [1783734044.006587925] [cmd_vel_to_serial]: uphill roll step floor enabled. modes=2 min_roll=2.00 deg use_abs_roll=true min_norm=0.700 max_wz=1.200 require_segment=true state_topic=/race_manager/uphill_step_floor_enabled
[INFO] [1783734044.006596721] [cmd_vel_to_serial]: fixed step override runtime state topic=/motion_bridge/fixed_step_override_enabled initial=true
[INFO] [1783734044.006604246] [cmd_vel_to_serial]: direct step override enabled. topic=/serial_step_override timeout=1.00 s one_shot_topic=/serial_step_once
[INFO] [1783734044.860401577] [cmd_vel_to_serial]: Opened serial device /dev/ttyUSB0
[INFO] [1783734044.860512280] [cmd_vel_to_serial]: [0;96mserial tx: [0,0.000,0.000]
[0m
[INFO] [1783734044.860528141] [cmd_vel_to_serial]: [0;94mstep_debug mode=0 vx=0.000 wz=0.000 left_m=0.0000 right_m=0.0000 fwd_m=0.0000 step_yaw=0.0000 left_norm=0.000 right_norm=0.000 odom_y=-0.013 odom_roll=1.0deg goal_y_err=0.000 odom_corr=0.000 odom_corr_applied=false path_lat_err=0.000 path_corr=0.000 path_corr_applied=false path_yaw_err=0.0deg path_yaw_corr=0.000 path_yaw_applied=false path_profile=0 crouch_yaw_err=0.0deg crouch_yaw_corr=0.000 crouch_yaw_applied=false crouch_fwd_bias=0.000 crouch_fwd_applied=false same_dir_turn=false opp_turn_shape=false uphill_segment=false uphill_seg_floor=false uphill_roll_floor=false min_step_floor=false override=false timeout=false serial=[0,0.000,0.000]
[0m
[INFO] [1783734046.895418472] [cmd_vel_to_serial]: [0;96mserial tx: [0,0.000,0.000]
[0m
[INFO] [1783734047.895428213] [cmd_vel_to_serial]: [1;35mstep_debug mode=0 vx=0.000 wz=0.000 left_m=0.0000 right_m=0.0000 fwd_m=0.0000 step_yaw=0.0000 left_norm=0.000 right_norm=0.000 odom_y=-0.011 odom_roll=1.0deg goal_y_err=0.000 odom_corr=0.000 odom_corr_applied=false path_lat_err=0.000 path_corr=0.000 path_corr_applied=false path_yaw_err=0.0deg path_yaw_corr=0.000 path_yaw_applied=false path_profile=0 crouch_yaw_err=0.0deg crouch_yaw_corr=0.000 crouch_yaw_applied=false crouch_fwd_bias=0.000 crouch_fwd_applied=false same_dir_turn=false opp_turn_shape=false uphill_segment=false uphill_seg_floor=false uphill_roll_floor=false min_step_floor=false override=true timeout=false serial=[0,0.000,0.000]
[0m
[INFO] [1783734048.895426802] [cmd_vel_to_serial]: [0;96mserial tx: [0,0.000,0.000]
[0m
[INFO] [1783734049.895424050] [cmd_vel_to_serial]: Received serial start token [start], published /motion_bridge/start_signal=true
[INFO] [1783734049.896958394] [cmd_vel_to_serial]: [1;35mUpdated serial mode to 1[0m
[INFO] [1783734049.897664240] [cmd_vel_to_serial]: [1;35mUpdated path correction profile to 1 (0=off, 1=normal, 2=uphill_strong, 3=uphill_strong_sign_test)[0m
[INFO] [1783734049.932450917] [cmd_vel_to_serial]: [0;96mserial tx: [1,0.000,0.000]
[0m
[INFO] [1783734049.932492117] [cmd_vel_to_serial]: [1;33mstep_debug mode=1 vx=0.000 wz=0.000 left_m=0.0000 right_m=0.0000 fwd_m=0.0000 step_yaw=0.0000 left_norm=0.000 right_norm=0.000 odom_y=-0.007 odom_roll=1.0deg goal_y_err=0.000 odom_corr=0.000 odom_corr_applied=false path_lat_err=0.000 path_corr=0.000 path_corr_applied=false path_yaw_err=0.0deg path_yaw_corr=0.000 path_yaw_applied=false path_profile=1 crouch_yaw_err=0.0deg crouch_yaw_corr=0.000 crouch_yaw_applied=false crouch_fwd_bias=0.000 crouch_fwd_applied=false same_dir_turn=false opp_turn_shape=false uphill_segment=false uphill_seg_floor=false uphill_roll_floor=false min_step_floor=false override=false timeout=true serial=[1,0.000,0.000]
[0m
[INFO] [1783734049.978725318] [cmd_vel_to_serial]: [1;35mUpdated path correction profile to 0 (0=off, 1=normal, 2=uphill_strong, 3=uphill_strong_sign_test)[0m
[INFO] [1783734050.006769597] [cmd_vel_to_serial]: [0;96mserial tx: [1,0.800,0.800]
[0m
[INFO] [1783734050.006844024] [cmd_vel_to_serial]: [1;35mstep_debug mode=1 vx=0.000 wz=0.000 left_m=0.0296 right_m=0.0296 fwd_m=0.0296 step_yaw=0.0000 left_norm=0.800 right_norm=0.800 odom_y=-0.011 odom_roll=1.0deg goal_y_err=0.000 odom_corr=0.000 odom_corr_applied=false path_lat_err=0.000 path_corr=0.000 path_corr_applied=false path_yaw_err=0.0deg path_yaw_corr=0.000 path_yaw_applied=false path_profile=0 crouch_yaw_err=0.0deg crouch_yaw_corr=0.000 crouch_yaw_applied=false crouch_fwd_bias=0.000 crouch_fwd_applied=false same_dir_turn=false opp_turn_shape=false uphill_segment=false uphill_seg_floor=false uphill_roll_floor=false min_step_floor=false override=true timeout=false serial=[1,0.800,0.800]
[0m
[INFO] [1783734052.007169264] [cmd_vel_to_serial]: [0;96mserial tx: [1,0.800,0.800]
[0m
[INFO] [1783734053.043571683] [cmd_vel_to_serial]: [1;35mstep_debug mode=1 vx=0.000 wz=0.000 left_m=0.0296 right_m=0.0296 fwd_m=0.0296 step_yaw=0.0000 left_norm=0.800 right_norm=0.800 odom_y=0.587 odom_roll=-13.0deg goal_y_err=0.000 odom_corr=0.000 odom_corr_applied=false path_lat_err=0.000 path_corr=0.000 path_corr_applied=false path_yaw_err=0.0deg path_yaw_corr=0.000 path_yaw_applied=false path_profile=0 crouch_yaw_err=0.0deg crouch_yaw_corr=0.000 crouch_yaw_applied=false crouch_fwd_bias=0.000 crouch_fwd_applied=false same_dir_turn=false opp_turn_shape=false uphill_segment=false uphill_seg_floor=false uphill_roll_floor=false min_step_floor=false override=true timeout=false serial=[1,0.800,0.800]
[0m
[INFO] [1783734054.043592662] [cmd_vel_to_serial]: [0;96mserial tx: [1,0.800,0.800]
[0m
[INFO] [1783734056.043591033] [cmd_vel_to_serial]: [0;96mserial tx: [1,0.800,0.800]
[0m
[INFO] [1783734056.043631400] [cmd_vel_to_serial]: [1;35mstep_debug mode=1 vx=0.000 wz=0.000 left_m=0.0296 right_m=0.0296 fwd_m=0.0296 step_yaw=0.0000 left_norm=0.800 right_norm=0.800 odom_y=0.890 odom_roll=2.7deg goal_y_err=0.000 odom_corr=0.000 odom_corr_applied=false path_lat_err=0.000 path_corr=0.000 path_corr_applied=false path_yaw_err=0.0deg path_yaw_corr=0.000 path_yaw_applied=false path_profile=0 crouch_yaw_err=0.0deg crouch_yaw_corr=0.000 crouch_yaw_applied=false crouch_fwd_bias=0.000 crouch_fwd_applied=false same_dir_turn=false opp_turn_shape=false uphill_segment=false uphill_seg_floor=false uphill_roll_floor=false min_step_floor=false override=true timeout=false serial=[1,0.800,0.800]
[0m
[INFO] [1783734058.080652164] [cmd_vel_to_serial]: [0;96mserial tx: [1,0.800,0.800]
[0m
[INFO] [1783734059.080615501] [cmd_vel_to_serial]: [1;35mstep_debug mode=1 vx=0.000 wz=0.000 left_m=0.0296 right_m=0.0296 fwd_m=0.0296 step_yaw=0.0000 left_norm=0.800 right_norm=0.800 odom_y=1.344 odom_roll=3.0deg goal_y_err=0.000 odom_corr=0.000 odom_corr_applied=false path_lat_err=0.000 path_corr=0.000 path_corr_applied=false path_yaw_err=0.0deg path_yaw_corr=0.000 path_yaw_applied=false path_profile=0 crouch_yaw_err=0.0deg crouch_yaw_corr=0.000 crouch_yaw_applied=false crouch_fwd_bias=0.000 crouch_fwd_applied=false same_dir_turn=false opp_turn_shape=false uphill_segment=false uphill_seg_floor=false uphill_roll_floor=false min_step_floor=false override=true timeout=false serial=[1,0.800,0.800]
[0m
[INFO] [1783734059.570501543] [cmd_vel_to_serial]: [1;35mUpdated serial mode to 0[0m
[INFO] [1783734059.570785137] [cmd_vel_to_serial]: [1;35mUpdated uphill step floor segment state to true[0m
[INFO] [1783734059.572388389] [cmd_vel_to_serial]: [1;35mUpdated uphill step floor segment state to false[0m
[INFO] [1783734059.599227735] [cmd_vel_to_serial]: [0;96mserial tx: [0,0.000,0.000]
[0m
[INFO] [1783734059.599266455] [cmd_vel_to_serial]: [1;33mstep_debug mode=0 vx=0.000 wz=0.000 left_m=0.0000 right_m=0.0000 fwd_m=0.0000 step_yaw=0.0000 left_norm=0.000 right_norm=0.000 odom_y=1.390 odom_roll=14.2deg goal_y_err=0.000 odom_corr=0.000 odom_corr_applied=false path_lat_err=0.000 path_corr=0.000 path_corr_applied=false path_yaw_err=0.0deg path_yaw_corr=0.000 path_yaw_applied=false path_profile=0 crouch_yaw_err=0.0deg crouch_yaw_corr=0.000 crouch_yaw_applied=false crouch_fwd_bias=0.000 crouch_fwd_applied=false same_dir_turn=false opp_turn_shape=false uphill_segment=false uphill_seg_floor=false uphill_roll_floor=false min_step_floor=false override=false timeout=true serial=[0,0.000,0.000]
[0m
[INFO] [1783734059.636172631] [cmd_vel_to_serial]: [0;96mserial tx: [6,0.100,-0.050]
[0m
[INFO] [1783734059.636214638] [cmd_vel_to_serial]: [1;35mstep_debug mode=6 vx=0.000 wz=0.000 left_m=0.0037 right_m=-0.0019 fwd_m=0.0009 step_yaw=-0.0154 left_norm=0.100 right_norm=-0.050 odom_y=1.401 odom_roll=16.3deg goal_y_err=0.000 odom_corr=0.000 odom_corr_applied=false path_lat_err=0.000 path_corr=0.000 path_corr_applied=false path_yaw_err=0.0deg path_yaw_corr=0.000 path_yaw_applied=false path_profile=0 crouch_yaw_err=0.0deg crouch_yaw_corr=0.000 crouch_yaw_applied=false crouch_fwd_bias=0.000 crouch_fwd_applied=false same_dir_turn=false opp_turn_shape=false uphill_segment=false uphill_seg_floor=false uphill_roll_floor=false min_step_floor=false override=true timeout=false serial=[6,0.100,-0.050]
[0m
[INFO] [1783734059.673208090] [cmd_vel_to_serial]: [0;96mserial tx: [6,0.280,-0.180]
[0m
[INFO] [1783734059.969545195] [cmd_vel_to_serial]: [0;96mserial tx: [6,0.100,-0.050]
[0m
[INFO] [1783734060.154688674] [cmd_vel_to_serial]: [0;96mserial tx: [0,0.000,0.000]
[0m
[INFO] [1783734060.154728133] [cmd_vel_to_serial]: [1;35mstep_debug mode=0 vx=0.000 wz=0.000 left_m=0.0000 right_m=0.0000 fwd_m=0.0000 step_yaw=0.0000 left_norm=0.000 right_norm=0.000 odom_y=1.416 odom_roll=8.4deg goal_y_err=0.000 odom_corr=0.000 odom_corr_applied=false path_lat_err=0.000 path_corr=0.000 path_corr_applied=false path_yaw_err=0.0deg path_yaw_corr=0.000 path_yaw_applied=false path_profile=0 crouch_yaw_err=0.0deg crouch_yaw_corr=0.000 crouch_yaw_applied=false crouch_fwd_bias=0.000 crouch_fwd_applied=false same_dir_turn=false opp_turn_shape=false uphill_segment=false uphill_seg_floor=false uphill_roll_floor=false min_step_floor=false override=true timeout=false serial=[0,0.000,0.000]
[0m
[INFO] [1783734060.710248287] [cmd_vel_to_serial]: [0;96mserial tx: [0,0.500,0.500]
[0m
[INFO] [1783734060.710287061] [cmd_vel_to_serial]: [1;35mstep_debug mode=0 vx=0.000 wz=0.000 left_m=0.0185 right_m=0.0185 fwd_m=0.0185 step_yaw=0.0000 left_norm=0.500 right_norm=0.500 odom_y=1.446 odom_roll=3.2deg goal_y_err=0.000 odom_corr=0.000 odom_corr_applied=false path_lat_err=0.000 path_corr=0.000 path_corr_applied=false path_yaw_err=0.0deg path_yaw_corr=0.000 path_yaw_applied=false path_profile=0 crouch_yaw_err=0.0deg crouch_yaw_corr=0.000 crouch_yaw_applied=false crouch_fwd_bias=0.000 crouch_fwd_applied=false same_dir_turn=false opp_turn_shape=false uphill_segment=false uphill_seg_floor=false uphill_roll_floor=false min_step_floor=false override=true timeout=false serial=[0,0.500,0.500]
[0m
[INFO] [1783734062.117693695] [cmd_vel_to_serial]: [0;96mserial tx: [0,0.000,0.000]
[0m
[INFO] [1783734062.117742610] [cmd_vel_to_serial]: [1;33mstep_debug mode=0 vx=0.000 wz=0.000 left_m=0.0000 right_m=0.0000 fwd_m=0.0000 step_yaw=0.0000 left_norm=0.000 right_norm=0.000 odom_y=1.831 odom_roll=11.7deg goal_y_err=0.000 odom_corr=0.000 odom_corr_applied=false path_lat_err=0.000 path_corr=0.000 path_corr_applied=false path_yaw_err=0.0deg path_yaw_corr=0.000 path_yaw_applied=false path_profile=0 crouch_yaw_err=0.0deg crouch_yaw_corr=0.000 crouch_yaw_applied=false crouch_fwd_bias=0.000 crouch_fwd_applied=false same_dir_turn=false opp_turn_shape=false uphill_segment=false uphill_seg_floor=false uphill_roll_floor=false min_step_floor=false override=false timeout=true serial=[0,0.000,0.000]
[0m
[INFO] [1783734062.117785460] [cmd_vel_to_serial]: [1;35mUpdated serial mode to 7[0m
[INFO] [1783734062.118244866] [cmd_vel_to_serial]: [1;35mUpdated uphill step floor segment state to true[0m
[INFO] [1783734062.154840402] [cmd_vel_to_serial]: [0;96mserial tx: [7,0.000,0.000]
[0m
[INFO] [1783734062.154882653] [cmd_vel_to_serial]: [1;33mstep_debug mode=7 vx=0.000 wz=0.000 left_m=0.0000 right_m=0.0000 fwd_m=0.0000 step_yaw=0.0000 left_norm=0.000 right_norm=0.000 odom_y=1.846 odom_roll=12.7deg goal_y_err=0.000 odom_corr=0.000 odom_corr_applied=false path_lat_err=0.000 path_corr=0.000 path_corr_applied=false path_yaw_err=0.0deg path_yaw_corr=0.000 path_yaw_applied=false path_profile=0 crouch_yaw_err=0.0deg crouch_yaw_corr=0.000 crouch_yaw_applied=false crouch_fwd_bias=0.000 crouch_fwd_applied=false same_dir_turn=false opp_turn_shape=false uphill_segment=true uphill_seg_floor=false uphill_roll_floor=false min_step_floor=false override=false timeout=true serial=[7,0.000,0.000]
[0m
[INFO] [1783734062.191924962] [cmd_vel_to_serial]: [0;96mserial tx: [7,0.743,0.700]
[0m
[INFO] [1783734062.191975874] [cmd_vel_to_serial]: [1;32mstep_debug mode=7 vx=0.550 wz=-0.120 left_m=0.0275 right_m=0.0259 fwd_m=0.0267 step_yaw=-0.0044 left_norm=0.743 right_norm=0.700 odom_y=1.858 odom_roll=15.1deg goal_y_err=0.000 odom_corr=0.000 odom_corr_applied=false path_lat_err=0.000 path_corr=0.000 path_corr_applied=false path_yaw_err=0.0deg path_yaw_corr=0.000 path_yaw_applied=false path_profile=0 crouch_yaw_err=0.0deg crouch_yaw_corr=0.000 crouch_yaw_applied=false crouch_fwd_bias=0.000 crouch_fwd_applied=false same_dir_turn=false opp_turn_shape=false uphill_segment=true uphill_seg_floor=false uphill_roll_floor=true min_step_floor=true override=false timeout=false serial=[7,0.743,0.700]
[0m
[INFO] [1783734064.193727543] [cmd_vel_to_serial]: [0;96mserial tx: [7,0.700,0.748]
[0m
[INFO] [1783734065.194529238] [cmd_vel_to_serial]: [1;32mstep_debug mode=7 vx=0.419 wz=0.216 left_m=0.0259 right_m=0.0288 fwd_m=0.0274 step_yaw=0.0080 left_norm=0.700 right_norm=0.778 odom_y=2.864 odom_roll=4.6deg goal_y_err=0.000 odom_corr=0.000 odom_corr_applied=false path_lat_err=0.000 path_corr=0.000 path_corr_applied=false path_yaw_err=0.0deg path_yaw_corr=0.000 path_yaw_applied=false path_profile=0 crouch_yaw_err=0.0deg crouch_yaw_corr=0.000 crouch_yaw_applied=false crouch_fwd_bias=0.000 crouch_fwd_applied=false same_dir_turn=false opp_turn_shape=false uphill_segment=true uphill_seg_floor=false uphill_roll_floor=true min_step_floor=true override=false timeout=false serial=[7,0.700,0.778]
[0m
[INFO] [1783734065.342784555] [cmd_vel_to_serial]: [0;96mserial tx: [7,0.800,0.883]
[0m
[INFO] [1783734065.379854632] [cmd_vel_to_serial]: [0;96mserial tx: [7,0.700,0.783]
[0m
[INFO] [1783734065.491167045] [cmd_vel_to_serial]: [0;96mserial tx: [7,0.268,0.354]
[0m
[INFO] [1783734065.491225525] [cmd_vel_to_serial]: [0;94mstep_debug mode=7 vx=0.311 wz=0.238 left_m=0.0099 right_m=0.0131 fwd_m=0.0115 step_yaw=0.0088 left_norm=0.268 right_norm=0.354 odom_y=3.014 odom_roll=1.9deg goal_y_err=0.000 odom_corr=0.000 odom_corr_applied=false path_lat_err=0.000 path_corr=0.000 path_corr_applied=false path_yaw_err=0.0deg path_yaw_corr=0.000 path_yaw_applied=false path_profile=0 crouch_yaw_err=0.0deg crouch_yaw_corr=0.000 crouch_yaw_applied=false crouch_fwd_bias=0.000 crouch_fwd_applied=false same_dir_turn=false opp_turn_shape=false uphill_segment=true uphill_seg_floor=false uphill_roll_floor=false min_step_floor=false override=false timeout=false serial=[7,0.268,0.354]
[0m
[INFO] [1783734065.676417236] [cmd_vel_to_serial]: [0;96mserial tx: [7,0.167,0.265]
[0m
[INFO] [1783734066.047024966] [cmd_vel_to_serial]: [0;96mserial tx: [7,0.700,0.820]
[0m
[INFO] [1783734066.047067872] [cmd_vel_to_serial]: [1;32mstep_debug mode=7 vx=0.183 wz=0.333 left_m=0.0259 right_m=0.0304 fwd_m=0.0281 step_yaw=0.0123 left_norm=0.700 right_norm=0.820 odom_y=3.120 odom_roll=2.6deg goal_y_err=0.000 odom_corr=0.000 odom_corr_applied=false path_lat_err=0.000 path_corr=0.000 path_corr_applied=false path_yaw_err=0.0deg path_yaw_corr=0.000 path_yaw_applied=false path_profile=0 crouch_yaw_err=0.0deg crouch_yaw_corr=0.000 crouch_yaw_applied=false crouch_fwd_bias=0.000 crouch_fwd_applied=false same_dir_turn=false opp_turn_shape=false uphill_segment=true uphill_seg_floor=false uphill_roll_floor=true min_step_floor=true override=false timeout=false serial=[7,0.700,0.820]
[0m
[INFO] [1783734066.158243490] [cmd_vel_to_serial]: [0;96mserial tx: [7,0.132,0.240]
[0m
[INFO] [1783734066.158319340] [cmd_vel_to_serial]: [0;94mstep_debug mode=7 vx=0.186 wz=0.302 left_m=0.0049 right_m=0.0089 fwd_m=0.0069 step_yaw=0.0112 left_norm=0.132 right_norm=0.240 odom_y=3.137 odom_roll=1.7deg goal_y_err=0.000 odom_corr=0.000 odom_corr_applied=false path_lat_err=0.000 path_corr=0.000 path_corr_applied=false path_yaw_err=0.0deg path_yaw_corr=0.000 path_yaw_applied=false path_profile=0 crouch_yaw_err=0.0deg crouch_yaw_corr=0.000 crouch_yaw_applied=false crouch_fwd_bias=0.000 crouch_fwd_applied=false same_dir_turn=false opp_turn_shape=false uphill_segment=true uphill_seg_floor=false uphill_roll_floor=false min_step_floor=false override=false timeout=false serial=[7,0.132,0.240]
[0m
[INFO] [1783734066.269412946] [cmd_vel_to_serial]: [0;96mserial tx: [7,0.700,0.814]
[0m
[INFO] [1783734066.269449612] [cmd_vel_to_serial]: [1;32mstep_debug mode=7 vx=0.191 wz=0.316 left_m=0.0259 right_m=0.0301 fwd_m=0.0280 step_yaw=0.0117 left_norm=0.700 right_norm=0.814 odom_y=3.126 odom_roll=4.1deg goal_y_err=0.000 odom_corr=0.000 odom_corr_applied=false path_lat_err=0.000 path_corr=0.000 path_corr_applied=false path_yaw_err=0.0deg path_yaw_corr=0.000 path_yaw_applied=false path_profile=0 crouch_yaw_err=0.0deg crouch_yaw_corr=0.000 crouch_yaw_applied=false crouch_fwd_bias=0.000 crouch_fwd_applied=false same_dir_turn=false opp_turn_shape=false uphill_segment=true uphill_seg_floor=false uphill_roll_floor=true min_step_floor=true override=false timeout=false serial=[7,0.700,0.814]
[0m
[INFO] [1783734066.344173206] [cmd_vel_to_serial]: [1;35mUpdated serial mode to 0[0m
[INFO] [1783734066.344464931] [cmd_vel_to_serial]: [1;35mUpdated uphill step floor segment state to false[0m
[INFO] [1783734066.380605745] [cmd_vel_to_serial]: [0;96mserial tx: [0,0.200,0.222]
[0m
[INFO] [1783734066.380657502] [cmd_vel_to_serial]: [1;32mstep_debug mode=0 vx=0.165 wz=0.319 left_m=0.0074 right_m=0.0082 fwd_m=0.0078 step_yaw=0.0023 left_norm=0.200 right_norm=0.222 odom_y=3.185 odom_roll=1.5deg goal_y_err=0.000 odom_corr=0.000 odom_corr_applied=false path_lat_err=0.000 path_corr=0.000 path_corr_applied=false path_yaw_err=0.0deg path_yaw_corr=0.000 path_yaw_applied=false path_profile=0 crouch_yaw_err=0.0deg crouch_yaw_corr=0.000 crouch_yaw_applied=false crouch_fwd_bias=0.000 crouch_fwd_applied=false same_dir_turn=false opp_turn_shape=false uphill_segment=false uphill_seg_floor=false uphill_roll_floor=false min_step_floor=true override=false timeout=false serial=[0,0.200,0.222]
[0m
[INFO] [1783734066.677110021] [cmd_vel_to_serial]: [0;96mserial tx: [6,-0.400,0.500]
[0m
[INFO] [1783734066.677152110] [cmd_vel_to_serial]: [1;35mstep_debug mode=6 vx=0.000 wz=0.000 left_m=-0.0148 right_m=0.0185 fwd_m=0.0019 step_yaw=0.0926 left_norm=-0.400 right_norm=0.500 odom_y=3.254 odom_roll=1.1deg goal_y_err=0.000 odom_corr=0.000 odom_corr_applied=false path_lat_err=0.000 path_corr=0.000 path_corr_applied=false path_yaw_err=0.0deg path_yaw_corr=0.000 path_yaw_applied=false path_profile=0 crouch_yaw_err=0.0deg crouch_yaw_corr=0.000 crouch_yaw_applied=false crouch_fwd_bias=0.000 crouch_fwd_applied=false same_dir_turn=false opp_turn_shape=false uphill_segment=false uphill_seg_floor=false uphill_roll_floor=false min_step_floor=false override=true timeout=false serial=[6,-0.400,0.500]
[0m
[INFO] [1783734068.182378142] [cmd_vel_to_serial]: [1;35mUpdated serial mode to 2[0m
[INFO] [1783734068.196696690] [cmd_vel_to_serial]: [0;96mserial tx: [2,0.000,0.000]
[0m
[INFO] [1783734068.196732663] [cmd_vel_to_serial]: [1;35mstep_debug mode=2 vx=0.000 wz=0.000 left_m=0.0000 right_m=0.0000 fwd_m=0.0000 step_yaw=0.0000 left_norm=0.000 right_norm=0.000 odom_y=3.239 odom_roll=1.5deg goal_y_err=0.000 odom_corr=0.000 odom_corr_applied=false path_lat_err=0.000 path_corr=0.000 path_corr_applied=false path_yaw_err=0.0deg path_yaw_corr=0.000 path_yaw_applied=false path_profile=0 crouch_yaw_err=0.0deg crouch_yaw_corr=0.000 crouch_yaw_applied=false crouch_fwd_bias=0.000 crouch_fwd_applied=false same_dir_turn=false opp_turn_shape=false uphill_segment=false uphill_seg_floor=false uphill_roll_floor=false min_step_floor=false override=true timeout=false serial=[2,0.000,0.000]
[0m
[INFO] [1783734069.197293511] [cmd_vel_to_serial]: [0;96mserial tx: [2,-0.200,0.650]
[0m
[INFO] [1783734069.197332431] [cmd_vel_to_serial]: [1;35mstep_debug mode=2 vx=0.000 wz=0.000 left_m=-0.0074 right_m=0.0241 fwd_m=0.0083 step_yaw=0.0875 left_norm=-0.200 right_norm=0.650 odom_y=3.232 odom_roll=-4.9deg goal_y_err=0.000 odom_corr=0.000 odom_corr_applied=false path_lat_err=0.000 path_corr=0.000 path_corr_applied=false path_yaw_err=0.0deg path_yaw_corr=0.000 path_yaw_applied=false path_profile=0 crouch_yaw_err=0.0deg crouch_yaw_corr=0.000 crouch_yaw_applied=false crouch_fwd_bias=0.000 crouch_fwd_applied=false same_dir_turn=false opp_turn_shape=true uphill_segment=false uphill_seg_floor=false uphill_roll_floor=false min_step_floor=false override=true timeout=false serial=[2,-0.200,0.650]
[0m
[INFO] [1783734071.198450573] [cmd_vel_to_serial]: [0;96mserial tx: [2,-0.200,0.650]
[0m
[INFO] [1783734072.087810105] [cmd_vel_to_serial]: [0;96mserial tx: [2,0.650,-0.200]
[0m
[INFO] [1783734072.087850096] [cmd_vel_to_serial]: [0;94mstep_debug mode=2 vx=0.000 wz=-0.800 left_m=0.0241 right_m=-0.0074 fwd_m=0.0083 step_yaw=-0.0875 left_norm=0.650 right_norm=-0.200 odom_y=3.235 odom_roll=1.2deg goal_y_err=0.000 odom_corr=0.000 odom_corr_applied=false path_lat_err=0.000 path_corr=0.000 path_corr_applied=false path_yaw_err=0.0deg path_yaw_corr=0.000 path_yaw_applied=false path_profile=0 crouch_yaw_err=0.0deg crouch_yaw_corr=0.000 crouch_yaw_applied=false crouch_fwd_bias=0.000 crouch_fwd_applied=false same_dir_turn=false opp_turn_shape=true uphill_segment=false uphill_seg_floor=false uphill_roll_floor=false min_step_floor=false override=false timeout=false serial=[2,0.650,-0.200]
[0m
[INFO] [1783734072.421289553] [cmd_vel_to_serial]: [0;96mserial tx: [2,0.000,0.000]
[0m
[INFO] [1783734072.421327768] [cmd_vel_to_serial]: [1;35mstep_debug mode=2 vx=0.000 wz=0.000 left_m=0.0000 right_m=0.0000 fwd_m=0.0000 step_yaw=0.0000 left_norm=0.000 right_norm=0.000 odom_y=3.242 odom_roll=1.3deg goal_y_err=0.000 odom_corr=0.000 odom_corr_applied=false path_lat_err=0.000 path_corr=0.000 path_corr_applied=false path_yaw_err=0.0deg path_yaw_corr=0.000 path_yaw_applied=false path_profile=0 crouch_yaw_err=0.0deg crouch_yaw_corr=0.000 crouch_yaw_applied=false crouch_fwd_bias=0.000 crouch_fwd_applied=false same_dir_turn=false opp_turn_shape=false uphill_segment=false uphill_seg_floor=false uphill_roll_floor=false min_step_floor=false override=true timeout=false serial=[2,0.000,0.000]
[0m
[INFO] [1783734072.643635898] [cmd_vel_to_serial]: [0;96mserial tx: [2,1.000,1.000]
[0m
[INFO] [1783734072.643696726] [cmd_vel_to_serial]: [1;35mstep_debug mode=2 vx=0.000 wz=0.000 left_m=0.0370 right_m=0.0370 fwd_m=0.0370 step_yaw=0.0000 left_norm=1.000 right_norm=1.000 odom_y=3.230 odom_roll=1.1deg goal_y_err=0.000 odom_corr=0.000 odom_corr_applied=false path_lat_err=0.000 path_corr=0.000 path_corr_applied=false path_yaw_err=0.0deg path_yaw_corr=0.000 path_yaw_applied=false path_profile=0 crouch_yaw_err=0.0deg crouch_yaw_corr=0.000 crouch_yaw_applied=false crouch_fwd_bias=0.000 crouch_fwd_applied=false same_dir_turn=false opp_turn_shape=false uphill_segment=false uphill_seg_floor=false uphill_roll_floor=false min_step_floor=false override=true timeout=false serial=[2,1.000,1.000]
[0m
[INFO] [1783734073.236527211] [cmd_vel_to_serial]: [0;96mserial tx: [2,-0.200,0.650]
[0m
[INFO] [1783734073.236589939] [cmd_vel_to_serial]: [1;35mstep_debug mode=2 vx=0.000 wz=0.000 left_m=-0.0074 right_m=0.0241 fwd_m=0.0083 step_yaw=0.0875 left_norm=-0.200 right_norm=0.650 odom_y=3.226 odom_roll=2.2deg goal_y_err=0.000 odom_corr=0.000 odom_corr_applied=false path_lat_err=0.000 path_corr=0.000 path_corr_applied=false path_yaw_err=0.0deg path_yaw_corr=0.000 path_yaw_applied=false path_profile=0 crouch_yaw_err=0.0deg crouch_yaw_corr=0.000 crouch_yaw_applied=false crouch_fwd_bias=0.000 crouch_fwd_applied=false same_dir_turn=false opp_turn_shape=true uphill_segment=false uphill_seg_floor=false uphill_roll_floor=false min_step_floor=false override=true timeout=false serial=[2,-0.200,0.650]
[0m
[INFO] [1783734074.162991142] [cmd_vel_to_serial]: [0;96mserial tx: [2,1.000,1.000]
[0m
[INFO] [1783734074.163056377] [cmd_vel_to_serial]: [1;35mstep_debug mode=2 vx=0.000 wz=0.000 left_m=0.0370 right_m=0.0370 fwd_m=0.0370 step_yaw=0.0000 left_norm=1.000 right_norm=1.000 odom_y=3.219 odom_roll=2.8deg goal_y_err=0.000 odom_corr=0.000 odom_corr_applied=false path_lat_err=0.000 path_corr=0.000 path_corr_applied=false path_yaw_err=0.0deg path_yaw_corr=0.000 path_yaw_applied=false path_profile=0 crouch_yaw_err=0.0deg crouch_yaw_corr=0.000 crouch_yaw_applied=false crouch_fwd_bias=0.000 crouch_fwd_applied=false same_dir_turn=false opp_turn_shape=false uphill_segment=false uphill_seg_floor=false uphill_roll_floor=false min_step_floor=false override=true timeout=false serial=[2,1.000,1.000]
[0m
[INFO] [1783734076.163699074] [cmd_vel_to_serial]: [0;96mserial tx: [2,1.000,1.000]
[0m
[INFO] [1783734077.164043770] [cmd_vel_to_serial]: [1;35mstep_debug mode=2 vx=0.000 wz=0.000 left_m=0.0370 right_m=0.0370 fwd_m=0.0370 step_yaw=0.0000 left_norm=1.000 right_norm=1.000 odom_y=3.182 odom_roll=1.5deg goal_y_err=0.000 odom_corr=0.000 odom_corr_applied=false path_lat_err=0.000 path_corr=0.000 path_corr_applied=false path_yaw_err=0.0deg path_yaw_corr=0.000 path_yaw_applied=false path_profile=0 crouch_yaw_err=0.0deg crouch_yaw_corr=0.000 crouch_yaw_applied=false crouch_fwd_bias=0.000 crouch_fwd_applied=false same_dir_turn=false opp_turn_shape=false uphill_segment=false uphill_seg_floor=false uphill_roll_floor=false min_step_floor=false override=true timeout=false serial=[2,1.000,1.000]
[0m
[INFO] [1783734078.164417406] [cmd_vel_to_serial]: [0;96mserial tx: [2,1.000,1.000]
[0m
[INFO] [1783734079.831709644] [cmd_vel_to_serial]: [0;96mserial tx: [2,-0.200,0.650]
[0m
[INFO] [1783734079.831820110] [cmd_vel_to_serial]: [1;35mstep_debug mode=2 vx=0.000 wz=0.000 left_m=-0.0074 right_m=0.0241 fwd_m=0.0083 step_yaw=0.0875 left_norm=-0.200 right_norm=0.650 odom_y=3.178 odom_roll=3.6deg goal_y_err=0.000 odom_corr=0.000 odom_corr_applied=false path_lat_err=0.000 path_corr=0.000 path_corr_applied=false path_yaw_err=0.0deg path_yaw_corr=0.000 path_yaw_applied=false path_profile=0 crouch_yaw_err=0.0deg crouch_yaw_corr=0.000 crouch_yaw_applied=false crouch_fwd_bias=0.000 crouch_fwd_applied=false same_dir_turn=false opp_turn_shape=true uphill_segment=false uphill_seg_floor=false uphill_roll_floor=false min_step_floor=true override=true timeout=false serial=[2,-0.200,0.650]
[0m
[INFO] [1783734080.461437982] [cmd_vel_to_serial]: [0;96mserial tx: [2,1.000,1.000]
[0m
[INFO] [1783734080.461477417] [cmd_vel_to_serial]: [1;35mstep_debug mode=2 vx=0.000 wz=0.000 left_m=0.0370 right_m=0.0370 fwd_m=0.0370 step_yaw=0.0000 left_norm=1.000 right_norm=1.000 odom_y=3.160 odom_roll=1.7deg goal_y_err=0.000 odom_corr=0.000 odom_corr_applied=false path_lat_err=0.000 path_corr=0.000 path_corr_applied=false path_yaw_err=0.0deg path_yaw_corr=0.000 path_yaw_applied=false path_profile=0 crouch_yaw_err=0.0deg crouch_yaw_corr=0.000 crouch_yaw_applied=false crouch_fwd_bias=0.000 crouch_fwd_applied=false same_dir_turn=false opp_turn_shape=false uphill_segment=false uphill_seg_floor=false uphill_roll_floor=false min_step_floor=false override=true timeout=false serial=[2,1.000,1.000]
[0m
[INFO] [1783734082.461997064] [cmd_vel_to_serial]: [0;96mserial tx: [2,1.000,1.000]
[0m
[INFO] [1783734083.462298797] [cmd_vel_to_serial]: [1;35mstep_debug mode=2 vx=0.000 wz=0.000 left_m=0.0370 right_m=0.0370 fwd_m=0.0370 step_yaw=0.0000 left_norm=1.000 right_norm=1.000 odom_y=3.094 odom_roll=1.1deg goal_y_err=0.000 odom_corr=0.000 odom_corr_applied=false path_lat_err=0.000 path_corr=0.000 path_corr_applied=false path_yaw_err=0.0deg path_yaw_corr=0.000 path_yaw_applied=false path_profile=0 crouch_yaw_err=0.0deg crouch_yaw_corr=0.000 crouch_yaw_applied=false crouch_fwd_bias=0.000 crouch_fwd_applied=false same_dir_turn=false opp_turn_shape=false uphill_segment=false uphill_seg_floor=false uphill_roll_floor=false min_step_floor=false override=true timeout=false serial=[2,1.000,1.000]
[0m
[INFO] [1783734083.832684379] [cmd_vel_to_serial]: [0;96mserial tx: [2,-0.200,0.650]
[0m
[INFO] [1783734083.834856126] [cmd_vel_to_serial]: [1;35mstep_debug mode=2 vx=0.000 wz=0.000 left_m=-0.0074 right_m=0.0241 fwd_m=0.0083 step_yaw=0.0875 left_norm=-0.200 right_norm=0.650 odom_y=3.138 odom_roll=2.3deg goal_y_err=0.000 odom_corr=0.000 odom_corr_applied=false path_lat_err=0.000 path_corr=0.000 path_corr_applied=false path_yaw_err=0.0deg path_yaw_corr=0.000 path_yaw_applied=false path_profile=0 crouch_yaw_err=0.0deg crouch_yaw_corr=0.000 crouch_yaw_applied=false crouch_fwd_bias=0.000 crouch_fwd_applied=false same_dir_turn=false opp_turn_shape=true uphill_segment=false uphill_seg_floor=false uphill_roll_floor=false min_step_floor=false override=true timeout=false serial=[2,-0.200,0.650]
[0m
[INFO] [1783734085.834720274] [cmd_vel_to_serial]: [0;96mserial tx: [2,-0.200,0.650]
[0m
[INFO] [1783734086.462927791] [cmd_vel_to_serial]: [0;96mserial tx: [2,1.000,1.000]
[0m
[INFO] [1783734086.462981685] [cmd_vel_to_serial]: [1;35mstep_debug mode=2 vx=0.000 wz=0.000 left_m=0.0370 right_m=0.0370 fwd_m=0.0370 step_yaw=0.0000 left_norm=1.000 right_norm=1.000 odom_y=3.109 odom_roll=2.3deg goal_y_err=0.000 odom_corr=0.000 odom_corr_applied=false path_lat_err=0.000 path_corr=0.000 path_corr_applied=false path_yaw_err=0.0deg path_yaw_corr=0.000 path_yaw_applied=false path_profile=0 crouch_yaw_err=0.0deg crouch_yaw_corr=0.000 crouch_yaw_applied=false crouch_fwd_bias=0.000 crouch_fwd_applied=false same_dir_turn=false opp_turn_shape=false uphill_segment=false uphill_seg_floor=false uphill_roll_floor=false min_step_floor=false override=true timeout=false serial=[2,1.000,1.000]
[0m
[INFO] [1783734088.463326355] [cmd_vel_to_serial]: [0;96mserial tx: [2,1.000,1.000]
[0m
[INFO] [1783734089.463918367] [cmd_vel_to_serial]: [1;35mstep_debug mode=2 vx=0.000 wz=0.000 left_m=0.0370 right_m=0.0370 fwd_m=0.0370 step_yaw=0.0000 left_norm=1.000 right_norm=1.000 odom_y=3.078 odom_roll=2.1deg goal_y_err=0.000 odom_corr=0.000 odom_corr_applied=false path_lat_err=0.000 path_corr=0.000 path_corr_applied=false path_yaw_err=0.0deg path_yaw_corr=0.000 path_yaw_applied=false path_profile=0 crouch_yaw_err=0.0deg crouch_yaw_corr=0.000 crouch_yaw_applied=false crouch_fwd_bias=0.000 crouch_fwd_applied=false same_dir_turn=false opp_turn_shape=false uphill_segment=false uphill_seg_floor=false uphill_roll_floor=false min_step_floor=false override=true timeout=false serial=[2,1.000,1.000]
[0m
[INFO] [1783734090.463638834] [cmd_vel_to_serial]: [0;96mserial tx: [2,1.000,1.000]
[0m
[INFO] [1783734092.463921488] [cmd_vel_to_serial]: [0;96mserial tx: [2,1.000,1.000]
[0m
[INFO] [1783734092.463963657] [cmd_vel_to_serial]: [1;35mstep_debug mode=2 vx=0.000 wz=0.000 left_m=0.0370 right_m=0.0370 fwd_m=0.0370 step_yaw=0.0000 left_norm=1.000 right_norm=1.000 odom_y=3.039 odom_roll=1.6deg goal_y_err=0.000 odom_corr=0.000 odom_corr_applied=false path_lat_err=0.000 path_corr=0.000 path_corr_applied=false path_yaw_err=0.0deg path_yaw_corr=0.000 path_yaw_applied=false path_profile=0 crouch_yaw_err=0.0deg crouch_yaw_corr=0.000 crouch_yaw_applied=false crouch_fwd_bias=0.000 crouch_fwd_applied=false same_dir_turn=false opp_turn_shape=false uphill_segment=false uphill_seg_floor=false uphill_roll_floor=false min_step_floor=false override=true timeout=false serial=[2,1.000,1.000]
[0m
[INFO] [1783734094.464211451] [cmd_vel_to_serial]: [0;96mserial tx: [2,1.000,1.000]
[0m
[INFO] [1783734094.760534880] [cmd_vel_to_serial]: [0;96mserial tx: [2,0.650,-0.200]
[0m
[INFO] [1783734094.760583447] [cmd_vel_to_serial]: [1;35mstep_debug mode=2 vx=0.000 wz=0.000 left_m=0.0241 right_m=-0.0074 fwd_m=0.0083 step_yaw=-0.0875 left_norm=0.650 right_norm=-0.200 odom_y=3.020 odom_roll=2.2deg goal_y_err=0.000 odom_corr=0.000 odom_corr_applied=false path_lat_err=0.000 path_corr=0.000 path_corr_applied=false path_yaw_err=0.0deg path_yaw_corr=0.000 path_yaw_applied=false path_profile=0 crouch_yaw_err=0.0deg crouch_yaw_corr=0.000 crouch_yaw_applied=false crouch_fwd_bias=0.000 crouch_fwd_applied=false same_dir_turn=false opp_turn_shape=true uphill_segment=false uphill_seg_floor=false uphill_roll_floor=false min_step_floor=false override=true timeout=false serial=[2,0.650,-0.200]
[0m
[INFO] [1783734095.538381576] [cmd_vel_to_serial]: [0;96mserial tx: [2,1.000,1.000]
[0m
[INFO] [1783734095.538433852] [cmd_vel_to_serial]: [1;35mstep_debug mode=2 vx=0.000 wz=0.000 left_m=0.0370 right_m=0.0370 fwd_m=0.0370 step_yaw=0.0000 left_norm=1.000 right_norm=1.000 odom_y=3.016 odom_roll=1.8deg goal_y_err=0.000 odom_corr=0.000 odom_corr_applied=false path_lat_err=0.000 path_corr=0.000 path_corr_applied=false path_yaw_err=0.0deg path_yaw_corr=0.000 path_yaw_applied=false path_profile=0 crouch_yaw_err=0.0deg crouch_yaw_corr=0.000 crouch_yaw_applied=false crouch_fwd_bias=0.000 crouch_fwd_applied=false same_dir_turn=false opp_turn_shape=false uphill_segment=false uphill_seg_floor=false uphill_roll_floor=false min_step_floor=false override=true timeout=false serial=[2,1.000,1.000]
[0m
[INFO] [1783734096.353305004] [cmd_vel_to_serial]: [0;96mserial tx: [2,0.650,-0.200]
[0m
[INFO] [1783734096.353347765] [cmd_vel_to_serial]: [1;35mstep_debug mode=2 vx=0.000 wz=0.000 left_m=0.0241 right_m=-0.0074 fwd_m=0.0083 step_yaw=-0.0875 left_norm=0.650 right_norm=-0.200 odom_y=3.010 odom_roll=2.0deg goal_y_err=0.000 odom_corr=0.000 odom_corr_applied=false path_lat_err=0.000 path_corr=0.000 path_corr_applied=false path_yaw_err=0.0deg path_yaw_corr=0.000 path_yaw_applied=false path_profile=0 crouch_yaw_err=0.0deg crouch_yaw_corr=0.000 crouch_yaw_applied=false crouch_fwd_bias=0.000 crouch_fwd_applied=false same_dir_turn=false opp_turn_shape=true uphill_segment=false uphill_seg_floor=false uphill_roll_floor=false min_step_floor=true override=true timeout=false serial=[2,0.650,-0.200]
[0m
[INFO] [1783734097.057079674] [cmd_vel_to_serial]: [0;96mserial tx: [2,1.000,1.000]
[0m
[INFO] [1783734097.057138252] [cmd_vel_to_serial]: [1;35mstep_debug mode=2 vx=0.000 wz=0.000 left_m=0.0370 right_m=0.0370 fwd_m=0.0370 step_yaw=0.0000 left_norm=1.000 right_norm=1.000 odom_y=2.981 odom_roll=1.6deg goal_y_err=0.000 odom_corr=0.000 odom_corr_applied=false path_lat_err=0.000 path_corr=0.000 path_corr_applied=false path_yaw_err=0.0deg path_yaw_corr=0.000 path_yaw_applied=false path_profile=0 crouch_yaw_err=0.0deg crouch_yaw_corr=0.000 crouch_yaw_applied=false crouch_fwd_bias=0.000 crouch_fwd_applied=false same_dir_turn=false opp_turn_shape=false uphill_segment=false uphill_seg_floor=false uphill_roll_floor=false min_step_floor=false override=true timeout=false serial=[2,1.000,1.000]
[0m
[INFO] [1783734099.057542505] [cmd_vel_to_serial]: [0;96mserial tx: [2,1.000,1.000]
[0m
[INFO] [1783734099.353609355] [cmd_vel_to_serial]: [0;96mserial tx: [2,0.650,-0.200]
[0m
[INFO] [1783734099.353679440] [cmd_vel_to_serial]: [1;35mstep_debug mode=2 vx=0.000 wz=0.000 left_m=0.0241 right_m=-0.0074 fwd_m=0.0083 step_yaw=-0.0875 left_norm=0.650 right_norm=-0.200 odom_y=3.014 odom_roll=1.4deg goal_y_err=0.000 odom_corr=0.000 odom_corr_applied=false path_lat_err=0.000 path_corr=0.000 path_corr_applied=false path_yaw_err=0.0deg path_yaw_corr=0.000 path_yaw_applied=false path_profile=0 crouch_yaw_err=0.0deg crouch_yaw_corr=0.000 crouch_yaw_applied=false crouch_fwd_bias=0.000 crouch_fwd_applied=false same_dir_turn=false opp_turn_shape=true uphill_segment=false uphill_seg_floor=false uphill_roll_floor=false min_step_floor=false override=true timeout=false serial=[2,0.650,-0.200]
[0m
[INFO] [1783734101.353735204] [cmd_vel_to_serial]: [0;96mserial tx: [2,0.650,-0.200]
[0m
[INFO] [1783734102.353834402] [cmd_vel_to_serial]: [1;35mstep_debug mode=2 vx=0.000 wz=0.000 left_m=0.0241 right_m=-0.0074 fwd_m=0.0083 step_yaw=-0.0875 left_norm=0.650 right_norm=-0.200 odom_y=2.996 odom_roll=1.5deg goal_y_err=0.000 odom_corr=0.000 odom_corr_applied=false path_lat_err=0.000 path_corr=0.000 path_corr_applied=false path_yaw_err=0.0deg path_yaw_corr=0.000 path_yaw_applied=false path_profile=0 crouch_yaw_err=0.0deg crouch_yaw_corr=0.000 crouch_yaw_applied=false crouch_fwd_bias=0.000 crouch_fwd_applied=false same_dir_turn=false opp_turn_shape=true uphill_segment=false uphill_seg_floor=false uphill_roll_floor=false min_step_floor=true override=true timeout=false serial=[2,0.650,-0.200]
[0m
[INFO] [1783734102.427907598] [cmd_vel_to_serial]: [0;96mserial tx: [2,1.000,1.000]
[0m
[INFO] [1783734102.427953047] [cmd_vel_to_serial]: [1;35mstep_debug mode=2 vx=0.000 wz=0.000 left_m=0.0370 right_m=0.0370 fwd_m=0.0370 step_yaw=0.0000 left_norm=1.000 right_norm=1.000 odom_y=3.000 odom_roll=1.3deg goal_y_err=0.000 odom_corr=0.000 odom_corr_applied=false path_lat_err=0.000 path_corr=0.000 path_corr_applied=false path_yaw_err=0.0deg path_yaw_corr=0.000 path_yaw_applied=false path_profile=0 crouch_yaw_err=0.0deg crouch_yaw_corr=0.000 crouch_yaw_applied=false crouch_fwd_bias=0.000 crouch_fwd_applied=false same_dir_turn=false opp_turn_shape=false uphill_segment=false uphill_seg_floor=false uphill_roll_floor=false min_step_floor=false override=true timeout=false serial=[2,1.000,1.000]
[0m
[INFO] [1783734104.428021276] [cmd_vel_to_serial]: [0;96mserial tx: [2,1.000,1.000]
[0m
[INFO] [1783734105.428207842] [cmd_vel_to_serial]: [1;35mstep_debug mode=2 vx=0.000 wz=0.000 left_m=0.0370 right_m=0.0370 fwd_m=0.0370 step_yaw=0.0000 left_norm=1.000 right_norm=1.000 odom_y=2.999 odom_roll=2.9deg goal_y_err=0.000 odom_corr=0.000 odom_corr_applied=false path_lat_err=0.000 path_corr=0.000 path_corr_applied=false path_yaw_err=0.0deg path_yaw_corr=0.000 path_yaw_applied=false path_profile=0 crouch_yaw_err=0.0deg crouch_yaw_corr=0.000 crouch_yaw_applied=false crouch_fwd_bias=0.000 crouch_fwd_applied=false same_dir_turn=false opp_turn_shape=false uphill_segment=false uphill_seg_floor=false uphill_roll_floor=false min_step_floor=false override=true timeout=false serial=[2,1.000,1.000]
[0m
[INFO] [1783734106.428133401] [cmd_vel_to_serial]: [0;96mserial tx: [2,1.000,1.000]
[0m
[INFO] [1783734108.428232220] [cmd_vel_to_serial]: [0;96mserial tx: [2,1.000,1.000]
[0m
[INFO] [1783734108.428270505] [cmd_vel_to_serial]: [1;35mstep_debug mode=2 vx=0.000 wz=0.000 left_m=0.0370 right_m=0.0370 fwd_m=0.0370 step_yaw=0.0000 left_norm=1.000 right_norm=1.000 odom_y=2.967 odom_roll=0.9deg goal_y_err=0.000 odom_corr=0.000 odom_corr_applied=false path_lat_err=0.000 path_corr=0.000 path_corr_applied=false path_yaw_err=0.0deg path_yaw_corr=0.000 path_yaw_applied=false path_profile=0 crouch_yaw_err=0.0deg crouch_yaw_corr=0.000 crouch_yaw_applied=false crouch_fwd_bias=0.000 crouch_fwd_applied=false same_dir_turn=false opp_turn_shape=false uphill_segment=false uphill_seg_floor=false uphill_roll_floor=false min_step_floor=false override=true timeout=false serial=[2,1.000,1.000]
[0m
[INFO] [1783734108.687544804] [cmd_vel_to_serial]: [0;96mserial tx: [2,-0.200,-0.200]
[0m
[INFO] [1783734108.687603437] [cmd_vel_to_serial]: [1;35mstep_debug mode=2 vx=0.000 wz=0.000 left_m=-0.0074 right_m=-0.0074 fwd_m=-0.0074 step_yaw=0.0000 left_norm=-0.200 right_norm=-0.200 odom_y=2.973 odom_roll=0.9deg goal_y_err=0.000 odom_corr=0.000 odom_corr_applied=false path_lat_err=0.000 path_corr=0.000 path_corr_applied=false path_yaw_err=0.0deg path_yaw_corr=0.000 path_yaw_applied=false path_profile=0 crouch_yaw_err=0.0deg crouch_yaw_corr=0.000 crouch_yaw_applied=false crouch_fwd_bias=0.000 crouch_fwd_applied=false same_dir_turn=false opp_turn_shape=false uphill_segment=false uphill_seg_floor=false uphill_roll_floor=false min_step_floor=false override=true timeout=false serial=[2,-0.200,-0.200]
[0m
[INFO] [1783734110.687653863] [cmd_vel_to_serial]: [0;96mserial tx: [2,-0.200,-0.200]
[0m
[INFO] [1783734111.687649555] [cmd_vel_to_serial]: [1;35mstep_debug mode=2 vx=0.000 wz=0.000 left_m=-0.0074 right_m=-0.0074 fwd_m=-0.0074 step_yaw=0.0000 left_norm=-0.200 right_norm=-0.200 odom_y=2.981 odom_roll=1.6deg goal_y_err=0.000 odom_corr=0.000 odom_corr_applied=false path_lat_err=0.000 path_corr=0.000 path_corr_applied=false path_yaw_err=0.0deg path_yaw_corr=0.000 path_yaw_applied=false path_profile=0 crouch_yaw_err=0.0deg crouch_yaw_corr=0.000 crouch_yaw_applied=false crouch_fwd_bias=0.000 crouch_fwd_applied=false same_dir_turn=false opp_turn_shape=false uphill_segment=false uphill_seg_floor=false uphill_roll_floor=false min_step_floor=false override=true timeout=false serial=[2,-0.200,-0.200]
[0m
[INFO] [1783734111.872869245] [cmd_vel_to_serial]: [0;96mserial tx: [2,0.000,0.000]
[0m
[INFO] [1783734112.842225438] [cmd_vel_to_serial]: [1;35mUpdated serial mode to 0[0m
[INFO] [1783734112.872899145] [cmd_vel_to_serial]: [0;96mserial tx: [0,0.000,0.000]
[0m
[INFO] [1783734112.872942264] [cmd_vel_to_serial]: [1;35mstep_debug mode=0 vx=0.000 wz=0.000 left_m=0.0000 right_m=0.0000 fwd_m=0.0000 step_yaw=0.0000 left_norm=0.000 right_norm=0.000 odom_y=2.983 odom_roll=1.6deg goal_y_err=0.000 odom_corr=0.000 odom_corr_applied=false path_lat_err=0.000 path_corr=0.000 path_corr_applied=false path_yaw_err=0.0deg path_yaw_corr=0.000 path_yaw_applied=false path_profile=0 crouch_yaw_err=0.0deg crouch_yaw_corr=0.000 crouch_yaw_applied=false crouch_fwd_bias=0.000 crouch_fwd_applied=false same_dir_turn=false opp_turn_shape=false uphill_segment=false uphill_seg_floor=false uphill_roll_floor=false min_step_floor=false override=true timeout=false serial=[0,0.000,0.000]
[0m
[INFO] [1783734114.724809601] [cmd_vel_to_serial]: [0;96mserial tx: [6,-0.350,0.600]
[0m
[INFO] [1783734114.724849557] [cmd_vel_to_serial]: [1;35mstep_debug mode=6 vx=0.000 wz=0.000 left_m=-0.0130 right_m=0.0222 fwd_m=0.0046 step_yaw=0.0977 left_norm=-0.350 right_norm=0.600 odom_y=2.983 odom_roll=1.4deg goal_y_err=0.000 odom_corr=0.000 odom_corr_applied=false path_lat_err=0.000 path_corr=0.000 path_corr_applied=false path_yaw_err=0.0deg path_yaw_corr=0.000 path_yaw_applied=false path_profile=0 crouch_yaw_err=0.0deg crouch_yaw_corr=0.000 crouch_yaw_applied=false crouch_fwd_bias=0.000 crouch_fwd_applied=false same_dir_turn=false opp_turn_shape=false uphill_segment=false uphill_seg_floor=false uphill_roll_floor=false min_step_floor=false override=true timeout=false serial=[6,-0.350,0.600]
[0m
[INFO] [1783734116.243337767] [cmd_vel_to_serial]: [0;96mserial tx: [0,0.000,0.000]
[0m
[INFO] [1783734116.243390516] [cmd_vel_to_serial]: [1;35mstep_debug mode=0 vx=0.000 wz=0.000 left_m=0.0000 right_m=0.0000 fwd_m=0.0000 step_yaw=0.0000 left_norm=0.000 right_norm=0.000 odom_y=2.744 odom_roll=2.3deg goal_y_err=0.000 odom_corr=0.000 odom_corr_applied=false path_lat_err=0.000 path_corr=0.000 path_corr_applied=false path_yaw_err=0.0deg path_yaw_corr=0.000 path_yaw_applied=false path_profile=0 crouch_yaw_err=0.0deg crouch_yaw_corr=0.000 crouch_yaw_applied=false crouch_fwd_bias=0.000 crouch_fwd_applied=false same_dir_turn=false opp_turn_shape=false uphill_segment=false uphill_seg_floor=false uphill_roll_floor=false min_step_floor=false override=true timeout=false serial=[0,0.000,0.000]
[0m
[INFO] [1783734116.244348354] [cmd_vel_to_serial]: [1;35mUpdated path correction profile to 2 (0=off, 1=normal, 2=uphill_strong, 3=uphill_strong_sign_test)[0m
[INFO] [1783734116.724865915] [cmd_vel_to_serial]: [0;96mserial tx: [6,-0.150,0.200]
[0m
[INFO] [1783734116.724915003] [cmd_vel_to_serial]: [1;35mstep_debug mode=6 vx=0.000 wz=0.000 left_m=-0.0056 right_m=0.0074 fwd_m=0.0009 step_yaw=0.0360 left_norm=-0.150 right_norm=0.200 odom_y=2.758 odom_roll=2.3deg goal_y_err=0.000 odom_corr=0.000 odom_corr_applied=false path_lat_err=0.000 path_corr=0.000 path_corr_applied=false path_yaw_err=0.0deg path_yaw_corr=0.000 path_yaw_applied=false path_profile=2 crouch_yaw_err=0.0deg crouch_yaw_corr=0.000 crouch_yaw_applied=false crouch_fwd_bias=0.000 crouch_fwd_applied=false same_dir_turn=false opp_turn_shape=false uphill_segment=false uphill_seg_floor=false uphill_roll_floor=false min_step_floor=false override=true timeout=false serial=[6,-0.150,0.200]
[0m
[INFO] [1783734117.058190523] [cmd_vel_to_serial]: [0;96mserial tx: [0,0.000,0.000]
[0m
[INFO] [1783734117.058239654] [cmd_vel_to_serial]: [1;35mstep_debug mode=0 vx=0.000 wz=0.000 left_m=0.0000 right_m=0.0000 fwd_m=0.0000 step_yaw=0.0000 left_norm=0.000 right_norm=0.000 odom_y=2.776 odom_roll=2.4deg goal_y_err=0.000 odom_corr=0.000 odom_corr_applied=false path_lat_err=0.000 path_corr=0.000 path_corr_applied=false path_yaw_err=0.0deg path_yaw_corr=0.000 path_yaw_applied=false path_profile=2 crouch_yaw_err=0.0deg crouch_yaw_corr=0.000 crouch_yaw_applied=false crouch_fwd_bias=0.000 crouch_fwd_applied=false same_dir_turn=false opp_turn_shape=false uphill_segment=false uphill_seg_floor=false uphill_roll_floor=false min_step_floor=false override=true timeout=false serial=[0,0.000,0.000]
[0m
[INFO] [1783734117.169289057] [cmd_vel_to_serial]: [0;96mserial tx: [0,0.250,0.250]
[0m
[INFO] [1783734117.428635750] [cmd_vel_to_serial]: [0;96mserial tx: [0,0.381,0.370]
[0m
[INFO] [1783734117.428708264] [cmd_vel_to_serial]: [1;35mstep_debug mode=0 vx=0.000 wz=0.000 left_m=0.0141 right_m=0.0137 fwd_m=0.0139 step_yaw=-0.0011 left_norm=0.381 right_norm=0.370 odom_y=2.763 odom_roll=3.8deg goal_y_err=0.000 odom_corr=0.000 odom_corr_applied=false path_lat_err=-0.012 path_corr=0.000 path_corr_applied=false path_yaw_err=-3.2deg path_yaw_corr=-0.006 path_yaw_applied=true path_profile=2 crouch_yaw_err=0.0deg crouch_yaw_corr=0.000 crouch_yaw_applied=false crouch_fwd_bias=0.000 crouch_fwd_applied=false same_dir_turn=false opp_turn_shape=false uphill_segment=false uphill_seg_floor=false uphill_roll_floor=false min_step_floor=false override=true timeout=false serial=[0,0.381,0.370]
[0m
[INFO] [1783734117.541006275] [cmd_vel_to_serial]: [0;96mserial tx: [0,0.464,0.456]
[0m
[INFO] [1783734117.650824437] [cmd_vel_to_serial]: [0;96mserial tx: [0,0.575,0.527]
[0m
[INFO] [1783734117.761917936] [cmd_vel_to_serial]: [0;96mserial tx: [0,0.644,0.635]
[0m
[INFO] [1783734117.836172547] [cmd_vel_to_serial]: [0;96mserial tx: [0,0.716,0.716]
[0m
[INFO] [1783734117.947212318] [cmd_vel_to_serial]: [1;35mstep_debug mode=0 vx=0.000 wz=0.000 left_m=0.0286 right_m=0.0286 fwd_m=0.0286 step_yaw=0.0000 left_norm=0.773 right_norm=0.773 odom_y=2.536 odom_roll=2.8deg goal_y_err=0.000 odom_corr=0.000 odom_corr_applied=false path_lat_err=-0.019 path_corr=0.000 path_corr_applied=false path_yaw_err=-2.8deg path_yaw_corr=0.000 path_yaw_applied=false path_profile=2 crouch_yaw_err=0.0deg crouch_yaw_corr=0.000 crouch_yaw_applied=false crouch_fwd_bias=0.000 crouch_fwd_applied=false same_dir_turn=false opp_turn_shape=false uphill_segment=false uphill_seg_floor=false uphill_roll_floor=false min_step_floor=false override=true timeout=false serial=[0,0.773,0.773]
[0m
[INFO] [1783734118.058266594] [cmd_vel_to_serial]: [0;96mserial tx: [0,0.799,0.799]
[0m
[INFO] [1783734120.058286219] [cmd_vel_to_serial]: [0;96mserial tx: [0,0.800,0.800]
[0m
[INFO] [1783734120.947209261] [cmd_vel_to_serial]: [1;35mstep_debug mode=0 vx=0.000 wz=0.000 left_m=0.0279 right_m=0.0314 fwd_m=0.0296 step_yaw=0.0097 left_norm=0.753 right_norm=0.847 odom_y=0.300 odom_roll=1.4deg goal_y_err=0.000 odom_corr=0.000 odom_corr_applied=false path_lat_err=-0.069 path_corr=-0.047 path_corr_applied=true path_yaw_err=-2.5deg path_yaw_corr=0.000 path_yaw_applied=false path_profile=2 crouch_yaw_err=0.0deg crouch_yaw_corr=0.000 crouch_yaw_applied=false crouch_fwd_bias=0.000 crouch_fwd_applied=false same_dir_turn=false opp_turn_shape=false uphill_segment=false uphill_seg_floor=false uphill_roll_floor=false min_step_floor=false override=true timeout=false serial=[0,0.753,0.847]
[0m
[INFO] [1783734121.539852728] [cmd_vel_to_serial]: [0;96mserial tx: [0,0.200,-0.150]
[0m
[INFO] [1783734121.539913456] [cmd_vel_to_serial]: [1;35mstep_debug mode=0 vx=0.000 wz=0.000 left_m=0.0074 right_m=-0.0056 fwd_m=0.0009 step_yaw=-0.0360 left_norm=0.200 right_norm=-0.150 odom_y=-0.111 odom_roll=2.1deg goal_y_err=0.000 odom_corr=0.000 odom_corr_applied=false path_lat_err=-0.091 path_corr=-0.073 path_corr_applied=true path_yaw_err=-3.1deg path_yaw_corr=-0.003 path_yaw_applied=true path_profile=2 crouch_yaw_err=0.0deg crouch_yaw_corr=0.000 crouch_yaw_applied=false crouch_fwd_bias=0.000 crouch_fwd_applied=false same_dir_turn=false opp_turn_shape=true uphill_segment=false uphill_seg_floor=false uphill_roll_floor=false min_step_floor=true override=true timeout=false serial=[0,0.200,-0.150]
[0m
[INFO] [1783734121.724966203] [cmd_vel_to_serial]: [0;96mserial tx: [0,0.000,0.000]
[0m
[INFO] [1783734121.799045956] [cmd_vel_to_serial]: [0;96mserial tx: [6,-0.400,0.850]
[0m
[INFO] [1783734121.799092316] [cmd_vel_to_serial]: [1;35mstep_debug mode=6 vx=0.000 wz=0.000 left_m=-0.0148 right_m=0.0315 fwd_m=0.0083 step_yaw=0.1286 left_norm=-0.400 right_norm=0.850 odom_y=-0.308 odom_roll=0.6deg goal_y_err=0.000 odom_corr=0.000 odom_corr_applied=false path_lat_err=0.000 path_corr=0.000 path_corr_applied=false path_yaw_err=0.0deg path_yaw_corr=0.000 path_yaw_applied=false path_profile=2 crouch_yaw_err=0.0deg crouch_yaw_corr=0.000 crouch_yaw_applied=false crouch_fwd_bias=0.000 crouch_fwd_applied=false same_dir_turn=false opp_turn_shape=false uphill_segment=false uphill_seg_floor=false uphill_roll_floor=false min_step_floor=false override=true timeout=false serial=[6,-0.400,0.850]
[0m
[INFO] [1783734122.497110286] [cmd_vel_to_serial]: [1;35mUpdated path correction profile to 0 (0=off, 1=normal, 2=uphill_strong, 3=uphill_strong_sign_test)[0m
[INFO] [1783734122.502717190] [cmd_vel_to_serial]: [0;96mserial tx: [0,0.000,0.000]
[0m
[INFO] [1783734122.502753233] [cmd_vel_to_serial]: [1;35mstep_debug mode=0 vx=0.000 wz=0.000 left_m=0.0000 right_m=0.0000 fwd_m=0.0000 step_yaw=0.0000 left_norm=0.000 right_norm=0.000 odom_y=-0.473 odom_roll=2.5deg goal_y_err=0.000 odom_corr=0.000 odom_corr_applied=false path_lat_err=0.000 path_corr=0.000 path_corr_applied=false path_yaw_err=0.0deg path_yaw_corr=0.000 path_yaw_applied=false path_profile=0 crouch_yaw_err=0.0deg crouch_yaw_corr=0.000 crouch_yaw_applied=false crouch_fwd_bias=0.000 crouch_fwd_applied=false same_dir_turn=false opp_turn_shape=false uphill_segment=false uphill_seg_floor=false uphill_roll_floor=false min_step_floor=false override=true timeout=false serial=[0,0.000,0.000]
[0m
[INFO] [1783734122.600578091] [cmd_vel_to_serial]: [1;35mUpdated path correction profile to 2 (0=off, 1=normal, 2=uphill_strong, 3=uphill_strong_sign_test)[0m
[INFO] [1783734122.614356788] [cmd_vel_to_serial]: [0;96mserial tx: [7,0.800,0.800]
[0m
[INFO] [1783734122.614608128] [cmd_vel_to_serial]: [1;35mstep_debug mode=7 vx=0.000 wz=0.000 left_m=0.0296 right_m=0.0296 fwd_m=0.0296 step_yaw=0.0000 left_norm=0.800 right_norm=0.800 odom_y=-0.491 odom_roll=1.6deg goal_y_err=0.000 odom_corr=0.000 odom_corr_applied=false path_lat_err=0.000 path_corr=0.000 path_corr_applied=false path_yaw_err=0.0deg path_yaw_corr=0.000 path_yaw_applied=false path_profile=2 crouch_yaw_err=0.0deg crouch_yaw_corr=0.000 crouch_yaw_applied=false crouch_fwd_bias=0.000 crouch_fwd_applied=false same_dir_turn=false opp_turn_shape=false uphill_segment=false uphill_seg_floor=false uphill_roll_floor=false min_step_floor=false override=true timeout=false serial=[7,0.800,0.800]
[0m
[INFO] [1783734124.058346890] [cmd_vel_to_serial]: [0;96mserial tx: [0,-0.180,0.200]
[0m
[INFO] [1783734124.058390628] [cmd_vel_to_serial]: [1;32mstep_debug mode=0 vx=0.000 wz=0.800 left_m=-0.0067 right_m=0.0074 fwd_m=0.0004 step_yaw=0.0391 left_norm=-0.180 right_norm=0.200 odom_y=-0.729 odom_roll=-7.1deg goal_y_err=0.000 odom_corr=0.000 odom_corr_applied=false path_lat_err=0.000 path_corr=0.000 path_corr_applied=false path_yaw_err=0.0deg path_yaw_corr=0.000 path_yaw_applied=false path_profile=2 crouch_yaw_err=0.0deg crouch_yaw_corr=0.000 crouch_yaw_applied=false crouch_fwd_bias=0.000 crouch_fwd_applied=false same_dir_turn=false opp_turn_shape=true uphill_segment=false uphill_seg_floor=false uphill_roll_floor=false min_step_floor=true override=false timeout=false serial=[0,-0.180,0.200]
[0m
[INFO] [1783734124.132499412] [cmd_vel_to_serial]: [0;96mserial tx: [7,0.700,-0.600]
[0m
[INFO] [1783734124.132595391] [cmd_vel_to_serial]: [1;35mstep_debug mode=7 vx=0.000 wz=0.000 left_m=0.0259 right_m=-0.0222 fwd_m=0.0019 step_yaw=-0.1338 left_norm=0.700 right_norm=-0.600 odom_y=-0.751 odom_roll=-9.6deg goal_y_err=0.000 odom_corr=0.000 odom_corr_applied=false path_lat_err=0.000 path_corr=0.000 path_corr_applied=false path_yaw_err=0.0deg path_yaw_corr=0.000 path_yaw_applied=false path_profile=2 crouch_yaw_err=0.0deg crouch_yaw_corr=0.000 crouch_yaw_applied=false crouch_fwd_bias=0.000 crouch_fwd_applied=false same_dir_turn=false opp_turn_shape=false uphill_segment=false uphill_seg_floor=false uphill_roll_floor=false min_step_floor=false override=true timeout=false serial=[7,0.700,-0.600]
[0m
[INFO] [1783734125.793616855] [cmd_vel_to_serial]: [1;35mUpdated path correction profile to 0 (0=off, 1=normal, 2=uphill_strong, 3=uphill_strong_sign_test)[0m
[INFO] [1783734125.799118948] [cmd_vel_to_serial]: [0;96mserial tx: [0,-0.180,0.200]
[0m
[INFO] [1783734125.799160295] [cmd_vel_to_serial]: [1;32mstep_debug mode=0 vx=0.000 wz=0.800 left_m=-0.0067 right_m=0.0074 fwd_m=0.0004 step_yaw=0.0391 left_norm=-0.180 right_norm=0.200 odom_y=-0.833 odom_roll=1.7deg goal_y_err=0.000 odom_corr=0.000 odom_corr_applied=false path_lat_err=0.000 path_corr=0.000 path_corr_applied=false path_yaw_err=0.0deg path_yaw_corr=0.000 path_yaw_applied=false path_profile=0 crouch_yaw_err=0.0deg crouch_yaw_corr=0.000 crouch_yaw_applied=false crouch_fwd_bias=0.000 crouch_fwd_applied=false same_dir_turn=false opp_turn_shape=true uphill_segment=false uphill_seg_floor=false uphill_roll_floor=false min_step_floor=true override=false timeout=false serial=[0,-0.180,0.200]
[0m
[INFO] [1783734125.896756050] [cmd_vel_to_serial]: [1;35mUpdated path correction profile to 2 (0=off, 1=normal, 2=uphill_strong, 3=uphill_strong_sign_test)[0m
[INFO] [1783734125.910259482] [cmd_vel_to_serial]: [0;96mserial tx: [7,1.000,0.600]
[0m
[INFO] [1783734125.910312960] [cmd_vel_to_serial]: [1;35mstep_debug mode=7 vx=0.000 wz=0.000 left_m=0.0370 right_m=0.0222 fwd_m=0.0296 step_yaw=-0.0412 left_norm=1.000 right_norm=0.600 odom_y=-0.817 odom_roll=-0.5deg goal_y_err=0.000 odom_corr=0.000 odom_corr_applied=false path_lat_err=0.000 path_corr=0.000 path_corr_applied=false path_yaw_err=0.0deg path_yaw_corr=0.000 path_yaw_applied=false path_profile=2 crouch_yaw_err=0.0deg crouch_yaw_corr=0.000 crouch_yaw_applied=false crouch_fwd_bias=0.000 crouch_fwd_applied=false same_dir_turn=false opp_turn_shape=false uphill_segment=false uphill_seg_floor=false uphill_roll_floor=false min_step_floor=false override=true timeout=false serial=[7,1.000,0.600]
[0m
[INFO] [1783734127.910757281] [cmd_vel_to_serial]: [0;96mserial tx: [7,1.000,0.600]
[0m
[INFO] [1783734128.354727045] [cmd_vel_to_serial]: [0;96mserial tx: [0,-0.180,0.200]
[0m
[INFO] [1783734128.354777284] [cmd_vel_to_serial]: [1;32mstep_debug mode=0 vx=0.000 wz=0.800 left_m=-0.0067 right_m=0.0074 fwd_m=0.0004 step_yaw=0.0391 left_norm=-0.180 right_norm=0.200 odom_y=-1.826 odom_roll=8.1deg goal_y_err=0.000 odom_corr=0.000 odom_corr_applied=false path_lat_err=0.000 path_corr=0.000 path_corr_applied=false path_yaw_err=0.0deg path_yaw_corr=0.000 path_yaw_applied=false path_profile=2 crouch_yaw_err=0.0deg crouch_yaw_corr=0.000 crouch_yaw_applied=false crouch_fwd_bias=0.000 crouch_fwd_applied=false same_dir_turn=false opp_turn_shape=true uphill_segment=false uphill_seg_floor=false uphill_roll_floor=false min_step_floor=true override=false timeout=false serial=[0,-0.180,0.200]
[0m
[INFO] [1783734128.465854989] [cmd_vel_to_serial]: [0;96mserial tx: [7,0.900,0.000]
[0m
[INFO] [1783734128.465898885] [cmd_vel_to_serial]: [1;35mstep_debug mode=7 vx=0.000 wz=0.000 left_m=0.0333 right_m=0.0000 fwd_m=0.0167 step_yaw=-0.0926 left_norm=0.900 right_norm=0.000 odom_y=-1.865 odom_roll=4.4deg goal_y_err=0.000 odom_corr=0.000 odom_corr_applied=false path_lat_err=0.000 path_corr=0.000 path_corr_applied=false path_yaw_err=0.0deg path_yaw_corr=0.000 path_yaw_applied=false path_profile=2 crouch_yaw_err=0.0deg crouch_yaw_corr=0.000 crouch_yaw_applied=false crouch_fwd_bias=0.000 crouch_fwd_applied=false same_dir_turn=false opp_turn_shape=false uphill_segment=false uphill_seg_floor=false uphill_roll_floor=false min_step_floor=false override=true timeout=false serial=[7,0.900,0.000]
[0m
[INFO] [1783734130.465856667] [cmd_vel_to_serial]: [0;96mserial tx: [7,0.900,0.000]
[0m
[INFO] [1783734131.394662090] [cmd_vel_to_serial]: [1;35mUpdated path correction profile to 0 (0=off, 1=normal, 2=uphill_strong, 3=uphill_strong_sign_test)[0m
[INFO] [1783734131.428845015] [cmd_vel_to_serial]: [0;96mserial tx: [0,0.200,-0.180]
[0m
[INFO] [1783734131.428891923] [cmd_vel_to_serial]: [1;32mstep_debug mode=0 vx=0.000 wz=-0.800 left_m=0.0074 right_m=-0.0067 fwd_m=0.0004 step_yaw=-0.0391 left_norm=0.200 right_norm=-0.180 odom_y=-2.055 odom_roll=6.0deg goal_y_err=0.000 odom_corr=0.000 odom_corr_applied=false path_lat_err=0.000 path_corr=0.000 path_corr_applied=false path_yaw_err=0.0deg path_yaw_corr=0.000 path_yaw_applied=false path_profile=0 crouch_yaw_err=0.0deg crouch_yaw_corr=0.000 crouch_yaw_applied=false crouch_fwd_bias=0.000 crouch_fwd_applied=false same_dir_turn=false opp_turn_shape=true uphill_segment=false uphill_seg_floor=false uphill_roll_floor=false min_step_floor=true override=false timeout=false serial=[0,0.200,-0.180]
[0m
[INFO] [1783734131.498598249] [cmd_vel_to_serial]: [1;35mUpdated path correction profile to 2 (0=off, 1=normal, 2=uphill_strong, 3=uphill_strong_sign_test)[0m
[INFO] [1783734131.502894394] [cmd_vel_to_serial]: [0;96mserial tx: [7,0.800,0.800]
[0m
[INFO] [1783734131.502932921] [cmd_vel_to_serial]: [1;35mstep_debug mode=7 vx=0.000 wz=0.000 left_m=0.0296 right_m=0.0296 fwd_m=0.0296 step_yaw=0.0000 left_norm=0.800 right_norm=0.800 odom_y=-2.043 odom_roll=2.8deg goal_y_err=0.000 odom_corr=0.000 odom_corr_applied=false path_lat_err=0.000 path_corr=0.000 path_corr_applied=false path_yaw_err=0.0deg path_yaw_corr=0.000 path_yaw_applied=false path_profile=2 crouch_yaw_err=0.0deg crouch_yaw_corr=0.000 crouch_yaw_applied=false crouch_fwd_bias=0.000 crouch_fwd_applied=false same_dir_turn=false opp_turn_shape=false uphill_segment=false uphill_seg_floor=false uphill_roll_floor=false min_step_floor=false override=true timeout=false serial=[7,0.800,0.800]
[0m
[INFO] [1783734132.132530572] [cmd_vel_to_serial]: [0;96mserial tx: [0,0.200,-0.180]
[0m
[INFO] [1783734132.132566821] [cmd_vel_to_serial]: [1;32mstep_debug mode=0 vx=0.000 wz=-0.800 left_m=0.0074 right_m=-0.0067 fwd_m=0.0004 step_yaw=-0.0391 left_norm=0.200 right_norm=-0.180 odom_y=-2.013 odom_roll=-9.1deg goal_y_err=0.000 odom_corr=0.000 odom_corr_applied=false path_lat_err=0.000 path_corr=0.000 path_corr_applied=false path_yaw_err=0.0deg path_yaw_corr=0.000 path_yaw_applied=false path_profile=2 crouch_yaw_err=0.0deg crouch_yaw_corr=0.000 crouch_yaw_applied=false crouch_fwd_bias=0.000 crouch_fwd_applied=false same_dir_turn=false opp_turn_shape=true uphill_segment=false uphill_seg_floor=false uphill_roll_floor=false min_step_floor=true override=false timeout=false serial=[0,0.200,-0.180]
[0m
[INFO] [1783734132.243670422] [cmd_vel_to_serial]: [0;96mserial tx: [7,-0.600,0.700]
[0m
[INFO] [1783734132.243714909] [cmd_vel_to_serial]: [1;35mstep_debug mode=7 vx=0.000 wz=0.000 left_m=-0.0222 right_m=0.0259 fwd_m=0.0019 step_yaw=0.1338 left_norm=-0.600 right_norm=0.700 odom_y=-2.016 odom_roll=-12.1deg goal_y_err=0.000 odom_corr=0.000 odom_corr_applied=false path_lat_err=0.000 path_corr=0.000 path_corr_applied=false path_yaw_err=0.0deg path_yaw_corr=0.000 path_yaw_applied=false path_profile=2 crouch_yaw_err=0.0deg crouch_yaw_corr=0.000 crouch_yaw_applied=false crouch_fwd_bias=0.000 crouch_fwd_applied=false same_dir_turn=false opp_turn_shape=false uphill_segment=false uphill_seg_floor=false uphill_roll_floor=false min_step_floor=false override=true timeout=false serial=[7,-0.600,0.700]
[0m
[INFO] [1783734134.243751754] [cmd_vel_to_serial]: [0;96mserial tx: [7,-0.600,0.700]
[0m
[INFO] [1783734134.680179939] [cmd_vel_to_serial]: [1;35mUpdated path correction profile to 0 (0=off, 1=normal, 2=uphill_strong, 3=uphill_strong_sign_test)[0m
[INFO] [1783734134.688547224] [cmd_vel_to_serial]: [0;96mserial tx: [0,-0.180,0.200]
[0m
[INFO] [1783734134.688595172] [cmd_vel_to_serial]: [1;32mstep_debug mode=0 vx=0.000 wz=0.800 left_m=-0.0067 right_m=0.0074 fwd_m=0.0004 step_yaw=0.0391 left_norm=-0.180 right_norm=0.200 odom_y=-2.061 odom_roll=3.4deg goal_y_err=0.000 odom_corr=0.000 odom_corr_applied=false path_lat_err=0.000 path_corr=0.000 path_corr_applied=false path_yaw_err=0.0deg path_yaw_corr=0.000 path_yaw_applied=false path_profile=0 crouch_yaw_err=0.0deg crouch_yaw_corr=0.000 crouch_yaw_applied=false crouch_fwd_bias=0.000 crouch_fwd_applied=false same_dir_turn=false opp_turn_shape=true uphill_segment=false uphill_seg_floor=false uphill_roll_floor=false min_step_floor=true override=false timeout=false serial=[0,-0.180,0.200]
[0m
[INFO] [1783734134.784080389] [cmd_vel_to_serial]: [1;35mUpdated path correction profile to 2 (0=off, 1=normal, 2=uphill_strong, 3=uphill_strong_sign_test)[0m
[INFO] [1783734134.799240401] [cmd_vel_to_serial]: [0;96mserial tx: [7,0.700,1.000]
[0m
[INFO] [1783734134.799282354] [cmd_vel_to_serial]: [1;35mstep_debug mode=7 vx=0.000 wz=0.000 left_m=0.0259 right_m=0.0370 fwd_m=0.0315 step_yaw=0.0309 left_norm=0.700 right_norm=1.000 odom_y=-2.036 odom_roll=2.2deg goal_y_err=0.000 odom_corr=0.000 odom_corr_applied=false path_lat_err=0.000 path_corr=0.000 path_corr_applied=false path_yaw_err=0.0deg path_yaw_corr=0.000 path_yaw_applied=false path_profile=2 crouch_yaw_err=0.0deg crouch_yaw_corr=0.000 crouch_yaw_applied=false crouch_fwd_bias=0.000 crouch_fwd_applied=false same_dir_turn=false opp_turn_shape=false uphill_segment=false uphill_seg_floor=false uphill_roll_floor=false min_step_floor=false override=true timeout=false serial=[7,0.700,1.000]
[0m
[INFO] [1783734136.799487596] [cmd_vel_to_serial]: [0;96mserial tx: [7,0.751,0.949]
[0m
[INFO] [1783734137.833695032] [cmd_vel_to_serial]: [1;35mstep_debug mode=7 vx=0.000 wz=0.000 left_m=0.0287 right_m=0.0342 fwd_m=0.0315 step_yaw=0.0153 left_norm=0.775 right_norm=0.925 odom_y=-3.029 odom_roll=10.5deg goal_y_err=0.000 odom_corr=0.000 odom_corr_applied=false path_lat_err=0.000 path_corr=0.000 path_corr_applied=false path_yaw_err=0.0deg path_yaw_corr=0.000 path_yaw_applied=false path_profile=2 crouch_yaw_err=0.0deg crouch_yaw_corr=0.000 crouch_yaw_applied=false crouch_fwd_bias=0.000 crouch_fwd_applied=false same_dir_turn=false opp_turn_shape=false uphill_segment=false uphill_seg_floor=false uphill_roll_floor=false min_step_floor=false override=true timeout=false serial=[7,0.775,0.925]
[0m
[INFO] [1783734138.055924182] [cmd_vel_to_serial]: [0;96mserial tx: [7,0.835,0.865]
[0m
[INFO] [1783734138.129973358] [cmd_vel_to_serial]: [0;96mserial tx: [7,0.705,0.995]
[0m
[INFO] [1783734139.944792598] [cmd_vel_to_serial]: [0;96mserial tx: [7,0.788,0.912]
[0m
[INFO] [1783734140.834634011] [cmd_vel_to_serial]: [1;35mstep_debug mode=7 vx=0.000 wz=0.000 left_m=0.0299 right_m=0.0330 fwd_m=0.0315 step_yaw=0.0086 left_norm=0.808 right_norm=0.892 odom_y=-3.022 odom_roll=8.8deg goal_y_err=0.000 odom_corr=0.000 odom_corr_applied=false path_lat_err=0.000 path_corr=0.000 path_corr_applied=false path_yaw_err=0.0deg path_yaw_corr=0.000 path_yaw_applied=false path_profile=2 crouch_yaw_err=0.0deg crouch_yaw_corr=0.000 crouch_yaw_applied=false crouch_fwd_bias=0.000 crouch_fwd_applied=false same_dir_turn=false opp_turn_shape=false uphill_segment=false uphill_seg_floor=false uphill_roll_floor=false min_step_floor=false override=true timeout=false serial=[7,0.808,0.892]
[0m
[INFO] [1783734141.241020147] [cmd_vel_to_serial]: [0;96mserial tx: [7,0.700,1.000]
[0m
[INFO] [1783734142.055890495] [cmd_vel_to_serial]: [0;96mserial tx: [7,0.788,0.912]
[0m
[INFO] [1783734143.870725012] [cmd_vel_to_serial]: [1;35mstep_debug mode=7 vx=0.000 wz=0.000 left_m=0.0291 right_m=0.0339 fwd_m=0.0315 step_yaw=0.0135 left_norm=0.784 right_norm=0.916 odom_y=-2.744 odom_roll=6.7deg goal_y_err=0.000 odom_corr=0.000 odom_corr_applied=false path_lat_err=0.000 path_corr=0.000 path_corr_applied=false path_yaw_err=0.0deg path_yaw_corr=0.000 path_yaw_applied=false path_profile=2 crouch_yaw_err=0.0deg crouch_yaw_corr=0.000 crouch_yaw_applied=false crouch_fwd_bias=0.000 crouch_fwd_applied=false same_dir_turn=false opp_turn_shape=false uphill_segment=false uphill_seg_floor=false uphill_roll_floor=false min_step_floor=false override=true timeout=false serial=[7,0.784,0.916]
[0m
[INFO] [1783734144.092893603] [cmd_vel_to_serial]: [0;96mserial tx: [7,0.797,0.903]
[0m
[INFO] [1783734145.130016412] [cmd_vel_to_serial]: [0;96mserial tx: [7,0.709,0.991]
[0m
[INFO] [1783734146.907738767] [cmd_vel_to_serial]: [1;35mstep_debug mode=7 vx=0.000 wz=0.000 left_m=0.0268 right_m=0.0362 fwd_m=0.0315 step_yaw=0.0260 left_norm=0.723 right_norm=0.977 odom_y=-2.640 odom_roll=7.0deg goal_y_err=0.000 odom_corr=0.000 odom_corr_applied=false path_lat_err=0.000 path_corr=0.000 path_corr_applied=false path_yaw_err=0.0deg path_yaw_corr=0.000 path_yaw_applied=false path_profile=2 crouch_yaw_err=0.0deg crouch_yaw_corr=0.000 crouch_yaw_applied=false crouch_fwd_bias=0.000 crouch_fwd_applied=false same_dir_turn=false opp_turn_shape=false uphill_segment=false uphill_seg_floor=false uphill_roll_floor=false min_step_floor=false override=true timeout=false serial=[7,0.723,0.977]
[0m
[INFO] [1783734147.130281266] [cmd_vel_to_serial]: [0;96mserial tx: [7,0.743,0.957]
[0m
[INFO] [1783734149.166988146] [cmd_vel_to_serial]: [0;96mserial tx: [7,0.722,0.978]
[0m
[INFO] [1783734149.944756753] [cmd_vel_to_serial]: [1;35mstep_debug mode=7 vx=0.000 wz=0.000 left_m=0.0266 right_m=0.0364 fwd_m=0.0315 step_yaw=0.0273 left_norm=0.717 right_norm=0.983 odom_y=-2.389 odom_roll=4.4deg goal_y_err=0.000 odom_corr=0.000 odom_corr_applied=false path_lat_err=0.000 path_corr=0.000 path_corr_applied=false path_yaw_err=0.0deg path_yaw_corr=0.000 path_yaw_applied=false path_profile=2 crouch_yaw_err=0.0deg crouch_yaw_corr=0.000 crouch_yaw_applied=false crouch_fwd_bias=0.000 crouch_fwd_applied=false same_dir_turn=false opp_turn_shape=false uphill_segment=false uphill_seg_floor=false uphill_roll_floor=false min_step_floor=false override=true timeout=false serial=[7,0.717,0.983]
[0m
[INFO] [1783734151.166997608] [cmd_vel_to_serial]: [0;96mserial tx: [7,0.737,0.963]
[0m
[INFO] [1783734152.944766023] [cmd_vel_to_serial]: [1;35mstep_debug mode=7 vx=0.000 wz=0.000 left_m=0.0259 right_m=0.0370 fwd_m=0.0315 step_yaw=0.0309 left_norm=0.700 right_norm=1.000 odom_y=-2.363 odom_roll=4.7deg goal_y_err=0.000 odom_corr=0.000 odom_corr_applied=false path_lat_err=0.000 path_corr=0.000 path_corr_applied=false path_yaw_err=0.0deg path_yaw_corr=0.000 path_yaw_applied=false path_profile=2 crouch_yaw_err=0.0deg crouch_yaw_corr=0.000 crouch_yaw_applied=false crouch_fwd_bias=0.000 crouch_fwd_applied=false same_dir_turn=false opp_turn_shape=false uphill_segment=false uphill_seg_floor=false uphill_roll_floor=false min_step_floor=false override=true timeout=false serial=[7,0.700,1.000]
[0m
[INFO] [1783734153.204143399] [cmd_vel_to_serial]: [0;96mserial tx: [7,0.734,0.966]
[0m
[INFO] [1783734155.241023653] [cmd_vel_to_serial]: [0;96mserial tx: [7,0.739,0.961]
[0m
[INFO] [1783734155.650208558] [cmd_vel_to_serial]: [1;35mUpdated serial mode to 7[0m
[INFO] [1783734155.652193637] [cmd_vel_to_serial]: [1;35mUpdated path correction profile to 0 (0=off, 1=normal, 2=uphill_strong, 3=uphill_strong_sign_test)[0m
[INFO] [1783734155.685498962] [cmd_vel_to_serial]: [0;96mserial tx: [7,-0.144,0.144]
[0m
[INFO] [1783734155.685556732] [cmd_vel_to_serial]: [0;94mstep_debug mode=7 vx=0.000 wz=0.800 left_m=-0.0053 right_m=0.0053 fwd_m=0.0000 step_yaw=0.0296 left_norm=-0.144 right_norm=0.144 odom_y=-2.032 odom_roll=3.8deg goal_y_err=0.000 odom_corr=0.000 odom_corr_applied=false path_lat_err=0.000 path_corr=0.000 path_corr_applied=false path_yaw_err=0.0deg path_yaw_corr=0.000 path_yaw_applied=false path_profile=0 crouch_yaw_err=0.0deg crouch_yaw_corr=0.000 crouch_yaw_applied=false crouch_fwd_bias=0.000 crouch_fwd_applied=false same_dir_turn=false opp_turn_shape=false uphill_segment=false uphill_seg_floor=false uphill_roll_floor=false min_step_floor=false override=false timeout=false serial=[7,-0.144,0.144]
[0m
[INFO] [1783734155.759522533] [cmd_vel_to_serial]: [0;96mserial tx: [6,-0.350,0.600]
[0m
[INFO] [1783734155.759561376] [cmd_vel_to_serial]: [1;35mstep_debug mode=6 vx=0.000 wz=0.000 left_m=-0.0130 right_m=0.0222 fwd_m=0.0046 step_yaw=0.0977 left_norm=-0.350 right_norm=0.600 odom_y=-2.044 odom_roll=3.0deg goal_y_err=0.000 odom_corr=0.000 odom_corr_applied=false path_lat_err=0.000 path_corr=0.000 path_corr_applied=false path_yaw_err=0.0deg path_yaw_corr=0.000 path_yaw_applied=false path_profile=0 crouch_yaw_err=0.0deg crouch_yaw_corr=0.000 crouch_yaw_applied=false crouch_fwd_bias=0.000 crouch_fwd_applied=false same_dir_turn=false opp_turn_shape=false uphill_segment=false uphill_seg_floor=false uphill_roll_floor=false min_step_floor=false override=true timeout=false serial=[6,-0.350,0.600]
[0m
[INFO] [1783734157.222533127] [cmd_vel_to_serial]: [1;35mUpdated serial mode to 0[0m
[INFO] [1783734157.223407292] [cmd_vel_to_serial]: [1;35mUpdated path correction profile to 2 (0=off, 1=normal, 2=uphill_strong, 3=uphill_strong_sign_test)[0m
[INFO] [1783734157.242020934] [cmd_vel_to_serial]: [0;96mserial tx: [0,0.000,0.000]
[0m
[INFO] [1783734157.242075152] [cmd_vel_to_serial]: [1;35mstep_debug mode=0 vx=0.000 wz=0.000 left_m=0.0000 right_m=0.0000 fwd_m=0.0000 step_yaw=0.0000 left_norm=0.000 right_norm=0.000 odom_y=-2.014 odom_roll=14.3deg goal_y_err=0.000 odom_corr=0.000 odom_corr_applied=false path_lat_err=0.000 path_corr=0.000 path_corr_applied=false path_yaw_err=0.0deg path_yaw_corr=0.000 path_yaw_applied=false path_profile=2 crouch_yaw_err=0.0deg crouch_yaw_corr=0.000 crouch_yaw_applied=false crouch_fwd_bias=0.000 crouch_fwd_applied=false same_dir_turn=false opp_turn_shape=false uphill_segment=false uphill_seg_floor=false uphill_roll_floor=false min_step_floor=false override=true timeout=false serial=[0,0.000,0.000]
[0m
[INFO] [1783734157.685543555] [cmd_vel_to_serial]: [0;96mserial tx: [6,0.200,-0.150]
[0m
[INFO] [1783734157.685601616] [cmd_vel_to_serial]: [1;35mstep_debug mode=6 vx=0.000 wz=0.000 left_m=0.0074 right_m=-0.0056 fwd_m=0.0009 step_yaw=-0.0360 left_norm=0.200 right_norm=-0.150 odom_y=-2.024 odom_roll=14.3deg goal_y_err=0.000 odom_corr=0.000 odom_corr_applied=false path_lat_err=0.000 path_corr=0.000 path_corr_applied=false path_yaw_err=0.0deg path_yaw_corr=0.000 path_yaw_applied=false path_profile=2 crouch_yaw_err=0.0deg crouch_yaw_corr=0.000 crouch_yaw_applied=false crouch_fwd_bias=0.000 crouch_fwd_applied=false same_dir_turn=false opp_turn_shape=false uphill_segment=false uphill_seg_floor=false uphill_roll_floor=false min_step_floor=false override=true timeout=false serial=[6,0.200,-0.150]
[0m
[INFO] [1783734159.686076132] [cmd_vel_to_serial]: [0;96mserial tx: [6,0.200,-0.150]
[0m
[INFO] [1783734160.722542223] [cmd_vel_to_serial]: [1;35mstep_debug mode=6 vx=0.000 wz=0.000 left_m=0.0074 right_m=-0.0056 fwd_m=0.0009 step_yaw=-0.0360 left_norm=0.200 right_norm=-0.150 odom_y=-2.093 odom_roll=5.9deg goal_y_err=0.000 odom_corr=0.000 odom_corr_applied=false path_lat_err=0.000 path_corr=0.000 path_corr_applied=false path_yaw_err=0.0deg path_yaw_corr=0.000 path_yaw_applied=false path_profile=2 crouch_yaw_err=0.0deg crouch_yaw_corr=0.000 crouch_yaw_applied=false crouch_fwd_bias=0.000 crouch_fwd_applied=false same_dir_turn=false opp_turn_shape=false uphill_segment=false uphill_seg_floor=false uphill_roll_floor=false min_step_floor=false override=true timeout=false serial=[6,0.200,-0.150]
[0m
[INFO] [1783734161.204254277] [cmd_vel_to_serial]: [0;96mserial tx: [0,0.000,0.000]
[0m
[INFO] [1783734161.204471011] [cmd_vel_to_serial]: [1;35mstep_debug mode=0 vx=0.000 wz=0.000 left_m=0.0000 right_m=0.0000 fwd_m=0.0000 step_yaw=0.0000 left_norm=0.000 right_norm=0.000 odom_y=-2.065 odom_roll=2.5deg goal_y_err=0.000 odom_corr=0.000 odom_corr_applied=false path_lat_err=0.000 path_corr=0.000 path_corr_applied=false path_yaw_err=0.0deg path_yaw_corr=0.000 path_yaw_applied=false path_profile=2 crouch_yaw_err=0.0deg crouch_yaw_corr=0.000 crouch_yaw_applied=false crouch_fwd_bias=0.000 crouch_fwd_applied=false same_dir_turn=false opp_turn_shape=false uphill_segment=false uphill_seg_floor=false uphill_roll_floor=false min_step_floor=false override=true timeout=false serial=[0,0.000,0.000]
[0m
[INFO] [1783734161.315123015] [cmd_vel_to_serial]: [0;96mserial tx: [0,0.250,0.250]
[0m
[INFO] [1783734161.426262963] [cmd_vel_to_serial]: [0;96mserial tx: [0,-0.200,0.525]
[0m
[INFO] [1783734161.426323518] [cmd_vel_to_serial]: [1;35mstep_debug mode=0 vx=0.000 wz=0.000 left_m=-0.0074 right_m=0.0195 fwd_m=0.0060 step_yaw=0.0746 left_norm=-0.200 right_norm=0.525 odom_y=-2.074 odom_roll=2.0deg goal_y_err=0.000 odom_corr=0.000 odom_corr_applied=false path_lat_err=0.007 path_corr=0.000 path_corr_applied=false path_yaw_err=13.5deg path_yaw_corr=0.274 path_yaw_applied=true path_profile=2 crouch_yaw_err=0.0deg crouch_yaw_corr=0.000 crouch_yaw_applied=false crouch_fwd_bias=0.000 crouch_fwd_applied=false same_dir_turn=false opp_turn_shape=false uphill_segment=false uphill_seg_floor=false uphill_roll_floor=false min_step_floor=true override=true timeout=false serial=[0,-0.200,0.525]
[0m
[INFO] [1783734161.463274956] [cmd_vel_to_serial]: [0;96mserial tx: [0,0.200,0.553]
[0m
[INFO] [1783734161.463314117] [cmd_vel_to_serial]: [1;35mstep_debug mode=0 vx=0.000 wz=0.000 left_m=0.0074 right_m=0.0205 fwd_m=0.0139 step_yaw=0.0363 left_norm=0.200 right_norm=0.553 odom_y=-2.078 odom_roll=1.9deg goal_y_err=0.000 odom_corr=0.000 odom_corr_applied=false path_lat_err=-0.010 path_corr=0.000 path_corr_applied=false path_yaw_err=13.4deg path_yaw_corr=0.273 path_yaw_applied=true path_profile=2 crouch_yaw_err=0.0deg crouch_yaw_corr=0.000 crouch_yaw_applied=false crouch_fwd_bias=0.000 crouch_fwd_applied=false same_dir_turn=false opp_turn_shape=false uphill_segment=false uphill_seg_floor=false uphill_roll_floor=false min_step_floor=true override=true timeout=false serial=[0,0.200,0.553]
[0m
[INFO] [1783734161.500301513] [cmd_vel_to_serial]: [0;96mserial tx: [0,-0.200,0.560]
[0m
[INFO] [1783734161.500356851] [cmd_vel_to_serial]: [1;35mstep_debug mode=0 vx=0.000 wz=0.000 left_m=-0.0074 right_m=0.0208 fwd_m=0.0067 step_yaw=0.0782 left_norm=-0.200 right_norm=0.560 odom_y=-2.063 odom_roll=3.5deg goal_y_err=0.000 odom_corr=0.000 odom_corr_applied=false path_lat_err=-0.014 path_corr=0.000 path_corr_applied=false path_yaw_err=13.7deg path_yaw_corr=0.280 path_yaw_applied=true path_profile=2 crouch_yaw_err=0.0deg crouch_yaw_corr=0.000 crouch_yaw_applied=false crouch_fwd_bias=0.000 crouch_fwd_applied=false same_dir_turn=false opp_turn_shape=false uphill_segment=false uphill_seg_floor=false uphill_roll_floor=false min_step_floor=true override=true timeout=false serial=[0,-0.200,0.560]
[0m
[INFO] [1783734161.537360797] [cmd_vel_to_serial]: [0;96mserial tx: [0,0.200,0.619]
[0m
[INFO] [1783734161.537400794] [cmd_vel_to_serial]: [1;35mstep_debug mode=0 vx=0.000 wz=0.000 left_m=0.0074 right_m=0.0229 fwd_m=0.0152 step_yaw=0.0431 left_norm=0.200 right_norm=0.619 odom_y=-2.072 odom_roll=3.1deg goal_y_err=0.000 odom_corr=0.000 odom_corr_applied=false path_lat_err=-0.023 path_corr=0.000 path_corr_applied=false path_yaw_err=13.8deg path_yaw_corr=0.282 path_yaw_applied=true path_profile=2 crouch_yaw_err=0.0deg crouch_yaw_corr=0.000 crouch_yaw_applied=false crouch_fwd_bias=0.000 crouch_fwd_applied=false same_dir_turn=false opp_turn_shape=false uphill_segment=false uphill_seg_floor=false uphill_roll_floor=false min_step_floor=true override=true timeout=false serial=[0,0.200,0.619]
[0m
[INFO] [1783734161.648458042] [cmd_vel_to_serial]: [0;96mserial tx: [0,0.200,0.712]
[0m
[INFO] [1783734161.759569946] [cmd_vel_to_serial]: [0;96mserial tx: [0,0.287,0.722]
[0m
[INFO] [1783734161.833668282] [cmd_vel_to_serial]: [0;96mserial tx: [0,0.420,0.770]
[0m
[INFO] [1783734161.945001617] [cmd_vel_to_serial]: [0;96mserial tx: [0,0.553,0.805]
[0m
[INFO] [1783734161.945059281] [cmd_vel_to_serial]: [1;35mstep_debug mode=0 vx=0.000 wz=0.000 left_m=0.0205 right_m=0.0298 fwd_m=0.0252 step_yaw=0.0258 left_norm=0.553 right_norm=0.805 odom_y=-2.211 odom_roll=4.3deg goal_y_err=0.000 odom_corr=0.000 odom_corr_applied=false path_lat_err=0.022 path_corr=0.000 path_corr_applied=false path_yaw_err=7.8deg path_yaw_corr=0.126 path_yaw_applied=true path_profile=2 crouch_yaw_err=0.0deg crouch_yaw_corr=0.000 crouch_yaw_applied=false crouch_fwd_bias=0.000 crouch_fwd_applied=false same_dir_turn=false opp_turn_shape=false uphill_segment=false uphill_seg_floor=false uphill_roll_floor=false min_step_floor=false override=true timeout=false serial=[0,0.553,0.805]
[0m
[INFO] [1783734162.055862475] [cmd_vel_to_serial]: [0;96mserial tx: [0,0.200,-0.150]
[0m
[INFO] [1783734162.055906207] [cmd_vel_to_serial]: [1;35mstep_debug mode=0 vx=0.000 wz=0.000 left_m=0.0074 right_m=-0.0056 fwd_m=0.0009 step_yaw=-0.0360 left_norm=0.200 right_norm=-0.150 odom_y=-2.238 odom_roll=4.2deg goal_y_err=0.000 odom_corr=0.000 odom_corr_applied=false path_lat_err=0.034 path_corr=0.005 path_corr_applied=true path_yaw_err=7.0deg path_yaw_corr=0.106 path_yaw_applied=true path_profile=2 crouch_yaw_err=0.0deg crouch_yaw_corr=0.000 crouch_yaw_applied=false crouch_fwd_bias=0.000 crouch_fwd_applied=false same_dir_turn=false opp_turn_shape=true uphill_segment=false uphill_seg_floor=false uphill_roll_floor=false min_step_floor=true override=true timeout=false serial=[0,0.200,-0.150]
[0m
[INFO] [1783734162.759623046] [cmd_vel_to_serial]: [0;96mserial tx: [0,0.200,0.200]
[0m
[INFO] [1783734162.759732834] [cmd_vel_to_serial]: [1;35mstep_debug mode=0 vx=0.000 wz=0.000 left_m=0.0074 right_m=0.0074 fwd_m=0.0074 step_yaw=0.0000 left_norm=0.200 right_norm=0.200 odom_y=-2.457 odom_roll=4.3deg goal_y_err=0.000 odom_corr=0.000 odom_corr_applied=false path_lat_err=0.040 path_corr=0.012 path_corr_applied=true path_yaw_err=8.4deg path_yaw_corr=0.142 path_yaw_applied=true path_profile=2 crouch_yaw_err=0.0deg crouch_yaw_corr=0.000 crouch_yaw_applied=false crouch_fwd_bias=0.000 crouch_fwd_applied=false same_dir_turn=false opp_turn_shape=false uphill_segment=false uphill_seg_floor=false uphill_roll_floor=false min_step_floor=true override=true timeout=false serial=[0,0.200,0.200]
[0m
[INFO] [1783734162.796626634] [cmd_vel_to_serial]: [0;96mserial tx: [0,-0.150,0.200]
[0m
[INFO] [1783734162.796663251] [cmd_vel_to_serial]: [1;35mstep_debug mode=0 vx=0.000 wz=0.000 left_m=-0.0056 right_m=0.0074 fwd_m=0.0009 step_yaw=0.0360 left_norm=-0.150 right_norm=0.200 odom_y=-2.451 odom_roll=3.1deg goal_y_err=0.000 odom_corr=0.000 odom_corr_applied=false path_lat_err=0.047 path_corr=0.021 path_corr_applied=true path_yaw_err=9.0deg path_yaw_corr=0.156 path_yaw_applied=true path_profile=2 crouch_yaw_err=0.0deg crouch_yaw_corr=0.000 crouch_yaw_applied=false crouch_fwd_bias=0.000 crouch_fwd_applied=false same_dir_turn=false opp_turn_shape=true uphill_segment=false uphill_seg_floor=false uphill_roll_floor=false min_step_floor=true override=true timeout=false serial=[0,-0.150,0.200]
[0m
[INFO] [1783734163.241045108] [cmd_vel_to_serial]: [0;96mserial tx: [0,0.200,0.200]
[0m
[INFO] [1783734163.241094559] [cmd_vel_to_serial]: [1;35mstep_debug mode=0 vx=0.000 wz=0.000 left_m=0.0074 right_m=0.0074 fwd_m=0.0074 step_yaw=0.0000 left_norm=0.200 right_norm=0.200 odom_y=-2.469 odom_roll=2.7deg goal_y_err=0.000 odom_corr=0.000 odom_corr_applied=false path_lat_err=0.035 path_corr=0.006 path_corr_applied=true path_yaw_err=7.3deg path_yaw_corr=0.114 path_yaw_applied=true path_profile=2 crouch_yaw_err=0.0deg crouch_yaw_corr=0.000 crouch_yaw_applied=false crouch_fwd_bias=0.000 crouch_fwd_applied=false same_dir_turn=false opp_turn_shape=false uphill_segment=false uphill_seg_floor=false uphill_roll_floor=false min_step_floor=true override=true timeout=false serial=[0,0.200,0.200]
[0m
[INFO] [1783734163.315127634] [cmd_vel_to_serial]: [0;96mserial tx: [0,0.200,-0.150]
[0m
[INFO] [1783734163.315177998] [cmd_vel_to_serial]: [1;35mstep_debug mode=0 vx=0.000 wz=0.000 left_m=0.0074 right_m=-0.0056 fwd_m=0.0009 step_yaw=-0.0360 left_norm=0.200 right_norm=-0.150 odom_y=-2.449 odom_roll=3.8deg goal_y_err=0.000 odom_corr=0.000 odom_corr_applied=false path_lat_err=0.041 path_corr=0.014 path_corr_applied=true path_yaw_err=5.9deg path_yaw_corr=0.075 path_yaw_applied=true path_profile=2 crouch_yaw_err=0.0deg crouch_yaw_corr=0.000 crouch_yaw_applied=false crouch_fwd_bias=0.000 crouch_fwd_applied=false same_dir_turn=false opp_turn_shape=true uphill_segment=false uphill_seg_floor=false uphill_roll_floor=false min_step_floor=true override=true timeout=false serial=[0,0.200,-0.150]
[0m
[INFO] [1783734169.316280531] [cmd_vel_to_serial]: [0;96mserial tx: [0,0.200,-0.150]
[0m
[INFO] [1783734169.317379177] [cmd_vel_to_serial]: [1;35mstep_debug mode=0 vx=0.000 wz=0.000 left_m=0.0074 right_m=-0.0056 fwd_m=0.0009 step_yaw=-0.0360 left_norm=0.200 right_norm=-0.150 odom_y=-2.523 odom_roll=1.5deg goal_y_err=0.000 odom_corr=0.000 odom_corr_applied=false path_lat_err=0.000 path_corr=0.000 path_corr_applied=false path_yaw_err=0.0deg path_yaw_corr=0.000 path_yaw_applied=false path_profile=2 crouch_yaw_err=0.0deg crouch_yaw_corr=0.000 crouch_yaw_applied=false crouch_fwd_bias=0.000 crouch_fwd_applied=false same_dir_turn=false opp_turn_shape=true uphill_segment=false uphill_seg_floor=false uphill_roll_floor=false min_step_floor=true override=true timeout=false serial=[0,0.200,-0.150]
[0m
[INFO] [1783734169.352775461] [cmd_vel_to_serial]: [0;96mserial tx: [0,1.000,0.260]
[0m
[INFO] [1783734169.352824936] [cmd_vel_to_serial]: [1;35mstep_debug mode=0 vx=0.000 wz=0.000 left_m=0.0370 right_m=0.0096 fwd_m=0.0233 step_yaw=-0.0761 left_norm=1.000 right_norm=0.260 odom_y=-2.291 odom_roll=92.9deg goal_y_err=0.000 odom_corr=0.000 odom_corr_applied=false path_lat_err=1.060 path_corr=0.240 path_corr_applied=true path_yaw_err=-55.0deg path_yaw_corr=-0.300 path_yaw_applied=true path_profile=2 crouch_yaw_err=0.0deg crouch_yaw_corr=0.000 crouch_yaw_applied=false crouch_fwd_bias=0.000 crouch_fwd_applied=false same_dir_turn=false opp_turn_shape=false uphill_segment=false uphill_seg_floor=false uphill_roll_floor=false min_step_floor=false override=true timeout=false serial=[0,1.000,0.260]
[0m
[INFO] [1783734171.389559115] [cmd_vel_to_serial]: [0;96mserial tx: [0,1.000,0.260]
[0m
[INFO] [1783734172.389567759] [cmd_vel_to_serial]: [1;35mstep_debug mode=0 vx=0.000 wz=0.000 left_m=0.0370 right_m=0.0096 fwd_m=0.0233 step_yaw=-0.0761 left_norm=1.000 right_norm=0.260 odom_y=-10.698 odom_roll=156.5deg goal_y_err=0.000 odom_corr=0.000 odom_corr_applied=false path_lat_err=132.602 path_corr=0.240 path_corr_applied=true path_yaw_err=-45.3deg path_yaw_corr=-0.300 path_yaw_applied=true path_profile=2 crouch_yaw_err=0.0deg crouch_yaw_corr=0.000 crouch_yaw_applied=false crouch_fwd_bias=0.000 crouch_fwd_applied=false same_dir_turn=false opp_turn_shape=false uphill_segment=false uphill_seg_floor=false uphill_roll_floor=false min_step_floor=false override=true timeout=false serial=[0,1.000,0.260]
[0m
[INFO] [1783734173.389562387] [cmd_vel_to_serial]: [0;96mserial tx: [0,1.000,0.260]
[0m
[INFO] [1783734175.389604733] [cmd_vel_to_serial]: [0;96mserial tx: [0,1.000,0.260]
[0m
[INFO] [1783734175.389654023] [cmd_vel_to_serial]: [1;35mstep_debug mode=0 vx=0.000 wz=0.000 left_m=0.0370 right_m=0.0096 fwd_m=0.0233 step_yaw=-0.0761 left_norm=1.000 right_norm=0.260 odom_y=25.211 odom_roll=-170.3deg goal_y_err=0.000 odom_corr=0.000 odom_corr_applied=false path_lat_err=208.849 path_corr=0.240 path_corr_applied=true path_yaw_err=-52.8deg path_yaw_corr=-0.300 path_yaw_applied=true path_profile=2 crouch_yaw_err=0.0deg crouch_yaw_corr=0.000 crouch_yaw_applied=false crouch_fwd_bias=0.000 crouch_fwd_applied=false same_dir_turn=false opp_turn_shape=false uphill_segment=false uphill_seg_floor=false uphill_roll_floor=false min_step_floor=false override=true timeout=false serial=[0,1.000,0.260]
[0m
[INFO] [1783734177.390642446] [cmd_vel_to_serial]: [0;96mserial tx: [0,1.000,0.260]
[0m
[INFO] [1783734178.390081565] [cmd_vel_to_serial]: [1;35mstep_debug mode=0 vx=0.000 wz=0.000 left_m=0.0370 right_m=0.0096 fwd_m=0.0233 step_yaw=-0.0761 left_norm=1.000 right_norm=0.260 odom_y=63.259 odom_roll=-103.0deg goal_y_err=0.000 odom_corr=0.000 odom_corr_applied=false path_lat_err=246.056 path_corr=0.240 path_corr_applied=true path_yaw_err=-106.1deg path_yaw_corr=-0.300 path_yaw_applied=true path_profile=2 crouch_yaw_err=0.0deg crouch_yaw_corr=0.000 crouch_yaw_applied=false crouch_fwd_bias=0.000 crouch_fwd_applied=false same_dir_turn=false opp_turn_shape=false uphill_segment=false uphill_seg_floor=false uphill_roll_floor=false min_step_floor=false override=true timeout=false serial=[0,1.000,0.260]
[0m
[INFO] [1783734179.426545682] [cmd_vel_to_serial]: [0;96mserial tx: [0,1.000,0.260]
[0m
[INFO] [1783734181.426585718] [cmd_vel_to_serial]: [0;96mserial tx: [0,1.000,0.260]
[0m
[INFO] [1783734181.426630059] [cmd_vel_to_serial]: [1;35mstep_debug mode=0 vx=0.000 wz=0.000 left_m=0.0370 right_m=0.0096 fwd_m=0.0233 step_yaw=-0.0761 left_norm=1.000 right_norm=0.260 odom_y=82.841 odom_roll=-90.3deg goal_y_err=0.000 odom_corr=0.000 odom_corr_applied=false path_lat_err=259.084 path_corr=0.240 path_corr_applied=true path_yaw_err=-114.2deg path_yaw_corr=-0.300 path_yaw_applied=true path_profile=2 crouch_yaw_err=0.0deg crouch_yaw_corr=0.000 crouch_yaw_applied=false crouch_fwd_bias=0.000 crouch_fwd_applied=false same_dir_turn=false opp_turn_shape=false uphill_segment=false uphill_seg_floor=false uphill_roll_floor=false min_step_floor=false override=true timeout=false serial=[0,1.000,0.260]
[0m
[INFO] [1783734183.463658317] [cmd_vel_to_serial]: [0;96mserial tx: [0,1.000,0.260]
[0m
[INFO] [1783734184.463642432] [cmd_vel_to_serial]: [1;35mstep_debug mode=0 vx=0.000 wz=0.000 left_m=0.0370 right_m=0.0096 fwd_m=0.0233 step_yaw=-0.0761 left_norm=1.000 right_norm=0.260 odom_y=84.019 odom_roll=-120.3deg goal_y_err=0.000 odom_corr=0.000 odom_corr_applied=false path_lat_err=258.710 path_corr=0.240 path_corr_applied=true path_yaw_err=-95.1deg path_yaw_corr=-0.300 path_yaw_applied=true path_profile=2 crouch_yaw_err=0.0deg crouch_yaw_corr=0.000 crouch_yaw_applied=false crouch_fwd_bias=0.000 crouch_fwd_applied=false same_dir_turn=false opp_turn_shape=false uphill_segment=false uphill_seg_floor=false uphill_roll_floor=false min_step_floor=false override=true timeout=false serial=[0,1.000,0.260]
[0m
[INFO] [1783734184.759945097] [cmd_vel_to_serial]: [0;96mserial tx: [0,1.000,0.533]
[0m
[INFO] [1783734184.834019416] [cmd_vel_to_serial]: [0;96mserial tx: [0,0.910,0.650]
[0m
[INFO] [1783734184.834077105] [cmd_vel_to_serial]: [1;35mstep_debug mode=0 vx=0.000 wz=0.000 left_m=0.0337 right_m=0.0241 fwd_m=0.0289 step_yaw=-0.0268 left_norm=0.910 right_norm=0.650 odom_y=83.457 odom_roll=147.2deg goal_y_err=0.000 odom_corr=0.000 odom_corr_applied=false path_lat_err=258.545 path_corr=0.240 path_corr_applied=true path_yaw_err=6.4deg path_yaw_corr=0.090 path_yaw_applied=true path_profile=2 crouch_yaw_err=0.0deg crouch_yaw_corr=0.000 crouch_yaw_applied=false crouch_fwd_bias=0.000 crouch_fwd_applied=false same_dir_turn=false opp_turn_shape=false uphill_segment=false uphill_seg_floor=false uphill_roll_floor=false min_step_floor=false override=true timeout=false serial=[0,0.910,0.650]
[0m
[INFO] [1783734184.945121638] [cmd_vel_to_serial]: [0;96mserial tx: [0,0.760,0.800]
[0m
[INFO] [1783734186.945133916] [cmd_vel_to_serial]: [0;96mserial tx: [0,0.700,0.860]
[0m
[INFO] [1783734187.834016383] [cmd_vel_to_serial]: [1;35mstep_debug mode=0 vx=0.000 wz=0.000 left_m=0.0259 right_m=0.0319 fwd_m=0.0289 step_yaw=0.0165 left_norm=0.700 right_norm=0.860 odom_y=69.358 odom_roll=79.0deg goal_y_err=0.000 odom_corr=0.000 odom_corr_applied=false path_lat_err=248.463 path_corr=0.240 path_corr_applied=true path_yaw_err=36.8deg path_yaw_corr=0.300 path_yaw_applied=true path_profile=2 crouch_yaw_err=0.0deg crouch_yaw_corr=0.000 crouch_yaw_applied=false crouch_fwd_bias=0.000 crouch_fwd_applied=false same_dir_turn=false opp_turn_shape=false uphill_segment=false uphill_seg_floor=false uphill_roll_floor=false min_step_floor=false override=true timeout=false serial=[0,0.700,0.860]
[0m
[INFO] [1783734188.982154551] [cmd_vel_to_serial]: [0;96mserial tx: [0,0.701,0.859]
[0m
[INFO] [1783734189.279088526] [cmd_vel_to_serial]: [0;96mserial tx: [0,0.821,0.739]
[0m
[INFO] [1783734189.352727342] [cmd_vel_to_serial]: [0;96mserial tx: [0,0.930,0.630]
[0m
[INFO] [1783734189.501168241] [cmd_vel_to_serial]: [0;96mserial tx: [0,0.849,0.711]
[0m
[INFO] [1783734189.537706182] [cmd_vel_to_serial]: [0;96mserial tx: [0,0.700,0.860]
[0m
[INFO] [1783734190.834025954] [cmd_vel_to_serial]: [1;35mstep_debug mode=0 vx=0.000 wz=0.000 left_m=0.0259 right_m=0.0319 fwd_m=0.0289 step_yaw=0.0165 left_norm=0.700 right_norm=0.860 odom_y=37.250 odom_roll=97.2deg goal_y_err=0.000 odom_corr=0.000 odom_corr_applied=false path_lat_err=220.081 path_corr=0.240 path_corr_applied=true path_yaw_err=51.3deg path_yaw_corr=0.300 path_yaw_applied=true path_profile=2 crouch_yaw_err=0.0deg crouch_yaw_corr=0.000 crouch_yaw_applied=false crouch_fwd_bias=0.000 crouch_fwd_applied=false same_dir_turn=false opp_turn_shape=false uphill_segment=false uphill_seg_floor=false uphill_roll_floor=false min_step_floor=false override=true timeout=false serial=[0,0.700,0.860]
[0m
[INFO] [1783734191.537716429] [cmd_vel_to_serial]: [0;96mserial tx: [0,0.700,0.860]
[0m
[INFO] [1783734193.093266704] [cmd_vel_to_serial]: [0;96mserial tx: [0,0.798,0.762]
[0m
[INFO] [1783734193.167338673] [cmd_vel_to_serial]: [0;96mserial tx: [0,0.949,0.611]
[0m
[INFO] [1783734193.241423891] [cmd_vel_to_serial]: [0;96mserial tx: [0,1.000,0.496]
[0m
[INFO] [1783734193.241462075] [cmd_vel_to_serial]: [1;35mstep_debug mode=0 vx=0.000 wz=0.000 left_m=0.0370 right_m=0.0184 fwd_m=0.0277 step_yaw=-0.0519 left_norm=1.000 right_norm=0.496 odom_y=-3.118 odom_roll=6.5deg goal_y_err=0.000 odom_corr=0.000 odom_corr_applied=false path_lat_err=175.920 path_corr=0.240 path_corr_applied=true path_yaw_err=-5.5deg path_yaw_corr=-0.064 path_yaw_applied=true path_profile=2 crouch_yaw_err=0.0deg crouch_yaw_corr=0.000 crouch_yaw_applied=false crouch_fwd_bias=0.000 crouch_fwd_applied=false same_dir_turn=false opp_turn_shape=false uphill_segment=false uphill_seg_floor=false uphill_roll_floor=false min_step_floor=false override=true timeout=false serial=[0,1.000,0.496]
[0m
[INFO] [1783734193.315498699] [cmd_vel_to_serial]: [0;96mserial tx: [0,1.000,0.386]
[0m
[INFO] [1783734193.389716420] [cmd_vel_to_serial]: [0;96mserial tx: [0,1.000,0.260]
[0m
[INFO] [1783734194.093310335] [cmd_vel_to_serial]: [0;96mserial tx: [0,1.000,0.400]
[0m
[INFO] [1783734194.167339412] [cmd_vel_to_serial]: [0;96mserial tx: [0,1.000,0.544]
[0m
[INFO] [1783734194.389775731] [cmd_vel_to_serial]: [0;96mserial tx: [0,0.929,0.631]
[0m
[INFO] [1783734194.500651206] [cmd_vel_to_serial]: [0;96mserial tx: [0,0.814,0.746]
[0m
[INFO] [1783734194.611809759] [cmd_vel_to_serial]: [0;96mserial tx: [0,0.708,0.852]
[0m
[INFO] [1783734194.611847769] [cmd_vel_to_serial]: [1;35mstep_debug mode=0 vx=0.000 wz=0.000 left_m=0.0262 right_m=0.0316 fwd_m=0.0289 step_yaw=0.0149 left_norm=0.708 right_norm=0.852 odom_y=-24.364 odom_roll=42.0deg goal_y_err=0.000 odom_corr=0.000 odom_corr_applied=false path_lat_err=144.911 path_corr=0.240 path_corr_applied=true path_yaw_err=14.2deg path_yaw_corr=0.292 path_yaw_applied=true path_profile=2 crouch_yaw_err=0.0deg crouch_yaw_corr=0.000 crouch_yaw_applied=false crouch_fwd_bias=0.000 crouch_fwd_applied=false same_dir_turn=false opp_turn_shape=false uphill_segment=false uphill_seg_floor=false uphill_roll_floor=false min_step_floor=false override=true timeout=false serial=[0,0.708,0.852]
[0m
[INFO] [1783734195.908772312] [cmd_vel_to_serial]: [0;96mserial tx: [0,0.827,0.733]
[0m
[INFO] [1783734196.278466139] [cmd_vel_to_serial]: [0;96mserial tx: [0,0.948,0.612]
[0m
[INFO] [1783734196.463689274] [cmd_vel_to_serial]: [0;96mserial tx: [0,1.000,0.386]
[0m
[INFO] [1783734196.463745428] [cmd_vel_to_serial]: [1;35mstep_debug mode=0 vx=0.000 wz=0.000 left_m=0.0370 right_m=0.0143 fwd_m=0.0257 step_yaw=-0.0631 left_norm=1.000 right_norm=0.386 odom_y=-49.132 odom_roll=22.2deg goal_y_err=0.000 odom_corr=0.000 odom_corr_applied=false path_lat_err=101.800 path_corr=0.240 path_corr_applied=true path_yaw_err=-9.6deg path_yaw_corr=-0.174 path_yaw_applied=true path_profile=2 crouch_yaw_err=0.0deg crouch_yaw_corr=0.000 crouch_yaw_applied=false crouch_fwd_bias=0.000 crouch_fwd_applied=false same_dir_turn=false opp_turn_shape=false uphill_segment=false uphill_seg_floor=false uphill_roll_floor=false min_step_floor=false override=true timeout=false serial=[0,1.000,0.386]
[0m
[INFO] [1783734196.500644550] [cmd_vel_to_serial]: [0;96mserial tx: [0,1.000,0.260]
[0m
[INFO] [1783734198.389653889] [cmd_vel_to_serial]: [0;96mserial tx: [0,0.700,0.860]
[0m
[INFO] [1783734198.389739967] [cmd_vel_to_serial]: [1;35mstep_debug mode=0 vx=0.000 wz=0.000 left_m=0.0259 right_m=0.0319 fwd_m=0.0289 step_yaw=0.0165 left_norm=0.700 right_norm=0.860 odom_y=-58.815 odom_roll=-5.8deg goal_y_err=0.000 odom_corr=0.000 odom_corr_applied=false path_lat_err=45.968 path_corr=0.240 path_corr_applied=true path_yaw_err=160.4deg path_yaw_corr=0.300 path_yaw_applied=true path_profile=2 crouch_yaw_err=0.0deg crouch_yaw_corr=0.000 crouch_yaw_applied=false crouch_fwd_bias=0.000 crouch_fwd_applied=false same_dir_turn=false opp_turn_shape=false uphill_segment=false uphill_seg_floor=false uphill_roll_floor=false min_step_floor=false override=true timeout=false serial=[0,0.700,0.860]
[0m
[INFO] [1783734199.759938061] [cmd_vel_to_serial]: [0;96mserial tx: [0,0.500,1.000]
[0m
[INFO] [1783734199.797031261] [cmd_vel_to_serial]: [0;96mserial tx: [0,0.260,1.000]
[0m
[INFO] [1783734199.797106149] [cmd_vel_to_serial]: [1;35mstep_debug mode=0 vx=0.000 wz=0.000 left_m=0.0096 right_m=0.0370 fwd_m=0.0233 step_yaw=0.0761 left_norm=0.260 right_norm=1.000 odom_y=-61.564 odom_roll=67.3deg goal_y_err=0.000 odom_corr=0.000 odom_corr_applied=false path_lat_err=-1.443 path_corr=-0.240 path_corr_applied=true path_yaw_err=84.5deg path_yaw_corr=0.300 path_yaw_applied=true path_profile=2 crouch_yaw_err=0.0deg crouch_yaw_corr=0.000 crouch_yaw_applied=false crouch_fwd_bias=0.000 crouch_fwd_applied=false same_dir_turn=false opp_turn_shape=false uphill_segment=false uphill_seg_floor=false uphill_roll_floor=false min_step_floor=false override=true timeout=false serial=[0,0.260,1.000]
[0m
[INFO] [1783734201.798103543] [cmd_vel_to_serial]: [0;96mserial tx: [0,0.260,1.000]
[0m
[INFO] [1783734202.797339313] [cmd_vel_to_serial]: [1;35mstep_debug mode=0 vx=0.000 wz=0.000 left_m=0.0096 right_m=0.0370 fwd_m=0.0233 step_yaw=0.0761 left_norm=0.260 right_norm=1.000 odom_y=-77.189 odom_roll=63.2deg goal_y_err=0.000 odom_corr=0.000 odom_corr_applied=false path_lat_err=-112.415 path_corr=-0.240 path_corr_applied=true path_yaw_err=92.3deg path_yaw_corr=0.300 path_yaw_applied=true path_profile=2 crouch_yaw_err=0.0deg crouch_yaw_corr=0.000 crouch_yaw_applied=false crouch_fwd_bias=0.000 crouch_fwd_applied=false same_dir_turn=false opp_turn_shape=false uphill_segment=false uphill_seg_floor=false uphill_roll_floor=false min_step_floor=false override=true timeout=false serial=[0,0.260,1.000]
[0m
[INFO] [1783734203.707493704] [rclcpp]: signal_handler(SIGINT/SIGTERM)
