[INFO] [1784182850.548672101] [lifecycle_manager_navigation]: Creating
[INFO] [1784182850.559171375] [lifecycle_manager_navigation]: [34m[1mCreating and initializing lifecycle service clients[0m[0m
[INFO] [1784182850.585828555] [lifecycle_manager_navigation]: [34m[1mStarting managed nodes bringup...[0m[0m
[INFO] [1784182850.585879213] [lifecycle_manager_navigation]: [34m[1mConfiguring controller_server[0m[0m
[INFO] [1784182850.630304450] [lifecycle_manager_navigation]: [34m[1mConfiguring smoother_server[0m[0m
[INFO] [1784182850.641799945] [lifecycle_manager_navigation]: [34m[1mConfiguring planner_server[0m[0m
[INFO] [1784182850.671943717] [lifecycle_manager_navigation]: [34m[1mConfiguring behavior_server[0m[0m
[INFO] [1784182850.699651318] [lifecycle_manager_navigation]: [34m[1mConfiguring bt_navigator[0m[0m
[INFO] [1784182850.759615647] [lifecycle_manager_navigation]: [34m[1mConfiguring waypoint_follower[0m[0m
[INFO] [1784182850.768636530] [lifecycle_manager_navigation]: [34m[1mConfiguring velocity_smoother[0m[0m
[INFO] [1784182850.771096265] [lifecycle_manager_navigation]: [34m[1mActivating controller_server[0m[0m
[INFO] [1784182852.476903795] [lifecycle_manager_navigation]: Server controller_server connected with bond.
[INFO] [1784182852.476977992] [lifecycle_manager_navigation]: [34m[1mActivating smoother_server[0m[0m
[INFO] [1784182852.580648429] [lifecycle_manager_navigation]: Server smoother_server connected with bond.
[INFO] [1784182852.580709859] [lifecycle_manager_navigation]: [34m[1mActivating planner_server[0m[0m
[INFO] [1784182853.250412357] [lifecycle_manager_navigation]: Server planner_server connected with bond.
[INFO] [1784182853.250472254] [lifecycle_manager_navigation]: [34m[1mActivating behavior_server[0m[0m
[INFO] [1784182853.374921954] [lifecycle_manager_navigation]: Server behavior_server connected with bond.
[INFO] [1784182853.374975449] [lifecycle_manager_navigation]: [34m[1mActivating bt_navigator[0m[0m
[INFO] [1784182853.922883034] [lifecycle_manager_navigation]: Server bt_navigator connected with bond.
[INFO] [1784182853.922937078] [lifecycle_manager_navigation]: [34m[1mActivating waypoint_follower[0m[0m
[INFO] [1784182854.068428619] [lifecycle_manager_navigation]: Server waypoint_follower connected with bond.
[INFO] [1784182854.068498413] [lifecycle_manager_navigation]: [34m[1mActivating velocity_smoother[0m[0m
[INFO] [1784182854.195079296] [lifecycle_manager_navigation]: Server velocity_smoother connected with bond.
[INFO] [1784182854.195129392] [lifecycle_manager_navigation]: [34m[1mManaged nodes are active[0m[0m
[INFO] [1784182854.195143578] [lifecycle_manager_navigation]: [34m[1mCreating bond timer...[0m[0m
