[INFO] [1784186854.395245711] [lifecycle_manager_navigation]: Creating
[INFO] [1784186854.400105575] [lifecycle_manager_navigation]: [34m[1mCreating and initializing lifecycle service clients[0m[0m
[INFO] [1784186854.448506142] [lifecycle_manager_navigation]: [34m[1mStarting managed nodes bringup...[0m[0m
[INFO] [1784186854.448549140] [lifecycle_manager_navigation]: [34m[1mConfiguring controller_server[0m[0m
[INFO] [1784186854.485661091] [lifecycle_manager_navigation]: [34m[1mConfiguring smoother_server[0m[0m
[INFO] [1784186854.497702025] [lifecycle_manager_navigation]: [34m[1mConfiguring planner_server[0m[0m
[INFO] [1784186854.526686411] [lifecycle_manager_navigation]: [34m[1mConfiguring behavior_server[0m[0m
[INFO] [1784186854.546672999] [lifecycle_manager_navigation]: [34m[1mConfiguring bt_navigator[0m[0m
[INFO] [1784186854.601333321] [lifecycle_manager_navigation]: [34m[1mConfiguring waypoint_follower[0m[0m
[INFO] [1784186854.608947242] [lifecycle_manager_navigation]: [34m[1mConfiguring velocity_smoother[0m[0m
[INFO] [1784186854.611039432] [lifecycle_manager_navigation]: [34m[1mActivating controller_server[0m[0m
[INFO] [1784186856.316056311] [lifecycle_manager_navigation]: Server controller_server connected with bond.
[INFO] [1784186856.316120023] [lifecycle_manager_navigation]: [34m[1mActivating smoother_server[0m[0m
[INFO] [1784186856.420067283] [lifecycle_manager_navigation]: Server smoother_server connected with bond.
[INFO] [1784186856.420118831] [lifecycle_manager_navigation]: [34m[1mActivating planner_server[0m[0m
[INFO] [1784186857.116368601] [lifecycle_manager_navigation]: Server planner_server connected with bond.
[INFO] [1784186857.116425860] [lifecycle_manager_navigation]: [34m[1mActivating behavior_server[0m[0m
[INFO] [1784186857.233215467] [lifecycle_manager_navigation]: Server behavior_server connected with bond.
[INFO] [1784186857.233267601] [lifecycle_manager_navigation]: [34m[1mActivating bt_navigator[0m[0m
[INFO] [1784186857.735917791] [lifecycle_manager_navigation]: Server bt_navigator connected with bond.
[INFO] [1784186857.735979657] [lifecycle_manager_navigation]: [34m[1mActivating waypoint_follower[0m[0m
[INFO] [1784186857.856565381] [lifecycle_manager_navigation]: Server waypoint_follower connected with bond.
[INFO] [1784186857.856619762] [lifecycle_manager_navigation]: [34m[1mActivating velocity_smoother[0m[0m
[INFO] [1784186858.031095946] [lifecycle_manager_navigation]: Server velocity_smoother connected with bond.
[INFO] [1784186858.031170050] [lifecycle_manager_navigation]: [34m[1mManaged nodes are active[0m[0m
[INFO] [1784186858.031183229] [lifecycle_manager_navigation]: [34m[1mCreating bond timer...[0m[0m
