[INFO] [1784097213.770032440] [lifecycle_manager_navigation]: Creating
[INFO] [1784097213.775307392] [lifecycle_manager_navigation]: [34m[1mCreating and initializing lifecycle service clients[0m[0m
[INFO] [1784097213.824902653] [lifecycle_manager_navigation]: [34m[1mStarting managed nodes bringup...[0m[0m
[INFO] [1784097213.824941847] [lifecycle_manager_navigation]: [34m[1mConfiguring controller_server[0m[0m
[INFO] [1784097213.879582256] [lifecycle_manager_navigation]: [34m[1mConfiguring smoother_server[0m[0m
[INFO] [1784097213.890976164] [lifecycle_manager_navigation]: [34m[1mConfiguring planner_server[0m[0m
[INFO] [1784097213.921993001] [lifecycle_manager_navigation]: [34m[1mConfiguring behavior_server[0m[0m
[INFO] [1784097213.942539847] [lifecycle_manager_navigation]: [34m[1mConfiguring bt_navigator[0m[0m
[INFO] [1784097213.997680783] [lifecycle_manager_navigation]: [34m[1mConfiguring waypoint_follower[0m[0m
[INFO] [1784097214.005225048] [lifecycle_manager_navigation]: [34m[1mConfiguring velocity_smoother[0m[0m
[INFO] [1784097214.007661110] [lifecycle_manager_navigation]: [34m[1mActivating controller_server[0m[0m
[INFO] [1784097214.723290668] [lifecycle_manager_navigation]: Server controller_server connected with bond.
[INFO] [1784097214.723351035] [lifecycle_manager_navigation]: [34m[1mActivating smoother_server[0m[0m
[INFO] [1784097214.845458458] [lifecycle_manager_navigation]: Server smoother_server connected with bond.
[INFO] [1784097214.845520421] [lifecycle_manager_navigation]: [34m[1mActivating planner_server[0m[0m
[INFO] [1784097215.522657829] [lifecycle_manager_navigation]: Server planner_server connected with bond.
[INFO] [1784097215.522734640] [lifecycle_manager_navigation]: [34m[1mActivating behavior_server[0m[0m
[INFO] [1784097215.634801766] [lifecycle_manager_navigation]: Server behavior_server connected with bond.
[INFO] [1784097215.634856210] [lifecycle_manager_navigation]: [34m[1mActivating bt_navigator[0m[0m
[INFO] [1784097216.389632221] [lifecycle_manager_navigation]: Server bt_navigator connected with bond.
[INFO] [1784097216.389758054] [lifecycle_manager_navigation]: [34m[1mActivating waypoint_follower[0m[0m
[INFO] [1784097216.506796986] [lifecycle_manager_navigation]: Server waypoint_follower connected with bond.
[INFO] [1784097216.506854942] [lifecycle_manager_navigation]: [34m[1mActivating velocity_smoother[0m[0m
[INFO] [1784097216.619908593] [lifecycle_manager_navigation]: Server velocity_smoother connected with bond.
[INFO] [1784097216.619958716] [lifecycle_manager_navigation]: [34m[1mManaged nodes are active[0m[0m
[INFO] [1784097216.619971692] [lifecycle_manager_navigation]: [34m[1mCreating bond timer...[0m[0m
