[INFO] [1783728912.991160804] [planner_server]: 
	planner_server lifecycle node launched. 
	Waiting on external lifecycle transitions to activate
	See https://design.ros2.org/articles/node_lifecycle.html for more information.
[INFO] [1783728912.998947120] [planner_server]: Creating
[INFO] [1783728913.031147938] [global_costmap.global_costmap]: 
	global_costmap lifecycle node launched. 
	Waiting on external lifecycle transitions to activate
	See https://design.ros2.org/articles/node_lifecycle.html for more information.
[INFO] [1783728913.033452468] [global_costmap.global_costmap]: Creating Costmap
[INFO] [1783728913.111869915] [planner_server]: Configuring
[INFO] [1783728913.111898291] [global_costmap.global_costmap]: Configuring
[INFO] [1783728913.117087248] [global_costmap.global_costmap]: Using plugin "obstacle_layer"
[INFO] [1783728913.120063978] [global_costmap.global_costmap]: Subscribed to Topics: livox_cloud
[INFO] [1783728913.124679437] [global_costmap.global_costmap]: Initialized plugin "obstacle_layer"
[INFO] [1783728913.124720818] [global_costmap.global_costmap]: Using plugin "inflation_layer"
[INFO] [1783728913.125100393] [global_costmap.global_costmap]: Initialized plugin "inflation_layer"
[INFO] [1783728913.137854883] [planner_server]: Created global planner plugin GridBased of type nav2_smac_planner/SmacPlanner2D
[INFO] [1783728913.137905835] [planner_server]: Configuring GridBased of type SmacPlanner2D
[INFO] [1783728913.139922384] [planner_server]: Configured plugin GridBased of type SmacPlanner2D with tolerance 0.15, maximum iterations 1000000, max on approach iterations 1000, and allowing unknown traversal.
[INFO] [1783728913.139956294] [planner_server]: Planner Server has GridBased  planners available.
[INFO] [1783728915.085636805] [planner_server]: Activating
[INFO] [1783728915.085691997] [global_costmap.global_costmap]: Activating
[INFO] [1783728915.085705133] [global_costmap.global_costmap]: Checking transform
[INFO] [1783728915.085801245] [global_costmap.global_costmap]: start
[INFO] [1783728915.139265325] [planner_server]: Activating plugin GridBased of type SmacPlanner2D
[INFO] [1783728915.153363291] [planner_server]: Creating bond (planner_server) to lifecycle manager.
