[INFO] [1783753066.655822203] [planner_server]: 
	planner_server lifecycle node launched. 
	Waiting on external lifecycle transitions to activate
	See https://design.ros2.org/articles/node_lifecycle.html for more information.
[INFO] [1783753066.662253686] [planner_server]: Creating
[INFO] [1783753066.690327072] [global_costmap.global_costmap]: 
	global_costmap lifecycle node launched. 
	Waiting on external lifecycle transitions to activate
	See https://design.ros2.org/articles/node_lifecycle.html for more information.
[INFO] [1783753066.692541367] [global_costmap.global_costmap]: Creating Costmap
[INFO] [1783753066.866754190] [planner_server]: Configuring
[INFO] [1783753066.866782373] [global_costmap.global_costmap]: Configuring
[INFO] [1783753066.870210682] [global_costmap.global_costmap]: Using plugin "obstacle_layer"
[INFO] [1783753066.872978602] [global_costmap.global_costmap]: Subscribed to Topics: livox_cloud
[INFO] [1783753066.874979876] [global_costmap.global_costmap]: Initialized plugin "obstacle_layer"
[INFO] [1783753066.875021414] [global_costmap.global_costmap]: Using plugin "inflation_layer"
[INFO] [1783753066.875370937] [global_costmap.global_costmap]: Initialized plugin "inflation_layer"
[INFO] [1783753066.887417720] [planner_server]: Created global planner plugin GridBased of type nav2_smac_planner/SmacPlanner2D
[INFO] [1783753066.887457512] [planner_server]: Configuring GridBased of type SmacPlanner2D
[INFO] [1783753066.889808506] [planner_server]: Configured plugin GridBased of type SmacPlanner2D with tolerance 0.15, maximum iterations 1000000, max on approach iterations 1000, and allowing unknown traversal.
[INFO] [1783753066.889848491] [planner_server]: Planner Server has GridBased  planners available.
[INFO] [1783753067.819867353] [planner_server]: Activating
[INFO] [1783753067.819916807] [global_costmap.global_costmap]: Activating
[INFO] [1783753067.819930378] [global_costmap.global_costmap]: Checking transform
[INFO] [1783753067.820024886] [global_costmap.global_costmap]: start
[INFO] [1783753068.374204814] [planner_server]: Activating plugin GridBased of type SmacPlanner2D
[INFO] [1783753068.380530751] [planner_server]: Creating bond (planner_server) to lifecycle manager.
