[INFO] [1783994861.989066113] [planner_server]: 
	planner_server lifecycle node launched. 
	Waiting on external lifecycle transitions to activate
	See https://design.ros2.org/articles/node_lifecycle.html for more information.
[INFO] [1783994861.992235021] [planner_server]: Creating
[INFO] [1783994862.008708826] [global_costmap.global_costmap]: 
	global_costmap lifecycle node launched. 
	Waiting on external lifecycle transitions to activate
	See https://design.ros2.org/articles/node_lifecycle.html for more information.
[INFO] [1783994862.009259539] [global_costmap.global_costmap]: Creating Costmap
[INFO] [1783994862.143103823] [planner_server]: Configuring
[INFO] [1783994862.143132245] [global_costmap.global_costmap]: Configuring
[INFO] [1783994862.146550483] [global_costmap.global_costmap]: Using plugin "obstacle_layer"
[INFO] [1783994862.149141528] [global_costmap.global_costmap]: Subscribed to Topics: livox_cloud
[INFO] [1783994862.152062474] [global_costmap.global_costmap]: Initialized plugin "obstacle_layer"
[INFO] [1783994862.152108272] [global_costmap.global_costmap]: Using plugin "inflation_layer"
[INFO] [1783994862.153475273] [global_costmap.global_costmap]: Initialized plugin "inflation_layer"
[INFO] [1783994862.167844036] [planner_server]: Created global planner plugin GridBased of type nav2_smac_planner/SmacPlanner2D
[INFO] [1783994862.167893053] [planner_server]: Configuring GridBased of type SmacPlanner2D
[INFO] [1783994862.170263453] [planner_server]: Configured plugin GridBased of type SmacPlanner2D with tolerance 0.15, maximum iterations 1000000, max on approach iterations 1000, and allowing unknown traversal.
[INFO] [1783994862.170310660] [planner_server]: Planner Server has GridBased  planners available.
[INFO] [1783994863.112786793] [planner_server]: Activating
[INFO] [1783994863.112843220] [global_costmap.global_costmap]: Activating
[INFO] [1783994863.112856891] [global_costmap.global_costmap]: Checking transform
[INFO] [1783994863.112958065] [global_costmap.global_costmap]: start
[INFO] [1783994863.669252444] [planner_server]: Activating plugin GridBased of type SmacPlanner2D
[INFO] [1783994863.675754630] [planner_server]: Creating bond (planner_server) to lifecycle manager.
[INFO] [1783994968.919004836] [global_costmap.global_costmap]: Received request to clear entirely the global_costmap
[WARN] [1783994970.268899516] [planner_server]: GridBased: failed to create plan, invalid use: Starting point in lethal space! Cannot create feasible plan..
[WARN] [1783994970.268947650] [planner_server]: Planning algorithm GridBased failed to generate a valid path to (-0.88, 3.39)
[WARN] [1783994970.268959444] [planner_server]: [compute_path_to_pose] [ActionServer] Aborting handle.
[INFO] [1783994970.368613960] [global_costmap.global_costmap]: Received request to clear entirely the global_costmap
[WARN] [1783995013.197199430] [planner_server]: GridBased: failed to create plan, no valid path found.
[WARN] [1783995013.197270074] [planner_server]: Planning algorithm GridBased failed to generate a valid path to (-0.88, 3.39)
[WARN] [1783995013.197285895] [planner_server]: [compute_path_to_pose] [ActionServer] Aborting handle.
[INFO] [1783995013.268564617] [global_costmap.global_costmap]: Received request to clear entirely the global_costmap
[WARN] [1783995013.694832915] [planner_server]: GridBased: failed to create plan, no valid path found.
[WARN] [1783995013.694904287] [planner_server]: Planning algorithm GridBased failed to generate a valid path to (-0.88, 3.39)
[WARN] [1783995013.694926637] [planner_server]: [compute_path_to_pose] [ActionServer] Aborting handle.
[WARN] [1783995029.138768661] [planner_server]: GridBased: failed to create plan, no valid path found.
[WARN] [1783995029.138843925] [planner_server]: Planning algorithm GridBased failed to generate a valid path to (-0.88, 3.39)
[WARN] [1783995029.138862555] [planner_server]: [compute_path_to_pose] [ActionServer] Aborting handle.
[INFO] [1783995029.218608377] [global_costmap.global_costmap]: Received request to clear entirely the global_costmap
[WARN] [1783995029.691995048] [planner_server]: GridBased: failed to create plan, no valid path found.
[WARN] [1783995029.692071209] [planner_server]: Planning algorithm GridBased failed to generate a valid path to (-0.88, 3.39)
[WARN] [1783995029.692092444] [planner_server]: [compute_path_to_pose] [ActionServer] Aborting handle.
[WARN] [1783995031.889665532] [planner_server]: GridBased: failed to create plan, no valid path found.
[WARN] [1783995031.889755035] [planner_server]: Planning algorithm GridBased failed to generate a valid path to (-0.88, 3.39)
[WARN] [1783995031.889775001] [planner_server]: [compute_path_to_pose] [ActionServer] Aborting handle.
[INFO] [1783995031.968579436] [global_costmap.global_costmap]: Received request to clear entirely the global_costmap
[WARN] [1783995032.191417498] [planner_server]: GridBased: failed to create plan, no valid path found.
[WARN] [1783995032.191483258] [planner_server]: Planning algorithm GridBased failed to generate a valid path to (-0.88, 3.39)
[WARN] [1783995032.191496742] [planner_server]: [compute_path_to_pose] [ActionServer] Aborting handle.
[INFO] [1783995032.268886133] [global_costmap.global_costmap]: Received request to clear entirely the global_costmap
[WARN] [1783995032.691602724] [planner_server]: GridBased: failed to create plan, no valid path found.
[WARN] [1783995032.691660946] [planner_server]: Planning algorithm GridBased failed to generate a valid path to (-0.88, 3.39)
[WARN] [1783995032.691676194] [planner_server]: [compute_path_to_pose] [ActionServer] Aborting handle.
[INFO] [1783995032.768602559] [global_costmap.global_costmap]: Received request to clear entirely the global_costmap
[WARN] [1783995033.194781721] [planner_server]: GridBased: failed to create plan, no valid path found.
[WARN] [1783995033.194842723] [planner_server]: Planning algorithm GridBased failed to generate a valid path to (-0.88, 3.39)
[WARN] [1783995033.194855637] [planner_server]: [compute_path_to_pose] [ActionServer] Aborting handle.
[WARN] [1783995048.594386826] [planner_server]: GridBased: failed to create plan, no valid path found.
[WARN] [1783995048.594466584] [planner_server]: Planning algorithm GridBased failed to generate a valid path to (-0.88, 3.39)
[WARN] [1783995048.594486331] [planner_server]: [compute_path_to_pose] [ActionServer] Aborting handle.
[INFO] [1783995048.668582457] [global_costmap.global_costmap]: Received request to clear entirely the global_costmap
[WARN] [1783995049.190487101] [planner_server]: GridBased: failed to create plan, no valid path found.
[WARN] [1783995049.190587492] [planner_server]: Planning algorithm GridBased failed to generate a valid path to (-0.88, 3.39)
[WARN] [1783995049.190607091] [planner_server]: [compute_path_to_pose] [ActionServer] Aborting handle.
[WARN] [1783995059.388515998] [planner_server]: GridBased: failed to create plan, no valid path found.
[WARN] [1783995059.388584957] [planner_server]: Planning algorithm GridBased failed to generate a valid path to (-0.88, 3.39)
[WARN] [1783995059.388598912] [planner_server]: [compute_path_to_pose] [ActionServer] Aborting handle.
[INFO] [1783995059.468585237] [global_costmap.global_costmap]: Received request to clear entirely the global_costmap
[WARN] [1783995059.694251718] [planner_server]: GridBased: failed to create plan, no valid path found.
[WARN] [1783995059.694316615] [planner_server]: Planning algorithm GridBased failed to generate a valid path to (-0.88, 3.39)
[WARN] [1783995059.694332711] [planner_server]: [compute_path_to_pose] [ActionServer] Aborting handle.
[WARN] [1783995071.365629730] [planner_server]: GridBased: failed to create plan, no valid path found.
[WARN] [1783995071.365693726] [planner_server]: Planning algorithm GridBased failed to generate a valid path to (0.77, -8.03)
[WARN] [1783995071.365717482] [planner_server]: [compute_path_to_pose] [ActionServer] Aborting handle.
[INFO] [1783995071.448785505] [global_costmap.global_costmap]: Received request to clear entirely the global_costmap
[WARN] [1783995078.521040427] [planner_server]: GridBased: failed to create plan, no valid path found.
[WARN] [1783995078.521105185] [planner_server]: Planning algorithm GridBased failed to generate a valid path to (1.49, -6.79)
[WARN] [1783995078.521122771] [planner_server]: [compute_path_to_pose] [ActionServer] Aborting handle.
[INFO] [1783995078.598816273] [global_costmap.global_costmap]: Received request to clear entirely the global_costmap
[WARN] [1783995082.122561417] [planner_server]: GridBased: failed to create plan, no valid path found.
[WARN] [1783995082.122638616] [planner_server]: Planning algorithm GridBased failed to generate a valid path to (0.94, -6.41)
[WARN] [1783995082.122659117] [planner_server]: [compute_path_to_pose] [ActionServer] Aborting handle.
[INFO] [1783995082.198924679] [global_costmap.global_costmap]: Received request to clear entirely the global_costmap
[WARN] [1783995082.622332944] [planner_server]: Planner loop missed its desired rate of 3.0000 Hz. Current loop rate is 2.3694 Hz
[INFO] [1783995132.549006914] [global_costmap.global_costmap]: Received request to clear entirely the global_costmap
[INFO] [1783995187.548939664] [global_costmap.global_costmap]: Received request to clear entirely the global_costmap
[INFO] [1783995251.798971108] [global_costmap.global_costmap]: Received request to clear entirely the global_costmap
