[INFO] [1784182916.029695002] [planner_server]: 
	planner_server lifecycle node launched. 
	Waiting on external lifecycle transitions to activate
	See https://design.ros2.org/articles/node_lifecycle.html for more information.
[INFO] [1784182916.032683846] [planner_server]: Creating
[INFO] [1784182916.046808520] [global_costmap.global_costmap]: 
	global_costmap lifecycle node launched. 
	Waiting on external lifecycle transitions to activate
	See https://design.ros2.org/articles/node_lifecycle.html for more information.
[INFO] [1784182916.047375477] [global_costmap.global_costmap]: Creating Costmap
[INFO] [1784182916.178474974] [planner_server]: Configuring
[INFO] [1784182916.178508241] [global_costmap.global_costmap]: Configuring
[INFO] [1784182916.182079123] [global_costmap.global_costmap]: Using plugin "obstacle_layer"
[INFO] [1784182916.184522603] [global_costmap.global_costmap]: Subscribed to Topics: livox_cloud
[INFO] [1784182916.186581035] [global_costmap.global_costmap]: Initialized plugin "obstacle_layer"
[INFO] [1784182916.186612597] [global_costmap.global_costmap]: Using plugin "inflation_layer"
[INFO] [1784182916.187358265] [global_costmap.global_costmap]: Initialized plugin "inflation_layer"
[INFO] [1784182916.197125011] [planner_server]: Created global planner plugin GridBased of type nav2_smac_planner/SmacPlanner2D
[INFO] [1784182916.197158362] [planner_server]: Configuring GridBased of type SmacPlanner2D
[INFO] [1784182916.198371797] [planner_server]: Configured plugin GridBased of type SmacPlanner2D with tolerance 0.15, maximum iterations 1000000, max on approach iterations 1000, and allowing unknown traversal.
[INFO] [1784182916.198411184] [planner_server]: Planner Server has GridBased  planners available.
[INFO] [1784182916.577445577] [planner_server]: Activating
[INFO] [1784182916.577474766] [global_costmap.global_costmap]: Activating
[INFO] [1784182916.577482704] [global_costmap.global_costmap]: Checking transform
[INFO] [1784182916.577554682] [global_costmap.global_costmap]: start
[INFO] [1784182917.128153573] [planner_server]: Activating plugin GridBased of type SmacPlanner2D
[INFO] [1784182917.129147441] [planner_server]: Creating bond (planner_server) to lifecycle manager.
