[INFO] [1783994223.289156914] [planner_server]: 
	planner_server lifecycle node launched. 
	Waiting on external lifecycle transitions to activate
	See https://design.ros2.org/articles/node_lifecycle.html for more information.
[INFO] [1783994223.290712304] [planner_server]: Creating
[INFO] [1783994223.317205391] [global_costmap.global_costmap]: 
	global_costmap lifecycle node launched. 
	Waiting on external lifecycle transitions to activate
	See https://design.ros2.org/articles/node_lifecycle.html for more information.
[INFO] [1783994223.319263464] [global_costmap.global_costmap]: Creating Costmap
[INFO] [1783994223.380011131] [planner_server]: Configuring
[INFO] [1783994223.380051167] [global_costmap.global_costmap]: Configuring
[INFO] [1783994223.385803023] [global_costmap.global_costmap]: Using plugin "obstacle_layer"
[INFO] [1783994223.388922825] [global_costmap.global_costmap]: Subscribed to Topics: livox_cloud
[INFO] [1783994223.394922750] [global_costmap.global_costmap]: Initialized plugin "obstacle_layer"
[INFO] [1783994223.394964118] [global_costmap.global_costmap]: Using plugin "inflation_layer"
[INFO] [1783994223.401988006] [global_costmap.global_costmap]: Initialized plugin "inflation_layer"
[INFO] [1783994223.416862785] [planner_server]: Created global planner plugin GridBased of type nav2_smac_planner/SmacPlanner2D
[INFO] [1783994223.416900858] [planner_server]: Configuring GridBased of type SmacPlanner2D
[INFO] [1783994223.418676744] [planner_server]: Configured plugin GridBased of type SmacPlanner2D with tolerance 0.15, maximum iterations 1000000, max on approach iterations 1000, and allowing unknown traversal.
[INFO] [1783994223.418711803] [planner_server]: Planner Server has GridBased  planners available.
[INFO] [1783994225.855767370] [planner_server]: Activating
[INFO] [1783994225.855820254] [global_costmap.global_costmap]: Activating
[INFO] [1783994225.855834171] [global_costmap.global_costmap]: Checking transform
[INFO] [1783994225.855943326] [global_costmap.global_costmap]: start
[INFO] [1783994226.410739120] [planner_server]: Activating plugin GridBased of type SmacPlanner2D
[INFO] [1783994226.461509508] [planner_server]: Creating bond (planner_server) to lifecycle manager.
[INFO] [1783994308.143845630] [global_costmap.global_costmap]: Received request to clear entirely the global_costmap
[WARN] [1783994388.367469340] [planner_server]: GridBased: failed to create plan, no valid path found.
[WARN] [1783994388.367532244] [planner_server]: Planning algorithm GridBased failed to generate a valid path to (-0.01, 3.54)
[WARN] [1783994388.367560411] [planner_server]: [compute_path_to_pose] [ActionServer] Aborting handle.
[INFO] [1783994388.443658335] [global_costmap.global_costmap]: Received request to clear entirely the global_costmap
[WARN] [1783994388.938615536] [planner_server]: GridBased: failed to create plan, no valid path found.
[WARN] [1783994388.938675359] [planner_server]: Planning algorithm GridBased failed to generate a valid path to (-0.01, 3.54)
[WARN] [1783994388.938693698] [planner_server]: [compute_path_to_pose] [ActionServer] Aborting handle.
[WARN] [1783994389.567228601] [planner_server]: GridBased: failed to create plan, no valid path found.
[WARN] [1783994389.567284770] [planner_server]: Planning algorithm GridBased failed to generate a valid path to (-0.01, 3.54)
[WARN] [1783994389.567299260] [planner_server]: [compute_path_to_pose] [ActionServer] Aborting handle.
[INFO] [1783994389.643596382] [global_costmap.global_costmap]: Received request to clear entirely the global_costmap
[WARN] [1783994389.940208501] [planner_server]: GridBased: failed to create plan, no valid path found.
[WARN] [1783994389.940278268] [planner_server]: Planning algorithm GridBased failed to generate a valid path to (-0.01, 3.54)
[WARN] [1783994389.940296769] [planner_server]: [compute_path_to_pose] [ActionServer] Aborting handle.
[INFO] [1783994389.993799877] [global_costmap.global_costmap]: Received request to clear entirely the global_costmap
[WARN] [1783994390.437852359] [planner_server]: GridBased: failed to create plan, no valid path found.
[WARN] [1783994390.437922261] [planner_server]: Planning algorithm GridBased failed to generate a valid path to (-0.01, 3.54)
[WARN] [1783994390.437936490] [planner_server]: [compute_path_to_pose] [ActionServer] Aborting handle.
[INFO] [1783994390.493605672] [global_costmap.global_costmap]: Received request to clear entirely the global_costmap
[WARN] [1783994390.935026173] [planner_server]: GridBased: failed to create plan, no valid path found.
[WARN] [1783994390.935085336] [planner_server]: Planning algorithm GridBased failed to generate a valid path to (-0.01, 3.54)
[WARN] [1783994390.935099669] [planner_server]: [compute_path_to_pose] [ActionServer] Aborting handle.
[WARN] [1783994400.113188951] [planner_server]: GridBased: failed to create plan, no valid path found.
[WARN] [1783994400.113248501] [planner_server]: Planning algorithm GridBased failed to generate a valid path to (-0.01, 3.54)
[WARN] [1783994400.113263657] [planner_server]: [compute_path_to_pose] [ActionServer] Aborting handle.
[INFO] [1783994400.195127895] [global_costmap.global_costmap]: Received request to clear entirely the global_costmap
[WARN] [1783994400.433774449] [planner_server]: GridBased: failed to create plan, no valid path found.
[WARN] [1783994400.433835859] [planner_server]: Planning algorithm GridBased failed to generate a valid path to (-0.01, 3.54)
[WARN] [1783994400.433850082] [planner_server]: [compute_path_to_pose] [ActionServer] Aborting handle.
[WARN] [1783994405.715431319] [planner_server]: GridBased: failed to create plan, no valid path found.
[WARN] [1783994405.715484723] [planner_server]: Planning algorithm GridBased failed to generate a valid path to (-0.01, 3.54)
[WARN] [1783994405.715498096] [planner_server]: [compute_path_to_pose] [ActionServer] Aborting handle.
[INFO] [1783994405.793592766] [global_costmap.global_costmap]: Received request to clear entirely the global_costmap
[WARN] [1783994405.944411628] [planner_server]: GridBased: failed to create plan, no valid path found.
[WARN] [1783994405.944464576] [planner_server]: Planning algorithm GridBased failed to generate a valid path to (-0.01, 3.54)
[WARN] [1783994405.944475985] [planner_server]: [compute_path_to_pose] [ActionServer] Aborting handle.
[WARN] [1783994441.703212662] [planner_server]: GridBased: failed to create plan, invalid use: Starting point in lethal space! Cannot create feasible plan..
[WARN] [1783994441.703263795] [planner_server]: Planning algorithm GridBased failed to generate a valid path to (-0.79, -8.07)
[WARN] [1783994441.703276197] [planner_server]: [compute_path_to_pose] [ActionServer] Aborting handle.
[INFO] [1783994441.802885309] [global_costmap.global_costmap]: Received request to clear entirely the global_costmap
[WARN] [1783994444.217922362] [planner_server]: GridBased: failed to create plan, no valid path found.
[WARN] [1783994444.217981252] [planner_server]: Planning algorithm GridBased failed to generate a valid path to (-0.79, -8.07)
[WARN] [1783994444.217995125] [planner_server]: [compute_path_to_pose] [ActionServer] Aborting handle.
[INFO] [1783994444.303111136] [global_costmap.global_costmap]: Received request to clear entirely the global_costmap
[WARN] [1783994444.436534421] [planner_server]: GridBased: failed to create plan, no valid path found.
[WARN] [1783994444.436604269] [planner_server]: Planning algorithm GridBased failed to generate a valid path to (-0.79, -8.07)
[WARN] [1783994444.436624524] [planner_server]: [compute_path_to_pose] [ActionServer] Aborting handle.
[WARN] [1783994453.771911798] [planner_server]: GridBased: failed to create plan, no valid path found.
[WARN] [1783994453.772024797] [planner_server]: Planning algorithm GridBased failed to generate a valid path to (-0.27, -6.56)
[WARN] [1783994453.772048365] [planner_server]: [compute_path_to_pose] [ActionServer] Aborting handle.
[INFO] [1783994453.852963187] [global_costmap.global_costmap]: Received request to clear entirely the global_costmap
[WARN] [1783994463.125810415] [planner_server]: GridBased: failed to create plan, no valid path found.
[WARN] [1783994463.125870592] [planner_server]: Planning algorithm GridBased failed to generate a valid path to (-0.27, -6.56)
[WARN] [1783994463.125885144] [planner_server]: [compute_path_to_pose] [ActionServer] Aborting handle.
[INFO] [1783994463.202911924] [global_costmap.global_costmap]: Received request to clear entirely the global_costmap
[WARN] [1783994466.872207151] [planner_server]: GridBased: failed to create plan, no valid path found.
[WARN] [1783994466.872266485] [planner_server]: Planning algorithm GridBased failed to generate a valid path to (-0.27, -6.56)
[WARN] [1783994466.872284413] [planner_server]: [compute_path_to_pose] [ActionServer] Aborting handle.
[INFO] [1783994466.952928113] [global_costmap.global_costmap]: Received request to clear entirely the global_costmap
[WARN] [1783994467.366563724] [planner_server]: Planner loop missed its desired rate of 3.0000 Hz. Current loop rate is 2.4204 Hz
[WARN] [1783994482.253223729] [planner_server]: GridBased: failed to create plan, invalid use: Starting point in lethal space! Cannot create feasible plan..
[WARN] [1783994482.253275143] [planner_server]: Planning algorithm GridBased failed to generate a valid path to (-0.27, -6.56)
[WARN] [1783994482.253286056] [planner_server]: [compute_path_to_pose] [ActionServer] Aborting handle.
[INFO] [1783994482.352927741] [global_costmap.global_costmap]: Received request to clear entirely the global_costmap
[INFO] [1783994508.053116366] [global_costmap.global_costmap]: Received request to clear entirely the global_costmap
[INFO] [1783994582.453131554] [global_costmap.global_costmap]: Received request to clear entirely the global_costmap
[WARN] [1783994582.866346582] [planner_server]: Planner loop missed its desired rate of 3.0000 Hz. Current loop rate is 2.4226 Hz
[INFO] [1783994657.003273819] [global_costmap.global_costmap]: Received request to clear entirely the global_costmap
[WARN] [1783994657.366390246] [planner_server]: Planner loop missed its desired rate of 3.0000 Hz. Current loop rate is 2.7573 Hz
[INFO] [1783994678.076234549] [rclcpp]: signal_handler(SIGINT/SIGTERM)
[INFO] [1783994678.076280931] [planner_server]: Running Nav2 LifecycleNode rcl preshutdown (planner_server)
[INFO] [1783994678.076337022] [planner_server]: Deactivating
[INFO] [1783994678.076362707] [global_costmap.global_costmap]: Deactivating
