[INFO] [1784186854.389584005] [planner_server]: 
	planner_server lifecycle node launched. 
	Waiting on external lifecycle transitions to activate
	See https://design.ros2.org/articles/node_lifecycle.html for more information.
[INFO] [1784186854.403948055] [planner_server]: Creating
[INFO] [1784186854.420265410] [global_costmap.global_costmap]: 
	global_costmap lifecycle node launched. 
	Waiting on external lifecycle transitions to activate
	See https://design.ros2.org/articles/node_lifecycle.html for more information.
[INFO] [1784186854.422519882] [global_costmap.global_costmap]: Creating Costmap
[INFO] [1784186854.497961424] [planner_server]: Configuring
[INFO] [1784186854.497998560] [global_costmap.global_costmap]: Configuring
[INFO] [1784186854.501999310] [global_costmap.global_costmap]: Using plugin "obstacle_layer"
[INFO] [1784186854.505022491] [global_costmap.global_costmap]: Subscribed to Topics: livox_cloud
[INFO] [1784186854.507301745] [global_costmap.global_costmap]: Initialized plugin "obstacle_layer"
[INFO] [1784186854.507341418] [global_costmap.global_costmap]: Using plugin "inflation_layer"
[INFO] [1784186854.507694518] [global_costmap.global_costmap]: Initialized plugin "inflation_layer"
[INFO] [1784186854.520175239] [planner_server]: Created global planner plugin GridBased of type nav2_smac_planner/SmacPlanner2D
[INFO] [1784186854.520218053] [planner_server]: Configuring GridBased of type SmacPlanner2D
[INFO] [1784186854.521890440] [planner_server]: Configured plugin GridBased of type SmacPlanner2D with tolerance 0.15, maximum iterations 1000000, max on approach iterations 1000, and allowing unknown traversal.
[INFO] [1784186854.521927962] [planner_server]: Planner Server has GridBased  planners available.
[INFO] [1784186856.420343393] [planner_server]: Activating
[INFO] [1784186856.420393222] [global_costmap.global_costmap]: Activating
[INFO] [1784186856.420408492] [global_costmap.global_costmap]: Checking transform
[INFO] [1784186856.420525688] [global_costmap.global_costmap]: start
[INFO] [1784186856.973173472] [planner_server]: Activating plugin GridBased of type SmacPlanner2D
[INFO] [1784186856.997724233] [planner_server]: Creating bond (planner_server) to lifecycle manager.
[WARN] [1784186962.031841080] [planner_server]: GridBased: failed to create plan, invalid use: Starting point in lethal space! Cannot create feasible plan..
[WARN] [1784186962.031885101] [planner_server]: Planning algorithm GridBased failed to generate a valid path to (-0.05, 3.63)
[WARN] [1784186962.031893844] [planner_server]: [compute_path_to_pose] [ActionServer] Aborting handle.
[INFO] [1784186962.131545242] [global_costmap.global_costmap]: Received request to clear entirely the global_costmap
[INFO] [1784186974.881851212] [global_costmap.global_costmap]: Received request to clear entirely the global_costmap
[WARN] [1784186997.831854431] [planner_server]: GridBased: failed to create plan, invalid use: Starting point in lethal space! Cannot create feasible plan..
[WARN] [1784186997.831898087] [planner_server]: Planning algorithm GridBased failed to generate a valid path to (0.21, 3.25)
[WARN] [1784186997.831906482] [planner_server]: [compute_path_to_pose] [ActionServer] Aborting handle.
[INFO] [1784186997.931561279] [global_costmap.global_costmap]: Received request to clear entirely the global_costmap
[WARN] [1784186998.422699368] [planner_server]: Planner loop missed its desired rate of 3.0000 Hz. Current loop rate is 2.0375 Hz
