[WARN] [1783734042.076904036] [laserMapping]: Long Livox scan detected (50.2 ms span). Enabling adaptive 20 ms subframe splitting.
[INFO] [1783734042.117475555] [laserMapping]: IMU Initializing: 1.0 %
[WARN] [1783734042.117510733] [laserMapping]: Reset ImuProcess
[INFO] [1783734042.119069335] [laserMapping]: IMU Initializing: 17.0 %
[INFO] [1783734042.121056860] [laserMapping]: IMU Initializing: 42.0 %
[INFO] [1783734042.125886934] [laserMapping]: IMU Initializing: 73.0 %
[INFO] [1783734042.125934984] [laserMapping]: IMU Initializing: 100.0 %
[ERROR] [1783734131.320071220] [laserMapping]: imu loop back, clear deque
[ERROR] [1783734131.324744053] [laserMapping]: imu loop back, clear deque
[ERROR] [1783734131.329143405] [laserMapping]: imu loop back, clear deque
[ERROR] [1783734131.334597705] [laserMapping]: imu loop back, clear deque
[ERROR] [1783734131.338941026] [laserMapping]: imu loop back, clear deque
[ERROR] [1783734131.344859645] [laserMapping]: imu loop back, clear deque
[ERROR] [1783734131.349126771] [laserMapping]: imu loop back, clear deque
[ERROR] [1783734131.354751933] [laserMapping]: imu loop back, clear deque
[ERROR] [1783734131.358853605] [laserMapping]: imu loop back, clear deque
[ERROR] [1783734131.364874519] [laserMapping]: imu loop back, clear deque
[ERROR] [1783734131.369544614] [laserMapping]: imu loop back, clear deque
[ERROR] [1783734131.374630132] [laserMapping]: imu loop back, clear deque
[ERROR] [1783734131.378878079] [laserMapping]: imu loop back, clear deque
[ERROR] [1783734131.385962806] [laserMapping]: imu loop back, clear deque
[ERROR] [1783734131.388784604] [laserMapping]: imu loop back, clear deque
[ERROR] [1783734131.394849331] [laserMapping]: imu loop back, clear deque
[ERROR] [1783734131.398884411] [laserMapping]: imu loop back, clear deque
[ERROR] [1783734131.404777771] [laserMapping]: imu loop back, clear deque
[ERROR] [1783734131.408973311] [laserMapping]: imu loop back, clear deque
[ERROR] [1783734131.414324977] [laserMapping]: imu loop back, clear deque
[ERROR] [1783734131.418705848] [laserMapping]: imu loop back, clear deque
[ERROR] [1783734131.424850818] [laserMapping]: imu loop back, clear deque
[ERROR] [1783734131.429390821] [laserMapping]: imu loop back, clear deque
[ERROR] [1783734131.434587022] [laserMapping]: imu loop back, clear deque
[ERROR] [1783734131.439031670] [laserMapping]: imu loop back, clear deque
[ERROR] [1783734131.444821839] [laserMapping]: imu loop back, clear deque
[ERROR] [1783734131.449470747] [laserMapping]: imu loop back, clear deque
[ERROR] [1783734131.455230403] [laserMapping]: imu loop back, clear deque
[ERROR] [1783734131.458985719] [laserMapping]: imu loop back, clear deque
[ERROR] [1783734131.464949422] [laserMapping]: imu loop back, clear deque
[ERROR] [1783734131.469123443] [laserMapping]: imu loop back, clear deque
[ERROR] [1783734131.474709382] [laserMapping]: imu loop back, clear deque
[ERROR] [1783734131.478973984] [laserMapping]: imu loop back, clear deque
[ERROR] [1783734131.484873786] [laserMapping]: imu loop back, clear deque
[ERROR] [1783734131.489216957] [laserMapping]: imu loop back, clear deque
[ERROR] [1783734131.494954246] [laserMapping]: imu loop back, clear deque
[ERROR] [1783734131.498746570] [laserMapping]: imu loop back, clear deque
[ERROR] [1783734131.504715928] [laserMapping]: imu loop back, clear deque
[ERROR] [1783734131.509274420] [laserMapping]: imu loop back, clear deque
[ERROR] [1783734131.514605670] [laserMapping]: imu loop back, clear deque
[ERROR] [1783734131.519735414] [laserMapping]: imu loop back, clear deque
[ERROR] [1783734131.524745840] [laserMapping]: imu loop back, clear deque
[ERROR] [1783734131.529232194] [laserMapping]: imu loop back, clear deque
[ERROR] [1783734131.534610010] [laserMapping]: imu loop back, clear deque
[ERROR] [1783734131.538693032] [laserMapping]: imu loop back, clear deque
[ERROR] [1783734131.544749989] [laserMapping]: imu loop back, clear deque
[ERROR] [1783734131.548816886] [laserMapping]: imu loop back, clear deque
[ERROR] [1783734131.554702388] [laserMapping]: imu loop back, clear deque
[ERROR] [1783734131.558922291] [laserMapping]: imu loop back, clear deque
[ERROR] [1783734131.564906649] [laserMapping]: imu loop back, clear deque
[ERROR] [1783734131.568762943] [laserMapping]: imu loop back, clear deque
[ERROR] [1783734131.574917778] [laserMapping]: imu loop back, clear deque
[ERROR] [1783734131.578959335] [laserMapping]: imu loop back, clear deque
[ERROR] [1783734131.585996393] [laserMapping]: imu loop back, clear deque
[ERROR] [1783734131.588767363] [laserMapping]: imu loop back, clear deque
[ERROR] [1783734131.594641796] [laserMapping]: imu loop back, clear deque
[ERROR] [1783734131.599214363] [laserMapping]: imu loop back, clear deque
[ERROR] [1783734131.604858277] [laserMapping]: imu loop back, clear deque
[ERROR] [1783734131.609119259] [laserMapping]: imu loop back, clear deque
[ERROR] [1783734131.614486385] [laserMapping]: imu loop back, clear deque
[ERROR] [1783734131.618881435] [laserMapping]: imu loop back, clear deque
[ERROR] [1783734131.624743798] [laserMapping]: imu loop back, clear deque
[ERROR] [1783734131.628752735] [laserMapping]: imu loop back, clear deque
[ERROR] [1783734131.634964169] [laserMapping]: imu loop back, clear deque
[ERROR] [1783734131.639004190] [laserMapping]: imu loop back, clear deque
[ERROR] [1783734131.644580767] [laserMapping]: imu loop back, clear deque
[ERROR] [1783734131.648956184] [laserMapping]: imu loop back, clear deque
[ERROR] [1783734131.655009476] [laserMapping]: imu loop back, clear deque
[ERROR] [1783734131.659242043] [laserMapping]: imu loop back, clear deque
[ERROR] [1783734131.664489595] [laserMapping]: imu loop back, clear deque
[ERROR] [1783734131.668898464] [laserMapping]: imu loop back, clear deque
[ERROR] [1783734131.674447493] [laserMapping]: imu loop back, clear deque
[ERROR] [1783734131.678735788] [laserMapping]: imu loop back, clear deque
[ERROR] [1783734131.684850998] [laserMapping]: imu loop back, clear deque
[ERROR] [1783734131.689502406] [laserMapping]: imu loop back, clear deque
[ERROR] [1783734131.694890540] [laserMapping]: imu loop back, clear deque
[ERROR] [1783734131.698682497] [laserMapping]: imu loop back, clear deque
[ERROR] [1783734131.704738130] [laserMapping]: imu loop back, clear deque
[ERROR] [1783734131.709104000] [laserMapping]: imu loop back, clear deque
[ERROR] [1783734131.714409570] [laserMapping]: imu loop back, clear deque
[ERROR] [1783734131.719219041] [laserMapping]: imu loop back, clear deque
[ERROR] [1783734131.724983980] [laserMapping]: imu loop back, clear deque
[ERROR] [1783734131.729346102] [laserMapping]: imu loop back, clear deque
[ERROR] [1783734131.734840559] [laserMapping]: imu loop back, clear deque
[ERROR] [1783734131.738639131] [laserMapping]: imu loop back, clear deque
[ERROR] [1783734131.744745889] [laserMapping]: imu loop back, clear deque
[ERROR] [1783734131.748970094] [laserMapping]: imu loop back, clear deque
[ERROR] [1783734131.754745505] [laserMapping]: imu loop back, clear deque
[ERROR] [1783734131.758926263] [laserMapping]: imu loop back, clear deque
[ERROR] [1783734131.764581001] [laserMapping]: imu loop back, clear deque
[ERROR] [1783734131.769228292] [laserMapping]: imu loop back, clear deque
[ERROR] [1783734131.774635895] [laserMapping]: imu loop back, clear deque
[ERROR] [1783734131.778932231] [laserMapping]: imu loop back, clear deque
[ERROR] [1783734131.786353004] [laserMapping]: imu loop back, clear deque
[ERROR] [1783734131.790353647] [laserMapping]: imu loop back, clear deque
[ERROR] [1783734131.794665079] [laserMapping]: imu loop back, clear deque
[ERROR] [1783734131.798703853] [laserMapping]: imu loop back, clear deque
[ERROR] [1783734131.804586421] [laserMapping]: imu loop back, clear deque
[ERROR] [1783734131.809366915] [laserMapping]: imu loop back, clear deque
[ERROR] [1783734131.814688831] [laserMapping]: imu loop back, clear deque
[ERROR] [1783734131.818961551] [laserMapping]: imu loop back, clear deque
[ERROR] [1783734131.824630926] [laserMapping]: imu loop back, clear deque
[ERROR] [1783734131.829228906] [laserMapping]: imu loop back, clear deque
[ERROR] [1783734131.834593969] [laserMapping]: imu loop back, clear deque
[ERROR] [1783734131.838674397] [laserMapping]: imu loop back, clear deque
[ERROR] [1783734131.844729321] [laserMapping]: imu loop back, clear deque
[ERROR] [1783734131.849293886] [laserMapping]: imu loop back, clear deque
[ERROR] [1783734131.857028667] [laserMapping]: imu loop back, clear deque
[ERROR] [1783734131.858772301] [laserMapping]: imu loop back, clear deque
[ERROR] [1783734131.864749103] [laserMapping]: imu loop back, clear deque
[ERROR] [1783734131.868907058] [laserMapping]: imu loop back, clear deque
[ERROR] [1783734131.874475445] [laserMapping]: imu loop back, clear deque
[ERROR] [1783734131.879030430] [laserMapping]: imu loop back, clear deque
[ERROR] [1783734131.884730246] [laserMapping]: imu loop back, clear deque
[ERROR] [1783734131.889176974] [laserMapping]: imu loop back, clear deque
[ERROR] [1783734131.894541544] [laserMapping]: imu loop back, clear deque
[ERROR] [1783734131.899062630] [laserMapping]: imu loop back, clear deque
[ERROR] [1783734131.904753002] [laserMapping]: imu loop back, clear deque
[ERROR] [1783734131.908751869] [laserMapping]: imu loop back, clear deque
[ERROR] [1783734131.914639524] [laserMapping]: imu loop back, clear deque
[ERROR] [1783734131.919121499] [laserMapping]: imu loop back, clear deque
[ERROR] [1783734131.924757412] [laserMapping]: imu loop back, clear deque
[ERROR] [1783734131.928868397] [laserMapping]: imu loop back, clear deque
[ERROR] [1783734131.934684272] [laserMapping]: imu loop back, clear deque
[ERROR] [1783734131.938971273] [laserMapping]: imu loop back, clear deque
[ERROR] [1783734131.944474152] [laserMapping]: imu loop back, clear deque
[ERROR] [1783734131.949125452] [laserMapping]: imu loop back, clear deque
[ERROR] [1783734131.954778891] [laserMapping]: imu loop back, clear deque
[ERROR] [1783734131.958625028] [laserMapping]: imu loop back, clear deque
[ERROR] [1783734131.964721147] [laserMapping]: imu loop back, clear deque
[ERROR] [1783734131.969111491] [laserMapping]: imu loop back, clear deque
[ERROR] [1783734131.974673966] [laserMapping]: imu loop back, clear deque
[ERROR] [1783734131.978962016] [laserMapping]: imu loop back, clear deque
[ERROR] [1783734131.985438537] [laserMapping]: imu loop back, clear deque
[ERROR] [1783734131.988867410] [laserMapping]: imu loop back, clear deque
[ERROR] [1783734131.994832696] [laserMapping]: imu loop back, clear deque
[ERROR] [1783734131.998880355] [laserMapping]: imu loop back, clear deque
[ERROR] [1783734132.004743375] [laserMapping]: imu loop back, clear deque
[ERROR] [1783734132.009050479] [laserMapping]: imu loop back, clear deque
[ERROR] [1783734132.014654715] [laserMapping]: imu loop back, clear deque
[ERROR] [1783734132.019074978] [laserMapping]: imu loop back, clear deque
[ERROR] [1783734132.024487323] [laserMapping]: imu loop back, clear deque
[ERROR] [1783734132.028744112] [laserMapping]: imu loop back, clear deque
[ERROR] [1783734132.034818504] [laserMapping]: imu loop back, clear deque
[ERROR] [1783734132.038813238] [laserMapping]: imu loop back, clear deque
[ERROR] [1783734132.044925779] [laserMapping]: imu loop back, clear deque
[ERROR] [1783734132.049210208] [laserMapping]: imu loop back, clear deque
[ERROR] [1783734132.055219074] [laserMapping]: imu loop back, clear deque
[ERROR] [1783734132.059266433] [laserMapping]: imu loop back, clear deque
[ERROR] [1783734132.064714766] [laserMapping]: imu loop back, clear deque
[ERROR] [1783734132.069074541] [laserMapping]: imu loop back, clear deque
[ERROR] [1783734132.074954336] [laserMapping]: imu loop back, clear deque
[ERROR] [1783734132.078700654] [laserMapping]: imu loop back, clear deque
[ERROR] [1783734132.084698583] [laserMapping]: imu loop back, clear deque
[ERROR] [1783734132.088730382] [laserMapping]: imu loop back, clear deque
[ERROR] [1783734132.094751118] [laserMapping]: imu loop back, clear deque
[ERROR] [1783734132.098703641] [laserMapping]: imu loop back, clear deque
[ERROR] [1783734132.104954588] [laserMapping]: imu loop back, clear deque
[ERROR] [1783734132.109280966] [laserMapping]: imu loop back, clear deque
[ERROR] [1783734132.114699064] [laserMapping]: imu loop back, clear deque
[ERROR] [1783734132.122237618] [laserMapping]: imu loop back, clear deque
[ERROR] [1783734132.124827791] [laserMapping]: imu loop back, clear deque
[ERROR] [1783734132.129216683] [laserMapping]: imu loop back, clear deque
[ERROR] [1783734132.134641267] [laserMapping]: imu loop back, clear deque
[ERROR] [1783734132.138687982] [laserMapping]: imu loop back, clear deque
[ERROR] [1783734132.144848335] [laserMapping]: imu loop back, clear deque
[ERROR] [1783734132.148911641] [laserMapping]: imu loop back, clear deque
[ERROR] [1783734132.154961476] [laserMapping]: imu loop back, clear deque
[ERROR] [1783734132.159011219] [laserMapping]: imu loop back, clear deque
[ERROR] [1783734132.164642901] [laserMapping]: imu loop back, clear deque
[ERROR] [1783734132.169136775] [laserMapping]: imu loop back, clear deque
[ERROR] [1783734132.174743525] [laserMapping]: imu loop back, clear deque
[ERROR] [1783734132.178714219] [laserMapping]: imu loop back, clear deque
[ERROR] [1783734132.185769373] [laserMapping]: imu loop back, clear deque
[ERROR] [1783734132.190081278] [laserMapping]: imu loop back, clear deque
[ERROR] [1783734132.194574046] [laserMapping]: imu loop back, clear deque
[ERROR] [1783734132.198645306] [laserMapping]: imu loop back, clear deque
[ERROR] [1783734132.204589522] [laserMapping]: imu loop back, clear deque
[ERROR] [1783734132.209179614] [laserMapping]: imu loop back, clear deque
[ERROR] [1783734132.214792183] [laserMapping]: imu loop back, clear deque
[ERROR] [1783734132.219393211] [laserMapping]: imu loop back, clear deque
[ERROR] [1783734132.224663458] [laserMapping]: imu loop back, clear deque
[ERROR] [1783734132.228712878] [laserMapping]: imu loop back, clear deque
[ERROR] [1783734132.234850867] [laserMapping]: imu loop back, clear deque
[ERROR] [1783734132.239052180] [laserMapping]: imu loop back, clear deque
[ERROR] [1783734132.244586175] [laserMapping]: imu loop back, clear deque
[ERROR] [1783734132.249224286] [laserMapping]: imu loop back, clear deque
[ERROR] [1783734132.256992578] [laserMapping]: imu loop back, clear deque
[ERROR] [1783734132.258752843] [laserMapping]: imu loop back, clear deque
[ERROR] [1783734132.264962404] [laserMapping]: imu loop back, clear deque
[ERROR] [1783734132.268823744] [laserMapping]: imu loop back, clear deque
[ERROR] [1783734132.274678182] [laserMapping]: imu loop back, clear deque
[ERROR] [1783734132.278692285] [laserMapping]: imu loop back, clear deque
[ERROR] [1783734132.284838998] [laserMapping]: imu loop back, clear deque
[ERROR] [1783734132.289244773] [laserMapping]: imu loop back, clear deque
[ERROR] [1783734132.294534022] [laserMapping]: imu loop back, clear deque
[ERROR] [1783734132.298776458] [laserMapping]: imu loop back, clear deque
[ERROR] [1783734132.304647085] [laserMapping]: imu loop back, clear deque
[ERROR] [1783734132.309196456] [laserMapping]: imu loop back, clear deque
[ERROR] [1783734132.314802707] [laserMapping]: imu loop back, clear deque
[ERROR] [1783734132.319131000] [laserMapping]: imu loop back, clear deque
[ERROR] [1783734132.324846603] [laserMapping]: imu loop back, clear deque
[ERROR] [1783734132.328960262] [laserMapping]: imu loop back, clear deque
[ERROR] [1783734132.334797048] [laserMapping]: imu loop back, clear deque
[ERROR] [1783734132.338852167] [laserMapping]: imu loop back, clear deque
[ERROR] [1783734132.345006155] [laserMapping]: imu loop back, clear deque
[ERROR] [1783734132.349063163] [laserMapping]: imu loop back, clear deque
[ERROR] [1783734132.355177459] [laserMapping]: imu loop back, clear deque
[ERROR] [1783734132.358870488] [laserMapping]: imu loop back, clear deque
[ERROR] [1783734132.364888279] [laserMapping]: imu loop back, clear deque
[ERROR] [1783734132.368770842] [laserMapping]: imu loop back, clear deque
[ERROR] [1783734132.374897810] [laserMapping]: imu loop back, clear deque
[ERROR] [1783734132.378908595] [laserMapping]: imu loop back, clear deque
[ERROR] [1783734132.385559433] [laserMapping]: imu loop back, clear deque
[ERROR] [1783734132.389724546] [laserMapping]: imu loop back, clear deque
[ERROR] [1783734132.394731037] [laserMapping]: imu loop back, clear deque
[ERROR] [1783734132.398806829] [laserMapping]: imu loop back, clear deque
[ERROR] [1783734132.405008278] [laserMapping]: imu loop back, clear deque
[ERROR] [1783734132.409057416] [laserMapping]: imu loop back, clear deque
[ERROR] [1783734132.414977248] [laserMapping]: imu loop back, clear deque
[ERROR] [1783734132.418750892] [laserMapping]: imu loop back, clear deque
[ERROR] [1783734132.424495629] [laserMapping]: imu loop back, clear deque
[ERROR] [1783734132.429071905] [laserMapping]: imu loop back, clear deque
[ERROR] [1783734132.434807470] [laserMapping]: imu loop back, clear deque
[ERROR] [1783734132.438803319] [laserMapping]: imu loop back, clear deque
[ERROR] [1783734132.444695181] [laserMapping]: imu loop back, clear deque
[ERROR] [1783734132.448782637] [laserMapping]: imu loop back, clear deque
[ERROR] [1783734132.456640238] [laserMapping]: imu loop back, clear deque
[ERROR] [1783734132.459304907] [laserMapping]: imu loop back, clear deque
[ERROR] [1783734132.464589057] [laserMapping]: imu loop back, clear deque
[ERROR] [1783734132.468943394] [laserMapping]: imu loop back, clear deque
[ERROR] [1783734132.474740171] [laserMapping]: imu loop back, clear deque
[ERROR] [1783734132.479003892] [laserMapping]: imu loop back, clear deque
[ERROR] [1783734132.484665056] [laserMapping]: imu loop back, clear deque
[ERROR] [1783734132.488978477] [laserMapping]: imu loop back, clear deque
[ERROR] [1783734132.494739727] [laserMapping]: imu loop back, clear deque
[ERROR] [1783734132.498742297] [laserMapping]: imu loop back, clear deque
[ERROR] [1783734132.504673113] [laserMapping]: imu loop back, clear deque
[ERROR] [1783734132.508951340] [laserMapping]: imu loop back, clear deque
[ERROR] [1783734132.514549686] [laserMapping]: imu loop back, clear deque
[ERROR] [1783734132.518988681] [laserMapping]: imu loop back, clear deque
[ERROR] [1783734132.524719364] [laserMapping]: imu loop back, clear deque
[ERROR] [1783734132.528843293] [laserMapping]: imu loop back, clear deque
[ERROR] [1783734132.534531381] [laserMapping]: imu loop back, clear deque
[ERROR] [1783734132.539117316] [laserMapping]: imu loop back, clear deque
[ERROR] [1783734132.544661724] [laserMapping]: imu loop back, clear deque
[ERROR] [1783734132.548960740] [laserMapping]: imu loop back, clear deque
[ERROR] [1783734132.554699925] [laserMapping]: imu loop back, clear deque
[ERROR] [1783734132.558746342] [laserMapping]: imu loop back, clear deque
[ERROR] [1783734132.564659061] [laserMapping]: imu loop back, clear deque
[ERROR] [1783734132.568965768] [laserMapping]: imu loop back, clear deque
[ERROR] [1783734132.574845552] [laserMapping]: imu loop back, clear deque
[ERROR] [1783734132.578853153] [laserMapping]: imu loop back, clear deque
[ERROR] [1783734132.587129755] [laserMapping]: imu loop back, clear deque
[ERROR] [1783734132.589098553] [laserMapping]: imu loop back, clear deque
[ERROR] [1783734132.594853183] [laserMapping]: imu loop back, clear deque
[ERROR] [1783734132.598770684] [laserMapping]: imu loop back, clear deque
[ERROR] [1783734132.604677129] [laserMapping]: imu loop back, clear deque
[ERROR] [1783734132.608977292] [laserMapping]: imu loop back, clear deque
[ERROR] [1783734132.614613764] [laserMapping]: imu loop back, clear deque
[ERROR] [1783734132.618690141] [laserMapping]: imu loop back, clear deque
[ERROR] [1783734132.624739857] [laserMapping]: imu loop back, clear deque
[ERROR] [1783734132.629265723] [laserMapping]: imu loop back, clear deque
[ERROR] [1783734132.634919780] [laserMapping]: imu loop back, clear deque
[ERROR] [1783734132.638961392] [laserMapping]: imu loop back, clear deque
[ERROR] [1783734132.644743160] [laserMapping]: imu loop back, clear deque
[ERROR] [1783734132.649016245] [laserMapping]: imu loop back, clear deque
[ERROR] [1783734132.654815003] [laserMapping]: imu loop back, clear deque
[ERROR] [1783734132.658959962] [laserMapping]: imu loop back, clear deque
[ERROR] [1783734132.664694004] [laserMapping]: imu loop back, clear deque
[ERROR] [1783734132.668837380] [laserMapping]: imu loop back, clear deque
[ERROR] [1783734132.675003278] [laserMapping]: imu loop back, clear deque
[ERROR] [1783734132.678760381] [laserMapping]: imu loop back, clear deque
[ERROR] [1783734132.684851849] [laserMapping]: imu loop back, clear deque
[ERROR] [1783734132.688945405] [laserMapping]: imu loop back, clear deque
[ERROR] [1783734132.694581346] [laserMapping]: imu loop back, clear deque
[ERROR] [1783734132.699098620] [laserMapping]: imu loop back, clear deque
[ERROR] [1783734132.704782683] [laserMapping]: imu loop back, clear deque
[ERROR] [1783734132.709476487] [laserMapping]: imu loop back, clear deque
[ERROR] [1783734132.714792539] [laserMapping]: imu loop back, clear deque
[ERROR] [1783734132.719316603] [laserMapping]: imu loop back, clear deque
[ERROR] [1783734132.724818341] [laserMapping]: imu loop back, clear deque
[ERROR] [1783734132.728974186] [laserMapping]: imu loop back, clear deque
[ERROR] [1783734132.734805228] [laserMapping]: imu loop back, clear deque
[ERROR] [1783734132.739074141] [laserMapping]: imu loop back, clear deque
[ERROR] [1783734132.744714678] [laserMapping]: imu loop back, clear deque
[ERROR] [1783734132.749014073] [laserMapping]: imu loop back, clear deque
[ERROR] [1783734132.754812121] [laserMapping]: imu loop back, clear deque
[ERROR] [1783734132.758909443] [laserMapping]: imu loop back, clear deque
[ERROR] [1783734132.764927138] [laserMapping]: imu loop back, clear deque
[ERROR] [1783734132.769322904] [laserMapping]: imu loop back, clear deque
[ERROR] [1783734132.774754328] [laserMapping]: imu loop back, clear deque
[ERROR] [1783734132.778706229] [laserMapping]: imu loop back, clear deque
[ERROR] [1783734132.785607884] [laserMapping]: imu loop back, clear deque
[ERROR] [1783734132.788866198] [laserMapping]: imu loop back, clear deque
[ERROR] [1783734132.794702770] [laserMapping]: imu loop back, clear deque
[ERROR] [1783734132.799074534] [laserMapping]: imu loop back, clear deque
[ERROR] [1783734132.804750813] [laserMapping]: imu loop back, clear deque
[ERROR] [1783734132.809065708] [laserMapping]: imu loop back, clear deque
[ERROR] [1783734132.814834220] [laserMapping]: imu loop back, clear deque
[ERROR] [1783734132.819462516] [laserMapping]: imu loop back, clear deque
[ERROR] [1783734132.824825224] [laserMapping]: imu loop back, clear deque
[ERROR] [1783734132.828948907] [laserMapping]: imu loop back, clear deque
[ERROR] [1783734132.834955792] [laserMapping]: imu loop back, clear deque
[ERROR] [1783734132.839006541] [laserMapping]: imu loop back, clear deque
[ERROR] [1783734132.844585617] [laserMapping]: imu loop back, clear deque
[ERROR] [1783734132.849179403] [laserMapping]: imu loop back, clear deque
[ERROR] [1783734132.854719281] [laserMapping]: imu loop back, clear deque
[ERROR] [1783734132.859105649] [laserMapping]: imu loop back, clear deque
[ERROR] [1783734132.864581637] [laserMapping]: imu loop back, clear deque
[ERROR] [1783734132.868765416] [laserMapping]: imu loop back, clear deque
[ERROR] [1783734132.874870898] [laserMapping]: imu loop back, clear deque
[ERROR] [1783734132.878743719] [laserMapping]: imu loop back, clear deque
[ERROR] [1783734132.884669585] [laserMapping]: imu loop back, clear deque
[ERROR] [1783734132.889242879] [laserMapping]: imu loop back, clear deque
[ERROR] [1783734132.894554123] [laserMapping]: imu loop back, clear deque
[ERROR] [1783734132.898820866] [laserMapping]: imu loop back, clear deque
[ERROR] [1783734132.904559881] [laserMapping]: imu loop back, clear deque
[ERROR] [1783734132.909200120] [laserMapping]: imu loop back, clear deque
[ERROR] [1783734132.914811218] [laserMapping]: imu loop back, clear deque
[ERROR] [1783734132.920058450] [laserMapping]: imu loop back, clear deque
[ERROR] [1783734132.924862173] [laserMapping]: imu loop back, clear deque
[ERROR] [1783734132.929275703] [laserMapping]: imu loop back, clear deque
[ERROR] [1783734132.934763025] [laserMapping]: imu loop back, clear deque
[ERROR] [1783734132.938812917] [laserMapping]: imu loop back, clear deque
[ERROR] [1783734132.944819622] [laserMapping]: imu loop back, clear deque
[ERROR] [1783734132.949089897] [laserMapping]: imu loop back, clear deque
[ERROR] [1783734132.954499343] [laserMapping]: imu loop back, clear deque
[ERROR] [1783734132.958954795] [laserMapping]: imu loop back, clear deque
[ERROR] [1783734132.964849662] [laserMapping]: imu loop back, clear deque
[ERROR] [1783734132.968956556] [laserMapping]: imu loop back, clear deque
[ERROR] [1783734132.974751107] [laserMapping]: imu loop back, clear deque
[ERROR] [1783734132.978953696] [laserMapping]: imu loop back, clear deque
[ERROR] [1783734132.985737761] [laserMapping]: imu loop back, clear deque
[ERROR] [1783734132.988834730] [laserMapping]: imu loop back, clear deque
[ERROR] [1783734132.994696375] [laserMapping]: imu loop back, clear deque
[ERROR] [1783734132.999054523] [laserMapping]: imu loop back, clear deque
[ERROR] [1783734133.004750077] [laserMapping]: imu loop back, clear deque
[ERROR] [1783734133.009057674] [laserMapping]: imu loop back, clear deque
[ERROR] [1783734133.014671617] [laserMapping]: imu loop back, clear deque
[ERROR] [1783734133.019489907] [laserMapping]: imu loop back, clear deque
[ERROR] [1783734133.024648804] [laserMapping]: imu loop back, clear deque
[ERROR] [1783734133.029121484] [laserMapping]: imu loop back, clear deque
[ERROR] [1783734133.034812321] [laserMapping]: imu loop back, clear deque
[ERROR] [1783734133.039062561] [laserMapping]: imu loop back, clear deque
[ERROR] [1783734133.044632795] [laserMapping]: imu loop back, clear deque
[ERROR] [1783734133.048955163] [laserMapping]: imu loop back, clear deque
[ERROR] [1783734133.054891446] [laserMapping]: imu loop back, clear deque
[ERROR] [1783734133.058926119] [laserMapping]: imu loop back, clear deque
[ERROR] [1783734133.064692626] [laserMapping]: imu loop back, clear deque
[ERROR] [1783734133.068921806] [laserMapping]: imu loop back, clear deque
[ERROR] [1783734133.074737496] [laserMapping]: imu loop back, clear deque
[ERROR] [1783734133.078748346] [laserMapping]: imu loop back, clear deque
[ERROR] [1783734133.084716649] [laserMapping]: imu loop back, clear deque
[ERROR] [1783734133.089875513] [laserMapping]: imu loop back, clear deque
[ERROR] [1783734133.094685302] [laserMapping]: imu loop back, clear deque
[ERROR] [1783734133.098932302] [laserMapping]: imu loop back, clear deque
[ERROR] [1783734133.104733776] [laserMapping]: imu loop back, clear deque
[ERROR] [1783734133.109008379] [laserMapping]: imu loop back, clear deque
[ERROR] [1783734133.114874050] [laserMapping]: imu loop back, clear deque
[ERROR] [1783734133.120287189] [laserMapping]: imu loop back, clear deque
[ERROR] [1783734133.124893830] [laserMapping]: imu loop back, clear deque
[ERROR] [1783734133.129374794] [laserMapping]: imu loop back, clear deque
[ERROR] [1783734133.134828800] [laserMapping]: imu loop back, clear deque
[ERROR] [1783734133.138880445] [laserMapping]: imu loop back, clear deque
[ERROR] [1783734133.144740849] [laserMapping]: imu loop back, clear deque
[ERROR] [1783734133.148775542] [laserMapping]: imu loop back, clear deque
[ERROR] [1783734133.154822503] [laserMapping]: imu loop back, clear deque
[ERROR] [1783734133.159155151] [laserMapping]: imu loop back, clear deque
[ERROR] [1783734133.165018259] [laserMapping]: imu loop back, clear deque
[ERROR] [1783734133.168854259] [laserMapping]: imu loop back, clear deque
[ERROR] [1783734133.174733778] [laserMapping]: imu loop back, clear deque
[ERROR] [1783734133.178740267] [laserMapping]: imu loop back, clear deque
[ERROR] [1783734133.186284392] [laserMapping]: imu loop back, clear deque
[ERROR] [1783734133.189074727] [laserMapping]: imu loop back, clear deque
[ERROR] [1783734133.194786937] [laserMapping]: imu loop back, clear deque
[ERROR] [1783734133.199099620] [laserMapping]: imu loop back, clear deque
[ERROR] [1783734133.204739305] [laserMapping]: imu loop back, clear deque
[ERROR] [1783734133.209178074] [laserMapping]: imu loop back, clear deque
[ERROR] [1783734133.214815251] [laserMapping]: imu loop back, clear deque
[ERROR] [1783734133.219128684] [laserMapping]: imu loop back, clear deque
[ERROR] [1783734133.224829134] [laserMapping]: imu loop back, clear deque
[ERROR] [1783734133.228892420] [laserMapping]: imu loop back, clear deque
[ERROR] [1783734133.234811075] [laserMapping]: imu loop back, clear deque
[ERROR] [1783734133.238877957] [laserMapping]: imu loop back, clear deque
[ERROR] [1783734133.244736459] [laserMapping]: imu loop back, clear deque
[ERROR] [1783734133.249090225] [laserMapping]: imu loop back, clear deque
[ERROR] [1783734133.254881774] [laserMapping]: imu loop back, clear deque
[ERROR] [1783734133.258781295] [laserMapping]: imu loop back, clear deque
[ERROR] [1783734133.264885564] [laserMapping]: imu loop back, clear deque
[ERROR] [1783734133.268753716] [laserMapping]: imu loop back, clear deque
[ERROR] [1783734133.274682891] [laserMapping]: imu loop back, clear deque
[ERROR] [1783734133.279236909] [laserMapping]: imu loop back, clear deque
[ERROR] [1783734133.284669703] [laserMapping]: imu loop back, clear deque
[ERROR] [1783734133.288760265] [laserMapping]: imu loop back, clear deque
[ERROR] [1783734133.294654620] [laserMapping]: imu loop back, clear deque
[ERROR] [1783734133.298926643] [laserMapping]: imu loop back, clear deque
[ERROR] [1783734133.304953036] [laserMapping]: imu loop back, clear deque
[ERROR] [1783734133.309476705] [laserMapping]: imu loop back, clear deque
[ERROR] [1783734133.314508111] [laserMapping]: imu loop back, clear deque
[ERROR] [1783734133.320776606] [laserMapping]: imu loop back, clear deque
[ERROR] [1783734133.324949680] [laserMapping]: imu loop back, clear deque
[ERROR] [1783734133.328552450] [laserMapping]: imu loop back, clear deque
[ERROR] [1783734133.334626087] [laserMapping]: imu loop back, clear deque
[ERROR] [1783734133.338951083] [laserMapping]: imu loop back, clear deque
[ERROR] [1783734133.344745657] [laserMapping]: imu loop back, clear deque
[ERROR] [1783734133.349330788] [laserMapping]: imu loop back, clear deque
[ERROR] [1783734133.354829574] [laserMapping]: imu loop back, clear deque
[ERROR] [1783734133.359142089] [laserMapping]: imu loop back, clear deque
[ERROR] [1783734133.364721275] [laserMapping]: imu loop back, clear deque
[ERROR] [1783734133.369174049] [laserMapping]: imu loop back, clear deque
[ERROR] [1783734133.374769241] [laserMapping]: imu loop back, clear deque
[ERROR] [1783734133.378745915] [laserMapping]: imu loop back, clear deque
[ERROR] [1783734133.385511893] [laserMapping]: imu loop back, clear deque
[ERROR] [1783734133.388795011] [laserMapping]: imu loop back, clear deque
[ERROR] [1783734133.394640166] [laserMapping]: imu loop back, clear deque
[ERROR] [1783734133.399227690] [laserMapping]: imu loop back, clear deque
[ERROR] [1783734133.404913367] [laserMapping]: imu loop back, clear deque
[ERROR] [1783734133.409025794] [laserMapping]: imu loop back, clear deque
[ERROR] [1783734133.414963031] [laserMapping]: imu loop back, clear deque
[ERROR] [1783734133.418870692] [laserMapping]: imu loop back, clear deque
[ERROR] [1783734133.424740399] [laserMapping]: imu loop back, clear deque
[ERROR] [1783734133.428717591] [laserMapping]: imu loop back, clear deque
[ERROR] [1783734133.433905146] [laserMapping]: imu loop back, clear deque
[ERROR] [1783734133.439011538] [laserMapping]: imu loop back, clear deque
[ERROR] [1783734133.444798994] [laserMapping]: imu loop back, clear deque
[ERROR] [1783734133.448851147] [laserMapping]: imu loop back, clear deque
[ERROR] [1783734133.455497228] [laserMapping]: imu loop back, clear deque
[ERROR] [1783734133.459512295] [laserMapping]: imu loop back, clear deque
[ERROR] [1783734133.464732397] [laserMapping]: imu loop back, clear deque
[ERROR] [1783734133.468976060] [laserMapping]: imu loop back, clear deque
[ERROR] [1783734133.474876405] [laserMapping]: imu loop back, clear deque
[ERROR] [1783734133.479007923] [laserMapping]: imu loop back, clear deque
[ERROR] [1783734133.484842397] [laserMapping]: imu loop back, clear deque
[ERROR] [1783734133.489206031] [laserMapping]: imu loop back, clear deque
[ERROR] [1783734133.494472553] [laserMapping]: imu loop back, clear deque
[ERROR] [1783734133.499025977] [laserMapping]: imu loop back, clear deque
[ERROR] [1783734133.504725665] [laserMapping]: imu loop back, clear deque
[ERROR] [1783734133.508957206] [laserMapping]: imu loop back, clear deque
[ERROR] [1783734133.514854325] [laserMapping]: imu loop back, clear deque
[ERROR] [1783734133.520228926] [laserMapping]: imu loop back, clear deque
[ERROR] [1783734133.524883515] [laserMapping]: imu loop back, clear deque
[ERROR] [1783734133.528694045] [laserMapping]: imu loop back, clear deque
[ERROR] [1783734133.534960777] [laserMapping]: imu loop back, clear deque
[ERROR] [1783734133.539488921] [laserMapping]: imu loop back, clear deque
[ERROR] [1783734133.544563734] [laserMapping]: imu loop back, clear deque
[ERROR] [1783734133.548820133] [laserMapping]: imu loop back, clear deque
[ERROR] [1783734133.554795822] [laserMapping]: imu loop back, clear deque
[ERROR] [1783734133.559212389] [laserMapping]: imu loop back, clear deque
[ERROR] [1783734133.564694442] [laserMapping]: imu loop back, clear deque
[ERROR] [1783734133.569223082] [laserMapping]: imu loop back, clear deque
[ERROR] [1783734133.574852840] [laserMapping]: imu loop back, clear deque
[ERROR] [1783734133.579396043] [laserMapping]: imu loop back, clear deque
[ERROR] [1783734133.585447272] [laserMapping]: imu loop back, clear deque
[ERROR] [1783734133.588987188] [laserMapping]: imu loop back, clear deque
[ERROR] [1783734133.594755468] [laserMapping]: imu loop back, clear deque
[ERROR] [1783734133.599105378] [laserMapping]: imu loop back, clear deque
[ERROR] [1783734133.604781788] [laserMapping]: imu loop back, clear deque
[ERROR] [1783734133.609272011] [laserMapping]: imu loop back, clear deque
[ERROR] [1783734133.614881649] [laserMapping]: imu loop back, clear deque
[ERROR] [1783734133.619202273] [laserMapping]: imu loop back, clear deque
[ERROR] [1783734133.624749951] [laserMapping]: imu loop back, clear deque
[ERROR] [1783734133.628734258] [laserMapping]: imu loop back, clear deque
[ERROR] [1783734133.634659917] [laserMapping]: imu loop back, clear deque
[ERROR] [1783734133.639526811] [laserMapping]: imu loop back, clear deque
[ERROR] [1783734133.644476717] [laserMapping]: imu loop back, clear deque
[ERROR] [1783734133.648758980] [laserMapping]: imu loop back, clear deque
[ERROR] [1783734133.657654287] [laserMapping]: imu loop back, clear deque
[ERROR] [1783734133.658953567] [laserMapping]: imu loop back, clear deque
[ERROR] [1783734133.664402264] [laserMapping]: imu loop back, clear deque
[ERROR] [1783734133.668864123] [laserMapping]: imu loop back, clear deque
[ERROR] [1783734133.674949700] [laserMapping]: imu loop back, clear deque
[ERROR] [1783734133.679217287] [laserMapping]: imu loop back, clear deque
[ERROR] [1783734133.684885072] [laserMapping]: imu loop back, clear deque
[ERROR] [1783734133.688908198] [laserMapping]: imu loop back, clear deque
[ERROR] [1783734133.694749164] [laserMapping]: imu loop back, clear deque
[ERROR] [1783734133.698824243] [laserMapping]: imu loop back, clear deque
[ERROR] [1783734133.704735558] [laserMapping]: imu loop back, clear deque
[ERROR] [1783734133.708957583] [laserMapping]: imu loop back, clear deque
[ERROR] [1783734133.714511875] [laserMapping]: imu loop back, clear deque
[ERROR] [1783734133.719187683] [laserMapping]: imu loop back, clear deque
[ERROR] [1783734133.725066179] [laserMapping]: imu loop back, clear deque
[ERROR] [1783734133.729127535] [laserMapping]: imu loop back, clear deque
[ERROR] [1783734133.734625449] [laserMapping]: imu loop back, clear deque
[ERROR] [1783734133.739717602] [laserMapping]: imu loop back, clear deque
[ERROR] [1783734133.744211079] [laserMapping]: imu loop back, clear deque
[ERROR] [1783734133.749004698] [laserMapping]: imu loop back, clear deque
[ERROR] [1783734133.754800571] [laserMapping]: imu loop back, clear deque
[ERROR] [1783734133.759159612] [laserMapping]: imu loop back, clear deque
[ERROR] [1783734133.764590931] [laserMapping]: imu loop back, clear deque
[ERROR] [1783734133.768831855] [laserMapping]: imu loop back, clear deque
[ERROR] [1783734133.774705667] [laserMapping]: imu loop back, clear deque
[ERROR] [1783734133.779214579] [laserMapping]: imu loop back, clear deque
[ERROR] [1783734133.786421541] [laserMapping]: imu loop back, clear deque
[ERROR] [1783734133.790172046] [laserMapping]: imu loop back, clear deque
[ERROR] [1783734133.794829291] [laserMapping]: imu loop back, clear deque
[ERROR] [1783734133.798653683] [laserMapping]: imu loop back, clear deque
[ERROR] [1783734133.805020270] [laserMapping]: imu loop back, clear deque
[ERROR] [1783734133.809216755] [laserMapping]: imu loop back, clear deque
[ERROR] [1783734133.814792844] [laserMapping]: imu loop back, clear deque
[ERROR] [1783734133.818904925] [laserMapping]: imu loop back, clear deque
[ERROR] [1783734133.824853845] [laserMapping]: imu loop back, clear deque
[ERROR] [1783734133.828847234] [laserMapping]: imu loop back, clear deque
[ERROR] [1783734133.834829576] [laserMapping]: imu loop back, clear deque
[ERROR] [1783734133.839726413] [laserMapping]: imu loop back, clear deque
[ERROR] [1783734133.844754842] [laserMapping]: imu loop back, clear deque
[ERROR] [1783734133.848727813] [laserMapping]: imu loop back, clear deque
[ERROR] [1783734133.856389298] [laserMapping]: imu loop back, clear deque
[ERROR] [1783734133.859245725] [laserMapping]: imu loop back, clear deque
[ERROR] [1783734133.864442277] [laserMapping]: imu loop back, clear deque
[ERROR] [1783734133.868671699] [laserMapping]: imu loop back, clear deque
[ERROR] [1783734133.874740251] [laserMapping]: imu loop back, clear deque
[ERROR] [1783734133.879237636] [laserMapping]: imu loop back, clear deque
[ERROR] [1783734133.884862184] [laserMapping]: imu loop back, clear deque
[ERROR] [1783734133.888974388] [laserMapping]: imu loop back, clear deque
[ERROR] [1783734133.894747445] [laserMapping]: imu loop back, clear deque
[ERROR] [1783734133.898777883] [laserMapping]: imu loop back, clear deque
[ERROR] [1783734133.904699988] [laserMapping]: imu loop back, clear deque
[ERROR] [1783734133.909478282] [laserMapping]: imu loop back, clear deque
[ERROR] [1783734133.914631687] [laserMapping]: imu loop back, clear deque
[ERROR] [1783734133.920848390] [laserMapping]: imu loop back, clear deque
[ERROR] [1783734133.924713959] [laserMapping]: imu loop back, clear deque
[ERROR] [1783734133.928896333] [laserMapping]: imu loop back, clear deque
[ERROR] [1783734133.934887743] [laserMapping]: imu loop back, clear deque
[ERROR] [1783734133.938664491] [laserMapping]: imu loop back, clear deque
[ERROR] [1783734133.944780917] [laserMapping]: imu loop back, clear deque
[ERROR] [1783734133.949332044] [laserMapping]: imu loop back, clear deque
[ERROR] [1783734133.954534348] [laserMapping]: imu loop back, clear deque
[ERROR] [1783734133.958904180] [laserMapping]: imu loop back, clear deque
[ERROR] [1783734133.964883505] [laserMapping]: imu loop back, clear deque
[ERROR] [1783734133.969041666] [laserMapping]: imu loop back, clear deque
[ERROR] [1783734133.974654384] [laserMapping]: imu loop back, clear deque
[ERROR] [1783734133.978664709] [laserMapping]: imu loop back, clear deque
[ERROR] [1783734133.984695286] [laserMapping]: imu loop back, clear deque
[ERROR] [1783734133.989448368] [laserMapping]: imu loop back, clear deque
[ERROR] [1783734133.994968183] [laserMapping]: imu loop back, clear deque
[ERROR] [1783734133.999029404] [laserMapping]: imu loop back, clear deque
[ERROR] [1783734134.004759458] [laserMapping]: imu loop back, clear deque
[ERROR] [1783734134.009225629] [laserMapping]: imu loop back, clear deque
[ERROR] [1783734134.014849918] [laserMapping]: imu loop back, clear deque
[ERROR] [1783734134.018887526] [laserMapping]: imu loop back, clear deque
[ERROR] [1783734134.024738515] [laserMapping]: imu loop back, clear deque
[ERROR] [1783734134.029026448] [laserMapping]: imu loop back, clear deque
[ERROR] [1783734134.034805583] [laserMapping]: imu loop back, clear deque
[ERROR] [1783734134.038803862] [laserMapping]: imu loop back, clear deque
[ERROR] [1783734134.044848183] [laserMapping]: imu loop back, clear deque
[ERROR] [1783734134.049136195] [laserMapping]: imu loop back, clear deque
[ERROR] [1783734134.055830368] [laserMapping]: imu loop back, clear deque
[ERROR] [1783734134.059335602] [laserMapping]: imu loop back, clear deque
[ERROR] [1783734134.064805387] [laserMapping]: imu loop back, clear deque
[ERROR] [1783734134.068718888] [laserMapping]: imu loop back, clear deque
[ERROR] [1783734134.074933013] [laserMapping]: imu loop back, clear deque
[ERROR] [1783734134.078654314] [laserMapping]: imu loop back, clear deque
[ERROR] [1783734134.084875239] [laserMapping]: imu loop back, clear deque
[ERROR] [1783734134.089497285] [laserMapping]: imu loop back, clear deque
[ERROR] [1783734134.094850438] [laserMapping]: imu loop back, clear deque
[ERROR] [1783734134.098866160] [laserMapping]: imu loop back, clear deque
[ERROR] [1783734134.104960426] [laserMapping]: imu loop back, clear deque
[ERROR] [1783734134.108961141] [laserMapping]: imu loop back, clear deque
[ERROR] [1783734134.114805335] [laserMapping]: imu loop back, clear deque
[ERROR] [1783734134.119018928] [laserMapping]: imu loop back, clear deque
[ERROR] [1783734134.124739774] [laserMapping]: imu loop back, clear deque
[ERROR] [1783734134.129111817] [laserMapping]: imu loop back, clear deque
[ERROR] [1783734134.134805983] [laserMapping]: imu loop back, clear deque
[ERROR] [1783734134.138737600] [laserMapping]: imu loop back, clear deque
[ERROR] [1783734134.144535854] [laserMapping]: imu loop back, clear deque
[ERROR] [1783734134.148825893] [laserMapping]: imu loop back, clear deque
[ERROR] [1783734134.154771971] [laserMapping]: imu loop back, clear deque
[ERROR] [1783734134.158894286] [laserMapping]: imu loop back, clear deque
[ERROR] [1783734134.164772255] [laserMapping]: imu loop back, clear deque
[ERROR] [1783734134.168886045] [laserMapping]: imu loop back, clear deque
[ERROR] [1783734134.174718902] [laserMapping]: imu loop back, clear deque
[ERROR] [1783734134.178713194] [laserMapping]: imu loop back, clear deque
[ERROR] [1783734134.185555570] [laserMapping]: imu loop back, clear deque
[ERROR] [1783734134.189977632] [laserMapping]: imu loop back, clear deque
[ERROR] [1783734134.194894710] [laserMapping]: imu loop back, clear deque
[ERROR] [1783734134.198966570] [laserMapping]: imu loop back, clear deque
[ERROR] [1783734134.204961079] [laserMapping]: imu loop back, clear deque
[ERROR] [1783734134.209219513] [laserMapping]: imu loop back, clear deque
[ERROR] [1783734134.214760362] [laserMapping]: imu loop back, clear deque
[ERROR] [1783734134.219106188] [laserMapping]: imu loop back, clear deque
[ERROR] [1783734134.224778414] [laserMapping]: imu loop back, clear deque
[ERROR] [1783734134.229019883] [laserMapping]: imu loop back, clear deque
[ERROR] [1783734134.234612790] [laserMapping]: imu loop back, clear deque
[ERROR] [1783734134.238942572] [laserMapping]: imu loop back, clear deque
[ERROR] [1783734134.244776568] [laserMapping]: imu loop back, clear deque
[ERROR] [1783734134.248754732] [laserMapping]: imu loop back, clear deque
[ERROR] [1783734134.255019483] [laserMapping]: imu loop back, clear deque
[ERROR] [1783734134.258922160] [laserMapping]: imu loop back, clear deque
[ERROR] [1783734134.264970919] [laserMapping]: imu loop back, clear deque
[ERROR] [1783734134.269171771] [laserMapping]: imu loop back, clear deque
[ERROR] [1783734134.274763252] [laserMapping]: imu loop back, clear deque
[ERROR] [1783734134.279014399] [laserMapping]: imu loop back, clear deque
[ERROR] [1783734134.284879257] [laserMapping]: imu loop back, clear deque
[ERROR] [1783734134.289246470] [laserMapping]: imu loop back, clear deque
[ERROR] [1783734134.294592004] [laserMapping]: imu loop back, clear deque
[ERROR] [1783734134.298880613] [laserMapping]: imu loop back, clear deque
[ERROR] [1783734134.305010974] [laserMapping]: imu loop back, clear deque
[ERROR] [1783734134.309308374] [laserMapping]: imu loop back, clear deque
[ERROR] [1783734134.314488721] [laserMapping]: imu loop back, clear deque
[ERROR] [1783734134.319253913] [laserMapping]: imu loop back, clear deque
[ERROR] [1783734134.324855721] [laserMapping]: imu loop back, clear deque
[ERROR] [1783734134.329038272] [laserMapping]: imu loop back, clear deque
[ERROR] [1783734134.334784700] [laserMapping]: imu loop back, clear deque
[ERROR] [1783734134.339108905] [laserMapping]: imu loop back, clear deque
[ERROR] [1783734134.344698900] [laserMapping]: imu loop back, clear deque
[ERROR] [1783734134.348735505] [laserMapping]: imu loop back, clear deque
[ERROR] [1783734134.354560903] [laserMapping]: imu loop back, clear deque
[ERROR] [1783734134.359176062] [laserMapping]: imu loop back, clear deque
[ERROR] [1783734134.365018993] [laserMapping]: imu loop back, clear deque
[ERROR] [1783734134.368885828] [laserMapping]: imu loop back, clear deque
[ERROR] [1783734134.374946104] [laserMapping]: imu loop back, clear deque
[ERROR] [1783734134.379211276] [laserMapping]: imu loop back, clear deque
[ERROR] [1783734134.385565654] [laserMapping]: imu loop back, clear deque
[ERROR] [1783734134.388842903] [laserMapping]: imu loop back, clear deque
[ERROR] [1783734134.394760974] [laserMapping]: imu loop back, clear deque
[ERROR] [1783734134.399398830] [laserMapping]: imu loop back, clear deque
[ERROR] [1783734134.404769856] [laserMapping]: imu loop back, clear deque
[ERROR] [1783734134.409098520] [laserMapping]: imu loop back, clear deque
[ERROR] [1783734134.414751714] [laserMapping]: imu loop back, clear deque
[ERROR] [1783734134.418887541] [laserMapping]: imu loop back, clear deque
[ERROR] [1783734134.424803164] [laserMapping]: imu loop back, clear deque
[ERROR] [1783734134.429077826] [laserMapping]: imu loop back, clear deque
[ERROR] [1783734134.434756219] [laserMapping]: imu loop back, clear deque
[ERROR] [1783734134.439067073] [laserMapping]: imu loop back, clear deque
[ERROR] [1783734134.444752420] [laserMapping]: imu loop back, clear deque
[ERROR] [1783734134.448504602] [laserMapping]: imu loop back, clear deque
[ERROR] [1783734134.455376228] [laserMapping]: imu loop back, clear deque
[ERROR] [1783734134.459186475] [laserMapping]: imu loop back, clear deque
[ERROR] [1783734134.464703988] [laserMapping]: imu loop back, clear deque
[ERROR] [1783734134.468623618] [laserMapping]: imu loop back, clear deque
[ERROR] [1783734134.474723080] [laserMapping]: imu loop back, clear deque
[ERROR] [1783734134.478956231] [laserMapping]: imu loop back, clear deque
[ERROR] [1783734134.484870446] [laserMapping]: imu loop back, clear deque
[ERROR] [1783734134.488990244] [laserMapping]: imu loop back, clear deque
[ERROR] [1783734134.494740955] [laserMapping]: imu loop back, clear deque
[ERROR] [1783734134.499059751] [laserMapping]: imu loop back, clear deque
[ERROR] [1783734134.504687480] [laserMapping]: imu loop back, clear deque
[ERROR] [1783734134.509212414] [laserMapping]: imu loop back, clear deque
[ERROR] [1783734134.514485098] [laserMapping]: imu loop back, clear deque
[ERROR] [1783734134.519003224] [laserMapping]: imu loop back, clear deque
[ERROR] [1783734134.524717853] [laserMapping]: imu loop back, clear deque
[ERROR] [1783734134.529219089] [laserMapping]: imu loop back, clear deque
[ERROR] [1783734134.534950134] [laserMapping]: imu loop back, clear deque
[ERROR] [1783734134.538954687] [laserMapping]: imu loop back, clear deque
[ERROR] [1783734134.544737311] [laserMapping]: imu loop back, clear deque
[ERROR] [1783734134.549288767] [laserMapping]: imu loop back, clear deque
[ERROR] [1783734134.554761207] [laserMapping]: imu loop back, clear deque
[ERROR] [1783734134.559212729] [laserMapping]: imu loop back, clear deque
[ERROR] [1783734134.564904258] [laserMapping]: imu loop back, clear deque
[ERROR] [1783734134.568768134] [laserMapping]: imu loop back, clear deque
[ERROR] [1783734134.574819772] [laserMapping]: imu loop back, clear deque
[ERROR] [1783734134.578835626] [laserMapping]: imu loop back, clear deque
[ERROR] [1783734134.585056596] [laserMapping]: imu loop back, clear deque
[ERROR] [1783734134.588844025] [laserMapping]: imu loop back, clear deque
[ERROR] [1783734134.595062637] [laserMapping]: imu loop back, clear deque
[ERROR] [1783734134.598814655] [laserMapping]: imu loop back, clear deque
[ERROR] [1783734134.604958678] [laserMapping]: imu loop back, clear deque
[ERROR] [1783734134.609486204] [laserMapping]: imu loop back, clear deque
[ERROR] [1783734134.614647630] [laserMapping]: imu loop back, clear deque
[ERROR] [1783734134.618964119] [laserMapping]: imu loop back, clear deque
[ERROR] [1783734134.624824016] [laserMapping]: imu loop back, clear deque
[ERROR] [1783734134.629105632] [laserMapping]: imu loop back, clear deque
[ERROR] [1783734134.634767986] [laserMapping]: imu loop back, clear deque
[ERROR] [1783734134.638798054] [laserMapping]: imu loop back, clear deque
[ERROR] [1783734134.645020352] [laserMapping]: imu loop back, clear deque
[ERROR] [1783734134.648773858] [laserMapping]: imu loop back, clear deque
[ERROR] [1783734134.654994825] [laserMapping]: imu loop back, clear deque
[ERROR] [1783734134.659203109] [laserMapping]: imu loop back, clear deque
[ERROR] [1783734134.664781996] [laserMapping]: imu loop back, clear deque
[ERROR] [1783734134.669156983] [laserMapping]: imu loop back, clear deque
[ERROR] [1783734134.674575657] [laserMapping]: imu loop back, clear deque
[ERROR] [1783734134.678744641] [laserMapping]: imu loop back, clear deque
[ERROR] [1783734134.684977526] [laserMapping]: imu loop back, clear deque
[ERROR] [1783734134.688968918] [laserMapping]: imu loop back, clear deque
[ERROR] [1783734134.694740146] [laserMapping]: imu loop back, clear deque
[ERROR] [1783734134.699018837] [laserMapping]: imu loop back, clear deque
[ERROR] [1783734134.704885055] [laserMapping]: imu loop back, clear deque
[ERROR] [1783734134.709189140] [laserMapping]: imu loop back, clear deque
[ERROR] [1783734134.714769438] [laserMapping]: imu loop back, clear deque
[ERROR] [1783734134.721075853] [laserMapping]: imu loop back, clear deque
[ERROR] [1783734134.724939821] [laserMapping]: imu loop back, clear deque
[ERROR] [1783734134.729210497] [laserMapping]: imu loop back, clear deque
[ERROR] [1783734134.734839078] [laserMapping]: imu loop back, clear deque
[ERROR] [1783734134.738879700] [laserMapping]: imu loop back, clear deque
[ERROR] [1783734134.744425360] [laserMapping]: imu loop back, clear deque
[ERROR] [1783734134.748714327] [laserMapping]: imu loop back, clear deque
[ERROR] [1783734134.754700648] [laserMapping]: imu loop back, clear deque
[ERROR] [1783734134.759617741] [laserMapping]: imu loop back, clear deque
[ERROR] [1783734134.764724444] [laserMapping]: imu loop back, clear deque
[ERROR] [1783734134.768906907] [laserMapping]: imu loop back, clear deque
[ERROR] [1783734134.774588332] [laserMapping]: imu loop back, clear deque
[ERROR] [1783734134.779100988] [laserMapping]: imu loop back, clear deque
[ERROR] [1783734134.785427230] [laserMapping]: imu loop back, clear deque
[ERROR] [1783734134.789418361] [laserMapping]: imu loop back, clear deque
[ERROR] [1783734134.794548001] [laserMapping]: imu loop back, clear deque
[ERROR] [1783734134.798846166] [laserMapping]: imu loop back, clear deque
[ERROR] [1783734134.804749910] [laserMapping]: imu loop back, clear deque
[ERROR] [1783734134.808958211] [laserMapping]: imu loop back, clear deque
[ERROR] [1783734134.814761131] [laserMapping]: imu loop back, clear deque
[ERROR] [1783734134.819139668] [laserMapping]: imu loop back, clear deque
[ERROR] [1783734134.824747707] [laserMapping]: imu loop back, clear deque
[ERROR] [1783734134.829212415] [laserMapping]: imu loop back, clear deque
[ERROR] [1783734134.834627122] [laserMapping]: imu loop back, clear deque
[ERROR] [1783734134.838761605] [laserMapping]: imu loop back, clear deque
[ERROR] [1783734134.844788513] [laserMapping]: imu loop back, clear deque
[ERROR] [1783734134.848861026] [laserMapping]: imu loop back, clear deque
[ERROR] [1783734134.855955325] [laserMapping]: imu loop back, clear deque
[ERROR] [1783734134.859479466] [laserMapping]: imu loop back, clear deque
[ERROR] [1783734134.864684863] [laserMapping]: imu loop back, clear deque
[ERROR] [1783734134.868754853] [laserMapping]: imu loop back, clear deque
[ERROR] [1783734134.874743593] [laserMapping]: imu loop back, clear deque
[ERROR] [1783734134.878950508] [laserMapping]: imu loop back, clear deque
[ERROR] [1783734134.884747483] [laserMapping]: imu loop back, clear deque
[ERROR] [1783734134.888766427] [laserMapping]: imu loop back, clear deque
[ERROR] [1783734134.894744165] [laserMapping]: imu loop back, clear deque
[ERROR] [1783734134.898803112] [laserMapping]: imu loop back, clear deque
[ERROR] [1783734134.904748595] [laserMapping]: imu loop back, clear deque
[ERROR] [1783734134.909368305] [laserMapping]: imu loop back, clear deque
[ERROR] [1783734134.914721835] [laserMapping]: imu loop back, clear deque
[ERROR] [1783734134.918974219] [laserMapping]: imu loop back, clear deque
[ERROR] [1783734134.924741809] [laserMapping]: imu loop back, clear deque
[ERROR] [1783734134.929230403] [laserMapping]: imu loop back, clear deque
[ERROR] [1783734134.934667899] [laserMapping]: imu loop back, clear deque
[ERROR] [1783734134.938745755] [laserMapping]: imu loop back, clear deque
[ERROR] [1783734134.944587803] [laserMapping]: imu loop back, clear deque
[ERROR] [1783734134.949136303] [laserMapping]: imu loop back, clear deque
[ERROR] [1783734134.954638691] [laserMapping]: imu loop back, clear deque
[ERROR] [1783734134.958599879] [laserMapping]: imu loop back, clear deque
[ERROR] [1783734134.964496204] [laserMapping]: imu loop back, clear deque
[ERROR] [1783734134.968891506] [laserMapping]: imu loop back, clear deque
[ERROR] [1783734134.975007874] [laserMapping]: imu loop back, clear deque
[ERROR] [1783734134.978736897] [laserMapping]: imu loop back, clear deque
[ERROR] [1783734134.985011136] [laserMapping]: imu loop back, clear deque
[ERROR] [1783734134.989571465] [laserMapping]: imu loop back, clear deque
[ERROR] [1783734134.994668492] [laserMapping]: imu loop back, clear deque
[ERROR] [1783734134.999037917] [laserMapping]: imu loop back, clear deque
[ERROR] [1783734135.004745640] [laserMapping]: imu loop back, clear deque
[ERROR] [1783734135.009011601] [laserMapping]: imu loop back, clear deque
[ERROR] [1783734135.014757731] [laserMapping]: imu loop back, clear deque
[ERROR] [1783734135.019155124] [laserMapping]: imu loop back, clear deque
[ERROR] [1783734135.024792560] [laserMapping]: imu loop back, clear deque
[ERROR] [1783734135.028799186] [laserMapping]: imu loop back, clear deque
[ERROR] [1783734135.034795841] [laserMapping]: imu loop back, clear deque
[ERROR] [1783734135.039066120] [laserMapping]: imu loop back, clear deque
[ERROR] [1783734135.044608537] [laserMapping]: imu loop back, clear deque
[ERROR] [1783734135.048886234] [laserMapping]: imu loop back, clear deque
[ERROR] [1783734135.054955275] [laserMapping]: imu loop back, clear deque
[ERROR] [1783734135.059364202] [laserMapping]: imu loop back, clear deque
[ERROR] [1783734135.064617443] [laserMapping]: imu loop back, clear deque
[ERROR] [1783734135.069029133] [laserMapping]: imu loop back, clear deque
[ERROR] [1783734135.074390694] [laserMapping]: imu loop back, clear deque
[ERROR] [1783734135.078692422] [laserMapping]: imu loop back, clear deque
[ERROR] [1783734135.084902640] [laserMapping]: imu loop back, clear deque
[ERROR] [1783734135.088927207] [laserMapping]: imu loop back, clear deque
[ERROR] [1783734135.094381668] [laserMapping]: imu loop back, clear deque
[ERROR] [1783734135.098898994] [laserMapping]: imu loop back, clear deque
[ERROR] [1783734135.104854662] [laserMapping]: imu loop back, clear deque
[ERROR] [1783734135.109093505] [laserMapping]: imu loop back, clear deque
[ERROR] [1783734135.114687806] [laserMapping]: imu loop back, clear deque
[ERROR] [1783734135.119210979] [laserMapping]: imu loop back, clear deque
[ERROR] [1783734135.124923019] [laserMapping]: imu loop back, clear deque
[ERROR] [1783734135.128804295] [laserMapping]: imu loop back, clear deque
[ERROR] [1783734135.134851020] [laserMapping]: imu loop back, clear deque
[ERROR] [1783734135.138919930] [laserMapping]: imu loop back, clear deque
[ERROR] [1783734135.144739953] [laserMapping]: imu loop back, clear deque
[ERROR] [1783734135.148869067] [laserMapping]: imu loop back, clear deque
[ERROR] [1783734135.154609773] [laserMapping]: imu loop back, clear deque
[ERROR] [1783734135.158947509] [laserMapping]: imu loop back, clear deque
[ERROR] [1783734135.164831783] [laserMapping]: imu loop back, clear deque
[ERROR] [1783734135.169666446] [laserMapping]: imu loop back, clear deque
[ERROR] [1783734135.174270925] [laserMapping]: imu loop back, clear deque
[ERROR] [1783734135.178955669] [laserMapping]: imu loop back, clear deque
[ERROR] [1783734135.184421020] [laserMapping]: imu loop back, clear deque
[ERROR] [1783734135.189023713] [laserMapping]: imu loop back, clear deque
[ERROR] [1783734135.194884193] [laserMapping]: imu loop back, clear deque
[ERROR] [1783734135.199220887] [laserMapping]: imu loop back, clear deque
[ERROR] [1783734135.204663393] [laserMapping]: imu loop back, clear deque
[ERROR] [1783734135.209217754] [laserMapping]: imu loop back, clear deque
[ERROR] [1783734135.215523232] [laserMapping]: imu loop back, clear deque
[ERROR] [1783734135.218874580] [laserMapping]: imu loop back, clear deque
[ERROR] [1783734135.224920075] [laserMapping]: imu loop back, clear deque
[ERROR] [1783734135.229169334] [laserMapping]: imu loop back, clear deque
[ERROR] [1783734135.234834018] [laserMapping]: imu loop back, clear deque
[ERROR] [1783734135.238841547] [laserMapping]: imu loop back, clear deque
[ERROR] [1783734135.244837701] [laserMapping]: imu loop back, clear deque
[ERROR] [1783734135.249157295] [laserMapping]: imu loop back, clear deque
[ERROR] [1783734135.255979799] [laserMapping]: imu loop back, clear deque
[ERROR] [1783734135.258958695] [laserMapping]: imu loop back, clear deque
[ERROR] [1783734135.264707532] [laserMapping]: imu loop back, clear deque
[ERROR] [1783734135.269494162] [laserMapping]: imu loop back, clear deque
[ERROR] [1783734135.274606246] [laserMapping]: imu loop back, clear deque
[ERROR] [1783734135.278795463] [laserMapping]: imu loop back, clear deque
[ERROR] [1783734135.285027452] [laserMapping]: imu loop back, clear deque
[ERROR] [1783734135.288974521] [laserMapping]: imu loop back, clear deque
[ERROR] [1783734135.295007093] [laserMapping]: imu loop back, clear deque
[ERROR] [1783734135.298818413] [laserMapping]: imu loop back, clear deque
[ERROR] [1783734135.304751329] [laserMapping]: imu loop back, clear deque
[ERROR] [1783734135.309271267] [laserMapping]: imu loop back, clear deque
[ERROR] [1783734135.314853587] [laserMapping]: imu loop back, clear deque
[ERROR] [1783734135.318996950] [laserMapping]: imu loop back, clear deque
[ERROR] [1783734135.325036543] [laserMapping]: imu loop back, clear deque
[ERROR] [1783734135.329203491] [laserMapping]: imu loop back, clear deque
[ERROR] [1783734135.334768136] [laserMapping]: imu loop back, clear deque
[ERROR] [1783734135.338828494] [laserMapping]: imu loop back, clear deque
[ERROR] [1783734135.344540051] [laserMapping]: imu loop back, clear deque
[ERROR] [1783734135.349248167] [laserMapping]: imu loop back, clear deque
[ERROR] [1783734135.354699481] [laserMapping]: imu loop back, clear deque
[ERROR] [1783734135.358739705] [laserMapping]: imu loop back, clear deque
[ERROR] [1783734135.364926652] [laserMapping]: imu loop back, clear deque
[ERROR] [1783734135.369051204] [laserMapping]: imu loop back, clear deque
[ERROR] [1783734135.374688814] [laserMapping]: imu loop back, clear deque
[ERROR] [1783734135.379193624] [laserMapping]: imu loop back, clear deque
[ERROR] [1783734135.384959529] [laserMapping]: imu loop back, clear deque
[ERROR] [1783734135.390080962] [laserMapping]: imu loop back, clear deque
[ERROR] [1783734135.394767931] [laserMapping]: imu loop back, clear deque
[ERROR] [1783734135.398937118] [laserMapping]: imu loop back, clear deque
[ERROR] [1783734135.404698819] [laserMapping]: imu loop back, clear deque
[ERROR] [1783734135.408949023] [laserMapping]: imu loop back, clear deque
[ERROR] [1783734135.414777921] [laserMapping]: imu loop back, clear deque
[ERROR] [1783734135.418875614] [laserMapping]: imu loop back, clear deque
[ERROR] [1783734135.424750283] [laserMapping]: imu loop back, clear deque
[ERROR] [1783734135.428739320] [laserMapping]: imu loop back, clear deque
[ERROR] [1783734135.434901293] [laserMapping]: imu loop back, clear deque
[ERROR] [1783734135.438953017] [laserMapping]: imu loop back, clear deque
[ERROR] [1783734135.444542224] [laserMapping]: imu loop back, clear deque
[ERROR] [1783734135.448858042] [laserMapping]: imu loop back, clear deque
[ERROR] [1783734135.456548907] [laserMapping]: imu loop back, clear deque
[ERROR] [1783734135.459059418] [laserMapping]: imu loop back, clear deque
[ERROR] [1783734135.464948044] [laserMapping]: imu loop back, clear deque
[ERROR] [1783734135.468858694] [laserMapping]: imu loop back, clear deque
[ERROR] [1783734135.474719023] [laserMapping]: imu loop back, clear deque
[ERROR] [1783734135.478952982] [laserMapping]: imu loop back, clear deque
[ERROR] [1783734135.484695639] [laserMapping]: imu loop back, clear deque
[ERROR] [1783734135.489073330] [laserMapping]: imu loop back, clear deque
[ERROR] [1783734135.494615677] [laserMapping]: imu loop back, clear deque
[ERROR] [1783734135.498798742] [laserMapping]: imu loop back, clear deque
[ERROR] [1783734135.504657015] [laserMapping]: imu loop back, clear deque
[ERROR] [1783734135.509211426] [laserMapping]: imu loop back, clear deque
[ERROR] [1783734135.514610329] [laserMapping]: imu loop back, clear deque
[ERROR] [1783734135.518874100] [laserMapping]: imu loop back, clear deque
[ERROR] [1783734135.526493323] [laserMapping]: imu loop back, clear deque
[ERROR] [1783734135.528959254] [laserMapping]: imu loop back, clear deque
[ERROR] [1783734135.534677018] [laserMapping]: imu loop back, clear deque
[ERROR] [1783734135.539203870] [laserMapping]: imu loop back, clear deque
[ERROR] [1783734135.544740832] [laserMapping]: imu loop back, clear deque
[ERROR] [1783734135.549394246] [laserMapping]: imu loop back, clear deque
[ERROR] [1783734135.554742188] [laserMapping]: imu loop back, clear deque
[ERROR] [1783734135.558991241] [laserMapping]: imu loop back, clear deque
[ERROR] [1783734135.564648822] [laserMapping]: imu loop back, clear deque
[ERROR] [1783734135.569223752] [laserMapping]: imu loop back, clear deque
[ERROR] [1783734135.574578539] [laserMapping]: imu loop back, clear deque
[ERROR] [1783734135.578828855] [laserMapping]: imu loop back, clear deque
[ERROR] [1783734135.584828148] [laserMapping]: imu loop back, clear deque
[ERROR] [1783734135.589227849] [laserMapping]: imu loop back, clear deque
[ERROR] [1783734135.594781965] [laserMapping]: imu loop back, clear deque
[ERROR] [1783734135.599087521] [laserMapping]: imu loop back, clear deque
[ERROR] [1783734135.604748590] [laserMapping]: imu loop back, clear deque
[ERROR] [1783734135.609060985] [laserMapping]: imu loop back, clear deque
[ERROR] [1783734135.614965150] [laserMapping]: imu loop back, clear deque
[ERROR] [1783734135.619299855] [laserMapping]: imu loop back, clear deque
[ERROR] [1783734135.624853786] [laserMapping]: imu loop back, clear deque
[ERROR] [1783734135.628845746] [laserMapping]: imu loop back, clear deque
[ERROR] [1783734135.634879304] [laserMapping]: imu loop back, clear deque
[ERROR] [1783734135.638940680] [laserMapping]: imu loop back, clear deque
[ERROR] [1783734135.644792690] [laserMapping]: imu loop back, clear deque
[ERROR] [1783734135.649169406] [laserMapping]: imu loop back, clear deque
[ERROR] [1783734135.655990201] [laserMapping]: imu loop back, clear deque
[ERROR] [1783734135.660282742] [laserMapping]: imu loop back, clear deque
[ERROR] [1783734135.664718721] [laserMapping]: imu loop back, clear deque
[ERROR] [1783734135.668674245] [laserMapping]: imu loop back, clear deque
[ERROR] [1783734135.674815310] [laserMapping]: imu loop back, clear deque
[ERROR] [1783734135.679127480] [laserMapping]: imu loop back, clear deque
[ERROR] [1783734135.685068111] [laserMapping]: imu loop back, clear deque
[ERROR] [1783734135.689373041] [laserMapping]: imu loop back, clear deque
[ERROR] [1783734135.694437651] [laserMapping]: imu loop back, clear deque
[ERROR] [1783734135.698733660] [laserMapping]: imu loop back, clear deque
[ERROR] [1783734135.704662260] [laserMapping]: imu loop back, clear deque
[ERROR] [1783734135.709193456] [laserMapping]: imu loop back, clear deque
[ERROR] [1783734135.714622987] [laserMapping]: imu loop back, clear deque
[ERROR] [1783734135.718958788] [laserMapping]: imu loop back, clear deque
[ERROR] [1783734135.725133952] [laserMapping]: imu loop back, clear deque
[ERROR] [1783734135.729034300] [laserMapping]: imu loop back, clear deque
[ERROR] [1783734135.734748929] [laserMapping]: imu loop back, clear deque
[ERROR] [1783734135.739014883] [laserMapping]: imu loop back, clear deque
[ERROR] [1783734135.744841455] [laserMapping]: imu loop back, clear deque
[ERROR] [1783734135.748908808] [laserMapping]: imu loop back, clear deque
[ERROR] [1783734135.754953713] [laserMapping]: imu loop back, clear deque
[ERROR] [1783734135.759285048] [laserMapping]: imu loop back, clear deque
[ERROR] [1783734135.764609212] [laserMapping]: imu loop back, clear deque
[ERROR] [1783734135.768734461] [laserMapping]: imu loop back, clear deque
[ERROR] [1783734135.774954513] [laserMapping]: imu loop back, clear deque
[ERROR] [1783734135.778943622] [laserMapping]: imu loop back, clear deque
[ERROR] [1783734135.784876283] [laserMapping]: imu loop back, clear deque
[ERROR] [1783734135.789326846] [laserMapping]: imu loop back, clear deque
[ERROR] [1783734135.794807582] [laserMapping]: imu loop back, clear deque
[ERROR] [1783734135.799229683] [laserMapping]: imu loop back, clear deque
[ERROR] [1783734135.804704646] [laserMapping]: imu loop back, clear deque
[ERROR] [1783734135.808956075] [laserMapping]: imu loop back, clear deque
[ERROR] [1783734135.814332054] [laserMapping]: imu loop back, clear deque
[ERROR] [1783734135.819201632] [laserMapping]: imu loop back, clear deque
[ERROR] [1783734135.824738434] [laserMapping]: imu loop back, clear deque
[ERROR] [1783734135.828953058] [laserMapping]: imu loop back, clear deque
[ERROR] [1783734135.834892559] [laserMapping]: imu loop back, clear deque
[ERROR] [1783734135.839188940] [laserMapping]: imu loop back, clear deque
[ERROR] [1783734135.844758352] [laserMapping]: imu loop back, clear deque
[ERROR] [1783734135.848821518] [laserMapping]: imu loop back, clear deque
[ERROR] [1783734135.857237961] [laserMapping]: imu loop back, clear deque
[ERROR] [1783734135.858699542] [laserMapping]: imu loop back, clear deque
[ERROR] [1783734135.864868607] [laserMapping]: imu loop back, clear deque
[ERROR] [1783734135.868747623] [laserMapping]: imu loop back, clear deque
[ERROR] [1783734135.874891316] [laserMapping]: imu loop back, clear deque
[ERROR] [1783734135.878744982] [laserMapping]: imu loop back, clear deque
[ERROR] [1783734135.884964740] [laserMapping]: imu loop back, clear deque
[ERROR] [1783734135.888848475] [laserMapping]: imu loop back, clear deque
[ERROR] [1783734135.894933224] [laserMapping]: imu loop back, clear deque
[ERROR] [1783734135.898959421] [laserMapping]: imu loop back, clear deque
[ERROR] [1783734135.904628912] [laserMapping]: imu loop back, clear deque
[ERROR] [1783734135.909224938] [laserMapping]: imu loop back, clear deque
[ERROR] [1783734135.914919491] [laserMapping]: imu loop back, clear deque
[ERROR] [1783734135.918822855] [laserMapping]: imu loop back, clear deque
[ERROR] [1783734135.924632794] [laserMapping]: imu loop back, clear deque
[ERROR] [1783734135.928911760] [laserMapping]: imu loop back, clear deque
[ERROR] [1783734135.934736354] [laserMapping]: imu loop back, clear deque
[ERROR] [1783734135.938957355] [laserMapping]: imu loop back, clear deque
[ERROR] [1783734135.944762906] [laserMapping]: imu loop back, clear deque
[ERROR] [1783734135.948891356] [laserMapping]: imu loop back, clear deque
[ERROR] [1783734135.954853846] [laserMapping]: imu loop back, clear deque
[ERROR] [1783734135.958954778] [laserMapping]: imu loop back, clear deque
[ERROR] [1783734135.964630470] [laserMapping]: imu loop back, clear deque
[ERROR] [1783734135.969154124] [laserMapping]: imu loop back, clear deque
[ERROR] [1783734135.974799119] [laserMapping]: imu loop back, clear deque
[ERROR] [1783734135.978621511] [laserMapping]: imu loop back, clear deque
[ERROR] [1783734135.984868167] [laserMapping]: imu loop back, clear deque
[ERROR] [1783734135.989209231] [laserMapping]: imu loop back, clear deque
[ERROR] [1783734135.994860320] [laserMapping]: imu loop back, clear deque
[ERROR] [1783734135.998967266] [laserMapping]: imu loop back, clear deque
[ERROR] [1783734136.004643401] [laserMapping]: imu loop back, clear deque
[ERROR] [1783734136.009480942] [laserMapping]: imu loop back, clear deque
[ERROR] [1783734136.014673400] [laserMapping]: imu loop back, clear deque
[ERROR] [1783734136.019295440] [laserMapping]: imu loop back, clear deque
[ERROR] [1783734136.024877338] [laserMapping]: imu loop back, clear deque
[ERROR] [1783734136.029108270] [laserMapping]: imu loop back, clear deque
[ERROR] [1783734136.034843909] [laserMapping]: imu loop back, clear deque
[ERROR] [1783734136.038938604] [laserMapping]: imu loop back, clear deque
[ERROR] [1783734136.044891172] [laserMapping]: imu loop back, clear deque
[ERROR] [1783734136.049038500] [laserMapping]: imu loop back, clear deque
[ERROR] [1783734136.056550846] [laserMapping]: imu loop back, clear deque
[ERROR] [1783734136.059232022] [laserMapping]: imu loop back, clear deque
[ERROR] [1783734136.064703141] [laserMapping]: imu loop back, clear deque
[ERROR] [1783734136.068871164] [laserMapping]: imu loop back, clear deque
[ERROR] [1783734136.074737418] [laserMapping]: imu loop back, clear deque
[ERROR] [1783734136.078960473] [laserMapping]: imu loop back, clear deque
[ERROR] [1783734136.084878516] [laserMapping]: imu loop back, clear deque
[ERROR] [1783734136.089190700] [laserMapping]: imu loop back, clear deque
[ERROR] [1783734136.094736054] [laserMapping]: imu loop back, clear deque
[ERROR] [1783734136.098795517] [laserMapping]: imu loop back, clear deque
[ERROR] [1783734136.104955103] [laserMapping]: imu loop back, clear deque
[ERROR] [1783734136.109253664] [laserMapping]: imu loop back, clear deque
[ERROR] [1783734136.114722247] [laserMapping]: imu loop back, clear deque
[ERROR] [1783734136.119423293] [laserMapping]: imu loop back, clear deque
[ERROR] [1783734136.124854492] [laserMapping]: imu loop back, clear deque
[ERROR] [1783734136.128967261] [laserMapping]: imu loop back, clear deque
[ERROR] [1783734136.134873386] [laserMapping]: imu loop back, clear deque
[ERROR] [1783734136.138943931] [laserMapping]: imu loop back, clear deque
[ERROR] [1783734136.144921476] [laserMapping]: imu loop back, clear deque
[ERROR] [1783734136.149043480] [laserMapping]: imu loop back, clear deque
[ERROR] [1783734136.154653609] [laserMapping]: imu loop back, clear deque
[ERROR] [1783734136.159011748] [laserMapping]: imu loop back, clear deque
[ERROR] [1783734136.164936749] [laserMapping]: imu loop back, clear deque
[ERROR] [1783734136.168765978] [laserMapping]: imu loop back, clear deque
[ERROR] [1783734136.174934098] [laserMapping]: imu loop back, clear deque
[ERROR] [1783734136.179491890] [laserMapping]: imu loop back, clear deque
[ERROR] [1783734136.184874533] [laserMapping]: imu loop back, clear deque
[ERROR] [1783734136.190095792] [laserMapping]: imu loop back, clear deque
[ERROR] [1783734136.194712204] [laserMapping]: imu loop back, clear deque
[ERROR] [1783734136.198807117] [laserMapping]: imu loop back, clear deque
[ERROR] [1783734136.204740809] [laserMapping]: imu loop back, clear deque
[ERROR] [1783734136.209274419] [laserMapping]: imu loop back, clear deque
[ERROR] [1783734136.214890511] [laserMapping]: imu loop back, clear deque
[ERROR] [1783734136.218965401] [laserMapping]: imu loop back, clear deque
[ERROR] [1783734136.224742063] [laserMapping]: imu loop back, clear deque
[ERROR] [1783734136.229014325] [laserMapping]: imu loop back, clear deque
[ERROR] [1783734136.234604665] [laserMapping]: imu loop back, clear deque
[ERROR] [1783734136.238923107] [laserMapping]: imu loop back, clear deque
[ERROR] [1783734136.244675956] [laserMapping]: imu loop back, clear deque
[ERROR] [1783734136.249218587] [laserMapping]: imu loop back, clear deque
[ERROR] [1783734136.255531225] [laserMapping]: imu loop back, clear deque
[ERROR] [1783734136.258981303] [laserMapping]: imu loop back, clear deque
[ERROR] [1783734136.264675302] [laserMapping]: imu loop back, clear deque
[ERROR] [1783734136.269129678] [laserMapping]: imu loop back, clear deque
[ERROR] [1783734136.274483748] [laserMapping]: imu loop back, clear deque
[ERROR] [1783734136.278827224] [laserMapping]: imu loop back, clear deque
[ERROR] [1783734136.284911812] [laserMapping]: imu loop back, clear deque
[ERROR] [1783734136.289242651] [laserMapping]: imu loop back, clear deque
[ERROR] [1783734136.294525338] [laserMapping]: imu loop back, clear deque
[ERROR] [1783734136.298777205] [laserMapping]: imu loop back, clear deque
[ERROR] [1783734136.304719843] [laserMapping]: imu loop back, clear deque
[ERROR] [1783734136.309076099] [laserMapping]: imu loop back, clear deque
[ERROR] [1783734136.314751029] [laserMapping]: imu loop back, clear deque
[ERROR] [1783734136.319211040] [laserMapping]: imu loop back, clear deque
[ERROR] [1783734136.325201228] [laserMapping]: imu loop back, clear deque
[ERROR] [1783734136.328717369] [laserMapping]: imu loop back, clear deque
[ERROR] [1783734136.334898110] [laserMapping]: imu loop back, clear deque
[ERROR] [1783734136.338915293] [laserMapping]: imu loop back, clear deque
[ERROR] [1783734136.345007712] [laserMapping]: imu loop back, clear deque
[ERROR] [1783734136.349130590] [laserMapping]: imu loop back, clear deque
[ERROR] [1783734136.354764423] [laserMapping]: imu loop back, clear deque
[ERROR] [1783734136.359349664] [laserMapping]: imu loop back, clear deque
[ERROR] [1783734136.364647878] [laserMapping]: imu loop back, clear deque
[ERROR] [1783734136.369008449] [laserMapping]: imu loop back, clear deque
[ERROR] [1783734136.374956663] [laserMapping]: imu loop back, clear deque
[ERROR] [1783734136.379218131] [laserMapping]: imu loop back, clear deque
[ERROR] [1783734136.384721842] [laserMapping]: imu loop back, clear deque
[ERROR] [1783734136.390789399] [laserMapping]: imu loop back, clear deque
[ERROR] [1783734136.394765020] [laserMapping]: imu loop back, clear deque
[ERROR] [1783734136.399076133] [laserMapping]: imu loop back, clear deque
[ERROR] [1783734136.404743010] [laserMapping]: imu loop back, clear deque
[ERROR] [1783734136.409550892] [laserMapping]: imu loop back, clear deque
[ERROR] [1783734136.414378671] [laserMapping]: imu loop back, clear deque
[ERROR] [1783734136.418964346] [laserMapping]: imu loop back, clear deque
[ERROR] [1783734136.424745598] [laserMapping]: imu loop back, clear deque
[ERROR] [1783734136.429214497] [laserMapping]: imu loop back, clear deque
[ERROR] [1783734136.434679870] [laserMapping]: imu loop back, clear deque
[ERROR] [1783734136.438794734] [laserMapping]: imu loop back, clear deque
[ERROR] [1783734136.444967488] [laserMapping]: imu loop back, clear deque
[ERROR] [1783734136.449071738] [laserMapping]: imu loop back, clear deque
[ERROR] [1783734136.455992884] [laserMapping]: imu loop back, clear deque
[ERROR] [1783734136.458796179] [laserMapping]: imu loop back, clear deque
[ERROR] [1783734136.465031879] [laserMapping]: imu loop back, clear deque
[ERROR] [1783734136.469147918] [laserMapping]: imu loop back, clear deque
[ERROR] [1783734136.474783847] [laserMapping]: imu loop back, clear deque
[ERROR] [1783734136.479015643] [laserMapping]: imu loop back, clear deque
[ERROR] [1783734136.484840973] [laserMapping]: imu loop back, clear deque
[ERROR] [1783734136.488589060] [laserMapping]: imu loop back, clear deque
[ERROR] [1783734136.494921384] [laserMapping]: imu loop back, clear deque
[ERROR] [1783734136.498957009] [laserMapping]: imu loop back, clear deque
[ERROR] [1783734136.504639254] [laserMapping]: imu loop back, clear deque
[ERROR] [1783734136.509221472] [laserMapping]: imu loop back, clear deque
[ERROR] [1783734136.514577388] [laserMapping]: imu loop back, clear deque
[ERROR] [1783734136.518938654] [laserMapping]: imu loop back, clear deque
[ERROR] [1783734136.526059139] [laserMapping]: imu loop back, clear deque
[ERROR] [1783734136.529428574] [laserMapping]: imu loop back, clear deque
[ERROR] [1783734136.534864828] [laserMapping]: imu loop back, clear deque
[ERROR] [1783734136.539065314] [laserMapping]: imu loop back, clear deque
[ERROR] [1783734136.544868340] [laserMapping]: imu loop back, clear deque
[ERROR] [1783734136.549227667] [laserMapping]: imu loop back, clear deque
[ERROR] [1783734136.554832521] [laserMapping]: imu loop back, clear deque
[ERROR] [1783734136.558634296] [laserMapping]: imu loop back, clear deque
[ERROR] [1783734136.564696006] [laserMapping]: imu loop back, clear deque
[ERROR] [1783734136.569150434] [laserMapping]: imu loop back, clear deque
[ERROR] [1783734136.574763942] [laserMapping]: imu loop back, clear deque
[ERROR] [1783734136.579068212] [laserMapping]: imu loop back, clear deque
[ERROR] [1783734136.584722170] [laserMapping]: imu loop back, clear deque
[ERROR] [1783734136.593737920] [laserMapping]: imu loop back, clear deque
[ERROR] [1783734136.594934966] [laserMapping]: imu loop back, clear deque
[ERROR] [1783734136.598966944] [laserMapping]: imu loop back, clear deque
[ERROR] [1783734136.604963004] [laserMapping]: imu loop back, clear deque
[ERROR] [1783734136.609069305] [laserMapping]: imu loop back, clear deque
[ERROR] [1783734136.614860675] [laserMapping]: imu loop back, clear deque
[ERROR] [1783734136.618938966] [laserMapping]: imu loop back, clear deque
[ERROR] [1783734136.624770669] [laserMapping]: imu loop back, clear deque
[ERROR] [1783734136.628735736] [laserMapping]: imu loop back, clear deque
[ERROR] [1783734136.634952462] [laserMapping]: imu loop back, clear deque
[ERROR] [1783734136.639222147] [laserMapping]: imu loop back, clear deque
[ERROR] [1783734136.644784957] [laserMapping]: imu loop back, clear deque
[ERROR] [1783734136.648610328] [laserMapping]: imu loop back, clear deque
[ERROR] [1783734136.654880408] [laserMapping]: imu loop back, clear deque
[ERROR] [1783734136.659449048] [laserMapping]: imu loop back, clear deque
[ERROR] [1783734136.664911508] [laserMapping]: imu loop back, clear deque
[ERROR] [1783734136.668889335] [laserMapping]: imu loop back, clear deque
[ERROR] [1783734136.674344909] [laserMapping]: imu loop back, clear deque
[ERROR] [1783734136.678872920] [laserMapping]: imu loop back, clear deque
[ERROR] [1783734136.684829222] [laserMapping]: imu loop back, clear deque
[ERROR] [1783734136.689094294] [laserMapping]: imu loop back, clear deque
[ERROR] [1783734136.694933101] [laserMapping]: imu loop back, clear deque
[ERROR] [1783734136.699219532] [laserMapping]: imu loop back, clear deque
[ERROR] [1783734136.704918636] [laserMapping]: imu loop back, clear deque
[ERROR] [1783734136.709217566] [laserMapping]: imu loop back, clear deque
[ERROR] [1783734136.715012619] [laserMapping]: imu loop back, clear deque
[ERROR] [1783734136.718829638] [laserMapping]: imu loop back, clear deque
[ERROR] [1783734136.725483774] [laserMapping]: imu loop back, clear deque
[ERROR] [1783734136.729194409] [laserMapping]: imu loop back, clear deque
[ERROR] [1783734136.734859577] [laserMapping]: imu loop back, clear deque
[ERROR] [1783734136.738935086] [laserMapping]: imu loop back, clear deque
[ERROR] [1783734136.744626025] [laserMapping]: imu loop back, clear deque
[ERROR] [1783734136.749222833] [laserMapping]: imu loop back, clear deque
[ERROR] [1783734136.754385870] [laserMapping]: imu loop back, clear deque
[ERROR] [1783734136.759018614] [laserMapping]: imu loop back, clear deque
[ERROR] [1783734136.764698926] [laserMapping]: imu loop back, clear deque
[ERROR] [1783734136.769370839] [laserMapping]: imu loop back, clear deque
[ERROR] [1783734136.774747316] [laserMapping]: imu loop back, clear deque
[ERROR] [1783734136.778786410] [laserMapping]: imu loop back, clear deque
[ERROR] [1783734136.784963296] [laserMapping]: imu loop back, clear deque
[ERROR] [1783734136.791611127] [laserMapping]: imu loop back, clear deque
[ERROR] [1783734136.794902744] [laserMapping]: imu loop back, clear deque
[ERROR] [1783734136.798925292] [laserMapping]: imu loop back, clear deque
[ERROR] [1783734136.804914936] [laserMapping]: imu loop back, clear deque
[ERROR] [1783734136.809316765] [laserMapping]: imu loop back, clear deque
[ERROR] [1783734136.814596683] [laserMapping]: imu loop back, clear deque
[ERROR] [1783734136.818926704] [laserMapping]: imu loop back, clear deque
[ERROR] [1783734136.824740749] [laserMapping]: imu loop back, clear deque
[ERROR] [1783734136.829240709] [laserMapping]: imu loop back, clear deque
[ERROR] [1783734136.834853110] [laserMapping]: imu loop back, clear deque
[ERROR] [1783734136.839266580] [laserMapping]: imu loop back, clear deque
[ERROR] [1783734136.844865268] [laserMapping]: imu loop back, clear deque
[ERROR] [1783734136.849138186] [laserMapping]: imu loop back, clear deque
[ERROR] [1783734136.855127679] [laserMapping]: imu loop back, clear deque
[ERROR] [1783734136.859399034] [laserMapping]: imu loop back, clear deque
[ERROR] [1783734136.864988845] [laserMapping]: imu loop back, clear deque
[ERROR] [1783734136.868884238] [laserMapping]: imu loop back, clear deque
[ERROR] [1783734136.874811344] [laserMapping]: imu loop back, clear deque
[ERROR] [1783734136.879305653] [laserMapping]: imu loop back, clear deque
[ERROR] [1783734136.884965579] [laserMapping]: imu loop back, clear deque
[ERROR] [1783734136.888807724] [laserMapping]: imu loop back, clear deque
[ERROR] [1783734136.894774297] [laserMapping]: imu loop back, clear deque
[ERROR] [1783734136.899329869] [laserMapping]: imu loop back, clear deque
[ERROR] [1783734136.904767125] [laserMapping]: imu loop back, clear deque
[ERROR] [1783734136.909143736] [laserMapping]: imu loop back, clear deque
[ERROR] [1783734136.914672847] [laserMapping]: imu loop back, clear deque
[ERROR] [1783734136.918964458] [laserMapping]: imu loop back, clear deque
[ERROR] [1783734136.925696083] [laserMapping]: imu loop back, clear deque
[ERROR] [1783734136.929230866] [laserMapping]: imu loop back, clear deque
[ERROR] [1783734136.934820484] [laserMapping]: imu loop back, clear deque
[ERROR] [1783734136.939237053] [laserMapping]: imu loop back, clear deque
[ERROR] [1783734136.944582646] [laserMapping]: imu loop back, clear deque
[INFO] [1783734203.707825985] [rclcpp]: signal_handler(SIGINT/SIGTERM)
