[INFO] [1783752848.476619119] [obstacle_race_supervisor]: state=WAIT_START
[INFO] [1783752848.477021128] [obstacle_race_supervisor]: 初始化完成，等待电控串口 [start] 信号后开始下楼梯流程。
[INFO] [1783752851.326083849] [obstacle_race_supervisor]: 沙坑 AprilTag TF 已接收: frame=camera_color_optical_frame->object, samples=1/1, raw_dist=2.587m, stable_dist=2.587m, lateral=1.428m, rpy=(172.7,31.1,-0.0)deg, trigger=0.650m, priority=2.200m, target_id=10。
[INFO] [1783752852.854502042] [obstacle_race_supervisor]: 沙坑 AprilTag TF 已接收: frame=camera_color_optical_frame->object, samples=1/1, raw_dist=3.071m, stable_dist=3.071m, lateral=0.544m, rpy=(167.1,14.6,-2.7)deg, trigger=0.650m, priority=2.200m, target_id=10。
[INFO] [1783752853.383606720] [obstacle_race_supervisor]: 沙坑 AprilTag TF 已接收: frame=camera_color_optical_frame->object, samples=6/1, raw_dist=2.960m, stable_dist=2.966m, lateral=0.527m, rpy=(162.9,18.1,-2.7)deg, trigger=0.650m, priority=2.200m, target_id=10。
[INFO] [1783752853.919968785] [obstacle_race_supervisor]: 沙坑 AprilTag TF 已接收: frame=camera_color_optical_frame->object, samples=8/1, raw_dist=2.980m, stable_dist=2.965m, lateral=0.527m, rpy=(165.4,19.4,-2.4)deg, trigger=0.650m, priority=2.200m, target_id=10。
[INFO] [1783752855.857180803] [obstacle_race_supervisor]: 沙坑 AprilTag TF 已接收: frame=camera_color_optical_frame->object, samples=1/1, raw_dist=2.945m, stable_dist=2.945m, lateral=0.262m, rpy=(-160.9,4.2,-1.1)deg, trigger=0.650m, priority=2.200m, target_id=10。
[INFO] [1783752856.390663546] [obstacle_race_supervisor]: 沙坑 AprilTag TF 已接收: frame=camera_color_optical_frame->object, samples=9/1, raw_dist=2.937m, stable_dist=2.935m, lateral=0.259m, rpy=(-160.0,3.7,-0.6)deg, trigger=0.650m, priority=2.200m, target_id=10。
[INFO] [1783752856.509580879] [obstacle_race_supervisor]: state=STAIRS_ACTIVE
[INFO] [1783752856.510002439] [obstacle_race_supervisor]: 收到电控串口 [start]，开始固定下楼梯分支。
[INFO] [1783752856.611538858] [obstacle_race_supervisor]: state=POST_STAIRS_SLOPE_APPROACH
[INFO] [1783752856.611993217] [obstacle_race_supervisor]: 进入固定斜坡入口前进: distance=0.00m, override=[0,0.500,0.500], yaw_target=0.0deg, yaw_correction=True。
[INFO] [1783752856.644987666] [obstacle_race_supervisor]: 固定斜坡入口前进起点=(-0.045,-0.094)。
[INFO] [1783752856.645518110] [obstacle_race_supervisor]: 固定斜坡入口前进完成: travel=0.000m >= 0.000m, yaw_err=-179.5deg, target=0.0deg。
[INFO] [1783752856.646159593] [obstacle_race_supervisor]: state=SEARCH
[INFO] [1783752856.646596101] [obstacle_race_supervisor]: 进入搜索模式: reason=post_stairs_entry_done, walk=[0,0.500,0.500]。
[INFO] [1783752856.678355247] [obstacle_race_supervisor]: 搜索中 yaw_err=0.0deg, override=[0,0.500,0.500]。
[INFO] [1783752856.678918184] [obstacle_race_supervisor]: 上台阶 AprilTag 已检测但暂未进入分支: tf_samples=0/1, latest_tf_age=none, det_age=none, ids=10,12, tf_topic_age=0.02s, last_tf_children=[camera_color_optical_frame->object,camera_color_optical_frame->limit_bar_right], expected_tf=camera_color_optical_frame->upstairs。
[INFO] [1783752856.679338010] [obstacle_race_supervisor]: 限高杆 AprilTag 分支触发条件满足: reason=tag_z_within_trigger, samples=12/1, tag_x=0.665m, tag_z=1.143m, trigger_distance=1.400m, inside_by=0.257m, center_x=0.205m, tag_to_center=-0.460m, target_id=12, expected_tf=camera_color_optical_frame->limit_bar_right, completed=False。
[INFO] [1783752856.679742241] [obstacle_race_supervisor]: 高墙 AprilTag 已检测但暂未进入分支: tf_samples=0/1, latest_tf_age=none, det_age=none, ids=10,12, expected_tf=camera_color_optical_frame->hurdle_right。
[INFO] [1783752856.680105841] [obstacle_race_supervisor]: 沙坑 AprilTag ID10 已检测但暂未进入分支(未到触发线)，暂时抑制高墙误触发: ids=10,12, tf_samples=12/1, tag_dist=2.935m, trigger=0.650m, priority=2.200m, hurdle_dist=unknown。
[INFO] [1783752856.680423305] [obstacle_race_supervisor]: 限高杆 AprilTag 对中锁存: samples=12, tag_x=0.665m, tag_z=1.143m, center_x=0.205m, yaw_offset=-10.2deg, target_yaw=169.4deg。
[INFO] [1783752856.680848891] [obstacle_race_supervisor]: state=LIMIT_BAR_ALIGN
[INFO] [1783752856.681115995] [obstacle_race_supervisor]: 进入限高杆分支: reason=limit_bar_detected, dist=1.143m，锁存趴走 yaw 基准=169.4deg(limit_tag tag_x=0.665m,tag_z=1.143m,center_x=0.205m,center_z=1.143m,offset=-10.2deg)，先按 pose_pitch 视觉预对齐 tag。
[INFO] [1783752856.711418406] [obstacle_race_supervisor]: 限高杆 AprilTag 姿态预对齐目标锁定: metric=pose_pitch, tag_x=0.660m, tag_z=1.144m, measured=-3.0deg, target=0.0deg, raw_err=-3.0deg, control_delta=3.0deg, rpy=(-179.6,-3.0,-3.0)deg, lock_source=latest, lock_samples=12, lock_metric=-3.0deg, latest_pose_pitch=-3.0deg, odom_yaw0=179.2deg, target_yaw=-177.8deg。
[INFO] [1783752856.711910927] [obstacle_race_supervisor]: 限高杆 AprilTag 姿态预对齐中: metric=pose_pitch, measured=-3.0deg, target=0.0deg, visual_err=-3.0deg, yaw_err=3.0deg, feedback=visual, direction=ccw, hold=0.00/0.15s, override=[6,-0.054,0.099]。
[INFO] [1783752856.921195353] [obstacle_race_supervisor]: 沙坑 AprilTag TF 已接收: frame=camera_color_optical_frame->object, samples=12/1, raw_dist=2.985m, stable_dist=2.935m, lateral=0.259m, rpy=(157.8,6.2,-2.1)deg, trigger=0.650m, priority=2.200m, target_id=10。
[INFO] [1783752857.211731450] [obstacle_race_supervisor]: 限高杆 AprilTag 姿态预对齐中: metric=pose_pitch, measured=-1.0deg, target=0.0deg, visual_err=-1.0deg, yaw_err=-0.7deg, feedback=visual, direction=ccw, hold=0.07/0.15s, override=[6,-0.054,0.099]。
[INFO] [1783752857.311334351] [obstacle_race_supervisor]: 限高杆 AprilTag 姿态预对齐完成: metric=pose_pitch, current_measured=-1.0deg, current_raw_err=-1.0deg, forward_yaw=-175.5deg, initial_ref_yaw=169.4deg, base_yaw=-175.5deg, tag_x=0.748m, tag_z=1.185m, shift_source=current_aligned_tag, shift_tag_x=0.748m, shift_tag_z=1.185m, center_x=0.288m。
[INFO] [1783752857.311844893] [obstacle_race_supervisor]: state=LIMIT_BAR_LATERAL_SHIFT
[INFO] [1783752857.312274866] [obstacle_race_supervisor]: 限高杆横向补偿计划锁定: center_x=+0.288m, center_z=1.185m, base_yaw=-175.5deg, side_delta=-90.0deg, side_yaw=94.5deg, shift=0.288m(raw=0.288m, requested=0.288m, clipped=False), deadband=0.060m, skip_lateral=False, forward_component=0.000m, final_forward=0.685m, target_dist=0.500m。
[INFO] [1783752857.344653711] [obstacle_race_supervisor]: 限高杆横向补偿中: phase=align_out/align_out, target_yaw=94.5deg, pose_yaw=-175.6deg, yaw_err=-90.0deg, along=unknown, raw_along=unknown, remaining=0.000m, walk_yaw_corr=0.000, override=[6,0.220,-0.120]。
[INFO] [1783752857.456207221] [obstacle_race_supervisor]: 沙坑 AprilTag TF 已接收: frame=camera_color_optical_frame->object, samples=12/1, raw_dist=2.932m, stable_dist=2.958m, lateral=0.396m, rpy=(162.1,17.2,-2.5)deg, trigger=0.650m, priority=2.200m, target_id=10。
[INFO] [1783752857.844938797] [obstacle_race_supervisor]: 限高杆横向补偿中: phase=align_out/align_out, target_yaw=94.5deg, pose_yaw=177.0deg, yaw_err=-82.5deg, along=unknown, raw_along=unknown, remaining=0.000m, walk_yaw_corr=0.000, override=[6,0.220,-0.120]。
[INFO] [1783752858.378130652] [obstacle_race_supervisor]: 限高杆横向补偿中: phase=align_out/align_out, target_yaw=94.5deg, pose_yaw=163.3deg, yaw_err=-68.9deg, along=unknown, raw_along=unknown, remaining=0.000m, walk_yaw_corr=0.000, override=[6,0.220,-0.120]。
[INFO] [1783752858.878069925] [obstacle_race_supervisor]: 限高杆横向补偿中: phase=align_out/align_out, target_yaw=94.5deg, pose_yaw=150.4deg, yaw_err=-56.0deg, along=unknown, raw_along=unknown, remaining=0.000m, walk_yaw_corr=0.000, override=[6,0.220,-0.120]。
[INFO] [1783752859.411403386] [obstacle_race_supervisor]: 限高杆横向补偿中: phase=align_out/align_out, target_yaw=94.5deg, pose_yaw=136.4deg, yaw_err=-41.9deg, along=unknown, raw_along=unknown, remaining=0.000m, walk_yaw_corr=0.000, override=[6,0.220,-0.120]。
[INFO] [1783752859.944706472] [obstacle_race_supervisor]: 限高杆横向补偿中: phase=align_out/align_out, target_yaw=94.5deg, pose_yaw=120.5deg, yaw_err=-26.0deg, along=unknown, raw_along=unknown, remaining=0.000m, walk_yaw_corr=0.000, override=[6,0.220,-0.120]。
[INFO] [1783752860.445238847] [obstacle_race_supervisor]: 限高杆横向补偿中: phase=align_out/align_out, target_yaw=94.5deg, pose_yaw=106.6deg, yaw_err=-12.1deg, along=unknown, raw_along=unknown, remaining=0.000m, walk_yaw_corr=0.000, override=[6,0.168,-0.092]。
[INFO] [1783752860.945888923] [obstacle_race_supervisor]: 限高杆横向补偿: 已转到斜向 yaw=94.5deg，开始斜向移动 shift=0.288m；锁定初始 tag 计划，不再用旋转后的最新 tag 重算方向。
[INFO] [1783752860.978093136] [obstacle_race_supervisor]: 限高杆横向补偿中: phase=shift/shift, target_yaw=94.5deg, pose_yaw=96.1deg, yaw_err=-1.6deg, along=-0.000m, raw_along=-0.000m, remaining=0.288m, walk_yaw_corr=0.002, override=[0,0.502,0.498]。
[INFO] [1783752861.478076133] [obstacle_race_supervisor]: 限高杆横向补偿中: phase=shift/shift, target_yaw=94.5deg, pose_yaw=94.9deg, yaw_err=-0.4deg, along=0.060m, raw_along=0.060m, remaining=0.228m, walk_yaw_corr=0.000, override=[0,0.500,0.500]。
[INFO] [1783752861.811677955] [obstacle_race_supervisor]: 限高杆横向补偿: 斜向移动完成 along=0.259m(raw=0.259m)，开始转回基准 yaw=-175.5deg。
[INFO] [1783752862.011370489] [obstacle_race_supervisor]: 限高杆横向补偿中: phase=align_back/align_back, target_yaw=-175.5deg, pose_yaw=94.4deg, yaw_err=90.0deg, along=unknown, raw_along=unknown, remaining=0.000m, walk_yaw_corr=0.000, override=[6,-0.120,0.220]。
[INFO] [1783752862.511744168] [obstacle_race_supervisor]: 限高杆横向补偿中: phase=align_back/align_back, target_yaw=-175.5deg, pose_yaw=108.7deg, yaw_err=75.8deg, along=unknown, raw_along=unknown, remaining=0.000m, walk_yaw_corr=0.000, override=[6,-0.120,0.220]。
[INFO] [1783752863.044809147] [obstacle_race_supervisor]: 限高杆横向补偿中: phase=align_back/align_back, target_yaw=-175.5deg, pose_yaw=122.6deg, yaw_err=61.9deg, along=unknown, raw_along=unknown, remaining=0.000m, walk_yaw_corr=0.000, override=[6,-0.120,0.220]。
[INFO] [1783752863.544900864] [obstacle_race_supervisor]: 限高杆横向补偿中: phase=align_back/align_back, target_yaw=-175.5deg, pose_yaw=136.7deg, yaw_err=47.7deg, along=unknown, raw_along=unknown, remaining=0.000m, walk_yaw_corr=0.000, override=[6,-0.120,0.220]。
[INFO] [1783752864.045366060] [obstacle_race_supervisor]: 限高杆横向补偿中: phase=align_back/align_back, target_yaw=-175.5deg, pose_yaw=148.3deg, yaw_err=36.2deg, along=unknown, raw_along=unknown, remaining=0.000m, walk_yaw_corr=0.000, override=[6,-0.120,0.220]。
[INFO] [1783752864.578064664] [obstacle_race_supervisor]: 限高杆横向补偿中: phase=align_back/align_back, target_yaw=-175.5deg, pose_yaw=160.8deg, yaw_err=23.7deg, along=unknown, raw_along=unknown, remaining=0.000m, walk_yaw_corr=0.000, override=[6,-0.120,0.220]。
[INFO] [1783752865.111558027] [obstacle_race_supervisor]: 限高杆横向补偿中: phase=align_back/align_back, target_yaw=-175.5deg, pose_yaw=176.5deg, yaw_err=8.0deg, along=unknown, raw_along=unknown, remaining=0.000m, walk_yaw_corr=0.000, override=[6,-0.060,0.111]。
[INFO] [1783752865.444745644] [obstacle_race_supervisor]: 限高杆横向补偿: 已转回基准 yaw=-175.5deg，开始前进到趴下阈值 final_forward=0.685m。
[INFO] [1783752865.611565467] [obstacle_race_supervisor]: 限高杆横向补偿中: phase=final_forward/final_forward, target_yaw=-175.5deg, pose_yaw=-174.8deg, yaw_err=-0.7deg, along=0.003m, raw_along=0.003m, remaining=0.682m, walk_yaw_corr=0.000, override=[0,0.500,0.500]。
[INFO] [1783752866.144700031] [obstacle_race_supervisor]: 限高杆横向补偿中: phase=final_forward/final_forward, target_yaw=-175.5deg, pose_yaw=-174.6deg, yaw_err=-0.9deg, along=0.152m, raw_along=0.152m, remaining=0.533m, walk_yaw_corr=0.000, override=[0,0.500,0.500]。
[INFO] [1783752866.645263144] [obstacle_race_supervisor]: 限高杆横向补偿中: phase=final_forward/final_forward, target_yaw=-175.5deg, pose_yaw=-174.1deg, yaw_err=-1.5deg, along=0.388m, raw_along=0.388m, remaining=0.297m, walk_yaw_corr=0.000, override=[0,0.500,0.500]。
[INFO] [1783752867.111204972] [obstacle_race_supervisor]: 限高杆最终前进完成: final_along=0.631m(raw=0.631m), remaining=0.054m，趴下前开始对齐全局 yaw=180.0deg。
[INFO] [1783752867.177888006] [obstacle_race_supervisor]: 限高杆横向补偿中: phase=pre_duck_global_yaw_align/pre_duck_global_yaw_align, target_yaw=180.0deg, pose_yaw=-173.7deg, yaw_err=-6.3deg, along=unknown, raw_along=unknown, remaining=0.000m, walk_yaw_corr=0.000, override=[6,0.110,-0.060]。
[INFO] [1783752867.253155834] [obstacle_race_supervisor]: 沙坑 AprilTag TF 已接收: frame=camera_color_optical_frame->object, samples=1/1, raw_dist=2.274m, stable_dist=2.274m, lateral=0.272m, rpy=(168.5,-1.1,1.3)deg, trigger=0.650m, priority=2.200m, target_id=10。
[INFO] [1783752867.678086090] [obstacle_race_supervisor]: 限高杆横向补偿中: phase=pre_duck_global_yaw_align/pre_duck_global_yaw_align, target_yaw=180.0deg, pose_yaw=-176.1deg, yaw_err=-3.9deg, along=unknown, raw_along=unknown, remaining=0.000m, walk_yaw_corr=0.000, override=[6,0.110,-0.060]。
[INFO] [1783752867.770219278] [obstacle_race_supervisor]: 沙坑 AprilTag TF 已接收: frame=camera_color_optical_frame->object, samples=8/1, raw_dist=2.230m, stable_dist=2.222m, lateral=0.253m, rpy=(-172.9,-0.9,0.1)deg, trigger=0.650m, priority=2.200m, target_id=10。
[INFO] [1783752868.046580799] [obstacle_race_supervisor]: 限高杆最终前进后全局 yaw 对齐完成: target_yaw=180.0deg, yaw_err=0.8deg, stable=0.10s，进入趴下流程。
[INFO] [1783752868.047188592] [obstacle_race_supervisor]: state=LIMIT_BAR_PREPARE
[INFO] [1783752868.047535927] [obstacle_race_supervisor]: 进入限高杆分支: reason=limit_bar_detected, dist=0.519m，锁存趴走 yaw 基准=180.0deg(limit_bar_pre_duck_global_yaw)，持续 [2,0.000,0.000] 趴下等待 0.0s，再持续 [2,0.900,0.900] 通过。
[INFO] [1783752868.077959793] [obstacle_race_supervisor]: state=LIMIT_BAR_DUCK
[INFO] [1783752868.078392170] [obstacle_race_supervisor]: 限高杆趴下等待完成，开始按实际移动距离 1.10m 通过，起点=(-0.281,-0.797), yaw_ref=180.0deg(limit_bar_pre_duck_global_yaw)。
[INFO] [1783752868.111511942] [obstacle_race_supervisor]: 限高杆趴走中: travel=0.007/1.100m, pose=(-0.288,-0.796), start=(-0.281,-0.797), yaw_ref=180.0deg(limit_bar_pre_duck_global_yaw), yaw_err=1.2deg, yaw_corr=0.025, override=[2,0.875,0.925], timeout_left=14.0s。
[INFO] [1783752868.811797003] [obstacle_race_supervisor]: 沙坑 AprilTag TF 已接收: frame=camera_color_optical_frame->object, samples=1/1, raw_dist=2.227m, stable_dist=2.227m, lateral=-0.014m, rpy=(165.3,-2.5,-1.0)deg, trigger=0.650m, priority=2.200m, target_id=10。
[INFO] [1783752869.144518340] [obstacle_race_supervisor]: 限高杆趴走中: travel=0.084/1.100m, pose=(-0.281,-0.881), start=(-0.281,-0.797), yaw_ref=180.0deg(limit_bar_pre_duck_global_yaw), yaw_err=1.9deg, yaw_corr=0.040, override=[2,0.860,0.940], timeout_left=12.9s。
[INFO] [1783752869.326840392] [obstacle_race_supervisor]: 沙坑 AprilTag TF 已接收: frame=camera_color_optical_frame->object, samples=9/1, raw_dist=2.104m, stable_dist=2.167m, lateral=-0.034m, rpy=(179.5,-6.8,-1.8)deg, trigger=0.650m, priority=2.200m, target_id=10。
[INFO] [1783752869.850140845] [obstacle_race_supervisor]: 沙坑 AprilTag TF 已接收: frame=camera_color_optical_frame->object, samples=13/1, raw_dist=1.956m, stable_dist=2.075m, lateral=-0.045m, rpy=(175.0,0.1,-0.6)deg, trigger=0.650m, priority=2.200m, target_id=10。
[INFO] [1783752870.144731606] [obstacle_race_supervisor]: 限高杆趴走中: travel=0.279/1.100m, pose=(-0.291,-1.075), start=(-0.281,-0.797), yaw_ref=180.0deg(limit_bar_pre_duck_global_yaw), yaw_err=2.3deg, yaw_corr=0.047, override=[2,0.853,0.947], timeout_left=11.9s。
[INFO] [1783752870.376893249] [obstacle_race_supervisor]: 沙坑 AprilTag TF 已接收: frame=camera_color_optical_frame->object, samples=13/1, raw_dist=1.957m, stable_dist=1.956m, lateral=-0.051m, rpy=(169.6,-4.7,-1.4)deg, trigger=0.650m, priority=2.200m, target_id=10。
[INFO] [1783752870.893661286] [obstacle_race_supervisor]: 沙坑 AprilTag TF 已接收: frame=camera_color_optical_frame->object, samples=13/1, raw_dist=1.912m, stable_dist=1.952m, lateral=-0.067m, rpy=(161.4,-4.6,-1.0)deg, trigger=0.650m, priority=2.200m, target_id=10。
[INFO] [1783752871.144757097] [obstacle_race_supervisor]: 限高杆趴走中: travel=0.363/1.100m, pose=(-0.290,-1.159), start=(-0.281,-0.797), yaw_ref=180.0deg(limit_bar_pre_duck_global_yaw), yaw_err=2.6deg, yaw_corr=0.055, override=[2,0.845,0.955], timeout_left=10.9s。
[INFO] [1783752871.414783660] [obstacle_race_supervisor]: 沙坑 AprilTag TF 已接收: frame=camera_color_optical_frame->object, samples=13/1, raw_dist=1.810m, stable_dist=1.883m, lateral=-0.087m, rpy=(169.2,-4.4,-0.9)deg, trigger=0.650m, priority=2.200m, target_id=10。
[INFO] [1783752871.940608203] [obstacle_race_supervisor]: 沙坑 AprilTag TF 已接收: frame=camera_color_optical_frame->object, samples=13/1, raw_dist=1.733m, stable_dist=1.802m, lateral=-0.082m, rpy=(173.0,-6.2,-1.3)deg, trigger=0.650m, priority=2.200m, target_id=10。
[INFO] [1783752872.178257464] [obstacle_race_supervisor]: 限高杆趴走中: travel=0.538/1.100m, pose=(-0.303,-1.334), start=(-0.281,-0.797), yaw_ref=180.0deg(limit_bar_pre_duck_global_yaw), yaw_err=2.0deg, yaw_corr=0.041, override=[2,0.859,0.941], timeout_left=9.9s。
[INFO] [1783752872.462539602] [obstacle_race_supervisor]: 沙坑 AprilTag TF 已接收: frame=camera_color_optical_frame->object, samples=13/1, raw_dist=1.641m, stable_dist=1.722m, lateral=-0.080m, rpy=(178.4,-9.8,-1.4)deg, trigger=0.650m, priority=2.200m, target_id=10。
[INFO] [1783752872.989269058] [obstacle_race_supervisor]: 沙坑 AprilTag TF 已接收: frame=camera_color_optical_frame->object, samples=13/1, raw_dist=1.577m, stable_dist=1.632m, lateral=-0.074m, rpy=(166.1,0.5,-1.3)deg, trigger=0.650m, priority=2.200m, target_id=10。
[INFO] [1783752873.181179251] [obstacle_race_supervisor]: 限高杆趴走中: travel=0.716/1.100m, pose=(-0.323,-1.512), start=(-0.281,-0.797), yaw_ref=180.0deg(limit_bar_pre_duck_global_yaw), yaw_err=2.8deg, yaw_corr=0.059, override=[2,0.841,0.959], timeout_left=8.9s。
[INFO] [1783752873.211307691] [obstacle_race_supervisor]: 沙坑前预修正叠加已禁用: source=limit_bar_duck, tag_dist=1.595m, tag_x=-0.080m, target=+0.000m, x_err=-0.080m；横向修正统一交给独立折线预修正。
[INFO] [1783752873.478134526] [obstacle_race_supervisor]: 沙坑 ID10 预修正跳过: dist=1.548m, tag_x_err=-0.073m < 0.200m, pose_pitch_err=+1.0deg <= 2.0deg。
[INFO] [1783752873.514933424] [obstacle_race_supervisor]: 沙坑 AprilTag TF 已接收: frame=camera_color_optical_frame->object, samples=13/1, raw_dist=1.490m, stable_dist=1.540m, lateral=-0.071m, rpy=(173.3,-1.5,-0.9)deg, trigger=0.650m, priority=2.200m, target_id=10。
[INFO] [1783752873.611472791] [obstacle_race_supervisor]: 沙坑前预修正叠加已禁用: source=limit_bar_duck, tag_dist=1.529m, tag_x=-0.074m, target=+0.000m, x_err=-0.074m；横向修正统一交给独立折线预修正。
[INFO] [1783752873.977822119] [obstacle_race_supervisor]: 沙坑前预修正叠加已禁用: source=limit_bar_duck, tag_dist=1.472m, tag_x=-0.076m, target=+0.000m, x_err=-0.076m；横向修正统一交给独立折线预修正。
[INFO] [1783752874.042905793] [obstacle_race_supervisor]: 沙坑 AprilTag TF 已接收: frame=camera_color_optical_frame->object, samples=13/1, raw_dist=1.387m, stable_dist=1.454m, lateral=-0.074m, rpy=(173.5,4.1,-0.9)deg, trigger=0.650m, priority=2.200m, target_id=10。
[INFO] [1783752874.177834903] [obstacle_race_supervisor]: 沙坑 ID10 预修正跳过: dist=1.429m, tag_x_err=-0.071m < 0.200m, pose_pitch_err=-0.5deg <= 2.0deg。
[INFO] [1783752874.211583598] [obstacle_race_supervisor]: 限高杆趴走中: travel=0.846/1.100m, pose=(-0.333,-1.641), start=(-0.281,-0.797), yaw_ref=180.0deg(limit_bar_pre_duck_global_yaw), yaw_err=2.2deg, yaw_corr=0.045, override=[2,0.855,0.945], timeout_left=7.9s。
[INFO] [1783752874.311327627] [obstacle_race_supervisor]: 沙坑前预修正叠加已禁用: source=limit_bar_duck, tag_dist=1.420m, tag_x=-0.076m, target=+0.000m, x_err=-0.076m；横向修正统一交给独立折线预修正。
[INFO] [1783752874.567435835] [obstacle_race_supervisor]: 沙坑 AprilTag TF 已接收: frame=camera_color_optical_frame->object, samples=13/1, raw_dist=1.305m, stable_dist=1.367m, lateral=-0.076m, rpy=(165.6,-3.6,-1.2)deg, trigger=0.650m, priority=2.200m, target_id=10。
[INFO] [1783752874.678112570] [obstacle_race_supervisor]: 沙坑 ID10 预修正跳过: dist=1.343m, tag_x_err=-0.073m < 0.200m, pose_pitch_err=+1.5deg <= 2.0deg。
[INFO] [1783752874.711280318] [obstacle_race_supervisor]: 沙坑前预修正叠加已禁用: source=limit_bar_duck, tag_dist=1.319m, tag_x=-0.070m, target=+0.000m, x_err=-0.070m；横向修正统一交给独立折线预修正。
[INFO] [1783752875.097566053] [obstacle_race_supervisor]: 沙坑 AprilTag TF 已接收: frame=camera_color_optical_frame->object, samples=13/1, raw_dist=1.202m, stable_dist=1.261m, lateral=-0.083m, rpy=(174.0,-5.9,-1.5)deg, trigger=0.650m, priority=2.200m, target_id=10。
[INFO] [1783752875.244579723] [obstacle_race_supervisor]: 限高杆趴走中: travel=1.060/1.100m, pose=(-0.345,-1.854), start=(-0.281,-0.797), yaw_ref=180.0deg(limit_bar_pre_duck_global_yaw), yaw_err=2.0deg, yaw_corr=0.043, override=[2,0.857,0.943], timeout_left=6.8s, sandpit_overlay_disabled=limit_bar_duck: tag_dist=1.250m, tag_x=-0.076m。
[INFO] [1783752875.511285454] [obstacle_race_supervisor]: 沙坑 ID10 预修正跳过: dist=1.199m, tag_x_err=-0.079m < 0.200m, pose_pitch_err=+0.4deg <= 2.0deg。
[INFO] [1783752875.544789965] [obstacle_race_supervisor]: state=LIMIT_BAR_WAIT_RESUME
[INFO] [1783752875.545118725] [obstacle_race_supervisor]: 限高杆通过距离满足: travel=1.116m >= 1.100m，持续站起停止并等待 1.0s。
[INFO] [1783752875.622482386] [obstacle_race_supervisor]: 沙坑 AprilTag TF 已接收: frame=camera_color_optical_frame->object, samples=13/1, raw_dist=1.098m, stable_dist=1.178m, lateral=-0.083m, rpy=(172.1,2.0,-1.1)deg, trigger=0.650m, priority=2.200m, target_id=10。
[INFO] [1783752876.150946413] [obstacle_race_supervisor]: 沙坑 AprilTag TF 已接收: frame=camera_color_optical_frame->object, samples=13/1, raw_dist=1.046m, stable_dist=1.084m, lateral=-0.087m, rpy=(172.3,4.8,-1.7)deg, trigger=0.650m, priority=2.200m, target_id=10。
[INFO] [1783752876.546671456] [obstacle_race_supervisor]: state=LIMIT_BAR_POST_RESUME_ALIGN
[INFO] [1783752876.547074672] [obstacle_race_supervisor]: 限高杆站起后 yaw 复对齐开始: target=180.0deg(limit_bar_pre_duck_global_yaw), pose_yaw=176.2deg, tolerance=1.0deg。
[INFO] [1783752876.578264475] [obstacle_race_supervisor]: 限高杆站起后 yaw 复对齐中: yaw_err=3.8deg, direction=ccw, target=180.0deg(limit_bar_pre_duck_global_yaw), override=[6,-0.060,0.110], timeout_left=1.97s。
[INFO] [1783752876.681300633] [obstacle_race_supervisor]: 沙坑 AprilTag TF 已接收: frame=camera_color_optical_frame->object, samples=13/1, raw_dist=1.062m, stable_dist=1.062m, lateral=-0.097m, rpy=(171.8,3.7,-1.8)deg, trigger=0.650m, priority=2.200m, target_id=10。
[INFO] [1783752876.878331606] [obstacle_race_supervisor]: 限高杆站起后 yaw 复对齐中: yaw_err=2.9deg, direction=ccw, target=180.0deg(limit_bar_pre_duck_global_yaw), override=[6,-0.060,0.110], timeout_left=1.67s。
[INFO] [1783752877.212193200] [obstacle_race_supervisor]: 限高杆站起后 yaw 复对齐中: yaw_err=-1.0deg, direction=cw, target=180.0deg(limit_bar_pre_duck_global_yaw), override=[6,0.110,-0.060], timeout_left=1.33s。
[INFO] [1783752877.214076237] [obstacle_race_supervisor]: 沙坑 AprilTag TF 已接收: frame=camera_color_optical_frame->object, samples=13/1, raw_dist=1.117m, stable_dist=1.072m, lateral=-0.089m, rpy=(-174.6,12.9,-1.8)deg, trigger=0.650m, priority=2.200m, target_id=10。
[INFO] [1783752877.544919619] [obstacle_race_supervisor]: 限高杆站起后 yaw 复对齐保持中: yaw_err=0.7deg, stable=0.13/0.30s。
[INFO] [1783752877.737271189] [obstacle_race_supervisor]: 沙坑 AprilTag TF 已接收: frame=camera_color_optical_frame->object, samples=13/1, raw_dist=1.154m, stable_dist=1.136m, lateral=-0.032m, rpy=(167.2,2.6,-1.3)deg, trigger=0.650m, priority=2.200m, target_id=10。
[INFO] [1783752877.844765517] [obstacle_race_supervisor]: 限高杆站起后 yaw 复对齐中: yaw_err=1.4deg, direction=ccw, target=180.0deg(limit_bar_pre_duck_global_yaw), override=[6,-0.060,0.110], timeout_left=0.70s。
[INFO] [1783752878.177848217] [obstacle_race_supervisor]: 限高杆站起后 yaw 复对齐保持中: yaw_err=-0.8deg, stable=0.00/0.30s。
[INFO] [1783752878.265858530] [obstacle_race_supervisor]: 沙坑 AprilTag TF 已接收: frame=camera_color_optical_frame->object, samples=13/1, raw_dist=1.161m, stable_dist=1.154m, lateral=-0.031m, rpy=(170.0,2.6,-0.8)deg, trigger=0.650m, priority=2.200m, target_id=10。
[INFO] [1783752878.478098362] [obstacle_race_supervisor]: 限高杆站起后 yaw 复对齐中: yaw_err=1.1deg, direction=ccw, target=180.0deg(limit_bar_pre_duck_global_yaw), override=[6,-0.060,0.110], timeout_left=0.07s。
[INFO] [1783752878.778312190] [obstacle_race_supervisor]: 限高杆站起后 yaw 复对齐保持中: yaw_err=-0.1deg, stable=0.27/0.30s。
[INFO] [1783752878.801272054] [obstacle_race_supervisor]: 沙坑 AprilTag TF 已接收: frame=camera_color_optical_frame->object, samples=13/1, raw_dist=1.144m, stable_dist=1.158m, lateral=-0.019m, rpy=(176.1,3.0,-1.2)deg, trigger=0.650m, priority=2.200m, target_id=10。
[INFO] [1783752878.811595164] [obstacle_race_supervisor]: 限高杆站起后 yaw 复对齐完成: yaw_err=-0.1deg, stable=0.30s, target=180.0deg(limit_bar_pre_duck_global_yaw)。
[INFO] [1783752878.812260601] [obstacle_race_supervisor]: 限高杆完成后直接进入沙坑前预修正: reason=limit_bar_done，避免 SEARCH 前进步抢先执行。
[INFO] [1783752878.812756159] [obstacle_race_supervisor]: state=SANDPIT_PRE_ALIGN
[INFO] [1783752878.813205275] [obstacle_race_supervisor]: 进入沙坑前 AprilTag 预修正: reason=limit_bar_done_sandpit_pre_align, id=10, samples=12, dist=1.157m <= 1.600m, handoff=0.650m, tag_x=-0.011m, target_x=+0.000m, x_err=-0.011m, center=-0.5deg, pose_pitch=+3.0deg, pose_err=+3.0deg, correction=yaw, mode=0。
[INFO] [1783752878.844783215] [obstacle_race_supervisor]: 沙坑前 yaw 预修正锁存执行: metric=pose_pitch, measured=+3.0deg, raw_err=+3.0deg, control=-3.0deg, target_yaw=177.1deg, pose_yaw=180.0deg, yaw_err=-2.8deg, feedback=visual, override=[6,0.210,-0.105]。
[INFO] [1783752878.878300483] [obstacle_race_supervisor]: 沙坑前 yaw 预修正完成: metric=pose_pitch, visual_err=+1.5deg, yaw_err=-2.6deg, target_yaw=177.1deg, entry_base_yaw=179.8deg, dist=1.157m，立即低速接近 handoff，override=[0,0.350,0.350]。
[INFO] [1783752879.326829691] [obstacle_race_supervisor]: 沙坑 AprilTag TF 已接收: frame=camera_color_optical_frame->object, samples=13/1, raw_dist=1.049m, stable_dist=1.144m, lateral=-0.019m, rpy=(167.8,8.8,-2.9)deg, trigger=0.650m, priority=2.200m, target_id=10。
[INFO] [1783752879.377922740] [obstacle_race_supervisor]: 沙坑前预修正中: samples=12, dist=1.143m -> 0.650m, tag_x=-0.021m target=+0.000m, x_err=-0.021m, center=-1.1deg, locked=approach, elapsed=0.6s, override=[0,0.350,0.350]。
[INFO] [1783752879.857466463] [obstacle_race_supervisor]: 沙坑 AprilTag TF 已接收: frame=camera_color_optical_frame->object, samples=13/1, raw_dist=0.870m, stable_dist=1.020m, lateral=-0.095m, rpy=(170.9,6.2,-2.7)deg, trigger=0.650m, priority=2.200m, target_id=10。
[INFO] [1783752879.878009135] [obstacle_race_supervisor]: 沙坑前预修正中: samples=12, dist=1.012m -> 0.650m, tag_x=-0.095m target=+0.000m, x_err=-0.095m, center=-5.3deg, locked=approach, elapsed=1.1s, override=[0,0.350,0.350]。
[INFO] [1783752880.378232235] [obstacle_race_supervisor]: 沙坑前预修正中: samples=12, dist=0.854m -> 0.650m, tag_x=-0.098m target=+0.000m, x_err=-0.098m, center=-6.5deg, locked=approach, elapsed=1.6s, override=[0,0.350,0.350]。
[INFO] [1783752880.387045748] [obstacle_race_supervisor]: 沙坑 AprilTag TF 已接收: frame=camera_color_optical_frame->object, samples=13/1, raw_dist=0.708m, stable_dist=0.838m, lateral=-0.097m, rpy=(171.3,-6.3,-1.3)deg, trigger=0.650m, priority=2.200m, target_id=10。
[INFO] [1783752880.878243025] [obstacle_race_supervisor]: 沙坑前预修正中: samples=12, dist=0.670m -> 0.650m, tag_x=-0.093m target=+0.000m, x_err=-0.093m, center=-7.9deg, locked=approach, elapsed=2.1s, override=[0,0.350,0.350]。
[INFO] [1783752880.919439869] [obstacle_race_supervisor]: 沙坑 AprilTag TF 已接收: frame=camera_color_optical_frame->object, samples=13/1, raw_dist=0.526m, stable_dist=0.662m, lateral=-0.093m, rpy=(166.7,-7.3,-0.8)deg, trigger=0.650m, priority=2.200m, target_id=10。
[INFO] [1783752880.944821499] [obstacle_race_supervisor]: 沙坑前预修正到达原触发线: dist=0.646m <= 0.650m，切入原沙坑流程。
[INFO] [1783752880.945320592] [obstacle_race_supervisor]: state=SANDPIT_BYPASS
[INFO] [1783752880.945567340] [obstacle_race_supervisor]: 进入砂坑穿越: reason=sandpit_pre_align_handoff, tag_dist=0.646m <= 0.650m，entry_yaw=179.8deg，phases=22。
[INFO] [1783752880.945915059] [obstacle_race_supervisor]: 砂坑穿越 phase 1/22: 角度对齐，target_yaw=179.5deg, yaw_err=3.0deg。
[INFO] [1783752880.979861412] [obstacle_race_supervisor]: 砂坑穿越转向中: phase=1/22, turn_progress=0.0/3.0deg, progress_done=True, yaw_err=3.1deg, yaw_done=False, direction=ccw_fine, override=[6,-0.080,0.200]。
[INFO] [1783752881.452766349] [obstacle_race_supervisor]: 沙坑 AprilTag TF 已接收: frame=camera_color_optical_frame->object, samples=13/1, raw_dist=0.412m, stable_dist=0.475m, lateral=-0.082m, rpy=(169.9,4.0,-0.8)deg, trigger=0.650m, priority=2.200m, target_id=10。
[INFO] [1783752881.711609458] [obstacle_race_supervisor]: 砂坑穿越 phase 1/22 完成: turn_progress=6.1/3.0deg, yaw_err=-0.8deg, stable=0.23s
[INFO] [1783752881.712128419] [obstacle_race_supervisor]: 砂坑穿越 phase 2/22: 沿当前机身前方直走 0.00m，mode=0, 起点=(-0.375,-2.593), yaw_ref=-179.7deg。
[INFO] [1783752881.744688077] [obstacle_race_supervisor]: 砂坑穿越直走中: phase=2/22, progress=-0.009/0.000m, yaw_err=0.0deg, yaw_corr=0.000, override=[0,0.300,0.300]。
[INFO] [1783752881.811353478] [obstacle_race_supervisor]: 砂坑穿越 phase 2/22 完成: walk_progress=0.003/0.000m, elapsed=0.10s>=min=0.00s
[INFO] [1783752881.811705578] [obstacle_race_supervisor]: 砂坑穿越 phase 3/22: 稳定等待 0.30s。
[INFO] [1783752881.845407474] [obstacle_race_supervisor]: 砂坑穿越等待中: phase=3/22, remain=0.3s, override=[0,0.000,0.000]。
[INFO] [1783752881.981617085] [obstacle_race_supervisor]: 沙坑 AprilTag TF 已接收: frame=camera_color_optical_frame->object, samples=13/1, raw_dist=0.398m, stable_dist=0.414m, lateral=-0.042m, rpy=(166.5,4.0,-1.3)deg, trigger=0.650m, priority=2.200m, target_id=10。
[INFO] [1783752882.111831467] [obstacle_race_supervisor]: 砂坑穿越 phase 3/22 完成: wait_done
[INFO] [1783752882.112494012] [obstacle_race_supervisor]: 砂坑穿越 phase 4/22: 发送电控一次性命令 [4,0.000,0.000]，随后等待 0.30s。
[INFO] [1783752882.135387934] [obstacle_race_supervisor]: 收到电控 [jumping] 回包，已确认起跳，停止重发 step_once。
[INFO] [1783752882.144662269] [obstacle_race_supervisor]: 砂坑穿越等待中: phase=4/22, remain=0.3s, override=[0,0.000,0.000]。
[INFO] [1783752882.445166592] [obstacle_race_supervisor]: 砂坑穿越 phase 4/22 完成: wait_done
[INFO] [1783752882.445571482] [obstacle_race_supervisor]: 砂坑穿越 phase 5/22: 等待电控 [jumping/finish] 回包，期间保持 [0,0,0]；若 0.3s 未收到回包，重发上一次 step_once 最多 2 次。
[INFO] [1783752882.477978877] [obstacle_race_supervisor]: 砂坑穿越等待回包: phase=5/22, jumping=True, finish=False, timeout_left=none, override=[0,0.000,0.000]。
[INFO] [1783752883.906249412] [obstacle_race_supervisor]: 收到电控 [finish] 回包，继续执行砂坑穿越后半段。
[INFO] [1783752883.911250809] [obstacle_race_supervisor]: 砂坑穿越 phase 5/22 完成: finish_signal_received
[INFO] [1783752883.911526659] [obstacle_race_supervisor]: 砂坑穿越 phase 6/22: 稳定等待 0.40s。
[INFO] [1783752883.944688943] [obstacle_race_supervisor]: 砂坑穿越等待中: phase=6/22, remain=0.4s, override=[0,0.000,0.000]。
[INFO] [1783752884.311481660] [obstacle_race_supervisor]: 砂坑穿越 phase 6/22 完成: wait_done
[INFO] [1783752884.311876498] [obstacle_race_supervisor]: 砂坑穿越 phase 7/22: 沿当前机身前方直走 0.45m，mode=7, 起点=(-0.342,-3.703), yaw_ref=178.8deg。
[INFO] [1783752884.344606609] [obstacle_race_supervisor]: 砂坑穿越直走中: phase=7/22, progress=0.003/0.450m, yaw_err=0.0deg, yaw_corr=0.000, override=[7,0.600,0.600], elapsed=0.03/2.00s, dist_gate=False。
[INFO] [1783752884.844867159] [obstacle_race_supervisor]: 砂坑穿越直走中: phase=7/22, progress=0.047/0.450m, yaw_err=0.0deg, yaw_corr=0.000, override=[7,0.600,0.600], elapsed=0.53/2.00s, dist_gate=False。
[INFO] [1783752885.344832948] [obstacle_race_supervisor]: 砂坑穿越直走中: phase=7/22, progress=0.076/0.450m, yaw_err=0.0deg, yaw_corr=0.000, override=[7,0.600,0.600], elapsed=1.03/2.00s, dist_gate=False。
[INFO] [1783752885.845964136] [obstacle_race_supervisor]: 砂坑穿越直走中: phase=7/22, progress=0.106/0.450m, yaw_err=8.4deg, yaw_corr=0.033, override=[7,0.567,0.633], elapsed=1.53/2.00s, dist_gate=False。
[INFO] [1783752886.377949760] [obstacle_race_supervisor]: 砂坑穿越直走中: phase=7/22, progress=0.236/0.450m, yaw_err=3.0deg, yaw_corr=0.000, override=[7,0.600,0.600], elapsed=2.07/2.00s, dist_gate=False。
[INFO] [1783752886.878037578] [obstacle_race_supervisor]: 砂坑穿越直走中: phase=7/22, progress=0.379/0.450m, yaw_err=0.0deg, yaw_corr=0.000, override=[7,0.600,0.600], elapsed=2.57/2.00s, dist_gate=False。
[INFO] [1783752887.379039892] [obstacle_race_supervisor]: 砂坑穿越直走中: phase=7/22, progress=0.417/0.450m, yaw_err=-7.8deg, yaw_corr=0.029, override=[7,0.629,0.571], elapsed=3.07/2.00s, dist_gate=False。
[INFO] [1783752887.544541197] [obstacle_race_supervisor]: 砂坑穿越 phase 7/22 完成: walk_progress=0.451/0.450m, elapsed=3.23s>=min=2.00s
[INFO] [1783752887.544975746] [obstacle_race_supervisor]: 砂坑穿越 phase 8/22: 顺时针转 40.0deg, target_yaw=145.2deg。
[INFO] [1783752887.578612282] [obstacle_race_supervisor]: 砂坑穿越转向中: phase=8/22, turn_progress=0.0/40.0deg, progress_done=False, yaw_err=-40.6deg, yaw_done=False, direction=cw, override=[0,0.800,-0.700]。
[INFO] [1783752888.111490587] [obstacle_race_supervisor]: 砂坑穿越转向中: phase=8/22, turn_progress=4.1/40.0deg, progress_done=False, yaw_err=-38.8deg, yaw_done=False, direction=cw, override=[0,0.800,-0.700]。
[INFO] [1783752888.644845284] [obstacle_race_supervisor]: 砂坑穿越转向中: phase=8/22, turn_progress=13.6/40.0deg, progress_done=False, yaw_err=-29.4deg, yaw_done=False, direction=cw, override=[0,0.800,-0.700]。
[INFO] [1783752889.144884288] [obstacle_race_supervisor]: 砂坑穿越转向中: phase=8/22, turn_progress=16.3/40.0deg, progress_done=False, yaw_err=-27.7deg, yaw_done=False, direction=cw, override=[0,0.800,-0.700]。
[INFO] [1783752889.678031253] [obstacle_race_supervisor]: 砂坑穿越转向中: phase=8/22, turn_progress=20.4/40.0deg, progress_done=False, yaw_err=-24.0deg, yaw_done=False, direction=cw, override=[0,0.800,-0.700]。
[INFO] [1783752890.078130141] [obstacle_race_supervisor]: 砂坑穿越 phase 8/22 完成: turn_timeout progress=24.5/40.0deg yaw_err=-21.6deg
[INFO] [1783752890.078585037] [obstacle_race_supervisor]: 砂坑穿越 phase 9/22: 发送电控一次性命令 [9,0.000,0.000]，随后等待 0.00s。
[INFO] [1783752890.111401497] [obstacle_race_supervisor]: 砂坑穿越 phase 9/22 完成: wait_done
[INFO] [1783752890.111824977] [obstacle_race_supervisor]: 砂坑穿越 phase 10/22: 等待电控 [jumping/finish] 回包，期间保持 [0,0,0]；若 3.0s 未收到回包，重发上一次 step_once 最多 1 次。
[INFO] [1783752890.113040812] [obstacle_race_supervisor]: 收到电控 [jumping] 回包，已确认起跳，停止重发 step_once。
[INFO] [1783752890.144592642] [obstacle_race_supervisor]: 砂坑穿越等待回包: phase=10/22, jumping=True, finish=False, timeout_left=none, override=[0,0.000,0.000]。
[INFO] [1783752891.892188786] [obstacle_race_supervisor]: 收到电控 [finish] 回包，继续执行砂坑穿越后半段。
[INFO] [1783752891.911507063] [obstacle_race_supervisor]: 砂坑穿越 phase 10/22 完成: finish_signal_received
[INFO] [1783752891.911966927] [obstacle_race_supervisor]: 砂坑穿越 phase 11/22: 角度对齐，target_yaw=156.8deg, yaw_err=-17.7deg。
[INFO] [1783752891.944677181] [obstacle_race_supervisor]: 砂坑穿越转向中: phase=11/22, turn_progress=0.0/17.7deg, progress_done=True, yaw_err=-18.1deg, yaw_done=False, direction=cw, override=[0,0.280,-0.120]。
[INFO] [1783752892.444720102] [obstacle_race_supervisor]: 砂坑穿越转向中: phase=11/22, turn_progress=3.4/17.7deg, progress_done=True, yaw_err=-16.8deg, yaw_done=False, direction=cw, override=[0,0.280,-0.120]。
[INFO] [1783752892.978038685] [obstacle_race_supervisor]: 砂坑穿越转向中: phase=11/22, turn_progress=14.9/17.7deg, progress_done=True, yaw_err=-6.1deg, yaw_done=False, direction=cw, override=[0,0.280,-0.120]。
[INFO] [1783752893.511425609] [obstacle_race_supervisor]: 砂坑穿越转向中: phase=11/22, turn_progress=70.0/17.7deg, progress_done=True, yaw_err=43.3deg, yaw_done=False, direction=ccw, override=[0,-0.120,0.280]。
[INFO] [1783752894.044625971] [obstacle_race_supervisor]: 砂坑穿越转向中: phase=11/22, turn_progress=70.5/17.7deg, progress_done=True, yaw_err=35.2deg, yaw_done=False, direction=ccw, override=[0,-0.120,0.280]。
[INFO] [1783752894.544939466] [obstacle_race_supervisor]: 砂坑穿越转向中: phase=11/22, turn_progress=71.7/17.7deg, progress_done=True, yaw_err=30.9deg, yaw_done=False, direction=ccw, override=[0,-0.120,0.280]。
[INFO] [1783752894.944845109] [obstacle_race_supervisor]: 砂坑穿越 phase 11/22 完成: turn_timeout progress=71.7/17.7deg yaw_err=26.0deg
[INFO] [1783752894.945363588] [obstacle_race_supervisor]: 砂坑穿越 phase 12/22: 沿当前机身前方直走 0.30m，mode=0, 起点=(-0.525,-4.492), yaw_ref=166.8deg。
[INFO] [1783752894.978064618] [obstacle_race_supervisor]: 砂坑穿越直走中: phase=12/22, progress=0.005/0.300m, yaw_err=35.4deg, yaw_corr=0.198, override=[0,0.602,0.998]。
[INFO] [1783752895.478041354] [obstacle_race_supervisor]: 砂坑穿越直走中: phase=12/22, progress=0.062/0.300m, yaw_err=31.1deg, yaw_corr=0.171, override=[0,0.629,0.971]。
[INFO] [1783752895.944509269] [obstacle_race_supervisor]: 砂坑穿越 phase 12/22 完成: walk_timeout progress=0.146m/0.300m
[INFO] [1783752895.945063182] [obstacle_race_supervisor]: 砂坑穿越 phase 13/22: 发送电控一次性命令 [9,0.000,0.000]，随后等待 0.00s。
[INFO] [1783752895.958899312] [obstacle_race_supervisor]: 收到电控 [jumping] 回包，已确认起跳，停止重发 step_once。
[INFO] [1783752895.978043147] [obstacle_race_supervisor]: 砂坑穿越 phase 13/22 完成: wait_done
[INFO] [1783752895.978340985] [obstacle_race_supervisor]: 砂坑穿越 phase 14/22: 等待电控 [jumping/finish] 回包，期间保持 [0,0,0]；若 3.0s 未收到回包，重发上一次 step_once 最多 1 次。
[INFO] [1783752896.011287385] [obstacle_race_supervisor]: 砂坑穿越等待回包: phase=14/22, jumping=True, finish=False, timeout_left=none, override=[0,0.000,0.000]。
[INFO] [1783752897.772099423] [obstacle_race_supervisor]: 收到电控 [finish] 回包，继续执行砂坑穿越后半段。
[INFO] [1783752897.778656975] [obstacle_race_supervisor]: 砂坑穿越 phase 14/22 完成: finish_signal_received
[INFO] [1783752897.778964181] [obstacle_race_supervisor]: 砂坑穿越 phase 15/22: 顺时针转 90.0deg, target_yaw=90.0deg。
[INFO] [1783752897.811592308] [obstacle_race_supervisor]: 砂坑穿越转向中: phase=15/22, turn_progress=0.1/48.7deg, progress_done=True, yaw_err=-48.6deg, yaw_done=False, direction=cw, override=[6,0.800,-0.700]。
[INFO] [1783752898.344747265] [obstacle_race_supervisor]: 砂坑穿越转向中: phase=15/22, turn_progress=23.6/48.7deg, progress_done=True, yaw_err=-25.1deg, yaw_done=False, direction=cw, override=[6,0.800,-0.700]。
[INFO] [1783752898.878989066] [obstacle_race_supervisor]: 砂坑穿越转向中: phase=15/22, turn_progress=59.1/48.7deg, progress_done=True, yaw_err=10.5deg, yaw_done=False, direction=ccw, override=[6,-0.700,0.800]。
[INFO] [1783752899.411493254] [obstacle_race_supervisor]: 砂坑穿越转向中: phase=15/22, turn_progress=62.7/48.7deg, progress_done=True, yaw_err=-15.8deg, yaw_done=False, direction=cw, override=[6,0.800,-0.700]。
[INFO] [1783752899.911597634] [obstacle_race_supervisor]: 砂坑穿越转向中: phase=15/22, turn_progress=91.3/48.7deg, progress_done=True, yaw_err=11.2deg, yaw_done=False, direction=ccw, override=[6,-0.700,0.800]。
[INFO] [1783752900.311378458] [obstacle_race_supervisor]: 砂坑穿越 phase 15/22 完成: turn_timeout progress=91.3/48.7deg yaw_err=-17.8deg
[INFO] [1783752900.311766737] [obstacle_race_supervisor]: 砂坑穿越 phase 16/22: 沿当前机身前方直走 0.60m，mode=0, 起点=(-0.906,-4.732), yaw_ref=90.0deg。
[INFO] [1783752900.344757649] [obstacle_race_supervisor]: 砂坑穿越直走 yaw 保护: phase=16/22, progress=-0.008/0.600m, yaw_err=-17.2deg, direction=cw, override=[6,0.280,-0.120]；对齐后继续直走。
[INFO] [1783752900.846176693] [obstacle_race_supervisor]: 砂坑穿越直走中: phase=16/22, progress=0.046/0.600m, yaw_err=6.3deg, yaw_corr=0.002, override=[0,0.798,0.802]。
[INFO] [1783752901.378364457] [obstacle_race_supervisor]: 砂坑穿越直走中: phase=16/22, progress=0.105/0.600m, yaw_err=0.0deg, yaw_corr=0.000, override=[0,0.800,0.800]。
[INFO] [1783752901.878419280] [obstacle_race_supervisor]: 砂坑穿越直走中: phase=16/22, progress=0.205/0.600m, yaw_err=0.0deg, yaw_corr=0.000, override=[0,0.800,0.800]。
[INFO] [1783752902.411385738] [obstacle_race_supervisor]: 砂坑穿越直走中: phase=16/22, progress=0.291/0.600m, yaw_err=0.0deg, yaw_corr=0.000, override=[0,0.800,0.800]。
[INFO] [1783752902.911731779] [obstacle_race_supervisor]: 砂坑穿越直走 yaw 保护: phase=16/22, progress=0.355/0.600m, yaw_err=-11.2deg, direction=cw, override=[6,0.280,-0.120]；对齐后继续直走。
[INFO] [1783752903.444683736] [obstacle_race_supervisor]: 砂坑穿越直走 yaw 保护: phase=16/22, progress=0.393/0.600m, yaw_err=-9.6deg, direction=cw, override=[6,0.280,-0.120]；对齐后继续直走。
[INFO] [1783752903.944730391] [obstacle_race_supervisor]: 砂坑穿越直走中: phase=16/22, progress=0.313/0.600m, yaw_err=0.0deg, yaw_corr=0.000, override=[0,0.800,0.800]。
[INFO] [1783752904.444858033] [obstacle_race_supervisor]: 砂坑穿越直走中: phase=16/22, progress=0.421/0.600m, yaw_err=0.0deg, yaw_corr=0.000, override=[0,0.800,0.800]。
[INFO] [1783752904.977959254] [obstacle_race_supervisor]: 砂坑穿越直走中: phase=16/22, progress=0.509/0.600m, yaw_err=0.0deg, yaw_corr=0.000, override=[0,0.800,0.800]。
[INFO] [1783752905.478424754] [obstacle_race_supervisor]: 砂坑穿越直走中: phase=16/22, progress=0.555/0.600m, yaw_err=0.0deg, yaw_corr=0.000, override=[0,0.800,0.800]。
[INFO] [1783752906.011591788] [obstacle_race_supervisor]: 砂坑穿越直走中: phase=16/22, progress=0.520/0.600m, yaw_err=0.0deg, yaw_corr=0.000, override=[0,0.800,0.800]。
[INFO] [1783752906.544875253] [obstacle_race_supervisor]: 砂坑穿越直走中: phase=16/22, progress=0.493/0.600m, yaw_err=0.0deg, yaw_corr=0.000, override=[0,0.800,0.800]。
[INFO] [1783752907.044753935] [obstacle_race_supervisor]: 砂坑穿越直走中: phase=16/22, progress=0.501/0.600m, yaw_err=0.0deg, yaw_corr=0.000, override=[0,0.800,0.800]。
[INFO] [1783752907.578223687] [obstacle_race_supervisor]: 砂坑穿越直走中: phase=16/22, progress=0.471/0.600m, yaw_err=0.0deg, yaw_corr=0.000, override=[0,0.800,0.800]。
[INFO] [1783752908.044795951] [obstacle_race_supervisor]: 砂坑穿越 phase 16/22 完成: walk_progress=0.621/0.600m, elapsed=7.73s>=min=0.00s
[INFO] [1783752908.045331673] [obstacle_race_supervisor]: 砂坑穿越 phase 17/22: 发送电控一次性命令 [9,0.000,0.000]，随后等待 0.00s。
[INFO] [1783752908.061334592] [obstacle_race_supervisor]: 收到电控 [jumping] 回包，已确认起跳，停止重发 step_once。
[INFO] [1783752908.078186851] [obstacle_race_supervisor]: 砂坑穿越 phase 17/22 完成: wait_done
[INFO] [1783752908.078644703] [obstacle_race_supervisor]: 砂坑穿越 phase 18/22: 等待电控 [jumping/finish] 回包，期间保持 [0,0,0]；若 3.0s 未收到回包，重发上一次 step_once 最多 1 次。
[INFO] [1783752908.111802197] [obstacle_race_supervisor]: 砂坑穿越等待回包: phase=18/22, jumping=True, finish=False, timeout_left=none, override=[0,0.000,0.000]。
[INFO] [1783752909.888784195] [obstacle_race_supervisor]: 收到电控 [finish] 回包，继续执行砂坑穿越后半段。
[INFO] [1783752909.911512122] [obstacle_race_supervisor]: 砂坑穿越 phase 18/22 完成: finish_signal_received
[INFO] [1783752909.911902433] [obstacle_race_supervisor]: 砂坑穿越 phase 19/22: 沿当前机身前方直走 0.10m，mode=0, 起点=(-1.822,-4.555), yaw_ref=90.0deg。
[INFO] [1783752909.944930704] [obstacle_race_supervisor]: 砂坑穿越直走中: phase=19/22, progress=0.001/0.100m, yaw_err=0.0deg, yaw_corr=0.000, override=[0,0.500,0.500]。
[INFO] [1783752910.444696392] [obstacle_race_supervisor]: 砂坑穿越 phase 19/22 完成: walk_timeout progress=-0.074m/0.100m
[INFO] [1783752910.445211244] [obstacle_race_supervisor]: 砂坑穿越 phase 20/22: 发送电控一次性命令 [9,0.000,0.000]，随后等待 0.00s。
[INFO] [1783752910.478106146] [obstacle_race_supervisor]: 砂坑穿越 phase 20/22 完成: wait_done
[INFO] [1783752910.478445494] [obstacle_race_supervisor]: 砂坑穿越 phase 21/22: 等待电控 [jumping/finish] 回包，期间保持 [0,0,0]；若 3.0s 未收到回包，重发上一次 step_once 最多 1 次。
[INFO] [1783752910.485685300] [obstacle_race_supervisor]: 收到电控 [jumping] 回包，已确认起跳，停止重发 step_once。
[INFO] [1783752910.511749661] [obstacle_race_supervisor]: 砂坑穿越等待回包: phase=21/22, jumping=True, finish=False, timeout_left=none, override=[0,0.000,0.000]。
[INFO] [1783752912.308687406] [obstacle_race_supervisor]: 收到电控 [finish] 回包，继续执行砂坑穿越后半段。
[INFO] [1783752912.311579491] [obstacle_race_supervisor]: 砂坑穿越 phase 21/22 完成: finish_signal_received
[INFO] [1783752912.312088358] [obstacle_race_supervisor]: 砂坑穿越 phase 22/22: 角度对齐，target_yaw=93.0deg, yaw_err=0.7deg。
[INFO] [1783752912.578198268] [obstacle_race_supervisor]: 砂坑穿越 phase 22/22 完成: turn_progress=1.3/0.7deg, yaw_err=0.3deg, stable=0.23s
[INFO] [1783752912.578744020] [obstacle_race_supervisor]: 砂坑穿越完成，返回搜索模式继续寻找后续障碍。
[INFO] [1783752912.579195018] [obstacle_race_supervisor]: 继承沙坑阶段 ID14 锁存进入 SEARCH: latched_dist=0.864m, odom_approach=0.000m, est_dist=0.866m, age=0.01/20.00s。
[INFO] [1783752912.579595606] [obstacle_race_supervisor]: state=SEARCH
[INFO] [1783752912.579994950] [obstacle_race_supervisor]: 进入搜索模式: reason=sandpit_traverse_done, walk=[0,0.500,0.500]。
[INFO] [1783752912.611553434] [obstacle_race_supervisor]: 搜索中 yaw_err=0.0deg, override=[0,0.500,0.500]。
[INFO] [1783752912.611973199] [obstacle_race_supervisor]: 上台阶 AprilTag 已检测但暂未进入分支: tf_samples=0/1, latest_tf_age=none, det_age=none, ids=14, tf_topic_age=0.00s, last_tf_children=[camera_link->camera_color_frame,camera_color_frame->camera_color_optical_frame], expected_tf=camera_color_optical_frame->upstairs。
[INFO] [1783752912.612332676] [obstacle_race_supervisor]: 高墙 AprilTag 已检测但暂未进入分支: tf_samples=0/1, latest_tf_age=none, det_age=none, ids=14, expected_tf=camera_color_optical_frame->hurdle_right。
[INFO] [1783752912.612955499] [obstacle_race_supervisor]: state=POLE_ACTIVE
[INFO] [1783752912.613344072] [obstacle_race_supervisor]: 进入绕杆分支: reason=pole_apriltag_detected(id=14,tf=camera_color_optical_frame->role,source=fresh_tf), dist=0.942m, pole_tag_dist=0.864m, retry_failures=0/2。
[INFO] [1783752924.406562775] [obstacle_race_supervisor]: 上台阶 AprilTag TF 已接收: frame=camera_color_optical_frame->upstairs, tag_x=2.496m, tag_y=0.166m, tag_z=3.863m, rpy=(173.9,68.2,-1.1)deg, samples=1, target_id=18。
[INFO] [1783752935.353544613] [obstacle_race_supervisor]: 高墙 AprilTag TF 已接收: frame=camera_color_optical_frame->hurdle_right, tag_x=2.287m, tag_y=0.027m, tag_z=3.797m, rpy=(174.2,52.9,-2.0)deg, samples=1, target_id=31。
[INFO] [1783752948.490838605] [obstacle_race_supervisor]: 高墙 AprilTag TF 已接收: frame=camera_color_optical_frame->hurdle_right, tag_x=-1.474m, tag_y=0.170m, tag_z=3.020m, rpy=(179.6,-11.4,-3.2)deg, samples=1, target_id=31。
[INFO] [1783752949.020088668] [obstacle_race_supervisor]: 上台阶 AprilTag TF 已接收: frame=camera_color_optical_frame->upstairs, tag_x=1.053m, tag_y=0.159m, tag_z=2.731m, rpy=(-176.6,41.3,-0.9)deg, samples=1, target_id=18。
[INFO] [1783752949.020489730] [obstacle_race_supervisor]: 高墙 AprilTag TF 已接收: frame=camera_color_optical_frame->hurdle_right, tag_x=0.259m, tag_y=0.141m, tag_z=3.205m, rpy=(175.3,17.9,-4.4)deg, samples=2, target_id=31。
[INFO] [1783752953.359921860] [obstacle_race_supervisor]: 上台阶 AprilTag TF 已接收: frame=camera_color_optical_frame->upstairs, tag_x=1.188m, tag_y=0.181m, tag_z=2.335m, rpy=(178.4,13.2,0.9)deg, samples=1, target_id=18。
[INFO] [1783752953.691826990] [obstacle_race_supervisor]: 高墙 AprilTag TF 已接收: frame=camera_color_optical_frame->hurdle_right, tag_x=-0.496m, tag_y=0.092m, tag_z=2.176m, rpy=(-166.6,-34.7,-3.7)deg, samples=1, target_id=31。
[INFO] [1783752953.958117715] [obstacle_race_supervisor]: 上台阶 AprilTag TF 已接收: frame=camera_color_optical_frame->upstairs, tag_x=0.169m, tag_y=0.128m, tag_z=2.397m, rpy=(171.7,-12.7,-0.1)deg, samples=5, target_id=18。
[INFO] [1783752954.223991273] [obstacle_race_supervisor]: 高墙 AprilTag TF 已接收: frame=camera_color_optical_frame->hurdle_right, tag_x=-0.697m, tag_y=0.148m, tag_z=2.122m, rpy=(-173.7,-37.0,-2.6)deg, samples=8, target_id=31。
[INFO] [1783752954.494516072] [obstacle_race_supervisor]: 上台阶 AprilTag TF 已接收: frame=camera_color_optical_frame->upstairs, tag_x=0.142m, tag_y=0.385m, tag_z=2.383m, rpy=(157.5,-14.1,-1.1)deg, samples=8, target_id=18。
[INFO] [1783752954.759395484] [obstacle_race_supervisor]: 高墙 AprilTag TF 已接收: frame=camera_color_optical_frame->hurdle_right, tag_x=-0.905m, tag_y=0.193m, tag_z=1.844m, rpy=(-174.0,-53.0,-1.2)deg, samples=7, target_id=31。
[INFO] [1783752955.025965019] [obstacle_race_supervisor]: 上台阶 AprilTag TF 已接收: frame=camera_color_optical_frame->upstairs, tag_x=-0.149m, tag_y=0.217m, tag_z=2.090m, rpy=(172.0,-21.0,-0.2)deg, samples=9, target_id=18。
[INFO] [1783752955.359921675] [obstacle_race_supervisor]: 高墙 AprilTag TF 已接收: frame=camera_color_optical_frame->hurdle_right, tag_x=-0.565m, tag_y=0.090m, tag_z=1.695m, rpy=(-173.6,-2.1,-4.4)deg, samples=4, target_id=31。
[INFO] [1783752955.561130250] [obstacle_race_supervisor]: 上台阶 AprilTag TF 已接收: frame=camera_color_optical_frame->upstairs, tag_x=0.724m, tag_y=0.133m, tag_z=1.625m, rpy=(159.2,-1.9,-0.7)deg, samples=7, target_id=18。
[INFO] [1783752955.895323426] [obstacle_race_supervisor]: 高墙 AprilTag TF 已接收: frame=camera_color_optical_frame->hurdle_right, tag_x=0.261m, tag_y=0.093m, tag_z=1.642m, rpy=(171.5,-9.9,-2.4)deg, samples=7, target_id=31。
[INFO] [1783752956.177952008] [obstacle_race_supervisor]: state=SEARCH
[INFO] [1783752956.178320922] [obstacle_race_supervisor]: 进入搜索模式: reason=pole_done, walk=[0,0.500,0.500]。
[INFO] [1783752956.211325430] [obstacle_race_supervisor]: 搜索中 yaw_err=0.0deg, override=[0,0.500,0.500]。
[INFO] [1783752956.428303645] [obstacle_race_supervisor]: 高墙 AprilTag TF 已接收: frame=camera_color_optical_frame->hurdle_right, tag_x=0.470m, tag_y=0.147m, tag_z=1.482m, rpy=(169.7,41.5,-7.8)deg, samples=7, target_id=31。
[INFO] [1783752956.511305704] [obstacle_race_supervisor]: 上台阶 AprilTag 已检测但暂未进入分支: tf_samples=0/1, latest_tf_age=none, det_age=0.82s, ids=31, tf_topic_age=0.01s, last_tf_children=[camera_link->camera_color_frame,camera_color_frame->camera_color_optical_frame], expected_tf=camera_color_optical_frame->upstairs。
[INFO] [1783752956.511652284] [obstacle_race_supervisor]: 高墙 AprilTag 初始锁定: source=trigger, tag_x=0.474m, tag_z=1.600m, center_x=0.114m，后续横向补偿不再重算 tag。
[INFO] [1783752956.511922027] [obstacle_race_supervisor]: 高墙 AprilTag 分支触发条件满足: samples=8, tag_x=0.474m, tag_z=1.600m, trigger=1.700m, center_x=0.114m, target_id=31。
[INFO] [1783752956.512228693] [obstacle_race_supervisor]: 高墙 AprilTag 对中锁存: source=initial_locked, samples=1, tag_x=0.474m, tag_z=1.600m, center_x=0.114m, lateral_yaw_offset=-4.1deg, yaw_offset=-2.5deg, target_yaw=0.0deg。
[INFO] [1783752956.512579195] [obstacle_race_supervisor]: state=HURDLE_TAG_ALIGN
[INFO] [1783752956.512812781] [obstacle_race_supervisor]: 进入高墙 AprilTag 对中分支: reason=hurdle_detected, dist=1.600m，锁存起跳 yaw 基准=0.0deg(hurdle_tag tag_x=0.474m,tag_z=1.600m,center_x=0.114m,center_z=1.600m,yaw_source=fixed_absolute=0.0deg,offset=-2.5deg)，先按 fixed_absolute_yaw 视觉预对齐 tag，再复用限高杆横向补偿流程。
[INFO] [1783752956.544566997] [obstacle_race_supervisor]: 高墙 AprilTag 姿态预对齐目标锁定: metric=fixed_absolute_yaw, tag_x=0.525m, tag_z=1.629m, measured=2.5deg, target=0.0deg, raw_err=2.5deg, control_delta=-2.5deg, rpy=(-174.9,17.6,-4.0)deg, lock_source=latest, lock_samples=7, lock_metric=17.6deg, latest_pose_pitch=17.6deg, odom_yaw0=2.5deg, target_yaw=0.0deg。
[INFO] [1783752956.545172660] [obstacle_race_supervisor]: 高墙 AprilTag 姿态预对齐中: metric=fixed_absolute_yaw, measured=2.5deg, target=0.0deg, visual_err=2.5deg, yaw_err=-2.5deg, feedback=odom, direction=cw, hold=0.00/0.10s, override=[6,0.099,-0.054]。
[INFO] [1783752956.811455178] [obstacle_race_supervisor]: 高墙 AprilTag 姿态预对齐完成: metric=fixed_absolute_yaw, current_measured=-1.4deg, current_raw_err=-1.4deg, forward_yaw=0.0deg, initial_ref_yaw=0.0deg, base_yaw=0.0deg, tag_x=0.434m, tag_z=1.545m, shift_source=current_aligned_tag, shift_tag_x=0.434m, shift_tag_z=1.545m, center_x=0.074m。
[INFO] [1783752956.811887890] [obstacle_race_supervisor]: state=LIMIT_BAR_LATERAL_SHIFT
[INFO] [1783752956.812151505] [obstacle_race_supervisor]: 高墙横向补偿计划锁定: center_x=+0.074m, center_z=1.545m, base_yaw=0.0deg, side_delta=+0.0deg, side_yaw=0.0deg, shift=0.000m(raw=0.000m, requested=0.000m, clipped=False), deadband=0.100m, skip_lateral=False, forward_component=0.000m, final_forward=1.045m, target_dist=0.500m。
[INFO] [1783752956.844885444] [obstacle_race_supervisor]: 高墙横向补偿中: phase=final_forward/final_forward, target_yaw=0.0deg, pose_yaw=-1.5deg, yaw_err=1.5deg, along=-0.004m, raw_along=-0.004m, remaining=1.049m, walk_yaw_corr=0.000, override=[0,0.500,0.500]。
[INFO] [1783752956.958627549] [obstacle_race_supervisor]: 高墙 AprilTag TF 已接收: frame=camera_color_optical_frame->hurdle_right, tag_x=0.422m, tag_y=0.096m, tag_z=1.474m, rpy=(178.9,-1.4,-1.6)deg, samples=8, target_id=31。
[INFO] [1783752957.344863822] [obstacle_race_supervisor]: 高墙横向补偿中: phase=final_forward/final_forward, target_yaw=0.0deg, pose_yaw=0.8deg, yaw_err=-0.8deg, along=0.059m, raw_along=0.059m, remaining=0.986m, walk_yaw_corr=0.000, override=[0,0.500,0.500]。
[INFO] [1783752957.494073441] [obstacle_race_supervisor]: 高墙 AprilTag TF 已接收: frame=camera_color_optical_frame->hurdle_right, tag_x=0.429m, tag_y=0.113m, tag_z=1.356m, rpy=(176.1,4.0,-2.2)deg, samples=7, target_id=31。
[INFO] [1783752957.878024957] [obstacle_race_supervisor]: 高墙横向补偿中: phase=final_forward/final_forward, target_yaw=0.0deg, pose_yaw=0.1deg, yaw_err=-0.1deg, along=0.359m, raw_along=0.359m, remaining=0.685m, walk_yaw_corr=0.000, override=[0,0.500,0.500]。
[INFO] [1783752958.027719099] [obstacle_race_supervisor]: 高墙 AprilTag TF 已接收: frame=camera_color_optical_frame->hurdle_right, tag_x=0.437m, tag_y=0.122m, tag_z=1.091m, rpy=(-179.5,4.6,-2.6)deg, samples=8, target_id=31。
[INFO] [1783752958.378238468] [obstacle_race_supervisor]: 高墙横向补偿中: phase=final_forward/final_forward, target_yaw=0.0deg, pose_yaw=-0.5deg, yaw_err=0.5deg, along=0.582m, raw_along=0.582m, remaining=0.462m, walk_yaw_corr=0.000, override=[0,0.500,0.500]。
[INFO] [1783752958.562744418] [obstacle_race_supervisor]: 高墙 AprilTag TF 已接收: frame=camera_color_optical_frame->hurdle_right, tag_x=0.458m, tag_y=0.130m, tag_z=0.842m, rpy=(-177.3,3.7,-3.2)deg, samples=8, target_id=31。
[INFO] [1783752958.878067551] [obstacle_race_supervisor]: 高墙横向补偿中: phase=final_forward/final_forward, target_yaw=0.0deg, pose_yaw=-0.7deg, yaw_err=0.7deg, along=0.825m, raw_along=0.825m, remaining=0.220m, walk_yaw_corr=0.000, override=[0,0.500,0.500]。
[INFO] [1783752959.311300185] [obstacle_race_supervisor]: 高墙横向补偿完成: final_along=1.014m(raw=1.014m), yaw_err=0.4deg, visual_dist=0.477m <= 0.500m, visual_yaw_gate=6.0deg，进入起跳等待。
[INFO] [1783752959.311679168] [obstacle_race_supervisor]: state=HURDLE_WAIT_JUMP
[INFO] [1783752959.311948986] [obstacle_race_supervisor]: 进入高墙跳跃分支: reason=hurdle_detected, dist=0.781m，entry_yaw=-0.4deg，持续停止等待 0.4s 后起跳。
[INFO] [1783752959.744766839] [obstacle_race_supervisor]: state=HURDLE_WAIT_RESUME
[INFO] [1783752959.745130522] [obstacle_race_supervisor]: 跳跃指令重复发送 5 次，等待 3.0s 后恢复搜索前行。
[INFO] [1783752962.778179341] [obstacle_race_supervisor]: state=HURDLE_POST_ALIGN
[INFO] [1783752962.778580487] [obstacle_race_supervisor]: 进入高墙后 yaw 对齐: target=0.0deg, tolerance=2.0deg, hold=0.20s。
[INFO] [1783752962.811284553] [obstacle_race_supervisor]: 高墙后 yaw 对齐中: yaw_err=-6.7deg, direction=cw, override=[6,0.280,-0.120]。
[INFO] [1783752962.832938873] [obstacle_race_supervisor]: 上台阶 AprilTag TF 已接收: frame=camera_color_optical_frame->upstairs, tag_x=0.653m, tag_y=0.168m, tag_z=1.502m, rpy=(158.6,34.2,-11.6)deg, samples=1, target_id=18。
[INFO] [1783752963.311787466] [obstacle_race_supervisor]: 高墙后 yaw 对齐中: yaw_err=2.9deg, direction=ccw_fine, override=[6,-0.080,0.200]。
[INFO] [1783752963.374779972] [obstacle_race_supervisor]: 上台阶 AprilTag TF 已接收: frame=camera_color_optical_frame->upstairs, tag_x=0.351m, tag_y=0.062m, tag_z=1.662m, rpy=(170.4,-3.0,-1.6)deg, samples=8, target_id=18。
[INFO] [1783752963.811559443] [obstacle_race_supervisor]: 高墙后 yaw 对齐完成: yaw_err=-1.8deg, stable=0.23s，进入搜索。
[INFO] [1783752963.811923942] [obstacle_race_supervisor]: state=SEARCH
[INFO] [1783752963.812168960] [obstacle_race_supervisor]: 进入搜索模式: reason=hurdle_done_aligned, walk=[0,0.500,0.500]。
[INFO] [1783752963.844819825] [obstacle_race_supervisor]: 搜索中 yaw_err=0.0deg, override=[0,0.500,0.500]。
[INFO] [1783752963.901474692] [obstacle_race_supervisor]: 上台阶 AprilTag TF 已接收: frame=camera_color_optical_frame->upstairs, tag_x=0.485m, tag_y=0.070m, tag_z=1.640m, rpy=(165.3,4.2,-0.9)deg, samples=10, target_id=18。
[INFO] [1783752964.111420939] [obstacle_race_supervisor]: 上台阶 AprilTag 分支触发条件满足: reason=tag_z_within_trigger, samples=8/1, tag_x=0.484m, tag_z=1.638m, trigger_distance=1.700m, inside_by=0.062m, center_x=0.174m, tag_to_center=-0.310m, target_id=18, expected_tf=camera_color_optical_frame->upstairs, completed=False。
[INFO] [1783752964.111814607] [obstacle_race_supervisor]: 上台阶 AprilTag 对中锁存: samples=8, tag_x=0.484m, tag_z=1.638m, center_x=0.174m, lateral_yaw_offset=-6.1deg, yaw_offset=-1.3deg, target_yaw=0.0deg, yaw_source=fixed_absolute=0.0deg。
[INFO] [1783752964.112231897] [obstacle_race_supervisor]: state=UPSTAIRS_TAG_ALIGN
[INFO] [1783752964.112500089] [obstacle_race_supervisor]: 进入上台阶 AprilTag 对中分支: reason=upstairs_detected, dist=1.638m，锁存上台阶 yaw 基准=0.0deg(upstairs_tag tag_x=0.484m,tag_z=1.638m,center_x=0.174m,center_z=1.638m,yaw_source=fixed_absolute=0.0deg,offset=-1.3deg)，先按 odom 绝对 0.0deg 做航向预对齐，再复用限高杆/高墙横向补偿流程。
[INFO] [1783752964.144620951] [obstacle_race_supervisor]: 上台阶 AprilTag 姿态预对齐目标锁定: metric=fixed_absolute_yaw, tag_x=0.483m, tag_z=1.637m, measured=1.2deg, target=0.0deg, raw_err=1.2deg, control_delta=-1.2deg, rpy=(167.3,7.5,-1.3)deg, lock_source=latest, lock_samples=7, lock_metric=7.5deg, latest_pose_pitch=7.5deg, odom_yaw0=1.2deg, target_yaw=0.0deg。
[INFO] [1783752964.145058976] [obstacle_race_supervisor]: 上台阶 AprilTag 姿态预对齐中: metric=fixed_absolute_yaw, measured=1.2deg, target=0.0deg, visual_err=1.2deg, yaw_err=-1.2deg, feedback=odom, direction=cw, hold=0.00/0.10s, override=[6,0.099,-0.054]。
[INFO] [1783752964.432679146] [obstacle_race_supervisor]: 上台阶 AprilTag TF 已接收: frame=camera_color_optical_frame->upstairs, tag_x=0.388m, tag_y=0.013m, tag_z=1.562m, rpy=(169.5,0.7,-0.3)deg, samples=8, target_id=18。
[INFO] [1783752964.678309397] [obstacle_race_supervisor]: 上台阶 AprilTag 姿态预对齐中: metric=fixed_absolute_yaw, measured=1.6deg, target=0.0deg, visual_err=1.6deg, yaw_err=-1.6deg, feedback=odom, direction=cw, hold=0.00/0.10s, override=[6,0.099,-0.054]。
[INFO] [1783752964.967329606] [obstacle_race_supervisor]: 上台阶 AprilTag TF 已接收: frame=camera_color_optical_frame->upstairs, tag_x=0.460m, tag_y=0.066m, tag_z=1.534m, rpy=(174.4,4.3,-0.7)deg, samples=10, target_id=18。
[INFO] [1783752964.977926418] [obstacle_race_supervisor]: 上台阶 AprilTag 姿态预对齐完成: metric=fixed_absolute_yaw, current_measured=-0.2deg, current_raw_err=-0.2deg, forward_yaw=0.0deg, initial_ref_yaw=0.0deg, base_yaw=0.0deg, tag_x=0.460m, tag_z=1.534m, shift_source=current_aligned_tag, shift_tag_x=0.460m, shift_tag_z=1.534m, center_x=0.150m。
[INFO] [1783752964.978435316] [obstacle_race_supervisor]: state=LIMIT_BAR_LATERAL_SHIFT
[INFO] [1783752964.978865251] [obstacle_race_supervisor]: 上台阶横向补偿计划锁定: center_x=+0.150m, center_z=1.534m, base_yaw=0.0deg, side_delta=-90.0deg, side_yaw=-90.0deg, shift=0.120m(raw=0.150m, requested=0.120m, clipped=False), deadband=0.120m, skip_lateral=False, forward_component=0.000m, final_forward=1.014m, target_dist=0.520m。
[INFO] [1783752965.011617912] [obstacle_race_supervisor]: 上台阶横向补偿中: phase=final_forward/final_forward, target_yaw=0.0deg, pose_yaw=-0.3deg, yaw_err=0.3deg, along=-0.011m, raw_along=-0.011m, remaining=1.025m, walk_yaw_corr=0.000, upstairs_final_ready=False(source=live_tag, tag_z=1.503m>0.570m, visual=trigger=false), live_tag_x=+0.470m, live_tag_z=1.503m, live_center_x=+0.160m, vision_yaw_corr=+0.0deg, target_yaw_if_live=0.0deg, override=[0,0.500,0.500]。
[INFO] [1783752965.500000105] [obstacle_race_supervisor]: 上台阶 AprilTag TF 已接收: frame=camera_color_optical_frame->upstairs, tag_x=0.265m, tag_y=0.169m, tag_z=1.522m, rpy=(174.0,-2.9,-1.0)deg, samples=10, target_id=18。
[INFO] [1783752965.511696321] [obstacle_race_supervisor]: 上台阶横向补偿中: phase=final_forward/final_forward, target_yaw=0.0deg, pose_yaw=-5.8deg, yaw_err=5.8deg, along=0.059m, raw_along=0.059m, remaining=0.955m, walk_yaw_corr=0.068, upstairs_final_ready=False(source=live_tag, tag_z=1.564m>0.570m, visual=trigger=false), live_tag_x=+0.353m, live_tag_z=1.564m, live_center_x=+0.043m, vision_yaw_corr=+0.0deg, target_yaw_if_live=0.0deg, override=[0,0.432,0.568]。
[INFO] [1783752966.033401802] [obstacle_race_supervisor]: 上台阶 AprilTag TF 已接收: frame=camera_color_optical_frame->upstairs, tag_x=0.303m, tag_y=0.080m, tag_z=1.149m, rpy=(171.0,-11.8,-1.0)deg, samples=10, target_id=18。
[INFO] [1783752966.044848957] [obstacle_race_supervisor]: 上台阶横向补偿中: phase=final_forward/final_forward, target_yaw=0.0deg, pose_yaw=-3.7deg, yaw_err=3.7deg, along=0.310m, raw_along=0.310m, remaining=0.704m, walk_yaw_corr=0.035, upstairs_final_ready=False(source=live_tag, tag_z=1.342m>0.570m, visual=trigger=false), live_tag_x=+0.298m, live_tag_z=1.342m, live_center_x=-0.012m, vision_yaw_corr=+0.0deg, target_yaw_if_live=0.0deg, override=[0,0.465,0.535]。
[INFO] [1783752966.569549745] [obstacle_race_supervisor]: 上台阶 AprilTag TF 已接收: frame=camera_color_optical_frame->upstairs, tag_x=0.347m, tag_y=0.049m, tag_z=0.962m, rpy=(171.3,-1.7,-2.1)deg, samples=9, target_id=18。
[INFO] [1783752966.578186598] [obstacle_race_supervisor]: 上台阶横向补偿中: phase=final_forward/final_forward, target_yaw=0.0deg, pose_yaw=-2.4deg, yaw_err=2.4deg, along=0.565m, raw_along=0.565m, remaining=0.449m, walk_yaw_corr=0.014, upstairs_final_ready=False(source=live_tag, tag_z=1.083m>0.570m, visual=trigger=false), live_tag_x=+0.344m, live_tag_z=1.083m, live_center_x=+0.034m, vision_yaw_corr=+0.0deg, target_yaw_if_live=0.0deg, override=[0,0.486,0.514]。
[INFO] [1783752967.078284275] [obstacle_race_supervisor]: 上台阶横向补偿中: phase=final_forward/final_forward, target_yaw=0.0deg, pose_yaw=-2.2deg, yaw_err=2.2deg, along=0.825m, raw_along=0.825m, remaining=0.189m, walk_yaw_corr=0.011, upstairs_final_ready=False(source=live_tag, tag_z=0.858m>0.570m, visual=dist=0.584m>0.580m), live_tag_x=+0.354m, live_tag_z=0.858m, live_center_x=+0.044m, vision_yaw_corr=+0.0deg, target_yaw_if_live=0.0deg, override=[0,0.489,0.511]。
[INFO] [1783752967.103692058] [obstacle_race_supervisor]: 上台阶 AprilTag TF 已接收: frame=camera_color_optical_frame->upstairs, tag_x=0.370m, tag_y=0.050m, tag_z=0.736m, rpy=(170.8,1.2,-2.1)deg, samples=9, target_id=18。
[INFO] [1783752967.444990394] [obstacle_race_supervisor]: 上台阶最终前进里程已到但距离未确认，暂不 step_once: final_along=0.989m(raw=0.989m), remaining=0.025m <= 0.050m, distance_ready=False(source=live_tag, tag_z=0.713m>0.570m, visual=dist=0.668m>0.580m), live_tag_x=+0.346m, live_tag_z=0.713m, live_center_x=+0.036m, vision_yaw_corr=+0.0deg, target_yaw_if_live=0.0deg，等待 Tag/视觉距离到线。
[INFO] [1783752967.778141486] [obstacle_race_supervisor]: 上台阶最终前进里程已到但距离未确认，暂不 step_once: final_along=1.036m(raw=1.036m), remaining=0.000m <= 0.050m, distance_ready=False(source=live_tag, tag_z=0.599m>0.570m, visual=dist=0.586m>0.580m), live_tag_x=+0.342m, live_tag_z=0.599m, live_center_x=+0.032m, vision_yaw_corr=+0.0deg, target_yaw_if_live=0.0deg，等待 Tag/视觉距离到线。
[INFO] [1783752968.077924700] [obstacle_race_supervisor]: 上台阶最终前进里程已到但距离未确认，暂不 step_once: final_along=1.024m(raw=1.024m), remaining=0.000m <= 0.050m, distance_ready=False(source=visual_no_fresh_tag, dist=0.596m>0.580m), live_center_x=none, vision_yaw_corr=none, target_yaw_if_live=none，等待 Tag/视觉距离到线。
[INFO] [1783752968.378112248] [obstacle_race_supervisor]: 上台阶最终前进里程已到但距离未确认，暂不 step_once: final_along=1.043m(raw=1.043m), remaining=0.000m <= 0.050m, distance_ready=False(source=visual_no_fresh_tag, dist=0.606m>0.580m), live_center_x=none, vision_yaw_corr=none, target_yaw_if_live=none，等待 Tag/视觉距离到线。
[INFO] [1783752968.711299556] [obstacle_race_supervisor]: 上台阶最终前进里程已到但距离未确认，暂不 step_once: final_along=1.041m(raw=1.041m), remaining=0.000m <= 0.050m, distance_ready=False(source=visual_no_fresh_tag, dist=0.599m>0.580m), live_center_x=none, vision_yaw_corr=none, target_yaw_if_live=none，等待 Tag/视觉距离到线。
[INFO] [1783752969.011274620] [obstacle_race_supervisor]: 上台阶最终前进里程已到但距离未确认，暂不 step_once: final_along=1.054m(raw=1.054m), remaining=0.000m <= 0.050m, distance_ready=False(source=visual_no_fresh_tag, dist=0.595m>0.580m), live_center_x=none, vision_yaw_corr=none, target_yaw_if_live=none，等待 Tag/视觉距离到线。
[INFO] [1783752969.344627506] [obstacle_race_supervisor]: 上台阶最终前进里程已到但距离未确认，暂不 step_once: final_along=1.050m(raw=1.050m), remaining=0.000m <= 0.050m, distance_ready=False(source=visual_no_fresh_tag, dist=0.594m>0.580m), live_center_x=none, vision_yaw_corr=none, target_yaw_if_live=none，等待 Tag/视觉距离到线。
[INFO] [1783752969.677877846] [obstacle_race_supervisor]: 上台阶最终前进里程已到但距离未确认，暂不 step_once: final_along=1.043m(raw=1.043m), remaining=0.000m <= 0.050m, distance_ready=False(source=visual_no_fresh_tag, dist=0.588m>0.580m), live_center_x=none, vision_yaw_corr=none, target_yaw_if_live=none，等待 Tag/视觉距离到线。
[INFO] [1783752969.977961956] [obstacle_race_supervisor]: 上台阶最终前进里程已到但距离未确认，暂不 step_once: final_along=1.095m(raw=1.095m), remaining=0.000m <= 0.050m, distance_ready=False(source=visual_no_fresh_tag, dist=0.584m>0.580m), live_center_x=none, vision_yaw_corr=none, target_yaw_if_live=none，等待 Tag/视觉距离到线。
[INFO] [1783752970.244601577] [obstacle_race_supervisor]: 上台阶横向补偿完成: final_along=1.069m(raw=1.069m), yaw_err=0.5deg <= 1.0deg, remaining=0.000m, distance_ready=True(source=visual_no_fresh_tag, trigger=true, dist=0.580m, threshold=0.580m), live_center_x=none, vision_yaw_corr=none, target_yaw_if_live=none，直接进入上台阶 step_once。
[INFO] [1783752970.244902047] [obstacle_race_supervisor]: state=DONE
[INFO] [1783752970.245630221] [obstacle_race_supervisor]: 进入上台阶分支: reason=upstairs_detected, latest_tag_dist=0.580m, target_dist=0.520m, planned_final_forward=1.014m, actual_final_along=1.069m(raw=1.069m), remaining=0.000m，已向电控发送一次 step_once=[5,0.000,0.000]；若 1.0s 内未收到 [jumping]，最多重发 3 次。总状态机结束。
[INFO] [1783752970.261450390] [obstacle_race_supervisor]: 收到电控 [jumping] 回包，已确认上台阶动作，停止重发 step_once。
