[INFO] [1784182978.711800812] [orange_hurdle_jump_test]: state=DETECTOR_ONLY
[INFO] [1784182978.712383388] [orange_hurdle_jump_test]: orange_hurdle_jump_test started: color=/camera/color/image_raw, depth=/camera/aligned_depth_to_color/image_raw, detector_only=True, serial=/dev/ttyUSB0@115200, trigger_distance=0.58m, walk=[0,1.000,1.000], stand=[0,0.000,0.000], jump=[4,0.000,0.000]
[INFO] [1784182978.880630564] [orange_hurdle_jump_test]: [1;95m触发状态更新: trigger=False[0m
[INFO] [1784182978.883816587] [orange_hurdle_jump_test]: [0;33m未检测到有效橘色横栏: candidates=0, frame=1, mask_px=14449, contours=10, largest=area:6386,box:151x91,aspect:1.66,reject:depth_px:0, hsv_lower=[28, 40, 35], hsv_upper=[95, 255, 255][0m
[INFO] [1784182979.126297705] [orange_hurdle_jump_test]: [0;33m未检测到有效橘色横栏: candidates=0, frame=5, mask_px=77015, contours=3, largest=area:76860,box:424x240,aspect:1.77,reject:top_edge:-0.325m(err=-0.325), hsv_lower=[28, 40, 35], hsv_upper=[95, 255, 255][0m
[INFO] [1784182979.393815406] [orange_hurdle_jump_test]: [0;33m未检测到有效橘色横栏: candidates=0, frame=9, mask_px=92250, contours=2, largest=area:93636,box:424x240,aspect:1.77,reject:top_edge:-0.323m(err=-0.323), hsv_lower=[28, 40, 35], hsv_upper=[95, 255, 255][0m
[INFO] [1784182979.774297714] [orange_hurdle_jump_test]: [0;33m未检测到有效橘色横栏: candidates=0, frame=10, mask_px=95535, contours=1, largest=area:97822,box:424x240,aspect:1.77,reject:top_edge:-0.322m(err=-0.322), hsv_lower=[28, 40, 35], hsv_upper=[95, 255, 255][0m
[INFO] [1784182979.995275522] [orange_hurdle_jump_test]: [0;33m未检测到有效橘色横栏: candidates=0, frame=17, mask_px=93752, contours=5, largest=area:93035,box:424x240,aspect:1.77,reject:top_edge:-0.322m(err=-0.322), hsv_lower=[28, 40, 35], hsv_upper=[95, 255, 255][0m
[INFO] [1784182980.195241968] [orange_hurdle_jump_test]: [0;33m未检测到有效橘色横栏: candidates=0, frame=20, mask_px=91851, contours=8, largest=area:90204,box:424x240,aspect:1.77,reject:top_edge:-0.322m(err=-0.322), hsv_lower=[28, 40, 35], hsv_upper=[95, 255, 255][0m
[INFO] [1784182980.461475035] [orange_hurdle_jump_test]: [0;33m未检测到有效橘色横栏: candidates=0, frame=24, mask_px=88473, contours=8, largest=area:87514,box:424x240,aspect:1.77,reject:top_edge:-0.323m(err=-0.323), hsv_lower=[28, 40, 35], hsv_upper=[95, 255, 255][0m
[INFO] [1784182980.729079425] [orange_hurdle_jump_test]: [0;33m未检测到有效橘色横栏: candidates=0, frame=28, mask_px=84377, contours=6, largest=area:86082,box:424x240,aspect:1.77,reject:top_edge:-0.323m(err=-0.323), hsv_lower=[28, 40, 35], hsv_upper=[95, 255, 255][0m
[INFO] [1784182980.994888929] [orange_hurdle_jump_test]: [0;33m未检测到有效橘色横栏: candidates=0, frame=32, mask_px=72293, contours=10, largest=area:74092,box:424x240,aspect:1.77,reject:top_edge:-0.324m(err=-0.324), hsv_lower=[28, 40, 35], hsv_upper=[95, 255, 255][0m
[INFO] [1784182981.195854493] [orange_hurdle_jump_test]: [0;33m未检测到有效橘色横栏: candidates=0, frame=35, mask_px=61186, contours=9, largest=area:50946,box:424x240,aspect:1.77,reject:top_edge:-0.322m(err=-0.322), hsv_lower=[28, 40, 35], hsv_upper=[95, 255, 255][0m
[INFO] [1784182981.460917142] [orange_hurdle_jump_test]: [0;33m未检测到有效橘色横栏: candidates=0, frame=39, mask_px=49528, contours=15, largest=area:40658,box:416x240,aspect:1.73,reject:top_edge:-0.319m(err=-0.319), hsv_lower=[28, 40, 35], hsv_upper=[95, 255, 255][0m
[INFO] [1784182981.661240497] [orange_hurdle_jump_test]: [1;34m最近横栏: dist=0.822m, lateral=-0.019m, vertical=0.221m, pixel=(206.3,198.5), box=412x102, depth_px=26540, candidates=1, trigger=False[0m
[INFO] [1784182981.926276586] [orange_hurdle_jump_test]: [1;34m最近横栏: dist=0.824m, lateral=-0.071m, vertical=0.223m, pixel=(187.3,198.9), box=342x102, depth_px=22850, candidates=1, trigger=False[0m
[INFO] [1784182982.127238842] [orange_hurdle_jump_test]: [1;34m最近横栏: dist=0.820m, lateral=-0.078m, vertical=0.224m, pixel=(184.4,199.7), box=345x102, depth_px=21683, candidates=1, trigger=False[0m
[INFO] [1784182982.392991734] [orange_hurdle_jump_test]: [1;34m最近横栏: dist=0.822m, lateral=-0.084m, vertical=0.225m, pixel=(182.3,199.8), box=337x102, depth_px=20644, candidates=1, trigger=False[0m
[INFO] [1784182982.595245387] [orange_hurdle_jump_test]: [1;34m最近横栏: dist=0.820m, lateral=-0.086m, vertical=0.225m, pixel=(181.6,200.0), box=319x101, depth_px=19625, candidates=1, trigger=False[0m
[INFO] [1784182982.861247149] [orange_hurdle_jump_test]: [1;34m最近横栏: dist=0.834m, lateral=-0.062m, vertical=0.208m, pixel=(191.0,192.4), box=283x104, depth_px=18128, candidates=1, trigger=False[0m
[INFO] [1784182983.060260850] [orange_hurdle_jump_test]: [1;34m最近横栏: dist=0.828m, lateral=-0.036m, vertical=0.211m, pixel=(200.1,194.0), box=240x101, depth_px=15557, candidates=1, trigger=False[0m
[INFO] [1784182983.259762701] [orange_hurdle_jump_test]: [0;33m未检测到有效橘色横栏: candidates=0, frame=66, mask_px=8981, contours=9, largest=area:6772,box:104x101,aspect:1.03,reject:aspect, hsv_lower=[28, 40, 35], hsv_upper=[95, 255, 255][0m
[INFO] [1784182983.526953999] [orange_hurdle_jump_test]: [1;34m最近横栏: dist=0.775m, lateral=0.041m, vertical=0.250m, pixel=(229.3,214.5), box=131x83, depth_px=4085, candidates=1, trigger=False[0m
[INFO] [1784182983.592595938] [orange_hurdle_jump_test]: [1;95m触发状态更新: trigger=True[0m
[INFO] [1784182983.725443776] [orange_hurdle_jump_test]: [1;95m触发状态更新: trigger=False[0m
[INFO] [1784182983.727653382] [orange_hurdle_jump_test]: [1;34m最近横栏: dist=0.775m, lateral=-0.143m, vertical=0.218m, pixel=(157.6,202.1), box=258x100, depth_px=13483, candidates=1, trigger=False[0m
[INFO] [1784182983.927591797] [orange_hurdle_jump_test]: [1;34m最近横栏: dist=0.827m, lateral=-0.128m, vertical=0.226m, pixel=(166.4,199.6), box=268x99, depth_px=16415, candidates=1, trigger=False[0m
[INFO] [1784182984.193351771] [orange_hurdle_jump_test]: [1;34m最近横栏: dist=0.832m, lateral=-0.129m, vertical=0.225m, pixel=(166.5,198.8), box=244x99, depth_px=13383, candidates=1, trigger=False[0m
[INFO] [1784182984.460310899] [orange_hurdle_jump_test]: [1;34m最近横栏: dist=0.828m, lateral=-0.036m, vertical=0.208m, pixel=(200.2,192.9), box=152x100, depth_px=7053, candidates=1, trigger=False[0m
[INFO] [1784182984.660314620] [orange_hurdle_jump_test]: [0;33m未检测到有效橘色横栏: candidates=0, frame=87, mask_px=8230, contours=7, largest=area:5702,box:118x98,aspect:1.20,reject:aspect, hsv_lower=[28, 40, 35], hsv_upper=[95, 255, 255][0m
[INFO] [1784182984.927315214] [orange_hurdle_jump_test]: [1;34m最近横栏: dist=0.799m, lateral=0.062m, vertical=0.199m, pixel=(236.8,192.2), box=145x99, depth_px=4171, candidates=1, trigger=False[0m
[INFO] [1784182985.193171861] [orange_hurdle_jump_test]: [0;33m未检测到有效橘色横栏: candidates=0, frame=95, mask_px=3368, contours=3, largest=area:2682,box:87x97,aspect:0.90,reject:aspect, hsv_lower=[28, 40, 35], hsv_upper=[95, 255, 255][0m
[INFO] [1784182985.395614646] [orange_hurdle_jump_test]: [1;34m最近横栏: dist=0.830m, lateral=0.065m, vertical=0.195m, pixel=(237.1,188.2), box=169x100, depth_px=4760, candidates=1, trigger=False[0m
[INFO] [1784182985.594331590] [orange_hurdle_jump_test]: [1;34m最近横栏: dist=0.832m, lateral=0.058m, vertical=0.196m, pixel=(234.6,188.2), box=175x100, depth_px=5505, candidates=1, trigger=False[0m
[INFO] [1784182985.862311217] [orange_hurdle_jump_test]: [1;34m最近横栏: dist=0.830m, lateral=0.062m, vertical=0.199m, pixel=(236.0,189.5), box=192x100, depth_px=5880, candidates=1, trigger=False[0m
[INFO] [1784182986.128654390] [orange_hurdle_jump_test]: [1;34m最近横栏: dist=0.832m, lateral=0.067m, vertical=0.190m, pixel=(237.8,186.2), box=214x99, depth_px=4495, candidates=1, trigger=False[0m
[INFO] [1784182986.394440262] [orange_hurdle_jump_test]: [1;34m最近横栏: dist=0.810m, lateral=0.073m, vertical=0.196m, pixel=(240.5,190.1), box=203x100, depth_px=5590, candidates=1, trigger=False[0m
[INFO] [1784182986.594580340] [orange_hurdle_jump_test]: [1;34m最近横栏: dist=0.822m, lateral=0.062m, vertical=0.192m, pixel=(236.0,187.5), box=208x101, depth_px=5587, candidates=1, trigger=False[0m
[INFO] [1784182986.794610136] [orange_hurdle_jump_test]: [1;34m最近横栏: dist=0.834m, lateral=0.060m, vertical=0.198m, pixel=(235.1,188.8), box=202x100, depth_px=6745, candidates=1, trigger=False[0m
[INFO] [1784182986.994805108] [orange_hurdle_jump_test]: [1;34m最近横栏: dist=0.814m, lateral=0.148m, vertical=0.220m, pixel=(268.3,198.8), box=132x101, depth_px=3973, candidates=1, trigger=False[0m
[INFO] [1784182987.195220349] [orange_hurdle_jump_test]: [1;34m最近横栏: dist=0.818m, lateral=0.088m, vertical=0.188m, pixel=(245.9,186.6), box=194x100, depth_px=3956, candidates=1, trigger=False[0m
[INFO] [1784182987.397145360] [orange_hurdle_jump_test]: [1;34m最近横栏: dist=0.834m, lateral=0.056m, vertical=0.196m, pixel=(233.7,188.1), box=208x100, depth_px=5907, candidates=1, trigger=False[0m
[INFO] [1784182987.661784343] [orange_hurdle_jump_test]: [1;34m最近横栏: dist=0.814m, lateral=0.056m, vertical=0.197m, pixel=(234.1,190.2), box=208x100, depth_px=6456, candidates=1, trigger=False[0m
[INFO] [1784182987.928415574] [orange_hurdle_jump_test]: [1;34m最近横栏: dist=0.820m, lateral=0.052m, vertical=0.200m, pixel=(232.4,190.7), box=216x100, depth_px=6846, candidates=1, trigger=False[0m
[INFO] [1784182988.128819894] [orange_hurdle_jump_test]: [1;34m最近横栏: dist=0.808m, lateral=0.051m, vertical=0.202m, pixel=(232.6,192.6), box=208x100, depth_px=7087, candidates=1, trigger=False[0m
[INFO] [1784182988.396691734] [orange_hurdle_jump_test]: [1;34m最近横栏: dist=0.803m, lateral=0.075m, vertical=0.204m, pixel=(241.5,193.7), box=220x100, depth_px=5813, candidates=1, trigger=False[0m
[INFO] [1784182988.661454020] [orange_hurdle_jump_test]: [1;34m最近横栏: dist=0.818m, lateral=0.067m, vertical=0.199m, pixel=(238.3,190.7), box=222x100, depth_px=6219, candidates=1, trigger=False[0m
[INFO] [1784182988.862335137] [orange_hurdle_jump_test]: [1;34m最近横栏: dist=0.818m, lateral=0.054m, vertical=0.199m, pixel=(233.4,190.7), box=212x100, depth_px=6798, candidates=1, trigger=False[0m
[INFO] [1784182989.072227475] [orange_hurdle_jump_test]: [1;34m最近横栏: dist=0.830m, lateral=0.037m, vertical=0.199m, pixel=(226.7,189.4), box=232x100, depth_px=8600, candidates=1, trigger=False[0m
[INFO] [1784182989.328970293] [orange_hurdle_jump_test]: [1;34m最近横栏: dist=0.826m, lateral=0.070m, vertical=0.192m, pixel=(238.8,187.3), box=226x100, depth_px=5247, candidates=1, trigger=False[0m
[INFO] [1784182989.529501472] [orange_hurdle_jump_test]: [1;34m最近横栏: dist=0.818m, lateral=0.082m, vertical=0.196m, pixel=(243.7,189.6), box=220x100, depth_px=5859, candidates=1, trigger=False[0m
[INFO] [1784182989.796266122] [orange_hurdle_jump_test]: [1;34m最近横栏: dist=0.816m, lateral=0.072m, vertical=0.197m, pixel=(240.1,189.8), box=210x100, depth_px=6800, candidates=1, trigger=False[0m
[INFO] [1784182989.996470275] [orange_hurdle_jump_test]: [1;34m最近横栏: dist=0.799m, lateral=0.085m, vertical=0.204m, pixel=(245.6,194.1), box=204x100, depth_px=5750, candidates=1, trigger=False[0m
[INFO] [1784182990.262216196] [orange_hurdle_jump_test]: [1;34m最近横栏: dist=0.816m, lateral=0.052m, vertical=0.191m, pixel=(232.6,187.8), box=230x100, depth_px=6717, candidates=1, trigger=False[0m
[INFO] [1784182990.463620247] [orange_hurdle_jump_test]: [1;34m最近横栏: dist=0.764m, lateral=-0.316m, vertical=0.259m, pixel=(88.2,219.4), box=160x46, depth_px=3047, candidates=2, trigger=False[0m
[INFO] [1784182990.664478759] [orange_hurdle_jump_test]: [1;34m最近横栏: dist=0.803m, lateral=-0.048m, vertical=0.220m, pixel=(195.3,199.9), box=320x101, depth_px=10587, candidates=1, trigger=False[0m
[INFO] [1784182990.863283966] [orange_hurdle_jump_test]: [1;34m最近横栏: dist=0.843m, lateral=0.067m, vertical=0.211m, pixel=(237.4,192.9), box=130x100, depth_px=5955, candidates=1, trigger=False[0m
[INFO] [1784182991.063953963] [orange_hurdle_jump_test]: [1;34m最近横栏: dist=0.763m, lateral=0.084m, vertical=0.190m, pixel=(246.8,192.3), box=184x100, depth_px=4949, candidates=1, trigger=False[0m
[INFO] [1784182991.329607745] [orange_hurdle_jump_test]: [1;34m最近横栏: dist=0.803m, lateral=0.194m, vertical=0.227m, pixel=(286.6,202.6), box=206x101, depth_px=4511, candidates=1, trigger=False[0m
[INFO] [1784182991.597771672] [orange_hurdle_jump_test]: [0;33m未检测到有效橘色横栏: candidates=0, frame=191, mask_px=8118, contours=10, largest=area:3768,box:184x37,aspect:4.97,reject:top_edge:0.219m(err=0.219), hsv_lower=[28, 40, 35], hsv_upper=[95, 255, 255][0m
[INFO] [1784182991.863941949] [orange_hurdle_jump_test]: [0;33m未检测到有效橘色横栏: candidates=0, frame=195, mask_px=9643, contours=10, largest=area:2998,box:118x47,aspect:2.51,reject:top_edge:0.204m(err=0.204), hsv_lower=[28, 40, 35], hsv_upper=[95, 255, 255][0m
[INFO] [1784182992.130716333] [orange_hurdle_jump_test]: [1;34m最近横栏: dist=0.808m, lateral=-0.016m, vertical=0.231m, pixel=(207.2,203.5), box=230x100, depth_px=5278, candidates=1, trigger=False[0m
[INFO] [1784182992.333137989] [orange_hurdle_jump_test]: [0;33m未检测到有效橘色横栏: candidates=0, frame=202, mask_px=3345, contours=6, largest=area:1178,box:55x49,aspect:1.12,reject:area+width+aspect, hsv_lower=[28, 40, 35], hsv_upper=[95, 255, 255][0m
[INFO] [1784182992.596286487] [orange_hurdle_jump_test]: [0;33m未检测到有效橘色横栏: candidates=0, frame=206, mask_px=4254, contours=7, largest=area:3164,box:80x95,aspect:0.84,reject:aspect, hsv_lower=[28, 40, 35], hsv_upper=[95, 255, 255][0m
[INFO] [1784182992.864046251] [orange_hurdle_jump_test]: [1;34m最近横栏: dist=0.822m, lateral=0.069m, vertical=0.196m, pixel=(238.5,189.0), box=181x100, depth_px=4352, candidates=1, trigger=False[0m
[INFO] [1784182993.064395521] [orange_hurdle_jump_test]: [0;33m未检测到有效橘色横栏: candidates=0, frame=213, mask_px=5188, contours=7, largest=area:3657,box:97x100,aspect:0.97,reject:aspect, hsv_lower=[28, 40, 35], hsv_upper=[95, 255, 255][0m
[INFO] [1784182993.330588209] [orange_hurdle_jump_test]: [1;34m最近横栏: dist=0.808m, lateral=0.075m, vertical=0.200m, pixel=(241.5,191.7), box=177x100, depth_px=5123, candidates=1, trigger=False[0m
[INFO] [1784182993.531582505] [orange_hurdle_jump_test]: [1;34m最近横栏: dist=0.799m, lateral=0.074m, vertical=0.203m, pixel=(241.2,193.9), box=185x100, depth_px=5364, candidates=1, trigger=False[0m
[INFO] [1784182993.731300741] [orange_hurdle_jump_test]: [1;34m最近横栏: dist=0.845m, lateral=0.069m, vertical=0.199m, pixel=(238.0,188.3), box=212x101, depth_px=6726, candidates=1, trigger=False[0m
[INFO] [1784182993.930799846] [orange_hurdle_jump_test]: [1;34m最近横栏: dist=0.801m, lateral=0.148m, vertical=0.217m, pixel=(269.0,199.0), box=136x100, depth_px=4334, candidates=1, trigger=False[0m
[INFO] [1784182994.132081450] [orange_hurdle_jump_test]: [1;34m最近横栏: dist=0.818m, lateral=0.172m, vertical=0.216m, pixel=(276.8,196.7), box=138x100, depth_px=3182, candidates=1, trigger=False[0m
[INFO] [1784182994.398327433] [orange_hurdle_jump_test]: [1;34m最近横栏: dist=0.832m, lateral=0.062m, vertical=0.194m, pixel=(235.9,187.5), box=207x100, depth_px=6533, candidates=1, trigger=False[0m
[INFO] [1784182994.598772185] [orange_hurdle_jump_test]: [1;34m最近横栏: dist=0.828m, lateral=0.074m, vertical=0.195m, pixel=(240.2,188.1), box=209x100, depth_px=4828, candidates=1, trigger=False[0m
[INFO] [1784182994.865414780] [orange_hurdle_jump_test]: [1;34m最近横栏: dist=0.822m, lateral=0.057m, vertical=0.205m, pixel=(234.4,192.3), box=206x100, depth_px=7589, candidates=1, trigger=False[0m
[INFO] [1784182995.131832668] [orange_hurdle_jump_test]: [1;34m最近横栏: dist=0.808m, lateral=0.109m, vertical=0.204m, pixel=(254.3,193.4), box=187x99, depth_px=3661, candidates=1, trigger=False[0m
[INFO] [1784182995.331405138] [orange_hurdle_jump_test]: [1;34m最近横栏: dist=0.818m, lateral=0.057m, vertical=0.197m, pixel=(234.3,189.9), box=226x100, depth_px=6734, candidates=1, trigger=False[0m
[INFO] [1784182995.531207348] [orange_hurdle_jump_test]: [1;34m最近横栏: dist=0.824m, lateral=0.079m, vertical=0.196m, pixel=(242.2,188.9), box=220x98, depth_px=4353, candidates=1, trigger=False[0m
[INFO] [1784182995.732768630] [orange_hurdle_jump_test]: [1;34m最近横栏: dist=0.814m, lateral=0.074m, vertical=0.198m, pixel=(240.8,190.7), box=216x100, depth_px=5944, candidates=1, trigger=False[0m
[INFO] [1784182995.998623646] [orange_hurdle_jump_test]: [1;34m最近横栏: dist=0.820m, lateral=0.070m, vertical=0.207m, pixel=(239.1,193.5), box=228x101, depth_px=5882, candidates=1, trigger=False[0m
[INFO] [1784182996.201798190] [orange_hurdle_jump_test]: [1;34m最近横栏: dist=0.814m, lateral=0.060m, vertical=0.200m, pixel=(235.6,191.4), box=222x99, depth_px=6815, candidates=1, trigger=False[0m
[INFO] [1784182996.465693621] [orange_hurdle_jump_test]: [1;34m最近横栏: dist=0.812m, lateral=0.083m, vertical=0.208m, pixel=(244.2,194.6), box=226x99, depth_px=5793, candidates=1, trigger=False[0m
[INFO] [1784182996.666729676] [orange_hurdle_jump_test]: [1;34m最近横栏: dist=0.820m, lateral=0.070m, vertical=0.203m, pixel=(239.3,191.8), box=222x100, depth_px=6605, candidates=1, trigger=False[0m
[INFO] [1784182996.932682174] [orange_hurdle_jump_test]: [1;34m最近横栏: dist=0.819m, lateral=0.072m, vertical=0.199m, pixel=(239.8,190.5), box=225x100, depth_px=6792, candidates=1, trigger=False[0m
[INFO] [1784182997.199544140] [orange_hurdle_jump_test]: [1;34m最近横栏: dist=0.807m, lateral=0.079m, vertical=0.207m, pixel=(242.8,194.4), box=226x101, depth_px=5364, candidates=1, trigger=False[0m
[INFO] [1784182997.399429000] [orange_hurdle_jump_test]: [1;34m最近横栏: dist=0.824m, lateral=0.075m, vertical=0.199m, pixel=(240.7,190.0), box=206x100, depth_px=5877, candidates=1, trigger=False[0m
[INFO] [1784182997.599555358] [orange_hurdle_jump_test]: [1;34m最近横栏: dist=0.816m, lateral=0.085m, vertical=0.198m, pixel=(244.8,190.4), box=194x99, depth_px=4731, candidates=1, trigger=False[0m
[INFO] [1784182997.866720381] [orange_hurdle_jump_test]: [1;34m最近横栏: dist=0.812m, lateral=0.081m, vertical=0.201m, pixel=(243.5,191.9), box=208x100, depth_px=5971, candidates=1, trigger=False[0m
[INFO] [1784182998.068313471] [orange_hurdle_jump_test]: [1;34m最近横栏: dist=0.812m, lateral=0.026m, vertical=0.206m, pixel=(223.1,193.9), box=232x100, depth_px=9392, candidates=1, trigger=False[0m
[INFO] [1784182998.333789171] [orange_hurdle_jump_test]: [1;34m最近横栏: dist=0.820m, lateral=0.062m, vertical=0.198m, pixel=(236.2,189.8), box=226x101, depth_px=7442, candidates=1, trigger=False[0m
[INFO] [1784182998.533062420] [orange_hurdle_jump_test]: [1;34m最近横栏: dist=0.828m, lateral=0.042m, vertical=0.199m, pixel=(228.8,189.8), box=252x100, depth_px=9435, candidates=1, trigger=False[0m
[INFO] [1784182998.733168275] [orange_hurdle_jump_test]: [1;34m最近横栏: dist=0.832m, lateral=0.045m, vertical=0.198m, pixel=(229.8,189.1), box=220x100, depth_px=8146, candidates=1, trigger=False[0m
[INFO] [1784182998.935148854] [orange_hurdle_jump_test]: [1;34m最近横栏: dist=0.816m, lateral=0.041m, vertical=0.203m, pixel=(228.7,192.0), box=236x100, depth_px=8705, candidates=1, trigger=False[0m
[INFO] [1784182999.200828204] [orange_hurdle_jump_test]: [1;34m最近横栏: dist=0.816m, lateral=0.088m, vertical=0.201m, pixel=(245.8,191.3), box=208x100, depth_px=5757, candidates=1, trigger=False[0m
[INFO] [1784182999.467098147] [orange_hurdle_jump_test]: [1;34m最近横栏: dist=0.824m, lateral=0.054m, vertical=0.200m, pixel=(233.2,190.5), box=214x100, depth_px=7188, candidates=1, trigger=False[0m
[INFO] [1784182999.666709014] [orange_hurdle_jump_test]: [1;34m最近横栏: dist=0.828m, lateral=0.072m, vertical=0.192m, pixel=(239.7,187.3), box=210x101, depth_px=5652, candidates=1, trigger=False[0m
[INFO] [1784182999.871955994] [orange_hurdle_jump_test]: [1;34m最近横栏: dist=0.816m, lateral=0.074m, vertical=0.195m, pixel=(240.9,189.2), box=212x100, depth_px=6244, candidates=1, trigger=False[0m
[INFO] [1784183000.068136486] [orange_hurdle_jump_test]: [1;34m最近横栏: dist=0.814m, lateral=0.051m, vertical=0.212m, pixel=(232.3,195.9), box=224x100, depth_px=7240, candidates=1, trigger=False[0m
[INFO] [1784183000.335232392] [orange_hurdle_jump_test]: [1;34m最近横栏: dist=0.834m, lateral=0.004m, vertical=0.210m, pixel=(214.9,193.2), box=234x100, depth_px=7171, candidates=1, trigger=False[0m
[INFO] [1784183000.535209564] [orange_hurdle_jump_test]: [1;34m最近横栏: dist=0.814m, lateral=0.003m, vertical=0.211m, pixel=(214.3,195.2), box=238x100, depth_px=8610, candidates=1, trigger=False[0m
[INFO] [1784183000.803690894] [orange_hurdle_jump_test]: [1;34m最近横栏: dist=0.834m, lateral=-0.270m, vertical=0.256m, pixel=(115.4,209.8), box=122x65, depth_px=2805, candidates=2, trigger=False[0m
[INFO] [1784183001.067786587] [orange_hurdle_jump_test]: [1;34m最近横栏: dist=0.847m, lateral=-0.088m, vertical=0.215m, pixel=(181.9,193.7), box=204x99, depth_px=10646, candidates=1, trigger=False[0m
[INFO] [1784183001.267815766] [orange_hurdle_jump_test]: [1;34m最近横栏: dist=0.830m, lateral=-0.056m, vertical=0.212m, pixel=(192.8,194.2), box=154x95, depth_px=7008, candidates=1, trigger=False[0m
[INFO] [1784183001.468196020] [orange_hurdle_jump_test]: [1;34m最近横栏: dist=1.191m, lateral=-0.005m, vertical=0.182m, pixel=(212.0,163.2), box=116x44, depth_px=1713, candidates=1, trigger=False[0m
[INFO] [1784183001.734104510] [orange_hurdle_jump_test]: [0;33m未检测到有效橘色横栏: candidates=0, frame=343, mask_px=2888, contours=9, largest=area:906,box:46x45,aspect:1.02,reject:area+width+aspect, hsv_lower=[28, 40, 35], hsv_upper=[95, 255, 255][0m
[INFO] [1784183001.935497701] [orange_hurdle_jump_test]: [0;33m未检测到有效橘色横栏: candidates=0, frame=346, mask_px=3308, contours=8, largest=area:1532,box:76x43,aspect:1.77,reject:top_edge:0.213m(err=0.213), hsv_lower=[28, 40, 35], hsv_upper=[95, 255, 255][0m
[INFO] [1784183002.135419775] [orange_hurdle_jump_test]: [1;34m最近横栏: dist=1.226m, lateral=-0.010m, vertical=0.166m, pixel=(210.7,157.9), box=128x45, depth_px=1222, candidates=1, trigger=False[0m
[INFO] [1784183002.403203309] [orange_hurdle_jump_test]: [1;34m最近横栏: dist=0.832m, lateral=0.095m, vertical=0.187m, pixel=(248.0,185.1), box=155x100, depth_px=2798, candidates=1, trigger=False[0m
[INFO] [1784183002.602734566] [orange_hurdle_jump_test]: [0;33m未检测到有效橘色横栏: candidates=0, frame=356, mask_px=5192, contours=7, largest=area:3756,box:100x101,aspect:0.99,reject:aspect, hsv_lower=[28, 40, 35], hsv_upper=[95, 255, 255][0m
[INFO] [1784183002.869406195] [orange_hurdle_jump_test]: [1;34m最近横栏: dist=0.820m, lateral=0.053m, vertical=0.193m, pixel=(233.0,188.1), box=170x101, depth_px=4400, candidates=1, trigger=False[0m
[INFO] [1784183003.068903435] [orange_hurdle_jump_test]: [1;34m最近横栏: dist=0.826m, lateral=0.044m, vertical=0.195m, pixel=(229.5,188.2), box=176x101, depth_px=5018, candidates=1, trigger=False[0m
[INFO] [1784183003.269226943] [orange_hurdle_jump_test]: [1;34m最近横栏: dist=0.816m, lateral=0.069m, vertical=0.191m, pixel=(238.8,187.8), box=159x101, depth_px=5519, candidates=1, trigger=False[0m
[INFO] [1784183003.537678960] [orange_hurdle_jump_test]: [1;34m最近横栏: dist=0.832m, lateral=0.078m, vertical=0.195m, pixel=(241.6,187.8), box=202x100, depth_px=6869, candidates=1, trigger=False[0m
[INFO] [1784183003.805534205] [orange_hurdle_jump_test]: [1;34m最近横栏: dist=0.828m, lateral=0.030m, vertical=0.212m, pixel=(224.4,194.5), box=208x101, depth_px=10028, candidates=1, trigger=False[0m
[INFO] [1784183004.002410391] [orange_hurdle_jump_test]: [1;34m最近横栏: dist=0.820m, lateral=0.037m, vertical=0.205m, pixel=(227.0,192.7), box=216x100, depth_px=6794, candidates=1, trigger=False[0m
[INFO] [1784183004.202092319] [orange_hurdle_jump_test]: [1;34m最近横栏: dist=0.822m, lateral=0.008m, vertical=0.206m, pixel=(216.2,192.9), box=205x100, depth_px=8583, candidates=1, trigger=False[0m
[INFO] [1784183004.402866933] [orange_hurdle_jump_test]: [1;34m最近横栏: dist=0.828m, lateral=0.040m, vertical=0.195m, pixel=(227.8,188.3), box=182x100, depth_px=5650, candidates=1, trigger=False[0m
[INFO] [1784183004.602886726] [orange_hurdle_jump_test]: [1;34m最近横栏: dist=0.822m, lateral=0.042m, vertical=0.196m, pixel=(228.9,189.3), box=172x100, depth_px=6057, candidates=1, trigger=False[0m
[INFO] [1784183004.803066813] [orange_hurdle_jump_test]: [1;34m最近横栏: dist=0.810m, lateral=0.078m, vertical=0.202m, pixel=(242.6,192.3), box=184x100, depth_px=5157, candidates=1, trigger=False[0m
[INFO] [1784183005.069206954] [orange_hurdle_jump_test]: [0;33m未检测到有效橘色横栏: candidates=0, frame=393, mask_px=5505, contours=4, largest=area:4212,box:112x100,aspect:1.12,reject:aspect, hsv_lower=[28, 40, 35], hsv_upper=[95, 255, 255][0m
[INFO] [1784183005.271586502] [orange_hurdle_jump_test]: [0;33m未检测到有效橘色横栏: candidates=0, frame=396, mask_px=5375, contours=5, largest=area:4134,box:106x100,aspect:1.06,reject:aspect, hsv_lower=[28, 40, 35], hsv_upper=[95, 255, 255][0m
[INFO] [1784183005.536161969] [orange_hurdle_jump_test]: [1;34m最近横栏: dist=0.803m, lateral=0.059m, vertical=0.193m, pixel=(235.5,189.8), box=154x99, depth_px=3873, candidates=1, trigger=False[0m
[INFO] [1784183005.736150997] [orange_hurdle_jump_test]: [1;34m最近横栏: dist=0.797m, lateral=0.076m, vertical=0.203m, pixel=(242.0,194.1), box=146x100, depth_px=3622, candidates=1, trigger=False[0m
[INFO] [1784183005.937142505] [orange_hurdle_jump_test]: [1;34m最近横栏: dist=0.820m, lateral=0.064m, vertical=0.192m, pixel=(237.0,187.8), box=177x100, depth_px=4850, candidates=1, trigger=False[0m
[INFO] [1784183006.137036261] [orange_hurdle_jump_test]: [0;33m未检测到有效橘色横栏: candidates=0, frame=409, mask_px=4002, contours=4, largest=area:3054,box:100x99,aspect:1.01,reject:aspect, hsv_lower=[28, 40, 35], hsv_upper=[95, 255, 255][0m
[INFO] [1784183006.405198270] [orange_hurdle_jump_test]: [1;34m最近横栏: dist=0.832m, lateral=0.058m, vertical=0.191m, pixel=(234.3,186.4), box=190x100, depth_px=5110, candidates=1, trigger=False[0m
[INFO] [1784183006.672867459] [orange_hurdle_jump_test]: [1;34m最近横栏: dist=0.826m, lateral=0.084m, vertical=0.195m, pixel=(244.2,188.4), box=210x100, depth_px=4184, candidates=1, trigger=False[0m
[INFO] [1784183006.936645993] [orange_hurdle_jump_test]: [1;34m最近横栏: dist=0.818m, lateral=0.058m, vertical=0.205m, pixel=(234.7,192.7), box=226x99, depth_px=7731, candidates=1, trigger=False[0m
[INFO] [1784183007.136984827] [orange_hurdle_jump_test]: [1;34m最近横栏: dist=0.826m, lateral=0.043m, vertical=0.202m, pixel=(229.2,190.8), box=238x101, depth_px=7720, candidates=1, trigger=False[0m
[INFO] [1784183007.339135315] [orange_hurdle_jump_test]: [1;34m最近横栏: dist=0.816m, lateral=0.059m, vertical=0.203m, pixel=(235.0,192.3), box=196x100, depth_px=7875, candidates=1, trigger=False[0m
[INFO] [1784183007.537225277] [orange_hurdle_jump_test]: [1;34m最近横栏: dist=0.826m, lateral=0.062m, vertical=0.195m, pixel=(236.0,188.4), box=218x100, depth_px=6713, candidates=1, trigger=False[0m
[INFO] [1784183007.738490022] [orange_hurdle_jump_test]: [1;34m最近横栏: dist=0.814m, lateral=0.060m, vertical=0.204m, pixel=(235.8,192.6), box=218x100, depth_px=7862, candidates=1, trigger=False[0m
[INFO] [1784183007.939746810] [orange_hurdle_jump_test]: [1;34m最近横栏: dist=0.810m, lateral=0.044m, vertical=0.205m, pixel=(229.9,193.5), box=228x101, depth_px=8965, candidates=1, trigger=False[0m
[INFO] [1784183008.138225838] [orange_hurdle_jump_test]: [1;34m最近横栏: dist=0.824m, lateral=0.069m, vertical=0.201m, pixel=(238.8,190.6), box=196x100, depth_px=7269, candidates=1, trigger=False[0m
[INFO] [1784183008.338976776] [orange_hurdle_jump_test]: [1;34m最近横栏: dist=0.816m, lateral=0.083m, vertical=0.200m, pixel=(244.2,191.2), box=222x100, depth_px=4406, candidates=1, trigger=False[0m
[INFO] [1784183008.608860106] [orange_hurdle_jump_test]: [1;34m最近横栏: dist=0.812m, lateral=0.081m, vertical=0.198m, pixel=(243.5,190.7), box=228x100, depth_px=5851, candidates=1, trigger=False[0m
[INFO] [1784183008.805891569] [orange_hurdle_jump_test]: [1;34m最近横栏: dist=0.812m, lateral=0.085m, vertical=0.205m, pixel=(245.0,193.3), box=210x101, depth_px=6442, candidates=1, trigger=False[0m
[INFO] [1784183009.005368424] [orange_hurdle_jump_test]: [1;34m最近横栏: dist=0.822m, lateral=0.069m, vertical=0.200m, pixel=(238.7,190.5), box=226x100, depth_px=7907, candidates=1, trigger=False[0m
[INFO] [1784183009.206455261] [orange_hurdle_jump_test]: [1;34m最近横栏: dist=0.812m, lateral=0.072m, vertical=0.205m, pixel=(240.2,193.5), box=202x99, depth_px=6649, candidates=1, trigger=False[0m
[INFO] [1784183009.471229029] [orange_hurdle_jump_test]: [1;34m最近横栏: dist=0.812m, lateral=0.087m, vertical=0.201m, pixel=(245.8,191.8), box=216x101, depth_px=5368, candidates=1, trigger=False[0m
[INFO] [1784183009.672114658] [orange_hurdle_jump_test]: [1;34m最近横栏: dist=0.805m, lateral=0.074m, vertical=0.203m, pixel=(241.1,193.2), box=220x101, depth_px=6203, candidates=1, trigger=False[0m
[INFO] [1784183009.872368712] [orange_hurdle_jump_test]: [1;34m最近横栏: dist=0.810m, lateral=0.063m, vertical=0.197m, pixel=(236.9,190.7), box=222x101, depth_px=7267, candidates=1, trigger=False[0m
[INFO] [1784183010.072192252] [orange_hurdle_jump_test]: [1;34m最近横栏: dist=0.816m, lateral=0.051m, vertical=0.203m, pixel=(232.1,192.2), box=216x100, depth_px=8825, candidates=1, trigger=False[0m
[INFO] [1784183010.272994900] [orange_hurdle_jump_test]: [1;34m最近横栏: dist=0.814m, lateral=0.046m, vertical=0.202m, pixel=(230.2,192.1), box=244x101, depth_px=9057, candidates=1, trigger=False[0m
[INFO] [1784183010.475218724] [orange_hurdle_jump_test]: [1;34m最近横栏: dist=0.828m, lateral=0.050m, vertical=0.199m, pixel=(231.4,189.5), box=222x100, depth_px=7718, candidates=1, trigger=False[0m
[INFO] [1784183010.739169433] [orange_hurdle_jump_test]: [1;34m最近横栏: dist=0.826m, lateral=0.053m, vertical=0.200m, pixel=(232.9,190.0), box=222x101, depth_px=7730, candidates=1, trigger=False[0m
[INFO] [1784183011.007903731] [orange_hurdle_jump_test]: [1;34m最近横栏: dist=0.834m, lateral=0.054m, vertical=0.202m, pixel=(233.0,190.2), box=216x100, depth_px=8193, candidates=1, trigger=False[0m
[INFO] [1784183011.273550459] [orange_hurdle_jump_test]: [1;34m最近横栏: dist=0.808m, lateral=0.040m, vertical=0.199m, pixel=(228.4,191.5), box=218x101, depth_px=7774, candidates=1, trigger=False[0m
[INFO] [1784183011.542196119] [orange_hurdle_jump_test]: [1;34m最近横栏: dist=0.834m, lateral=0.053m, vertical=0.202m, pixel=(232.5,190.2), box=220x101, depth_px=8091, candidates=1, trigger=False[0m
[INFO] [1784183011.742650278] [orange_hurdle_jump_test]: [1;34m最近横栏: dist=0.822m, lateral=0.045m, vertical=0.200m, pixel=(229.9,190.5), box=215x100, depth_px=7752, candidates=1, trigger=False[0m
[INFO] [1784183011.940473283] [orange_hurdle_jump_test]: [1;34m最近横栏: dist=0.830m, lateral=0.048m, vertical=0.200m, pixel=(230.7,190.0), box=226x101, depth_px=8421, candidates=1, trigger=False[0m
[INFO] [1784183012.142879302] [orange_hurdle_jump_test]: [1;34m最近横栏: dist=0.814m, lateral=0.049m, vertical=0.200m, pixel=(231.5,191.1), box=212x100, depth_px=7372, candidates=1, trigger=False[0m
[INFO] [1784183012.343536267] [orange_hurdle_jump_test]: [1;34m最近横栏: dist=0.816m, lateral=0.028m, vertical=0.198m, pixel=(223.6,190.4), box=233x100, depth_px=8169, candidates=1, trigger=False[0m
[INFO] [1784183012.607044035] [orange_hurdle_jump_test]: [1;34m最近横栏: dist=0.830m, lateral=0.054m, vertical=0.199m, pixel=(232.9,189.5), box=218x100, depth_px=6880, candidates=1, trigger=False[0m
[INFO] [1784183012.807657648] [orange_hurdle_jump_test]: [1;34m最近横栏: dist=0.822m, lateral=0.063m, vertical=0.199m, pixel=(236.4,190.2), box=204x101, depth_px=7277, candidates=1, trigger=False[0m
[INFO] [1784183013.073612872] [orange_hurdle_jump_test]: [1;34m最近横栏: dist=0.840m, lateral=0.026m, vertical=0.198m, pixel=(222.6,188.4), box=248x100, depth_px=8679, candidates=1, trigger=False[0m
[INFO] [1784183013.275134155] [orange_hurdle_jump_test]: [1;34m最近横栏: dist=0.808m, lateral=0.082m, vertical=0.202m, pixel=(244.1,192.6), box=214x99, depth_px=4650, candidates=1, trigger=False[0m
[INFO] [1784183013.474697198] [orange_hurdle_jump_test]: [1;34m最近横栏: dist=0.820m, lateral=0.046m, vertical=0.202m, pixel=(230.2,191.5), box=234x100, depth_px=7859, candidates=1, trigger=False[0m
[INFO] [1784183013.674768491] [orange_hurdle_jump_test]: [1;34m最近横栏: dist=0.818m, lateral=0.055m, vertical=0.203m, pixel=(233.7,192.1), box=234x101, depth_px=8321, candidates=1, trigger=False[0m
[INFO] [1784183013.941282305] [orange_hurdle_jump_test]: [1;34m最近横栏: dist=0.818m, lateral=0.044m, vertical=0.202m, pixel=(229.7,191.5), box=236x100, depth_px=9157, candidates=1, trigger=False[0m
[INFO] [1784183014.141447282] [orange_hurdle_jump_test]: [1;34m最近横栏: dist=0.824m, lateral=0.018m, vertical=0.210m, pixel=(219.9,194.0), box=236x100, depth_px=11453, candidates=1, trigger=False[0m
[INFO] [1784183014.342764099] [orange_hurdle_jump_test]: [1;34m最近横栏: dist=0.822m, lateral=0.051m, vertical=0.199m, pixel=(232.0,190.0), box=258x100, depth_px=8438, candidates=1, trigger=False[0m
[INFO] [1784183014.607781511] [orange_hurdle_jump_test]: [1;34m最近横栏: dist=0.818m, lateral=0.077m, vertical=0.202m, pixel=(241.8,191.6), box=226x100, depth_px=5676, candidates=1, trigger=False[0m
[INFO] [1784183014.807599524] [orange_hurdle_jump_test]: [1;34m最近横栏: dist=0.824m, lateral=0.079m, vertical=0.199m, pixel=(242.3,189.9), box=236x101, depth_px=6244, candidates=1, trigger=False[0m
[INFO] [1784183015.008309307] [orange_hurdle_jump_test]: [1;34m最近横栏: dist=0.822m, lateral=0.078m, vertical=0.202m, pixel=(241.9,191.3), box=216x100, depth_px=6155, candidates=1, trigger=False[0m
[INFO] [1784183015.208574616] [orange_hurdle_jump_test]: [1;34m最近横栏: dist=0.834m, lateral=0.069m, vertical=0.204m, pixel=(238.4,190.8), box=212x101, depth_px=6200, candidates=1, trigger=False[0m
[INFO] [1784183015.476522568] [orange_hurdle_jump_test]: [1;34m最近横栏: dist=0.812m, lateral=0.074m, vertical=0.203m, pixel=(240.9,192.6), box=227x100, depth_px=5926, candidates=1, trigger=False[0m
[INFO] [1784183015.675043936] [orange_hurdle_jump_test]: [1;34m最近横栏: dist=0.826m, lateral=0.025m, vertical=0.206m, pixel=(222.6,192.4), box=244x101, depth_px=10218, candidates=1, trigger=False[0m
[INFO] [1784183015.942804903] [orange_hurdle_jump_test]: [1;34m最近横栏: dist=0.810m, lateral=0.117m, vertical=0.204m, pixel=(257.0,193.2), box=220x100, depth_px=7263, candidates=1, trigger=False[0m
[INFO] [1784183016.144109847] [orange_hurdle_jump_test]: [1;34m最近横栏: dist=0.779m, lateral=-0.341m, vertical=0.268m, pixel=(80.7,221.0), box=108x54, depth_px=2976, candidates=2, trigger=False[0m
[INFO] [1784183016.343690902] [orange_hurdle_jump_test]: [1;34m最近横栏: dist=1.015m, lateral=-0.407m, vertical=0.182m, pixel=(91.8,171.1), box=114x68, depth_px=1372, candidates=1, trigger=False[0m
[INFO] [1784183016.608626508] [orange_hurdle_jump_test]: [0;33m未检测到有效橘色横栏: candidates=0, frame=566, mask_px=1399, contours=10, largest=area:483,box:26x28,aspect:0.93,reject:area+width+height+aspect, hsv_lower=[28, 40, 35], hsv_upper=[95, 255, 255][0m
[INFO] [1784183016.808875823] [orange_hurdle_jump_test]: [0;33m未检测到有效橘色横栏: candidates=0, frame=569, mask_px=4622, contours=10, largest=area:2744,box:80x86,aspect:0.93,reject:aspect, hsv_lower=[28, 40, 35], hsv_upper=[95, 255, 255][0m
[INFO] [1784183017.009582486] [orange_hurdle_jump_test]: [0;33m未检测到有效橘色横栏: candidates=0, frame=572, mask_px=5949, contours=8, largest=area:1813,box:108x37,aspect:2.92,reject:top_edge:0.225m(err=0.225), hsv_lower=[28, 40, 35], hsv_upper=[95, 255, 255][0m
[INFO] [1784183017.276156131] [orange_hurdle_jump_test]: [1;34m最近横栏: dist=0.812m, lateral=0.014m, vertical=0.232m, pixel=(218.6,203.6), box=178x101, depth_px=6143, candidates=1, trigger=False[0m
[INFO] [1784183017.477204267] [orange_hurdle_jump_test]: [1;34m最近横栏: dist=0.814m, lateral=0.029m, vertical=0.231m, pixel=(224.2,202.9), box=156x100, depth_px=4284, candidates=1, trigger=False[0m
[INFO] [1784183017.743078329] [orange_hurdle_jump_test]: [0;33m未检测到有效橘色横栏: candidates=0, frame=583, mask_px=4328, contours=7, largest=area:1402,box:104x42,aspect:2.48,reject:top_edge:0.219m(err=0.219), hsv_lower=[28, 40, 35], hsv_upper=[95, 255, 255][0m
[INFO] [1784183017.942266083] [orange_hurdle_jump_test]: [0;33m未检测到有效橘色横栏: candidates=0, frame=586, mask_px=2828, contours=11, largest=area:1180,box:44x55,aspect:0.80,reject:area+width+aspect, hsv_lower=[28, 40, 35], hsv_upper=[95, 255, 255][0m
[INFO] [1784183018.143026022] [orange_hurdle_jump_test]: [1;34m最近横栏: dist=0.810m, lateral=0.074m, vertical=0.195m, pixel=(241.1,189.7), box=136x98, depth_px=2530, candidates=1, trigger=False[0m
[INFO] [1784183018.344740088] [orange_hurdle_jump_test]: [1;34m最近横栏: dist=0.824m, lateral=0.081m, vertical=0.202m, pixel=(243.1,191.0), box=127x99, depth_px=3493, candidates=1, trigger=False[0m
[INFO] [1784183018.610234325] [orange_hurdle_jump_test]: [1;34m最近横栏: dist=0.812m, lateral=0.080m, vertical=0.186m, pixel=(243.2,186.2), box=182x100, depth_px=3523, candidates=1, trigger=False[0m
[INFO] [1784183018.814155526] [orange_hurdle_jump_test]: [1;34m最近横栏: dist=0.812m, lateral=0.064m, vertical=0.192m, pixel=(237.0,188.3), box=182x100, depth_px=4504, candidates=1, trigger=False[0m
[INFO] [1784183019.077871564] [orange_hurdle_jump_test]: [1;34m最近横栏: dist=0.849m, lateral=0.066m, vertical=0.198m, pixel=(236.8,187.4), box=198x99, depth_px=5102, candidates=1, trigger=False[0m
[INFO] [1784183019.279105901] [orange_hurdle_jump_test]: [1;34m最近横栏: dist=0.803m, lateral=0.065m, vertical=0.196m, pixel=(238.0,190.8), box=198x100, depth_px=4915, candidates=1, trigger=False[0m
[INFO] [1784183019.544767108] [orange_hurdle_jump_test]: [1;34m最近横栏: dist=0.805m, lateral=0.077m, vertical=0.200m, pixel=(242.1,192.3), box=199x99, depth_px=4922, candidates=1, trigger=False[0m
[INFO] [1784183019.744407736] [orange_hurdle_jump_test]: [1;34m最近横栏: dist=0.824m, lateral=0.052m, vertical=0.200m, pixel=(232.4,190.4), box=212x101, depth_px=7682, candidates=1, trigger=False[0m
[INFO] [1784183020.011002138] [orange_hurdle_jump_test]: [1;34m最近横栏: dist=0.822m, lateral=0.093m, vertical=0.198m, pixel=(247.6,189.9), box=200x100, depth_px=5000, candidates=1, trigger=False[0m
[INFO] [1784183020.210946458] [orange_hurdle_jump_test]: [1;34m最近横栏: dist=0.815m, lateral=0.098m, vertical=0.202m, pixel=(249.8,192.0), box=200x100, depth_px=5364, candidates=1, trigger=False[0m
[INFO] [1784183020.415554452] [orange_hurdle_jump_test]: [1;34m最近横栏: dist=0.822m, lateral=0.049m, vertical=0.203m, pixel=(231.3,191.7), box=202x101, depth_px=8041, candidates=1, trigger=False[0m
[INFO] [1784183020.619541204] [orange_hurdle_jump_test]: [1;34m最近横栏: dist=0.816m, lateral=0.060m, vertical=0.203m, pixel=(235.4,192.0), box=214x100, depth_px=7498, candidates=1, trigger=False[0m
[INFO] [1784183020.878675125] [orange_hurdle_jump_test]: [1;34m最近横栏: dist=0.805m, lateral=0.068m, vertical=0.204m, pixel=(239.0,193.5), box=210x100, depth_px=5926, candidates=1, trigger=False[0m
[INFO] [1784183021.078608359] [orange_hurdle_jump_test]: [1;34m最近横栏: dist=0.830m, lateral=0.078m, vertical=0.188m, pixel=(241.9,185.4), box=213x101, depth_px=3991, candidates=1, trigger=False[0m
[INFO] [1784183021.347428124] [orange_hurdle_jump_test]: [1;34m最近横栏: dist=0.824m, lateral=0.079m, vertical=0.193m, pixel=(242.4,187.8), box=218x101, depth_px=5014, candidates=1, trigger=False[0m
[INFO] [1784183021.550523393] [orange_hurdle_jump_test]: [1;34m最近横栏: dist=0.812m, lateral=0.083m, vertical=0.203m, pixel=(244.2,192.6), box=199x100, depth_px=5766, candidates=1, trigger=False[0m
[INFO] [1784183021.814637204] [orange_hurdle_jump_test]: [1;34m最近横栏: dist=0.820m, lateral=0.063m, vertical=0.198m, pixel=(236.5,189.9), box=216x101, depth_px=5474, candidates=1, trigger=False[0m
[INFO] [1784183022.080033575] [orange_hurdle_jump_test]: [1;34m最近横栏: dist=0.818m, lateral=0.058m, vertical=0.201m, pixel=(234.6,191.3), box=218x100, depth_px=7860, candidates=1, trigger=False[0m
[INFO] [1784183022.279554644] [orange_hurdle_jump_test]: [1;34m最近横栏: dist=0.816m, lateral=0.083m, vertical=0.199m, pixel=(244.0,190.6), box=204x100, depth_px=5693, candidates=1, trigger=False[0m
[INFO] [1784183022.479500229] [orange_hurdle_jump_test]: [1;34m最近横栏: dist=0.814m, lateral=0.043m, vertical=0.199m, pixel=(229.3,191.0), box=234x101, depth_px=8109, candidates=1, trigger=False[0m
[INFO] [1784183022.747404803] [orange_hurdle_jump_test]: [1;34m最近横栏: dist=0.820m, lateral=0.076m, vertical=0.201m, pixel=(241.4,191.2), box=214x100, depth_px=6160, candidates=1, trigger=False[0m
[INFO] [1784183022.947123972] [orange_hurdle_jump_test]: [1;34m最近横栏: dist=0.832m, lateral=0.051m, vertical=0.198m, pixel=(231.9,189.1), box=224x100, depth_px=7916, candidates=1, trigger=False[0m
[INFO] [1784183023.215040367] [orange_hurdle_jump_test]: [1;34m最近横栏: dist=0.816m, lateral=0.026m, vertical=0.199m, pixel=(222.8,190.8), box=238x101, depth_px=8728, candidates=1, trigger=False[0m
[INFO] [1784183023.480409202] [orange_hurdle_jump_test]: [1;34m最近横栏: dist=0.803m, lateral=0.028m, vertical=0.202m, pixel=(223.7,193.2), box=236x100, depth_px=9417, candidates=1, trigger=False[0m
[INFO] [1784183023.680846807] [orange_hurdle_jump_test]: [1;34m最近横栏: dist=0.812m, lateral=0.041m, vertical=0.203m, pixel=(228.5,192.4), box=230x100, depth_px=8498, candidates=1, trigger=False[0m
[INFO] [1784183023.947775891] [orange_hurdle_jump_test]: [1;34m最近横栏: dist=0.824m, lateral=0.033m, vertical=0.204m, pixel=(225.6,191.9), box=242x100, depth_px=9484, candidates=1, trigger=False[0m
[INFO] [1784183024.213252665] [orange_hurdle_jump_test]: [1;34m最近横栏: dist=0.816m, lateral=0.067m, vertical=0.204m, pixel=(238.1,192.4), box=234x100, depth_px=5536, candidates=1, trigger=False[0m
[INFO] [1784183024.414226104] [orange_hurdle_jump_test]: [1;34m最近横栏: dist=0.810m, lateral=0.082m, vertical=0.206m, pixel=(243.8,193.7), box=216x100, depth_px=5913, candidates=1, trigger=False[0m
[INFO] [1784183024.615037165] [orange_hurdle_jump_test]: [1;34m最近横栏: dist=0.826m, lateral=0.068m, vertical=0.199m, pixel=(238.2,189.8), box=218x100, depth_px=6780, candidates=1, trigger=False[0m
[INFO] [1784183024.882034776] [orange_hurdle_jump_test]: [1;34m最近横栏: dist=0.830m, lateral=0.055m, vertical=0.198m, pixel=(233.4,189.1), box=222x101, depth_px=7284, candidates=1, trigger=False[0m
[INFO] [1784183025.148956255] [orange_hurdle_jump_test]: [1;34m最近横栏: dist=0.818m, lateral=0.036m, vertical=0.204m, pixel=(226.5,192.4), box=230x100, depth_px=8356, candidates=1, trigger=False[0m
[INFO] [1784183025.414672142] [orange_hurdle_jump_test]: [1;34m最近横栏: dist=0.801m, lateral=0.012m, vertical=0.209m, pixel=(217.8,196.1), box=264x100, depth_px=10712, candidates=1, trigger=False[0m
[INFO] [1784183025.614421223] [orange_hurdle_jump_test]: [1;34m最近横栏: dist=0.810m, lateral=0.009m, vertical=0.197m, pixel=(216.8,190.4), box=278x101, depth_px=9843, candidates=1, trigger=False[0m
[INFO] [1784183025.815488131] [orange_hurdle_jump_test]: [1;34m最近横栏: dist=0.812m, lateral=0.107m, vertical=0.200m, pixel=(253.3,191.4), box=204x100, depth_px=6511, candidates=1, trigger=False[0m
[INFO] [1784183026.082930121] [orange_hurdle_jump_test]: [0;33m未检测到有效橘色横栏: candidates=0, frame=708, mask_px=6537, contours=8, largest=area:4752,box:116x98,aspect:1.18,reject:aspect, hsv_lower=[28, 40, 35], hsv_upper=[95, 255, 255][0m
[INFO] [1784183026.348373166] [orange_hurdle_jump_test]: [0;33m未检测到有效橘色横栏: candidates=0, frame=712, mask_px=6664, contours=6, largest=area:6192,box:102x100,aspect:1.02,reject:aspect, hsv_lower=[28, 40, 35], hsv_upper=[95, 255, 255][0m
