[INFO] [1783921747.570873894] [orange_hurdle_jump_test]: state=DETECTOR_ONLY
[INFO] [1783921747.571533911] [orange_hurdle_jump_test]: orange_hurdle_jump_test started: color=/camera/color/image_raw, depth=/camera/aligned_depth_to_color/image_raw, detector_only=True, serial=/dev/ttyUSB0@115200, trigger_distance=0.58m, walk=[0,1.000,1.000], stand=[0,0.000,0.000], jump=[4,0.000,0.000]
[INFO] [1783921748.439414190] [orange_hurdle_jump_test]: [1;95m触发状态更新: trigger=False[0m
[INFO] [1783921748.441865451] [orange_hurdle_jump_test]: [0;33m未检测到有效橘色横栏: candidates=0, frame=1, mask_px=76310, contours=2, largest=area:77102,box:424x240,aspect:1.77,reject:top_edge:-0.482m(err=-0.482), hsv_lower=[28, 40, 35], hsv_upper=[95, 255, 255][0m
[INFO] [1783921748.694050345] [orange_hurdle_jump_test]: [0;33m未检测到有效橘色横栏: candidates=0, frame=5, mask_px=77289, contours=3, largest=area:76422,box:424x240,aspect:1.77,reject:top_edge:-0.350m(err=-0.350), hsv_lower=[28, 40, 35], hsv_upper=[95, 255, 255][0m
[INFO] [1783921748.894928943] [orange_hurdle_jump_test]: [0;33m未检测到有效橘色横栏: candidates=0, frame=8, mask_px=71584, contours=6, largest=area:70042,box:424x240,aspect:1.77,reject:top_edge:-0.344m(err=-0.344), hsv_lower=[28, 40, 35], hsv_upper=[95, 255, 255][0m
[INFO] [1783921749.095309047] [orange_hurdle_jump_test]: [0;33m未检测到有效橘色横栏: candidates=0, frame=11, mask_px=65901, contours=7, largest=area:59999,box:424x240,aspect:1.77,reject:top_edge:-0.341m(err=-0.341), hsv_lower=[28, 40, 35], hsv_upper=[95, 255, 255][0m
[INFO] [1783921749.498633019] [orange_hurdle_jump_test]: [0;33m未检测到有效橘色横栏: candidates=0, frame=13, mask_px=62126, contours=8, largest=area:57056,box:424x240,aspect:1.77,reject:top_edge:-0.342m(err=-0.342), hsv_lower=[28, 40, 35], hsv_upper=[95, 255, 255][0m
[INFO] [1783921749.762435715] [orange_hurdle_jump_test]: [1;34m最近横栏: dist=0.871m, lateral=0.031m, vertical=0.207m, pixel=(224.1,188.8), box=424x129, depth_px=23146, candidates=1, trigger=False[0m
[INFO] [1783921750.030352478] [orange_hurdle_jump_test]: [1;34m最近横栏: dist=0.869m, lateral=0.066m, vertical=0.200m, pixel=(236.2,186.6), box=424x129, depth_px=25095, candidates=1, trigger=False[0m
[INFO] [1783921750.296205876] [orange_hurdle_jump_test]: [1;34m最近横栏: dist=0.880m, lateral=0.064m, vertical=0.206m, pixel=(235.2,187.9), box=424x129, depth_px=23808, candidates=1, trigger=False[0m
[INFO] [1783921750.496191014] [orange_hurdle_jump_test]: [1;34m最近横栏: dist=0.878m, lateral=0.061m, vertical=0.209m, pixel=(234.3,189.1), box=424x129, depth_px=23538, candidates=1, trigger=False[0m
[INFO] [1783921750.762762648] [orange_hurdle_jump_test]: [1;34m最近横栏: dist=0.871m, lateral=0.056m, vertical=0.212m, pixel=(232.9,190.7), box=424x129, depth_px=23545, candidates=1, trigger=False[0m
[INFO] [1783921750.963205444] [orange_hurdle_jump_test]: [1;34m最近横栏: dist=0.869m, lateral=0.061m, vertical=0.212m, pixel=(234.7,190.6), box=424x134, depth_px=23645, candidates=1, trigger=False[0m
[INFO] [1783921751.164324094] [orange_hurdle_jump_test]: [1;34m最近横栏: dist=0.878m, lateral=0.064m, vertical=0.214m, pixel=(235.3,190.7), box=424x124, depth_px=22481, candidates=1, trigger=False[0m
[INFO] [1783921751.429558755] [orange_hurdle_jump_test]: [1;34m最近横栏: dist=0.862m, lateral=0.083m, vertical=0.219m, pixel=(242.6,193.7), box=424x115, depth_px=19401, candidates=1, trigger=False[0m
[INFO] [1783921751.630741164] [orange_hurdle_jump_test]: [1;34m最近横栏: dist=0.849m, lateral=0.347m, vertical=0.198m, pixel=(337.1,187.4), box=196x114, depth_px=8763, candidates=2, trigger=False[0m
[INFO] [1783921751.897478638] [orange_hurdle_jump_test]: [1;34m最近横栏: dist=0.860m, lateral=0.327m, vertical=0.201m, pixel=(328.4,187.8), box=202x114, depth_px=10130, candidates=2, trigger=False[0m
[INFO] [1783921752.097358506] [orange_hurdle_jump_test]: [1;34m最近横栏: dist=0.853m, lateral=0.338m, vertical=0.197m, pixel=(333.4,186.7), box=202x114, depth_px=9067, candidates=2, trigger=False[0m
[INFO] [1783921752.300815071] [orange_hurdle_jump_test]: [1;34m最近横栏: dist=0.851m, lateral=0.362m, vertical=0.198m, pixel=(342.0,187.3), box=188x114, depth_px=8228, candidates=2, trigger=False[0m
[INFO] [1783921752.564378595] [orange_hurdle_jump_test]: [1;34m最近横栏: dist=0.869m, lateral=0.329m, vertical=0.203m, pixel=(328.0,187.6), box=212x114, depth_px=10024, candidates=2, trigger=False[0m
[INFO] [1783921752.764868876] [orange_hurdle_jump_test]: [1;34m最近横栏: dist=0.876m, lateral=0.326m, vertical=0.194m, pixel=(326.0,184.0), box=144x114, depth_px=5490, candidates=2, trigger=False[0m
[INFO] [1783921752.829698759] [orange_hurdle_jump_test]: [1;95m触发状态更新: trigger=True[0m
[INFO] [1783921752.896254756] [orange_hurdle_jump_test]: [1;95m触发状态更新: trigger=False[0m
[INFO] [1783921752.964715942] [orange_hurdle_jump_test]: [1;34m最近横栏: dist=0.892m, lateral=-0.398m, vertical=0.288m, pixel=(78.3,214.7), box=124x61, depth_px=3934, candidates=1, trigger=False[0m
[INFO] [1783921753.165585617] [orange_hurdle_jump_test]: [1;34m最近横栏: dist=0.906m, lateral=-0.353m, vertical=0.286m, pixel=(95.3,212.5), box=168x70, depth_px=5419, candidates=1, trigger=False[0m
[INFO] [1783921753.430492673] [orange_hurdle_jump_test]: [1;95m触发状态更新: trigger=True[0m
[INFO] [1783921753.433400002] [orange_hurdle_jump_test]: [1;34m最近横栏: dist=0.352m, lateral=0.072m, vertical=0.111m, pixel=(274.9,212.6), box=100x64, depth_px=1446, candidates=3, trigger=True[0m
[INFO] [1783921753.496881417] [orange_hurdle_jump_test]: [1;95m触发状态更新: trigger=False[0m
[INFO] [1783921753.632512169] [orange_hurdle_jump_test]: [0;33m未检测到有效橘色横栏: candidates=0, frame=79, mask_px=7961, contours=11, largest=area:2296,box:66x49,aspect:1.35,reject:width, hsv_lower=[28, 40, 35], hsv_upper=[95, 255, 255][0m
[INFO] [1783921753.831524749] [orange_hurdle_jump_test]: [0;33m未检测到有效橘色横栏: candidates=0, frame=82, mask_px=6025, contours=11, largest=area:2234,box:64x44,aspect:1.45,reject:width, hsv_lower=[28, 40, 35], hsv_upper=[95, 255, 255][0m
[INFO] [1783921754.031644687] [orange_hurdle_jump_test]: [0;33m未检测到有效橘色横栏: candidates=0, frame=85, mask_px=5606, contours=13, largest=area:1862,box:60x46,aspect:1.30,reject:width, hsv_lower=[28, 40, 35], hsv_upper=[95, 255, 255][0m
[INFO] [1783921754.298345548] [orange_hurdle_jump_test]: [0;33m未检测到有效橘色横栏: candidates=0, frame=89, mask_px=5531, contours=9, largest=area:1116,box:54x28,aspect:1.93,reject:area+width+height, hsv_lower=[28, 40, 35], hsv_upper=[95, 255, 255][0m
[INFO] [1783921754.565237089] [orange_hurdle_jump_test]: [0;33m未检测到有效橘色横栏: candidates=0, frame=93, mask_px=6300, contours=13, largest=area:1519,box:73x28,aspect:2.61,reject:height, hsv_lower=[28, 40, 35], hsv_upper=[95, 255, 255][0m
[INFO] [1783921754.765681139] [orange_hurdle_jump_test]: [0;33m未检测到有效橘色横栏: candidates=0, frame=96, mask_px=5321, contours=11, largest=area:1486,box:34x81,aspect:0.42,reject:width+aspect, hsv_lower=[28, 40, 35], hsv_upper=[95, 255, 255][0m
[INFO] [1783921755.031918141] [orange_hurdle_jump_test]: [0;33m未检测到有效橘色横栏: candidates=0, frame=100, mask_px=8081, contours=9, largest=area:2793,box:64x106,aspect:0.60,reject:width+aspect, hsv_lower=[28, 40, 35], hsv_upper=[95, 255, 255][0m
[INFO] [1783921755.232749494] [orange_hurdle_jump_test]: [1;34m最近横栏: dist=0.867m, lateral=-0.397m, vertical=0.284m, pixel=(74.6,216.0), box=188x74, depth_px=4307, candidates=1, trigger=False[0m
[INFO] [1783921755.364793087] [orange_hurdle_jump_test]: [1;95m触发状态更新: trigger=True[0m
[INFO] [1783921755.431798437] [orange_hurdle_jump_test]: [1;95m触发状态更新: trigger=False[0m
[INFO] [1783921755.499739431] [orange_hurdle_jump_test]: [1;34m最近横栏: dist=0.858m, lateral=-0.472m, vertical=0.269m, pixel=(46.7,211.9), box=122x79, depth_px=2677, candidates=2, trigger=False[0m
[INFO] [1783921755.699934285] [orange_hurdle_jump_test]: [1;34m最近横栏: dist=0.851m, lateral=-0.457m, vertical=0.278m, pixel=(50.8,215.7), box=130x74, depth_px=3180, candidates=2, trigger=False[0m
[INFO] [1783921755.899762706] [orange_hurdle_jump_test]: [1;34m最近横栏: dist=0.873m, lateral=-0.427m, vertical=0.283m, pixel=(65.1,215.0), box=162x74, depth_px=3692, candidates=2, trigger=False[0m
[INFO] [1783921756.101661764] [orange_hurdle_jump_test]: [1;34m最近横栏: dist=0.897m, lateral=0.424m, vertical=0.266m, pixel=(356.4,206.8), box=150x74, depth_px=5432, candidates=1, trigger=False[0m
[INFO] [1783921756.371295748] [orange_hurdle_jump_test]: [1;34m最近横栏: dist=0.883m, lateral=-0.492m, vertical=0.282m, pixel=(44.6,213.7), box=112x71, depth_px=2129, candidates=2, trigger=False[0m
[INFO] [1783921756.568985671] [orange_hurdle_jump_test]: [1;34m最近横栏: dist=0.906m, lateral=-0.469m, vertical=0.284m, pixel=(56.6,211.7), box=146x77, depth_px=3154, candidates=2, trigger=False[0m
[INFO] [1783921756.767454418] [orange_hurdle_jump_test]: [1;34m最近横栏: dist=0.924m, lateral=0.445m, vertical=0.270m, pixel=(359.1,205.2), box=148x66, depth_px=4737, candidates=1, trigger=False[0m
[INFO] [1783921756.967655114] [orange_hurdle_jump_test]: [1;34m最近横栏: dist=0.906m, lateral=0.429m, vertical=0.268m, pixel=(356.5,206.5), box=152x65, depth_px=5945, candidates=2, trigger=False[0m
[INFO] [1783921757.167855892] [orange_hurdle_jump_test]: [1;34m最近横栏: dist=0.904m, lateral=-0.485m, vertical=0.285m, pixel=(50.8,212.2), box=128x69, depth_px=2366, candidates=2, trigger=False[0m
[INFO] [1783921757.368337686] [orange_hurdle_jump_test]: [1;34m最近横栏: dist=0.916m, lateral=0.429m, vertical=0.267m, pixel=(355.2,205.1), box=150x73, depth_px=6043, candidates=2, trigger=False[0m
[INFO] [1783921757.570285852] [orange_hurdle_jump_test]: [1;34m最近横栏: dist=0.901m, lateral=0.424m, vertical=0.267m, pixel=(355.8,206.8), box=148x65, depth_px=5803, candidates=2, trigger=False[0m
[INFO] [1783921757.835105191] [orange_hurdle_jump_test]: [1;34m最近横栏: dist=0.887m, lateral=0.414m, vertical=0.256m, pixel=(354.7,204.1), box=150x72, depth_px=6644, candidates=2, trigger=False[0m
[INFO] [1783921758.034791059] [orange_hurdle_jump_test]: [1;34m最近横栏: dist=0.869m, lateral=-0.475m, vertical=0.273m, pixel=(47.9,212.2), box=114x72, depth_px=3424, candidates=2, trigger=False[0m
[INFO] [1783921758.238215844] [orange_hurdle_jump_test]: [1;34m最近横栏: dist=0.878m, lateral=-0.456m, vertical=0.280m, pixel=(56.2,213.4), box=144x77, depth_px=3463, candidates=2, trigger=False[0m
[INFO] [1783921758.502350127] [orange_hurdle_jump_test]: [1;34m最近横栏: dist=0.869m, lateral=-0.465m, vertical=0.276m, pixel=(51.3,213.1), box=132x77, depth_px=3217, candidates=2, trigger=False[0m
[INFO] [1783921758.702088849] [orange_hurdle_jump_test]: [1;34m最近横栏: dist=0.887m, lateral=0.429m, vertical=0.257m, pixel=(359.7,204.8), box=146x69, depth_px=5489, candidates=2, trigger=False[0m
[INFO] [1783921758.902396306] [orange_hurdle_jump_test]: [1;34m最近横栏: dist=0.871m, lateral=-0.447m, vertical=0.276m, pixel=(57.9,213.0), box=152x70, depth_px=3699, candidates=2, trigger=False[0m
[INFO] [1783921759.102964618] [orange_hurdle_jump_test]: [1;34m最近横栏: dist=0.862m, lateral=-0.490m, vertical=0.279m, pixel=(41.4,214.8), box=106x74, depth_px=2237, candidates=2, trigger=False[0m
[INFO] [1783921759.303562701] [orange_hurdle_jump_test]: [1;34m最近横栏: dist=0.871m, lateral=0.411m, vertical=0.254m, pixel=(356.3,205.1), box=150x83, depth_px=6521, candidates=2, trigger=False[0m
[INFO] [1783921759.570137163] [orange_hurdle_jump_test]: [1;34m最近横栏: dist=0.860m, lateral=0.406m, vertical=0.249m, pixel=(356.1,204.4), box=156x79, depth_px=6478, candidates=2, trigger=False[0m
[INFO] [1783921759.772131794] [orange_hurdle_jump_test]: [1;34m最近横栏: dist=0.914m, lateral=0.421m, vertical=0.270m, pixel=(352.8,206.2), box=160x71, depth_px=5802, candidates=1, trigger=False[0m
[INFO] [1783921760.036253051] [orange_hurdle_jump_test]: [1;34m最近横栏: dist=0.963m, lateral=0.438m, vertical=0.287m, pixel=(351.0,207.3), box=164x64, depth_px=5000, candidates=1, trigger=False[0m
[INFO] [1783921760.237326069] [orange_hurdle_jump_test]: [1;34m最近横栏: dist=0.966m, lateral=0.410m, vertical=0.298m, pixel=(341.9,210.3), box=174x65, depth_px=5561, candidates=2, trigger=False[0m
[INFO] [1783921760.503493551] [orange_hurdle_jump_test]: [1;34m最近横栏: dist=0.960m, lateral=0.036m, vertical=0.297m, pixel=(224.6,210.6), box=424x77, depth_px=12214, candidates=1, trigger=False[0m
[INFO] [1783921760.770940209] [orange_hurdle_jump_test]: [1;34m最近横栏: dist=0.890m, lateral=0.385m, vertical=0.267m, pixel=(344.2,207.7), box=168x79, depth_px=7375, candidates=2, trigger=False[0m
[INFO] [1783921760.973609363] [orange_hurdle_jump_test]: [1;34m最近横栏: dist=0.887m, lateral=0.384m, vertical=0.269m, pixel=(344.2,208.7), box=160x72, depth_px=7104, candidates=2, trigger=False[0m
[INFO] [1783921761.237417517] [orange_hurdle_jump_test]: [1;34m最近横栏: dist=0.887m, lateral=0.407m, vertical=0.271m, pixel=(352.1,209.3), box=150x69, depth_px=6149, candidates=1, trigger=False[0m
[INFO] [1783921761.437607696] [orange_hurdle_jump_test]: [1;34m最近横栏: dist=0.929m, lateral=0.437m, vertical=0.278m, pixel=(355.7,207.4), box=150x69, depth_px=4874, candidates=1, trigger=False[0m
[INFO] [1783921761.637542863] [orange_hurdle_jump_test]: [1;34m最近横栏: dist=0.942m, lateral=0.466m, vertical=0.282m, pixel=(363.1,207.5), box=136x69, depth_px=4204, candidates=1, trigger=False[0m
[INFO] [1783921761.837448641] [orange_hurdle_jump_test]: [0;33m未检测到有效橘色横栏: candidates=0, frame=202, mask_px=10169, contours=16, largest=area:1974,box:66x70,aspect:0.94,reject:width+aspect, hsv_lower=[28, 40, 35], hsv_upper=[95, 255, 255][0m
[INFO] [1783921762.104229534] [orange_hurdle_jump_test]: [0;33m未检测到有效橘色横栏: candidates=0, frame=206, mask_px=9773, contours=15, largest=area:1816,box:44x119,aspect:0.37,reject:width+aspect, hsv_lower=[28, 40, 35], hsv_upper=[95, 255, 255][0m
[INFO] [1783921762.304205718] [orange_hurdle_jump_test]: [0;33m未检测到有效橘色横栏: candidates=0, frame=209, mask_px=8867, contours=19, largest=area:1763,box:88x28,aspect:3.14,reject:height, hsv_lower=[28, 40, 35], hsv_upper=[95, 255, 255][0m
[INFO] [1783921762.504812882] [orange_hurdle_jump_test]: [0;33m未检测到有效橘色横栏: candidates=0, frame=212, mask_px=6526, contours=11, largest=area:1622,box:82x29,aspect:2.83,reject:height, hsv_lower=[28, 40, 35], hsv_upper=[95, 255, 255][0m
[INFO] [1783921762.777626103] [orange_hurdle_jump_test]: [0;33m未检测到有效橘色横栏: candidates=0, frame=216, mask_px=5774, contours=13, largest=area:1500,box:74x28,aspect:2.64,reject:height, hsv_lower=[28, 40, 35], hsv_upper=[95, 255, 255][0m
[INFO] [1783921762.976377749] [orange_hurdle_jump_test]: [0;33m未检测到有效橘色横栏: candidates=0, frame=219, mask_px=4864, contours=11, largest=area:1378,box:70x28,aspect:2.50,reject:height, hsv_lower=[28, 40, 35], hsv_upper=[95, 255, 255][0m
[INFO] [1783921763.239216279] [orange_hurdle_jump_test]: [0;33m未检测到有效橘色横栏: candidates=0, frame=223, mask_px=4528, contours=9, largest=area:1339,box:68x28,aspect:2.43,reject:width+height, hsv_lower=[28, 40, 35], hsv_upper=[95, 255, 255][0m
[INFO] [1783921763.504952994] [orange_hurdle_jump_test]: [0;33m未检测到有效橘色横栏: candidates=0, frame=227, mask_px=4862, contours=11, largest=area:1380,box:69x28,aspect:2.46,reject:width+height, hsv_lower=[28, 40, 35], hsv_upper=[95, 255, 255][0m
[INFO] [1783921763.706376841] [orange_hurdle_jump_test]: [0;33m未检测到有效橘色横栏: candidates=0, frame=230, mask_px=4824, contours=9, largest=area:1408,box:71x28,aspect:2.54,reject:height, hsv_lower=[28, 40, 35], hsv_upper=[95, 255, 255][0m
[INFO] [1783921763.972551462] [orange_hurdle_jump_test]: [0;33m未检测到有效橘色横栏: candidates=0, frame=234, mask_px=4619, contours=10,