[INFO] [1783753163.386669124] [obstacle_race_supervisor]: state=WAIT_START
[INFO] [1783753163.387019218] [obstacle_race_supervisor]: 初始化完成，等待电控串口 [start] 信号后开始下楼梯流程。
[INFO] [1783753163.391997938] [obstacle_race_supervisor]: 沙坑 AprilTag TF 已接收: frame=camera_color_optical_frame->object, samples=1/1, raw_dist=2.881m, stable_dist=2.881m, lateral=0.518m, rpy=(-163.7,10.5,-1.3)deg, trigger=0.650m, priority=2.200m, target_id=10。
[INFO] [1783753163.914442486] [obstacle_race_supervisor]: 沙坑 AprilTag TF 已接收: frame=camera_color_optical_frame->object, samples=9/1, raw_dist=2.875m, stable_dist=2.879m, lateral=0.518m, rpy=(-162.9,10.8,-1.4)deg, trigger=0.650m, priority=2.200m, target_id=10。
[INFO] [1783753164.446548427] [obstacle_race_supervisor]: 沙坑 AprilTag TF 已接收: frame=camera_color_optical_frame->object, samples=13/1, raw_dist=2.993m, stable_dist=2.881m, lateral=0.518m, rpy=(178.0,10.5,-1.0)deg, trigger=0.650m, priority=2.200m, target_id=10。
[INFO] [1783753167.371140266] [obstacle_race_supervisor]: state=STAIRS_ACTIVE
[INFO] [1783753167.371427535] [obstacle_race_supervisor]: 收到电控串口 [start]，开始固定下楼梯分支。
[INFO] [1783753167.554704697] [obstacle_race_supervisor]: state=POST_STAIRS_SLOPE_APPROACH
[INFO] [1783753167.555224741] [obstacle_race_supervisor]: 进入固定斜坡入口前进: distance=0.00m, override=[0,0.500,0.500], yaw_target=0.0deg, yaw_correction=True。
[INFO] [1783753167.585748978] [obstacle_race_supervisor]: 沙坑 AprilTag TF 已接收: frame=camera_color_optical_frame->object, samples=1/1, raw_dist=2.886m, stable_dist=2.886m, lateral=0.130m, rpy=(167.0,-5.4,1.4)deg, trigger=0.650m, priority=2.200m, target_id=10。
[INFO] [1783753167.588647818] [obstacle_race_supervisor]: 固定斜坡入口前进起点=(0.241,-0.032)。
[INFO] [1783753167.589102780] [obstacle_race_supervisor]: 固定斜坡入口前进完成: travel=0.000m >= 0.000m, yaw_err=2.3deg, target=0.0deg。
[INFO] [1783753167.589495697] [obstacle_race_supervisor]: state=SEARCH
[INFO] [1783753167.589785974] [obstacle_race_supervisor]: 进入搜索模式: reason=post_stairs_entry_done, walk=[0,0.500,0.500]。
[INFO] [1783753167.621297307] [obstacle_race_supervisor]: 搜索中 yaw_err=0.0deg, override=[0,0.500,0.500]。
[INFO] [1783753167.621662672] [obstacle_race_supervisor]: 上台阶 AprilTag 已检测但暂未进入分支: tf_samples=0/1, latest_tf_age=none, det_age=none, ids=10,12, tf_topic_age=0.00s, last_tf_children=[camera_link->camera_color_frame,camera_color_frame->camera_color_optical_frame], expected_tf=camera_color_optical_frame->upstairs。
[INFO] [1783753167.622127389] [obstacle_race_supervisor]: 限高杆 AprilTag 分支触发条件满足: reason=tag_z_within_trigger, samples=12/1, tag_x=0.643m, tag_z=1.101m, trigger_distance=1.400m, inside_by=0.299m, center_x=0.183m, tag_to_center=-0.460m, target_id=12, expected_tf=camera_color_optical_frame->limit_bar_right, completed=False。
[INFO] [1783753167.622518947] [obstacle_race_supervisor]: 高墙 AprilTag 已检测但暂未进入分支: tf_samples=0/1, latest_tf_age=none, det_age=none, ids=10,12, expected_tf=camera_color_optical_frame->hurdle_right。
[INFO] [1783753167.622889019] [obstacle_race_supervisor]: 沙坑 AprilTag ID10 已检测但暂未进入分支(未到触发线)，暂时抑制高墙误触发: ids=10,12, tf_samples=1/1, tag_dist=2.886m, trigger=0.650m, priority=2.200m, hurdle_dist=unknown。
[INFO] [1783753167.623229385] [obstacle_race_supervisor]: 限高杆 AprilTag 对中锁存: samples=12, tag_x=0.643m, tag_z=1.101m, center_x=0.183m, yaw_offset=-9.4deg, target_yaw=-11.8deg。
[INFO] [1783753167.623697577] [obstacle_race_supervisor]: state=LIMIT_BAR_ALIGN
[INFO] [1783753167.624044872] [obstacle_race_supervisor]: 进入限高杆分支: reason=limit_bar_detected, dist=1.101m，锁存趴走 yaw 基准=-11.8deg(limit_tag tag_x=0.643m,tag_z=1.101m,center_x=0.183m,center_z=1.101m,offset=-9.4deg)，先按 pose_pitch 视觉预对齐 tag。
[INFO] [1783753167.654832925] [obstacle_race_supervisor]: 限高杆 AprilTag 姿态预对齐目标锁定: metric=pose_pitch, tag_x=0.625m, tag_z=1.087m, measured=-1.1deg, target=0.0deg, raw_err=-1.1deg, control_delta=1.1deg, rpy=(176.5,-1.1,-1.2)deg, lock_source=latest, lock_samples=12, lock_metric=-1.1deg, latest_pose_pitch=-1.1deg, odom_yaw0=-2.3deg, target_yaw=-1.3deg。
[INFO] [1783753167.655414794] [obstacle_race_supervisor]: 限高杆 AprilTag 姿态预对齐中: metric=pose_pitch, measured=-1.1deg, target=0.0deg, visual_err=-1.1deg, yaw_err=1.1deg, feedback=visual, direction=ccw, hold=0.00/0.15s, override=[6,-0.054,0.099]。
[INFO] [1783753167.821879617] [obstacle_race_supervisor]: 限高杆 AprilTag 姿态预对齐完成: metric=pose_pitch, current_measured=0.7deg, current_raw_err=0.7deg, forward_yaw=-2.0deg, initial_ref_yaw=-11.8deg, base_yaw=-2.0deg, tag_x=0.642m, tag_z=1.112m, shift_source=current_aligned_tag, shift_tag_x=0.642m, shift_tag_z=1.112m, center_x=0.182m。
[INFO] [1783753167.822436950] [obstacle_race_supervisor]: state=LIMIT_BAR_LATERAL_SHIFT
[INFO] [1783753167.823548803] [obstacle_race_supervisor]: 限高杆横向补偿计划锁定: center_x=+0.182m, center_z=1.112m, base_yaw=-2.0deg, side_delta=-90.0deg, side_yaw=-92.0deg, shift=0.182m(raw=0.182m, requested=0.182m, clipped=False), deadband=0.060m, skip_lateral=False, forward_component=0.000m, final_forward=0.612m, target_dist=0.500m。
[INFO] [1783753167.855680963] [obstacle_race_supervisor]: 限高杆横向补偿中: phase=align_out/align_out, target_yaw=-92.0deg, pose_yaw=-2.0deg, yaw_err=-90.0deg, along=unknown, raw_along=unknown, remaining=0.000m, walk_yaw_corr=0.000, override=[6,0.220,-0.120]。
[INFO] [1783753168.390005695] [obstacle_race_supervisor]: 限高杆横向补偿中: phase=align_out/align_out, target_yaw=-92.0deg, pose_yaw=-12.5deg, yaw_err=-79.5deg, along=unknown, raw_along=unknown, remaining=0.000m, walk_yaw_corr=0.000, override=[6,0.220,-0.120]。
[INFO] [1783753168.921461199] [obstacle_race_supervisor]: 限高杆横向补偿中: phase=align_out/align_out, target_yaw=-92.0deg, pose_yaw=-24.8deg, yaw_err=-67.2deg, along=unknown, raw_along=unknown, remaining=0.000m, walk_yaw_corr=0.000, override=[6,0.220,-0.120]。
[INFO] [1783753169.422440455] [obstacle_race_supervisor]: 限高杆横向补偿中: phase=align_out/align_out, target_yaw=-92.0deg, pose_yaw=-37.5deg, yaw_err=-54.5deg, along=unknown, raw_along=unknown, remaining=0.000m, walk_yaw_corr=0.000, override=[6,0.220,-0.120]。
[INFO] [1783753169.924419143] [obstacle_race_supervisor]: 限高杆横向补偿中: phase=align_out/align_out, target_yaw=-92.0deg, pose_yaw=-50.7deg, yaw_err=-41.3deg, along=unknown, raw_along=unknown, remaining=0.000m, walk_yaw_corr=0.000, override=[6,0.220,-0.120]。
[INFO] [1783753170.455591895] [obstacle_race_supervisor]: 限高杆横向补偿中: phase=align_out/align_out, target_yaw=-92.0deg, pose_yaw=-64.0deg, yaw_err=-28.0deg, along=unknown, raw_along=unknown, remaining=0.000m, walk_yaw_corr=0.000, override=[6,0.220,-0.120]。
[INFO] [1783753170.988097396] [obstacle_race_supervisor]: 限高杆横向补偿中: phase=align_out/align_out, target_yaw=-92.0deg, pose_yaw=-78.6deg, yaw_err=-13.4deg, along=unknown, raw_along=unknown, remaining=0.000m, walk_yaw_corr=0.000, override=[6,0.185,-0.101]。
[INFO] [1783753171.488176455] [obstacle_race_supervisor]: 限高杆横向补偿中: phase=align_out/align_out, target_yaw=-92.0deg, pose_yaw=-88.4deg, yaw_err=-3.6deg, along=unknown, raw_along=unknown, remaining=0.000m, walk_yaw_corr=0.000, override=[6,0.099,-0.054]。
[INFO] [1783753171.621704656] [obstacle_race_supervisor]: 限高杆横向补偿: 已转到斜向 yaw=-92.0deg，开始斜向移动 shift=0.182m；锁定初始 tag 计划，不再用旋转后的最新 tag 重算方向。
[INFO] [1783753171.988416067] [obstacle_race_supervisor]: 限高杆横向补偿中: phase=shift/shift, target_yaw=-92.0deg, pose_yaw=-92.7deg, yaw_err=0.6deg, along=-0.016m, raw_along=-0.016m, remaining=0.198m, walk_yaw_corr=0.000, override=[0,0.500,0.500]。
[INFO] [1783753172.221501583] [obstacle_race_supervisor]: 限高杆横向补偿: 斜向移动完成 along=0.154m(raw=0.154m)，开始转回基准 yaw=-2.0deg。
[INFO] [1783753172.521421710] [obstacle_race_supervisor]: 限高杆横向补偿中: phase=align_back/align_back, target_yaw=-2.0deg, pose_yaw=-88.4deg, yaw_err=86.4deg, along=unknown, raw_along=unknown, remaining=0.000m, walk_yaw_corr=0.000, override=[6,-0.120,0.220]。
[INFO] [1783753173.055040706] [obstacle_race_supervisor]: 限高杆横向补偿中: phase=align_back/align_back, target_yaw=-2.0deg, pose_yaw=-72.1deg, yaw_err=70.1deg, along=unknown, raw_along=unknown, remaining=0.000m, walk_yaw_corr=0.000, override=[6,-0.120,0.220]。
[INFO] [1783753173.555076682] [obstacle_race_supervisor]: 限高杆横向补偿中: phase=align_back/align_back, target_yaw=-2.0deg, pose_yaw=-58.7deg, yaw_err=56.7deg, along=unknown, raw_along=unknown, remaining=0.000m, walk_yaw_corr=0.000, override=[6,-0.120,0.220]。
[INFO] [1783753174.088108077] [obstacle_race_supervisor]: 限高杆横向补偿中: phase=align_back/align_back, target_yaw=-2.0deg, pose_yaw=-45.5deg, yaw_err=43.4deg, along=unknown, raw_along=unknown, remaining=0.000m, walk_yaw_corr=0.000, override=[6,-0.120,0.220]。
[INFO] [1783753174.588316951] [obstacle_race_supervisor]: 限高杆横向补偿中: phase=align_back/align_back, target_yaw=-2.0deg, pose_yaw=-34.1deg, yaw_err=32.1deg, along=unknown, raw_along=unknown, remaining=0.000m, walk_yaw_corr=0.000, override=[6,-0.120,0.220]。
[INFO] [1783753175.122542446] [obstacle_race_supervisor]: 限高杆横向补偿中: phase=align_back/align_back, target_yaw=-2.0deg, pose_yaw=-19.1deg, yaw_err=17.1deg, along=unknown, raw_along=unknown, remaining=0.000m, walk_yaw_corr=0.000, override=[6,-0.120,0.220]。
[INFO] [1783753175.655781125] [obstacle_race_supervisor]: 限高杆横向补偿中: phase=align_back/align_back, target_yaw=-2.0deg, pose_yaw=-6.0deg, yaw_err=4.0deg, along=unknown, raw_along=unknown, remaining=0.000m, walk_yaw_corr=0.000, override=[6,-0.054,0.099]。
[INFO] [1783753175.788349626] [obstacle_race_supervisor]: 限高杆横向补偿: 已转回基准 yaw=-2.0deg，开始前进到趴下阈值 final_forward=0.612m。
[INFO] [1783753176.188172606] [obstacle_race_supervisor]: 限高杆横向补偿中: phase=final_forward/final_forward, target_yaw=-2.0deg, pose_yaw=-0.3deg, yaw_err=-1.7deg, along=0.002m, raw_along=0.002m, remaining=0.610m, walk_yaw_corr=0.004, override=[0,0.504,0.496]。
[INFO] [1783753176.723263709] [obstacle_race_supervisor]: 限高杆横向补偿中: phase=final_forward/final_forward, target_yaw=-2.0deg, pose_yaw=-0.2deg, yaw_err=-1.8deg, along=0.261m, raw_along=0.261m, remaining=0.351m, walk_yaw_corr=0.004, override=[0,0.504,0.496]。
[INFO] [1783753177.254999281] [obstacle_race_supervisor]: 限高杆横向补偿中: phase=final_forward/final_forward, target_yaw=-2.0deg, pose_yaw=-0.0deg, yaw_err=-2.0deg, along=0.507m, raw_along=0.507m, remaining=0.104m, walk_yaw_corr=0.008, override=[0,0.508,0.492]。
[INFO] [1783753177.354781209] [obstacle_race_supervisor]: 限高杆最终前进完成: final_along=0.553m(raw=0.553m), remaining=0.059m，趴下前开始对齐全局 yaw=180.0deg。
[INFO] [1783753177.524304875] [obstacle_race_supervisor]: 沙坑 AprilTag TF 已接收: frame=camera_color_optical_frame->object, samples=1/1, raw_dist=2.344m, stable_dist=2.344m, lateral=0.018m, rpy=(162.7,1.3,0.8)deg, trigger=0.650m, priority=2.200m, target_id=10。
[INFO] [1783753177.754994409] [obstacle_race_supervisor]: 限高杆横向补偿中: phase=pre_duck_global_yaw_align/pre_duck_global_yaw_align, target_yaw=180.0deg, pose_yaw=-0.5deg, yaw_err=-179.5deg, along=unknown, raw_along=unknown, remaining=0.000m, walk_yaw_corr=0.000, override=[6,0.110,-0.060]。
[INFO] [1783753178.063969917] [obstacle_race_supervisor]: 沙坑 AprilTag TF 已接收: frame=camera_color_optical_frame->object, samples=7/1, raw_dist=2.260m, stable_dist=2.260m, lateral=0.027m, rpy=(165.1,5.6,-0.4)deg, trigger=0.650m, priority=2.200m, target_id=10。
[INFO] [1783753178.288389531] [obstacle_race_supervisor]: 限高杆横向补偿中: phase=pre_duck_global_yaw_align/pre_duck_global_yaw_align, target_yaw=180.0deg, pose_yaw=-4.5deg, yaw_err=-175.5deg, along=unknown, raw_along=unknown, remaining=0.000m, walk_yaw_corr=0.000, override=[6,0.110,-0.060]。
[INFO] [1783753178.821518007] [obstacle_race_supervisor]: 限高杆横向补偿中: phase=pre_duck_global_yaw_align/pre_duck_global_yaw_align, target_yaw=180.0deg, pose_yaw=-13.7deg, yaw_err=-166.3deg, along=unknown, raw_along=unknown, remaining=0.000m, walk_yaw_corr=0.000, override=[6,0.110,-0.060]。
[INFO] [1783753179.608158036] [obstacle_race_supervisor]: 限高杆横向补偿中: phase=pre_duck_global_yaw_align/pre_duck_global_yaw_align, target_yaw=180.0deg, pose_yaw=-18.6deg, yaw_err=-161.4deg, along=unknown, raw_along=unknown, remaining=0.000m, walk_yaw_corr=0.000, override=[6,0.110,-0.060]。
[INFO] [1783753180.121435446] [obstacle_race_supervisor]: 限高杆横向补偿中: phase=pre_duck_global_yaw_align/pre_duck_global_yaw_align, target_yaw=180.0deg, pose_yaw=-29.1deg, yaw_err=-150.9deg, along=unknown, raw_along=unknown, remaining=0.000m, walk_yaw_corr=0.000, override=[6,0.110,-0.060]。
[INFO] [1783753180.621744451] [obstacle_race_supervisor]: 限高杆横向补偿中: phase=pre_duck_global_yaw_align/pre_duck_global_yaw_align, target_yaw=180.0deg, pose_yaw=-37.2deg, yaw_err=-142.8deg, along=unknown, raw_along=unknown, remaining=0.000m, walk_yaw_corr=0.000, override=[6,0.110,-0.060]。
[INFO] [1783753181.155057170] [obstacle_race_supervisor]: 限高杆横向补偿中: phase=pre_duck_global_yaw_align/pre_duck_global_yaw_align, target_yaw=180.0deg, pose_yaw=-45.9deg, yaw_err=-134.1deg, along=unknown, raw_along=unknown, remaining=0.000m, walk_yaw_corr=0.000, override=[6,0.110,-0.060]。
[INFO] [1783753181.354764366] [obstacle_race_supervisor]: state=FAILED
[INFO] [1783753181.355200308] [obstacle_race_supervisor]: 限高杆最终前进后全局 yaw 对齐超时: target_yaw=180.0deg, pose_yaw=-49.0deg, yaw_err=-131.0deg, timeout=4.0s。
[INFO] [1783753183.600269560] [obstacle_race_supervisor]: 沙坑 AprilTag TF 已接收: frame=camera_color_optical_frame->object, samples=1/1, raw_dist=2.206m, stable_dist=2.206m, lateral=-0.297m, rpy=(166.5,-6.5,-0.9)deg, trigger=0.650m, priority=2.200m, target_id=10。
[INFO] [1783753184.133368396] [obstacle_race_supervisor]: 沙坑 AprilTag TF 已接收: frame=camera_color_optical_frame->object, samples=8/1, raw_dist=2.206m, stable_dist=2.222m, lateral=-0.255m, rpy=(160.9,-3.7,-2.7)deg, trigger=0.650m, priority=2.200m, target_id=10。
[INFO] [1783753184.673359930] [obstacle_race_supervisor]: 沙坑 AprilTag TF 已接收: frame=camera_color_optical_frame->object, samples=11/1, raw_dist=2.202m, stable_dist=2.216m, lateral=-0.251m, rpy=(159.0,-3.7,-3.0)deg, trigger=0.650m, priority=2.200m, target_id=10。
[INFO] [1783753185.204540482] [obstacle_race_supervisor]: 沙坑 AprilTag TF 已接收: frame=camera_color_optical_frame->object, samples=12/1, raw_dist=2.109m, stable_dist=2.200m, lateral=-0.221m, rpy=(161.8,12.8,-4.2)deg, trigger=0.650m, priority=2.200m, target_id=10。
[INFO] [1783753185.802133164] [obstacle_race_supervisor]: 沙坑 AprilTag TF 已接收: frame=camera_color_optical_frame->object, samples=11/1, raw_dist=2.166m, stable_dist=2.184m, lateral=-0.077m, rpy=(158.0,-1.7,-0.4)deg, trigger=0.650m, priority=2.200m, target_id=10。
[INFO] [1783753186.338445992] [obstacle_race_supervisor]: 沙坑 AprilTag TF 已接收: frame=camera_color_optical_frame->object, samples=11/1, raw_dist=2.104m, stable_dist=2.152m, lateral=-0.026m, rpy=(169.3,6.5,-0.3)deg, trigger=0.650m, priority=2.200m, target_id=10。
[INFO] [1783753186.868570866] [obstacle_race_supervisor]: 沙坑 AprilTag TF 已接收: frame=camera_color_optical_frame->object, samples=13/1, raw_dist=2.088m, stable_dist=2.095m, lateral=0.043m, rpy=(164.6,8.3,-0.6)deg, trigger=0.650m, priority=2.200m, target_id=10。
[INFO] [1783753187.538677814] [obstacle_race_supervisor]: 沙坑 AprilTag TF 已接收: frame=camera_color_optical_frame->object, samples=6/1, raw_dist=2.039m, stable_dist=2.061m, lateral=0.060m, rpy=(173.8,9.0,-1.6)deg, trigger=0.650m, priority=2.200m, target_id=10。
[INFO] [1783753188.074501220] [obstacle_race_supervisor]: 沙坑 AprilTag TF 已接收: frame=camera_color_optical_frame->object, samples=4/1, raw_dist=2.072m, stable_dist=2.070m, lateral=0.062m, rpy=(-169.0,2.3,-1.9)deg, trigger=0.650m, priority=2.200m, target_id=10。
[INFO] [1783753188.606721218] [obstacle_race_supervisor]: 沙坑 AprilTag TF 已接收: frame=camera_color_optical_frame->object, samples=7/1, raw_dist=2.047m, stable_dist=2.058m, lateral=0.059m, rpy=(168.8,6.2,-0.9)deg, trigger=0.650m, priority=2.200m, target_id=10。
[INFO] [1783753189.143213649] [obstacle_race_supervisor]: 沙坑 AprilTag TF 已接收: frame=camera_color_optical_frame->object, samples=11/1, raw_dist=2.063m, stable_dist=2.056m, lateral=0.080m, rpy=(172.4,0.6,-1.7)deg, trigger=0.650m, priority=2.200m, target_id=10。
[INFO] [1783753191.276898453] [obstacle_race_supervisor]: 沙坑 AprilTag TF 已接收: frame=camera_color_optical_frame->object, samples=1/1, raw_dist=0.719m, stable_dist=0.719m, lateral=0.029m, rpy=(162.8,9.1,-5.2)deg, trigger=0.650m, priority=2.200m, target_id=10。
[INFO] [1783753191.810692419] [obstacle_race_supervisor]: 沙坑 AprilTag TF 已接收: frame=camera_color_optical_frame->object, samples=9/1, raw_dist=0.700m, stable_dist=0.687m, lateral=0.021m, rpy=(163.3,2.8,-6.5)deg, trigger=0.650m, priority=2.200m, target_id=10。
[INFO] [1783753192.340963595] [obstacle_race_supervisor]: 沙坑 AprilTag TF 已接收: frame=camera_color_optical_frame->object, samples=13/1, raw_dist=0.726m, stable_dist=0.715m, lateral=0.019m, rpy=(172.0,1.1,-2.1)deg, trigger=0.650m, priority=2.200m, target_id=10。
[INFO] [1783753192.880884394] [obstacle_race_supervisor]: 沙坑 AprilTag TF 已接收: frame=camera_color_optical_frame->object, samples=12/1, raw_dist=0.736m, stable_dist=0.725m, lateral=0.019m, rpy=(170.7,10.0,-1.4)deg, trigger=0.650m, priority=2.200m, target_id=10。
[INFO] [1783753193.414343812] [obstacle_race_supervisor]: 沙坑 AprilTag TF 已接收: frame=camera_color_optical_frame->object, samples=12/1, raw_dist=0.743m, stable_dist=0.734m, lateral=0.025m, rpy=(173.6,0.2,-1.2)deg, trigger=0.650m, priority=2.200m, target_id=10。
[INFO] [1783753193.948408160] [obstacle_race_supervisor]: 沙坑 AprilTag TF 已接收: frame=camera_color_optical_frame->object, samples=12/1, raw_dist=0.802m, stable_dist=0.756m, lateral=0.065m, rpy=(175.9,4.5,-1.2)deg, trigger=0.650m, priority=2.200m, target_id=10。
[INFO] [1783753194.478817815] [obstacle_race_supervisor]: 沙坑 AprilTag TF 已接收: frame=camera_color_optical_frame->object, samples=12/1, raw_dist=0.723m, stable_dist=0.787m, lateral=0.050m, rpy=(172.6,1.1,-0.2)deg, trigger=0.650m, priority=2.200m, target_id=10。
[INFO] [1783753195.014586072] [obstacle_race_supervisor]: 沙坑 AprilTag TF 已接收: frame=camera_color_optical_frame->object, samples=12/1, raw_dist=0.733m, stable_dist=0.732m, lateral=0.042m, rpy=(171.9,1.6,-0.6)deg, trigger=0.650m, priority=2.200m, target_id=10。
[INFO] [1783753195.546907795] [obstacle_race_supervisor]: 沙坑 AprilTag TF 已接收: frame=camera_color_optical_frame->object, samples=12/1, raw_dist=0.732m, stable_dist=0.733m, lateral=0.043m, rpy=(170.7,1.1,-0.5)deg, trigger=0.650m, priority=2.200m, target_id=10。
[INFO] [1783753196.077371915] [obstacle_race_supervisor]: 沙坑 AprilTag TF 已接收: frame=camera_color_optical_frame->object, samples=13/1, raw_dist=0.755m, stable_dist=0.734m, lateral=0.043m, rpy=(171.3,-0.2,-1.2)deg, trigger=0.650m, priority=2.200m, target_id=10。
[INFO] [1783753196.615160175] [obstacle_race_supervisor]: 沙坑 AprilTag TF 已接收: frame=camera_color_optical_frame->object, samples=13/1, raw_dist=0.756m, stable_dist=0.749m, lateral=0.033m, rpy=(171.2,2.0,-1.0)deg, trigger=0.650m, priority=2.200m, target_id=10。
[INFO] [1783753197.146792424] [obstacle_race_supervisor]: 沙坑 AprilTag TF 已接收: frame=camera_color_optical_frame->object, samples=13/1, raw_dist=0.758m, stable_dist=0.756m, lateral=0.030m, rpy=(173.3,0.6,-1.2)deg, trigger=0.650m, priority=2.200m, target_id=10。
[INFO] [1783753197.682425915] [obstacle_race_supervisor]: 沙坑 AprilTag TF 已接收: frame=camera_color_optical_frame->object, samples=12/1, raw_dist=0.762m, stable_dist=0.760m, lateral=0.027m, rpy=(172.3,-0.0,-1.0)deg, trigger=0.650m, priority=2.200m, target_id=10。
[INFO] [1783753198.215580480] [obstacle_race_supervisor]: 沙坑 AprilTag TF 已接收: frame=camera_color_optical_frame->object, samples=13/1, raw_dist=0.761m, stable_dist=0.760m, lateral=0.025m, rpy=(172.4,-0.5,-1.2)deg, trigger=0.650m, priority=2.200m, target_id=10。
[INFO] [1783753198.748649616] [obstacle_race_supervisor]: 沙坑 AprilTag TF 已接收: frame=camera_color_optical_frame->object, samples=13/1, raw_dist=0.761m, stable_dist=0.760m, lateral=0.025m, rpy=(172.8,-0.1,-1.2)deg, trigger=0.650m, priority=2.200m, target_id=10。
[INFO] [1783753199.282990580] [obstacle_race_supervisor]: 沙坑 AprilTag TF 已接收: frame=camera_color_optical_frame->object, samples=12/1, raw_dist=0.760m, stable_dist=0.760m, lateral=0.025m, rpy=(171.7,0.6,-1.1)deg, trigger=0.650m, priority=2.200m, target_id=10。
[INFO] [1783753199.818570215] [obstacle_race_supervisor]: 沙坑 AprilTag TF 已接收: frame=camera_color_optical_frame->object, samples=12/1, raw_dist=0.759m, stable_dist=0.759m, lateral=0.025m, rpy=(171.3,0.9,-1.1)deg, trigger=0.650m, priority=2.200m, target_id=10。
[INFO] [1783753200.347512155] [obstacle_race_supervisor]: 沙坑 AprilTag TF 已接收: frame=camera_color_optical_frame->object, samples=13/1, raw_dist=0.760m, stable_dist=0.759m, lateral=0.024m, rpy=(171.7,0.4,-1.2)deg, trigger=0.650m, priority=2.200m, target_id=10。
[INFO] [1783753200.881808586] [obstacle_race_supervisor]: 沙坑 AprilTag TF 已接收: frame=camera_color_optical_frame->object, samples=12/1, raw_dist=0.759m, stable_dist=0.759m, lateral=0.025m, rpy=(171.4,0.8,-1.1)deg, trigger=0.650m, priority=2.200m, target_id=10。
[INFO] [1783753201.417164143] [obstacle_race_supervisor]: 沙坑 AprilTag TF 已接收: frame=camera_color_optical_frame->object, samples=13/1, raw_dist=0.759m, stable_dist=0.759m, lateral=0.024m, rpy=(171.4,0.8,-1.1)deg, trigger=0.650m, priority=2.200m, target_id=10。
[INFO] [1783753201.951569004] [obstacle_race_supervisor]: 沙坑 AprilTag TF 已接收: frame=camera_color_optical_frame->object, samples=12/1, raw_dist=0.759m, stable_dist=0.759m, lateral=0.024m, rpy=(171.3,0.9,-1.1)deg, trigger=0.650m, priority=2.200m, target_id=10。
[INFO] [1783753202.484183030] [obstacle_race_supervisor]: 沙坑 AprilTag TF 已接收: frame=camera_color_optical_frame->object, samples=13/1, raw_dist=0.759m, stable_dist=0.759m, lateral=0.024m, rpy=(174.5,-4.0,-1.1)deg, trigger=0.650m, priority=2.200m, target_id=10。
[INFO] [1783753203.014797696] [obstacle_race_supervisor]: 沙坑 AprilTag TF 已接收: frame=camera_color_optical_frame->object, samples=13/1, raw_dist=0.764m, stable_dist=0.763m, lateral=0.024m, rpy=(171.7,-0.9,-0.8)deg, trigger=0.650m, priority=2.200m, target_id=10。
[INFO] [1783753203.555926981] [obstacle_race_supervisor]: 沙坑 AprilTag TF 已接收: frame=camera_color_optical_frame->object, samples=12/1, raw_dist=0.767m, stable_dist=0.767m, lateral=0.024m, rpy=(170.1,-0.1,-0.7)deg, trigger=0.650m, priority=2.200m, target_id=10。
[INFO] [1783753204.086845157] [obstacle_race_supervisor]: 沙坑 AprilTag TF 已接收: frame=camera_color_optical_frame->object, samples=12/1, raw_dist=0.767m, stable_dist=0.767m, lateral=0.024m, rpy=(170.1,-0.3,-0.7)deg, trigger=0.650m, priority=2.200m, target_id=10。
[INFO] [1783753204.619638868] [obstacle_race_supervisor]: 沙坑 AprilTag TF 已接收: frame=camera_color_optical_frame->object, samples=13/1, raw_dist=0.767m, stable_dist=0.767m, lateral=0.024m, rpy=(170.2,-0.3,-0.7)deg, trigger=0.650m, priority=2.200m, target_id=10。
[INFO] [1783753205.155638257] [obstacle_race_supervisor]: 沙坑 AprilTag TF 已接收: frame=camera_color_optical_frame->object, samples=12/1, raw_dist=0.767m, stable_dist=0.767m, lateral=0.024m, rpy=(170.2,-0.3,-0.7)deg, trigger=0.650m, priority=2.200m, target_id=10。
[INFO] [1783753205.513450001] [obstacle_race_supervisor]: 状态=FAILED 收到电控 [start]，流程已结束，已忽略。
[INFO] [1783753205.687351233] [obstacle_race_supervisor]: 沙坑 AprilTag TF 已接收: frame=camera_color_optical_frame->object, samples=13/1, raw_dist=0.764m, stable_dist=0.767m, lateral=0.024m, rpy=(174.4,-2.9,-0.9)deg, trigger=0.650m, priority=2.200m, target_id=10。
[INFO] [1783753206.235624365] [obstacle_race_supervisor]: 沙坑 AprilTag TF 已接收: frame=camera_color_optical_frame->object, samples=12/1, raw_dist=0.767m, stable_dist=0.767m, lateral=0.023m, rpy=(171.3,-0.6,-1.1)deg, trigger=0.650m, priority=2.200m, target_id=10。
[INFO] [1783753206.757372953] [obstacle_race_supervisor]: 沙坑 AprilTag TF 已接收: frame=camera_color_optical_frame->object, samples=12/1, raw_dist=0.767m, stable_dist=0.767m, lateral=0.022m, rpy=(166.3,-0.0,-1.2)deg, trigger=0.650m, priority=2.200m, target_id=10。
[INFO] [1783753207.289138268] [obstacle_race_supervisor]: 沙坑 AprilTag TF 已接收: frame=camera_color_optical_frame->object, samples=13/1, raw_dist=0.763m, stable_dist=0.765m, lateral=0.018m, rpy=(167.6,0.0,-1.1)deg, trigger=0.650m, priority=2.200m, target_id=10。
[INFO] [1783753207.826096364] [obstacle_race_supervisor]: 沙坑 AprilTag TF 已接收: frame=camera_color_optical_frame->object, samples=12/1, raw_dist=0.763m, stable_dist=0.760m, lateral=0.020m, rpy=(177.6,-3.7,-0.8)deg, trigger=0.650m, priority=2.200m, target_id=10。
[INFO] [1783753208.217483500] [obstacle_race_supervisor]: 状态=FAILED 收到电控 [start]，流程已结束，已忽略。
[INFO] [1783753208.358957802] [obstacle_race_supervisor]: 沙坑 AprilTag TF 已接收: frame=camera_color_optical_frame->object, samples=12/1, raw_dist=0.763m, stable_dist=0.758m, lateral=0.019m, rpy=(168.1,-1.1,-1.2)deg, trigger=0.650m, priority=2.200m, target_id=10。
