[INFO] [1783734045.354839443] [upstairs_detector]: state=DETECTING
[INFO] [1783734045.355496969] [upstairs_detector]: upstairs_detector started: color=/camera/color/image_raw, depth=/camera/aligned_depth_to_color/image_raw, target_band_from_bottom=1, trigger_distance=0.66m, hsv=[30, 40, 30]-[100, 255, 255]
[INFO] [1783734045.546653558] [upstairs_detector]: [1;95m触发状态更新: trigger=False[0m
[INFO] [1783734045.548710281] [upstairs_detector]: [0;33m未检测到有效上台阶: bands=0, target_band_from_bottom=1, mask_px=33151, frame=1, hsv=[30, 40, 30]-[100, 255, 255][0m
[INFO] [1783734046.606962364] [upstairs_detector]: [0;33m未检测到有效上台阶: bands=0, target_band_from_bottom=1, mask_px=31439, frame=17, hsv=[30, 40, 30]-[100, 255, 255][0m
[INFO] [1783734047.673428803] [upstairs_detector]: [0;33m未检测到有效上台阶: bands=0, target_band_from_bottom=1, mask_px=21334, frame=33, hsv=[30, 40, 30]-[100, 255, 255][0m
[INFO] [1783734048.674786703] [upstairs_detector]: [0;33m未检测到有效上台阶: bands=0, target_band_from_bottom=1, mask_px=4377, frame=48, hsv=[30, 40, 30]-[100, 255, 255][0m
[INFO] [1783734049.694006312] [upstairs_detector]: [0;33m未检测到有效上台阶: bands=0, target_band_from_bottom=1, mask_px=2708, frame=63, hsv=[30, 40, 30]-[100, 255, 255][0m
[INFO] [1783734050.741050746] [upstairs_detector]: [0;33m未检测到有效上台阶: bands=0, target_band_from_bottom=1, mask_px=2387, frame=79, hsv=[30, 40, 30]-[100, 255, 255][0m
[INFO] [1783734051.743693071] [upstairs_detector]: [0;33m未检测到有效上台阶: bands=0, target_band_from_bottom=1, mask_px=19431, frame=94, hsv=[30, 40, 30]-[100, 255, 255][0m
[INFO] [1783734052.742581670] [upstairs_detector]: [0;33m未检测到有效上台阶: bands=0, target_band_from_bottom=1, mask_px=318, frame=109, hsv=[30, 40, 30]-[100, 255, 255][0m
[INFO] [1783734053.744483006] [upstairs_detector]: [0;33m未检测到有效上台阶: bands=0, target_band_from_bottom=1, mask_px=3741, frame=124, hsv=[30, 40, 30]-[100, 255, 255][0m
[INFO] [1783734054.743802986] [upstairs_detector]: [0;33m未检测到有效上台阶: bands=0, target_band_from_bottom=1, mask_px=1169, frame=139, hsv=[30, 40, 30]-[100, 255, 255][0m
[INFO] [1783734055.744346990] [upstairs_detector]: [0;33m未检测到有效上台阶: bands=0, target_band_from_bottom=1, mask_px=4374, frame=154, hsv=[30, 40, 30]-[100, 255, 255][0m
[INFO] [1783734056.745304704] [upstairs_detector]: [0;33m未检测到有效上台阶: bands=0, target_band_from_bottom=1, mask_px=3345, frame=169, hsv=[30, 40, 30]-[100, 255, 255][0m
[INFO] [1783734057.745832499] [upstairs_detector]: [0;33m未检测到有效上台阶: bands=0, target_band_from_bottom=1, mask_px=2756, frame=184, hsv=[30, 40, 30]-[100, 255, 255][0m
[INFO] [1783734058.746542432] [upstairs_detector]: [0;33m未检测到有效上台阶: bands=0, target_band_from_bottom=1, mask_px=2893, frame=199, hsv=[30, 40, 30]-[100, 255, 255][0m
[INFO] [1783734059.751630363] [upstairs_detector]: [0;33m未检测到有效上台阶: bands=0, target_band_from_bottom=1, mask_px=2756, frame=214, hsv=[30, 40, 30]-[100, 255, 255][0m
[INFO] [1783734060.753637908] [upstairs_detector]: [1;95m触发状态更新: trigger=True[0m
[INFO] [1783734060.754972245] [upstairs_detector]: [1;34m最近上台阶: dist=0.650m, band_from_bottom=1, lateral=0.153m, vertical=0.238m, pixel=(284.4,227.6), box=417x26, area=4674, depth_px=4674, bands=1, trigger=True[0m
[INFO] [1783734061.081374008] [upstairs_detector]: [1;95m触发状态更新: trigger=False[0m
[INFO] [1783734061.750909365] [upstairs_detector]: [0;33m未检测到有效上台阶: bands=0, target_band_from_bottom=1, mask_px=436, frame=244, hsv=[30, 40, 30]-[100, 255, 255][0m
[INFO] [1783734062.751121079] [upstairs_detector]: [0;33m未检测到有效上台阶: bands=0, target_band_from_bottom=1, mask_px=755, frame=259, hsv=[30, 40, 30]-[100, 255, 255][0m
[INFO] [1783734063.755761484] [upstairs_detector]: [0;33m未检测到有效上台阶: bands=0, target_band_from_bottom=1, mask_px=0, frame=274, hsv=[30, 40, 30]-[100, 255, 255][0m
[INFO] [1783734064.822642039] [upstairs_detector]: [0;33m未检测到有效上台阶: bands=0, target_band_from_bottom=1, mask_px=96, frame=290, hsv=[30, 40, 30]-[100, 255, 255][0m
[INFO] [1783734065.822000244] [upstairs_detector]: [0;33m未检测到有效上台阶: bands=0, target_band_from_bottom=1, mask_px=398, frame=305, hsv=[30, 40, 30]-[100, 255, 255][0m
[INFO] [1783734066.823914627] [upstairs_detector]: [0;33m未检测到有效上台阶: bands=0, target_band_from_bottom=1, mask_px=88, frame=320, hsv=[30, 40, 30]-[100, 255, 255][0m
[INFO] [1783734067.833229288] [upstairs_detector]: [1;34m最近上台阶: dist=0.950m, band_from_bottom=1, lateral=-0.348m, vertical=0.310m, pixel=(102.6,215.6), box=246x52, area=9905, depth_px=8797, bands=1, trigger=False[0m
[INFO] [1783734068.837632088] [upstairs_detector]: [1;34m最近上台阶: dist=0.876m, band_from_bottom=1, lateral=-0.038m, vertical=0.264m, pixel=(200.3,208.1), box=424x70, area=23966, depth_px=22286, bands=1, trigger=False[0m
[INFO] [1783734069.167729683] [upstairs_detector]: [1;95m触发状态更新: trigger=True[0m
[INFO] [1783734069.834750385] [upstairs_detector]: [1;34m最近上台阶: dist=0.510m, band_from_bottom=1, lateral=0.061m, vertical=0.190m, pixel=(249.6,229.6), box=400x22, area=7059, depth_px=6639, bands=1, trigger=True[0m
[INFO] [1783734070.230555655] [upstairs_detector]: [1;95m触发状态更新: trigger=False[0m
[INFO] [1783734070.835652256] [upstairs_detector]: [0;33m未检测到有效上台阶: bands=0, target_band_from_bottom=1, mask_px=2571, frame=380, hsv=[30, 40, 30]-[100, 255, 255][0m
[INFO] [1783734071.834360572] [upstairs_detector]: [0;33m未检测到有效上台阶: bands=0, target_band_from_bottom=1, mask_px=1715, frame=395, hsv=[30, 40, 30]-[100, 255, 255][0m
[INFO] [1783734072.834139770] [upstairs_detector]: [0;33m未检测到有效上台阶: bands=0, target_band_from_bottom=1, mask_px=1838, frame=410, hsv=[30, 40, 30]-[100, 255, 255][0m
[INFO] [1783734073.838191946] [upstairs_detector]: [0;33m未检测到有效上台阶: bands=0, target_band_from_bottom=1, mask_px=2628, frame=425, hsv=[30, 40, 30]-[100, 255, 255][0m
[INFO] [1783734074.837544097] [upstairs_detector]: [0;33m未检测到有效上台阶: bands=0, target_band_from_bottom=1, mask_px=2490, frame=440, hsv=[30, 40, 30]-[100, 255, 255][0m
[INFO] [1783734075.841313395] [upstairs_detector]: [1;34m最近上台阶: dist=0.763m, band_from_bottom=1, lateral=0.073m, vertical=0.205m, pixel=(242.3,198.4), box=292x17, area=4398, depth_px=3954, bands=1, trigger=False[0m
[INFO] [1783734076.508597932] [upstairs_detector]: [1;95m触发状态更新: trigger=True[0m
[INFO] [1783734076.849383447] [upstairs_detector]: [1;34m最近上台阶: dist=0.576m, band_from_bottom=1, lateral=0.040m, vertical=0.209m, pixel=(234.3,226.9), box=424x25, area=8643, depth_px=7501, bands=1, trigger=True[0m
[INFO] [1783734077.439260633] [upstairs_detector]: [1;95m触发状态更新: trigger=False[0m
[INFO] [1783734077.839422276] [upstairs_detector]: [0;33m未检测到有效上台阶: bands=0, target_band_from_bottom=1, mask_px=1130, frame=485, hsv=[30, 40, 30]-[100, 255, 255][0m
[INFO] [1783734078.906815296] [upstairs_detector]: [0;33m未检测到有效上台阶: bands=0, target_band_from_bottom=1, mask_px=400, frame=501, hsv=[30, 40, 30]-[100, 255, 255][0m
[INFO] [1783734079.908209428] [upstairs_detector]: [1;34m最近上台阶: dist=0.803m, band_from_bottom=1, lateral=0.114m, vertical=0.215m, pixel=(256.3,198.1), box=422x14, area=4335, depth_px=3631, bands=1, trigger=False[0m
[INFO] [1783734080.909424905] [upstairs_detector]: [1;34m最近上台阶: dist=0.738m, band_from_bottom=1, lateral=0.013m, vertical=0.210m, pixel=(218.8,203.0), box=424x19, area=6261, depth_px=4949, bands=1, trigger=False[0m
[INFO] [1783734081.244376986] [upstairs_detector]: [1;95m触发状态更新: trigger=True[0m
[INFO] [1783734081.909749475] [upstairs_detector]: [0;33m未检测到有效上台阶: bands=0, target_band_from_bottom=1, mask_px=3696, frame=546, hsv=[30, 40, 30]-[100, 255, 255][0m
[INFO] [1783734081.975106496] [upstairs_detector]: [1;95m触发状态更新: trigger=False[0m
[INFO] [1783734082.910533693] [upstairs_detector]: [0;33m未检测到有效上台阶: bands=0, target_band_from_bottom=1, mask_px=2279, frame=561, hsv=[30, 40, 30]-[100, 255, 255][0m
[INFO] [1783734083.915368218] [upstairs_detector]: [0;33m未检测到有效上台阶: bands=0, target_band_from_bottom=1, mask_px=2224, frame=576, hsv=[30, 40, 30]-[100, 255, 255][0m
[INFO] [1783734084.981786729] [upstairs_detector]: [0;33m未检测到有效上台阶: bands=0, target_band_from_bottom=1, mask_px=3066, frame=592, hsv=[30, 40, 30]-[100, 255, 255][0m
[INFO] [1783734085.990083660] [upstairs_detector]: [1;34m最近上台阶: dist=0.873m, band_from_bottom=1, lateral=0.138m, vertical=0.218m, pixel=(261.0,192.4), box=416x15, area=3748, depth_px=3055, bands=1, trigger=False[0m
[INFO] [1783734086.985558947] [upstairs_detector]: [1;34m最近上台阶: dist=0.780m, band_from_bottom=1, lateral=0.024m, vertical=0.232m, pixel=(222.8,206.8), box=364x14, area=3454, depth_px=3072, bands=1, trigger=False[0m
[INFO] [1783734087.919700650] [upstairs_detector]: [1;95m触发状态更新: trigger=True[0m
[INFO] [1783734087.990396755] [upstairs_detector]: [1;34m最近上台阶: dist=0.641m, band_from_bottom=1, lateral=0.114m, vertical=0.228m, pixel=(267.2,224.7), box=424x29, area=8353, depth_px=7206, bands=1, trigger=True[0m
[INFO] [1783734088.662649249] [upstairs_detector]: [1;95m触发状态更新: trigger=False[0m
[INFO] [1783734089.010756556] [upstairs_detector]: [0;33m未检测到有效上台阶: bands=0, target_band_from_bottom=1, mask_px=2417, frame=652, hsv=[30, 40, 30]-[100, 255, 255][0m
[INFO] [1783734090.074523517] [upstairs_detector]: [0;33m未检测到有效上台阶: bands=0, target_band_from_bottom=1, mask_px=3408, frame=668, hsv=[30, 40, 30]-[100, 255, 255][0m
[INFO] [1783734091.120813464] [upstairs_detector]: [1;34m最近上台阶: dist=0.691m, band_from_bottom=1, lateral=0.119m, vertical=0.220m, pixel=(265.5,213.4), box=424x25, area=6930, depth_px=5821, bands=1, trigger=False[0m
[INFO] [1783734091.189310997] [upstairs_detector]: [1;95m触发状态更新: trigger=True[0m
[INFO] [1783734092.121653236] [upstairs_detector]: [0;33m未检测到有效上台阶: bands=0, target_band_from_bottom=1, mask_px=4012, frame=699, hsv=[30, 40, 30]-[100, 255, 255][0m
[INFO] [1783734092.317793541] [upstairs_detector]: [1;95m触发状态更新: trigger=False[0m
[INFO] [1783734093.122004668] [upstairs_detector]: [0;33m未检测到有效上台阶: bands=0, target_band_from_bottom=1, mask_px=3085, frame=714, hsv=[30, 40, 30]-[100, 255, 255][0m
[INFO] [1783734094.188458990] [upstairs_detector]: [0;33m未检测到有效上台阶: bands=0, target_band_from_bottom=1, mask_px=3498, frame=730, hsv=[30, 40, 30]-[100, 255, 255][0m
[INFO] [1783734094.923954676] [upstairs_detector]: [1;95m触发状态更新: trigger=True[0m
[INFO] [1783734095.196540250] [upstairs_detector]: [1;34m最近上台阶: dist=0.656m, band_from_bottom=1, lateral=0.142m, vertical=0.217m, pixel=(278.7,217.3), box=383x24, area=5806, depth_px=5021, bands=1, trigger=True[0m
[INFO] [1783734095.920269730] [upstairs_detector]: [1;95m触发状态更新: trigger=False[0m
[INFO] [1783734096.198493957] [upstairs_detector]: [0;33m未检测到有效上台阶: bands=0, target_band_from_bottom=1, mask_px=1650, frame=760, hsv=[30, 40, 30]-[100, 255, 255][0m
[INFO] [1783734097.256099076] [upstairs_detector]: [0;33m未检测到有效上台阶: bands=0, target_band_from_bottom=1, mask_px=39, frame=776, hsv=[30, 40, 30]-[100, 255, 255][0m
[INFO] [1783734098.256693294] [upstairs_detector]: [0;33m未检测到有效上台阶: bands=0, target_band_from_bottom=1, mask_px=52, frame=791, hsv=[30, 40, 30]-[100, 255, 255][0m
[INFO] [1783734099.256471200] [upstairs_detector]: [0;33m未检测到有效上台阶: bands=0, target_band_from_bottom=1, mask_px=772, frame=806, hsv=[30, 40, 30]-[100, 255, 255][0m
[INFO] [1783734100.258353977] [upstairs_detector]: [0;33m未检测到有效上台阶: bands=0, target_band_from_bottom=1, mask_px=1520, frame=821, hsv=[30, 40, 30]-[100, 255, 255][0m
[INFO] [1783734101.258900345] [upstairs_detector]: [0;33m未检测到有效上台阶: bands=0, target_band_from_bottom=1, mask_px=294, frame=836, hsv=[30, 40, 30]-[100, 255, 255][0m
[INFO] [1783734102.259605339] [upstairs_detector]: [0;33m未检测到有效上台阶: bands=0, target_band_from_bottom=1, mask_px=680, frame=851, hsv=[30, 40, 30]-[100, 255, 255][0m
[INFO] [1783734103.260094560] [upstairs_detector]: [0;33m未检测到有效上台阶: bands=0, target_band_from_bottom=1, mask_px=373, frame=866, hsv=[30, 40, 30]-[100, 255, 255][0m
[INFO] [1783734104.261285716] [upstairs_detector]: [0;33m未检测到有效上台阶: bands=0, target_band_from_bottom=1, mask_px=726, frame=881, hsv=[30, 40, 30]-[100, 255, 255][0m
[INFO] [1783734105.265295823] [upstairs_detector]: [0;33m未检测到有效上台阶: bands=0, target_band_from_bottom=1, mask_px=692, frame=896, hsv=[30, 40, 30]-[100, 255, 255][0m
[INFO] [1783734106.266572080] [upstairs_detector]: [0;33m未检测到有效上台阶: bands=0, target_band_from_bottom=1, mask_px=3171, frame=911, hsv=[30, 40, 30]-[100, 255, 255][0m
[INFO] [1783734107.263255765] [upstairs_detector]: [0;33m未检测到有效上台阶: bands=0, target_band_from_bottom=1, mask_px=1846, frame=926, hsv=[30, 40, 30]-[100, 255, 255][0m
[INFO] [1783734108.267050697] [upstairs_detector]: [0;33m未检测到有效上台阶: bands=0, target_band_from_bottom=1, mask_px=1950, frame=941, hsv=[30, 40, 30]-[100, 255, 255][0m
[INFO] [1783734109.266222089] [upstairs_detector]: [0;33m未检测到有效上台阶: bands=0, target_band_from_bottom=1, mask_px=1400, frame=956, hsv=[30, 40, 30]-[100, 255, 255][0m
[INFO] [1783734110.336687784] [upstairs_detector]: [0;33m未检测到有效上台阶: bands=0, target_band_from_bottom=1, mask_px=2075, frame=972, hsv=[30, 40, 30]-[100, 255, 255][0m
[INFO] [1783734111.335511416] [upstairs_detector]: [0;33m未检测到有效上台阶: bands=0, target_band_from_bottom=1, mask_px=2784, frame=987, hsv=[30, 40, 30]-[100, 255, 255][0m
[INFO] [1783734112.335427324] [upstairs_detector]: [0;33m未检测到有效上台阶: bands=0, target_band_from_bottom=1, mask_px=3088, frame=1002, hsv=[30, 40, 30]-[100, 255, 255][0m
[INFO] [1783734113.335809472] [upstairs_detector]: [0;33m未检测到有效上台阶: bands=0, target_band_from_bottom=1, mask_px=1826, frame=1017, hsv=[30, 40, 30]-[100, 255, 255][0m
[INFO] [1783734114.338108138] [upstairs_detector]: [0;33m未检测到有效上台阶: bands=0, target_band_from_bottom=1, mask_px=1459, frame=1032, hsv=[30, 40, 30]-[100, 255, 255][0m
[INFO] [1783734115.340336408] [upstairs_detector]: [0;33m未检测到有效上台阶: bands=0, target_band_from_bottom=1, mask_px=947, frame=1047, hsv=[30, 40, 30]-[100, 255, 255][0m
[INFO] [1783734116.350569619] [upstairs_detector]: [1;34m最近上台阶: dist=0.952m, band_from_bottom=1, lateral=-0.089m, vertical=0.311m, pixel=(184.8,216.0), box=392x53, area=15768, depth_px=12342, bands=1, trigger=False[0m
[INFO] [1783734117.410544440] [upstairs_detector]: [1;34m最近上台阶: dist=0.969m, band_from_bottom=1, lateral=-0.105m, vertical=0.334m, pixel=(180.5,221.2), box=370x43, area=11253, depth_px=8975, bands=1, trigger=False[0m
[INFO] [1783734118.413673341] [upstairs_detector]: [1;34m最近上台阶: dist=0.924m, band_from_bottom=1, lateral=-0.090m, vertical=0.324m, pixel=(183.7,223.2), box=334x25, area=4606, depth_px=3961, bands=1, trigger=False[0m
[INFO] [1783734119.407519569] [upstairs_detector]: [0;33m未检测到有效上台阶: bands=0, target_band_from_bottom=1, mask_px=5630, frame=1108, hsv=[30, 40, 30]-[100, 255, 255][0m
[INFO] [1783734120.408604533] [upstairs_detector]: [0;33m未检测到有效上台阶: bands=0, target_band_from_bottom=1, mask_px=904, frame=1123, hsv=[30, 40, 30]-[100, 255, 255][0m
[INFO] [1783734121.409985046] [upstairs_detector]: [0;33m未检测到有效上台阶: bands=0, target_band_from_bottom=1, mask_px=74, frame=1138, hsv=[30, 40, 30]-[100, 255, 255][0m
[INFO] [1783734122.409004070] [upstairs_detector]: [0;33m未检测到有效上台阶: bands=0, target_band_from_bottom=1, mask_px=5138, frame=1153, hsv=[30, 40, 30]-[100, 255, 255][0m
[INFO] [1783734123.413056767] [upstairs_detector]: [1;34m最近上台阶: dist=1.159m, band_from_bottom=1, lateral=0.452m, vertical=0.440m, pixel=(331.3,231.7), box=216x17, area=3062, depth_px=2796, bands=1, trigger=False[0m
[INFO] [1783734124.414056437] [upstairs_detector]: [1;34m最近上台阶: dist=0.723m, band_from_bottom=1, lateral=0.291m, vertical=0.274m, pixel=(335.1,231.6), box=394x17, area=2770, depth_px=2770, bands=1, trigger=False[0m
[INFO] [1783734124.550247148] [upstairs_detector]: [1;95m触发状态更新: trigger=True[0m
[INFO] [1783734124.882489454] [upstairs_detector]: [1;95m触发状态更新: trigger=False[0m
[INFO] [1783734125.419311765] [upstairs_detector]: [1;34m最近上台阶: dist=0.969m, band_from_bottom=1, lateral=0.201m, vertical=0.317m, pixel=(276.1,216.0), box=386x51, area=14638, depth_px=14113, bands=1, trigger=False[0m
[INFO] [1783734126.418588699] [upstairs_detector]: [1;34m最近上台阶: dist=1.003m, band_from_bottom=1, lateral=-0.073m, vertical=0.329m, pixel=(191.3,216.2), box=348x52, area=14454, depth_px=14358, bands=1, trigger=False[0m
[INFO] [1783734127.421923227] [upstairs_detector]: [1;34m最近上台阶: dist=0.963m, band_from_bottom=1, lateral=0.004m, vertical=0.303m, pixel=(214.7,212.2), box=358x57, area=13258, depth_px=12518, bands=1, trigger=False[0m
[INFO] [1783734128.489530218] [upstairs_detector]: [1;34m最近上台阶: dist=0.899m, band_from_bottom=1, lateral=-0.160m, vertical=0.300m, pixel=(159.5,217.9), box=272x49, area=9761, depth_px=9749, bands=1, trigger=False[0m
[INFO] [1783734129.490016964] [upstairs_detector]: [0;33m未检测到有效上台阶: bands=0, target_band_from_bottom=1, mask_px=3588, frame=1259, hsv=[30, 40, 30]-[100, 255, 255][0m
[INFO] [1783734130.482838966] [upstairs_detector]: [0;33m未检测到有效上台阶: bands=0, target_band_from_bottom=1, mask_px=1155, frame=1274, hsv=[30, 40, 30]-[100, 255, 255][0m
[INFO] [1783734131.484129635] [upstairs_detector]: [0;33m未检测到有效上台阶: bands=0, target_band_from_bottom=1, mask_px=7116, frame=1289, hsv=[30, 40, 30]-[100, 255, 255][0m
[INFO] [1783734132.551246529] [upstairs_detector]: [0;33m未检测到有效上台阶: bands=0, target_band_from_bottom=1, mask_px=0, frame=1305, hsv=[30, 40, 30]-[100, 255, 255][0m
[INFO] [1783734133.557293491] [upstairs_detector]: [1;34m最近上台阶: dist=0.810m, band_from_bottom=1, lateral=-0.299m, vertical=0.294m, pixel=(101.5,226.8), box=206x27, area=4323, depth_px=4075, bands=1, trigger=False[0m
[INFO] [1783734134.561615070] [upstairs_detector]: [1;34m最近上台阶: dist=1.057m, band_from_bottom=1, lateral=-0.119m, vertical=0.347m, pixel=(179.3,216.3), box=370x50, area=14960, depth_px=13208, bands=1, trigger=False[0m
[INFO] [1783734135.624059335] [upstairs_detector]: [1;34m最近上台阶: dist=0.803m, band_from_bottom=1, lateral=0.250m, vertical=0.268m, pixel=(307.5,218.1), box=424x45, area=7455, depth_px=7051, bands=1, trigger=False[0m
[INFO] [1783734136.628854526] [upstairs_detector]: [1;34m最近上台阶: dist=0.820m, band_from_bottom=1, lateral=0.068m, vertical=0.300m, pixel=(238.4,227.8), box=422x24, area=8556, depth_px=7302, bands=1, trigger=False[0m
[INFO] [1783734132.924648361] [upstairs_detector]: [1;95m触发状态更新: trigger=True[0m
[INFO] [1783734133.120049713] [upstairs_detector]: [1;95m触发状态更新: trigger=False[0m
[INFO] [1783734134.791743438] [upstairs_detector]: [1;95m触发状态更新: trigger=True[0m
[INFO] [1783734135.060393736] [upstairs_detector]: [1;95m触发状态更新: trigger=False[0m
[INFO] [1783734135.195219595] [upstairs_detector]: [1;95m触发状态更新: trigger=True[0m
[INFO] [1783734135.594711825] [upstairs_detector]: [1;95m触发状态更新: trigger=False[0m
[INFO] [1783734135.861261877] [upstairs_detector]: [1;95m触发状态更新: trigger=True[0m
[INFO] [1783734136.528213354] [upstairs_detector]: [1;95m触发状态更新: trigger=False[0m
[INFO] [1783734137.529903965] [upstairs_detector]: [1;95m触发状态更新: trigger=True[0m
[INFO] [1783734137.662001219] [upstairs_detector]: [0;33m未检测到有效上台阶: bands=0, target_band_from_bottom=1, mask_px=13072, frame=1466, hsv=[30, 40, 30]-[100, 255, 255][0m
[INFO] [1783734137.728737283] [upstairs_detector]: [1;95m触发状态更新: trigger=False[0m
[INFO] [1783734138.660926867] [upstairs_detector]: [0;33m未检测到有效上台阶: bands=0, target_band_from_bottom=1, mask_px=5434, frame=1481, hsv=[30, 40, 30]-[100, 255, 255][0m
[INFO] [1783734139.666540519] [upstairs_detector]: [1;34m最近上台阶: dist=0.958m, band_from_bottom=1, lateral=0.291m, vertical=0.323m, pixel=(305.4,218.9), box=424x32, area=5153, depth_px=5037, bands=1, trigger=False[0m
[INFO] [1783734140.668152921] [upstairs_detector]: [1;34m最近上台阶: dist=1.124m, band_from_bottom=1, lateral=0.345m, vertical=0.403m, pixel=(306.3,225.4), box=420x28, area=5031, depth_px=4773, bands=1, trigger=False[0m
[INFO] [1783734141.665530129] [upstairs_detector]: [1;34m最近上台阶: dist=0.871m, band_from_bottom=1, lateral=0.012m, vertical=0.298m, pixel=(217.6,220.4), box=400x32, area=5601, depth_px=5484, bands=1, trigger=False[0m
[INFO] [1783734142.669821616] [upstairs_detector]: [1;34m最近上台阶: dist=1.109m, band_from_bottom=1, lateral=0.098m, vertical=0.414m, pixel=(240.0,229.9), box=416x20, area=5194, depth_px=4813, bands=1, trigger=False[0m
[INFO] [1783734143.735966052] [upstairs_detector]: [0;33m未检测到有效上台阶: bands=0, target_band_from_bottom=1, mask_px=7154, frame=1557, hsv=[30, 40, 30]-[100, 255, 255][0m
[INFO] [1783734144.732718997] [upstairs_detector]: [0;33m未检测到有效上台阶: bands=0, target_band_from_bottom=1, mask_px=4492, frame=1572, hsv=[30, 40, 30]-[100, 255, 255][0m
[INFO] [1783734145.731630776] [upstairs_detector]: [0;33m未检测到有效上台阶: bands=0, target_band_from_bottom=1, mask_px=6347, frame=1587, hsv=[30, 40, 30]-[100, 255, 255][0m
[INFO] [1783734146.731633845] [upstairs_detector]: [0;33m未检测到有效上台阶: bands=0, target_band_from_bottom=1, mask_px=4288, frame=1602, hsv=[30, 40, 30]-[100, 255, 255][0m
[INFO] [1783734147.732627958] [upstairs_detector]: [0;33m未检测到有效上台阶: bands=0, target_band_from_bottom=1, mask_px=4346, frame=1617, hsv=[30, 40, 30]-[100, 255, 255][0m
[INFO] [1783734148.733602717] [upstairs_detector]: [0;33m未检测到有效上台阶: bands=0, target_band_from_bottom=1, mask_px=4349, frame=1632, hsv=[30, 40, 30]-[100, 255, 255][0m
[INFO] [1783734149.739509369] [upstairs_detector]: [1;34m最近上台阶: dist=1.113m, band_from_bottom=1, lateral=-0.013m, vertical=0.385m, pixel=(209.8,221.5), box=418x24, area=4621, depth_px=4053, bands=1, trigger=False[0m
[INFO] [1783734150.742560308] [upstairs_detector]: [1;34m最近上台阶: dist=0.936m, band_from_bottom=1, lateral=0.115m, vertical=0.335m, pixel=(250.3,225.2), box=416x29, area=6689, depth_px=6589, bands=1, trigger=False[0m
[INFO] [1783734151.741137066] [upstairs_detector]: [0;33m未检测到有效上台阶: bands=0, target_band_from_bottom=1, mask_px=3968, frame=1677, hsv=[30, 40, 30]-[100, 255, 255][0m
[INFO] [1783734152.802876093] [upstairs_detector]: [0;33m未检测到有效上台阶: bands=0, target_band_from_bottom=1, mask_px=1754, frame=1693, hsv=[30, 40, 30]-[100, 255, 255][0m
[INFO] [1783734153.809888112] [upstairs_detector]: [1;34m最近上台阶: dist=1.131m, band_from_bottom=1, lateral=0.134m, vertical=0.383m, pixel=(249.3,219.3), box=424x31, area=5791, depth_px=4487, bands=1, trigger=False[0m
[INFO] [1783734154.810005220] [upstairs_detector]: [1;34m最近上台阶: dist=0.944m, band_from_bottom=1, lateral=0.185m, vertical=0.327m, pixel=(272.7,221.7), box=424x35, area=6832, depth_px=6672, bands=1, trigger=False[0m
[INFO] [1783734155.811354187] [upstairs_detector]: [1;34m最近上台阶: dist=0.887m, band_from_bottom=1, lateral=0.102m, vertical=0.298m, pixel=(248.3,218.7), box=422x41, area=7926, depth_px=7916, bands=1, trigger=False[0m
[INFO] [1783734156.807985204] [upstairs_detector]: [0;33m未检测到有效上台阶: bands=0, target_band_from_bottom=1, mask_px=5086, frame=1753, hsv=[30, 40, 30]-[100, 255, 255][0m
[INFO] [1783734157.806954043] [upstairs_detector]: [0;33m未检测到有效上台阶: bands=0, target_band_from_bottom=1, mask_px=3669, frame=1768, hsv=[30, 40, 30]-[100, 255, 255][0m
[INFO] [1783734158.808662641] [upstairs_detector]: [0;33m未检测到有效上台阶: bands=0, target_band_from_bottom=1, mask_px=1281, frame=1783, hsv=[30, 40, 30]-[100, 255, 255][0m
[INFO] [1783734159.810220129] [upstairs_detector]: [0;33m未检测到有效上台阶: bands=0, target_band_from_bottom=1, mask_px=2129, frame=1798, hsv=[30, 40, 30]-[100, 255, 255][0m
[INFO] [1783734160.814496519] [upstairs_detector]: [0;33m未检测到有效上台阶: bands=0, target_band_from_bottom=1, mask_px=5562, frame=1813, hsv=[30, 40, 30]-[100, 255, 255][0m
[INFO] [1783734161.883196141] [upstairs_detector]: [1;34m最近上台阶: dist=0.812m, band_from_bottom=1, lateral=0.311m, vertical=0.298m, pixel=(329.3,228.1), box=420x23, area=3702, depth_px=3702, bands=1, trigger=False[0m
[INFO] [1783734162.949125865] [upstairs_detector]: [1;34m最近上台阶: dist=1.050m, band_from_bottom=1, lateral=0.204m, vertical=0.354m, pixel=(272.1,219.0), box=420x21, area=3327, depth_px=3303, bands=1, trigger=False[0m
[INFO] [1783734169.382965779] [upstairs_detector]: [1;34m最近上台阶: dist=0.878m, band_from_bottom=1, lateral=-0.004m, vertical=0.288m, pixel=(212.0,216.1), box=424x39, area=8835, depth_px=8217, bands=1, trigger=False[0m
[INFO] [1783734170.444834609] [upstairs_detector]: [0;33m未检测到有效上台阶: bands=0, target_band_from_bottom=1, mask_px=2708, frame=1873, hsv=[30, 40, 30]-[100, 255, 255][0m
[INFO] [1783734171.444628815] [upstairs_detector]: [0;33m未检测到有效上台阶: bands=0, target_band_from_bottom=1, mask_px=6439, frame=1888, hsv=[30, 40, 30]-[100, 255, 255][0m
[INFO] [1783734172.444622143] [upstairs_detector]: [0;33m未检测到有效上台阶: bands=0, target_band_from_bottom=1, mask_px=9918, frame=1903, hsv=[30, 40, 30]-[100, 255, 255][0m
[INFO] [1783734173.446840624] [upstairs_detector]: [1;34m最近上台阶: dist=1.147m, band_from_bottom=1, lateral=0.391m, vertical=0.370m, pixel=(316.4,214.7), box=422x20, area=3005, depth_px=2971, bands=1, trigger=False[0m
[INFO] [1783734174.450858137] [upstairs_detector]: [1;34m最近上台阶: dist=1.217m, band_from_bottom=1, lateral=0.333m, vertical=0.398m, pixel=(296.1,215.9), box=424x23, area=4099, depth_px=2902, bands=1, trigger=False[0m
[INFO] [1783734175.449579609] [upstairs_detector]: [1;34m最近上台阶: dist=1.128m, band_from_bottom=1, lateral=0.381m, vertical=0.372m, pixel=(315.6,216.8), box=424x22, area=3313, depth_px=2816, bands=1, trigger=False[0m
[INFO] [1783734175.849657000] [upstairs_detector]: [1;95m触发状态更新: trigger=True[0m
[INFO] [1783734176.047391615] [upstairs_detector]: [1;95m触发状态更新: trigger=False[0m
[INFO] [1783734176.447332102] [upstairs_detector]: [0;33m未检测到有效上台阶: bands=0, target_band_from_bottom=1, mask_px=3937, frame=1963, hsv=[30, 40, 30]-[100, 255, 255][0m
[INFO] [1783734177.452705377] [upstairs_detector]: [0;33m未检测到有效上台阶: bands=0, target_band_from_bottom=1, mask_px=5186, frame=1978, hsv=[30, 40, 30]-[100, 255, 255][0m
[INFO] [1783734178.513447399] [upstairs_detector]: [0;33m未检测到有效上台阶: bands=0, target_band_from_bottom=1, mask_px=5218, frame=1994, hsv=[30, 40, 30]-[100, 255, 255][0m
[INFO] [1783734179.514583888] [upstairs_detector]: [0;33m未检测到有效上台阶: bands=0, target_band_from_bottom=1, mask_px=1664, frame=2009, hsv=[30, 40, 30]-[100, 255, 255][0m
[INFO] [1783734180.524429118] [upstairs_detector]: [1;34m最近上台阶: dist=1.088m, band_from_bottom=1, lateral=-0.117m, vertical=0.286m, pixel=(180.7,196.6), box=424x51, area=12439, depth_px=11263, bands=1, trigger=False[0m
[INFO] [1783734181.519675241] [upstairs_detector]: [1;95m触发状态更新: trigger=True[0m
[INFO] [1783734181.521436908] [upstairs_detector]: [1;34m最近上台阶: dist=0.629m, band_from_bottom=1, lateral=-0.116m, vertical=0.232m, pixel=(157.4,228.5), box=278x25, area=4983, depth_px=2638, bands=1, trigger=True[0m
[INFO] [1783734181.718028507] [upstairs_detector]: [1;95m触发状态更新: trigger=False[0m
[INFO] [1783734182.518177182] [upstairs_detector]: [0;33m未检测到有效上台阶: bands=0, target_band_from_bottom=1, mask_px=1327, frame=2054, hsv=[30, 40, 30]-[100, 255, 255][0m
[INFO] [1783734183.518750603] [upstairs_detector]: [0;33m未检测到有效上台阶: bands=0, target_band_from_bottom=1, mask_px=889, frame=2069, hsv=[30, 40, 30]-[100, 255, 255][0m
[INFO] [1783734184.518669913] [upstairs_detector]: [0;33m未检测到有效上台阶: bands=0, target_band_from_bottom=1, mask_px=3717, frame=2084, hsv=[30, 40, 30]-[100, 255, 255][0m
[INFO] [1783734185.520304237] [upstairs_detector]: [0;33m未检测到有效上台阶: bands=0, target_band_from_bottom=1, mask_px=0, frame=2099, hsv=[30, 40, 30]-[100, 255, 255][0m
[INFO] [1783734186.520663378] [upstairs_detector]: [0;33m未检测到有效上台阶: bands=0, target_band_from_bottom=1, mask_px=3346, frame=2114, hsv=[30, 40, 30]-[100, 255, 255][0m
[INFO] [1783734187.594160450] [upstairs_detector]: [0;33m未检测到有效上台阶: bands=0, target_band_from_bottom=1, mask_px=22026, frame=2130, hsv=[30, 40, 30]-[100, 255, 255][0m
[INFO] [1783734188.591948797] [upstairs_detector]: [0;33m未检测到有效上台阶: bands=0, target_band_from_bottom=1, mask_px=8287, frame=2145, hsv=[30, 40, 30]-[100, 255, 255][0m
[INFO] [1783734189.656043760] [upstairs_detector]: [0;33m未检测到有效上台阶: bands=0, target_band_from_bottom=1, mask_px=12547, frame=2161, hsv=[30, 40, 30]-[100, 255, 255][0m
[INFO] [1783734190.657623343] [upstairs_detector]: [0;33m未检测到有效上台阶: bands=0, target_band_from_bottom=1, mask_px=7496, frame=2176, hsv=[30, 40, 30]-[100, 255, 255][0m
[INFO] [1783734191.658656402] [upstairs_detector]: [0;33m未检测到有效上台阶: bands=0, target_band_from_bottom=1, mask_px=17282, frame=2191, hsv=[30, 40, 30]-[100, 255, 255][0m
[INFO] [1783734192.658437601] [upstairs_detector]: [0;33m未检测到有效上台阶: bands=0, target_band_from_bottom=1, mask_px=1091, frame=2206, hsv=[30, 40, 30]-[100, 255, 255][0m
[INFO] [1783734193.664352844] [upstairs_detector]: [0;33m未检测到有效上台阶: bands=0, target_band_from_bottom=1, mask_px=12040, frame=2221, hsv=[30, 40, 30]-[100, 255, 255][0m
[INFO] [1783734194.725558160] [upstairs_detector]: [0;33m未检测到有效上台阶: bands=0, target_band_from_bottom=1, mask_px=12687, frame=2237, hsv=[30, 40, 30]-[100, 255, 255][0m
[INFO] [1783734195.727803458] [upstairs_detector]: [0;33m未检测到有效上台阶: bands=0, target_band_from_bottom=1, mask_px=8453, frame=2252, hsv=[30, 40, 30]-[100, 255, 255][0m
[INFO] [1783734196.728272943] [upstairs_detector]: [0;33m未检测到有效上台阶: bands=0, target_band_from_bottom=1, mask_px=13756, frame=2267, hsv=[30, 40, 30]-[100, 255, 255][0m
[INFO] [1783734197.733665715] [upstairs_detector]: [0;33m未检测到有效上台阶: bands=0, target_band_from_bottom=1, mask_px=4725, frame=2282, hsv=[30, 40, 30]-[100, 255, 255][0m
[INFO] [1783734198.803047580] [upstairs_detector]: [0;33m未检测到有效上台阶: bands=0, target_band_from_bottom=1, mask_px=3686, frame=2298, hsv=[30, 40, 30]-[100, 255, 255][0m
[INFO] [1783734199.407004346] [upstairs_detector]: [1;95m触发状态更新: trigger=True[0m
[INFO] [1783734199.872561759] [upstairs_detector]: [1;34m最近上台阶: dist=0.429m, band_from_bottom=1, lateral=0.030m, vertical=0.110m, pixel=(234.5,194.8), box=424x80, area=18314, depth_px=13914, bands=1, trigger=True[0m
[INFO] [1783734200.875364410] [upstairs_detector]: [1;34m最近上台阶: dist=0.436m, band_from_bottom=1, lateral=0.001m, vertical=0.115m, pixel=(213.9,196.7), box=424x80, area=19073, depth_px=14271, bands=1, trigger=True[0m
[INFO] [1783734201.944985863] [upstairs_detector]: [1;34m最近上台阶: dist=0.434m, band_from_bottom=1, lateral=0.027m, vertical=0.113m, pixel=(232.4,195.8), box=424x80, area=20062, depth_px=15865, bands=1, trigger=True[0m
[INFO] [1783734202.950495679] [upstairs_detector]: [1;34m最近上台阶: dist=0.432m, band_from_bottom=1, lateral=0.013m, vertical=0.114m, pixel=(222.8,196.6), box=424x80, area=21169, depth_px=16176, bands=1, trigger=True[0m
