[INFO] [1783903999.209855169] [orange_hurdle_jump_test]: state=DETECTOR_ONLY
[INFO] [1783903999.210398203] [orange_hurdle_jump_test]: orange_hurdle_jump_test started: color=/camera/color/image_raw, depth=/camera/aligned_depth_to_color/image_raw, detector_only=True, serial=/dev/ttyUSB0@115200, trigger_distance=0.58m, walk=[0,1.000,1.000], stand=[0,0.000,0.000], jump=[4,0.000,0.000]
[INFO] [1783903999.467686689] [orange_hurdle_jump_test]: 等待对齐深度图。
[INFO] [1783903999.468285365] [orange_hurdle_jump_test]: [1;95m触发状态更新: trigger=False[0m
[INFO] [1783903999.729331686] [orange_hurdle_jump_test]: [0;33m未检测到有效橘色横栏: candidates=0, frame=5, mask_px=48222, contours=2, largest=area:47687,box:296x219,aspect:1.35,reject:top_edge:-0.493m(err=-0.493), hsv_lower=[28, 40, 35], hsv_upper=[95, 255, 255][0m
[INFO] [1783903999.930320898] [orange_hurdle_jump_test]: [0;33m未检测到有效橘色横栏: candidates=0, frame=8, mask_px=72963, contours=2, largest=area:71903,box:424x240,aspect:1.77,reject:top_edge:-0.295m(err=-0.295), hsv_lower=[28, 40, 35], hsv_upper=[95, 255, 255][0m
[INFO] [1783904000.139401929] [orange_hurdle_jump_test]: [0;33m未检测到有效橘色横栏: candidates=0, frame=11, mask_px=81226, contours=2, largest=area:74112,box:424x240,aspect:1.77,reject:top_edge:-0.294m(err=-0.294), hsv_lower=[28, 40, 35], hsv_upper=[95, 255, 255][0m
[INFO] [1783904000.396269122] [orange_hurdle_jump_test]: [0;33m未检测到有效橘色横栏: candidates=0, frame=15, mask_px=86717, contours=2, largest=area:85738,box:424x240,aspect:1.77,reject:top_edge:-0.296m(err=-0.296), hsv_lower=[28, 40, 35], hsv_upper=[95, 255, 255][0m
[INFO] [1783904000.596154493] [orange_hurdle_jump_test]: [0;33m未检测到有效橘色横栏: candidates=0, frame=18, mask_px=87113, contours=1, largest=area:99727,box:424x240,aspect:1.77,reject:top_edge:-0.302m(err=-0.302), hsv_lower=[28, 40, 35], hsv_upper=[95, 255, 255][0m
[INFO] [1783904000.863682058] [orange_hurdle_jump_test]: [0;33m未检测到有效橘色横栏: candidates=0, frame=22, mask_px=86800, contours=1, largest=area:99454,box:424x240,aspect:1.77,reject:top_edge:-0.305m(err=-0.305), hsv_lower=[28, 40, 35], hsv_upper=[95, 255, 255][0m
[INFO] [1783904001.133870110] [orange_hurdle_jump_test]: [0;33m未检测到有效橘色横栏: candidates=0, frame=26, mask_px=78379, contours=5, largest=area:43683,box:358x157,aspect:2.28,reject:top_edge:-0.507m(err=-0.507), hsv_lower=[28, 40, 35], hsv_upper=[95, 255, 255][0m
[INFO] [1783904001.396263894] [orange_hurdle_jump_test]: [1;34m最近横栏: dist=0.799m, lateral=0.004m, vertical=0.193m, pixel=(214.8,190.1), box=424x109, depth_px=18911, candidates=1, trigger=False[0m
[INFO] [1783904001.633648450] [orange_hurdle_jump_test]: [0;33m未检测到有效橘色横栏: candidates=0, frame=33, mask_px=44761, contours=3, largest=area:27180,box:424x240,aspect:1.77,reject:top_edge:-0.300m(err=-0.300), hsv_lower=[28, 40, 35], hsv_upper=[95, 255, 255][0m
[INFO] [1783904001.863338808] [orange_hurdle_jump_test]: [1;34m最近横栏: dist=0.845m, lateral=-0.402m, vertical=0.227m, pixel=(69.4,198.4), box=175x109, depth_px=6513, candidates=1, trigger=False[0m
[INFO] [1783904002.063913876] [orange_hurdle_jump_test]: [1;34m最近横栏: dist=0.818m, lateral=-0.418m, vertical=0.214m, pixel=(58.5,196.0), box=154x108, depth_px=4466, candidates=1, trigger=False[0m
[INFO] [1783904002.329734473] [orange_hurdle_jump_test]: [0;33m未检测到有效橘色横栏: candidates=0, frame=44, mask_px=11143, contours=16, largest=area:2944,box:68x109,aspect:0.62,reject:width+aspect, hsv_lower=[28, 40, 35], hsv_upper=[95, 255, 255][0m
[INFO] [1783904002.596471694] [orange_hurdle_jump_test]: [0;33m未检测到有效橘色横栏: candidates=0, frame=48, mask_px=7966, contours=22, largest=area:1822,box:48x79,aspect:0.61,reject:width+aspect, hsv_lower=[28, 40, 35], hsv_upper=[95, 255, 255][0m
[INFO] [1783904002.863686092] [orange_hurdle_jump_test]: [0;33m未检测到有效橘色横栏: candidates=0, frame=52, mask_px=6593, contours=23, largest=area:1520,box:46x68,aspect:0.68,reject:width+aspect, hsv_lower=[28, 40, 35], hsv_upper=[95, 255, 255][0m
[INFO] [1783904003.065519339] [orange_hurdle_jump_test]: [0;33m未检测到有效橘色横栏: candidates=0, frame=55, mask_px=5090, contours=22, largest=area:1240,box:46x49,aspect:0.94,reject:width+aspect, hsv_lower=[28, 40, 35], hsv_upper=[95, 255, 255][0m
[INFO] [1783904003.331573981] [orange_hurdle_jump_test]: [0;33m未检测到有效橘色横栏: candidates=0, frame=59, mask_px=4034, contours=18, largest=area:1228,box:40x52,aspect:0.77,reject:width+aspect, hsv_lower=[28, 40, 35], hsv_upper=[95, 255, 255][0m
[INFO] [1783904003.529999037] [orange_hurdle_jump_test]: [0;33m未检测到有效橘色横栏: candidates=0, frame=62, mask_px=3521, contours=12, largest=area:1306,box:38x68,aspect:0.56,reject:width+aspect, hsv_lower=[28, 40, 35], hsv_upper=[95, 255, 255][0m
[INFO] [1783904003.730466351] [orange_hurdle_jump_test]: [0;33m未检测到有效橘色横栏: candidates=0, frame=65, mask_px=2899, contours=13, largest=area:1138,box:46x49,aspect:0.94,reject:area+width+aspect, hsv_lower=[28, 40, 35], hsv_upper=[95, 255, 255][0m
[INFO] [1783904003.998326524] [orange_hurdle_jump_test]: [0;33m未检测到有效橘色横栏: candidates=0, frame=69, mask_px=2009, contours=10, largest=area:1088,box:38x48,aspect:0.79,reject:area+width+aspect, hsv_lower=[28, 40, 35], hsv_upper=[95, 255, 255][0m
[INFO] [1783904004.263961936] [orange_hurdle_jump_test]: [0;33m未检测到有效橘色横栏: candidates=0, frame=73, mask_px=1763, contours=8, largest=area:979,box:38x63,aspect:0.60,reject:area+width+aspect, hsv_lower=[28, 40, 35], hsv_upper=[95, 255, 255][0m
[INFO] [1783904004.531430855] [orange_hurdle_jump_test]: [0;33m未检测到有效橘色横栏: candidates=0, frame=77, mask_px=1170, contours=8, largest=area:802,box:28x47,aspect:0.60,reject:area+width+aspect, hsv_lower=[28, 40, 35], hsv_upper=[95, 255, 255][0m
[INFO] [1783904004.799010917] [orange_hurdle_jump_test]: [0;33m未检测到有效橘色横栏: candidates=0, frame=81, mask_px=1121, contours=6, largest=area:456,box:28x23,aspect:1.22,reject:area+width+height+aspect, hsv_lower=[28, 40, 35], hsv_upper=[95, 255, 255][0m
[INFO] [1783904005.064376975] [orange_hurdle_jump_test]: [0;33m未检测到有效橘色横栏: candidates=0, frame=85, mask_px=1015, contours=4, largest=area:584,box:24x46,aspect:0.52,reject:area+width+aspect, hsv_lower=[28, 40, 35], hsv_upper=[95, 255, 255][0m
[INFO] [1783904005.265955640] [orange_hurdle_jump_test]: [0;33m未检测到有效橘色横栏: candidates=0, frame=88, mask_px=201, contours=4, largest=area:74,box:12x9,aspect:1.33,reject:area+width+height, hsv_lower=[28, 40, 35], hsv_upper=[95, 255, 255][0m
[INFO] [1783904005.531291527] [orange_hurdle_jump_test]: [0;33m未检测到有效橘色横栏: candidates=0, frame=92, mask_px=116, contours=3, largest=area:42,box:8x7,aspect:1.14,reject:area+width+height+aspect, hsv_lower=[28, 40, 35], hsv_upper=[95, 255, 255][0m
[INFO] [1783904005.731905464] [orange_hurdle_jump_test]: [0;33m未检测到有效橘色横栏: candidates=0, frame=95, mask_px=240, contours=5, largest=area:62,box:14x7,aspect:2.00,reject:area+width+height, hsv_lower=[28, 40, 35], hsv_upper=[95, 255, 255][0m
[INFO] [1783904005.932039432] [orange_hurdle_jump_test]: [0;33m未检测到有效橘色横栏: candidates=0, frame=98, mask_px=162, contours=3, largest=area:78,box:17x7,aspect:2.43,reject:area+width+height, hsv_lower=[28, 40, 35], hsv_upper=[95, 255, 255][0m
[INFO] [1783904006.137238335] [orange_hurdle_jump_test]: [0;33m未检测到有效橘色横栏: candidates=0, frame=101, mask_px=151, contours=5, largest=area:25,box:6x6,aspect:1.00,reject:area+width+height+aspect, hsv_lower=[28, 40, 35], hsv_upper=[95, 255, 255][0m
[INFO] [1783904006.400956704] [orange_hurdle_jump_test]: [0;33m未检测到有效橘色横栏: candidates=0, frame=105, mask_px=54, contours=2, largest=area:20,box:6x5,aspect:1.20,reject:area+width+height+aspect, hsv_lower=[28, 40, 35], hsv_upper=[95, 255, 255][0m
[INFO] [1783904006.599715078] [orange_hurdle_jump_test]: [0;33m未检测到有效橘色横栏: candidates=0, frame=108, mask_px=48, contours=2, largest=area:20,box:6x5,aspect:1.20,reject:area+width+height+aspect, hsv_lower=[28, 40, 35], hsv_upper=[95, 255, 255][0m
[INFO] [1783904006.799274936] [orange_hurdle_jump_test]: [0;33m未检测到有效橘色横栏: candidates=0, frame=111, mask_px=0, contours=0, reject=no_hsv_blob, hsv_lower=[28, 40, 35], hsv_upper=[95, 255, 255][0m
[INFO] [1783904007.066136725] [orange_hurdle_jump_test]: [0;33m未检测到有效橘色横栏: candidates=0, frame=115, mask_px=159, contours=5, largest=area:32,box:7x7,aspect:1.00,reject:area+width+height+aspect, hsv_lower=[28, 40, 35], hsv_upper=[95, 255, 255][0m
[INFO] [1783904007.332833817] [orange_hurdle_jump_test]: [0;33m未检测到有效橘色横栏: candidates=0, frame=119, mask_px=218, contours=3, largest=area:128,box:18x11,aspect:1.64,reject:area+width+height, hsv_lower=[28, 40, 35], hsv_upper=[95, 255, 255][0m
[INFO] [1783904007.534240174] [orange_hurdle_jump_test]: [0;33m未检测到有效橘色横栏: candidates=0, frame=122, mask_px=302, contours=6, largest=area:110,box:16x13,aspect:1.23,reject:area+width+height+aspect, hsv_lower=[28, 40, 35], hsv_upper=[95, 255, 255][0m
[INFO] [1783904007.732948796] [orange_hurdle_jump_test]: [0;33m未检测到有效橘色横栏: candidates=0, frame=125, mask_px=300, contours=2, largest=area:140,box:20x11,aspect:1.82,reject:area+width+height, hsv_lower=[28, 40, 35], hsv_upper=[95, 255, 255][0m
[INFO] [1783904007.934390737] [orange_hurdle_jump_test]: [0;33m未检测到有效橘色横栏: candidates=0, frame=128, mask_px=46, contours=1, largest=area:34,box:8x6,aspect:1.33,reject:area+width+height, hsv_lower=[28, 40, 35], hsv_upper=[95, 255, 255][0m
[INFO] [1783904008.151644942] [orange_hurdle_jump_test]: [0;33m未检测到有效橘色横栏: candidates=0, frame=131, mask_px=70, contours=2, largest=area:28,box:8x5,aspect:1.60,reject:area+width+height, hsv_lower=[28, 40, 35], hsv_upper=[95, 255, 255][0m
[INFO] [1783904008.400635413] [orange_hurdle_jump_test]: [0;33m未检测到有效橘色横栏: candidates=0, frame=135, mask_px=24, contours=1, largest=area:15,box:4x6,aspect:0.67,reject:area+width+height+aspect, hsv_lower=[28, 40, 35], hsv_upper=[95, 255, 255][0m
[INFO] [1783904008.602847747] [orange_hurdle_jump_test]: [0;33m未检测到有效橘色横栏: candidates=0, frame=138, mask_px=0, contours=0, reject=no_hsv_blob, hsv_lower=[28, 40, 35], hsv_upper=[95, 255, 255][0m
[INFO] [1783904008.868198459] [orange_hurdle_jump_test]: [0;33m未检测到有效橘色横栏: candidates=0, frame=142, mask_px=30, contours=1, largest=area:20,box:6x5,aspect:1.20,reject:area+width+height+aspect, hsv_lower=[28, 40, 35], hsv_upper=[95, 255, 255][0m
[INFO] [1783904009.068185911] [orange_hurdle_jump_test]: [0;33m未检测到有效橘色横栏: candidates=0, frame=145, mask_px=116, contours=2, largest=area:52,box:8x9,aspect:0.89,reject:area+width+height+aspect, hsv_lower=[28, 40, 35], hsv_upper=[95, 255, 255][0m
[INFO] [1783904009.334514867] [orange_hurdle_jump_test]: [0;33m未检测到有效橘色横栏: candidates=0, frame=149, mask_px=75, contours=2, largest=area:28,box:7x6,aspect:1.17,reject:area+width+height+aspect, hsv_lower=[28, 40, 35], hsv_upper=[95, 255, 255][0m
[INFO] [1783904009.535505680] [orange_hurdle_jump_test]: [0;33m未检测到有效橘色横栏: candidates=0, frame=152, mask_px=120, contours=1, largest=area:96,box:16x10,aspect:1.60,reject:area+width+height, hsv_lower=[28, 40, 35], hsv_upper=[95, 255, 255][0m
[INFO] [1783904009.801160700] [orange_hurdle_jump_test]: [0;33m未检测到有效橘色横栏: candidates=0, frame=156, mask_px=102, contours=3, largest=area:25,box:6x6,aspect:1.00,reject:area+width+height+aspect, hsv_lower=[28, 40, 35], hsv_upper=[95, 255, 255][0m
[INFO] [1783904010.004227601] [orange_hurdle_jump_test]: [0;33m未检测到有效橘色横栏: candidates=0, frame=159, mask_px=229, contours=4, largest=area:60,box:10x8,aspect:1.25,reject:area+width+height, hsv_lower=[28, 40, 35], hsv_upper=[95, 255, 255][0m
[INFO] [1783904010.268795350] [orange_hurdle_jump_test]: [0;33m未检测到有效橘色横栏: candidates=0, frame=163, mask_px=96, contours=3, largest=area:25,box:6x6,aspect:1.00,reject:area+width+height+aspect, hsv_lower=[28, 40, 35], hsv_upper=[95, 255, 255][0m
[INFO] [1783904010.536297293] [orange_hurdle_jump_test]: [0;33m未检测到有效橘色横栏: candidates=0, frame=167, mask_px=249, contours=4, largest=area:86,box:18x9,aspect:2.00,reject:area+width+height, hsv_lower=[28, 40, 35], hsv_upper=[95, 255, 255][0m
[INFO] [1783904010.801495497] [orange_hurdle_jump_test]: [0;33m未检测到有效橘色横栏: candidates=0, frame=171, mask_px=162, contours=2, largest=area:110,box:10x20,aspect:0.50,reject:area+width+height+aspect, hsv_lower=[28, 40, 35], hsv_upper=[95, 255, 255][0m
[INFO] [1783904011.001636952] [orange_hurdle_jump_test]: [0;33m未检测到有效橘色横栏: candidates=0, frame=174, mask_px=0, contours=0, reject=no_hsv_blob, hsv_lower=[28, 40, 35], hsv_upper=[95, 255, 255][0m
[INFO] [1783904011.202234118] [orange_hurdle_jump_test]: [0;33m未检测到有效橘色横栏: candidates=0, frame=177, mask_px=0, contours=0, reject=no_hsv_blob, hsv_lower=[28, 40, 35], hsv_upper=[95, 255, 255][0m
[INFO] [1783904011.402186049] [orange_hurdle_jump_test]: [0;33m未检测到有效橘色横栏: candidates=0, frame=180, mask_px=0, contours=0, reject=no_hsv_blob, hsv_lower=[28, 40, 35], hsv_upper=[95, 255, 255][0m
[INFO] [1783904011.602590236] [orange_hurdle_jump_test]: [0;33m未检测到有效橘色横栏: candidates=0, frame=183, mask_px=25, contours=1, largest=area:16,box:5x5,aspect:1.00,reject:area+width+height+aspect, hsv_lower=[28, 40, 35], hsv_upper=[95, 255, 255][0m
[INFO] [1783904011.804477400] [orange_hurdle_jump_test]: [0;33m未检测到有效橘色横栏: candidates=0, frame=186, mask_px=170, contours=4, largest=area:47,box:12x8,aspect:1.50,reject:area+width+height, hsv_lower=[28, 40, 35], hsv_upper=[95, 255, 255][0m
[INFO] [1783904012.069998406] [orange_hurdle_jump_test]: [0;33m未检测到有效橘色横栏: candidates=0, frame=190, mask_px=488, contours=4, largest=area:226,box:16x18,aspect:0.89,reject:area+width+height+aspect, hsv_lower=[28, 40, 35], hsv_upper=[95, 255, 255][0m
[INFO] [1783904012.336442288] [orange_hurdle_jump_test]: [0;33m未检测到有效橘色横栏: candidates=0, frame=194, mask_px=18, contours=1, largest=area:10,box:6x3,aspect:2.00,reject:area+width+height, hsv_lower=[28, 40, 35], hsv_upper=[95, 255, 255][0m
[INFO] [1783904012.536794788] [orange_hurdle_jump_test]: [0;33m未检测到有效橘色横栏: candidates=0, frame=197, mask_px=15, contours=1, largest=area:8,box:5x3,aspect:1.67,reject:area+width+height, hsv_lower=[28, 40, 35], hsv_upper=[95, 255, 255][0m
[INFO] [1783904012.807046440] [orange_hurdle_jump_test]: [0;33m未检测到有效橘色横栏: candidates=0, frame=201, mask_px=0, contours=0, reject=no_hsv_blob, hsv_lower=[28, 40, 35], hsv_upper=[95, 255, 255][0m
[INFO] [1783904013.005445948] [orange_hurdle_jump_test]: [0;33m未检测到有效橘色横栏: candidates=0, frame=204, mask_px=15, contours=1, largest=area:8,box:5x3,aspect:1.67,reject:area+width+height, hsv_lower=[28, 40, 35], hsv_upper=[95, 255, 255][0m
[INFO] [1783904013.270701386] [orange_hurdle_jump_test]: [0;33m未检测到有效橘色横栏: candidates=0, frame=208, mask_px=0, contours=0, reject=no_hsv_blob, hsv_lower=[28, 40, 35], hsv_upper=[95, 255, 255][0m
[INFO] [1783904013.538631854] [orange_hurdle_jump_test]: [0;33m未检测到有效橘色横栏: candidates=0, frame=212, mask_px=0, contours=0, reject=no_hsv_blob, hsv_lower=[28, 40, 35], hsv_upper=[95, 255, 255][0m
[INFO] [1783904013.804974223] [orange_hurdle_jump_test]: [0;33m未检测到有效橘色横栏: candidates=0, frame=216, mask_px=0, contours=0, reject=no_hsv_blob, hsv_lower=[28, 40, 35], hsv_upper=[95, 255, 255][0m
[INFO] [1783904014.004499853] [orange_hurdle_jump_test]: [0;33m未检测到有效橘色横栏: candidates=0, frame=219, mask_px=0, contours=0, reject=no_hsv_blob, hsv_lower=[28, 40, 35], hsv_upper=[95, 255, 255][0m
[INFO] [1783904014.271690474] [orange_hurdle_jump_test]: [0;33m未检测到有效橘色横栏: candidates=0, frame=223, mask_px=0, contours=0, reject=no_hsv_blob, hsv_lower=[28, 40, 35], hsv_upper=[95, 255, 255][0m
[INFO] [1783904014.537983941] [orange_hurdle_jump_test]: [0;33m未检测到有效橘色横栏: candidates=0, frame=227, mask_px=0, contours=0, reject=no_hsv_blob, hsv_lower=[28, 40, 35], hsv_upper=[95, 255, 255][0m
[INFO] [1783904014.806163492] [orange_hurdle_jump_test]: [0;33m未检测到有效橘色横栏: candidates=0, frame=231, mask_px=36, contours=1, largest=area:24,box:4x9,aspect:0.44,reject:area+width+height+aspect, hsv_lower=[28, 40, 35], hsv_upper=[95, 255, 255][0m
[INFO] [1783904015.008506763] [orange_hurdle_jump_test]: [0;33m未检测到有效橘色横栏: candidates=0, frame=234, mask_px=0, contours=0, reject=no_hsv_blob, hsv_lower=[28, 40, 35], hsv_upper=[95, 255, 255][0m
[INFO] [1783904015.205433900] [orange_hurdle_jump_test]: [0;33m未检测到有效橘色横栏: candidates=0, frame=237, mask_px=0, contours=0, reject=no_hsv_blob, hsv_lower=[28, 40, 35], hsv_upper=[95, 255, 255][0m
[INFO] [1783904015.406377570] [orange_hurdle_jump_test]: [0;33m未检测到有效橘色横栏: candidates=0, frame=240, mask_px=0, contours=0, reject=no_hsv_blob, hsv_lower=[28, 40, 35], hsv_upper=[95, 255, 255][0m
[INFO] [1783904015.672864875] [orange_hurdle_jump_test]: [0;33m未检测到有效橘色横栏: candidates=0, frame=244, mask_px=18, contours=1, largest=area:10,box:6x3,aspect:2.00,reject:area+width+height, hsv_lower=[28, 40, 35], hsv_upper=[95, 255, 255][0m
[INFO] [1783904015.872352813] [orange_hurdle_jump_test]: [0;33m未检测到有效橘色横栏: candidates=0, frame=247, mask_px=0, contours=0, reject=no_hsv_blob, hsv_lower=[28, 40, 35], hsv_upper=[95, 255, 255][0m
[INFO] [1783904016.138922664] [orange_hurdle_jump_test]: [0;33m未检测到有效橘色横栏: candidates=0, frame=251, mask_px=20, contours=1, largest=area:12,box:4x5,aspect:0.80,reject:area+width+height+aspect, hsv_lower=[28, 40, 35], hsv_upper=[95, 255, 255][0m
[INFO] [1783904016.338948802] [orange_hurdle_jump_test]: [0;33m未检测到有效橘色横栏: candidates=0, frame=254, mask_px=0, contours=0, reject=no_hsv_blob, hsv_lower=[28, 40, 35], hsv_upper=[95, 255, 255][0m
[INFO] [1783904016.539740668] [orange_hurdle_jump_test]: [0;33m未检测到有效橘色横栏: candidates=0, frame=257, mask_px=30, contours=1, largest=area:20,box:6x5,aspect:1.20,reject:area+width+height+aspect, hsv_lower=[28, 40, 35], hsv_upper=[95, 255, 255][0m
[INFO] [1783904016.740161184] [orange_hurdle_jump_test]: [0;33m未检测到有效橘色横栏: candidates=0, frame=260, mask_px=0, contours=0, reject=no_hsv_blob, hsv_lower=[28, 40, 35], hsv_upper=[95, 255, 255][0m
[INFO] [1783904016.940348110] [orange_hurdle_jump_test]: [0;33m未检测到有效橘色横栏: candidates=0, frame=263, mask_px=0, contours=0, reject=no_hsv_blob, hsv_lower=[28, 40, 35], hsv_upper=[95, 255, 255][0m
[INFO] [1783904017.206983039] [orange_hurdle_jump_test]: [0;33m未检测到有效橘色横栏: candidates=0, frame=267, mask_px=18, contours=1, largest=area:10,box:6x3,aspect:2.00,reject:area+width+height, hsv_lower=[28, 40, 35], hsv_upper=[95, 255, 255][0m
[INFO] [1783904017.407133224] [orange_hurdle_jump_test]: [0;33m未检测到有效橘色横栏: candidates=0, frame=270, mask_px=30, contours=1, largest=area:20,box:6x5,aspect:1.20,reject:area+width+height+aspect, hsv_lower=[28, 40, 35], hsv_upper=[95, 255, 255][0m
[INFO] [1783904017.611051642] [orange_hurdle_jump_test]: [0;33m未检测到有效橘色横栏: candidates=0, frame=273, mask_px=30, contours=1, largest=area:20,box:6x5,aspect:1.20,reject:area+width+height+aspect, hsv_lower=[28, 40, 35], hsv_upper=[95, 255, 255][0m
[INFO] [1783904017.873904622] [orange_hurdle_jump_test]: [0;33m未检测到有效橘色横栏: candidates=0, frame=277, mask_px=0, contours=0, reject=no_hsv_blob, hsv_lower=[28, 40, 35], hsv_upper=[95, 255, 255][0m
[INFO] [1783904018.074252475] [orange_hurdle_jump_test]: [0;33m未检测到有效橘色横栏: candidates=0, frame=280, mask_px=0, contours=0, reject=no_hsv_blob, hsv_lower=[28, 40, 35], hsv_upper=[95, 255, 255][0m
[INFO] [1783904018.341608316] [orange_hurdle_jump_test]: [0;33m未检测到有效橘色横栏: candidates=0, frame=284, mask_px=57, contours=1, largest=area:42,box:9x7,aspect:1.29,reject:area+width+height, hsv_lower=[28, 40, 35], hsv_upper=[95, 255, 255][0m
[INFO] [1783904018.542543743] [orange_hurdle_jump_test]: [0;33m未检测到有效橘色横栏: candidates=0, frame=287, mask_px=0, contours=0, reject=no_hsv_blob, hsv_lower=[28, 40, 35], hsv_upper=[95, 255, 255][0m
[INFO] [1783904018.811845593] [orange_hurdle_jump_test]: [0;33m未检测到有效橘色横栏: candidates=0, frame=291, mask_px=222, contours=3, largest=area:154,box:16x14,aspect:1.14,reject:area+width+height+aspect, hsv_lower=[28, 40, 35], hsv_upper=[95, 255, 255][0m
[INFO] [1783904019.074909525] [orange_hurdle_jump_test]: [0;33m未检测到有效橘色横栏: candidates=0, frame=295, mask_px=0, contours=0, reject=no_hsv_blob, hsv_lower=[28, 40, 35], hsv_upper=[95, 255, 255][0m
[INFO] [1783904019.275944742] [orange_hurdle_jump_test]: [0;33m未检测到有效橘色横栏: candidates=0, frame=298, mask_px=0, contours=0, reject=no_hsv_blob, hsv_lower=[28, 40, 35], hsv_upper=[95, 255, 255][0m
[INFO] [1783904019.475055746] [orange_hurdle_jump_test]: [0;33m未检测到有效橘色横栏: candidates=0, frame=301, mask_px=0, contours=0, reject=no_hsv_blob, hsv_lower=[28, 40, 35], hsv_upper=[95, 255, 255][0m
[INFO] [1783904019.744835258] [orange_hurdle_jump_test]: [0;33m未检测到有效橘色横栏: candidates=0, frame=305, mask_px=45, contours=1, largest=area:28,box:3x15,aspect:0.20,reject:area+width+height+aspect, hsv_lower=[28, 40, 35], hsv_upper=[95, 255, 255][0m
[INFO] [1783904020.009493065] [orange_hurdle_jump_test]: [0;33m未检测到有效橘色横栏: candidates=0, frame=309, mask_px=0, contours=0, reject=no_hsv_blob, hsv_lower=[28, 40, 35], hsv_upper=[95, 255, 255][0m
[INFO] [1783904020.209730470] [orange_hurdle_jump_test]: [0;33m未检测到有效橘色横栏: candidates=0, frame=312, mask_px=0, contours=0, reject=no_hsv_blob, hsv_lower=[28, 40, 35], hsv_upper=[95, 255, 255][0m
[INFO] [1783904020.475902518] [orange_hurdle_jump_test]: [0;33m未检测到有效橘色横栏: candidates=0, frame=316, mask_px=0, contours=0, reject=no_hsv_blob, hsv_lower=[28, 40, 35], hsv_upper=[95, 255, 255][0m
[INFO] [1783904020.676374942] [orange_hurdle_jump_test]: [0;33m未检测到有效橘色横栏: candidates=0, frame=319, mask_px=0, contours=0, reject=no_hsv_blob, hsv_lower=[28, 40, 35], hsv_upper=[95, 255, 255][0m
[INFO] [1783904020.876468306] [orange_hurdle_jump_test]: [0;33m未检测到有效橘色横栏: candidates=0, frame=322, mask_px=0, contours=0, reject=no_hsv_blob, hsv_lower=[28, 40, 35], hsv_upper=[95, 255, 255][0m
[INFO] [1783904021.076469170] [orange_hurdle_jump_test]: [0;33m未检测到有效橘色横栏: candidates=0, frame=325, mask_px=0, contours=0, reject=no_hsv_blob, hsv_lower=[28, 40, 35], hsv_upper=[95, 255, 255][0m
[INFO] [1783904021.343599219] [orange_hurdle_jump_test]: [0;33m未检测到有效橘色横栏: candidates=0, frame=329, mask_px=0, contours=0, reject=no_hsv_blob, hsv_lower=[28, 40, 35], hsv_upper=[95, 255, 255][0m
[INFO] [1783904021.543301746] [orange_hurdle_jump_test]: [0;33m未检测到有效橘色横栏: candidates=0, frame=332, mask_px=0, contours=0, reject=no_hsv_blob, hsv_lower=[28, 40, 35], hsv_upper=[95, 255, 255][0m
[INFO] [1783904021.743611231] [orange_hurdle_jump_test]: [0;33m未检测到有效橘色横栏: candidates=0, frame=335, mask_px=20, contours=1, largest=area:12,box:4x5,aspect:0.80,reject:area+width+height+aspect, hsv_lower=[28, 40, 35], hsv_upper=[95, 255, 255][0m
[INFO] [1783904021.943826920] [orange_hurdle_jump_test]: [0;33m未检测到有效橘色横栏: candidates=0, frame=338, mask_px=36, contours=1, largest=area:24,box:6x7,aspect:0.86,reject:area+width+height+aspect, hsv_lower=[28, 40, 35], hsv_upper=[95, 255, 255][0m
[INFO] [1783904022.210407256] [orange_hurdle_jump_test]: [0;33m未检测到有效橘色横栏: candidates=0, frame=342, mask_px=0, contours=0, reject=no_hsv_blob, hsv_lower=[28, 40, 35], hsv_upper=[95, 255, 255][0m
[INFO] [1783904022.410606012] [orange_hurdle_jump_test]: [0;33m未检测到有效橘色横栏: candidates=0, frame=345, mask_px=0, contours=0, reject=no_hsv_blob, hsv_lower=[28, 40, 35], hsv_upper=[95, 255, 255][0m
[INFO] [1783904022.613308845] [orange_hurdle_jump_test]: [0;33m未检测到有效橘色横栏: candidates=0, frame=348, mask_px=20, contours=1, largest=area:12,box:4x5,aspect:0.80,reject:area+width+height+aspect, hsv_lower=[28, 40, 35], hsv_upper=[95, 255, 255][0m
[INFO] [1783904022.876962376] [orange_hurdle_jump_test]: [0;33m未检测到有效橘色横栏: candidates=0, frame=352, mask_px=0, contours=0, reject=no_hsv_blob, hsv_lower=[28, 40, 35], hsv_upper=[95, 255, 255][0m
[INFO] [1783904023.091997535] [orange_hurdle_jump_test]: [0;33m未检测到有效橘色横栏: candidates=0, frame=355, mask_px=0, contours=0, reject=no_hsv_blob, hsv_lower=[28, 40, 35], hsv_upper=[95, 255, 255][0m
[INFO] [1783904023.344384379] [orange_hurdle_jump_test]: [0;33m未检测到有效橘色横栏: candidates=0, frame=359, mask_px=0, contours=0, reject=no_hsv_blob, hsv_lower=[28, 40, 35], hsv_upper=[95, 255, 255][0m
[INFO] [1783904023.544315271] [orange_hurdle_jump_test]: [0;33m未检测到有效橘色横栏: candidates=0, frame=362, mask_px=0, contours=0, reject=no_hsv_blob, hsv_lower=[28, 40, 35], hsv_upper=[95, 255, 255][0m
[INFO] [1783904023.745624917] [orange_hurdle_jump_test]: [0;33m未检测到有效橘色横栏: candidates=0, frame=365, mask_px=0, contours=0, reject=no_hsv_blob, hsv_lower=[28, 40, 35], hsv_upper=[95, 255, 255][0m
[INFO] [1783904024.011742209] [orange_hurdle_jump_test]: [0;33m未检测到有效橘色横栏: candidates=0, frame=369, mask_px=0, contours=0, reject=no_hsv_blob, hsv_lower=[28, 40, 35], hsv_upper=[95, 255, 255][0m
[INFO] [1783904024.212231932] [orange_hurdle_jump_test]: [0;33m未检测到有效橘色横栏: candidates=0, frame=372, mask_px=0, contours=0, reject=no_hsv_blob, hsv_lower=[28, 40, 35], hsv_upper=[95, 255, 255][0m
[INFO] [1783904024.481688734] [orange_hurdle_jump_test]: [0;33m未检测到有效橘色横栏: candidates=0, frame=376, mask_px=0, contours=0, reject=no_hsv_blob, hsv_lower=[28, 40, 35], hsv_upper=[95, 255, 255][0m
[INFO] [1783904024.678825003] [orange_hurdle_jump_test]: [0;33m未检测到有效橘色横栏: candidates=0, frame=379, mask_px=0, contours=0, reject=no_hsv_blob, hsv_lower=[28, 40, 35], hsv_upper=[95, 255, 255][0m
[INFO] [1783904024.879272230] [orange_hurdle_jump_test]: [0;33m未检测到有效橘色横栏: candidates=0, frame=382, mask_px=25, contours=1, largest=area:16,box:5x5,aspect:1.00,reject:area+width+height+aspect, hsv_lower=[28, 40, 35], hsv_upper=[95, 255, 255][0m
[INFO] [1783904025.146562678] [orange_hurdle_jump_test]: [0;33m未检测到有效橘色横栏: candidates=0, frame=386, mask_px=0, contours=0, reject=no_hsv_blob, hsv_lower=[28, 40, 35], hsv_upper=[95, 255, 255][0m
[INFO] [1783904025.412730763] [orange_hurdle_jump_test]: [0;33m未检测到有效橘色横栏: candidates=0, frame=390, mask_px=0, contours=0, reject=no_hsv_blob, hsv_lower=[28, 40, 35], hsv_upper=[95, 255, 255][0m
[INFO] [1783904025.613593802] [orange_hurdle_jump_test]: [0;33m未检测到有效橘色横栏: candidates=0, frame=393, mask_px=20, contours=1, largest=area:12,box:4x5,aspect:0.80,reject:area+width+height+aspect, hsv_lower=[28, 40, 35], hsv_upper=[95, 255, 255][0m
[INFO] [1783904025.880832612] [orange_hurdle_jump_test]: [0;33m未检测到有效橘色横栏: candidates=0, frame=397, mask_px=0, contours=0, reject=no_hsv_blob, hsv_lower=[28, 40, 35], hsv_upper=[95, 255, 255][0m
[INFO] [1783904026.150341588] [orange_hurdle_jump_test]: [0;33m未检测到有效橘色横栏: candidates=0, frame=401, mask_px=0, contours=0, reject=no_hsv_blob, hsv_lower=[28, 40, 35], hsv_upper=[95, 255, 255][0m
[INFO] [1783904026.414150921] [orange_hurdle_jump_test]: [0;33m未检测到有效橘色横栏: candidates=0, frame=405, mask_px=36, contours=1, largest=area:25,box:6x6,aspect:1.00,reject:area+width+height+aspect, hsv_lower=[28, 40, 35], hsv_upper=[95, 255, 255][0m
[INFO] [1783904026.618168913] [orange_hurdle_jump_test]: [0;33m未检测到有效橘色横栏: candidates=0, frame=408, mask_px=30, contours=1, largest=area:20,box:6x5,aspect:1.20,reject:area+width+height+aspect, hsv_lower=[28, 40, 35], hsv_upper=[95, 255, 255][0m
[INFO] [1783904026.819188391] [orange_hurdle_jump_test]: [0;33m未检测到有效橘色横栏: candidates=0, frame=411, mask_px=59, contours=1, largest=area:46,box:8x8,aspect:1.00,reject:area+width+height+aspect, hsv_lower=[28, 40, 35], hsv_upper=[95, 255, 255][0m
[INFO] [1783904027.081446502] [orange_hurdle_jump_test]: [0;33m未检测到有效橘色横栏: candidates=0, frame=415, mask_px=48, contours=1, largest=area:35,box:6x8,aspect:0.75,reject:area+width+height+aspect, hsv_lower=[28, 40, 35], hsv_upper=[95, 255, 255][0m
[INFO] [1783904027.347286966] [orange_hurdle_jump_test]: [0;33m未检测到有效橘色横栏: candidates=0, frame=419, mask_px=30, contours=1, largest=area:20,box:6x5,aspect:1.20,reject:area+width+height+aspect, hsv_lower=[28, 40, 35], hsv_upper=[95, 255, 255][0m
[INFO] [1783904027.549546445] [orange_hurdle_jump_test]: [0;33m未检测到有效橘色横栏: candidates=0, frame=422, mask_px=30, contours=1, largest=area:20,box:6x5,aspect:1.20,reject:area+width+height+aspect, hsv_lower=[28, 40, 35], hsv_upper=[95, 255, 255][0m
[INFO] [1783904027.749415846] [orange_hurdle_jump_test]: [0;33m未检测到有效橘色横栏: candidates=0, frame=425, mask_px=0, contours=0, reject=no_hsv_blob, hsv_lower=[28, 40, 35], hsv_upper=[95, 255, 255][0m
[INFO] [1783904027.948493668] [orange_hurdle_jump_test]: [0;33m未检测到有效橘色横栏: candidates=0, frame=428, mask_px=0, contours=0, reject=no_hsv_blob, hsv_lower=[28, 40, 35], hsv_upper=[95, 255, 255][0m
[INFO] [1783904028.215019262] [orange_hurdle_jump_test]: [0;33m未检测到有效橘色横栏: candidates=0, frame=432, mask_px=0, contours=0, reject=no_hsv_blob, hsv_lower=[28, 40, 35], hsv_upper=[95, 255, 255][0m
[INFO] [1783904028.416237216] [orange_hurdle_jump_test]: [0;33m未检测到有效橘色横栏: candidates=0, frame=435, mask_px=0, contours=0, reject=no_hsv_blob, hsv_lower=[28, 40, 35], hsv_upper=[95, 255, 255][0m
[INFO] [1783904028.615056547] [orange_hurdle_jump_test]: [0;33m未检测到有效橘色横栏: candidates=0, frame=438, mask_px=0, contours=0, reject=no_hsv_blob, hsv_lower=[28, 40, 35], hsv_upper=[95, 255, 255][0m
[INFO] [1783904028.815765218] [orange_hurdle_jump_test]: [0;33m未检测到有效橘色横栏: candidates=0, frame=441, mask_px=0, contours=0, reject=no_hsv_blob, hsv_lower=[28, 40, 35], hsv_upper=[95, 255, 255][0m
[INFO] [1783904029.020725839] [orange_hurdle_jump_test]: [0;33m未检测到有效橘色横栏: candidates=0, frame=444, mask_px=0, contours=0, reject=no_hsv_blob, hsv_lower=[28, 40, 35], hsv_upper=[95, 255, 255][0m
[INFO] [1783904029.284131978] [orange_hurdle_jump_test]: [0;33m未检测到有效橘色横栏: candidates=0, frame=448, mask_px=0, contours=0, reject=no_hsv_blob, hsv_lower=[28, 40, 35], hsv_upper=[95, 255, 255][0m
[INFO] [1783904029.548998035] [orange_hurdle_jump_test]: [0;33m未检测到有效橘色横栏: candidates=0, frame=452, mask_px=0, contours=0, reject=no_hsv_blob, hsv_lower=[28, 40, 35], hsv_upper=[95, 255, 255][0m
[INFO] [1783904029.749869789] [orange_hurdle_jump_test]: [0;33m未检测到有效橘色横栏: candidates=0, frame=455, mask_px=0, contours=0, reject=no_hsv_blob, hsv_lower=[28, 40, 35], hsv_upper=[95, 255, 255][0m
[INFO] [1783904029.954222813] [orange_hurdle_jump_test]: [0;33m未检测到有效橘色横栏: candidates=0, frame=458, mask_px=0, contours=0, reject=no_hsv_blob, hsv_lower=[28, 40, 35], hsv_upper=[95, 255, 255][0m
[INFO] [1783904030.219232064] [orange_hurdle_jump_test]: [0;33m未检测到有效橘色横栏: candidates=0, frame=462, mask_px=58, contours=1, largest=area:44,box:10x6,aspect:1.67,reject:area+width+height, hsv_lower=[28, 40, 35], hsv_upper=[95, 255, 255][0m
[INFO] [1783904030.416277802] [orange_hurdle_jump_test]: [0;33m未检测到有效橘色横栏: candidates=0, frame=465, mask_px=0, contours=0, reject=no_hsv_blob, hsv_lower=[28, 40, 35], hsv_upper=[95, 255, 255][0m
[INFO] [1783904030.683540897] [orange_hurdle_jump_test]: [0;33m未检测到有效橘色横栏: candidates=0, frame=469, mask_px=123, contours=3, largest=area:38,box:9x7,aspect:1.29,reject:area+width+height, hsv_lower=[28, 40, 35], hsv_upper=[95, 255, 255][0m
[INFO] [1783904030.883771286] [orange_hurdle_jump_test]: [0;33m未检测到有效橘色横栏: candidates=0, frame=472, mask_px=147, contours=2, largest=area:66,box:16x6,aspect:2.67,reject:area+width+height, hsv_lower=[28, 40, 35], hsv_upper=[95, 255, 255][0m
[INFO] [1783904031.153068588] [orange_hurdle_jump_test]: [0;33m未检测到有效橘色横栏: candidates=0, frame=476, mask_px=50, contours=1, largest=area:36,box:10x5,aspect:2.00,reject:area+width+height, hsv_lower=[28, 40, 35], hsv_upper=[95, 255, 255][0m
[INFO] [1783904031.351044515] [orange_hurdle_jump_test]: [0;33m未检测到有效橘色横栏: candidates=0, frame=479, mask_px=151, contours=3, largest=area:54,box:10x8,aspect:1.25,reject:area+width+height, hsv_lower=[28, 40, 35], hsv_upper=[95, 255, 255][0m
[INFO] [1783904031.617482571] [orange_hurdle_jump_test]: [0;33m未检测到有效橘色横栏: candidates=0, frame=483, mask_px=101, contours=3, largest=area:40,box:8x8,aspect:1.00,reject:area+width+height+aspect, hsv_lower=[28, 40, 35], hsv_upper=[95, 255, 255][0m
[INFO] [1783904031.817930865] [orange_hurdle_jump_test]: [0;33m未检测到有效橘色横栏: candidates=0, frame=486, mask_px=0, contours=0, reject=no_hsv_blob, hsv_lower=[28, 40, 35], hsv_upper=[95, 255, 255][0m
[INFO] [1783904032.018101241] [orange_hurdle_jump_test]: [0;33m未检测到有效橘色横栏: candidates=0, frame=489, mask_px=108, contours=2, largest=area:62,box:10x8,aspect:1.25,reject:area+width+height, hsv_lower=[28, 40, 35], hsv_upper=[95, 255, 255][0m
[INFO] [1783904032.284739826] [orange_hurdle_jump_test]: [0;33m未检测到有效橘色横栏: candidates=0, frame=493, mask_px=309, contours=6, largest=area:92,box:19x12,aspect:1.58,reject:area+width+height, hsv_lower=[28, 40, 35], hsv_upper=[95, 255, 255][0m
[INFO] [1783904032.488240621] [orange_hurdle_jump_test]: [0;33m未检测到有效橘色横栏: candidates=0, frame=496, mask_px=126, contours=2, largest=area:51,box:4x18,aspect:0.22,reject:area+width+height+aspect, hsv_lower=[28, 40, 35], hsv_upper=[95, 255, 255][0m
[INFO] [1783904032.751527033] [orange_hurdle_jump_test]: [0;33m未检测到有效橘色横栏: candidates=0, frame=500, mask_px=382, contours=4, largest=area:210,box:8x33,aspect:0.24,reject:area+width+height+aspect, hsv_lower=[28, 40, 35], hsv_upper=[95, 255, 255][0m
[INFO] [1783904032.953360429] [orange_hurdle_jump_test]: [0;33m未检测到有效橘色横栏: candidates=0, frame=503, mask_px=503, contours=2, largest=area:383,box:15x45,aspect:0.33,reject:area+width+aspect, hsv_lower=[28, 40, 35], hsv_upper=[95, 255, 255][0m
[INFO] [1783904033.168546497] [orange_hurdle_jump_test]: [0;33m未检测到有效橘色横栏: candidates=0, frame=506, mask_px=0, contours=0, reject=no_hsv_blob, hsv_lower=[28, 40, 35], hsv_upper=[95, 255, 255][0m
[INFO] [1783904033.418700787] [orange_hurdle_jump_test]: [0;33m未检测到有效橘色横栏: candidates=0, frame=510, mask_px=0, contours=0, reject=no_hsv_blob, hsv_lower=[28, 40, 35], hsv_upper=[95, 255, 255][0m
[INFO] [1783904033.620375260] [orange_hurdle_jump_test]: [0;33m未检测到有效橘色横栏: candidates=0, frame=513, mask_px=58, contours=1, largest=area:44,box:10x6,aspect:1.67,reject:area+width+height, hsv_lower=[28, 40, 35], hsv_upper=[95, 255, 255][0m
[INFO] [1783904033.885708762] [orange_hurdle_jump_test]: [0;33m未检测到有效橘色横栏: candidates=0, frame=517, mask_px=30, contours=1, largest=area:20,box:6x5,aspect:1.20,reject:area+width+height+aspect, hsv_lower=[28, 40, 35], hsv_upper=[95, 255, 255][0m
[INFO] [1783904034.085918528] [orange_hurdle_jump_test]: [0;33m未检测到有效橘色横栏: candidates=0, frame=520, mask_px=0, contours=0, reject=no_hsv_blob, hsv_lower=[28, 40, 35], hsv_upper=[95, 255, 255][0m
[INFO] [1783904034.288080284] [orange_hurdle_jump_test]: [0;33m未检测到有效橘色横栏: candidates=0, frame=523, mask_px=204, contours=3, largest=area:76,box:20x5,aspect:4.00,reject:area+width+height, hsv_lower=[28, 40, 35], hsv_upper=[95, 255, 255][0m
[INFO] [1783904034.554081864] [orange_hurdle_jump_test]: [0;33m未检测到有效橘色横栏: candidates=0, frame=527, mask_px=387, contours=5, largest=area:126,box:28x6,aspect:4.67,reject:area+width+height, hsv_lower=[28, 40, 35], hsv_upper=[95, 255, 255][0m
[INFO] [1783904034.820784079] [orange_hurdle_jump_test]: [0;33m未检测到有效橘色横栏: candidates=0, frame=531, mask_px=68, contours=1, largest=area:52,box:10x9,aspect:1.11,reject:area+width+height+aspect, hsv_lower=[28, 40, 35], hsv_upper=[95, 255, 255][0m
[INFO] [1783904035.087936106] [orange_hurdle_jump_test]: [0;33m未检测到有效橘色横栏: candidates=0, frame=535, mask_px=92, contours=1, largest=area:74,box:13x8,aspect:1.62,reject:area+width+height, hsv_lower=[28, 40, 35], hsv_upper=[95, 255, 255][0m
[INFO] [1783904035.287089159] [orange_hurdle_jump_test]: [0;33m未检测到有效橘色横栏: candidates=0, frame=538, mask_px=30, contours=1, largest=area:20,box:6x5,aspect:1.20,reject:area+width+height+aspect, hsv_lower=[28, 40, 35], hsv_upper=[95, 255, 255][0m
[INFO] [1783904035.554075917] [orange_hurdle_jump_test]: [0;33m未检测到有效橘色横栏: candidates=0, frame=542, mask_px=25, contours=1, largest=area:16,box:5x5,aspect:1.00,reject:area+width+height+aspect, hsv_lower=[28, 40, 35], hsv_upper=[95, 255, 255][0m
[INFO] [1783904035.821135190] [orange_hurdle_jump_test]: [0;33m未检测到有效橘色横栏: candidates=0, frame=546, mask_px=25, contours=1, largest=area:16,box:5x5,aspect:1.00,reject:area+width+height+aspect, hsv_lower=[28, 40, 35], hsv_upper=[95, 255, 255][0m
[INFO] [1783904036.023446909] [orange_hurdle_jump_test]: [0;33m未检测到有效橘色横栏: candidates=0, frame=549, mask_px=58, contours=1, largest=area:44,box:10x6,aspect:1.67,reject:area+width+height, hsv_lower=[28, 40, 35], hsv_upper=[95, 255, 255][0m
[INFO] [1783904036.287586137] [orange_hurdle_jump_test]: [0;33m未检测到有效橘色横栏: candidates=0, frame=553, mask_px=152, contours=3, largest=area:76,box:11x14,aspect:0.79,reject:area+width+height+aspect, hsv_lower=[28, 40, 35], hsv_upper=[95, 255, 255][0m
[INFO] [1783904036.488108939] [orange_hurdle_jump_test]: [0;33m未检测到有效橘色横栏: candidates=0, frame=556, mask_px=0, contours=0, reject=no_hsv_blob, hsv_lower=[28, 40, 35], hsv_upper=[95, 255, 255][0m
[INFO] [1783904036.757599112] [orange_hurdle_jump_test]: [0;33m未检测到有效橘色横栏: candidates=0, frame=560, mask_px=30, contours=1, largest=area:20,box:6x5,aspect:1.20,reject:area+width+height+aspect, hsv_lower=[28, 40, 35], hsv_upper=[95, 255, 255][0m
[INFO] [1783904036.956628843] [orange_hurdle_jump_test]: [0;33m未检测到有效橘色横栏: candidates=0, frame=563, mask_px=145, contours=1, largest=area:119,box:19x10,aspect:1.90,reject:area+width+height, hsv_lower=[28, 40, 35], hsv_upper=[95, 255, 255][0m
[INFO] [1783904037.156496671] [orange_hurdle_jump_test]: [0;33m未检测到有效橘色横栏: candidates=0, frame=566, mask_px=46, contours=1, largest=area:34,box:8x6,aspect:1.33,reject:area+width+height, hsv_lower=[28, 40, 35], hsv_upper=[95, 255, 255][0m
[INFO] [1783904037.421829178] [orange_hurdle_jump_test]: [0;33m未检测到有效橘色横栏: candidates=0, frame=570, mask_px=40, contours=2, largest=area:16,box:5x5,aspect:1.00,reject:area+width+height+aspect, hsv_lower=[28, 40, 35], hsv_upper=[95, 255, 255][0m
[INFO] [1783904037.622184467] [orange_hurdle_jump_test]: [0;33m未检测到有效橘色横栏: candidates=0, frame=573, mask_px=0, contours=0, reject=no_hsv_blob, hsv_lower=[28, 40, 35], hsv_upper=[95, 255, 255][0m
[INFO] [1783904037.822649602] [orange_hurdle_jump_test]: [0;33m未检测到有效橘色横栏: candidates=0, frame=576, mask_px=30, contours=1, largest=area:20,box:6x5,aspect:1.20,reject:area+width+height+aspect, hsv_lower=[28, 40, 35], hsv_upper=[95, 255, 255][0m
[INFO] [1783904038.023918451] [orange_hurdle_jump_test]: [0;33m未检测到有效橘色横栏: candidates=0, frame=579, mask_px=30, contours=1, largest=area:20,box:6x5,aspect:1.20,reject:area+width+height+aspect, hsv_lower=[28, 40, 35], hsv_upper=[95, 255, 255][0m
[INFO] [1783904038.289211718] [orange_hurdle_jump_test]: [0;33m未检测到有效橘色横栏: candidates=0, frame=583, mask_px=139, contours=2, largest=area:72,box:10x16,aspect:0.62,reject:area+width+height+aspect, hsv_lower=[28, 40, 35], hsv_upper=[95, 255, 255][0m
[INFO] [1783904038.489747318] [orange_hurdle_jump_test]: [0;33m未检测到有效橘色横栏: candidates=0, frame=586, mask_px=102, contours=2, largest=area:50,box:6x11,aspect:0.55,reject:area+width+height+aspect, hsv_lower=[28, 40, 35], hsv_upper=[95, 255, 255][0m
[INFO] [1783904038.759331564] [orange_hurdle_jump_test]: [0;33m未检测到有效橘色横栏: candidates=0, frame=590, mask_px=126, contours=4, largest=area:36,box:8x7,aspect:1.14,reject:area+width+height+aspect, hsv_lower=[28, 40, 35], hsv_upper=[95, 255, 255][0m
[INFO] [1783904039.025450009] [orange_hurdle_jump_test]: [0;33m未检测到有效橘色横栏: candidates=0, frame=594, mask_px=258, contours=3, largest=area:171,box:26x21,aspect:1.24,reject:area+width+height+aspect, hsv_lower=[28, 40, 35], hsv_upper=[95, 255, 255][0m
[INFO] [1783904039.226001632] [orange_hurdle_jump_test]: [0;33m未检测到有效橘色横栏: candidates=0, frame=597, mask_px=15, contours=1, largest=area:8,box:3x5,aspect:0.60,reject:area+width+height+aspect, hsv_lower=[28, 40, 35], hsv_upper=[95, 255, 255][0m
[INFO] [1783904039.424899332] [orange_hurdle_jump_test]: [0;33m未检测到有效橘色横栏: candidates=0, frame=600, mask_px=283, contours=2, largest=area:219,box:20x24,aspect:0.83,reject:area+width+height+aspect, hsv_lower=[28, 40, 35], hsv_upper=[95, 255, 255][0m
[INFO] [1783904039.690281287] [orange_hurdle_jump_test]: [0;33m未检测到有效橘色横栏: candidates=0, frame=604, mask_px=119, contours=3, largest=area:45,box:4x16,aspect:0.25,reject:area+width+height+aspect, hsv_lower=[28, 40, 35], hsv_upper=[95, 255, 255][0m
[INFO] [1783904039.890343728] [orange_hurdle_jump_test]: [0;33m未检测到有效橘色横栏: candidates=0, frame=607, mask_px=93, contours=2, largest=area:46,box:4x17,aspect:0.24,reject:area+width+height+aspect, hsv_lower=[28, 40, 35], hsv_upper=[95, 255, 255][0m
[INFO] [1783904040.090738276] [orange_hurdle_jump_test]: [0;33m未检测到有效橘色横栏: candidates=0, frame=610, mask_px=0, contours=0, reject=no_hsv_blob, hsv_lower=[28, 40, 35], hsv_upper=[95, 255, 255][0m
[INFO] [1783904040.357603961] [orange_hurdle_jump_test]: [0;33m未检测到有效橘色横栏: candidates=0, frame=614, mask_px=20, contours=1, largest=area:12,box:4x5,aspect:0.80,reject:area+width+height+aspect, hsv_lower=[28, 40, 35], hsv_upper=[95, 255, 255][0m
[INFO] [1783904040.560661319] [orange_hurdle_jump_test]: [0;33m未检测到有效橘色横栏: candidates=0, frame=617, mask_px=0, contours=0, reject=no_hsv_blob, hsv_lower=[28, 40, 35], hsv_upper=[95, 255, 255][0m
[INFO] [1783904040.758685040] [orange_hurdle_jump_test]: [0;33m未检测到有效橘色横栏: candidates=0, frame=620, mask_px=106, contours=2, largest=area:40,box:8x7,aspect:1.14,reject:area+width+height+aspect, hsv_lower=[28, 40, 35], hsv_upper=[95, 255, 255][0m
[INFO] [1783904041.024708351] [orange_hurdle_jump_test]: [0;33m未检测到有效橘色横栏: candidates=0, frame=624, mask_px=0, contours=0, reject=no_hsv_blob, hsv_lower=[28, 40, 35], hsv_upper=[95, 255, 255][0m
[INFO] [1783904041.231003043] [orange_hurdle_jump_test]: [0;33m未检测到有效橘色横栏: candidates=0, frame=627, mask_px=101, contours=3, largest=area:30,box:7x6,aspect:1.17,reject:area+width+height+aspect, hsv_lower=[28, 40, 35], hsv_upper=[95, 255, 255][0m
[INFO] [1783904041.491646314] [orange_hurdle_jump_test]: [0;33m未检测到有效橘色横栏: candidates=0, frame=631, mask_px=57, contours=1, largest=area:42,box:10x7,aspect:1.43,reject:area+width+height, hsv_lower=[28, 40, 35], hsv_upper=[95, 255, 255][0m
[INFO] [1783904041.692681361] [orange_hurdle_jump_test]: [0;33m未检测到有效橘色横栏: candidates=0, frame=634, mask_px=0, contours=0, reject=no_hsv_blob, hsv_lower=[28, 40, 35], hsv_upper=[95, 255, 255][0m
[INFO] [1783904041.960543500] [orange_hurdle_jump_test]: [0;33m未检测到有效橘色横栏: candidates=0, frame=638, mask_px=303, contours=6, largest=area:104,box:15x13,aspect:1.15,reject:area+width+height+aspect, hsv_lower=[28, 40, 35], hsv_upper=[95, 255, 255][0m
[INFO] [1783904042.226137154] [orange_hurdle_jump_test]: [0;33m未检测到有效橘色横栏: candidates=0, frame=642, mask_px=0, contours=0, reject=no_hsv_blob, hsv_lower=[28, 40, 35], hsv_upper=[95, 255, 255][0m
[INFO] [1783904042.492787914] [orange_hurdle_jump_test]: [0;33m未检测到有效橘色横栏: candidates=0, frame=646, mask_px=25, contours=1, largest=area:16,box:5x5,aspect:1.00,reject:area+width+height+aspect, hsv_lower=[28, 40, 35], hsv_upper=[95, 255, 255][0m
[INFO] [1783904042.760547503] [orange_hurdle_jump_test]: [0;33m未检测到有效橘色横栏: candidates=0, frame=650, mask_px=25, contours=1, largest=area:16,box:5x5,aspect:1.00,reject:area+width+height+aspect, hsv_lower=[28, 40, 35], hsv_upper=[95, 255, 255][0m
[INFO] [1783904043.028717456] [orange_hurdle_jump_test]: [0;33m未检测到有效橘色横栏: candidates=0, frame=654, mask_px=167, contours=2, largest=area:112,box:9x18,aspect:0.50,reject:area+width+height+aspect, hsv_lower=[28, 40, 35], hsv_upper=[95, 255, 255][0m
[INFO] [1783904043.226499715] [orange_hurdle_jump_test]: [0;33m未检测到有效橘色横栏: candidates=0, frame=657, mask_px=48, contours=1, largest=area:35,box:6x8,aspect:0.75,reject:area+width+height+aspect, hsv_lower=[28, 40, 35], hsv_upper=[95, 255, 255][0m
[INFO] [1783904043.492747268] [orange_hurdle_jump_test]: [0;33m未检测到有效橘色横栏: candidates=0, frame=661, mask_px=0, contours=0, reject=no_hsv_blob, hsv_lower=[28, 40, 35], hsv_upper=[95, 255, 255][0m
[INFO] [1783904043.693162687] [orange_hurdle_jump_test]: [0;33m未检测到有效橘色横栏: candidates=0, frame=664, mask_px=35, contours=1, largest=area:24,box:5x7,aspect:0.71,reject:area+width+height+aspect, hsv_lower=[28, 40, 35], hsv_upper=[95, 255, 255][0m
[INFO] [1783904043.893019665] [orange_hurdle_jump_test]: [0;33m未检测到有效橘色横栏: candidates=0, frame=667, mask_px=25, contours=1, largest=area:16,box:5x5,aspect:1.00,reject:area+width+height+aspect, hsv_lower=[28, 40, 35], hsv_upper=[95, 255, 255][0m
[INFO] [1783904044.095381962] [orange_hurdle_jump_test]: [0;33m未检测到有效橘色横栏: candidates=0, frame=670, mask_px=65, contours=1, largest=area:49,box:12x6,aspect:2.00,reject:area+width+height, hsv_lower=[28, 40, 35], hsv_upper=[95, 255, 255][0m
[INFO] [1783904044.292997293] [orange_hurdle_jump_test]: [0;33m未检测到有效橘色横栏: candidates=0, frame=673, mask_px=44, contours=1, largest=area:32,box:8x6,aspect:1.33,reject:area+width+height, hsv_lower=[28, 40, 35], hsv_upper=[95, 255, 255][0m
[INFO] [1783904044.493679276] [orange_hurdle_jump_test]: [0;33m未检测到有效橘色横栏: candidates=0, frame=676, mask_px=111, contours=3, largest=area:32,box:8x6,aspect:1.33,reject:area+width+height, hsv_lower=[28, 40, 35], hsv_upper=[95, 255, 255][0m
[INFO] [1783904044.760971964] [orange_hurdle_jump_test]: [0;33m未检测到有效橘色横栏: candidates=0, frame=680, mask_px=438, contours=7, largest=area:88,box:13x10,aspect:1.30,reject:area+width+height, hsv_lower=[28, 40, 35], hsv_upper=[95, 255, 255][0m
[INFO] [1783904044.961431457] [orange_hurdle_jump_test]: [0;33m未检测到有效橘色横栏: candidates=0, frame=683, mask_px=36, contours=1, largest=area:25,box:6x6,aspect:1.00,reject:area+width+height+aspect, hsv_lower=[28, 40, 35], hsv_upper=[95, 255, 255][0m
[INFO] [1783904045.228669867] [orange_hurdle_jump_test]: [0;33m未检测到有效橘色横栏: candidates=0, frame=687, mask_px=80, contours=1, largest=area:62,box:10x10,aspect:1.00,reject:area+width+height+aspect, hsv_lower=[28, 40, 35], hsv_upper=[95, 255, 255][0m
[INFO] [1783904045.431609220] [orange_hurdle_jump_test]: [0;33m未检测到有效橘色横栏: candidates=0, frame=690, mask_px=0, contours=0, reject=no_hsv_blob, hsv_lower=[28, 40, 35], hsv_upper=[95, 255, 255][0m
[INFO] [1783904045.694975808] [orange_hurdle_jump_test]: [0;33m未检测到有效橘色横栏: candidates=0, frame=694, mask_px=122, contours=2, largest=area:72,box:10x12,aspect:0.83,reject:area+width+height+aspect, hsv_lower=[28, 40, 35], hsv_upper=[95, 255, 255][0m
[INFO] [1783904045.896229098] [orange_hurdle_jump_test]: [0;33m未检测到有效橘色横栏: candidates=0, frame=697, mask_px=30, contours=1, largest=area:20,box:6x5,aspect:1.20,reject:area+width+height+aspect, hsv_lower=[28, 40, 35], hsv_upper=[95, 255, 255][0m
[INFO] [1783904046.228172567] [orange_hurdle_jump_test]: [0;33m未检测到有效橘色横栏: candidates=0, frame=700, mask_px=0, contours=0, reject=no_hsv_blob, hsv_lower=[28, 40, 35], hsv_upper=[95, 255, 255][0m
[INFO] [1783904046.497483568] [orange_hurdle_jump_test]: [0;33m未检测到有效橘色横栏: candidates=0, frame=702, mask_px=0, contours=0, reject=no_hsv_blob, hsv_lower=[28, 40, 35], hsv_upper=[95, 255, 255][0m
[INFO] [1783904046.829716856] [orange_hurdle_jump_test]: [0;33m未检测到有效橘色横栏: candidates=0, frame=704, mask_px=0, contours=0, reject=no_hsv_blob, hsv_lower=[28, 40, 35], hsv_upper=[95, 255, 255][0m
[INFO] [1783904047.029940177] [orange_hurdle_jump_test]: [0;33m未检测到有效橘色横栏: candidates=0, frame=706, mask_px=25, contours=1, largest=area:16,box:5x5,aspect:1.00,reject:area+width+height+aspect, hsv_lower=[28, 40, 35], hsv_upper=[95, 255, 255][0m
