[INFO] [1784186857.929500356] [orange_pole_detector]: orange_pole_detector started: color=/camera/color/image_raw, depth=/camera/aligned_depth_to_color/image_raw, camera_info=/camera/color/camera_info, hsv_lower=[5, 70, 70], hsv_upper=[30, 255, 255], trigger_distance=1.45m, camera_height=0.23m, depth_percentile=25.0, distance_bias=0.000m
[INFO] [1784186857.931542136] [orange_pole_detector]: 等待对齐深度图: wait=0.13s, depth_topic=/camera/aligned_depth_to_color/image_raw
[INFO] [1784186857.932053848] [orange_pole_detector]: [1;95m触发状态更新: trigger=False[0m
[INFO] [1784186857.952112660] [orange_pole_detector]: 已收到第一帧对齐深度图: topic=/camera/aligned_depth_to_color/image_raw, frame=camera_color_optical_frame, shape=(240, 424)
[INFO] [1784186858.671194807] [orange_pole_detector]: [1;95m触发状态更新: trigger=True[0m
[INFO] [1784186858.939943796] [orange_pole_detector]: [1;34m最近杆: dist=1.429m, lateral=-0.660m, vertical=0.375m, pixel=(73.5,196.3), box=28x78, height3d=0.256m, depth_px=1161, candidates=1, trigger=True[0m
[INFO] [1784186859.006917089] [orange_pole_detector]: [1;95m触发状态更新: trigger=False[0m
[INFO] [1784186859.939041974] [orange_pole_detector]: [0;33m未检测到有效橘色竖杆: candidates=0, frame=32, hsv_lower=[5, 70, 70], hsv_upper=[30, 255, 255][0m
[INFO] [1784186860.942666280] [orange_pole_detector]: [0;33m未检测到有效橘色竖杆: candidates=0, frame=47, hsv_lower=[5, 70, 70], hsv_upper=[30, 255, 255][0m
[INFO] [1784186862.007159887] [orange_pole_detector]: [0;33m未检测到有效橘色竖杆: candidates=0, frame=63, hsv_lower=[5, 70, 70], hsv_upper=[30, 255, 255][0m
[INFO] [1784186863.007533640] [orange_pole_detector]: [0;33m未检测到有效橘色竖杆: candidates=0, frame=78, hsv_lower=[5, 70, 70], hsv_upper=[30, 255, 255][0m
[INFO] [1784186864.008282602] [orange_pole_detector]: [0;33m未检测到有效橘色竖杆: candidates=0, frame=93, hsv_lower=[5, 70, 70], hsv_upper=[30, 255, 255][0m
[INFO] [1784186865.010154519] [orange_pole_detector]: [0;33m未检测到有效橘色竖杆: candidates=0, frame=108, hsv_lower=[5, 70, 70], hsv_upper=[30, 255, 255][0m
[INFO] [1784186866.010255053] [orange_pole_detector]: [0;33m未检测到有效橘色竖杆: candidates=0, frame=123, hsv_lower=[5, 70, 70], hsv_upper=[30, 255, 255][0m
[INFO] [1784186867.011663137] [orange_pole_detector]: [0;33m未检测到有效橘色竖杆: candidates=0, frame=138, hsv_lower=[5, 70, 70], hsv_upper=[30, 255, 255][0m
[INFO] [1784186868.079274259] [orange_pole_detector]: [0;33m未检测到有效橘色竖杆: candidates=0, frame=154, hsv_lower=[5, 70, 70], hsv_upper=[30, 255, 255][0m
[INFO] [1784186869.078938349] [orange_pole_detector]: [0;33m未检测到有效橘色竖杆: candidates=0, frame=169, hsv_lower=[5, 70, 70], hsv_upper=[30, 255, 255][0m
[INFO] [1784186870.079555093] [orange_pole_detector]: [0;33m未检测到有效橘色竖杆: candidates=0, frame=184, hsv_lower=[5, 70, 70], hsv_upper=[30, 255, 255][0m
[INFO] [1784186871.080103468] [orange_pole_detector]: [0;33m未检测到有效橘色竖杆: candidates=0, frame=199, hsv_lower=[5, 70, 70], hsv_upper=[30, 255, 255][0m
[INFO] [1784186872.080836447] [orange_pole_detector]: [0;33m未检测到有效橘色竖杆: candidates=0, frame=214, hsv_lower=[5, 70, 70], hsv_upper=[30, 255, 255][0m
[INFO] [1784186873.083037285] [orange_pole_detector]: [0;33m未检测到有效橘色竖杆: candidates=0, frame=229, hsv_lower=[5, 70, 70], hsv_upper=[30, 255, 255][0m
[INFO] [1784186874.082501812] [orange_pole_detector]: [0;33m未检测到有效橘色竖杆: candidates=0, frame=244, hsv_lower=[5, 70, 70], hsv_upper=[30, 255, 255][0m
[INFO] [1784186875.084658980] [orange_pole_detector]: [0;33m未检测到有效橘色竖杆: candidates=0, frame=259, hsv_lower=[5, 70, 70], hsv_upper=[30, 255, 255][0m
[INFO] [1784186876.086822543] [orange_pole_detector]: [0;33m未检测到有效橘色竖杆: candidates=0, frame=274, hsv_lower=[5, 70, 70], hsv_upper=[30, 255, 255][0m
[INFO] [1784186877.086483270] [orange_pole_detector]: [0;33m未检测到有效橘色竖杆: candidates=0, frame=289, hsv_lower=[5, 70, 70], hsv_upper=[30, 255, 255][0m
[INFO] [1784186878.152984808] [orange_pole_detector]: [0;33m未检测到有效橘色竖杆: candidates=0, frame=305, hsv_lower=[5, 70, 70], hsv_upper=[30, 255, 255][0m
[INFO] [1784186879.154508862] [orange_pole_detector]: [0;33m未检测到有效橘色竖杆: candidates=0, frame=320, hsv_lower=[5, 70, 70], hsv_upper=[30, 255, 255][0m
[INFO] [1784186880.220862324] [orange_pole_detector]: [0;33m未检测到有效橘色竖杆: candidates=0, frame=336, hsv_lower=[5, 70, 70], hsv_upper=[30, 255, 255][0m
[INFO] [1784186881.221096611] [orange_pole_detector]: [0;33m未检测到有效橘色竖杆: candidates=0, frame=351, hsv_lower=[5, 70, 70], hsv_upper=[30, 255, 255][0m
[INFO] [1784186882.221498677] [orange_pole_detector]: [0;33m未检测到有效橘色竖杆: candidates=0, frame=366, hsv_lower=[5, 70, 70], hsv_upper=[30, 255, 255][0m
[INFO] [1784186883.223057692] [orange_pole_detector]: [0;33m未检测到有效橘色竖杆: candidates=0, frame=381, hsv_lower=[5, 70, 70], hsv_upper=[30, 255, 255][0m
[INFO] [1784186884.227693608] [orange_pole_detector]: [0;33m未检测到有效橘色竖杆: candidates=0, frame=396, hsv_lower=[5, 70, 70], hsv_upper=[30, 255, 255][0m
[INFO] [1784186885.225114870] [orange_pole_detector]: [0;33m未检测到有效橘色竖杆: candidates=0, frame=411, hsv_lower=[5, 70, 70], hsv_upper=[30, 255, 255][0m
[INFO] [1784186886.226276247] [orange_pole_detector]: [0;33m未检测到有效橘色竖杆: candidates=0, frame=426, hsv_lower=[5, 70, 70], hsv_upper=[30, 255, 255][0m
[INFO] [1784186887.226145284] [orange_pole_detector]: [0;33m未检测到有效橘色竖杆: candidates=0, frame=441, hsv_lower=[5, 70, 70], hsv_upper=[30, 255, 255][0m
[INFO] [1784186888.226524944] [orange_pole_detector]: [0;33m未检测到有效橘色竖杆: candidates=0, frame=456, hsv_lower=[5, 70, 70], hsv_upper=[30, 255, 255][0m
[INFO] [1784186889.227971220] [orange_pole_detector]: [0;33m未检测到有效橘色竖杆: candidates=0, frame=471, hsv_lower=[5, 70, 70], hsv_upper=[30, 255, 255][0m
[INFO] [1784186890.228547044] [orange_pole_detector]: [0;33m未检测到有效橘色竖杆: candidates=0, frame=486, hsv_lower=[5, 70, 70], hsv_upper=[30, 255, 255][0m
[INFO] [1784186891.228834609] [orange_pole_detector]: [0;33m未检测到有效橘色竖杆: candidates=0, frame=501, hsv_lower=[5, 70, 70], hsv_upper=[30, 255, 255][0m
[INFO] [1784186892.230007988] [orange_pole_detector]: [0;33m未检测到有效橘色竖杆: candidates=0, frame=516, hsv_lower=[5, 70, 70], hsv_upper=[30, 255, 255][0m
[INFO] [1784186893.230921112] [orange_pole_detector]: [0;33m未检测到有效橘色竖杆: candidates=0, frame=531, hsv_lower=[5, 70, 70], hsv_upper=[30, 255, 255][0m
[INFO] [1784186894.237222920] [orange_pole_detector]: [0;33m未检测到有效橘色竖杆: candidates=0, frame=546, hsv_lower=[5, 70, 70], hsv_upper=[30, 255, 255][0m
[INFO] [1784186895.297704169] [orange_pole_detector]: [0;33m未检测到有效橘色竖杆: candidates=0, frame=562, hsv_lower=[5, 70, 70], hsv_upper=[30, 255, 255][0m
[INFO] [1784186896.298657832] [orange_pole_detector]: [0;33m未检测到有效橘色竖杆: candidates=0, frame=577, hsv_lower=[5, 70, 70], hsv_upper=[30, 255, 255][0m
[INFO] [1784186897.300644502] [orange_pole_detector]: [0;33m未检测到有效橘色竖杆: candidates=0, frame=592, hsv_lower=[5, 70, 70], hsv_upper=[30, 255, 255][0m
[INFO] [1784186898.367468248] [orange_pole_detector]: [0;33m未检测到有效橘色竖杆: candidates=0, frame=608, hsv_lower=[5, 70, 70], hsv_upper=[30, 255, 255][0m
[INFO] [1784186899.367582218] [orange_pole_detector]: [0;33m未检测到有效橘色竖杆: candidates=0, frame=623, hsv_lower=[5, 70, 70], hsv_upper=[30, 255, 255][0m
[INFO] [1784186900.368337108] [orange_pole_detector]: [0;33m未检测到有效橘色竖杆: candidates=0, frame=638, hsv_lower=[5, 70, 70], hsv_upper=[30, 255, 255][0m
[INFO] [1784186901.369315587] [orange_pole_detector]: [0;33m未检测到有效橘色竖杆: candidates=0, frame=653, hsv_lower=[5, 70, 70], hsv_upper=[30, 255, 255][0m
[INFO] [1784186902.370492857] [orange_pole_detector]: [0;33m未检测到有效橘色竖杆: candidates=0, frame=668, hsv_lower=[5, 70, 70], hsv_upper=[30, 255, 255][0m
[INFO] [1784186903.370651632] [orange_pole_detector]: [0;33m未检测到有效橘色竖杆: candidates=0, frame=683, hsv_lower=[5, 70, 70], hsv_upper=[30, 255, 255][0m
[INFO] [1784186904.371543761] [orange_pole_detector]: [0;33m未检测到有效橘色竖杆: candidates=0, frame=698, hsv_lower=[5, 70, 70], hsv_upper=[30, 255, 255][0m
[INFO] [1784186905.375955014] [orange_pole_detector]: [0;33m未检测到有效橘色竖杆: candidates=0, frame=713, hsv_lower=[5, 70, 70], hsv_upper=[30, 255, 255][0m
[INFO] [1784186906.373436364] [orange_pole_detector]: [0;33m未检测到有效橘色竖杆: candidates=0, frame=728, hsv_lower=[5, 70, 70], hsv_upper=[30, 255, 255][0m
[INFO] [1784186907.375480458] [orange_pole_detector]: [0;33m未检测到有效橘色竖杆: candidates=0, frame=743, hsv_lower=[5, 70, 70], hsv_upper=[30, 255, 255][0m
[INFO] [1784186908.374610943] [orange_pole_detector]: [0;33m未检测到有效橘色竖杆: candidates=0, frame=758, hsv_lower=[5, 70, 70], hsv_upper=[30, 255, 255][0m
[INFO] [1784186909.375278744] [orange_pole_detector]: [0;33m未检测到有效橘色竖杆: candidates=0, frame=773, hsv_lower=[5, 70, 70], hsv_upper=[30, 255, 255][0m
[INFO] [1784186910.375629153] [orange_pole_detector]: [0;33m未检测到有效橘色竖杆: candidates=0, frame=788, hsv_lower=[5, 70, 70], hsv_upper=[30, 255, 255][0m
[INFO] [1784186911.376666260] [orange_pole_detector]: [0;33m未检测到有效橘色竖杆: candidates=0, frame=803, hsv_lower=[5, 70, 70], hsv_upper=[30, 255, 255][0m
[INFO] [1784186912.377044730] [orange_pole_detector]: [0;33m未检测到有效橘色竖杆: candidates=0, frame=818, hsv_lower=[5, 70, 70], hsv_upper=[30, 255, 255][0m
[INFO] [1784186913.378433515] [orange_pole_detector]: [0;33m未检测到有效橘色竖杆: candidates=0, frame=833, hsv_lower=[5, 70, 70], hsv_upper=[30, 255, 255][0m
[INFO] [1784186914.379682917] [orange_pole_detector]: [0;33m未检测到有效橘色竖杆: candidates=0, frame=848, hsv_lower=[5, 70, 70], hsv_upper=[30, 255, 255][0m
[INFO] [1784186915.379552837] [orange_pole_detector]: [0;33m未检测到有效橘色竖杆: candidates=0, frame=863, hsv_lower=[5, 70, 70], hsv_upper=[30, 255, 255][0m
[INFO] [1784186916.248776261] [orange_pole_detector]: [1;95m触发状态更新: trigger=True[0m
[INFO] [1784186916.313490546] [orange_pole_detector]: [1;95m触发状态更新: trigger=False[0m
[INFO] [1784186916.381196247] [orange_pole_detector]: [0;33m未检测到有效橘色竖杆: candidates=0, frame=878, hsv_lower=[5, 70, 70], hsv_upper=[30, 255, 255][0m
[INFO] [1784186916.715369121] [orange_pole_detector]: [1;95m触发状态更新: trigger=True[0m
[INFO] [1784186916.780614525] [orange_pole_detector]: [1;95m触发状态更新: trigger=False[0m
[INFO] [1784186916.848108488] [orange_pole_detector]: [1;95m触发状态更新: trigger=True[0m
[INFO] [1784186917.049110356] [orange_pole_detector]: [1;95m触发状态更新: trigger=False[0m
[INFO] [1784186917.116047731] [orange_pole_detector]: [1;95m触发状态更新: trigger=True[0m
[INFO] [1784186917.181173494] [orange_pole_detector]: [1;95m触发状态更新: trigger=False[0m
[INFO] [1784186917.381327140] [orange_pole_detector]: [1;95m触发状态更新: trigger=True[0m
[INFO] [1784186917.382640751] [orange_pole_detector]: [1;34m最近杆: dist=1.258m, lateral=0.455m, vertical=0.044m, pixel=(322.7,127.6), box=20x68, height3d=0.204m, depth_px=295, candidates=1, trigger=True[0m
[INFO] [1784186917.449127847] [orange_pole_detector]: [1;95m触发状态更新: trigger=False[0m
[INFO] [1784186917.651632610] [orange_pole_detector]: [1;95m触发状态更新: trigger=True[0m
[INFO] [1784186917.715970878] [orange_pole_detector]: [1;95m触发状态更新: trigger=False[0m
[INFO] [1784186918.382694871] [orange_pole_detector]: [1;34m最近杆: dist=1.492m, lateral=0.718m, vertical=0.014m, pixel=(359.0,119.9), box=24x74, height3d=0.280m, depth_px=45, candidates=1, trigger=False[0m
[INFO] [1784186918.853452358] [orange_pole_detector]: [1;95m触发状态更新: trigger=True[0m
[INFO] [1784186919.385362387] [orange_pole_detector]: [1;34m最近杆: dist=1.359m, lateral=0.715m, vertical=0.032m, pixel=(372.5,124.0), box=33x80, height3d=0.262m, depth_px=1447, candidates=2, trigger=True[0m
[INFO] [1784186920.385213512] [orange_pole_detector]: [1;34m最近杆: dist=1.349m, lateral=0.661m, vertical=0.009m, pixel=(361.6,118.9), box=32x62, height3d=0.198m, depth_px=924, candidates=2, trigger=True[0m
[INFO] [1784186920.783532268] [orange_pole_detector]: [1;95m触发状态更新: trigger=False[0m
[INFO] [1784186921.050934715] [orange_pole_detector]: [1;95m触发状态更新: trigger=True[0m
[INFO] [1784186921.183844087] [orange_pole_detector]: [1;95m触发状态更新: trigger=False[0m
[INFO] [1784186921.251269535] [orange_pole_detector]: [1;95m触发状态更新: trigger=True[0m
[INFO] [1784186921.317844411] [orange_pole_detector]: [1;95m触发状态更新: trigger=False[0m
[INFO] [1784186921.386211480] [orange_pole_detector]: [1;95m触发状态更新: trigger=True[0m
[INFO] [1784186921.387574346] [orange_pole_detector]: [1;34m最近杆: dist=1.200m, lateral=0.019m, vertical=-0.079m, pixel=(218.2,97.0), box=25x89, height3d=0.259m, depth_px=1686, candidates=2, trigger=True[0m
[INFO] [1784186922.186290922] [orange_pole_detector]: [1;95m触发状态更新: trigger=False[0m
[INFO] [1784186922.320473157] [orange_pole_detector]: [1;95m触发状态更新: trigger=True[0m
[INFO] [1784186922.386522607] [orange_pole_detector]: [1;34m最近杆: dist=1.175m, lateral=-0.026m, vertical=-0.259m, pixel=(206.6,50.2), box=47x99, height3d=0.251m, depth_px=2013, candidates=1, trigger=True[0m
[INFO] [1784186923.388467984] [orange_pole_detector]: [1;34m最近杆: dist=1.060m, lateral=-0.023m, vertical=-0.260m, pixel=(206.8,42.7), box=44x95, height3d=0.202m, depth_px=1963, candidates=1, trigger=True[0m
[INFO] [1784186923.652357693] [orange_pole_detector]: [1;95m触发状态更新: trigger=False[0m
[INFO] [1784186924.454453361] [orange_pole_detector]: [0;33m未检测到有效橘色竖杆: candidates=0, frame=999, hsv_lower=[5, 70, 70], hsv_upper=[30, 255, 255][0m
[INFO] [1784186925.255614597] [orange_pole_detector]: [1;95m触发状态更新: trigger=True[0m
[INFO] [1784186925.454545994] [orange_pole_detector]: [1;34m最近杆: dist=0.208m, lateral=-0.136m, vertical=0.001m, pixel=(15.5,118.7), box=34x69, height3d=0.130m, depth_px=349, candidates=1, trigger=True[0m
[INFO] [1784186925.854772740] [orange_pole_detector]: [1;95m触发状态更新: trigger=False[0m
[INFO] [1784186926.454803808] [orange_pole_detector]: [0;33m未检测到有效橘色竖杆: candidates=0, frame=1029, hsv_lower=[5, 70, 70], hsv_upper=[30, 255, 255][0m
[INFO] [1784186927.455858732] [orange_pole_detector]: [0;33m未检测到有效橘色竖杆: candidates=0, frame=1044, hsv_lower=[5, 70, 70], hsv_upper=[30, 255, 255][0m
[INFO] [1784186928.455733083] [orange_pole_detector]: [0;33m未检测到有效橘色竖杆: candidates=0, frame=1059, hsv_lower=[5, 70, 70], hsv_upper=[30, 255, 255][0m
[INFO] [1784186929.457583141] [orange_pole_detector]: [0;33m未检测到有效橘色竖杆: candidates=0, frame=1074, hsv_lower=[5, 70, 70], hsv_upper=[30, 255, 255][0m
[INFO] [1784186930.457257870] [orange_pole_detector]: [0;33m未检测到有效橘色竖杆: candidates=0, frame=1089, hsv_lower=[5, 70, 70], hsv_upper=[30, 255, 255][0m
[INFO] [1784186931.458705992] [orange_pole_detector]: [0;33m未检测到有效橘色竖杆: candidates=0, frame=1104, hsv_lower=[5, 70, 70], hsv_upper=[30, 255, 255][0m
[INFO] [1784186932.458526926] [orange_pole_detector]: [0;33m未检测到有效橘色竖杆: candidates=0, frame=1119, hsv_lower=[5, 70, 70], hsv_upper=[30, 255, 255][0m
[INFO] [1784186933.459340514] [orange_pole_detector]: [0;33m未检测到有效橘色竖杆: candidates=0, frame=1134, hsv_lower=[5, 70, 70], hsv_upper=[30, 255, 255][0m
[INFO] [1784186934.462599485] [orange_pole_detector]: [0;33m未检测到有效橘色竖杆: candidates=0, frame=1149, hsv_lower=[5, 70, 70], hsv_upper=[30, 255, 255][0m
[INFO] [1784186935.462807075] [orange_pole_detector]: [0;33m未检测到有效橘色竖杆: candidates=0, frame=1164, hsv_lower=[5, 70, 70], hsv_upper=[30, 255, 255][0m
[INFO] [1784186936.463561107] [orange_pole_detector]: [0;33m未检测到有效橘色竖杆: candidates=0, frame=1179, hsv_lower=[5, 70, 70], hsv_upper=[30, 255, 255][0m
[INFO] [1784186937.462473055] [orange_pole_detector]: [0;33m未检测到有效橘色竖杆: candidates=0, frame=1194, hsv_lower=[5, 70, 70], hsv_upper=[30, 255, 255][0m
[INFO] [1784186938.463652445] [orange_pole_detector]: [0;33m未检测到有效橘色竖杆: candidates=0, frame=1209, hsv_lower=[5, 70, 70], hsv_upper=[30, 255, 255][0m
[INFO] [1784186939.463759805] [orange_pole_detector]: [0;33m未检测到有效橘色竖杆: candidates=0, frame=1224, hsv_lower=[5, 70, 70], hsv_upper=[30, 255, 255][0m
[INFO] [1784186940.463926594] [orange_pole_detector]: [0;33m未检测到有效橘色竖杆: candidates=0, frame=1239, hsv_lower=[5, 70, 70], hsv_upper=[30, 255, 255][0m
[INFO] [1784186941.465174356] [orange_pole_detector]: [0;33m未检测到有效橘色竖杆: candidates=0, frame=1254, hsv_lower=[5, 70, 70], hsv_upper=[30, 255, 255][0m
[INFO] [1784186942.465641062] [orange_pole_detector]: [0;33m未检测到有效橘色竖杆: candidates=0, frame=1269, hsv_lower=[5, 70, 70], hsv_upper=[30, 255, 255][0m
[INFO] [1784186943.466753380] [orange_pole_detector]: [0;33m未检测到有效橘色竖杆: candidates=0, frame=1284, hsv_lower=[5, 70, 70], hsv_upper=[30, 255, 255][0m
[INFO] [1784186944.468564356] [orange_pole_detector]: [0;33m未检测到有效橘色竖杆: candidates=0, frame=1299, hsv_lower=[5, 70, 70], hsv_upper=[30, 255, 255][0m
[INFO] [1784186945.470330813] [orange_pole_detector]: [0;33m未检测到有效橘色竖杆: candidates=0, frame=1314, hsv_lower=[5, 70, 70], hsv_upper=[30, 255, 255][0m
[INFO] [1784186946.469485617] [orange_pole_detector]: [0;33m未检测到有效橘色竖杆: candidates=0, frame=1329, hsv_lower=[5, 70, 70], hsv_upper=[30, 255, 255][0m
[INFO] [1784186947.471309348] [orange_pole_detector]: [0;33m未检测到有效橘色竖杆: candidates=0, frame=1344, hsv_lower=[5, 70, 70], hsv_upper=[30, 255, 255][0m
[INFO] [1784186948.470536908] [orange_pole_detector]: [0;33m未检测到有效橘色竖杆: candidates=0, frame=1359, hsv_lower=[5, 70, 70], hsv_upper=[30, 255, 255][0m
[INFO] [1784186949.471678738] [orange_pole_detector]: [0;33m未检测到有效橘色竖杆: candidates=0, frame=1374, hsv_lower=[5, 70, 70], hsv_upper=[30, 255, 255][0m
[INFO] [1784186950.472210707] [orange_pole_detector]: [0;33m未检测到有效橘色竖杆: candidates=0, frame=1389, hsv_lower=[5, 70, 70], hsv_upper=[30, 255, 255][0m
[INFO] [1784186951.472863329] [orange_pole_detector]: [0;33m未检测到有效橘色竖杆: candidates=0, frame=1404, hsv_lower=[5, 70, 70], hsv_upper=[30, 255, 255][0m
[INFO] [1784186952.474023932] [orange_pole_detector]: [0;33m未检测到有效橘色竖杆: candidates=0, frame=1419, hsv_lower=[5, 70, 70], hsv_upper=[30, 255, 255][0m
[INFO] [1784186953.474660269] [orange_pole_detector]: [0;33m未检测到有效橘色竖杆: candidates=0, frame=1434, hsv_lower=[5, 70, 70], hsv_upper=[30, 255, 255][0m
[INFO] [1784186954.474580191] [orange_pole_detector]: [0;33m未检测到有效橘色竖杆: candidates=0, frame=1449, hsv_lower=[5, 70, 70], hsv_upper=[30, 255, 255][0m
[INFO] [1784186955.475446109] [orange_pole_detector]: [0;33m未检测到有效橘色竖杆: candidates=0, frame=1464, hsv_lower=[5, 70, 70], hsv_upper=[30, 255, 255][0m
[INFO] [1784186956.475781322] [orange_pole_detector]: [0;33m未检测到有效橘色竖杆: candidates=0, frame=1479, hsv_lower=[5, 70, 70], hsv_upper=[30, 255, 255][0m
[INFO] [1784186957.478956103] [orange_pole_detector]: [0;33m未检测到有效橘色竖杆: candidates=0, frame=1494, hsv_lower=[5, 70, 70], hsv_upper=[30, 255, 255][0m
[INFO] [1784186958.477650535] [orange_pole_detector]: [0;33m未检测到有效橘色竖杆: candidates=0, frame=1509, hsv_lower=[5, 70, 70], hsv_upper=[30, 255, 255][0m
[INFO] [1784186959.478065344] [orange_pole_detector]: [0;33m未检测到有效橘色竖杆: candidates=0, frame=1524, hsv_lower=[5, 70, 70], hsv_upper=[30, 255, 255][0m
[INFO] [1784186960.479236342] [orange_pole_detector]: [0;33m未检测到有效橘色竖杆: candidates=0, frame=1539, hsv_lower=[5, 70, 70], hsv_upper=[30, 255, 255][0m
[INFO] [1784186961.480361057] [orange_pole_detector]: [0;33m未检测到有效橘色竖杆: candidates=0, frame=1554, hsv_lower=[5, 70, 70], hsv_upper=[30, 255, 255][0m
[INFO] [1784186962.481106619] [orange_pole_detector]: [0;33m未检测到有效橘色竖杆: candidates=0, frame=1569, hsv_lower=[5, 70, 70], hsv_upper=[30, 255, 255][0m
[INFO] [1784186963.549906118] [orange_pole_detector]: [0;33m未检测到有效橘色竖杆: candidates=0, frame=1585, hsv_lower=[5, 70, 70], hsv_upper=[30, 255, 255][0m
[INFO] [1784186964.550512599] [orange_pole_detector]: [0;33m未检测到有效橘色竖杆: candidates=0, frame=1600, hsv_lower=[5, 70, 70], hsv_upper=[30, 255, 255][0m
[INFO] [1784186965.617379629] [orange_pole_detector]: [0;33m未检测到有效橘色竖杆: candidates=0, frame=1616, hsv_lower=[5, 70, 70], hsv_upper=[30, 255, 255][0m
[INFO] [1784186966.616774935] [orange_pole_detector]: [0;33m未检测到有效橘色竖杆: candidates=0, frame=1631, hsv_lower=[5, 70, 70], hsv_upper=[30, 255, 255][0m
[INFO] [1784186967.619938803] [orange_pole_detector]: [0;33m未检测到有效橘色竖杆: candidates=0, frame=1646, hsv_lower=[5, 70, 70], hsv_upper=[30, 255, 255][0m
[INFO] [1784186968.618593120] [orange_pole_detector]: [0;33m未检测到有效橘色竖杆: candidates=0, frame=1661, hsv_lower=[5, 70, 70], hsv_upper=[30, 255, 255][0m
[INFO] [1784186969.619132286] [orange_pole_detector]: [0;33m未检测到有效橘色竖杆: candidates=0, frame=1676, hsv_lower=[5, 70, 70], hsv_upper=[30, 255, 255][0m
[INFO] [1784186970.619993138] [orange_pole_detector]: [0;33m未检测到有效橘色竖杆: candidates=0, frame=1691, hsv_lower=[5, 70, 70], hsv_upper=[30, 255, 255][0m
[INFO] [1784186971.622672025] [orange_pole_detector]: [0;33m未检测到有效橘色竖杆: candidates=0, frame=1706, hsv_lower=[5, 70, 70], hsv_upper=[30, 255, 255][0m
[INFO] [1784186972.621380605] [orange_pole_detector]: [0;33m未检测到有效橘色竖杆: candidates=0, frame=1721, hsv_lower=[5, 70, 70], hsv_upper=[30, 255, 255][0m
[INFO] [1784186973.622341605] [orange_pole_detector]: [0;33m未检测到有效橘色竖杆: candidates=0, frame=1736, hsv_lower=[5, 70, 70], hsv_upper=[30, 255, 255][0m
[INFO] [1784186974.622664779] [orange_pole_detector]: [0;33m未检测到有效橘色竖杆: candidates=0, frame=1751, hsv_lower=[5, 70, 70], hsv_upper=[30, 255, 255][0m
[INFO] [1784186975.627514846] [orange_pole_detector]: [0;33m未检测到有效橘色竖杆: candidates=0, frame=1766, hsv_lower=[5, 70, 70], hsv_upper=[30, 255, 255][0m
[INFO] [1784186976.624824967] [orange_pole_detector]: [0;33m未检测到有效橘色竖杆: candidates=0, frame=1781, hsv_lower=[5, 70, 70], hsv_upper=[30, 255, 255][0m
[INFO] [1784186977.624972119] [orange_pole_detector]: [0;33m未检测到有效橘色竖杆: candidates=0, frame=1796, hsv_lower=[5, 70, 70], hsv_upper=[30, 255, 255][0m
[INFO] [1784186978.626074128] [orange_pole_detector]: [0;33m未检测到有效橘色竖杆: candidates=0, frame=1811, hsv_lower=[5, 70, 70], hsv_upper=[30, 255, 255][0m
[INFO] [1784186979.627079254] [orange_pole_detector]: [0;33m未检测到有效橘色竖杆: candidates=0, frame=1826, hsv_lower=[5, 70, 70], hsv_upper=[30, 255, 255][0m
[INFO] [1784186980.628443415] [orange_pole_detector]: [0;33m未检测到有效橘色竖杆: candidates=0, frame=1841, hsv_lower=[5, 70, 70], hsv_upper=[30, 255, 255][0m
[INFO] [1784186981.628909054] [orange_pole_detector]: [0;33m未检测到有效橘色竖杆: candidates=0, frame=1856, hsv_lower=[5, 70, 70], hsv_upper=[30, 255, 255][0m
[INFO] [1784186982.629232984] [orange_pole_detector]: [0;33m未检测到有效橘色竖杆: candidates=0, frame=1871, hsv_lower=[5, 70, 70], hsv_upper=[30, 255, 255][0m
[INFO] [1784186983.630746653] [orange_pole_detector]: [0;33m未检测到有效橘色竖杆: candidates=0, frame=1886, hsv_lower=[5, 70, 70], hsv_upper=[30, 255, 255][0m
[INFO] [1784186984.630923055] [orange_pole_detector]: [0;33m未检测到有效橘色竖杆: candidates=0, frame=1901, hsv_lower=[5, 70, 70], hsv_upper=[30, 255, 255][0m
[INFO] [1784186985.630887907] [orange_pole_detector]: [0;33m未检测到有效橘色竖杆: candidates=0, frame=1916, hsv_lower=[5, 70, 70], hsv_upper=[30, 255, 255][0m
[INFO] [1784186986.631897371] [orange_pole_detector]: [0;33m未检测到有效橘色竖杆: candidates=0, frame=1931, hsv_lower=[5, 70, 70], hsv_upper=[30, 255, 255][0m
[INFO] [1784186987.632104376] [orange_pole_detector]: [0;33m未检测到有效橘色竖杆: candidates=0, frame=1946, hsv_lower=[5, 70, 70], hsv_upper=[30, 255, 255][0m
[INFO] [1784186988.633379964] [orange_pole_detector]: [0;33m未检测到有效橘色竖杆: candidates=0, frame=1961, hsv_lower=[5, 70, 70], hsv_upper=[30, 255, 255][0m
[INFO] [1784186989.634430198] [orange_pole_detector]: [0;33m未检测到有效橘色竖杆: candidates=0, frame=1976, hsv_lower=[5, 70, 70], hsv_upper=[30, 255, 255][0m
[INFO] [1784186990.637285827] [orange_pole_detector]: [0;33m未检测到有效橘色竖杆: candidates=0, frame=1991, hsv_lower=[5, 70, 70], hsv_upper=[30, 255, 255][0m
[INFO] [1784186991.635340394] [orange_pole_detector]: [0;33m未检测到有效橘色竖杆: candidates=0, frame=2006, hsv_lower=[5, 70, 70], hsv_upper=[30, 255, 255][0m
[INFO] [1784186992.635783916] [orange_pole_detector]: [0;33m未检测到有效橘色竖杆: candidates=0, frame=2021, hsv_lower=[5, 70, 70], hsv_upper=[30, 255, 255][0m
[INFO] [1784186993.636302941] [orange_pole_detector]: [0;33m未检测到有效橘色竖杆: candidates=0, frame=2036, hsv_lower=[5, 70, 70], hsv_upper=[30, 255, 255][0m
[INFO] [1784186994.637978211] [orange_pole_detector]: [0;33m未检测到有效橘色竖杆: candidates=0, frame=2051, hsv_lower=[5, 70, 70], hsv_upper=[30, 255, 255][0m
[INFO] [1784186995.638733221] [orange_pole_detector]: [0;33m未检测到有效橘色竖杆: candidates=0, frame=2066, hsv_lower=[5, 70, 70], hsv_upper=[30, 255, 255][0m
[INFO] [1784186996.640907404] [orange_pole_detector]: [0;33m未检测到有效橘色竖杆: candidates=0, frame=2081, hsv_lower=[5, 70, 70], hsv_upper=[30, 255, 255][0m
[INFO] [1784186997.640534917] [orange_pole_detector]: [0;33m未检测到有效橘色竖杆: candidates=0, frame=2096, hsv_lower=[5, 70, 70], hsv_upper=[30, 255, 255][0m
[INFO] [1784186998.643396402] [orange_pole_detector]: [0;33m未检测到有效橘色竖杆: candidates=0, frame=2111, hsv_lower=[5, 70, 70], hsv_upper=[30, 255, 255][0m
[INFO] [1784186999.641413382] [orange_pole_detector]: [0;33m未检测到有效橘色竖杆: candidates=0, frame=2126, hsv_lower=[5, 70, 70], hsv_upper=[30, 255, 255][0m
[INFO] [1784187000.643705500] [orange_pole_detector]: [0;33m未检测到有效橘色竖杆: candidates=0, frame=2141, hsv_lower=[5, 70, 70], hsv_upper=[30, 255, 255][0m
[INFO] [1784187001.643017270] [orange_pole_detector]: [0;33m未检测到有效橘色竖杆: candidates=0, frame=2156, hsv_lower=[5, 70, 70], hsv_upper=[30, 255, 255][0m
[INFO] [1784187002.646113406] [orange_pole_detector]: [0;33m未检测到有效橘色竖杆: candidates=0, frame=2171, hsv_lower=[5, 70, 70], hsv_upper=[30, 255, 255][0m
[INFO] [1784187003.645128551] [orange_pole_detector]: [0;33m未检测到有效橘色竖杆: candidates=0, frame=2186, hsv_lower=[5, 70, 70], hsv_upper=[30, 255, 255][0m
[INFO] [1784187004.645004901] [orange_pole_detector]: [0;33m未检测到有效橘色竖杆: candidates=0, frame=2201, hsv_lower=[5, 70, 70], hsv_upper=[30, 255, 255][0m
[INFO] [1784187005.646416700] [orange_pole_detector]: [0;33m未检测到有效橘色竖杆: candidates=0, frame=2216, hsv_lower=[5, 70, 70], hsv_upper=[30, 255, 255][0m
[INFO] [1784187006.646682639] [orange_pole_detector]: [0;33m未检测到有效橘色竖杆: candidates=0, frame=2231, hsv_lower=[5, 70, 70], hsv_upper=[30, 255, 255][0m
[INFO] [1784187007.647418392] [orange_pole_detector]: [0;33m未检测到有效橘色竖杆: candidates=0, frame=2246, hsv_lower=[5, 70, 70], hsv_upper=[30, 255, 255][0m
[INFO] [1784187008.652579755] [orange_pole_detector]: [0;33m未检测到有效橘色竖杆: candidates=0, frame=2261, hsv_lower=[5, 70, 70], hsv_upper=[30, 255, 255][0m
[INFO] [1784187009.651734307] [orange_pole_detector]: [0;33m未检测到有效橘色竖杆: candidates=0, frame=2276, hsv_lower=[5, 70, 70], hsv_upper=[30, 255, 255][0m
[INFO] [1784187010.653645280] [orange_pole_detector]: [0;33m未检测到有效橘色竖杆: candidates=0, frame=2291, hsv_lower=[5, 70, 70], hsv_upper=[30, 255, 255][0m
[INFO] [1784187011.716935968] [orange_pole_detector]: [0;33m未检测到有效橘色竖杆: candidates=0, frame=2307, hsv_lower=[5, 70, 70], hsv_upper=[30, 255, 255][0m
