[INFO] [1783753069.104152755] [orange_hurdle_jump_test]: state=DETECTOR_ONLY
[INFO] [1783753069.105469661] [orange_hurdle_jump_test]: orange_hurdle_jump_test started: color=/camera/color/image_raw, depth=/camera/aligned_depth_to_color/image_raw, detector_only=True, serial=/dev/ttyUSB0@115200, trigger_distance=0.58m, walk=[0,1.000,1.000], stand=[0,0.000,0.000], jump=[4,0.000,0.000]
[INFO] [1783753069.121045477] [orange_hurdle_jump_test]: [1;95m触发状态更新: trigger=False[0m
[INFO] [1783753069.128268205] [orange_hurdle_jump_test]: [0;33m未检测到有效橘色横栏: candidates=0, frame=1, mask_px=87317, contours=2, largest=area:97812,box:424x240,aspect:1.77,reject:depth_px:0, hsv_lower=[28, 40, 35], hsv_upper=[95, 255, 255][0m
[INFO] [1783753069.343331177] [orange_hurdle_jump_test]: [0;33m未检测到有效橘色横栏: candidates=0, frame=5, mask_px=87348, contours=2, largest=area:97817,box:424x240,aspect:1.77,reject:depth_px:0, hsv_lower=[28, 40, 35], hsv_upper=[95, 255, 255][0m
[INFO] [1783753069.543120202] [orange_hurdle_jump_test]: [0;33m未检测到有效橘色横栏: candidates=0, frame=8, mask_px=85460, contours=2, largest=area:97825,box:424x240,aspect:1.77,reject:depth_px:6, hsv_lower=[28, 40, 35], hsv_upper=[95, 255, 255][0m
[INFO] [1783753069.761876061] [orange_hurdle_jump_test]: [0;33m未检测到有效橘色横栏: candidates=0, frame=11, mask_px=80588, contours=4, largest=area:87975,box:424x240,aspect:1.77,reject:top_edge:-0.356m(err=-0.356), hsv_lower=[28, 40, 35], hsv_upper=[95, 255, 255][0m
[INFO] [1783753070.010670059] [orange_hurdle_jump_test]: [1;34m最近横栏: dist=0.911m, lateral=-0.010m, vertical=0.157m, pixel=(210.1,169.0), box=424x171, depth_px=5638, candidates=1, trigger=False[0m
[INFO] [1783753070.211030145] [orange_hurdle_jump_test]: [1;34m最近横栏: dist=0.914m, lateral=-0.008m, vertical=0.176m, pixel=(210.5,175.2), box=424x167, depth_px=14250, candidates=1, trigger=False[0m
[INFO] [1783753070.477518907] [orange_hurdle_jump_test]: [1;34m最近横栏: dist=0.887m, lateral=0.011m, vertical=0.195m, pixel=(216.9,183.5), box=424x133, depth_px=24850, candidates=1, trigger=False[0m
[INFO] [1783753070.677746281] [orange_hurdle_jump_test]: [1;34m最近横栏: dist=0.887m, lateral=0.016m, vertical=0.196m, pixel=(218.9,183.9), box=424x130, depth_px=24645, candidates=1, trigger=False[0m
[INFO] [1783753070.877550102] [orange_hurdle_jump_test]: [1;34m最近横栏: dist=0.883m, lateral=-0.003m, vertical=0.197m, pixel=(212.3,184.4), box=424x129, depth_px=25321, candidates=1, trigger=False[0m
[INFO] [1783753071.081373835] [orange_hurdle_jump_test]: [1;34m最近横栏: dist=0.878m, lateral=-0.004m, vertical=0.197m, pixel=(212.1,184.8), box=424x128, depth_px=23822, candidates=1, trigger=False[0m
[INFO] [1783753071.345704455] [orange_hurdle_jump_test]: [1;34m最近横栏: dist=0.876m, lateral=0.015m, vertical=0.199m, pixel=(218.5,185.5), box=424x128, depth_px=22124, candidates=1, trigger=False[0m
[INFO] [1783753071.611486886] [orange_hurdle_jump_test]: [1;34m最近横栏: dist=0.878m, lateral=0.017m, vertical=0.206m, pixel=(219.3,187.9), box=424x118, depth_px=20463, candidates=1, trigger=False[0m
[INFO] [1783753071.828442265] [orange_hurdle_jump_test]: [1;34m最近横栏: dist=0.876m, lateral=0.026m, vertical=0.209m, pixel=(222.3,189.3), box=424x113, depth_px=19121, candidates=1, trigger=False[0m
[INFO] [1783753072.078547031] [orange_hurdle_jump_test]: [1;34m最近横栏: dist=0.860m, lateral=0.362m, vertical=0.229m, pixel=(340.7,197.6), box=202x94, depth_px=9426, candidates=2, trigger=False[0m
[INFO] [1783753072.278711734] [orange_hurdle_jump_test]: [1;34m最近横栏: dist=0.864m, lateral=0.366m, vertical=0.235m, pixel=(341.4,199.3), box=192x94, depth_px=9764, candidates=2, trigger=False[0m
[INFO] [1783753072.484339819] [orange_hurdle_jump_test]: [1;34m最近横栏: dist=0.862m, lateral=0.363m, vertical=0.232m, pixel=(340.8,198.3), box=196x94, depth_px=9530, candidates=2, trigger=False[0m
[INFO] [1783753072.680660093] [orange_hurdle_jump_test]: [1;34m最近横栏: dist=0.869m, lateral=0.368m, vertical=0.240m, pixel=(341.4,200.5), box=186x94, depth_px=9561, candidates=2, trigger=False[0m
[INFO] [1783753072.947632264] [orange_hurdle_jump_test]: [1;34m最近横栏: dist=0.876m, lateral=0.380m, vertical=0.258m, pixel=(344.6,206.2), box=184x94, depth_px=7514, candidates=2, trigger=False[0m
[INFO] [1783753073.149426008] [orange_hurdle_jump_test]: [1;34m最近横栏: dist=0.883m, lateral=0.388m, vertical=0.264m, pixel=(346.3,207.3), box=172x94, depth_px=7111, candidates=2, trigger=False[0m
[INFO] [1783753073.415434563] [orange_hurdle_jump_test]: [1;34m最近横栏: dist=0.939m, lateral=-0.469m, vertical=0.238m, pixel=(62.1,193.6), box=150x111, depth_px=5402, candidates=1, trigger=False[0m
[INFO] [1783753073.678864353] [orange_hurdle_jump_test]: [0;33m未检测到有效橘色横栏: candidates=0, frame=70, mask_px=12022, contours=15, largest=area:5054,box:92x109,aspect:0.84,reject:aspect, hsv_lower=[28, 40, 35], hsv_upper=[95, 255, 255][0m
[INFO] [1783753073.880376366] [orange_hurdle_jump_test]: [1;34m最近横栏: dist=0.939m, lateral=-0.478m, vertical=0.238m, pixel=(59.4,193.6), box=160x110, depth_px=5627, candidates=1, trigger=False[0m
[INFO] [1783753074.146520832] [orange_hurdle_jump_test]: [0;33m未检测到有效橘色横栏: candidates=0, frame=77, mask_px=10794, contours=12, largest=area:6032,box:96x109,aspect:0.88,reject:aspect, hsv_lower=[28, 40, 35], hsv_upper=[95, 255, 255][0m
[INFO] [1783753074.346320392] [orange_hurdle_jump_test]: [0;33m未检测到有效橘色横栏: candidates=0, frame=80, mask_px=10257, contours=10, largest=area:5882,box:92x110,aspect:0.84,reject:aspect, hsv_lower=[28, 40, 35], hsv_upper=[95, 255, 255][0m
[INFO] [1783753074.614122247] [orange_hurdle_jump_test]: [0;33m未检测到有效橘色横栏: candidates=0, frame=84, mask_px=8167, contours=8, largest=area:4664,box:90x109,aspect:0.83,reject:aspect, hsv_lower=[28, 40, 35], hsv_upper=[95, 255, 255][0m
[INFO] [1783753074.813624128] [orange_hurdle_jump_test]: [0;33m未检测到有效橘色横栏: candidates=0, frame=87, mask_px=8547, contours=7, largest=area:5280,box:90x109,aspect:0.83,reject:aspect, hsv_lower=[28, 40, 35], hsv_upper=[95, 255, 255][0m
[INFO] [1783753075.013888367] [orange_hurdle_jump_test]: [0;33m未检测到有效橘色横栏: candidates=0, frame=90, mask_px=7916, contours=8, largest=area:4498,box:88x108,aspect:0.81,reject:aspect, hsv_lower=[28, 40, 35], hsv_upper=[95, 255, 255][0m
[INFO] [1783753075.214940761] [orange_hurdle_jump_test]: [0;33m未检测到有效橘色横栏: candidates=0, frame=93, mask_px=7784, contours=6, largest=area:4442,box:88x109,aspect:0.81,reject:aspect, hsv_lower=[28, 40, 35], hsv_upper=[95, 255, 255][0m
[INFO] [1783753075.417465694] [orange_hurdle_jump_test]: [0;33m未检测到有效橘色横栏: candidates=0, frame=96, mask_px=8220, contours=5, largest=area:5036,box:92x110,aspect:0.84,reject:aspect, hsv_lower=[28, 40, 35], hsv_upper=[95, 255, 255][0m
[INFO] [1783753075.546678712] [orange_hurdle_jump_test]: [1;95m触发状态更新: trigger=True[0m
[INFO] [1783753075.612784254] [orange_hurdle_jump_test]: [1;95m触发状态更新: trigger=False[0m
[INFO] [1783753075.683123405] [orange_hurdle_jump_test]: [0;33m未检测到有效橘色横栏: candidates=0, frame=100, mask_px=9843, contours=6, largest=area:6284,box:96x112,aspect:0.86,reject:aspect, hsv_lower=[28, 40, 35], hsv_upper=[95, 255, 255][0m
[INFO] [1783753075.880633382] [orange_hurdle_jump_test]: [0;33m未检测到有效橘色横栏: candidates=0, frame=103, mask_px=8731, contours=7, largest=area:5542,box:90x111,aspect:0.81,reject:aspect, hsv_lower=[28, 40, 35], hsv_upper=[95, 255, 255][0m
[INFO] [1783753076.081629605] [orange_hurdle_jump_test]: [0;33m未检测到有效橘色横栏: candidates=0, frame=106, mask_px=6778, contours=5, largest=area:3822,box:90x109,aspect:0.83,reject:aspect, hsv_lower=[28, 40, 35], hsv_upper=[95, 255, 255][0m
[INFO] [1783753076.356803826] [orange_hurdle_jump_test]: [0;33m未检测到有效橘色横栏: candidates=0, frame=110, mask_px=5116, contours=13, largest=area:2066,box:112x24,aspect:4.67,reject:height, hsv_lower=[28, 40, 35], hsv_upper=[95, 255, 255][0m
[INFO] [1783753076.614911062] [orange_hurdle_jump_test]: [0;33m未检测到有效橘色横栏: candidates=0, frame=114, mask_px=4397, contours=6, largest=area:2063,box:122x24,aspect:5.08,reject:height, hsv_lower=[28, 40, 35], hsv_upper=[95, 255, 255][0m
[INFO] [1783753076.816077755] [orange_hurdle_jump_test]: [0;33m未检测到有效橘色横栏: candidates=0, frame=117, mask_px=6085, contours=8, largest=area:3198,box:91x94,aspect:0.97,reject:aspect, hsv_lower=[28, 40, 35], hsv_upper=[95, 255, 255][0m
[INFO] [1783753077.081634132] [orange_hurdle_jump_test]: [0;33m未检测到有效橘色横栏: candidates=0, frame=121, mask_px=4868, contours=5, largest=area:1912,box:118x23,aspect:5.13,reject:height, hsv_lower=[28, 40, 35], hsv_upper=[95, 255, 255][0m
[INFO] [1783753077.350471752] [orange_hurdle_jump_test]: [0;33m未检测到有效橘色横栏: candidates=0, frame=125, mask_px=4133, contours=3, largest=area:2126,box:130x23,aspect:5.65,reject:height, hsv_lower=[28, 40, 35], hsv_upper=[95, 255, 255][0m
[INFO] [1783753077.549086238] [orange_hurdle_jump_test]: [0;33m未检测到有效橘色横栏: candidates=0, frame=128, mask_px=3511, contours=7, largest=area:2052,box:138x23,aspect:6.00,reject:height, hsv_lower=[28, 40, 35], hsv_upper=[95, 255, 255][0m
[INFO] [1783753077.815760202] [orange_hurdle_jump_test]: [0;33m未检测到有效橘色横栏: candidates=0, frame=132, mask_px=4445, contours=8, largest=area:2278,box:136x24,aspect:5.67,reject:height, hsv_lower=[28, 40, 35], hsv_upper=[95, 255, 255][0m
[INFO] [1783753078.021469108] [orange_hurdle_jump_test]: [0;33m未检测到有效橘色横栏: candidates=0, frame=135, mask_px=4073, contours=8, largest=area:2225,box:138x24,aspect:5.75,reject:height, hsv_lower=[28, 40, 35], hsv_upper=[95, 255, 255][0m
[INFO] [1783753078.282904069] [orange_hurdle_jump_test]: [0;33m未检测到有效橘色横栏: candidates=0, frame=139, mask_px=6304, contours=6, largest=area:2419,box:138x24,aspect:5.75,reject:height, hsv_lower=[28, 40, 35], hsv_upper=[95, 255, 255][0m
[INFO] [1783753078.483830144] [orange_hurdle_jump_test]: [0;33m未检测到有效橘色横栏: candidates=0, frame=142, mask_px=5899, contours=7, largest=area:2333,box:134x24,aspect:5.58,reject:height, hsv_lower=[28, 40, 35], hsv_upper=[95, 255, 255][0m
[INFO] [1783753078.752251873] [orange_hurdle_jump_test]: [0;33m未检测到有效橘色横栏: candidates=0, frame=146, mask_px=5587, contours=7, largest=area:2372,box:136x24,aspect:5.67,reject:height, hsv_lower=[28, 40, 35], hsv_upper=[95, 255, 255][0m
[INFO] [1783753078.952410350] [orange_hurdle_jump_test]: [0;33m未检测到有效橘色横栏: candidates=0, frame=149, mask_px=7391, contours=5, largest=area:2603,box:84x69,aspect:1.22,reject:aspect, hsv_lower=[28, 40, 35], hsv_upper=[95, 255, 255][0m
[INFO] [1783753079.216676979] [orange_hurdle_jump_test]: [0;33m未检测到有效橘色横栏: candidates=0, frame=153, mask_px=7474, contours=5, largest=area:4220,box:98x111,aspect:0.88,reject:aspect, hsv_lower=[28, 40, 35], hsv_upper=[95, 255, 255][0m
[INFO] [1783753079.483454387] [orange_hurdle_jump_test]: [0;33m未检测到有效橘色横栏: candidates=0, frame=157, mask_px=6538, contours=4, largest=area:3330,box:98x112,aspect:0.88,reject:aspect, hsv_lower=[28, 40, 35], hsv_upper=[95, 255, 255][0m
[INFO] [1783753079.683861541] [orange_hurdle_jump_test]: [0;33m未检测到有效橘色横栏: candidates=0, frame=160, mask_px=5697, contours=5, largest=area:2337,box:138x24,aspect:5.75,reject:height, hsv_lower=[28, 40, 35], hsv_upper=[95, 255, 255][0m
[INFO] [1783753079.950100444] [orange_hurdle_jump_test]: [0;33m未检测到有效橘色横栏: candidates=0, frame=164, mask_px=7354, contours=5, largest=area:4322,box:102x111,aspect:0.92,reject:aspect, hsv_lower=[28, 40, 35], hsv_upper=[95, 255, 255][0m
[INFO] [1783753080.150629302] [orange_hurdle_jump_test]: [0;33m未检测到有效橘色横栏: candidates=0, frame=167, mask_px=6459, contours=6, largest=area:3276,box:90x108,aspect:0.83,reject:aspect, hsv_lower=[28, 40, 35], hsv_upper=[95, 255, 255][0m
[INFO] [1783753080.419170390] [orange_hurdle_jump_test]: [0;33m未检测到有效橘色横栏: candidates=0, frame=171, mask_px=7850, contours=3, largest=area:4889,box:102x111,aspect:0.92,reject:aspect, hsv_lower=[28, 40, 35], hsv_upper=[95, 255, 255][0m
[INFO] [1783753080.685277698] [orange_hurdle_jump_test]: [0;33m未检测到有效橘色横栏: candidates=0, frame=175, mask_px=6080, contours=4, largest=area:3110,box:79x106,aspect:0.75,reject:aspect, hsv_lower=[28, 40, 35], hsv_upper=[95, 255, 255][0m
[INFO] [1783753080.952546984] [orange_hurdle_jump_test]: [0;33m未检测到有效橘色横栏: candidates=0, frame=179, mask_px=4493, contours=5, largest=area:2350,box:138x24,aspect:5.75,reject:height, hsv_lower=[28, 40, 35], hsv_upper=[95, 255, 255][0m
[INFO] [1783753081.219109212] [orange_hurdle_jump_test]: [0;33m未检测到有效橘色横栏: candidates=0, frame=183, mask_px=3742, contours=7, largest=area:2196,box:130x23,aspect:5.65,reject:height, hsv_lower=[28, 40, 35], hsv_upper=[95, 255, 255][0m
[INFO] [1783753081.485529669] [orange_hurdle_jump_test]: [0;33m未检测到有效橘色横栏: candidates=0, frame=187, mask_px=3371, contours=4, largest=area:2242,box:132x23,aspect:5.74,reject:height, hsv_lower=[28, 40, 35], hsv_upper=[95, 255, 255][0m
[INFO] [1783753081.752541145] [orange_hurdle_jump_test]: [0;33m未检测到有效橘色横栏: candidates=0, frame=191, mask_px=3089, contours=3, largest=area:2004,box:118x23,aspect:5.13,reject:height, hsv_lower=[28, 40, 35], hsv_upper=[95, 255, 255][0m
[INFO] [1783753081.953319728] [orange_hurdle_jump_test]: [0;33m未检测到有效橘色横栏: candidates=0, frame=194, mask_px=2763, contours=4, largest=area:1830,box:112x23,aspect:4.87,reject:height, hsv_lower=[28, 40, 35], hsv_upper=[95, 255, 255][0m
[INFO] [1783753082.169159774] [orange_hurdle_jump_test]: [0;33m未检测到有效橘色横栏: candidates=0, frame=197, mask_px=2606, contours=4, largest=area:1714,box:112x23,aspect:4.87,reject:height, hsv_lower=[28, 40, 35], hsv_upper=[95, 255, 255][0m
[INFO] [1783753082.419359942] [orange_hurdle_jump_test]: [0;33m未检测到有效橘色横栏: candidates=0, frame=201, mask_px=2498, contours=3, largest=area:1692,box:106x23,aspect:4.61,reject:height, hsv_lower=[28, 40, 35], hsv_upper=[95, 255, 255][0m
[INFO] [1783753082.622181613] [orange_hurdle_jump_test]: [0;33m未检测到有效橘色横栏: candidates=0, frame=204, mask_px=2403, contours=3, largest=area:1694,box:102x23,aspect:4.43,reject:height, hsv_lower=[28, 40, 35], hsv_upper=[95, 255, 255][0m
[INFO] [1783753082.885860717] [orange_hurdle_jump_test]: [0;33m未检测到有效橘色横栏: candidates=0, frame=208, mask_px=2526, contours=4, largest=area:1772,box:111x23,aspect:4.83,reject:height, hsv_lower=[28, 40, 35], hsv_upper=[95, 255, 255][0m
[INFO] [1783753083.087299799] [orange_hurdle_jump_test]: [0;33m未检测到有效橘色横栏: candidates=0, frame=211, mask_px=2465, contours=5, largest=area:1587,box:100x23,aspect:4.35,reject:height, hsv_lower=[28, 40, 35], hsv_upper=[95, 255, 255][0m
[INFO] [1783753083.287065358] [orange_hurdle_jump_test]: [0;33m未检测到有效橘色横栏: candidates=0, frame=214, mask_px=2617, contours=4, largest=area:1827,box:110x23,aspect:4.78,reject:height, hsv_lower=[28, 40, 35], hsv_upper=[95, 255, 255][0m
[INFO] [1783753083.553610510] [orange_hurdle_jump_test]: [0;33m未检测到有效橘色横栏: candidates=0, frame=218, mask_px=2417, contours=5, largest=area:1664,box:114x23,aspect:4.96,reject:height, hsv_lower=[28, 40, 35], hsv_upper=[95, 255, 255][0m
[INFO] [1783753083.756045208] [orange_hurdle_jump_test]: [0;33m未检测到有效橘色横栏: candidates=0, frame=221, mask_px=2529, contours=5, largest=area:1680,box:102x23,aspect:4.43,reject:height, hsv_lower=[28, 40, 35], hsv_upper=[95, 255, 255][0m
[INFO] [1783753084.022429352] [orange_hurdle_jump_test]: [0;33m未检测到有效橘色横栏: candidates=0, frame=225, mask_px=2653, contours=4, largest=area:1714,box:104x23,aspect:4.52,reject:height, hsv_lower=[28, 40, 35], hsv_upper=[95, 255, 255][0m
[INFO] [1783753084.231315088] [orange_hurdle_jump_test]: [0;33m未检测到有效橘色横栏: candidates=0, frame=228, mask_px=2778, contours=3, largest=area:1906,box:111x23,aspect:4.83,reject:height, hsv_lower=[28, 40, 35], hsv_upper=[95, 255, 255][0m
[INFO] [1783753084.487172122] [orange_hurdle_jump_test]: [0;33m未检测到有效橘色横栏: candidates=0, frame=232, mask_px=3001, contours=3, largest=area:2076,box:118x24,aspect:4.92,reject:height, hsv_lower=[28, 40, 35], hsv_upper=[95, 255, 255][0m
[INFO] [1783753084.687699432] [orange_hurdle_jump_test]: [0;33m未检测到有效橘色横栏: candidates=0, frame=235, mask_px=3150, contours=5, largest=area:2102,box:116x24,aspect:4.83,reject:height, hsv_lower=[28, 40, 35], hsv_upper=[95, 255, 255][0m
[INFO] [1783753084.890380440] [orange_hurdle_jump_test]: [0;33m未检测到有效橘色横栏: candidates=0, frame=238, mask_px=2779, contours=3, largest=area:1916,box:114x23,aspect:4.96,reject:height, hsv_lower=[28, 40, 35], hsv_upper=[95, 255, 255][0m
[INFO] [1783753085.156531890] [orange_hurdle_jump_test]: [0;33m未检测到有效橘色横栏: candidates=0, frame=242, mask_px=2427, contours=3, largest=area:1732,box:111x23,aspect:4.83,reject:height, hsv_lower=[28, 40, 35], hsv_upper=[95, 255, 255][0m
[INFO] [1783753085.404792876] [orange_hurdle_jump_test]: [0;33m未检测到有效橘色横栏: candidates=0, frame=254, mask_px=3025, contours=7, largest=area:1846,box:116x22,aspect:5.27,reject:height, hsv_lower=[28, 40, 35], hsv_upper=[95, 255, 255][0m
[INFO] [1783753085.670874788] [orange_hurdle_jump_test]: [0;33m未检测到有效橘色横栏: candidates=0, frame=258, mask_px=2958, contours=7, largest=area:2030,box:116x23,aspect:5.04,reject:height, hsv_lower=[28, 40, 35], hsv_upper=[95, 255, 255][0m
[INFO] [1783753085.872403335] [orange_hurdle_jump_test]: [0;33m未检测到有效橘色横栏: candidates=0, frame=261, mask_px=2890, contours=5, largest=area:1877,box:113x23,aspect:4.91,reject:height, hsv_lower=[28, 40, 35], hsv_upper=[95, 255, 255][0m
[INFO] [1783753086.136790210] [orange_hurdle_jump_test]: [0;33m未检测到有效橘色横栏: candidates=0, frame=265, mask_px=3145, contours=6, largest=area:2069,box:118x23,aspect:5.13,reject:height, hsv_lower=[28, 40, 35], hsv_upper=[95, 255, 255][0m
[INFO] [1783753086.341273754] [orange_hurdle_jump_test]: [0;33m未检测到有效橘色横栏: candidates=0, frame=268, mask_px=3112, contours=6, largest=area:1940,box:115x23,aspect:5.00,reject:height, hsv_lower=[28, 40, 35], hsv_upper=[95, 255, 255][0m
[INFO] [1783753086.603681786] [orange_hurdle_jump_test]: [0;33m未检测到有效橘色横栏: candidates=0, frame=272, mask_px=2977, contours=6, largest=area:1671,box:104x23,aspect:4.52,reject:height, hsv_lower=[28, 40, 35], hsv_upper=[95, 255, 255][0m
[INFO] [1783753086.805222781] [orange_hurdle_jump_test]: [0;33m未检测到有效橘色横栏: candidates=0, frame=275, mask_px=2963, contours=3, largest=area:1760,box:107x23,aspect:4.65,reject:height, hsv_lower=[28, 40, 35], hsv_upper=[95, 255, 255][0m
[INFO] [1783753087.070549942] [orange_hurdle_jump_test]: [0;33m未检测到有效橘色横栏: candidates=0, frame=279, mask_px=3550, contours=4, largest=area:1838,box:110x23,aspect:4.78,reject:height, hsv_lower=[28, 40, 35], hsv_upper=[95, 255, 255][0m
[INFO] [1783753087.273337241] [orange_hurdle_jump_test]: [0;33m未检测到有效橘色横栏: candidates=0, frame=282, mask_px=3834, contours=7, largest=area:1922,box:113x23,aspect:4.91,reject:height, hsv_lower=[28, 40, 35], hsv_upper=[95, 255, 255][0m
[INFO] [1783753087.473963786] [orange_hurdle_jump_test]: [0;33m未检测到有效橘色横栏: candidates=0, frame=285, mask_px=3360, contours=7, largest=area:2118,box:120x24,aspect:5.00,reject:height, hsv_lower=[28, 40, 35], hsv_upper=[95, 255, 255][0m
[INFO] [1783753087.739968372] [orange_hurdle_jump_test]: [0;33m未检测到有效橘色横栏: candidates=0, frame=289, mask_px=2165, contours=9, largest=area:1518,box:94x22,aspect:4.27,reject:height, hsv_lower=[28, 40, 35], hsv_upper=[95, 255, 255][0m
[INFO] [1783753087.960012621] [orange_hurdle_jump_test]: [0;33m未检测到有效橘色横栏: candidates=0, frame=292, mask_px=2267, contours=8, largest=area:1361,box:113x22,aspect:5.14,reject:height, hsv_lower=[28, 40, 35], hsv_upper=[95, 255, 255][0m
[INFO] [1783753088.206787283] [orange_hurdle_jump_test]: [0;33m未检测到有效橘色横栏: candidates=0, frame=296, mask_px=4313, contours=9, largest=area:1448,box:54x62,aspect:0.87,reject:width+aspect, hsv_lower=[28, 40, 35], hsv_upper=[95, 255, 255][0m
[INFO] [1783753088.472130307] [orange_hurdle_jump_test]: [0;33m未检测到有效橘色横栏: candidates=0, frame=300, mask_px=4203, contours=8, largest=area:1814,box:114x24,aspect:4.75,reject:height, hsv_lower=[28, 40, 35], hsv_upper=[95, 255, 255][0m
[INFO] [1783753088.671667355] [orange_hurdle_jump_test]: [0;33m未检测到有效橘色横栏: candidates=0, frame=303, mask_px=4825, contours=8, largest=area:2090,box:124x24,aspect:5.17,reject:height, hsv_lower=[28, 40, 35], hsv_upper=[95, 255, 255][0m
[INFO] [1783753088.873014480] [orange_hurdle_jump_test]: [0;33m未检测到有效橘色横栏: candidates=0, frame=306, mask_px=4097, contours=7, largest=area:2216,box:130x24,aspect:5.42,reject:height, hsv_lower=[28, 40, 35], hsv_upper=[95, 255, 255][0m
[INFO] [1783753089.138230453] [orange_hurdle_jump_test]: [0;33m未检测到有效橘色横栏: candidates=0, frame=310, mask_px=7833, contours=5, largest=area:4894,box:92x111,aspect:0.83,reject:aspect, hsv_lower=[28, 40, 35], hsv_upper=[95, 255, 255][0m
[INFO] [1783753089.407274438] [orange_hurdle_jump_test]: [0;33m未检测到有效橘色横栏: candidates=0, frame=314, mask_px=7534, contours=3, largest=area:5012,box:100x111,aspect:0.90,reject:aspect, hsv_lower=[28, 40, 35], hsv_upper=[95, 255, 255][0m
[INFO] [1783753089.672458865] [orange_hurdle_jump_test]: [1;95m触发状态更新: trigger=True[0m
[INFO] [1783753089.674966209] [orange_hurdle_jump_test]: [1;34m最近横栏: dist=0.551m, lateral=-0.328m, vertical=0.170m, pixel=(33.2,210.2), box=76x60, depth_px=1646, candidates=1, trigger=True[0m
[INFO] [1783753089.738646398] [orange_hurdle_jump_test]: [1;95m触发状态更新: trigger=False[0m
[INFO] [1783753089.872869670] [orange_hurdle_jump_test]: [0;33m未检测到有效橘色横栏: candidates=0, frame=321, mask_px=8131, contours=3, largest=area:5674,box:96x111,aspect:0.86,reject:aspect, hsv_lower=[28, 40, 35], hsv_upper=[95, 255, 255][0m
[INFO] [1783753090.074861680] [orange_hurdle_jump_test]: [0;33m未检测到有效橘色横栏: candidates=0, frame=324, mask_px=7539, contours=4, largest=area:5248,box:88x108,aspect:0.81,reject:aspect, hsv_lower=[28, 40, 35], hsv_upper=[95, 255, 255][0m
[INFO] [1783753090.339398911] [orange_hurdle_jump_test]: [0;33m未检测到有效橘色横栏: candidates=0, frame=328, mask_px=4618, contours=7, largest=area:1712,box:94x24,aspect:3.92,reject:height, hsv_lower=[28, 40, 35], hsv_upper=[95, 255, 255][0m
[INFO] [1783753090.540070035] [orange_hurdle_jump_test]: [0;33m未检测到有效橘色横栏: candidates=0, frame=331, mask_px=5117, contours=10, largest=area:1350,box:78x24,aspect:3.25,reject:height, hsv_lower=[28, 40, 35], hsv_upper=[95, 255, 255][0m
[INFO] [1783753090.807132430] [orange_hurdle_jump_test]: [0;33m未检测到有效橘色横栏: candidates=0, frame=335, mask_px=3508, contours=5, largest=area:2118,box:120x24,aspect:5.00,reject:height, hsv_lower=[28, 40, 35], hsv_upper=[95, 255, 255][0m
[INFO] [1783753091.007612785] [orange_hurdle_jump_test]: [0;33m未检测到有效橘色横栏: candidates=0, frame=338, mask_px=3541, contours=6, largest=area:1982,box:106x24,aspect:4.42,reject:height, hsv_lower=[28, 40, 35], hsv_upper=[95, 255, 255][0m
[INFO] [1783753091.274131608] [orange_hurdle_jump_test]: [0;33m未检测到有效橘色横栏: candidates=0, frame=342, mask_px=4530, contours=7, largest=area:1931,box:104x24,aspect:4.33,reject:height, hsv_lower=[28, 40, 35], hsv_upper=[95, 255, 255][0m
[INFO] [1783753091.541679885] [orange_hurdle_jump_test]: [0;33m未检测到有效橘色横栏: candidates=0, frame=346, mask_px=4999, contours=6, largest=area:2565,box:84x104,aspect:0.81,reject:aspect, hsv_lower=[28, 40, 35], hsv_upper=[95, 255, 255][0m
[INFO] [1783753091.808111138] [orange_hurdle_jump_test]: [0;33m未检测到有效橘色横栏: candidates=0, frame=350, mask_px=6036, contours=6, largest=area:3754,box:90x104,aspect:0.87,reject:aspect, hsv_lower=[28, 40, 35], hsv_upper=[95, 255, 255][0m
[INFO] [1783753092.015240267] [orange_hurdle_jump_test]: [0;33m未检测到有效橘色横栏: candidates=0, frame=353, mask_px=5934, contours=5, largest=area:3692,box:88x99,aspect:0.89,reject:aspect, hsv_lower=[28, 40, 35], hsv_upper=[95, 255, 255][0m
[INFO] [1783753092.275503830] [orange_hurdle_jump_test]: [0;33m未检测到有效橘色横栏: candidates=0, frame=357, mask_px=6021, contours=6, largest=area:3913,box:87x108,aspect:0.81,reject:aspect, hsv_lower=[28, 40, 35], hsv_upper=[95, 255, 255][0m
[INFO] [1783753092.475567275] [orange_hurdle_jump_test]: [0;33m未检测到有效橘色横栏: candidates=0, frame=360, mask_px=6365, contours=5, largest=area:4108,box:90x109,aspect:0.83,reject:aspect, hsv_lower=[28, 40, 35], hsv_upper=[95, 255, 255][0m
[INFO] [1783753092.741517715] [orange_hurdle_jump_test]: [0;33m未检测到有效橘色横栏: candidates=0, frame=364, mask_px=8089, contours=7, largest=area:5568,box:96x109,aspect:0.88,reject:aspect, hsv_lower=[28, 40, 35], hsv_upper=[95, 255, 255][0m
[INFO] [1783753092.942785352] [orange_hurdle_jump_test]: [0;33m未检测到有效橘色横栏: candidates=0, frame=367, mask_px=7054, contours=4, largest=area:4634,box:92x109,aspect:0.84,reject:aspect, hsv_lower=[28, 40, 35], hsv_upper=[95, 255, 255][0m
[INFO] [1783753093.208784449] [orange_hurdle_jump_test]: [0;33m未检测到有效橘色横栏: candidates=0, frame=371, mask_px=6510, contours=5, largest=area:4060,box:90x108,aspect:0.83,reject:aspect, hsv_lower=[28, 40, 35], hsv_upper=[95, 255, 255][0m
[INFO] [1783753093.408882329] [orange_hurdle_jump_test]: [0;33m未检测到有效橘色横栏: candidates=0, frame=374, mask_px=6041, contours=4, largest=area:3820,box:84x106,aspect:0.79,reject:aspect, hsv_lower=[28, 40, 35], hsv_upper=[95, 255, 255][0m
[INFO] [1783753093.675237049] [orange_hurdle_jump_test]: [0;33m未检测到有效橘色横栏: candidates=0, frame=378, mask_px=6789, contours=3, largest=area:4682,box:90x108,aspect:0.83,reject:aspect, hsv_lower=[28, 40, 35], hsv_upper=[95, 255, 255][0m
[INFO] [1783753093.875547611] [orange_hurdle_jump_test]: [0;33m未检测到有效橘色横栏: candidates=0, frame=381, mask_px=5950, contours=4, largest=area:3710,box:92x105,aspect:0.88,reject:aspect, hsv_lower=[28, 40, 35], hsv_upper=[95, 255, 255][0m
[INFO] [1783753094.075554626] [orange_hurdle_jump_test]: [0;33m未检测到有效橘色横栏: candidates=0, frame=384, mask_px=7807, contours=3, largest=area:5542,box:98x111,aspect:0.88,reject:aspect, hsv_lower=[28, 40, 35], hsv_upper=[95, 255, 255][0m
[INFO] [1783753094.277818261] [orange_hurdle_jump_test]: [0;33m未检测到有效橘色横栏: candidates=0, frame=387, mask_px=7001, contours=4, largest=area:4743,box:98x106,aspect:0.92,reject:aspect, hsv_lower=[28, 40, 35], hsv_upper=[95, 255, 255][0m
[INFO] [1783753094.476795454] [orange_hurdle_jump_test]: [0;33m未检测到有效橘色横栏: candidates=0, frame=390, mask_px=7451, contours=5, largest=area:5054,box:98x109,aspect:0.90,reject:aspect, hsv_lower=[28, 40, 35], hsv_upper=[95, 255, 255][0m
[INFO] [1783753094.742746776] [orange_hurdle_jump_test]: [0;33m未检测到有效橘色横栏: candidates=0, frame=394, mask_px=7137, contours=4, largest=area:4830,box:90x110,aspect:0.82,reject:aspect, hsv_lower=[28, 40, 35], hsv_upper=[95, 255, 255][0m
[INFO] [1783753094.943542903] [orange_hurdle_jump_test]: [0;33m未检测到有效橘色横栏: candidates=0, frame=397, mask_px=8049, contours=3, largest=area:5747,box:92x110,aspect:0.84,reject:aspect, hsv_lower=[28, 40, 35], hsv_upper=[95, 255, 255][0m
[INFO] [1783753095.211103144] [orange_hurdle_jump_test]: [0;33m未检测到有效橘色横栏: candidates=0, frame=401, mask_px=6986, contours=5, largest=area:4383,box:90x109,aspect:0.83,reject:aspect, hsv_lower=[28, 40, 35], hsv_upper=[95, 255, 255][0m
[INFO] [1783753095.478584315] [orange_hurdle_jump_test]: [0;33m未检测到有效橘色横栏: candidates=0, frame=405, mask_px=7438, contours=5, largest=area:4898,box:90x111,aspect:0.81,reject:aspect, hsv_lower=[28, 40, 35], hsv_upper=[95, 255, 255][0m
[INFO] [1783753095.677826523] [orange_hurdle_jump_test]: [0;33m未检测到有效橘色横栏: candidates=0, frame=408, mask_px=8332, contours=5, largest=area:5766,box:92x111,aspect:0.83,reject:aspect, hsv_lower=[28, 40, 35], hsv_upper=[95, 255, 255][0m
[INFO] [1783753095.943930732] [orange_hurdle_jump_test]: [0;33m未检测到有效橘色横栏: candidates=0, frame=412, mask_px=7594, contours=4, largest=area:5057,box:90x109,aspect:0.83,reject:aspect, hsv_lower=[28, 40, 35], hsv_upper=[95, 255, 255][0m
[INFO] [1783753096.146975606] [orange_hurdle_jump_test]: [0;33m未检测到有效橘色横栏: candidates=0, frame=415, mask_px=8200, contours=5, largest=area:5507,box:92x113,aspect:0.81,reject:aspect, hsv_lower=[28, 40, 35], hsv_upper=[95, 255, 255][0m
[INFO] [1783753096.344969229] [orange_hurdle_jump_test]: [0;33m未检测到有效橘色横栏: candidates=0, frame=418, mask_px=7633, contours=6, largest=area:4934,box:104x111,aspect:0.94,reject:aspect, hsv_lower=[28, 40, 35], hsv_upper=[95, 255, 255][0m
[INFO] [1783753096.544609422] [orange_hurdle_jump_test]: [0;33m未检测到有效橘色横栏: candidates=0, frame=421, mask_px=7131, contours=7, largest=area:4608,box:96x110,aspect:0.87,reject:aspect, hsv_lower=[28, 40, 35], hsv_upper=[95, 255, 255][0m
[INFO] [1783753096.811289371] [orange_hurdle_jump_test]: [0;33m未检测到有效橘色横栏: candidates=0, frame=425, mask_px=7581, contours=6, largest=area:5200,box:98x113,aspect:0.87,reject:aspect, hsv_lower=[28, 40, 35], hsv_upper=[95, 255, 255][0m
[INFO] [1783753097.011336923] [orange_hurdle_jump_test]: [0;33m未检测到有效橘色横栏: candidates=0, frame=428, mask_px=6745, contours=5, largest=area:4525,box:98x112,aspect:0.88,reject:aspect, hsv_lower=[28, 40, 35], hsv_upper=[95, 255, 255][0m
[INFO] [1783753097.212992024] [orange_hurdle_jump_test]: [0;33m未检测到有效橘色横栏: candidates=0, frame=431, mask_px=7103, contours=7, largest=area:5060,box:104x113,aspect:0.92,reject:aspect, hsv_lower=[28, 40, 35], hsv_upper=[95, 255, 255][0m
[INFO] [1783753097.477974080] [orange_hurdle_jump_test]: [0;33m未检测到有效橘色横栏: candidates=0, frame=435, mask_px=6014, contours=7, largest=area:3890,box:90x108,aspect:0.83,reject:aspect, hsv_lower=[28, 40, 35], hsv_upper=[95, 255, 255][0m
[INFO] [1783753097.678599141] [orange_hurdle_jump_test]: [0;33m未检测到有效橘色横栏: candidates=0, frame=438, mask_px=6804, contours=6, largest=area:4732,box:98x109,aspect:0.90,reject:aspect, hsv_lower=[28, 40, 35], hsv_upper=[95, 255, 255][0m
[INFO] [1783753097.944896930] [orange_hurdle_jump_test]: [0;33m未检测到有效橘色横栏: candidates=0, frame=442, mask_px=6557, contours=6, largest=area:4658,box:94x111,aspect:0.85,reject:aspect, hsv_lower=[28, 40, 35], hsv_upper=[95, 255, 255][0m
[INFO] [1783753098.145297652] [orange_hurdle_jump_test]: [0;33m未检测到有效橘色横栏: candidates=0, frame=445, mask_px=6679, contours=8, largest=area:4772,box:98x112,aspect:0.88,reject:aspect, hsv_lower=[28, 40, 35], hsv_upper=[95, 255, 255][0m
[INFO] [1783753098.345707432] [orange_hurdle_jump_test]: [0;33m未检测到有效橘色横栏: candidates=0, frame=448, mask_px=6377, contours=5, largest=area:4606,box:90x110,aspect:0.82,reject:aspect, hsv_lower=[28, 40, 35], hsv_upper=[95, 255, 255][0m
[INFO] [1783753098.612504777] [orange_hurdle_jump_test]: [0;33m未检测到有效橘色横栏: candidates=0, frame=452, mask_px=7225, contours=11, largest=area:4805,box:94x107,aspect:0.88,reject:aspect, hsv_lower=[28, 40, 35], hsv_upper=[95, 255, 255][0m
[INFO] [1783753098.812106301] [orange_hurdle_jump_test]: [0;33m未检测到有效橘色横栏: candidates=0, frame=455, mask_px=6868, contours=10, largest=area:4648,box:98x104,aspect:0.94,reject:aspect, hsv_lower=[28, 40, 35], hsv_upper=[95, 255, 255][0m
[INFO] [1783753099.012486400] [orange_hurdle_jump_test]: [0;33m未检测到有效橘色横栏: candidates=0, frame=458, mask_px=6564, contours=8, largest=area:4346,box:96x107,aspect:0.90,reject:aspect, hsv_lower=[28, 40, 35], hsv_upper=[95, 255, 255][0m
[INFO] [1783753099.280086767] [orange_hurdle_jump_test]: [0;33m未检测到有效橘色横栏: candidates=0, frame=462, mask_px=6929, contours=10, largest=area:4616,box:100x110,aspect:0.91,reject:aspect, hsv_lower=[28, 40, 35], hsv_upper=[95, 255, 255][0m
[INFO] [1783753099.546001293] [orange_hurdle_jump_test]: [0;33m未检测到有效橘色横栏: candidates=0, frame=466, mask_px=6981, contours=12, largest=area:4586,box:90x107,aspect:0.84,reject:aspect, hsv_lower=[28, 40, 35], hsv_upper=[95, 255, 255][0m
[INFO] [1783753099.746731448] [orange_hurdle_jump_test]: [0;33m未检测到有效橘色横栏: candidates=0, frame=469, mask_px=7232, contours=11, largest=area:4878,box:90x103,aspect:0.87,reject:aspect, hsv_lower=[28, 40, 35], hsv_upper=[95, 255, 255][0m
[INFO] [1783753099.946509333] [orange_hurdle_jump_test]: [0;33m未检测到有效橘色横栏: candidates=0, frame=472, mask_px=7629, contours=10, largest=area:4975,box:92x110,aspect:0.84,reject:aspect, hsv_lower=[28, 40, 35], hsv_upper=[95, 255, 255][0m
[INFO] [1783753100.149583387] [orange_hurdle_jump_test]: [0;33m未检测到有效橘色横栏: candidates=0, frame=475, mask_px=7605, contours=10, largest=area:5106,box:90x111,aspect:0.81,reject:aspect, hsv_lower=[28, 40, 35], hsv_upper=[95, 255, 255][0m
[INFO] [1783753100.353110746] [orange_hurdle_jump_test]: [0;33m未检测到有效橘色横栏: candidates=0, frame=478, mask_px=7917, contours=12, largest=area:5344,box:90x113,aspect:0.80,reject:aspect, hsv_lower=[28, 40, 35], hsv_upper=[95, 255, 255][0m
[INFO] [1783753100.613285440] [orange_hurdle_jump_test]: [0;33m未检测到有效橘色横栏: candidates=0, frame=482, mask_px=8338, contours=7, largest=area:6028,box:116x112,aspect:1.04,reject:aspect, hsv_lower=[28, 40, 35], hsv_upper=[95, 255, 255][0m
[INFO] [1783753100.813634473] [orange_hurdle_jump_test]: [0;33m未检测到有效橘色横栏: candidates=0, frame=485, mask_px=7838, contours=10, largest=area:5378,box:90x111,aspect:0.81,reject:aspect, hsv_lower=[28, 40, 35], hsv_upper=[95, 255, 255][0m
[INFO] [1783753101.013640031] [orange_hurdle_jump_test]: [0;33m未检测到有效橘色横栏: candidates=0, frame=488, mask_px=8143, contours=10, largest=area:5670,box:98x111,aspect:0.88,reject:aspect, hsv_lower=[28, 40, 35], hsv_upper=[95, 255, 255][0m
[INFO] [1783753101.216898530] [orange_hurdle_jump_test]: [0;33m未检测到有效橘色横栏: candidates=0, frame=491, mask_px=8218, contours=13, largest=area:5426,box:90x111,aspect:0.81,reject:aspect, hsv_lower=[28, 40, 35], hsv_upper=[95, 255, 255][0m
[INFO] [1783753101.480627880] [orange_hurdle_jump_test]: [0;33m未检测到有效橘色横栏: candidates=0, frame=495, mask_px=7940, contours=11, largest=area:5476,box:98x111,aspect:0.88,reject:aspect, hsv_lower=[28, 40, 35], hsv_upper=[95, 255, 255][0m
[INFO] [1783753101.681296131] [orange_hurdle_jump_test]: [0;33m未检测到有效橘色横栏: candidates=0, frame=498, mask_px=7970, contours=11, largest=area:5434,box:89x111,aspect:0.80,reject:aspect, hsv_lower=[28, 40, 35], hsv_upper=[95, 255, 255][0m
[INFO] [1783753101.881047181] [orange_hurdle_jump_test]: [0;33m未检测到有效橘色横栏: candidates=0, frame=501, mask_px=7984, contours=9, largest=area:5536,box:92x110,aspect:0.84,reject:aspect, hsv_lower=[28, 40, 35], hsv_upper=[95, 255, 255][0m
[INFO] [1783753102.081431756] [orange_hurdle_jump_test]: [0;33m未检测到有效橘色横栏: candidates=0, frame=504, mask_px=8141, contours=10, largest=area:5726,box:92x111,aspect:0.83,reject:aspect, hsv_lower=[28, 40, 35], hsv_upper=[95, 255, 255][0m
[INFO] [1783753102.281171673] [orange_hurdle_jump_test]: [0;33m未检测到有效橘色横栏: candidates=0, frame=507, mask_px=8253, contours=10, largest=area:5666,box:92x111,aspect:0.83,reject:aspect, hsv_lower=[28, 40, 35], hsv_upper=[95, 255, 255][0m
[INFO] [1783753102.549177449] [orange_hurdle_jump_test]: [0;33m未检测到有效橘色横栏: candidates=0, frame=511, mask_px=7898, contours=12, largest=area:5530,box:90x110,aspect:0.82,reject:aspect, hsv_lower=[28, 40, 35], hsv_upper=[95, 255, 255][0m
[INFO] [1783753102.749692331] [orange_hurdle_jump_test]: [0;33m未检测到有效橘色横栏: candidates=0, frame=514, mask_px=7895, contours=12, largest=area:5429,box:90x110,aspect:0.82,reject:aspect, hsv_lower=[28, 40, 35], hsv_upper=[95, 255, 255][0m
[INFO] [1783753102.951491341] [orange_hurdle_jump_test]: [0;33m未检测到有效橘色横栏: candidates=0, frame=517, mask_px=8054, contours=9, largest=area:5839,box:96x111,aspect:0.86,reject:aspect, hsv_lower=[28, 40, 35], hsv_upper=[95, 255, 255][0m
[INFO] [1783753103.216659593] [orange_hurdle_jump_test]: [0;33m未检测到有效橘色横栏: candidates=0, frame=521, mask_px=7524, contours=10, largest=area:5055,box:92x109,aspect:0.84,reject:aspect, hsv_lower=[28, 40, 35], hsv_upper=[95, 255, 255][0m
[INFO] [1783753103.482684292] [orange_hurdle_jump_test]: [0;33m未检测到有效橘色横栏: candidates=0, frame=525, mask_px=7823, contours=8, largest=area:5754,box:98x105,aspect:0.93,reject:aspect, hsv_lower=[28, 40, 35], hsv_upper=[95, 255, 255][0m
[INFO] [1783753103.683815898] [orange_hurdle_jump_test]: [0;33m未检测到有效橘色横栏: candidates=0, frame=528, mask_px=7806, contours=9, largest=area:5646,box:98x108,aspect:0.91,reject:aspect, hsv_lower=[28, 40, 35], hsv_upper=[95, 255, 255][0m
[INFO] [1783753103.883521795] [orange_hurdle_jump_test]: [0;33m未检测到有效橘色横栏: candidates=0, frame=531, mask_px=7581, contours=9, largest=area:5262,box:98x112,aspect:0.88,reject:aspect, hsv_lower=[28, 40, 35], hsv_upper=[95, 255, 255][0m
[INFO] [1783753104.083538287] [orange_hurdle_jump_test]: [0;33m未检测到有效橘色横栏: candidates=0, frame=534, mask_px=7290, contours=14, largest=area:4759,box:90x110,aspect:0.82,reject:aspect, hsv_lower=[28, 40, 35], hsv_upper=[95, 255, 255][0m
[INFO] [1783753104.283944356] [orange_hurdle_jump_test]: [0;33m未检测到有效橘色横栏: candidates=0, frame=537, mask_px=8784, contours=12, largest=area:5907,box:106x112,aspect:0.95,reject:aspect, hsv_lower=[28, 40, 35], hsv_upper=[95, 255, 255][0m
[INFO] [1783753104.550131601] [orange_hurdle_jump_test]: [0;33m未检测到有效橘色横栏: candidates=0, frame=541, mask_px=7652, contours=8, largest=area:5396,box:98x96,aspect:1.02,reject:aspect, hsv_lower=[28, 40, 35], hsv_upper=[95, 255, 255][0m
[INFO] [1783753104.752260182] [orange_hurdle_jump_test]: [0;33m未检测到有效橘色横栏: candidates=0, frame=544, mask_px=6626, contours=7, largest=area:3474,box:87x72,aspect:1.21,reject:aspect, hsv_lower=[28, 40, 35], hsv_upper=[95, 255, 255][0m
[INFO] [1783753105.017290311] [orange_hurdle_jump_test]: [0;33m未检测到有效橘色横栏: candidates=0, frame=548, mask_px=8126, contours=10, largest=area:2776,box:94x61,aspect:1.54,reject:depth_px:0, hsv_lower=[28, 40, 35], hsv_upper=[95, 255, 255][0m
[INFO] [1783753105.219388979] [orange_hurdle_jump_test]: [0;33m未检测到有效橘色横栏: candidates=0, frame=551, mask_px=3929, contours=8, largest=area:1138,box:57x34,aspect:1.68,reject:area+width+height, hsv_lower=[28, 40, 35], hsv_upper=[95, 255, 255][0m
[INFO] [1783753105.417550906] [orange_hurdle_jump_test]: [0;33m未检测到有效橘色横栏: candidates=0, frame=554, mask_px=4097, contours=8, largest=area:1134,box:52x33,aspect:1.58,reject:area+width+height, hsv_lower=[28, 40, 35], hsv_upper=[95, 255, 255][0m
[INFO] [1783753105.685462489] [orange_hurdle_jump_test]: [1;34m最近横栏: dist=0.892m, lateral=-0.387m, vertical=0.222m, pixel=(82.1,192.4), box=78x35, depth_px=608, candidates=1, trigger=False[0m
[INFO] [1783753105.956590112] [orange_hurdle_jump_test]: [1;34m最近横栏: dist=1.365m, lateral=-0.305m, vertical=0.307m, pixel=(145.6,185.0), box=342x142, depth_px=2514, candidates=1, trigger=False[0m
[INFO] [1783753106.219299359] [orange_hurdle_jump_test]: [1;34m最近横栏: dist=1.251m, lateral=-0.313m, vertical=0.295m, pixel=(137.7,188.2), box=320x127, depth_px=2755, candidates=1, trigger=False[0m
[INFO] [1783753106.421362091] [orange_hurdle_jump_test]: [1;34m最近横栏: dist=1.091m, lateral=-0.208m, vertical=0.258m, pixel=(155.7,188.5), box=312x126, depth_px=4610, candidates=1, trigger=False[0m
[INFO] [1783753106.686982750] [orange_hurdle_jump_test]: [1;34m最近横栏: dist=1.015m, lateral=-0.316m, vertical=0.275m, pixel=(119.0,198.8), box=178x93, depth_px=4996, candidates=2, trigger=False[0m
[INFO] [1783753106.887833866] [orange_hurdle_jump_test]: [1;34m最近横栏: dist=0.807m, lateral=-0.307m, vertical=0.225m, pixel=(98.2,201.2), box=176x96, depth_px=5654, candidates=1, trigger=False[0m
[INFO] [1783753107.152686037] [orange_hurdle_jump_test]: [0;33m未检测到有效橘色横栏: candidates=0, frame=580, mask_px=8840, contours=17, largest=area:3506,box:43x118,aspect:0.36,reject:width+aspect, hsv_lower=[28, 40, 35], hsv_upper=[95, 255, 255][0m
[INFO] [1783753107.355031958] [orange_hurdle_jump_test]: [0;33m未检测到有效橘色横栏: candidates=0, frame=583, mask_px=7460, contours=12, largest=area:3764,box:46x124,aspect:0.37,reject:width+aspect, hsv_lower=[28, 40, 35], hsv_upper=[95, 255, 255][0m
[INFO] [1783753107.619060912] [orange_hurdle_jump_test]: [0;33m未检测到有效橘色横栏: candidates=0, frame=587, mask_px=6052, contours=7, largest=area:3343,box:41x120,aspect:0.34,reject:width+aspect, hsv_lower=[28, 40, 35], hsv_upper=[95, 255, 255][0m
[INFO] [1783753107.885785243] [orange_hurdle_jump_test]: [0;33m未检测到有效橘色横栏: candidates=0, frame=591, mask_px=6135, contours=5, largest=area:3823,box:44x130,aspect:0.34,reject:width+aspect, hsv_lower=[28, 40, 35], hsv_upper=[95, 255, 255][0m
[INFO] [1783753108.153039145] [orange_hurdle_jump_test]: [0;33m未检测到有效橘色横栏: candidates=0, frame=595, mask_px=6213, contours=5, largest=area:3922,box:42x130,aspect:0.32,reject:width+aspect, hsv_lower=[28, 40, 35], hsv_upper=[95, 255, 255][0m
[INFO] [1783753108.353980789] [orange_hurdle_jump_test]: [0;33m未检测到有效橘色横栏: candidates=0, frame=598, mask_px=6458, contours=7, largest=area:3948,box:43x131,aspect:0.33,reject:width+aspect, hsv_lower=[28, 40, 35], hsv_upper=[95, 255, 255][0m
[INFO] [1783753108.553667585] [orange_hurdle_jump_test]: [0;33m未检测到有效橘色横栏: candidates=0, frame=601, mask_px=7044, contours=7, largest=area:3956,box:43x131,aspect:0.33,reject:width+aspect, hsv_lower=[28, 40, 35], hsv_upper=[95, 255, 255][0m
[INFO] [1783753108.754516641] [orange_hurdle_jump_test]: [0;33m未检测到有效橘色横栏: candidates=0, frame=604, mask_px=6039, contours=8, largest=area:3946,box:43x131,aspect:0.33,reject:width+aspect, hsv_lower=[28, 40, 35], hsv_upper=[95, 255, 255][0m
[INFO] [1783753109.019678661] [orange_hurdle_jump_test]: [0;33m未检测到有效橘色横栏: candidates=0, frame=608, mask_px=6844, contours=6, largest=area:3946,box:42x131,aspect:0.32,reject:width+aspect, hsv_lower=[28, 40, 35], hsv_upper=[95, 255, 255][0m
[INFO] [1783753109.220154037] [orange_hurdle_jump_test]: [0;33m未检测到有效橘色横栏: candidates=0, frame=611, mask_px=5031, contours=4, largest=area:3972,box:44x131,aspect:0.34,reject:width+aspect, hsv_lower=[28, 40, 35], hsv_upper=[95, 255, 255][0m
[INFO] [1783753109.486616921] [orange_hurdle_jump_test]: [0;33m未检测到有效橘色横栏: candidates=0, frame=615, mask_px=5804, contours=7, largest=area:3947,box:43x131,aspect:0.33,reject:width+aspect, hsv_lower=[28, 40, 35], hsv_upper=[95, 255, 255][0m
[INFO] [1783753109.687027553] [orange_hurdle_jump_test]: [0;33m未检测到有效橘色横栏: candidates=0, frame=618, mask_px=5497, contours=7, largest=area:3893,box:43x130,aspect:0.33,reject:width+aspect, hsv_lower=[28, 40, 35], hsv_upper=[95, 255, 255][0m
[INFO] [1783753109.887214466] [orange_hurdle_jump_test]: [0;33m未检测到有效橘色横栏: candidates=0, frame=621, mask_px=6162, contours=10, largest=area:3952,box:43x130,aspect:0.33,reject:width+aspect, hsv_lower=[28, 40, 35], hsv_upper=[95, 255, 255][0m
[INFO] [1783753110.087431715] [orange_hurdle_jump_test]: [0;33m未检测到有效橘色横栏: candidates=0, frame=624, mask_px=5531, contours=6, largest=area:3932,box:43x130,aspect:0.33,reject:width+aspect, hsv_lower=[28, 40, 35], hsv_upper=[95, 255, 255][0m
[INFO] [1783753110.356595674] [orange_hurdle_jump_test]: [0;33m未检测到有效橘色横栏: candidates=0, frame=628, mask_px=5257, contours=6, largest=area:3920,box:42x131,aspect:0.32,reject:width+aspect, hsv_lower=[28, 40, 35], hsv_upper=[95, 255, 255][0m
[INFO] [1783753110.554479350] [orange_hurdle_jump_test]: [0;33m未检测到有效橘色横栏: candidates=0, frame=631, mask_px=5506, contours=6, largest=area:3916,box:43x131,aspect:0.33,reject:width+aspect, hsv_lower=[28, 40, 35], hsv_upper=[95, 255, 255][0m
[INFO] [1783753110.755395006] [orange_hurdle_jump_test]: [0;33m未检测到有效橘色横栏: candidates=0, frame=634, mask_px=5514, contours=5, largest=area:3920,box:43x131,aspect:0.33,reject:width+aspect, hsv_lower=[28, 40, 35], hsv_upper=[95, 255, 255][0m
[INFO] [1783753110.965157282] [orange_hurdle_jump_test]: [0;33m未检测到有效橘色横栏: candidates=0, frame=637, mask_px=5707, contours=6, largest=area:3902,box:43x131,aspect:0.33,reject:width+aspect, hsv_lower=[28, 40, 35], hsv_upper=[95, 255, 255][0m
[INFO] [1783753111.222093913] [orange_hurdle_jump_test]: [0;33m未检测到有效橘色横栏: candidates=0, frame=641, mask_px=5295, contours=7, largest=area:3914,box:42x130,aspect:0.32,reject:width+aspect, hsv_lower=[28, 40, 35], hsv_upper=[95, 255, 255][0m
[INFO] [1783753111.488520259] [orange_hurdle_jump_test]: [0;33m未检测到有效橘色横栏: candidates=0, frame=645, mask_px=5375, contours=5, largest=area:3892,box:42x130,aspect:0.32,reject:width+aspect, hsv_lower=[28, 40, 35], hsv_upper=[95, 255, 255][0m
[INFO] [1783753111.688651252] [orange_hurdle_jump_test]: [0;33m未检测到有效橘色横栏: candidates=0, frame=648, mask_px=5466, contours=5, largest=area:3892,box:42x130,aspect:0.32,reject:width+aspect, hsv_lower=[28, 40, 35], hsv_upper=[95, 255, 255][0m
[INFO] [1783753111.889223254] [orange_hurdle_jump_test]: [0;33m未检测到有效橘色横栏: candidates=0, frame=651, mask_px=1278, contours=5, largest=area:884,box:56x32,aspect:1.75,reject:area+width+height, hsv_lower=[28, 40, 35], hsv_upper=[95, 255, 255][0m
[INFO] [1783753112.156254837] [orange_hurdle_jump_test]: [0;33m未检测到有效橘色横栏: candidates=0, frame=655, mask_px=8013, contours=5, largest=area:3908,box:42x131,aspect:0.32,reject:width+aspect, hsv_lower=[28, 40, 35], hsv_upper=[95, 255, 255][0m
[INFO] [1783753112.356981323] [orange_hurdle_jump_test]: [0;33m未检测到有效橘色横栏: candidates=0, frame=658, mask_px=9357, contours=5, largest=area:4364,box:156x53,aspect:2.94,reject:top_edge:0.216m(err=0.216), hsv_lower=[28, 40, 35], hsv_upper=[95, 255, 255][0m
[INFO] [1783753112.557121346] [orange_hurdle_jump_test]: [0;33m未检测到有效橘色横栏: candidates=0, frame=661, mask_px=6428, contours=7, largest=area:4071,box:55x130,aspect:0.42,reject:width+aspect, hsv_lower=[28, 40, 35], hsv_upper=[95, 255, 255][0m
[INFO] [1783753112.822454774] [orange_hurdle_jump_test]: [0;33m未检测到有效橘色横栏: candidates=0, frame=665, mask_px=7264, contours=5, largest=area:3933,box:42x130,aspect:0.32,reject:width+aspect, hsv_lower=[28, 40, 35], hsv_upper=[95, 255, 255][0m
[INFO] [1783753113.023113697] [orange_hurdle_jump_test]: [0;33m未检测到有效橘色横栏: candidates=0, frame=668, mask_px=6846, contours=5, largest=area:3931,box:42x131,aspect:0.32,reject:width+aspect, hsv_lower=[28, 40, 35], hsv_upper=[95, 255, 255][0m
[INFO] [1783753113.289748049] [orange_hurdle_jump_test]: [0