[INFO] [1783998430.720871407] [nav_executor]: NavExecutor 运行在 pose_controller 模式： goal=/goal_pose, pose=/Odometry, cmd_vel=/race_cmd_vel
[INFO] [1783998459.741083356] [nav_executor]: [1;36m收到导航目标: x=-0.050, y=3.297, frame=camera_init, backend=pose_controller[0m
[INFO] [1783998459.886841656] [nav_executor]: [0;94mpose_controller: dist=1.781m, pose=(-0.084,1.516), active=True[0m
[INFO] [1783998462.086827261] [nav_executor]: [0;94mpose_controller: dist=1.158m, pose=(-0.064,2.139), active=True[0m
[INFO] [1783998464.286798186] [nav_executor]: [0;94mpose_controller: dist=0.374m, pose=(-0.062,2.923), active=True[0m
[INFO] [1783998466.286873712] [nav_executor]: [0;94mpose_controller: dist=0.331m, pose=(-0.148,2.980), active=True[0m
[INFO] [1783998468.286822812] [nav_executor]: [0;94mpose_controller: dist=0.456m, pose=(-0.399,3.003), active=True[0m
[INFO] [1783998470.486860390] [nav_executor]: [0;94mpose_controller: dist=0.441m, pose=(-0.366,2.989), active=True[0m
[INFO] [1783998472.686835594] [nav_executor]: [0;94mpose_controller: dist=0.530m, pose=(-0.488,2.999), active=True[0m
[INFO] [1783998474.686839285] [nav_executor]: [0;94mpose_controller: dist=0.706m, pose=(-0.685,2.988), active=True[0m
[INFO] [1783998476.686863425] [nav_executor]: [0;94mpose_controller: dist=0.950m, pose=(-0.954,3.005), active=True[0m
[INFO] [1783998478.686902997] [nav_executor]: [0;94mpose_controller: dist=1.284m, pose=(-1.304,3.023), active=True[0m
[INFO] [1783998480.886902073] [nav_executor]: [0;94mpose_controller: dist=1.492m, pose=(-1.519,3.034), active=True[0m
[INFO] [1783998483.086847686] [nav_executor]: [0;94mpose_controller: dist=1.593m, pose=(-1.623,3.052), active=True[0m
[INFO] [1783998485.086859216] [nav_executor]: [0;94mpose_controller: dist=1.736m, pose=(-1.759,2.993), active=True[0m
[INFO] [1783998487.286842496] [nav_executor]: [0;94mpose_controller: dist=2.023m, pose=(-2.053,3.021), active=True[0m
[INFO] [1783998489.286903357] [nav_executor]: [0;94mpose_controller: dist=2.247m, pose=(-2.281,3.027), active=True[0m
[INFO] [1783998491.486823588] [nav_executor]: [0;94mpose_controller: dist=2.562m, pose=(-2.598,3.036), active=True[0m
[INFO] [1783998493.486852402] [nav_executor]: [0;94mpose_controller: dist=2.826m, pose=(-2.863,3.028), active=True[0m
[INFO] [1783998495.486876219] [nav_executor]: [0;94mpose_controller: dist=3.077m, pose=(-3.115,3.025), active=True[0m
[INFO] [1783998497.687040453] [nav_executor]: [0;94mpose_controller: dist=3.225m, pose=(-3.262,3.008), active=True[0m
[INFO] [1783998499.886831739] [nav_executor]: [0;94mpose_controller: dist=3.494m, pose=(-3.533,3.024), active=True[0m
[INFO] [1783998501.887359904] [nav_executor]: [0;94mpose_controller: dist=3.749m, pose=(-3.788,3.021), active=True[0m
[INFO] [1783998504.087171327] [nav_executor]: [0;94mpose_controller: dist=4.143m, pose=(-4.184,3.028), active=True[0m
[INFO] [1783998506.087886537] [nav_executor]: [0;94mpose_controller: dist=4.261m, pose=(-4.304,3.057), active=True[0m
[INFO] [1783998508.287541140] [nav_executor]: [0;94mpose_controller: dist=4.192m, pose=(-4.234,3.049), active=True[0m
[INFO] [1783998510.486875330] [nav_executor]: [0;94mpose_controller: dist=4.193m, pose=(-4.235,3.037), active=True[0m
[INFO] [1783998512.486833749] [nav_executor]: [0;94mpose_controller: dist=4.253m, pose=(-4.290,2.966), active=True[0m
[INFO] [1783998514.486858047] [nav_executor]: [0;94mpose_controller: dist=4.253m, pose=(-4.273,2.794), active=True[0m
[INFO] [1783998516.686958370] [nav_executor]: [0;94mpose_controller: dist=4.335m, pose=(-4.230,2.147), active=True[0m
[INFO] [1783998518.886847971] [nav_executor]: [0;94mpose_controller: dist=5.047m, pose=(-4.245,0.491), active=True[0m
[INFO] [1783998520.886840581] [nav_executor]: [0;94mpose_controller: dist=6.045m, pose=(-5.230,0.182), active=True[0m
[INFO] [1783998523.086865741] [nav_executor]: [0;94mpose_controller: dist=5.271m, pose=(-4.831,1.078), active=True[0m
[INFO] [1783998525.086867194] [nav_executor]: [0;94mpose_controller: dist=4.284m, pose=(-4.271,2.567), active=True[0m
[INFO] [1783998527.286868137] [nav_executor]: [0;94mpose_controller: dist=4.250m, pose=(-4.243,2.608), active=True[0m
[INFO] [1783998529.287586049] [nav_executor]: [0;94mpose_controller: dist=4.229m, pose=(-4.227,2.634), active=True[0m
[INFO] [1783998531.486858929] [nav_executor]: [0;94mpose_controller: dist=4.221m, pose=(-4.218,2.633), active=True[0m
[INFO] [1783998533.686867252] [nav_executor]: [0;94mpose_controller: dist=4.220m, pose=(-4.218,2.634), active=True[0m
[INFO] [1783998535.686898065] [nav_executor]: [0;94mpose_controller: dist=4.224m, pose=(-4.221,2.634), active=True[0m
[INFO] [1783998537.687092033] [nav_executor]: [0;94mpose_controller: dist=4.303m, pose=(-4.203,2.172), active=True[0m
[INFO] [1783998539.886891783] [nav_executor]: [0;94mpose_controller: dist=4.925m, pose=(-4.157,0.580), active=True[0m
[INFO] [1783998542.086853973] [nav_executor]: [0;94mpose_controller: dist=5.669m, pose=(-4.050,-0.720), active=True[0m
[INFO] [1783998544.086841583] [nav_executor]: [0;94mpose_controller: dist=5.389m, pose=(-3.234,-1.050), active=True[0m
[INFO] [1783998546.286853186] [nav_executor]: [0;94mpose_controller: dist=5.507m, pose=(-3.127,-1.271), active=True[0m
[INFO] [1783998548.486848291] [nav_executor]: [0;94mpose_controller: dist=6.356m, pose=(-3.181,-2.234), active=True[0m
[INFO] [1783998550.687021583] [nav_executor]: [0;94mpose_controller: dist=6.498m, pose=(-3.307,-2.326), active=True[0m
[INFO] [1783998552.886859878] [nav_executor]: [0;94mpose_controller: dist=6.844m, pose=(-4.028,-2.272), active=True[0m
[INFO] [1783998555.086854101] [nav_executor]: [0;94mpose_controller: dist=7.026m, pose=(-4.141,-2.415), active=True[0m
[INFO] [1783998557.086910460] [nav_executor]: [0;94mpose_controller: dist=7.952m, pose=(-4.230,-3.468), active=True[0m
[INFO] [1783998559.286828727] [nav_executor]: [0;94mpose_controller: dist=8.855m, pose=(-4.235,-4.507), active=True[0m
[INFO] [1783998561.286839655] [nav_executor]: [0;94mpose_controller: dist=8.835m, pose=(-4.102,-4.554), active=True[0m
[INFO] [1783998563.486826957] [nav_executor]: [0;94mpose_controller: dist=8.716m, pose=(-3.990,-4.478), active=True[0m
[INFO] [1783998565.686850521] [nav_executor]: [0;94mpose_controller: dist=8.547m, pose=(-3.728,-4.417), active=True[0m
[INFO] [1783998567.886848748] [nav_executor]: [0;94mpose_controller: dist=8.673m, pose=(-3.759,-4.543), active=True[0m
[INFO] [1783998569.887022516] [nav_executor]: [0;94mpose_controller: dist=8.823m, pose=(-3.821,-4.680), active=True[0m
[INFO] [1783998571.888120510] [nav_executor]: [0;94mpose_controller: dist=9.379m, pose=(-3.773,-5.311), active=True[0m
[INFO] [1783998573.888732687] [nav_executor]: [0;94mpose_controller: dist=9.620m, pose=(-3.781,-5.570), active=True[0m
[INFO] [1783998576.086846508] [nav_executor]: [0;94mpose_controller: dist=9.945m, pose=(-3.825,-5.904), active=True[0m
[INFO] [1783998578.086881752] [nav_executor]: [0;94mpose_controller: dist=10.165m, pose=(-3.826,-6.141), active=True[0m
[INFO] [1783998580.087083597] [nav_executor]: [0;94mpose_controller: dist=10.458m, pose=(-3.869,-6.439), active=True[0m
[INFO] [1783998582.286866203] [nav_executor]: [0;94mpose_controller: dist=10.402m, pose=(-3.825,-6.396), active=True[0m
[INFO] [1783998584.486835082] [nav_executor]: [0;94mpose_controller: dist=11.023m, pose=(-3.827,-7.059), active=True[0m
[INFO] [1783998586.687034237] [nav_executor]: [0;94mpose_controller: dist=12.117m, pose=(-3.795,-8.227), active=True[0m
[INFO] [1783998588.686861216] [nav_executor]: [0;94mpose_controller: dist=12.386m, pose=(-3.737,-8.528), active=True[0m
[INFO] [1783998590.886833395] [nav_executor]: [0;94mpose_controller: dist=12.419m, pose=(-3.697,-8.575), active=True[0m
[INFO] [1783998592.886827290] [nav_executor]: [0;94mpose_controller: dist=12.531m, pose=(-3.670,-8.699), active=True[0m
[INFO] [1783998594.887138128] [nav_executor]: [0;94mpose_controller: dist=12.735m, pose=(-3.340,-9.006), active=True[0m
[INFO] [1783998597.086833743] [nav_executor]: [0;94mpose_controller: dist=12.864m, pose=(-3.026,-9.218), active=True[0m
[INFO] [1783998599.286878049] [nav_executor]: [0;94mpose_controller: dist=12.750m, pose=(-3.030,-9.100), active=True[0m
[INFO] [1783998601.287177367] [nav_executor]: [0;94mpose_controller: dist=12.654m, pose=(-2.634,-9.091), active=True[0m
[INFO] [1783998603.486880430] [nav_executor]: [0;94mpose_controller: dist=12.622m, pose=(-2.497,-9.086), active=True[0m
[INFO] [1783998605.686919565] [nav_executor]: [0;94mpose_controller: dist=12.638m, pose=(-2.507,-9.100), active=True[0m
[INFO] [1783998607.886836601] [nav_executor]: [0;94mpose_controller: dist=12.635m, pose=(-2.501,-9.098), active=True[0m
[INFO] [1783998610.086902886] [nav_executor]: [0;94mpose_controller: dist=12.641m, pose=(-2.498,-9.104), active=True[0m
[INFO] [1783998612.086846128] [nav_executor]: [0;94mpose_controller: dist=12.614m, pose=(-2.056,-9.157), active=True[0m
[INFO] [1783998613.920229596] [nav_executor]: 导航执行结束，reason=arrival_confirmed
[INFO] [1783998614.086849134] [nav_executor]: [0;94mpose_controller: dist=12.652m, pose=(-1.738,-9.242), active=False[0m
[INFO] [1783998616.286958613] [nav_executor]: [0;94mpose_controller: dist=12.575m, pose=(-1.741,-9.164), active=False[0m
[INFO] [1783998618.487030381] [nav_executor]: [0;94mpose_controller: dist=12.473m, pose=(-1.808,-9.052), active=False[0m
[INFO] [1783998620.487781110] [nav_executor]: [0;94mpose_controller: dist=12.542m, pose=(-1.886,-9.110), active=False[0m
[INFO] [1783998622.686920382] [nav_executor]: [0;94mpose_controller: dist=12.369m, pose=(-1.808,-8.946), active=False[0m
[INFO] [1783998624.687063104] [nav_executor]: [0;94mpose_controller: dist=12.431m, pose=(-1.766,-9.015), active=False[0m
[INFO] [1783998626.886854260] [nav_executor]: [0;94mpose_controller: dist=12.466m, pose=(-1.793,-9.047), active=False[0m
[INFO] [1783998628.887119954] [nav_executor]: [0;94mpose_controller: dist=12.429m, pose=(-1.520,-9.045), active=False[0m
[INFO] [1783998630.225813867] [nav_executor]: [1;36m收到导航目标: x=-0.853, y=-8.484, frame=camera_init, backend=pose_controller[0m
[INFO] [1783998631.086853205] [nav_executor]: [0;94mpose_controller: dist=0.420m, pose=(-1.233,-8.661), active=True[0m
[INFO] [1783998631.425697451] [nav_executor]: 导航执行结束，reason=arrival_confirmed
[INFO] [1783998633.286837452] [nav_executor]: [0;94mpose_controller: dist=0.372m, pose=(-0.482,-8.522), active=False[0m
[INFO] [1783998633.925890516] [nav_executor]: [1;36m收到导航目标: x=-0.209, y=-9.555, frame=camera_init, backend=pose_controller[0m
[INFO] [1783998635.286860668] [nav_executor]: [0;94mpose_controller: dist=0.314m, pose=(-0.089,-9.265), active=True[0m
[INFO] [1783998635.325826148] [nav_executor]: 导航执行结束，reason=arrival_confirmed
[INFO] [1783998637.286887899] [nav_executor]: [0;94mpose_controller: dist=0.690m, pose=(0.444,-9.333), active=False[0m
[INFO] [1783998637.525798718] [nav_executor]: [1;36m收到导航目标: x=0.720, y=-8.929, frame=camera_init, backend=pose_controller[0m
[INFO] [1783998638.325537059] [nav_executor]: 导航执行结束，reason=arrival_confirmed
[INFO] [1783998639.486855958] [nav_executor]: [0;94mpose_controller: dist=0.251m, pose=(0.890,-8.745), active=False[0m
[INFO] [1783998641.025703798] [nav_executor]: [1;36m收到导航目标: x=-0.463, y=-8.218, frame=camera_init, backend=pose_controller[0m
[INFO] [1783998641.687159878] [nav_executor]: [0;94mpose_controller: dist=0.996m, pose=(0.490,-8.505), active=True[0m
[INFO] [1783998642.727133641] [nav_executor]: 导航执行结束，reason=arrival_confirmed
[INFO] [1783998643.886849459] [nav_executor]: [0;94mpose_controller: dist=0.452m, pose=(-0.436,-7.767), active=False[0m
[INFO] [1783998645.526905335] [nav_executor]: [1;36m收到导航目标: x=0.500, y=-7.156, frame=camera_init, backend=pose_controller[0m
[INFO] [1783998646.087082673] [nav_executor]: [0;94mpose_controller: dist=0.637m, pose=(-0.044,-7.487), active=True[0m
[INFO] [1783998646.727146459] [nav_executor]: 导航执行结束，reason=arrival_confirmed
[INFO] [1783998648.286786308] [nav_executor]: [0;94mpose_controller: dist=0.408m, pose=(0.586,-6.757), active=False[0m
[INFO] [1783998649.225855588] [nav_executor]: [1;36m收到导航目标: x=0.030, y=-6.651, frame=camera_init, backend=pose_controller[0m
[INFO] [1783998649.925795356] [nav_executor]: 导航执行结束，reason=arrival_confirmed
[INFO] [1783998650.286783122] [nav_executor]: [0;94mpose_controller: dist=0.278m, pose=(0.159,-6.405), active=False[0m
[INFO] [1783998652.286850211] [nav_executor]: [0;94mpose_controller: dist=0.850m, pose=(0.259,-5.832), active=False[0m
[INFO] [1783998654.486843222] [nav_executor]: [0;94mpose_controller: dist=0.987m, pose=(0.199,-5.679), active=False[0m
[INFO] [1783998656.486826554] [nav_executor]: [0;94mpose_controller: dist=0.880m, pose=(0.111,-5.775), active=False[0m
[INFO] [1783998658.486841786] [nav_executor]: [0;94mpose_controller: dist=0.844m, pose=(-0.095,-5.816), active=False[0m
[INFO] [1783998660.487116553] [nav_executor]: [0;94mpose_controller: dist=0.940m, pose=(0.024,-5.712), active=False[0m
[INFO] [1783998662.487401614] [nav_executor]: [0;94mpose_controller: dist=0.930m, pose=(0.045,-5.721), active=False[0m
[INFO] [1783998664.488021244] [nav_executor]: [0;94mpose_controller: dist=1.438m, pose=(1.226,-5.853), active=False[0m
[INFO] [1783998666.686911331] [nav_executor]: [0;94mpose_controller: dist=1.610m, pose=(1.435,-5.865), active=False[0m
[INFO] [1783998668.886874404] [nav_executor]: [0;94mpose_controller: dist=1.646m, pose=(1.466,-5.848), active=False[0m
[INFO] [1783998671.086826025] [nav_executor]: [0;94mpose_controller: dist=1.641m, pose=(1.470,-5.865), active=False[0m
[INFO] [1783998673.086829017] [nav_executor]: [0;94mpose_controller: dist=1.639m, pose=(1.457,-5.846), active=False[0m
[INFO] [1783998675.086998251] [nav_executor]: [0;94mpose_controller: dist=1.657m, pose=(1.479,-5.849), active=False[0m
[INFO] [1783998677.286768867] [nav_executor]: [0;94mpose_controller: dist=1.644m, pose=(1.466,-5.851), active=False[0m
[INFO] [1783998679.287048376] [nav_executor]: [0;94mpose_controller: dist=1.665m, pose=(1.483,-5.839), active=False[0m
[INFO] [1783998681.486854406] [nav_executor]: [0;94mpose_controller: dist=1.649m, pose=(1.469,-5.848), active=False[0m
[INFO] [1783998683.686848286] [nav_executor]: [0;94mpose_controller: dist=1.626m, pose=(1.451,-5.861), active=False[0m
[INFO] [1783998685.686974811] [nav_executor]: [0;94mpose_controller: dist=1.688m, pose=(1.638,-6.138), active=False[0m
[INFO] [1783998687.886851164] [nav_executor]: [0;94mpose_controller: dist=2.029m, pose=(2.058,-6.592), active=False[0m
[INFO] [1783998690.086889882] [nav_executor]: [0;94mpose_controller: dist=3.496m, pose=(1.449,-9.846), active=False[0m
[INFO] [1783998692.086849496] [nav_executor]: [0;94mpose_controller: dist=4.235m, pose=(-1.859,-10.441), active=False[0m
[INFO] [1783998694.086863173] [nav_executor]: [0;94mpose_controller: dist=6.065m, pose=(-4.858,-10.242), active=False[0m
[INFO] [1783998696.286840084] [nav_executor]: [0;94mpose_controller: dist=6.735m, pose=(-6.443,-8.510), active=False[0m
[INFO] [1783998698.486819644] [nav_executor]: [0;94mpose_controller: dist=6.872m, pose=(-6.716,-7.964), active=False[0m
[INFO] [1783998700.486826554] [nav_executor]: [0;94mpose_controller: dist=5.817m, pose=(-5.787,-6.613), active=False[0m
[INFO] [1783998702.686820509] [nav_executor]: [0;94mpose_controller: dist=5.828m, pose=(-5.798,-6.597), active=False[0m
[INFO] [1783998704.686820739] [nav_executor]: [0;94mpose_controller: dist=5.843m, pose=(-5.812,-6.571), active=False[0m
[INFO] [1783998706.686842871] [nav_executor]: [0;94mpose_controller: dist=5.839m, pose=(-5.809,-6.568), active=False[0m
[INFO] [1783998708.888045546] [nav_executor]: [0;94mpose_controller: dist=5.854m, pose=(-5.824,-6.581), active=False[0m
[INFO] [1783998710.887293615] [nav_executor]: [0;94mpose_controller: dist=5.839m, pose=(-5.809,-6.563), active=False[0m
[INFO] [1783998712.887419808] [nav_executor]: [0;94mpose_controller: dist=5.856m, pose=(-5.826,-6.579), active=False[0m
[INFO] [1783998715.088617946] [nav_executor]: [0;94mpose_controller: dist=5.849m, pose=(-5.819,-6.589), active=False[0m
[INFO] [1783998717.286897230] [nav_executor]: [0;94mpose_controller: dist=5.847m, pose=(-5.817,-6.583), active=False[0m
[INFO] [1783998719.486893231] [nav_executor]: [0;94mpose_controller: dist=5.840m, pose=(-5.810,-6.586), active=False[0m
[INFO] [1783998721.487147556] [nav_executor]: [0;94mpose_controller: dist=5.841m, pose=(-5.811,-6.564), active=False[0m
[INFO] [1783998723.686863641] [nav_executor]: [0;94mpose_controller: dist=5.853m, pose=(-5.823,-6.559), active=False[0m
[INFO] [1783998725.686889652] [nav_executor]: [0;94mpose_controller: dist=5.859m, pose=(-5.829,-6.578), active=False[0m
[INFO] [1783998727.887025303] [nav_executor]: [0;94mpose_controller: dist=5.861m, pose=(-5.831,-6.579), active=False[0m
[INFO] [1783998730.086851064] [nav_executor]: [0;94mpose_controller: dist=5.864m, pose=(-5.834,-6.560), active=False[0m
[INFO] [1783998732.086840403] [nav_executor]: [0;94mpose_controller: dist=5.845m, pose=(-5.815,-6.575), active=False[0m
[INFO] [1783998734.087015122] [nav_executor]: [0;94mpose_controller: dist=5.859m, pose=(-5.829,-6.575), active=False[0m
[INFO] [1783998736.286929803] [nav_executor]: [0;94mpose_controller: dist=5.842m, pose=(-5.812,-6.576), active=False[0m
[INFO] [1783998738.486868409] [nav_executor]: [0;94mpose_controller: dist=5.854m, pose=(-5.824,-6.573), active=False[0m
[INFO] [1783998740.686822012] [nav_executor]: [0;94mpose_controller: dist=5.846m, pose=(-5.815,-6.580), active=False[0m
[INFO] [1783998742.686921414] [nav_executor]: [0;94mpose_controller: dist=5.853m, pose=(-5.823,-6.561), active=False[0m
[INFO] [1783998744.886818000] [nav_executor]: [0;94mpose_controller: dist=5.843m, pose=(-5.812,-6.564), active=False[0m
[INFO] [1783998746.886879520] [nav_executor]: [0;94mpose_controller: dist=5.834m, pose=(-5.803,-6.569), active=False[0m
[INFO] [1783998749.086861273] [nav_executor]: [0;94mpose_controller: dist=5.852m, pose=(-5.822,-6.559), active=False[0m
[INFO] [1783998751.286834808] [nav_executor]: [0;94mpose_controller: dist=5.828m, pose=(-5.798,-6.575), active=False[0m
[INFO] [1783998753.286939827] [nav_executor]: [0;94mpose_controller: dist=5.843m, pose=(-5.812,-6.561), active=False[0m
[INFO] [1783998755.486886309] [nav_executor]: [0;94mpose_controller: dist=6.172m, pose=(-6.131,-7.023), active=False[0m
[INFO] [1783998757.486882563] [nav_executor]: [0;94mpose_controller: dist=7.493m, pose=(-7.459,-6.897), active=False[0m
[INFO] [1783998759.686902496] [nav_executor]: [0;94mpose_controller: dist=7.547m, pose=(-7.516,-6.817), active=False[0m
[INFO] [1783998761.886858125] [nav_executor]: [0;94mpose_controller: dist=7.585m, pose=(-7.554,-6.801), active=False[0m
[INFO] [1783998763.887077749] [nav_executor]: [0;94mpose_controller: dist=7.775m, pose=(-7.698,-5.798), active=False[0m
[INFO] [1783998765.887107011] [nav_executor]: [0;94mpose_controller: dist=9.385m, pose=(-8.590,-2.942), active=False[0m
[INFO] [1783998767.888104898] [nav_executor]: [0;94mpose_controller: dist=11.146m, pose=(-8.749,0.216), active=False[0m
[INFO] [1783998770.087240519] [nav_executor]: [0;94mpose_controller: dist=13.849m, pose=(-8.653,4.138), active=False[0m
[INFO] [1783998772.086894293] [nav_executor]: [0;94mpose_controller: dist=16.987m, pose=(-8.759,7.885), active=False[0m
[INFO] [1783998774.286874460] [nav_executor]: [0;94mpose_controller: dist=20.525m, pose=(-8.771,11.892), active=False[0m
[INFO] [1783998776.286939925] [nav_executor]: [0;94mpose_controller: dist=22.894m, pose=(-8.197,14.713), active=False[0m
[INFO] [1783998778.486817973] [nav_executor]: [0;94mpose_controller: dist=22.745m, pose=(-5.618,15.381), active=False[0m
[INFO] [1783998780.486839172] [nav_executor]: [0;94mpose_controller: dist=22.336m, pose=(-2.805,15.504), active=False[0m
[INFO] [1783998782.686834660] [nav_executor]: [0;94mpose_controller: dist=22.156m, pose=(0.195,15.504), active=False[0m
[INFO] [1783998784.686923667] [nav_executor]: [0;94mpose_controller: dist=22.314m, pose=(1.044,15.639), active=False[0m
[INFO] [1783998786.886874987] [nav_executor]: [0;94mpose_controller: dist=22.239m, pose=(2.365,15.464), active=False[0m
[INFO] [1783998788.886889368] [nav_executor]: [0;94mpose_controller: dist=22.075m, pose=(3.474,15.153), active=False[0m
[INFO] [1783998791.086987568] [nav_executor]: [0;94mpose_controller: dist=22.546m, pose=(7.404,14.654), active=False[0m
[INFO] [1783998793.286842296] [nav_executor]: [0;94mpose_controller: dist=23.431m, pose=(11.520,13.769), active=False[0m
[INFO] [1783998795.286987401] [nav_executor]: [0;94mpose_controller: dist=25.262m, pose=(14.829,13.822), active=False[0m
[INFO] [1783998797.486990602] [nav_executor]: [0;94mpose_controller: dist=25.775m, pose=(16.387,13.268), active=False[0m
[INFO] [1783998799.486844176] [nav_executor]: [0;94mpose_controller: dist=25.586m, pose=(16.548,12.888), active=False[0m
[INFO] [1783998801.687084744] [nav_executor]: [0;94mpose_controller: dist=25.594m, pose=(16.545,12.901), active=False[0m
[INFO] [1783998803.886853223] [nav_executor]: [0;94mpose_controller: dist=25.584m, pose=(16.540,12.892), active=False[0m
[INFO] [1783998806.086854599] [nav_executor]: [0;94mpose_controller: dist=25.585m, pose=(16.545,12.889), active=False[0m
[INFO] [1783998808.286842698] [nav_executor]: [0;94mpose_controller: dist=25.592m, pose=(16.546,12.897), active=False[0m
[INFO] [1783998810.486938544] [nav_executor]: [0;94mpose_controller: dist=25.594m, pose=(16.538,12.907), active=False[0m
[INFO] [1783998812.686829129] [nav_executor]: [0;94mpose_controller: dist=25.592m, pose=(16.537,12.906), active=False[0m
[INFO] [1783998814.886836295] [nav_executor]: [0;94mpose_controller: dist=25.589m, pose=(16.539,12.899), active=False[0m
[INFO] [1783998817.086855751] [nav_executor]: [0;94mpose_controller: dist=25.577m, pose=(16.535,12.887), active=False[0m
[INFO] [1783998819.286861736] [nav_executor]: [0;94mpose_controller: dist=25.588m, pose=(16.541,12.896), active=False[0m
[INFO] [1783998821.286827531] [nav_executor]: [0;94mpose_controller: dist=25.563m, pose=(16.535,12.868), active=False[0m
[INFO] [1783998823.289144098] [nav_executor]: [0;94mpose_controller: dist=25.593m, pose=(16.544,12.901), active=False[0m
[INFO] [1783998825.486822220] [nav_executor]: [0;94mpose_controller: dist=25.583m, pose=(16.546,12.886), active=False[0m
[INFO] [1783998827.486835839] [nav_executor]: [0;94mpose_controller: dist=25.596m, pose=(16.552,12.898), active=False[0m
[INFO] [1783998829.686829834] [nav_executor]: [0;94mpose_controller: dist=25.582m, pose=(16.541,12.889), active=False[0m
[INFO] [1783998831.886817772] [nav_executor]: [0;94mpose_controller: dist=25.580m, pose=(16.533,12.893), active=False[0m
[INFO] [1783998833.886918490] [nav_executor]: [0;94mpose_controller: dist=25.587m, pose=(16.543,12.893), active=False[0m
[INFO] [1783998835.887196921] [nav_executor]: [0;94mpose_controller: dist=25.599m, pose=(16.538,12.914), active=False[0m
[INFO] [1783998837.887917751] [nav_executor]: [0;94mpose_controller: dist=25.580m, pose=(16.533,12.892), active=False[0m
[INFO] [1783998839.888190177] [nav_executor]: [0;94mpose_controller: dist=25.585m, pose=(16.541,12.893), active=False[0m
[INFO] [1783998842.087164895] [nav_executor]: [0;94mpose_controller: dist=25.583m, pose=(16.544,12.888), active=False[0m
[INFO] [1783998844.287166047] [nav_executor]: [0;94mpose_controller: dist=25.590m, pose=(16.540,12.900), active=False[0m
[INFO] [1783998846.486964930] [nav_executor]: [0;94mpose_controller: dist=25.578m, pose=(16.535,12.889), active=False[0m
[INFO] [1783998848.487020781] [nav_executor]: [0;94mpose_controller: dist=25.592m, pose=(16.550,12.894), active=False[0m
[INFO] [1783998850.487072932] [nav_executor]: [0;94mpose_controller: dist=25.599m, pose=(16.551,12.902), active=False[0m
[INFO] [1783998852.489259812] [nav_executor]: [0;94mpose_controller: dist=25.586m, pose=(16.543,12.892), active=False[0m
[INFO] [1783998854.687458870] [nav_executor]: [0;94mpose_controller: dist=25.590m, pose=(16.542,12.898), active=False[0m
[INFO] [1783998856.886915914] [nav_executor]: [0;94mpose_controller: dist=25.586m, pose=(16.545,12.891), active=False[0m
[INFO] [1783998858.886864684] [nav_executor]: [0;94mpose_controller: dist=25.585m, pose=(16.536,12.896), active=False[0m
[INFO] [1783998861.086837003] [nav_executor]: [0;94mpose_controller: dist=25.582m, pose=(16.547,12.883), active=False[0m
[INFO] [1783998863.086834130] [nav_executor]: [0;94mpose_controller: dist=25.586m, pose=(16.543,12.892), active=False[0m
[INFO] [1783998865.286790590] [nav_executor]: [0;94mpose_controller: dist=25.591m, pose=(16.537,12.904), active=False[0m
[INFO] [1783998867.286811101] [nav_executor]: [0;94mpose_controller: dist=25.583m, pose=(16.535,12.895), active=False[0m
[INFO] [1783998869.286826948] [nav_executor]: [0;94mpose_controller: dist=25.593m, pose=(16.551,12.895), active=False[0m
[INFO] [1783998871.287062065] [nav_executor]: [0;94mpose_controller: dist=25.580m, pose=(16.545,12.883), active=False[0m
[INFO] [1783998873.486870492] [nav_executor]: [0;94mpose_controller: dist=25.592m, pose=(16.545,12.898), active=False[0m
[INFO] [1783998875.686825923] [nav_executor]: [0;94mpose_controller: dist=25.586m, pose=(16.545,12.891), active=False[0m
[INFO] [1783998877.686853866] [nav_executor]: [0;94mpose_controller: dist=25.591m, pose=(16.537,12.903), active=False[0m
[INFO] [1783998879.886961446] [nav_executor]: [0;94mpose_controller: dist=25.567m, pose=(16.538,12.872), active=False[0m
[INFO] [1783998881.886884716] [nav_executor]: [0;94mpose_controller: dist=25.569m, pose=(16.538,12.875), active=False[0m
[INFO] [1783998884.086843565] [nav_executor]: [0;94mpose_controller: dist=25.583m, pose=(16.542,12.889), active=False[0m
[INFO] [1783998886.086873690] [nav_executor]: [0;94mpose_controller: dist=25.584m, pose=(16.533,12.899), active=False[0m
[INFO] [1783998888.287041823] [nav_executor]: [0;94mpose_controller: dist=25.581m, pose=(16.544,12.885), active=False[0m
[INFO] [1783998890.286947630] [nav_executor]: [0;94mpose_controller: dist=25.582m, pose=(16.544,12.886), active=False[0m
[INFO] [1783998892.486842562] [nav_executor]: [0;94mpose_controller: dist=25.594m, pose=(16.549,12.898), active=False[0m
[INFO] [1783998894.486870822] [nav_executor]: [0;94mpose_controller: dist=25.585m, pose=(16.538,12.896), active=False[0m
[INFO] [1783998896.686813519] [nav_executor]: [0;94mpose_controller: dist=25.576m, pose=(16.542,12.880), active=False[0m
[INFO] [1783998898.686847536] [nav_executor]: [0;94mpose_controller: dist=25.584m, pose=(16.541,12.891), active=False[0m
[INFO] [1783998900.687063209] [nav_executor]: [0;94mpose_controller: dist=25.594m, pose=(16.545,12.901), active=False[0m
[INFO] [1783998902.687093139] [nav_executor]: [0;94mpose_controller: dist=25.600m, pose=(16.539,12.913), active=False[0m
[INFO] [1783998904.886851218] [nav_executor]: [0;94mpose_controller: dist=25.589m, pose=(16.538,12.900), active=False[0m
[INFO] [1783998906.887080154] [nav_executor]: [0;94mpose_controller: dist=25.583m, pose=(16.528,12.900), active=False[0m
[INFO] [1783998909.087027298] [nav_executor]: [0;94mpose_controller: dist=25.599m, pose=(16.531,12.919), active=False[0m
[INFO] [1783998911.086931569] [nav_executor]: [0;94mpose_controller: dist=25.582m, pose=(16.522,12.905), active=False[0m
[INFO] [1783998913.287002507] [nav_executor]: [0;94mpose_controller: dist=25.591m, pose=(16.536,12.904), active=False[0m
[INFO] [1783998915.486917152] [nav_executor]: [0;94mpose_controller: dist=25.587m, pose=(16.533,12.903), active=False[0m
[INFO] [1783998917.687337990] [nav_executor]: [0;94mpose_controller: dist=25.585m, pose=(16.534,12.899), active=False[0m
[INFO] [1783998919.887018678] [nav_executor]: [0;94mpose_controller: dist=25.584m, pose=(16.539,12.893), active=False[0m
[INFO] [1783998921.886827774] [nav_executor]: [0;94mpose_controller: dist=25.581m, pose=(16.533,12.895), active=False[0m
[INFO] [1783998923.887240597] [nav_executor]: [0;94mpose_controller: dist=25.585m, pose=(16.539,12.894), active=False[0m
[INFO] [1783998926.087104407] [nav_executor]: [0;94mpose_controller: dist=25.587m, pose=(16.538,12.898), active=False[0m
[INFO] [1783998928.287252943] [nav_executor]: [0;94mpose_controller: dist=25.583m, pose=(16.546,12.886), active=False[0m
[INFO] [1783998930.486852874] [nav_executor]: [0;94mpose_controller: dist=25.590m, pose=(16.548,12.894), active=False[0m
[INFO] [1783998932.486834460] [nav_executor]: [0;94mpose_controller: dist=25.590m, pose=(16.552,12.890), active=False[0m
[INFO] [1783998934.486956268] [nav_executor]: [0;94mpose_controller: dist=25.578m, pose=(16.532,12.891), active=False[0m
[INFO] [1783998936.686837638] [nav_executor]: [0;94mpose_controller: dist=25.575m, pose=(16.534,12.886), active=False[0m
[INFO] [1783998938.686878551] [nav_executor]: [0;94mpose_controller: dist=25.587m, pose=(16.544,12.893), active=False[0m
[INFO] [1783998940.689093576] [nav_executor]: [0;94mpose_controller: dist=25.587m, pose=(16.538,12.898), active=False[0m
[INFO] [1783998942.887278703] [nav_executor]: [0;94mpose_controller: dist=25.569m, pose=(16.532,12.880), active=False[0m
[INFO] [1783998945.087137887] [nav_executor]: [0;94mpose_controller: dist=25.597m, pose=(16.550,12.901), active=False[0m
[INFO] [1783998947.286827289] [nav_executor]: [0;94mpose_controller: dist=25.579m, pose=(16.544,12.883), active=False[0m
[INFO] [1783998949.286843896] [nav_executor]: [0;94mpose_controller: dist=25.584m, pose=(16.547,12.886), active=False[0m
[INFO] [1783998951.287059408] [nav_executor]: [0;94mpose_controller: dist=25.592m, pose=(16.537,12.906), active=False[0m
[INFO] [1783998953.486824340] [nav_executor]: [0;94mpose_controller: dist=25.587m, pose=(16.545,12.892), active=False[0m
[INFO] [1783998955.687746148] [nav_executor]: [0;94mpose_controller: dist=25.578m, pose=(16.540,12.884), active=False[0m
[INFO] [1783998957.886835402] [nav_executor]: [0;94mpose_controller: dist=25.584m, pose=(16.539,12.893), active=False[0m
[INFO] [1783998960.087058264] [nav_executor]: [0;94mpose_controller: dist=25.583m, pose=(16.549,12.883), active=False[0m
[INFO] [1783998962.286851182] [nav_executor]: [0;94mpose_controller: dist=25.581m, pose=(16.540,12.888), active=False[0m
[INFO] [1783998964.287147198] [nav_executor]: [0;94mpose_controller: dist=25.594m, pose=(16.545,12.900), active=False[0m
[INFO] [1783998966.486828797] [nav_executor]: [0;94mpose_controller: dist=25.593m, pose=(16.543,12.902), active=False[0m
[INFO] [1783998968.686848078] [nav_executor]: [0;94mpose_controller: dist=25.595m, pose=(16.547,12.901), active=False[0m
[INFO] [1783998970.886780805] [nav_executor]: [0;94mpose_controller: dist=25.591m, pose=(16.551,12.893), active=False[0m
[INFO] [1783998972.886847035] [nav_executor]: [0;94mpose_controller: dist=25.604m, pose=(16.564,12.897), active=False[0m
[INFO] [1783998974.887018604] [nav_executor]: [0;94mpose_controller: dist=25.612m, pose=(16.558,12.914), active=False[0m
[INFO] [1783998976.886848051] [nav_executor]: [0;94mpose_controller: dist=25.584m, pose=(16.546,12.887), active=False[0m
[INFO] [1783998979.086800806] [nav_executor]: [0;94mpose_controller: dist=25.599m, pose=(16.553,12.901), active=False[0m
[INFO] [1783998981.087565807] [nav_executor]: [0;94mpose_controller: dist=25.590m, pose=(16.549,12.893), active=False[0m
[INFO] [1783998983.286807737] [nav_executor]: [0;94mpose_controller: dist=25.577m, pose=(16.539,12.884), active=False[0m
[INFO] [1783998985.287108929] [nav_executor]: [0;94mpose_controller: dist=25.586m, pose=(16.540,12.895), active=False[0m
[INFO] [1783998987.486817255] [nav_executor]: [0;94mpose_controller: dist=25.576m, pose=(16.533,12.888), active=False[0m
[INFO] [1783998989.686834578] [nav_executor]: [0;94mpose_controller: dist=25.576m, pose=(16.537,12.884), active=False[0m
[INFO] [1783998991.686835836] [nav_executor]: [0;94mpose_controller: dist=25.578m, pose=(16.539,12.885), active=False[0m
[INFO] [1783998993.687060796] [nav_executor]: [0;94mpose_controller: dist=25.575m, pose=(16.537,12.883), active=False[0m
[INFO] [1783998995.687160529] [nav_executor]: [0;94mpose_controller: dist=25.574m, pose=(16.545,12.876), active=False[0m
[INFO] [1783998997.887106328] [nav_executor]: [0;94mpose_controller: dist=25.573m, pose=(16.533,12.884), active=False[0m
[INFO] [1783999000.086820655] [nav_executor]: [0;94mpose_controller: dist=25.564m, pose=(16.524,12.879), active=False[0m
[INFO] [1783999002.286850329] [nav_executor]: [0;94mpose_controller: dist=25.577m, pose=(16.535,12.887), active=False[0m
[INFO] [1783999004.487034608] [nav_executor]: [0;94mpose_controller: dist=25.578m, pose=(16.545,12.880), active=False[0m
[INFO] [1783999006.686873404] [nav_executor]: [0;94mpose_controller: dist=25.580m, pose=(16.539,12.888), active=False[0m
[INFO] [1783999008.886832922] [nav_executor]: [0;94mpose_controller: dist=25.586m, pose=(16.540,12.894), active=False[0m
[INFO] [1783999011.086843051] [nav_executor]: [0;94mpose_controller: dist=25.584m, pose=(16.529,12.901), active=False[0m
[INFO] [1783999013.086963377] [nav_executor]: [0;94mpose_controller: dist=25.583m, pose=(16.524,12.905), active=False[0m
[INFO] [1783999015.286935054] [nav_executor]: [0;94mpose_controller: dist=25.575m, pose=(16.525,12.893), active=False[0m
[INFO] [1783999017.486830988] [nav_executor]: [0;94mpose_controller: dist=25.575m, pose=(16.525,12.893), active=False[0m
[INFO] [1783999019.686864665] [nav_executor]: [0;94mpose_controller: dist=25.575m, pose=(16.525,12.893), active=False[0m
[INFO] [1783999021.886802394] [nav_executor]: [0;94mpose_controller: dist=25.575m, pose=(16.525,12.893), active=False[0m
[INFO] [1783999023.886857685] [nav_executor]: [0;94mpose_controller: dist=25.575m, pose=(16.525,12.893), active=False[0m
[INFO] [1783999025.886918591] [nav_executor]: [0;94mpose_controller: dist=25.575m, pose=(16.525,12.893), active=False[0m
[INFO] [1783999028.086835160] [nav_executor]: [0;94mpose_controller: dist=25.575m, pose=(16.525,12.893), active=False[0m
[INFO] [1783999030.086831832] [nav_executor]: [0;94mpose_controller: dist=25.575m, pose=(16.525,12.893), active=False[0m
[INFO] [1783999032.286814951] [nav_executor]: [0;94mpose_controller: dist=25.575m, pose=(16.525,12.893), active=False[0m
[INFO] [1783999034.486806093] [nav_executor]: [0;94mpose_controller: dist=25.575m, pose=(16.525,12.893), active=False[0m
[INFO] [1783999036.486860901] [nav_executor]: [0;94mpose_controller: dist=25.575m, pose=(16.525,12.893), active=False[0m
[INFO] [1783999038.686912519] [nav_executor]: [0;94mpose_controller: dist=25.575m, pose=(16.525,12.893), active=False[0m
[INFO] [1783999040.686838824] [nav_executor]: [0;94mpose_controller: dist=25.575m, pose=(16.525,12.893), active=False[0m
[INFO] [1783999042.886827762] [nav_executor]: [0;94mpose_controller: dist=25.575m, pose=(16.525,12.893), active=False[0m
[INFO] [1783999045.086810641] [nav_executor]: [0;94mpose_controller: dist=25.575m, pose=(16.525,12.893), active=False[0m
[INFO] [1783999047.086833193] [nav_executor]: [0;94mpose_controller: dist=25.575m, pose=(16.525,12.893), active=False[0m
[INFO] [1783999049.286834723] [nav_executor]: [0;94mpose_controller: dist=25.575m, pose=(16.525,12.893), active=False[0m
[INFO] [1783999051.486895433] [nav_executor]: [0;94mpose_controller: dist=25.575m, pose=(16.525,12.893), active=False[0m
[INFO] [1783999053.486836487] [nav_executor]: [0;94mpose_controller: dist=25.575m, pose=(16.525,12.893), active=False[0m
[INFO] [1783999055.686809126] [nav_executor]: [0;94mpose_controller: dist=25.575m, pose=(16.525,12.893), active=False[0m
[INFO] [1783999057.686838412] [nav_executor]: [0;94mpose_controller: dist=25.575m, pose=(16.525,12.893), active=False[0m
[INFO] [1783999059.686920172] [nav_executor]: [0;94mpose_controller: dist=25.575m, pose=(16.525,12.893), active=False[0m
[INFO] [1783999061.886920174] [nav_executor]: [0;94mpose_controller: dist=25.575m, pose=(16.525,12.893), active=False[0m
[INFO] [1783999063.887098472] [nav_executor]: [0;94mpose_controller: dist=25.575m, pose=(16.525,12.893), active=False[0m
[INFO] [1783999066.086946090] [nav_executor]: [0;94mpose_controller: dist=25.575m, pose=(16.525,12.893), active=False[0m
[INFO] [1783999068.087077892] [nav_executor]: [0;94mpose_controller: dist=25.575m, pose=(16.525,12.893), active=False[0m
[INFO] [1783999070.086999810] [nav_executor]: [0;94mpose_controller: dist=25.575m, pose=(16.525,12.893), active=False[0m
[INFO] [1783999072.087077258] [nav_executor]: [0;94mpose_controller: dist=25.575m, pose=(16.525,12.893), active=False[0m
[INFO] [1783999074.087238750] [nav_executor]: [0;94mpose_controller: dist=25.575m, pose=(16.525,12.893), active=False[0m
[INFO] [1783999076.286968734] [nav_executor]: [0;94mpose_controller: dist=25.575m, pose=(16.525,12.893), active=False[0m
[INFO] [1783999078.287496754] [nav_executor]: [0;94mpose_controller: dist=25.575m, pose=(16.525,12.893), active=False[0m
[INFO] [1783999080.287640211] [nav_executor]: [0;94mpose_controller: dist=25.575m, pose=(16.525,12.893), active=False[0m
[INFO] [1783999082.487287821] [nav_executor]: [0;94mpose_controller: dist=25.575m, pose=(16.525,12.893), active=False[0m
[INFO] [1783999084.687237417] [nav_executor]: [0;94mpose_controller: dist=25.575m, pose=(16.525,12.893), active=False[0m
[INFO] [1783999086.887522543] [nav_executor]: [0;94mpose_controller: dist=25.575m, pose=(16.525,12.893), active=False[0m
[INFO] [1783999089.088148094] [nav_executor]: [0;94mpose_controller: dist=25.575m, pose=(16.525,12.893), active=False[0m
[INFO] [1783999091.287417670] [nav_executor]: [0;94mpose_controller: dist=25.575m, pose=(16.525,12.893), active=False[0m
[INFO] [1783999093.487139222] [nav_executor]: [0;94mpose_controller: dist=25.575m, pose=(16.525,12.893), active=False[0m
[INFO] [1783999095.487083702] [nav_executor]: [0;94mpose_controller: dist=25.575m, pose=(16.525,12.893), active=False[0m
[INFO] [1783999097.687215277] [nav_executor]: [0;94mpose_controller: dist=25.575m, pose=(16.525,12.893), active=False[0m
[INFO] [1783999099.886878589] [nav_executor]: [0;94mpose_controller: dist=25.575m, pose=(16.525,12.893), active=False[0m
[INFO] [1783999102.086856147] [nav_executor]: [0;94mpose_controller: dist=25.575m, pose=(16.525,12.893), active=False[0m
[INFO] [1783999104.086958217] [nav_executor]: [0;94mpose_controller: dist=25.575m, pose=(16.525,12.893), active=False[0m
[INFO] [1783999106.286830966] [nav_executor]: [0;94mpose_controller: dist=25.575m, pose=(16.525,12.893), active=False[0m
[INFO] [1783999108.486833194] [nav_executor]: [0;94mpose_controller: dist=25.575m, pose=(16.525,12.893), active=False[0m
[INFO] [1783999110.486864550] [nav_executor]: [0;94mpose_controller: dist=25.575m, pose=(16.525,12.893), active=False[0m
[INFO] [1783999112.686801543] [nav_executor]: [0;94mpose_controller: dist=25.575m, pose=(16.525,12.893), active=False[0m
[INFO] [1783999114.686813326] [nav_executor]: [0;94mpose_controller: dist=25.575m, pose=(16.525,12.893), active=False[0m
[INFO] [1783999116.886841606] [nav_executor]: [0;94mpose_controller: dist=25.575m, pose=(16.525,12.893), active=False[0m
[INFO] [1783999118.886836525] [nav_executor]: [0;94mpose_controller: dist=25.575m, pose=(16.525,12.893), active=False[0m
[INFO] [1783999121.086840784] [nav_executor]: [0;94mpose_controller: dist=25.575m, pose=(16.525,12.893), active=False[0m
[INFO] [1783999123.286828485] [nav_executor]: [0;94mpose_controller: dist=25.575m, pose=(16.525,12.893), active=False[0m
[INFO] [1783999125.486848717] [nav_executor]: [0;94mpose_controller: dist=25.575m, pose=(16.525,12.893), active=False[0m
[INFO] [1783999127.486836474] [nav_executor]: [0;94mpose_controller: dist=25.575m, pose=(16.525,12.893), active=False[0m
[INFO] [1783999129.686847501] [nav_executor]: [0;94mpose_controller: dist=25.575m, pose=(16.525,12.893), active=False[0m
[INFO] [1783999131.886815763] [nav_executor]: [0;94mpose_controller: dist=25.575m, pose=(16.525,12.893), active=False[0m
[INFO] [1783999133.886870355] [nav_executor]: [0;94mpose_controller: dist=25.575m, pose=(16.525,12.893), active=False[0m
[INFO] [1783999136.086846470] [nav_executor]: [0;94mpose_controller: dist=25.575m, pose=(16.525,12.893), active=False[0m
[INFO] [1783999138.286785188] [nav_executor]: [0;94mpose_controller: dist=25.575m, pose=(16.525,12.893), active=False[0m
[INFO] [1783999140.286825388] [nav_executor]: [0;94mpose_controller: dist=25.575m, pose=(16.525,12.893), active=False[0m
[INFO] [1783999142.286822152] [nav_executor]: [0;94mpose_controller: dist=25.575m, pose=(16.525,12.893), active=False[0m
[INFO] [1783999144.286842695] [nav_executor]: [0;94mpose_controller: dist=25.575m, pose=(16.525,12.893), active=False[0m
[INFO] [1783999146.486812509] [nav_executor]: [0;94mpose_controller: dist=25.575m, pose=(16.525,12.893), active=False[0m
[INFO] [1783999148.686843126] [nav_executor]: [0;94mpose_controller: dist=25.575m, pose=(16.525,12.893), active=False[0m
[INFO] [1783999150.886857172] [nav_executor]: [0;94mpose_controller: dist=25.575m, pose=(16.525,12.893), active=False[0m
[INFO] [1783999153.086847433] [nav_executor]: [0;94mpose_controller: dist=25.575m, pose=(16.525,12.893), active=False[0m
[INFO] [1783999155.286829275] [nav_executor]: [0;94mpose_controller: dist=25.575m, pose=(16.525,12.893), active=False[0m
[INFO] [1783999157.286934120] [nav_executor]: [0;94mpose_controller: dist=25.575m, pose=(16.525,12.893), active=False[0m
[INFO] [1783999159.486812624] [nav_executor]: [0;94mpose_controller: dist=25.575m, pose=(16.525,12.893), active=False[0m
[INFO] [1783999161.686835065] [nav_executor]: [0;94mpose_controller: dist=25.575m, pose=(16.525,12.893), active=False[0m
[INFO] [1783999163.886870004] [nav_executor]: [0;94mpose_controller: dist=25.575m, pose=(16.525,12.893), active=False[0m
[INFO] [1783999165.886831178] [nav_executor]: [0;94mpose_controller: dist=25.575m, pose=(16.525,12.893), active=False[0m
[INFO] [1783999168.086814526] [nav_executor]: [0;94mpose_controller: dist=25.575m, pose=(16.525,12.893), active=False[0m
[INFO] [1783999170.086822569] [nav_executor]: [0;94mpose_controller: dist=25.575m, pose=(16.525,12.893), active=False[0m
[INFO] [1783999172.286831789] [nav_executor]: [0;94mpose_controller: dist=25.575m, pose=(16.525,12.893), active=False[0m
[INFO] [1783999174.486805887] [nav_executor]: [0;94mpose_controller: dist=25.575m, pose=(16.525,12.893), active=False[0m
[INFO] [1783999176.486881524] [nav_executor]: [0;94mpose_controller: dist=25.575m, pose=(16.525,12.893), active=False[0m
[INFO] [1783999178.686841139] [nav_executor]: [0;94mpose_controller: dist=25.575m, pose=(16.525,12.893), active=False[0m
[INFO] [1783999180.686808863] [nav_executor]: [0;94mpose_controller: dist=25.575m, pose=(16.525,12.893), active=False[0m
[INFO] [1783999182.886798393] [nav_executor]: [0;94mpose_controller: dist=25.575m, pose=(16.525,12.893), active=False[0m
[INFO] [1783999184.886827539] [nav_executor]: [0;94mpose_controller: dist=25.575m, pose=(16.525,12.893), active=False[0m
[INFO] [1783999187.086884619] [nav_executor]: [0;94mpose_controller: dist=25.575m, pose=(16.525,12.893), active=False[0m
[INFO] [1783999189.286827628] [nav_executor]: [0;94mpose_controller: dist=25.575m, pose=(16.525,12.893), active=False[0m
[INFO] [1783999191.486838335] [nav_executor]: [0;94mpose_controller: dist=25.575m, pose=(16.525,12.893), active=False[0m
[INFO] [1783999193.486832752] [nav_executor]: [0;94mpose_controller: dist=25.575m, pose=(16.525,12.893), active=False[0m
[INFO] [1783999195.686813476] [nav_executor]: [0;94mpose_controller: dist=25.575m, pose=(16.525,12.893), active=False[0m
[INFO] [1783999197.686923021] [nav_executor]: [0;94mpose_controller: dist=25.575m, pose=(16.525,12.893), active=False[0m
[INFO] [1783999199.886967694] [nav_executor]: [0;94mpose_controller: dist=25.575m, pose=(16.525,12.893), active=False[0m
[INFO] [1783999202.086805672] [nav_executor]: [0;94mpose_controller: dist=25.575m, pose=(16.525,12.893), active=False[0m
[INFO] [1783999204.086823912] [nav_executor]: [0;94mpose_controller: dist=25.575m, pose=(16.525,12.893), active=False[0m
[INFO] [1783999206.086833691] [nav_executor]: [0;94mpose_controller: dist=25.575m, pose=(16.525,12.893), active=False[0m
[INFO] [1783999208.086871956] [nav_executor]: [0;94mpose_controller: dist=25.575m, pose=(16.525,12.893), active=False[0m
[INFO] [1783999210.086852029] [nav_executor]: [0;94mpose_controller: dist=25.575m, pose=(16.525,12.893), active=False[0m
[INFO] [1783999212.286852136] [nav_executor]: [0;94mpose_controller: dist=25.575m, pose=(16.525,12.893), active=False[0m
[INFO] [1783999214.486836192] [nav_executor]: [0;94mpose_controller: dist=25.575m, pose=(16.525,12.893), active=False[0m
[INFO] [1783999216.487082235] [nav_executor]: [0;94mpose_controller: dist=25.575m, pose=(16.525,12.893), active=False[0m
[INFO] [1783999218.686897896] [nav_executor]: [0;94mpose_controller: dist=25.575m, pose=(16.525,12.893), active=False[0m
[INFO] [1783999220.886831749] [nav_executor]: [0;94mpose_controller: dist=25.575m, pose=(16.525,12.893), active=False[0m
[INFO] [1783999223.086841310] [nav_executor]: [0;94mpose_controller: dist=25.575m, pose=(16.525,12.893), active=False[0m
[INFO] [1783999225.087121120] [nav_executor]: [0;94mpose_controller: dist=25.575m, pose=(16.525,12.893), active=False[0m
[INFO] [1783999227.286823908] [nav_executor]: [0;94mpose_controller: dist=25.575m, pose=(16.525,12.893), active=False[0m
[INFO] [1783999229.286858177] [nav_executor]: [0;94mpose_controller: dist=25.575m, pose=(16.525,12.893), active=False[0m
[INFO] [1783999231.286841571] [nav_executor]: [0;94mpose_controller: dist=25.575m, pose=(16.525,12.893), active=False[0m
[INFO] [1783999233.486813472] [nav_executor]: [0;94mpose_controller: dist=25.575m, pose=(16.525,12.893), active=False[0m
[INFO] [1783999235.486808412] [nav_executor]: [0;94mpose_controller: dist=25.575m, pose=(16.525,12.893), active=False[0m
[INFO] [1783999237.686837354] [nav_executor]: [0;94mpose_controller: dist=25.575m, pose=(16.525,12.893), active=False[0m
[INFO] [1783999239.886810813] [nav_executor]: [0;94mpose_controller: dist=25.575m, pose=(16.525,12.893), active=False[0m
[INFO] [1783999241.886871412] [nav_executor]: [0;94mpose_controller: dist=25.575m, pose=(16.525,12.893), active=False[0m
[INFO] [1783999244.086817991] [nav_executor]: [0;94mpose_controller: dist=25.575m, pose=(16.525,12.893), active=False[0m
[INFO] [1783999246.086827251] [nav_executor]: [0;94mpose_controller: dist=25.575m, pose=(16.525,12.893), active=False[0m
[INFO] [1783999248.286820031] [nav_executor]: [0;94mpose_controller: dist=25.575m, pose=(16.525,12.893), active=False[0m
[INFO] [1783999250.286830577] [nav_executor]: [0;94mpose_controller: dist=25.575m, pose=(16.525,12.893), active=False[0m
[INFO] [1783999252.486831837] [nav_executor]: [0;94mpose_controller: dist=25.575m, pose=(16.525,12.893), active=False[0m
[INFO] [1783999254.686860324] [nav_executor]: [0;94mpose_controller: dist=25.575m, pose=(16.525,12.893), active=False[0m
[INFO] [1783999256.886846252] [nav_executor]: [0;94mpose_controller: dist=25.575m, pose=(16.525,12.893), active=False[0m
[INFO] [1783999258.888212583] [nav_executor]: [0;94mpose_controller: dist=25.575m, pose=(16.525,12.893), active=False[0m
[INFO] [1783999261.086874051] [nav_executor]: [0;94mpose_controller: dist=25.575m, pose=(16.525,12.893), active=False[0m
[INFO] [1783999263.286825285] [nav_executor]: [0;94mpose_controller: dist=25.575m, pose=(16.525,12.893), active=False[0m
[INFO] [1783999265.286995411] [nav_executor]: [0;94mpose_controller: dist=25.575m, pose=(16.525,12.893), active=False[0m
[INFO] [1783999267.486842459] [nav_executor]: [0;94mpose_controller: dist=25.575m, pose=(16.525,12.893), active=False[0m
[INFO] [1783999269.686809026] [nav_executor]: [0;94mpose_controller: dist=25.575m, pose=(16.525,12.893), active=False[0m
[INFO] [1783999271.686844016] [nav_executor]: [0;94mpose_controller: dist=25.575m, pose=(16.525,12.893), active=False[0m
[INFO] [1783999273.887174700] [nav_executor]: [0;94mpose_controller: dist=25.575m, pose=(16.525,12.893), active=False[0m
[INFO] [1783999276.086816758] [nav_executor]: [0;94mpose_controller: dist=25.575m, pose=(16.525,12.893), active=False[0m
[INFO] [1783999278.286826177] [nav_executor]: [0;94mpose_controller: dist=25.575m, pose=(16.525,12.893), active=False[0m
[INFO] [1783999280.486828938] [nav_executor]: [0;94mpose_controller: dist=25.575m, pose=(16.525,12.893), active=False[0m
[INFO] [1783999282.486847729] [nav_executor]: [0;94mpose_controller: dist=25.575m, pose=(16.525,12.893), active=False[0m
[INFO] [1783999284.486874382] [nav_executor]: [0;94mpose_controller: dist=25.575m, pose=(16.525,12.893), active=False[0m
[INFO] [1783999286.686910428] [nav_executor]: [0;94mpose_controller: dist=25.575m, pose=(16.525,12.893), active=False[0m
[INFO] [1783999288.886814551] [nav_executor]: [0;94mpose_controller: dist=25.575m, pose=(16.525,12.893), active=False[0m
[INFO] [1783999291.086815284] [nav_executor]: [0;94mpose_controller: dist=25.575m, pose=(16.525,12.893), active=False[0m
[INFO] [1783999293.087110470] [nav_executor]: [0;94mpose_controller: dist=25.575m, pose=(16.525,12.893), active=False[0m
[INFO] [1783999295.287005473] [nav_executor]: [0;94mpose_controller: dist=25.575m, pose=(16.525,12.893), active=False[0m
[INFO] [1783999297.486822931] [nav_executor]: [0;94mpose_controller: dist=25.575m, pose=(16.525,12.893), active=False[0m
[INFO] [1783999299.686840923] [nav_executor]: [0;94mpose_controller: dist=25.575m, pose=(16.525,12.893), active=False[0m
[INFO] [1783999301.886819986] [nav_executor]: [0;94mpose_controller: dist=25.575m, pose=(16.525,12.893), active=False[0m
[INFO] [1783999304.086840972] [nav_executor]: [0;94mpose_controller: dist=25.575m, pose=(16.525,12.893), active=False[0m
[INFO] [1783999306.086808944] [nav_executor]: [0;94mpose_controller: dist=25.575m, pose=(16.525,12.893), active=False[0m
[INFO] [1783999308.286823026] [nav_executor]: [0;94mpose_controller: dist=25.575m, pose=(16.525,12.893), active=False[0m
[INFO] [1783999310.486819172] [nav_executor]: [0;94mpose_controller: dist=25.575m, pose=(16.525,12.893), active=False[0m
[INFO] [1783999312.486835071] [nav_executor]: [0;94mpose_controller: dist=25.575m, pose=(16.525,12.893), active=False[0m
[INFO] [1783999314.486831433] [nav_executor]: [0;94mpose_controller: dist=25.575m, pose=(16.525,12.893), active=False[0m
[INFO] [1783999316.686832673] [nav_executor]: [0;94mpose_controller: dist=25.575m, pose=(16.525,12.893), active=False[0m
[INFO] [1783999318.686836636] [nav_executor]: [0;94mpose_controller: dist=25.575m, pose=(16.525,12.893), active=False[0m
[INFO] [1783999320.686893400] [nav_executor]: [0;94mpose_controller: dist=25.575m, pose=(16.525,12.893), active=False[0m
[INFO] [1783999322.887201567] [nav_executor]: [0;94mpose_controller: dist=25.575m, pose=(16.525,12.893), active=False[0m
[INFO] [1783999325.087084038] [nav_executor]: [0;94mpose_controller: dist=25.575m, pose=(16.525,12.893), active=False[0m
[INFO] [1783999327.287062015] [nav_executor]: [0;94mpose_controller: dist=25.575m, pose=(16.525,12.893), active=False[0m
[INFO] [1783999329.486806577] [nav_executor]: [0;94mpose_controller: dist=25.575m, pose=(16.525,12.893), active=False[0m
[INFO] [1783999331.486816187] [nav_executor]: [0;94mpose_controller: dist=25.575m, pose=(16.525,12.893), active=False[0m
[INFO] [1783999333.486824930] [nav_executor]: [0;94mpose_controller: dist=25.575m, pose=(16.525,12.893), active=False[0m
[INFO] [1783999335.486838964] [nav_executor]: [0;94mpose_controller: dist=25.575m, pose=(16.525,12.893), active=False[0m
[INFO] [1783999337.487088838] [nav_executor]: [0;94mpose_controller: dist=25.575m, pose=(16.525,12.893), active=False[0m
[INFO] [1783999339.686813183] [nav_executor]: [0;94mpose_controller: dist=25.575m, pose=(16.525,12.893), active=False[0m
[INFO] [1783999341.686832580] [nav_executor]: [0;94mpose_controller: dist=25.575m, pose=(16.525,12.893), active=False[0m
[INFO] [1783999343.886860319] [nav_executor]: [0;94mpose_controller: dist=25.575m, pose=(16.525,12.893), active=False[0m
[INFO] [1783999346.086890071] [nav_executor]: [0;94mpose_controller: dist=25.575m, pose=(16.525,12.893), active=False[0m
[INFO] [1783999348.086852901] [nav_executor]: [0;94mpose_controller: dist=25.575m, pose=(16.525,12.893), active=False[0m
[INFO] [1783999350.286821134] [nav_executor]: [0;94mpose_controller: dist=25.575m, pose=(16.525,12.893), active=False[0m
[INFO] [1783999352.286811980] [nav_executor]: [0;94mpose_controller: dist=25.575m, pose=(16.525,12.893), active=False[0m
[INFO] [1783999354.486827663] [nav_executor]: [0;94mpose_controller: dist=25.575m, pose=(16.525,12.893), active=False[0m
[INFO] [1783999356.686840979] [nav_executor]: [0;94mpose_controller: dist=25.575m, pose=(16.525,12.893), active=False[0m
[INFO] [1783999358.686842978] [nav_executor]: [0;94mpose_controller: dist=25.575m, pose=(16.525,12.893), active=False[0m
[INFO] [1783999360.886819146] [nav_executor]: [0;94mpose_controller: dist=25.575m, pose=(16.525,12.893), active=False[0m
[INFO] [1783999363.086843747] [nav_executor]: [0;94mpose_controller: dist=25.575m, pose=(16.525,12.893), active=False[0m
[INFO] [1783999365.286837167] [nav_executor]: [0;94mpose_controller: dist=25.575m, pose=(16.525,12.893), active=False[0m
[INFO] [1783999367.486812080] [nav_executor]: [0;94mpose_controller: dist=25.575m, pose=(16.525,12.893), active=False[0m
[INFO] [1783999369.686826504] [nav_executor]: [0;94mpose_controller: dist=25.575m, pose=(16.525,12.893), active=False[0m
[INFO] [1783999371.886813435] [nav_executor]: [0;94mpose_controller: dist=25.575m, pose=(16.525,12.893), active=False[0m
[INFO] [1783999373.886916848] [nav_executor]: [0;94mpose_controller: dist=25.575m, pose=(16.525,12.893), active=False[0m
[INFO] [1783999376.086903080] [nav_executor]: [0;94mpose_controller: dist=25.575m, pose=(16.525,12.893), active=False[0m
[INFO] [1783999378.287114774] [nav_executor]: [0;94mpose_controller: dist=25.575m, pose=(16.525,12.893), active=False[0m
[INFO] [1783999380.287589412] [nav_executor]: [0;94mpose_controller: dist=25.575m, pose=(16.525,12.893), active=False[0m
[INFO] [1783999382.487089243] [nav_executor]: [0;94mpose_controller: dist=25.575m, pose=(16.525,12.893), active=False[0m
[INFO] [1783999384.686843529] [nav_executor]: [0;94mpose_controller: dist=25.575m, pose=(16.525,12.893), active=False[0m
[INFO] [1783999386.886838111] [nav_executor]: [0;94mpose_controller: dist=25.575m, pose=(16.525,12.893), active=False[0m
[INFO] [1783999388.886833319] [nav_executor]: [0;94mpose_controller: dist=25.575m, pose=(16.525,12.893), active=False[0m
[INFO] [1783999391.086835524] [nav_executor]: [0;94mpose_controller: dist=25.575m, pose=(16.525,12.893), active=False[0m
[INFO] [1783999393.086829790] [nav_executor]: [0;94mpose_controller: dist=25.575m, pose=(16.525,12.893), active=False[0m
[INFO] [1783999395.086882200] [nav_executor]: [0;94mpose_controller: dist=25.575m, pose=(16.525,12.893), active=False[0m
[INFO] [1783999397.087261116] [nav_executor]: [0;94mpose_controller: dist=25.575m, pose=(16.525,12.893), active=False[0m
[INFO] [1783999399.287007922] [nav_executor]: [0;94mpose_controller: dist=25.575m, pose=(16.525,12.893), active=False[0m
[INFO] [1783999401.486820317] [nav_executor]: [0;94mpose_controller: dist=25.575m, pose=(16.525,12.893), active=False[0m
[INFO] [1783999403.686915163] [nav_executor]: [0;94mpose_controller: dist=25.575m, pose=(16.525,12.893), active=False[0m
[INFO] [1783999405.886819382] [nav_executor]: [0;94mpose_controller: dist=25.575m, pose=(16.525,12.893), active=False[0m
[INFO] [1783999407.886813392] [nav_executor]: [0;94mpose_controller: dist=25.575m, pose=(16.525,12.893), active=False[0m
[INFO] [1783999410.086841730] [nav_executor]: [0;94mpose_controller: dist=25.575m, pose=(16.525,12.893), active=False[0m
[INFO] [1783999412.286846740] [nav_executor]: [0;94mpose_controller: dist=25.575m, pose=(16.525,12.893), active=False[0m
[INFO] [1783999414.486816335] [nav_executor]: [0;94mpose_controller: dist=25.575m, pose=(16.525,12.893), active=False[0m
[INFO] [1783999416.486820758] [nav_executor]: [0;94mpose_controller: dist=25.575m, pose=(16.525,12.893), active=False[0m
[INFO] [1783999418.486857912] [nav_executor]: [0;94mpose_controller: dist=25.575m, pose=(16.525,12.893), active=False[0m
[INFO] [1783999420.686831068] [nav_executor]: [0;94mpose_controller: dist=25.575m, pose=(16.525,12.893), active=False[0m
[INFO] [1783999422.886846810] [nav_executor]: [0;94mpose_controller: dist=25.575m, pose=(16.525,12.893), active=False[0m
[INFO] [1783999424.886863509] [nav_executor]: [0;94mpose_controller: dist=25.575m, pose=(16.525,12.893), active=False[0m
                                                                                                                                                                                                                                                                                                                                                                                                                                                                                                                                                                                                                                                                                                                                                                                                                                                                                                                                                                                                                                                                                                                                                                                                                                                                                                                                                                                                                                                                                                                                                                                                                                                                                                                                                                                          