[INFO] [1783910573.185871713] [nav_executor]: NavExecutor 运行在 pose_controller 模式： goal=/goal_pose, pose=/Odometry, cmd_vel=/race_cmd_vel
[INFO] [1783910591.017635715] [nav_executor]: [1;36m收到导航目标: x=0.098, y=3.944, frame=camera_init, backend=pose_controller[0m
[INFO] [1783910591.058465392] [nav_executor]: [0;94mpose_controller: dist=1.672m, pose=(0.066,2.273), active=True[0m
[INFO] [1783910593.058518852] [nav_executor]: [0;94mpose_controller: dist=1.128m, pose=(0.015,2.819), active=True[0m
[INFO] [1783910595.258941098] [nav_executor]: [0;94mpose_controller: dist=0.233m, pose=(-0.022,3.744), active=True[0m
[INFO] [1783910597.258524272] [nav_executor]: [0;94mpose_controller: dist=0.283m, pose=(-0.048,3.701), active=True[0m
[INFO] [1783910599.258567529] [nav_executor]: [0;94mpose_controller: dist=0.390m, pose=(-0.176,3.666), active=True[0m
[INFO] [1783910601.458588902] [nav_executor]: [0;94mpose_controller: dist=0.553m, pose=(-0.372,3.654), active=True[0m
[INFO] [1783910603.458845209] [nav_executor]: [0;94mpose_controller: dist=0.748m, pose=(-0.592,3.656), active=True[0m
[INFO] [1783910605.458922546] [nav_executor]: [0;94mpose_controller: dist=0.967m, pose=(-0.820,3.643), active=True[0m
[INFO] [1783910607.459355205] [nav_executor]: [0;94mpose_controller: dist=1.215m, pose=(-1.070,3.609), active=True[0m
[INFO] [1783910609.460523171] [nav_executor]: [0;94mpose_controller: dist=1.510m, pose=(-1.375,3.612), active=True[0m
[INFO] [1783910611.658901208] [nav_executor]: [0;94mpose_controller: dist=1.806m, pose=(-1.676,3.603), active=True[0m
[INFO] [1783910613.858525946] [nav_executor]: [0;94mpose_controller: dist=1.985m, pose=(-1.857,3.603), active=True[0m
[INFO] [1783910616.058468819] [nav_executor]: [0;94mpose_controller: dist=2.094m, pose=(-1.965,3.588), active=True[0m
[INFO] [1783910618.058540922] [nav_executor]: [0;94mpose_controller: dist=2.380m, pose=(-2.252,3.570), active=True[0m
[INFO] [1783910620.258470897] [nav_executor]: [0;94mpose_controller: dist=2.546m, pose=(-2.422,3.584), active=True[0m
[INFO] [1783910622.258759691] [nav_executor]: [0;94mpose_controller: dist=2.859m, pose=(-2.742,3.610), active=True[0m
[INFO] [1783910624.458685715] [nav_executor]: [0;94mpose_controller: dist=2.910m, pose=(-2.793,3.614), active=True[0m
[INFO] [1783910626.658857879] [nav_executor]: [0;94mpose_controller: dist=3.059m, pose=(-2.943,3.621), active=True[0m
[INFO] [1783910628.858606771] [nav_executor]: [0;94mpose_controller: dist=3.165m, pose=(-3.049,3.613), active=True[0m
[INFO] [1783910631.058542426] [nav_executor]: [0;94mpose_controller: dist=3.367m, pose=(-3.251,3.605), active=True[0m
[INFO] [1783910633.058934253] [nav_executor]: [0;94mpose_controller: dist=3.668m, pose=(-3.556,3.624), active=True[0m
[INFO] [1783910635.258561412] [nav_executor]: [0;94mpose_controller: dist=4.087m, pose=(-3.975,3.604), active=True[0m
[INFO] [1783910637.258557846] [nav_executor]: [0;94mpose_controller: dist=4.202m, pose=(-4.091,3.613), active=True[0m
[INFO] [1783910639.458502889] [nav_executor]: [0;94mpose_controller: dist=4.136m, pose=(-4.025,3.614), active=True[0m
[INFO] [1783910641.458636832] [nav_executor]: [0;94mpose_controller: dist=4.187m, pose=(-4.078,3.644), active=True[0m
[INFO] [1783910643.658537044] [nav_executor]: [0;94mpose_controller: dist=4.138m, pose=(-4.008,3.432), active=True[0m
[INFO] [1783910645.658767838] [nav_executor]: [0;94mpose_controller: dist=4.330m, pose=(-4.043,2.681), active=True[0m
[INFO] [1783910647.858515112] [nav_executor]: [0;94mpose_controller: dist=4.740m, pose=(-4.000,1.563), active=True[0m
[INFO] [1783910650.058589261] [nav_executor]: [0;94mpose_controller: dist=4.931m, pose=(-3.940,1.114), active=True[0m
[INFO] [1783910652.058504864] [nav_executor]: [0;94mpose_controller: dist=5.076m, pose=(-3.894,0.811), active=True[0m
[INFO] [1783910654.058684980] [nav_executor]: [0;94mpose_controller: dist=5.246m, pose=(-3.844,0.483), active=True[0m
[INFO] [1783910656.058589937] [nav_executor]: [0;94mpose_controller: dist=5.458m, pose=(-3.843,0.168), active=True[0m
[INFO] [1783910658.258519145] [nav_executor]: [0;94mpose_controller: dist=5.296m, pose=(-3.059,-0.308), active=True[0m
[INFO] [1783910660.258620922] [nav_executor]: [0;94mpose_controller: dist=5.178m, pose=(-2.683,-0.424), active=True[0m
[INFO] [1783910662.258971733] [nav_executor]: [0;94mpose_controller: dist=5.786m, pose=(-2.638,-1.154), active=True[0m
[INFO] [1783910664.458665406] [nav_executor]: [0;94mpose_controller: dist=6.299m, pose=(-2.803,-1.647), active=True[0m
[INFO] [1783910666.460277161] [nav_executor]: [0;94mpose_controller: dist=6.339m, pose=(-2.994,-1.590), active=True[0m
[INFO] [1783910668.658501055] [nav_executor]: [0;94mpose_controller: dist=6.707m, pose=(-3.724,-1.567), active=True[0m
[INFO] [1783910670.658529656] [nav_executor]: [0;94mpose_controller: dist=7.074m, pose=(-3.875,-1.909), active=True[0m
[INFO] [1783910672.858562006] [nav_executor]: [0;94mpose_controller: dist=8.151m, pose=(-3.996,-3.104), active=True[0m
[INFO] [1783910675.058543094] [nav_executor]: [0;94mpose_controller: dist=8.769m, pose=(-4.059,-3.777), active=True[0m
[INFO] [1783910677.059259353] [nav_executor]: [0;94mpose_controller: dist=8.948m, pose=(-4.040,-3.990), active=True[0m
[INFO] [1783910679.258941720] [nav_executor]: [0;94mpose_controller: dist=8.872m, pose=(-4.044,-3.901), active=True[0m
[INFO] [1783910681.458748298] [nav_executor]: [0;94mpose_controller: dist=8.781m, pose=(-3.946,-3.850), active=True[0m
[INFO] [1783910683.659159186] [nav_executor]: [0;94mpose_controller: dist=8.738m, pose=(-3.963,-3.792), active=True[0m
[INFO] [1783910685.659173998] [nav_executor]: [0;94mpose_controller: dist=8.502m, pose=(-3.510,-3.754), active=True[0m
[INFO] [1783910687.858756174] [nav_executor]: [0;94mpose_controller: dist=8.600m, pose=(-3.580,-3.830), active=True[0m
[INFO] [1783910689.858781675] [nav_executor]: [0;94mpose_controller: dist=8.910m, pose=(-3.587,-4.168), active=True[0m
[INFO] [1783910692.058876089] [nav_executor]: [0;94mpose_controller: dist=9.368m, pose=(-3.549,-4.685), active=True[0m
[INFO] [1783910694.258537602] [nav_executor]: [0;94mpose_controller: dist=9.644m, pose=(-3.555,-4.981), active=True[0m
[INFO] [1783910696.259285696] [nav_executor]: [0;94mpose_controller: dist=9.916m, pose=(-3.574,-5.267), active=True[0m
[INFO] [1783910698.458553923] [nav_executor]: [0;94mpose_controller: dist=10.169m, pose=(-3.603,-5.527), active=True[0m
[INFO] [1783910700.658479010] [nav_executor]: [0;94mpose_controller: dist=10.410m, pose=(-3.628,-5.776), active=True[0m
[INFO] [1783910702.658741573] [nav_executor]: [0;94mpose_controller: dist=10.371m, pose=(-3.597,-5.746), active=True[0m
[INFO] [1783910704.858531197] [nav_executor]: [0;94mpose_controller: dist=10.762m, pose=(-3.560,-6.177), active=True[0m
[INFO] [1783910706.858590076] [nav_executor]: [0;94mpose_controller: dist=11.748m, pose=(-3.534,-7.229), active=True[0m
[INFO] [1783910708.859356675] [nav_executor]: [0;94mpose_controller: dist=11.967m, pose=(-3.599,-7.437), active=True[0m
[INFO] [1783910711.058525858] [nav_executor]: [0;94mpose_controller: dist=12.146m, pose=(-3.590,-7.629), active=True[0m
[INFO] [1783910713.258530170] [nav_executor]: [0;94mpose_controller: dist=12.364m, pose=(-3.317,-7.939), active=True[0m
[INFO] [1783910715.258604833] [nav_executor]: [0;94mpose_controller: dist=12.371m, pose=(-3.147,-7.994), active=True[0m
[INFO] [1783910717.258771678] [nav_executor]: [0;94mpose_controller: dist=12.380m, pose=(-2.849,-8.080), active=True[0m
[INFO] [1783910719.259263083] [nav_executor]: [0;94mpose_controller: dist=12.329m, pose=(-2.598,-8.086), active=True[0m
[INFO] [1783910721.458679122] [nav_executor]: [0;94mpose_controller: dist=12.203m, pose=(-1.946,-8.086), active=True[0m
[INFO] [1783910723.458785516] [nav_executor]: [0;94mpose_controller: dist=12.183m, pose=(-1.688,-8.107), active=True[0m
[INFO] [1783910725.173954079] [nav_executor]: 导航执行结束，reason=arrival_confirmed
[INFO] [1783910725.458844579] [nav_executor]: [0;94mpose_controller: dist=12.127m, pose=(-1.447,-8.083), active=False[0m
[INFO] [1783910727.658917341] [nav_executor]: [0;94mpose_controller: dist=12.129m, pose=(-1.476,-8.082), active=False[0m
[INFO] [1783910729.659378886] [nav_executor]: [0;94mpose_controller: dist=12.202m, pose=(-1.489,-8.154), active=False[0m
[INFO] [1783910731.858635718] [nav_executor]: [0;94mpose_controller: dist=12.198m, pose=(-1.554,-8.142), active=False[0m
[INFO] [1783910733.858552113] [nav_executor]: [0;94mpose_controller: dist=12.359m, pose=(-1.497,-8.311), active=False[0m
[INFO] [1783910735.858623161] [nav_executor]: [0;94mpose_controller: dist=12.311m, pose=(-1.422,-8.273), active=False[0m
[INFO] [1783910737.858852190] [nav_executor]: [0;94mpose_controller: dist=12.245m, pose=(-1.350,-8.215), active=False[0m
[INFO] [1783910740.058730803] [nav_executor]: [0;94mpose_controller: dist=12.213m, pose=(-1.419,-8.174), active=False[0m
[INFO] [1783910742.258513181] [nav_executor]: [0;94mpose_controller: dist=12.104m, pose=(-1.198,-8.090), active=False[0m
[INFO] [1783910742.966959592] [nav_executor]: [1;36m收到导航目标: x=-0.556, y=-7.551, frame=camera_init, backend=pose_controller[0m
[INFO] [1783910744.166958338] [nav_executor]: 导航执行结束，reason=arrival_confirmed
[INFO] [1783910744.258897018] [nav_executor]: [0;94mpose_controller: dist=0.097m, pose=(-0.631,-7.612), active=False[0m
[INFO] [1783910746.262377231] [nav_executor]: [0;94mpose_controller: dist=0.490m, pose=(-0.076,-7.647), active=False[0m
[INFO] [1783910746.567129085] [nav_executor]: [1;36m收到导航目标: x=0.119, y=-8.603, frame=camera_init, backend=pose_controller[0m
[INFO] [1783910748.067187647] [nav_executor]: 导航执行结束，reason=arrival_confirmed
[INFO] [1783910748.458472846] [nav_executor]: [0;94mpose_controller: dist=0.307m, pose=(0.423,-8.554), active=False[0m
[INFO] [1783910750.458507577] [nav_executor]: [0;94mpose_controller: dist=0.730m, pose=(0.834,-8.453), active=False[0m
[INFO] [1783910750.471774276] [nav_executor]: [1;36m收到导航目标: x=1.053, y=-7.932, frame=camera_init, backend=pose_controller[0m
[INFO] [1783910751.271823708] [nav_executor]: 导航执行结束，reason=arrival_confirmed
[INFO] [1783910752.458819086] [nav_executor]: [0;94mpose_controller: dist=0.024m, pose=(1.038,-7.950), active=False[0m
[INFO] [1783910753.667276105] [nav_executor]: [1;36m收到导航目标: x=-0.087, y=-7.154, frame=camera_init, backend=pose_controller[0m
[INFO] [1783910754.658841844] [nav_executor]: [0;94mpose_controller: dist=0.726m, pose=(0.443,-7.650), active=True[0m
[INFO] [1783910755.366829963] [nav_executor]: 导航执行结束，reason=arrival_confirmed
[INFO] [1783910756.659033061] [nav_executor]: [0;94mpose_controller: dist=0.269m, pose=(-0.241,-6.934), active=False[0m
[INFO] [1783910757.966985806] [nav_executor]: [1;36m收到导航目标: x=0.766, y=-6.061, frame=camera_init, backend=pose_controller[0m
[INFO] [1783910758.858802372] [nav_executor]: [0;94mpose_controller: dist=0.782m, pose=(0.231,-6.632), active=True[0m
[INFO] [1783910759.666901866] [nav_executor]: 导航执行结束，reason=arrival_confirmed
[INFO] [1783910760.858925705] [nav_executor]: [0;94mpose_controller: dist=0.315m, pose=(1.028,-5.885), active=False[0m
[INFO] [1783910762.269143662] [nav_executor]: [1;36m收到导航目标: x=0.242, y=-5.711, frame=camera_init, backend=pose_controller[0m
[INFO] [1783910763.058549282] [nav_executor]: [0;94mpose_controller: dist=0.316m, pose=(0.545,-5.621), active=True[0m
[INFO] [1783910763.166888510] [nav_executor]: 导航执行结束，reason=arrival_confirmed
[INFO] [1783910765.058830713] [nav_executor]: [0;94mpose_controller: dist=0.575m, pose=(0.175,-5.139), active=False[0m
[INFO] [1783910767.058691784] [nav_executor]: [0;94mpose_controller: dist=0.902m, pose=(0.144,-4.814), active=False[0m
[INFO] [1783910769.258499794] [nav_executor]: [0;94mpose_controller: dist=0.851m, pose=(0.186,-4.862), active=False[0m
[INFO] [1783910771.258662804] [nav_executor]: [0;94mpose_controller: dist=0.851m, pose=(0.409,-4.876), active=False[0m
[INFO] [1783910773.458592142] [nav_executor]: [0;94mpose_controller: dist=0.954m, pose=(0.485,-4.788), active=False[0m
[INFO] [1783910775.658969968] [nav_executor]: [0;94mpose_controller: dist=0.970m, pose=(0.441,-4.762), active=False[0m
[INFO] [1783910777.858519721] [nav_executor]: [0;94mpose_controller: dist=1.925m, pose=(0.405,-3.792), active=False[0m
[INFO] [1783910779.858700440] [nav_executor]: [0;94mpose_controller: dist=3.005m, pose=(0.296,-2.706), active=False[0m
[INFO] [1783910781.858577065] [nav_executor]: [0;94mpose_controller: dist=3.079m, pose=(0.337,-2.633), active=False[0m
[INFO] [1783910784.058612317] [nav_executor]: [0;94mpose_controller: dist=3.823m, pose=(0.357,-1.889), active=False[0m
[INFO] [1783910786.058597424] [nav_executor]: [0;94mpose_controller: dist=4.709m, pose=(0.345,-1.003), active=False[0m
[INFO] [1783910788.058638815] [nav_executor]: [0;94mpose_controller: dist=4.918m, pose=(0.176,-0.793), active=False[0m
[INFO] [1783910790.258533644] [nav_executor]: [0;94mpose_controller: dist=4.850m, pose=(0.226,-0.860), active=False[0m
[INFO] [1783910792.458653135] [nav_executor]: [0;94mpose_controller: dist=4.851m, pose=(0.224,-0.860), active=False[0m
[INFO] [1783910794.458702131] [nav_executor]: [0;94mpose_controller: dist=4.838m, pose=(0.219,-0.872), active=False[0m
[INFO] [1783910796.458760773] [nav_executor]: [0;94mpose_controller: dist=4.800m, pose=(0.333,-0.911), active=False[0m
[INFO] [1783910798.658545409] [nav_executor]: [0;94mpose_controller: dist=6.624m, pose=(0.276,0.913), active=False[0m
[INFO] [1783910800.658536809] [nav_executor]: [0;94mpose_controller: dist=11.661m, pose=(0.252,5.951), active=False[0m
[INFO] [1783910802.658539633] [nav_executor]: [0;94mpose_controller: dist=12.027m, pose=(0.191,6.316), active=False[0m
[INFO] [1783910804.858584391] [nav_executor]: [0;94mpose_controller: dist=12.097m, pose=(0.502,6.383), active=False[0m
[INFO] [1783910807.058532196] [nav_executor]: [0;94mpose_controller: dist=13.305m, pose=(1.947,7.484), active=False[0m
[INFO] [1783910809.258543295] [nav_executor]: [0;94mpose_controller: dist=13.348m, pose=(2.017,7.519), active=False[0m
[INFO] [1783910811.258530674] [nav_executor]: [0;94mpose_controller: dist=13.349m, pose=(2.000,7.522), active=False[0m
[INFO] [1783910813.459192395] [nav_executor]: [0;94mpose_controller: dist=13.341m, pose=(2.016,7.512), active=False[0m
[INFO] [1783910815.658557058] [nav_executor]: [0;94mpose_controller: dist=13.337m, pose=(2.008,7.509), active=False[0m
[INFO] [1783910817.858553798] [nav_executor]: [0;94mpose_controller: dist=13.336m, pose=(2.011,7.508), active=False[0m
[INFO] [1783910819.858542342] [nav_executor]: [0;94mpose_controller: dist=13.357m, pose=(2.022,7.527), active=False[0m
[INFO] [1783910822.058465439] [nav_executor]: [0;94mpose_controller: dist=13.360m, pose=(2.016,7.531), active=False[0m
[INFO] [1783910824.058502956] [nav_executor]: [0;94mpose_controller: dist=13.348m, pose=(2.024,7.518), active=False[0m
[INFO] [1783910826.058542484] [nav_executor]: [0;94mpose_controller: dist=13.351m, pose=(2.015,7.522), active=False[0m
[INFO] [1783910828.258555824] [nav_executor]: [0;94mpose_controller: dist=13.342m, pose=(2.009,7.514), active=False[0m
[INFO] [1783910830.258635846] [nav_executor]: [0;94mpose_controller: dist=13.344m, pose=(2.012,7.515), active=False[0m
[INFO] [1783910832.259406551] [nav_executor]: [0;94mpose_controller: dist=13.363m, pose=(2.021,7.534), active=False[0m
[INFO] [1783910834.458841932] [nav_executor]: [0;94mpose_controller: dist=13.355m, pose=(2.019,7.526), active=False[0m
[INFO] [1783910836.658669678] [nav_executor]: [0;94mpose_controller: dist=13.354m, pose=(2.020,7.524), active=False[0m
[INFO] [1783910838.858544830] [nav_executor]: [0;94mpose_controller: dist=13.347m, pose=(2.025,7.517), active=False[0m
[INFO] [1783910840.858540860] [nav_executor]: [0;94mpose_controller: dist=13.342m, pose=(2.014,7.513), active=False[0m
[INFO] [1783910843.058527001] [nav_executor]: [0;94mpose_controller: dist=13.350m, pose=(2.005,7.522), active=False[0m
[INFO] [1783910845.258542006] [nav_executor]: [0;94mpose_controller: dist=13.353m, pose=(2.022,7.523), active=False[0m
[INFO] [1783910847.258836446] [nav_executor]: [0;94mpose_controller: dist=13.350m, pose=(2.019,7.520), active=False[0m
[INFO] [1783910849.458522360] [nav_executor]: [0;94mpose_controller: dist=13.359m, pose=(2.022,7.529), active=False[0m
[INFO] [1783910851.458554744] [nav_executor]: [0;94mpose_controller: dist=13.359m, pose=(2.022,7.529), active=False[0m
[INFO] [1783910853.458576573] [nav_executor]: [0;94mpose_controller: dist=13.353m, pose=(2.021,7.523), active=False[0m
[INFO] [1783910855.458791133] [nav_executor]: [0;94mpose_controller: dist=13.352m, pose=(2.023,7.522), active=False[0m
[INFO] [1783910857.658525897] [nav_executor]: [0;94mpose_controller: dist=13.354m, pose=(2.036,7.522), active=False[0m
[INFO] [1783910859.658808222] [nav_executor]: [0;94mpose_controller: dist=13.355m, pose=(2.009,7.526), active=False[0m
[INFO] [1783910861.659108974] [nav_executor]: [0;94mpose_controller: dist=13.353m, pose=(2.020,7.523), active=False[0m
[INFO] [1783910863.858550372] [nav_executor]: [0;94mpose_controller: dist=13.356m, pose=(2.038,7.524), active=False[0m
[INFO] [1783910866.058508981] [nav_executor]: [0;94mpose_controller: dist=13.358m, pose=(2.026,7.528), active=False[0m
[INFO] [1783910868.058576417] [nav_executor]: [0;94mpose_controller: dist=13.350m, pose=(2.039,7.517), active=False[0m
[INFO] [1783910870.258670680] [nav_executor]: [0;94mpose_controller: dist=13.357m, pose=(2.023,7.527), active=False[0m
[INFO] [1783910872.458487124] [nav_executor]: [0;94mpose_controller: dist=13.364m, pose=(2.019,7.535), active=False[0m
[INFO] [1783910874.458523312] [nav_executor]: [0;94mpose_controller: dist=13.357m, pose=(2.028,7.526), active=False[0m
[INFO] [1783910876.658496583] [nav_executor]: [0;94mpose_controller: dist=13.352m, pose=(2.030,7.521), active=False[0m
[INFO] [1783910878.658819889] [nav_executor]: [0;94mpose_controller: dist=13.357m, pose=(2.017,7.528), active=False[0m
[INFO] [1783910880.858521050] [nav_executor]: [0;94mpose_controller: dist=13.345m, pose=(2.032,7.513), active=False[0m
[INFO] [1783910882.858564125] [nav_executor]: [0;94mpose_controller: dist=13.361m, pose=(2.027,7.531), active=False[0m
[INFO] [1783910885.058541729] [nav_executor]: [0;94mpose_controller: dist=13.354m, pose=(2.034,7.523), active=False[0m
[INFO] [1783910887.258552074] [nav_executor]: [0;94mpose_controller: dist=13.362m, pose=(2.051,7.528), active=False[0m
[INFO] [1783910889.258832794] [nav_executor]: [0;94mpose_controller: dist=13.355m, pose=(2.050,7.522), active=False[0m
[INFO] [1783910891.458816451] [nav_executor]: [0;94mpose_controller: dist=13.355m, pose=(2.037,7.523), active=False[0m
[INFO] [1783910893.658594428] [nav_executor]: [0;94mpose_controller: dist=13.352m, pose=(2.034,7.520), active=False[0m
[INFO] [1783910895.658701782] [nav_executor]: [0;94mpose_controller: dist=13.351m, pose=(2.045,7.518), active=False[0m
[INFO] [1783910897.658790462] [nav_executor]: [0;94mpose_controller: dist=13.349m, pose=(2.038,7.517), active=False[0m
[INFO] [1783910899.858811040] [nav_executor]: [0;94mpose_controller: dist=13.360m, pose=(2.037,7.528), active=False[0m
[INFO] [1783910901.859376205] [nav_executor]: [0;94mpose_controller: dist=13.359m, pose=(2.043,7.527), active=False[0m
[INFO] [1783910904.058665435] [nav_executor]: [0;94mpose_controller: dist=13.354m, pose=(2.052,7.520), active=False[0m
[INFO] [1783910906.060039866] [nav_executor]: [0;94mpose_controller: dist=13.343m, pose=(2.060,7.508), active=False[0m
[INFO] [1783910908.258980259] [nav_executor]: [0;94mpose_controller: dist=13.347m, pose=(2.043,7.514), active=False[0m
[INFO] [1783910910.259058543] [nav_executor]: [0;94mpose_controller: dist=13.349m, pose=(2.019,7.519), active=False[0m
[INFO] [1783910912.458881701] [nav_executor]: [0;94mpose_controller: dist=13.353m, pose=(2.026,7.522), active=False[0m
[INFO] [1783910914.658550222] [nav_executor]: [0;94mpose_controller: dist=13.352m, pose=(2.020,7.523), active=False[0m
[INFO] [1783910916.658620097] [nav_executor]: [0;94mpose_controller: dist=13.362m, pose=(2.036,7.530), active=False[0m
[INFO] [1783910918.858510598] [nav_executor]: [0;94mpose_controller: dist=13.345m, pose=(2.015,7.516), active=False[0m
[INFO] [1783910921.058899278] [nav_executor]: [0;94mpose_controller: dist=13.343m, pose=(2.032,7.511), active=False[0m
[INFO] [1783910923.059004874] [nav_executor]: [0;94mpose_controller: dist=13.342m, pose=(2.028,7.511), active=False[0m
[INFO] [1783910925.258546861] [nav_executor]: [0;94mpose_controller: dist=13.339m, pose=(2.018,7.510), active=False[0m
[INFO] [1783910927.458498376] [nav_executor]: [0;94mpose_controller: dist=13.347m, pose=(2.029,7.516), active=False[0m
[INFO] [1783910929.458510696] [nav_executor]: [0;94mpose_controller: dist=13.347m, pose=(2.035,7.516), active=False[0m
[INFO] [1783910931.458524882] [nav_executor]: [0;94mpose_controller: dist=13.354m, pose=(2.033,7.523), active=False[0m
[INFO] [1783910933.458831903] [nav_executor]: [0;94mpose_controller: dist=13.339m, pose=(2.038,7.507), active=False[0m
[INFO] [1783910935.658643310] [nav_executor]: [0;94mpose_controller: dist=13.343m, pose=(2.034,7.512), active=False[0m
[INFO] [1783910937.658524345] [nav_executor]: [0;94mpose_controller: dist=13.345m, pose=(2.028,7.514), active=False[0m
[INFO] [1783910939.659436731] [nav_executor]: [0;94mpose_controller: dist=13.347m, pose=(2.026,7.516), active=False[0m
[INFO] [1783910941.858688599] [nav_executor]: [0;94mpose_controller: dist=13.346m, pose=(2.042,7.514), active=False[0m
[INFO] [1783910944.058516332] [nav_executor]: [0;94mpose_controller: dist=13.340m, pose=(2.028,7.510), active=False[0m
[INFO] [1783910946.058530085] [nav_executor]: [0;94mpose_controller: dist=13.362m, pose=(2.040,7.530), active=False[0m
[INFO] [1783910948.058555141] [nav_executor]: [0;94mpose_controller: dist=13.340m, pose=(2.028,7.509), active=False[0m
[INFO] [1783910950.058709048] [nav_executor]: [0;94mpose_controller: dist=13.356m, pose=(2.027,7.526), active=False[0m
[INFO] [1783910952.258744112] [nav_executor]: [0;94mpose_controller: dist=13.356m, pose=(2.042,7.524), active=False[0m
[INFO] [1783910954.458514369] [nav_executor]: [0;94mpose_controller: dist=13.337m, pose=(2.027,7.506), active=False[0m
[INFO] [1783910956.458532619] [nav_executor]: [0;94mpose_controller: dist=13.350m, pose=(2.032,7.519), active=False[0m
[INFO] [1783910958.658537535] [nav_executor]: [0;94mpose_controller: dist=13.334m, pose=(2.027,7.504), active=False[0m
[INFO] [1783910960.658676944] [nav_executor]: [0;94mpose_controller: dist=13.353m, pose=(2.025,7.523), active=False[0m
[INFO] [1783910962.858528386] [nav_executor]: [0;94mpose_controller: dist=13.343m, pose=(2.022,7.513), active=False[0m
[INFO] [1783910964.858562273] [nav_executor]: [0;94mpose_controller: dist=13.342m, pose=(2.047,7.509), active=False[0m
[INFO] [1783910967.058524325] [nav_executor]: [0;94mpose_controller: dist=13.336m, pose=(2.028,7.506), active=False[0m
[INFO] [1783910969.058526351] [nav_executor]: [0;94mpose_controller: dist=13.340m, pose=(2.032,7.509), active=False[0m
[INFO] [1783910971.058904726] [nav_executor]: [0;94mpose_controller: dist=13.351m, pose=(2.047,7.517), active=False[0m
[INFO] [1783910973.058890753] [nav_executor]: [0;94mpose_controller: dist=13.340m, pose=(2.049,7.507), active=False[0m
[INFO] [1783910975.058903182] [nav_executor]: [0;94mpose_controller: dist=13.361m, pose=(2.040,7.529), active=False[0m
[INFO] [1783910977.258515519] [nav_executor]: [0;94mpose_controller: dist=13.354m, pose=(2.030,7.523), active=False[0m
[INFO] [1783910979.258627874] [nav_executor]: [0;94mpose_controller: dist=13.334m, pose=(2.043,7.502), active=False[0m
[INFO] [1783910981.458771312] [nav_executor]: [0;94mpose_controller: dist=13.351m, pose=(2.054,7.517), active=False[0m
[INFO] [1783910983.658509057] [nav_executor]: [0;94mpose_controller: dist=13.362m, pose=(2.040,7.530), active=False[0m
[INFO] [1783910985.658513994] [nav_executor]: [0;94mpose_controller: dist=13.345m, pose=(2.035,7.513), active=False[0m
[INFO] [1783910987.658542693] [nav_executor]: [0;94mpose_controller: dist=13.343m, pose=(2.022,7.513), active=False[0m
[INFO] [1783910989.859121755] [nav_executor]: [0;94mpose_controller: dist=13.341m, pose=(2.040,7.509), active=False[0m
[INFO] [1783910992.058523083] [nav_executor]: [0;94mpose_controller: dist=13.349m, pose=(2.032,7.517), active=False[0m
[INFO] [1783910994.058958022] [nav_executor]: [0;94mpose_controller: dist=13.338m, pose=(2.038,7.506), active=False[0m
[INFO] [1783910996.259769505] [nav_executor]: [0;94mpose_controller: dist=13.339m, pose=(2.040,7.506), active=False[0m
[INFO] [1783910998.458532238] [nav_executor]: [0;94mpose_controller: dist=13.340m, pose=(2.031,7.509), active=False[0m
[INFO] [1783911000.458586260] [nav_executor]: [0;94mpose_controller: dist=13.358m, pose=(2.040,7.526), active=False[0m
[INFO] [1783911002.658547991] [nav_executor]: [0;94mpose_controller: dist=13.336m, pose=(2.020,7.507), active=False[0m
[INFO] [1783911004.658653320] [nav_executor]: [0;94mpose_controller: dist=13.345m, pose=(2.033,7.514), active=False[0m
[INFO] [1783911006.659269398] [nav_executor]: [0;94mpose_controller: dist=13.341m, pose=(2.063,7.506), active=False[0m
[INFO] [1783911008.858480498] [nav_executor]: [0;94mpose_controller: dist=13.354m, pose=(2.042,7.522), active=False[0m
[INFO] [1783911010.858532991] [nav_executor]: [0;94mpose_controller: dist=13.366m, pose=(2.037,7.535), active=False[0m
[INFO] [1783911013.058500971] [nav_executor]: [0;94mpose_controller: dist=13.344m, pose=(2.036,7.513), active=False[0m
[INFO] [1783911015.058559689] [nav_executor]: [0;94mpose_controller: dist=13.354m, pose=(2.049,7.521), active=False[0m
[INFO] [1783911017.258476847] [nav_executor]: [0;94mpose_controller: dist=13.352m, pose=(2.027,7.522), active=False[0m
[INFO] [1783911019.258494452] [nav_executor]: [0;94mpose_controller: dist=13.348m, pose=(2.040,7.516), active=False[0m
[INFO] [1783911021.258560202] [nav_executor]: [0;94mpose_controller: dist=13.344m, pose=(2.038,7.512), active=False[0m
[INFO] [1783911023.258519570] [nav_executor]: [0;94mpose_controller: dist=13.347m, pose=(2.030,7.516), active=False[0m
[INFO] [1783911025.458547967] [nav_executor]: [0;94mpose_controller: dist=13.349m, pose=(2.026,7.519), active=False[0m
[INFO] [1783911027.458745350] [nav_executor]: [0;94mpose_controller: dist=13.340m, pose=(2.040,7.507), active=False[0m
[INFO] [1783911029.658507982] [nav_executor]: [0;94mpose_controller: dist=13.346m, pose=(2.029,7.515), active=False[0m
[INFO] [1783911031.658703809] [nav_executor]: [0;94mpose_controller: dist=13.356m, pose=(2.064,7.520), active=False[0m
[INFO] [1783911033.858549705] [nav_executor]: [0;94mpose_controller: dist=13.346m, pose=(2.028,7.515), active=False[0m
[INFO] [1783911036.058651606] [nav_executor]: [0;94mpose_controller: dist=13.360m, pose=(2.044,7.527), active=False[0m
[INFO] [1783911038.058541050] [nav_executor]: [0;94mpose_controller: dist=13.342m, pose=(2.017,7.513), active=False[0m
[INFO] [1783911040.058594382] [nav_executor]: [0;94mpose_controller: dist=13.337m, pose=(2.033,7.505), active=False[0m
[INFO] [1783911042.058992473] [nav_executor]: [0;94mpose_controller: dist=13.352m, pose=(2.034,7.521), active=False[0m
[INFO] [1783911044.258635348] [nav_executor]: [0;94mpose_controller: dist=13.353m, pose=(2.045,7.520), active=False[0m
[INFO] [1783911046.258788634] [nav_executor]: [0;94mpose_controller: dist=13.346m, pose=(2.035,7.515), active=False[0m
[INFO] [1783911048.458546083] [nav_executor]: [0;94mpose_controller: dist=13.339m, pose=(2.034,7.507), active=False[0m
[INFO] [1783911050.458578752] [nav_executor]: [0;94mpose_controller: dist=13.345m, pose=(2.040,7.513), active=False[0m
[INFO] [1783911052.658501689] [nav_executor]: [0;94mpose_controller: dist=13.340m, pose=(2.033,7.509), active=False[0m
[INFO] [1783911054.658835587] [nav_executor]: [0;94mpose_controller: dist=13.338m, pose=(2.031,7.507), active=False[0m
[INFO] [1783911056.858656619] [nav_executor]: [0;94mpose_controller: dist=13.349m, pose=(2.045,7.516), active=False[0m
[INFO] [1783911058.858499104] [nav_executor]: [0;94mpose_controller: dist=13.343m, pose=(2.035,7.511), active=False[0m
[INFO] [1783911060.858928518] [nav_executor]: [0;94mpose_controller: dist=13.357m, pose=(2.039,7.525), active=False[0m
[INFO] [1783911063.058526743] [nav_executor]: [0;94mpose_controller: dist=13.341m, pose=(2.025,7.511), active=False[0m
[INFO] [1783911065.258539536] [nav_executor]: [0;94mpose_controller: dist=13.351m, pose=(2.030,7.520), active=False[0m
[INFO] [1783911067.458608224] [nav_executor]: [0;94mpose_controller: dist=13.351m, pose=(2.043,7.518), active=False[0m
[INFO] [1783911069.458768917] [nav_executor]: [0;94mpose_controller: dist=13.347m, pose=(2.036,7.515), active=False[0m
[INFO] [1783911071.459744601] [nav_executor]: [0;94mpose_controller: dist=13.352m, pose=(2.038,7.520), active=False[0m
[INFO] [1783911073.659021377] [nav_executor]: [0;94mpose_controller: dist=13.352m, pose=(2.035,7.521), active=False[0m
[INFO] [1783911075.659450041] [nav_executor]: [0;94mpose_controller: dist=13.341m, pose=(2.033,7.509), active=False[0m
[INFO] [1783911077.858572231] [nav_executor]: [0;94mpose_controller: dist=13.330m, pose=(2.021,7.501), active=False[0m
[INFO] [1783911080.058810592] [nav_executor]: [0;94mpose_controller: dist=13.339m, pose=(2.015,7.510), active=False[0m
[INFO] [1783911082.258842721] [nav_executor]: [0;94mpose_controller: dist=13.340m, pose=(2.030,7.509), active=False[0m
[INFO] [1783911084.458561294] [nav_executor]: [0;94mpose_controller: dist=13.349m, pose=(2.036,7.517), active=False[0m
[INFO] [1783911086.459157461] [nav_executor]: [0;94mpose_controller: dist=13.355m, pose=(2.047,7.521), active=False[0m
[INFO] [1783911088.658499090] [nav_executor]: [0;94mpose_controller: dist=13.347m, pose=(2.037,7.515), active=False[0m
[INFO] [1783911090.858560582] [nav_executor]: [0;94mpose_controller: dist=13.355m, pose=(2.041,7.523), active=False[0m
[INFO] [1783911093.058999315] [nav_executor]: [0;94mpose_controller: dist=13.343m, pose=(2.029,7.512), active=False[0m
[INFO] [1783911095.258544481] [nav_executor]: [0;94mpose_controller: dist=13.336m, pose=(2.022,7.506), active=False[0m
[INFO] [1783911097.459890841] [nav_executor]: [0;94mpose_controller: dist=13.346m, pose=(2.027,7.515), active=False[0m
[INFO] [1783911099.658549522] [nav_executor]: [0;94mpose_controller: dist=13.345m, pose=(2.026,7.515), active=False[0m
[INFO] [1783911101.659737916] [nav_executor]: [0;94mpose_controller: dist=13.351m, pose=(2.022,7.521), active=False[0m
[INFO] [1783911103.859082483] [nav_executor]: [0;94mpose_controller: dist=13.352m, pose=(2.039,7.520), active=False[0m
[INFO] [1783911106.058520345] [nav_executor]: [0;94mpose_controller: dist=13.341m, pose=(2.047,7.507), active=False[0m
[INFO] [1783911108.060069694] [nav_executor]: [0;94mpose_controller: dist=13.338m, pose=(2.044,7.505), active=False[0m
[INFO] [1783911110.259306474] [nav_executor]: [0;94mpose_controller: dist=13.336m, pose=(2.039,7.504), active=False[0m
[INFO] [1783911112.458594963] [nav_executor]: [0;94mpose_controller: dist=13.339m, pose=(2.030,7.508), active=False[0m
[INFO] [1783911114.658838966] [nav_executor]: [0;94mpose_controller: dist=13.354m, pose=(2.038,7.522), active=False[0m
[INFO] [1783911116.661019966] [nav_executor]: [0;94mpose_controller: dist=13.347m, pose=(2.030,7.516), active=False[0m
[INFO] [1783911118.859021394] [nav_executor]: [0;94mpose_controller: dist=13.342m, pose=(2.053,7.507), active=False[0m
[INFO] [1783911121.058839863] [nav_executor]: [0;94mpose_controller: dist=13.338m, pose=(2.044,7.505), active=False[0m
[INFO] [1783911123.258548298] [nav_executor]: [0;94mpose_controller: dist=13.334m, pose=(2.029,7.503), active=False[0m
[INFO] [1783911125.458589589] [nav_executor]: [0;94mpose_controller: dist=13.349m, pose=(2.016,7.520), active=False[0m
[INFO] [1783911127.458903222] [nav_executor]: [0;94mpose_controller: dist=13.353m, pose=(2.038,7.521), active=False[0m
[INFO] [1783911129.658612949] [nav_executor]: [0;94mpose_controller: dist=13.354m, pose=(2.031,7.523), active=False[0m
[INFO] [1783911131.658750102] [nav_executor]: [0;94mpose_controller: dist=13.347m, pose=(2.041,7.515), active=False[0m
[INFO] [1783911133.859034088] [nav_executor]: [0;94mpose_controller: dist=13.344m, pose=(2.030,7.513), active=False[0m
[INFO] [1783911136.058660334] [nav_executor]: [0;94mpose_controller: dist=13.355m, pose=(2.039,7.523), active=False[0m
[INFO] [1783911138.058809211] [nav_executor]: [0;94mpose_controller: dist=13.347m, pose=(2.029,7.516), active=False[0m
[INFO] [1783911140.059483083] [nav_executor]: [0;94mpose_controller: dist=13.339m, pose=(2.045,7.506), active=False[0m
[INFO] [1783911142.259414858] [nav_executor]: [0;94mpose_controller: dist=13.343m, pose=(2.029,7.512), active=False[0m
[INFO] [1783911144.458518362] [nav_executor]: [0;94mpose_controller: dist=13.340m, pose=(2.032,7.509), active=False[0m
[INFO] [1783911146.458677645] [nav_executor]: [0;94mpose_controller: dist=13.358m, pose=(2.036,7.526), active=False[0m
[INFO] [1783911148.658558051] [nav_executor]: [0;94mpose_controller: dist=13.348m, pose=(2.022,7.518), active=False[0m
[INFO] [1783911150.658799297] [nav_executor]: [0;94mpose_controller: dist=13.332m, pose=(2.016,7.503), active=False[0m
[INFO] [1783911152.658702107] [nav_executor]: [0;94mpose_controller: dist=13.346m, pose=(2.033,7.515), active=False[0m
[INFO] [1783911154.858496709] [nav_executor]: [0;94mpose_controller: dist=13.350m, pose=(2.036,7.518), active=False[0m
[INFO] [1783911156.860951745] [nav_executor]: [0;94mpose_controller: dist=13.346m, pose=(2.043,7.513), active=False[0m
[INFO] [1783911159.058532083] [nav_executor]: [0;94mpose_controller: dist=13.337m, pose=(2.029,7.506), active=False[0m
[INFO] [1783911161.058816959] [nav_executor]: [0;94mpose_controller: dist=13.357m, pose=(2.036,7.526), active=False[0m
[INFO] [1783911163.258636446] [nav_executor]: [0;94mpose_controller: dist=13.348m, pose=(2.036,7.517), active=False[0m
[INFO] [1783911165.258742195] [nav_executor]: [0;94mpose_controller: dist=13.350m, pose=(2.038,7.518), active=False[0m
[INFO] [1783911167.458970120] [nav_executor]: [0;94mpose_controller: dist=13.347m, pose=(2.052,7.513), active=False[0m
[INFO] [1783911169.658516403] [nav_executor]: [0;94mpose_controller: dist=13.340m, pose=(2.035,7.509), active=False[0m
[INFO] [1783911171.658692498] [nav_executor]: [0;94mpose_controller: dist=13.365m, pose=(2.035,7.533), active=False[0m
[INFO] [1783911173.858592289] [nav_executor]: [0;94mpose_controller: dist=13.343m, pose=(2.026,7.513), active=False[0m
[INFO] [1783911175.858545450] [nav_executor]: [0;94mpose_controller: dist=13.348m, pose=(2.048,7.514), active=False[0m
[INFO] [1783911178.058889826] [nav_executor]: [0;94mpose_controller: dist=13.341m, pose=(2.027,7.511), active=False[0m
[INFO] [1783911180.258868846] [nav_executor]: [0;94mpose_controller: dist=13.340m, pose=(2.065,7.504), active=False[0m
[INFO] [1783911182.459375539] [nav_executor]: [0;94mpose_controller: dist=13.335m, pose=(2.031,7.504), active=False[0m
[INFO] [1783911184.658550207] [nav_executor]: [0;94mpose_controller: dist=13.340m, pose=(2.038,7.508), active=False[0m
[INFO] [1783911186.858846694] [nav_executor]: [0;94mpose_controller: dist=13.356m, pose=(2.039,7.524), active=False[0m
[INFO] [1783911189.058597773] [nav_executor]: [0;94mpose_controller: dist=13.355m, pose=(2.025,7.525), active=False[0m
[INFO] [1783911191.058841353] [nav_executor]: [0;94mpose_controller: dist=13.356m, pose=(2.026,7.525), active=False[0m
[INFO] [1783911193.059140516] [nav_executor]: [0;94mpose_controller: dist=13.343m, pose=(2.048,7.509), active=False[0m
[INFO] [1783911195.060425589] [nav_executor]: [0;94mpose_controller: dist=13.358m, pose=(2.037,7.526), active=False[0m
[INFO] [1783911197.259345366] [nav_executor]: [0;94mpose_controller: dist=13.346m, pose=(2.031,7.515), active=False[0m
[INFO] [1783911199.458980504] [nav_executor]: [0;94mpose_controller: dist=13.344m, pose=(2.045,7.511), active=False[0m
[INFO] [1783911201.459191548] [nav_executor]: [0;94mpose_controller: dist=13.339m, pose=(2.035,7.507), active=False[0m
[INFO] [1783911203.461679370] [nav_executor]: [0;94mpose_controller: dist=13.351m, pose=(2.045,7.518), active=False[0m
[INFO] [1783911205.659838324] [nav_executor]: [0;94mpose_controller: dist=13.343m, pose=(2.038,7.511), active=False[0m
[INFO] [1783911207.860676657] [nav_executor]: [0;94mpose_controller: dist=13.343m, pose=(2.034,7.511), active=False[0m
[INFO] [1783911210.060986054] [nav_executor]: [0;94mpose_controller: dist=13.348m, pose=(2.035,7.516), active=False[0m
[INFO] [1783911212.259037352] [nav_executor]: [0;94mpose_controller: dist=13.346m, pose=(2.040,7.514), active=False[0m
[INFO] [1783911214.259718884] [nav_executor]: [0;94mpose_controller: dist=13.335m, pose=(2.024,7.505), active=False[0m
[INFO] [1783911216.458589800] [nav_executor]: [0;94mpose_controller: dist=13.347m, pose=(2.034,7.516), active=False[0m
[INFO] [1783911218.458982786] [nav_executor]: [0;94mpose_controller: dist=13.344m, pose=(2.037,7.512), active=False[0m
[INFO] [1783911220.658504561] [nav_executor]: [0;94mpose_controller: dist=13.339m, pose=(2.027,7.509), active=False[0m
[INFO] [1783911222.658565802] [nav_executor]: [0;94mpose_controller: dist=13.340m, pose=(2.028,7.509), active=False[0m
[INFO] [1783911224.858780408] [nav_executor]: [0;94mpose_controller: dist=13.346m, pose=(2.037,7.514), active=False[0m
[INFO] [1783911226.858953478] [nav_executor]: [0;94mpose_controller: dist=13.345m, pose=(2.033,7.514), active=False[0m
[INFO] [1783911229.058631814] [nav_executor]: [0;94mpose_controller: dist=13.328m, pose=(2.023,7.498), active=False[0m
[INFO] [1783911231.258559327] [nav_executor]: [0;94mpose_controller: dist=13.337m, pose=(2.018,7.507), active=False[0m
[INFO] [1783911233.258705882] [nav_executor]: [0;94mpose_controller: dist=13.345m, pose=(2.035,7.514), active=False[0m
[INFO] [1783911235.459378058] [nav_executor]: [0;94mpose_controller: dist=13.339m, pose=(2.034,7.507), active=False[0m
[INFO] [1783911237.658526364] [nav_executor]: [0;94mpose_controller: dist=13.342m, pose=(2.032,7.511), active=False[0m
[INFO] [1783911239.859132107] [nav_executor]: [0;94mpose_controller: dist=13.344m, pose=(2.034,7.513), active=False[0m
[INFO] [1783911241.858897896] [nav_executor]: [0;94mpose_controller: dist=13.351m, pose=(2.030,7.520), active=False[0m
[INFO] [1783911244.058506209] [nav_executor]: [0;94mpose_controller: dist=13.342m, pose=(2.034,7.511), active=False[0m
[INFO] [1783911246.058533054] [nav_executor]: [0;94mpose_controller: dist=13.331m, pose=(2.030,7.500), active=False[0m
[INFO] [1783911248.058586651] [nav_executor]: [0;94mpose_controller: dist=13.339m, pose=(2.035,7.507), active=False[0m
[INFO] [1783911250.258510677] [nav_executor]: [0;94mpose_controller: dist=13.338m, pose=(2.035,7.506), active=False[0m
[INFO] [1783911252.258823044] [nav_executor]: [0;94mpose_controller: dist=13.338m, pose=(2.030,7.507), active=False[0m
[INFO] [1783911254.459340296] [nav_executor]: [0;94mpose_controller: dist=13.341m, pose=(2.023,7.511), active=False[0m
[INFO] [1783911256.459436584] [nav_executor]: [0;94mpose_controller: dist=13.340m, pose=(2.040,7.507), active=False[0m
[INFO] [1783911258.658815458] [nav_executor]: [0;94mpose_controller: dist=13.342m, pose=(2.048,7.508), active=False[0m
[INFO] [1783911260.858634344] [nav_executor]: [0;94mpose_controller: dist=13.338m, pose=(2.036,7.506), active=False[0m
[INFO] [1783911262.859006147] [nav_executor]: [0;94mpose_controller: dist=13.348m, pose=(2.033,7.517), active=False[0m
[INFO] [1783911264.858777100] [nav_executor]: [0;94mpose_controller: dist=13.346m, pose=(2.042,7.513), active=False[0m
[INFO] [1783911267.059433584] [nav_executor]: [0;94mpose_controller: dist=13.346m, pose=(2.048,7.512), active=False[0m
[INFO] [1783911269.258923104] [nav_executor]: [0;94mpose_controller: dist=13.332m, pose=(2.041,7.500), active=False[0m
[INFO] [1783911271.459172398] [nav_executor]: [0;94mpose_controller: dist=13.341m, pose=(2.054,7.507), active=False[0m
[INFO] [1783911273.658530214] [nav_executor]: [0;94mpose_controller: dist=13.341m, pose=(2.043,7.508), active=False[0m
[INFO] [1783911275.858555933] [nav_executor]: [0;94mpose_controller: dist=13.357m, pose=(2.044,7.524), active=False[0m
[INFO] [1783911277.859561560] [nav_executor]: [0;94mpose_controller: dist=13.355m, pose=(2.049,7.521), active=False[0m
[INFO] [1783911280.058775140] [nav_executor]: [0;94mpose_controller: dist=13.356m, pose=(2.031,7.525), active=False[0m
[INFO] [1783911282.058538677] [nav_executor]: [0;94mpose_controller: dist=13.339m, pose=(2.043,7.506), active=False[0m
[INFO] [1783911284.058999597] [nav_executor]: [0;94mpose_controller: dist=13.350m, pose=(2.056,7.516), active=False[0m
[INFO] [1783911286.059193721] [nav_executor]: [0;94mpose_controller: dist=13.353m, pose=(2.040,7.521), active=False[0m
[INFO] [1783911288.259165379] [nav_executor]: [0;94mpose_controller: dist=13.346m, pose=(2.040,7.513), active=False[0m
[INFO] [1783911290.458557876] [nav_executor]: [0;94mpose_controller: dist=13.345m, pose=(2.050,7.512), active=False[0m
[INFO] [1783911292.658551320] [nav_executor]: [0;94mpose_controller: dist=13.354m, pose=(2.059,7.520), active=False[0m
[INFO] [1783911294.658670185] [nav_executor]: [0;94mpose_controller: dist=13.343m, pose=(2.041,7.511), active=False[0m
[INFO] [1783911296.658602373] [nav_executor]: [0;94mpose_controller: dist=13.338m, pose=(2.041,7.506), active=False[0m
[INFO] [1783911298.658865780] [nav_executor]: [0;94mpose_controller: dist=13.347m, pose=(2.043,7.514), active=False[0m
[INFO] [1783911300.858988074] [nav_executor]: [0;94mpose_controller: dist=13.344m, pose=(2.027,7.514), active=False[0m
[INFO] [1783911303.059277066] [nav_executor]: [0;94mpose_controller: dist=13.345m, pose=(2.045,7.512), active=False[0m
[INFO] [1783911305.258666021] [nav_executor]: [0;94mpose_controller: dist=13.345m, pose=(2.042,7.513), active=False[0m
[INFO] [1783911307.458705863] [nav_executor]: [0;94mpose_controller: dist=13.341m, pose=(2.043,7.508), active=False[0m
[INFO] [1783911309.458927190] [nav_executor]: [0;94mpose_controller: dist=13.342m, pose=(2.048,7.509), active=False[0m
[INFO] [1783911311.658689462] [nav_executor]: [0;94mpose_controller: dist=13.343m, pose=(2.045,7.510), active=False[0m
[INFO] [1783911313.658572098] [nav_executor]: [0;94mpose_controller: dist=13.361m, pose=(2.055,7.527), active=False[0m
[INFO] [1783911315.858879298] [nav_executor]: [0;94mpose_controller: dist=13.341m, pose=(2.032,7.510), active=False[0m
[INFO] [1783911317.858963776] [nav_executor]: [0;94mpose_controller: dist=13.336m, pose=(2.047,7.502), active=False[0m
[INFO] [1783911320.058510497] [nav_executor]: [0;94mpose_controller: dist=13.341m, pose=(2.033,7.510), active=False[0m
[INFO] [1783911322.058830630] [nav_executor]: [0;94mpose_controller: dist=13.343m, pose=(2.039,7.511), active=False[0m
[INFO] [1783911324.058761497] [nav_executor]: [0;94mpose_controller: dist=13.346m, pose=(2.042,7.514), active=False[0m
[INFO] [1783911326.058858768] [nav_executor]: [0;94mpose_controller: dist=13.347m, pose=(2.036,7.515), active=False[0m
[INFO] [1783911328.061154070] [nav_executor]: [0;94mpose_controller: dist=13.343m, pose=(2.040,7.511), active=False[0m
[INFO] [1783911330.259186019] [nav_executor]: [0;94mpose_controller: dist=13.348m, pose=(2.027,7.518), active=False[0m
[INFO] [1783911332.458536998] [nav_executor]: [0;94mpose_controller: dist=13.350m, pose=(2.044,7.517), active=False[0m
[INFO] [1783911334.458881361] [nav_executor]: [0;94mpose_controller: dist=13.343m, pose=(2.038,7.511), active=False[0m
[INFO] [1783911336.658556836] [nav_executor]: [0;94mpose_controller: dist=13.341m, pose=(2.015,7.512), active=False[0m
[INFO] [1783911338.858651092] [nav_executor]: [0;94mpose_controller: dist=13.352m, pose=(2.037,7.520), active=False[0m
[INFO] [1783911341.059057930] [nav_executor]: [0;94mpose_controller: dist=13.348m, pose=(2.023,7.518), active=False[0m
[INFO] [1783911343.059041543] [nav_executor]: [0;94mpose_controller: dist=13.349m, pose=(2.052,7.515), active=False[0m
[INFO] [1783911345.258562445] [nav_executor]: [0;94mpose_controller: dist=13.335m, pose=(2.037,7.503), active=False[0m
[INFO] [1783911347.459076761] [nav_executor]: [0;94mpose_controller: dist=13.336m, pose=(2.041,7.503), active=False[0m
[INFO] [1783911349.658665284] [nav_executor]: [0;94mpose_controller: dist=13.344m, pose=(2.032,7.513), active=False[0m
[INFO] [1783911351.658564619] [nav_executor]: [0;94mpose_controller: dist=13.342m, pose=(2.027,7.512), active=False[0m
[INFO] [1783911353.858565781] [nav_executor]: [0;94mpose_controller: dist=13.357m, pose=(2.047,7.524), active=False[0m
[INFO] [1783911356.058869178] [nav_executor]: [0;94mpose_controller: dist=13.347m, pose=(2.033,7.516), active=False[0m
[INFO] [1783911358.260030011] [nav_executor]: [0;94mpose_controller: dist=13.345m, pose=(2.045,7.512), active=False[0m
[INFO] [1783911360.458560482] [nav_executor]: [0;94mpose_controller: dist=13.350m, pose=(2.038,7.518), active=False[0m
[INFO] [1783911362.458857527] [nav_executor]: [0;94mpose_controller: dist=13.339m, pose=(2.036,7.507), active=False[0m
[INFO] [1783911364.658520852] [nav_executor]: [0;94mpose_controller: dist=13.342m, pose=(2.043,7.510), active=False[0m
[INFO] [1783911366.658554414] [nav_executor]: [0;94mpose_controller: dist=13.340m, pose=(2.029,7.509), active=False[0m
[INFO] [1783911368.659277432] [nav_executor]: [0;94mpose_controller: dist=13.354m, pose=(2.028,7.524), active=False[0m
[INFO] [1783911370.659262796] [nav_executor]: [0;94mpose_controller: dist=13.340m, pose=(2.027,7.509), active=False[0m
[INFO] [1783911372.858548364] [nav_executor]: [0;94mpose_controller: dist=13.361m, pose=(2.062,7.526), active=False[0m
[INFO] [1783911374.858812690] [nav_executor]: [0;94mpose_controller: dist=13.352m, pose=(2.045,7.519), active=False[0m
[INFO] [1783911376.858742772] [nav_executor]: [0;94mpose_controller: dist=13.331m, pose=(2.039,7.499), active=False[0m
[INFO] [1783911378.859671356] [nav_executor]: [0;94mpose_controller: dist=13.345m, pose=(2.043,7.512), active=False[0m
[INFO] [1783911380.859079984] [nav_executor]: [0;94mpose_controller: dist=13.344m, pose=(2.036,7.512), active=False[0m
[INFO] [1783911383.058538894] [nav_executor]: [0;94mpose_controller: dist=13.343m, pose=(2.019,7.513), active=False[0m
[INFO] [1783911385.058522371] [nav_executor]: [0;94mpose_controller: dist=13.337m, pose=(2.028,7.506), active=False[0m
[INFO] [1783911387.058860055] [nav_executor]: [0;94mpose_controller: dist=13.343m, pose=(2.024,7.513), active=False[0m
[INFO] [1783911389.059723914] [nav_executor]: [0;94mpose_controller: dist=13.344m, pose=(2.041,7.512), active=False[0m
[INFO] [1783911391.259288783] [nav_executor]: [0;94mpose_controller: dist=13.359m, pose=(2.057,7.525), active=False[0m
[INFO] [1783911393.458501980] [nav_executor]: [0;94mpose_controller: dist=13.352m, pose=(2.050,7.519), active=False[0m
[INFO] [1783911395.458602096] [nav_executor]: [0;94mpose_controller: dist=13.357m, pose=(2.050,7.524), active=False[0m
[INFO] [1783911397.460668669] [nav_executor]: [0;94mpose_controller: dist=13.352m, pose=(2.027,7.522), active=False[0m
[INFO] [1783911399.658744822] [nav_executor]: [0;94mpose_controller: dist=13.344m, pose=(2.042,7.511), active=False[0m
[INFO] [1783911401.658799408] [nav_executor]: [0;94mpose_controller: dist=13.333m, pose=(2.042,7.500), active=False[0m
[INFO] [1783911403.659201195] [nav_executor]: [0;94mpose_controller: dist=13.356m, pose=(2.030,7.525), active=False[0m
[INFO] [1783911405.858914050] [nav_executor]: [0;94mpose_controller: dist=13.364m, pose=(2.041,7.532), active=False[0m
[INFO] [1783911407.859041558] [nav_executor]: [0;94mpose_controller: dist=13.356m, pose=(2.049,7.523), active=False[0m
[INFO] [1783911410.058532011] [nav_executor]: [0;94mpose_controller: dist=13.349m, pose=(2.049,7.515), active=False[0m
[INFO] [1783911412.058807848] [nav_executor]: [0;94mpose_controller: dist=13.334m, pose=(2.029,7.503), active=False[0m
[INFO] [1783911414.059364293] [nav_executor]: [0;94mpose_controller: dist=13.344m, pose=(2.028,7.514), active=False[0m
[INFO] [1783911416.258533553] [nav_executor]: [0;94mpose_controller: dist=13.347m, pose=(2.044,7.514), active=False[0m
[INFO] [1783911418.258714610] [nav_executor]: [0;94mpose_controller: dist=13.345m, pose=(2.037,7.513), active=False[0m
[INFO] [1783911420.258863397] [nav_executor]: [0;94mpose_controller: dist=13.351m, pose=(2.051,7.517), active=False[0m
[INFO] [1783911422.259909630] [nav_executor]: [0;94mpose_controller: dist=13.338m, pose=(2.028,7.507), active=False[0m
[INFO] [1783911424.260457534] [nav_executor]: [0;94mpose_controller: dist=13.344m, pose=(2.032,7.513), active=False[0m
[INFO] [1783911426.458649257] [nav_executor]: [0;94mpose_controller: dist=13.336m, pose=(2.049,7.502), active=False[0m
[INFO] [1783911428.658705401] [nav_executor]: [0;94mpose_controller: dist=13.345m, pose=(2.035,7.513), active=False[0m
[INFO] [1783911430.858542466] [nav_executor]: [0;94mpose_controller: dist=13.349m, pose=(2.028,7.519), active=False[0m
[INFO] [1783911432.858573457] [nav_executor]: [0;94mpose_controller: dist=13.345m, pose=(2.024,7.515), active=False[0m
[INFO] [1783911435.058554950] [nav_executor]: [0;94mpose_controller: dist=13.353m, pose=(2.045,7.520), active=False[0m
[INFO] [1783911437.261339395] [nav_executor]: [0;94mpose_controller: dist=13.344m, pose=(2.029,7.514), active=False[0m
[INFO] [1783911439.458571325] [nav_executor]: [0;94mpose_controller: dist=13.354m, pose=(2.041,7.521), active=False[0m
[INFO] [1783911441.658501179] [nav_executor]: [0;94mpose_controller: dist=13.339m, pose=(2.042,7.506), active=False[0m
[INFO] [1783911443.658747065] [nav_executor]: [0;94mpose_controller: dist=13.338m, pose=(2.052,7.504), active=False[0m
[INFO] [1783911445.858607274] [nav_executor]: [0;94mpose_controller: dist=13.345m, pose=(2.029,7.514), active=False[0m
[INFO] [1783911447.859001336] [nav_executor]: [0;94mpose_controller: dist=13.350m, pose=(2.033,7.519), active=False[0m
[INFO] [1783911450.058801977] [nav_executor]: [0;94mpose_controller: dist=13.351m, pose=(2.045,7.517), active=False[0m
[INFO] [1783911452.259332080] [nav_executor]: [0;94mpose_controller: dist=13.344m, pose=(2.031,7.513), active=False[0m
[INFO] [1783911454.458858484] [nav_executor]: [0;94mpose_controller: dist=13.335m, pose=(2.032,7.504), active=False[0m
[INFO] [1783911456.459420438] [nav_executor]: [0;94mpose_controller: dist=13.348m, pose=(2.042,7.515), active=False[0m
[INFO] [1783911458.659559879] [nav_executor]: [0;94mpose_controller: dist=13.349m, pose=(2.035,7.518), active=False[0m
[INFO] [1783911460.859297851] [nav_executor]: [0;94mpose_controller: dist=13.353m, pose=(2.041,7.520), active=False[0m
[INFO] [1783911463.058605097] [nav_executor]: [0;94mpose_controller: dist=13.336m, pose=(2.029,7.505), active=False[0m
[INFO] [1783911465.258538752] [nav_executor]: [0;94mpose_controller: dist=13.345m, pose=(2.040,7.513), active=False[0m
[INFO] [1783911467.258569962] [nav_executor]: [0;94mpose_controller: dist=13.340m, pose=(2.028,7.509), active=False[0m
[INFO] [1783911469.258972066] [nav_executor]: [0;94mpose_controller: dist=13.335m, pose=(2.019,7.506), active=False[0m
[INFO] [1783911471.261006440] [nav_executor]: [0;94mpose_controller: dist=13.338m, pose=(2.033,7.507), active=False[0m
[INFO] [1783911473.458969201] [nav_executor]: [0;94mpose_controller: dist=13.346m, pose=(2.032,7.514), active=False[0m
[INFO] [1783911475.658533432] [nav_executor]: [0;94mpose_controller: dist=13.342m, pose=(2.030,7.511), active=False[0m
[INFO] [1783911477.659047242] [nav_executor]: [0;94mpose_controller: dist=13.333m, pose=(2.024,7.503), active=False[0m
[INFO] [1783911479.858658027] [nav_executor]: [0;94mpose_controller: dist=13.350m, pose=(2.016,7.521), active=False[0m
[INFO] [1783911482.058504729] [nav_executor]: [0;94mpose_controller: dist=13.340m, pose=(2.019,7.510), active=False[0m
[INFO] [1783911484.058534872] [nav_executor]: [0;94mpose_controller: dist=13.350m, pose=(2.041,7.518), active=False[0m
[INFO] [1783911486.058566647] [nav_executor]: [0;94mpose_controller: dist=13.334m, pose=(2.029,7.503), active=False[0m
[INFO] [1783911488.058750810] [nav_executor]: [0;94mpose_controller: dist=13.341m, pose=(2.025,7.510), active=False[0m
[INFO] [1783911490.258909336] [nav_executor]: [0;94mpose_controller: dist=13.357m, pose=(2.042,7.525), active=False[0m
[INFO] [1783911492.458553272] [nav_executor]: [0;94mpose_controller: dist=13.338m, pose=(2.024,7.508), active=False[0m
[INFO] [1783911494.458545497] [nav_executor]: [0;94mpose_controller: dist=13.340m, pose=(2.015,7.511), active=False[0m
[INFO] [1783911496.458592252] [nav_executor]: [0;94mpose_controller: dist=13.338m, pose=(2.029,7.508), active=False[0m
[INFO] [1783911498.458701011] [nav_executor]: [0;94mpose_controller: dist=13.344m, pose=(2.043,7.512), active=False[0m
[INFO] [1783911500.459239416] [nav_executor]: [0;94mpose_controller: dist=13.345m, pose=(2.026,7.514), active=False[0m
[INFO] [1783911502.658729006] [nav_executor]: [0;94mpose_controller: dist=13.322m, pose=(2.030,7.491), active=False[0m
[INFO] [1783911504.658670835] [nav_executor]: [0;94mpose_controller: dist=13.320m, pose=(2.018,7.490), active=False[0m
[INFO] [1783911506.659423631] [nav_executor]: [0;94mpose_controller: dist=13.325m, pose=(2.021,7.495), active=False[0m
[INFO] [1783911508.858529285] [nav_executor]: [0;94mpose_controller: dist=13.326m, pose=(2.023,7.496), active=False[0m
[INFO] [1783911510.858628365] [nav_executor]: [0;94mpose_controller: dist=13.318m, pose=(2.023,7.488), active=False[0m
[INFO] [1783911513.060709103] [nav_executor]: [0;94mpose_controller: dist=13.321m, pose=(2.016,7.492), active=False[0m
[INFO] [1783911515.258545772] [nav_executor]: [0;94mpose_controller: dist=13.316m, pose=(2.026,7.485), active=False[0m
[INFO] [1783911517.458585573] [nav_executor]: [0;94mpose_controller: dist=13.314m, pose=(2.005,7.486), active=False[0m
[INFO] [1783911519.458863125] [nav_executor]: [0;94mpose_controller: dist=13.327m, pose=(2.038,7.495), active=False[0m
[INFO] [1783911521.458919274] [nav_executor]: [0;94mpose_controller: dist=13.335m, pose=(2.046,7.501), active=False[0m
[INFO] [1783911523.658749591] [nav_executor]: [0;94mpose_controller: dist=13.332m, pose=(2.030,7.501), active=False[0m
[INFO] [1783911525.659491479] [nav_executor]: [0;94mpose_controller: dist=13.318m, pose=(2.023,7.488), active=False[0m
[INFO] [1783911527.858616759] [nav_executor]: [0;94mpose_controller: dist=13.321m, pose=(2.022,7.491), active=False[0m
[INFO] [1783911529.858604166] [nav_executor]: [0;94mpose_controller: dist=13.322m, pose=(2.028,7.491), active=False[0m
[INFO] [1783911532.058516662] [nav_executor]: [0;94mpose_controller: dist=13.327m, pose=(2.027,7.496), active=False[0m
[INFO] [1783911534.058722271] [nav_executor]: [0;94mpose_controller: dist=13.324m, pose=(2.041,7.491), active=False[0m
[INFO] [1783911536.259591394] [nav_executor]: [0;94mpose_controller: dist=13.324m, pose=(2.041,7.492), active=False[0m
[INFO] [1783911538.458641909] [nav_executor]: [0;94mpose_controller: dist=13.318m, pose=(2.022,7.488), active=False[0m
[INFO] [1783911540.658848922] [nav_executor]: [0;94mpose_controller: dist=13.326m, pose=(2.016,7.497), active=False[0m
[INFO] [1783911542.858519782] [nav_executor]: [0;94mpose_controller: dist=13.318m, pose=(2.024,7.488), active=False[0m
[INFO] [1783911544.858851417] [nav_executor]: [0;94mpose_controller: dist=13.317m, pose=(2.037,7.485), active=False[0m
[INFO] [1783911547.058518423] [nav_executor]: [0;94mpose_controller: dist=13.325m, pose=(2.038,7.493), active=False[0m
[INFO] [1783911549.058953937] [nav_executor]: [0;94mpose_controller: dist=13.329m, pose=(2.037,7.497), active=False[0m
[INFO] [1783911551.258708192] [nav_executor]: [0;94mpose_controller: dist=13.327m, pose=(2.022,7.497), active=False[0m
[INFO] [1783911553.259001894] [nav_executor]: [0;94mpose_controller: dist=13.317m, pose=(2.036,7.485), active=False[0m
[INFO] [1783911555.458756496] [nav_executor]: [0;94mpose_controller: dist=13.326m, pose=(2.032,7.494), active=False[0m
[INFO] [1783911557.462408038] [nav_executor]: [0;94mpose_controller: dist=13.319m, pose=(2.036,7.487), active=False[0m
[INFO] [1783911559.658755669] [nav_executor]: [0;94mpose_controller: dist=13.327m, pose=(2.026,7.497), active=False[0m
[INFO] [1783911561.660201627] [nav_executor]: [0;94mpose_controller: dist=13.323m, pose=(2.038,7.490), active=False[0m
[INFO] [1783911563.663426660] [nav_executor]: [0;94mpose_controller: dist=13.323m, pose=(2.034,7.491), active=False[0m
[INFO] [1783911565.861379175] [nav_executor]: [0;94mpose_controller: dist=13.324m, pose=(2.036,7.492), active=False[0m
[INFO] [1783911568.060175336] [nav_executor]: [0;94mpose_controller: dist=13.324m, pose=(2.027,7.493), active=False[0m
[INFO] [1783911570.258531053] [nav_executor]: [0;94mpose_controller: dist=13.319m, pose=(2.035,7.487), active=False[0m
[INFO] [1783911572.258774888] [nav_executor]: [0;94mpose_controller: dist=13.327m, pose=(2.034,7.496), active=False[0m
[INFO] [1783911574.459090081] [nav_executor]: [0;94mpose_controller: dist=13.322m, pose=(2.032,7.490), active=False[0m
[INFO] [1783911576.658760027] [nav_executor]: [0;94mpose_controller: dist=13.332m, pose=(2.053,7.498), active=False[0m
[INFO] [1783911578.858629108] [nav_executor]: [0;94mpose_controller: dist=13.328m, pose=(2.037,7.495), active=False[0m
[INFO] [1783911580.858808816] [nav_executor]: [0;94mpose_controller: dist=13.334m, pose=(2.035,7.502), active=False[0m
[INFO] [1783911582.859878273] [nav_executor]: [0;94mpose_controller: dist=13.319m, pose=(2.023,7.488), active=False[0m
[INFO] [1783911585.058691563] [nav_executor]: [0;94mpose_controller: dist=13.319m, pose=(2.042,7.486), active=False[0m
[INFO] [1783911587.058677912] [nav_executor]: [0;94mpose_controller: dist=13.333m, pose=(2.028,7.503), active=False[0m
[INFO] [1783911589.060002614] [nav_executor]: [0;94mpose_controller: dist=13.324m, pose=(2.045,7.491), active=False[0m
[INFO] [1783911591.258711815] [nav_executor]: [0;94mpose_controller: dist=13.307m, pose=(2.010,7.478), active=False[0m
[INFO] [1783911593.459571521] [nav_executor]: [0;94mpose_controller: dist=13.319m, pose=(2.029,7.488), active=False[0m
[INFO] [1783911595.659354581] [nav_executor]: [0;94mpose_controller: dist=13.327m, pose=(2.034,7.495), active=False[0m
[INFO] [1783911597.660244368] [nav_executor]: [0;94mpose_controller: dist=13.326m, pose=(2.034,7.494), active=False[0m
[INFO] [1783911599.859330747] [nav_executor]: [0;94mpose_controller: dist=13.325m, pose=(2.022,7.495), active=False[0m
[INFO] [1783911602.058608229] [nav_executor]: [0;94mpose_controller: dist=13.334m, pose=(2.023,7.503), active=False[0m
[INFO] [1783911604.258614601] [nav_executor]: [0;94mpose_controller: dist=13.331m, pose=(2.045,7.498), active=False[0m
[INFO] [1783911606.259170439] [nav_executor]: [0;94mpose_controller: dist=13.328m, pose=(2.019,7.498), active=False[0m
[INFO] [1783911608.458534770] [nav_executor]: [0;94mpose_controller: dist=13.321m, pose=(2.038,7.489), active=False[0m
[INFO] [1783911610.458574316] [nav_executor]: [0;94mpose_controller: dist=13.324m, pose=(2.022,7.494), active=False[0m
[INFO] [1783911612.658543658] [nav_executor]: [0;94mpose_controller: dist=13.326m, pose=(2.042,7.494), active=False[0m
[INFO] [1783911614.658579603] [nav_executor]: [0;94mpose_controller: dist=13.326m, pose=(2.038,7.494), active=False[0m
[INFO] [1783911616.659102766] [nav_executor]: [0;94mpose_controller: dist=13.337m, pose=(2.023,7.507), active=False[0m
[INFO] [1783911618.858895431] [nav_executor]: [0;94mpose_controller: dist=13.325m, pose=(2.031,7.494), active=False[0m
[INFO] [1783911620.858610726] [nav_executor]: [0;94mpose_controller: dist=13.321m, pose=(2.022,7.491), active=False[0m
[INFO] [1783911623.058529652] [nav_executor]: [0;94mpose_controller: dist=13.325m, pose=(2.023,7.495), active=False[0m
[INFO] [1783911625.058538425] [nav_executor]: [0;94mpose_controller: dist=13.323m, pose=(2.036,7.491), active=False[0m
[INFO] [1783911627.058848716] [nav_executor]: [0;94mpose_controller: dist=13.326m, pose=(2.021,7.496), active=False[0m
[INFO] [1783911629.060077997] [nav_executor]: [0;94mpose_controller: dist=13.344m, pose=(2.025,7.514), active=False[0m
[INFO] [1783911631.259917782] [nav_executor]: [0;94mpose_controller: dist=13.322m, pose=(2.026,7.491), active=False[0m
[INFO] [1783911633.458940654] [nav_executor]: [0;94mpose_controller: dist=13.320m, pose=(2.032,7.488), active=False[0m
[INFO] [1783911635.459478156] [nav_executor]: [0;94mpose_controller: dist=13.315m, pose=(2.027,7.484), active=False[0m
[INFO] [1783911637.460886421] [nav_executor]: [0;94mpose_controller: dist=13.329m, pose=(2.026,7.499), active=False[0m
[INFO] [1783911639.659852058] [nav_executor]: [0;94mpose_controller: dist=13.329m, pose=(2.044,7.496), active=False[0m
[INFO] [1783911641.858597906] [nav_executor]: [0;94mpose_controller: dist=13.323m, pose=(2.037,7.490), active=False[0m
[INFO] [1783911643.858699315] [nav_executor]: [0;94mpose_controller: dist=13.313m, pose=(2.033,7.482), active=False[0m
[INFO] [1783911645.859022104] [nav_executor]: [0;94mpose_controller: dist=13.313m, pose=(2.034,7.481), active=False[0m
[INFO] [1783911648.059130810] [nav_executor]: [0;94mpose_controller: dist=13.325m, pose=(2.029,7.494), active=False[0m
[INFO] [1783911650.059202271] [nav_executor]: [0;94mpose_controller: dist=13.322m, pose=(2.040,7.490), active=False[0m
[INFO] [1783911652.259659585] [nav_executor]: [0;94mpose_controller: dist=13.326m, pose=(2.034,7.495), active=False[0m
[INFO] [1783911654.460808840] [nav_executor]: [0;94mpose_controller: dist=13.335m, pose=(2.034,7.503), active=False[0m
[INFO] [1783911656.659845121] [nav_executor]: [0;94mpose_controller: dist=13.325m, pose=(2.025,7.495), active=False[0m
[INFO] [1783911658.858565806] [nav_executor]: [0;94mpose_controller: dist=13.327m, pose=(2.036,7.495), active=False[0m
[INFO] [1783911660.858841999] [nav_executor]: [0;94mpose_controller: dist=13.323m, pose=(2.032,7.492), active=False[0m
[INFO] [1783911663.058608178] [nav_executor]: [0;94mpose_controller: dist=13.323m, pose=(2.039,7.490), active=False[0m
[INFO] [1783911665.258634998] [nav_executor]: [0;94mpose_controller: dist=13.311m, pose=(2.023,7.481), active=False[0m
[INFO] [1783911667.259224372] [nav_executor]: [0;94mpose_controller: dist=13.324m, pose=(2.057,7.489), active=False[0m
[INFO] [1783911669.459036590] [nav_executor]: [0;94mpose_controller: dist=13.330m, pose=(2.029,7.499), active=False[0m
[INFO] [1783911671.658767009] [nav_executor]: [0;94mpose_controller: dist=13.326m, pose=(2.027,7.496), active=False[0m
[INFO] [1783911673.658625205] [nav_executor]: [0;94mpose_controller: dist=13.322m, pose=(2.027,7.491), active=False[0m
[INFO] [1783911675.858701152] [nav_executor]: [0;94mpose_controller: dist=13.314m, pose=(2.033,7.483), active=False[0m
