[INFO] [1784153952.570281182] [orange_pole_detector]: orange_pole_detector started: color=/camera/color/image_raw, depth=/camera/aligned_depth_to_color/image_raw, camera_info=/camera/color/camera_info, hsv_lower=[5, 70, 70], hsv_upper=[30, 255, 255], trigger_distance=1.45m, camera_height=0.23m, depth_percentile=25.0, distance_bias=0.000m
[INFO] [1784153952.572857985] [orange_pole_detector]: 已收到第一帧对齐深度图: topic=/camera/aligned_depth_to_color/image_raw, frame=camera_color_optical_frame, shape=(240, 424)
[INFO] [1784153953.183260150] [orange_pole_detector]: [1;95m触发状态更新: trigger=False[0m
[INFO] [1784153953.194838959] [orange_pole_detector]: [0;33m未检测到有效橘色竖杆: candidates=0, frame=1, hsv_lower=[5, 70, 70], hsv_upper=[30, 255, 255][0m
[INFO] [1784153954.185194870] [orange_pole_detector]: [0;33m未检测到有效橘色竖杆: candidates=0, frame=17, hsv_lower=[5, 70, 70], hsv_upper=[30, 255, 255][0m
[INFO] [1784153955.191447396] [orange_pole_detector]: [0;33m未检测到有效橘色竖杆: candidates=0, frame=32, hsv_lower=[5, 70, 70], hsv_upper=[30, 255, 255][0m
[INFO] [1784153956.245673013] [orange_pole_detector]: [0;33m未检测到有效橘色竖杆: candidates=0, frame=48, hsv_lower=[5, 70, 70], hsv_upper=[30, 255, 255][0m
[INFO] [1784153957.252239765] [orange_pole_detector]: [0;33m未检测到有效橘色竖杆: candidates=0, frame=63, hsv_lower=[5, 70, 70], hsv_upper=[30, 255, 255][0m
[INFO] [1784153958.326835129] [orange_pole_detector]: [0;33m未检测到有效橘色竖杆: candidates=0, frame=77, hsv_lower=[5, 70, 70], hsv_upper=[30, 255, 255][0m
[INFO] [1784153959.318256995] [orange_pole_detector]: [0;33m未检测到有效橘色竖杆: candidates=0, frame=92, hsv_lower=[5, 70, 70], hsv_upper=[30, 255, 255][0m
[INFO] [1784153960.327790163] [orange_pole_detector]: [0;33m未检测到有效橘色竖杆: candidates=0, frame=107, hsv_lower=[5, 70, 70], hsv_upper=[30, 255, 255][0m
[INFO] [1784153961.385305493] [orange_pole_detector]: [0;33m未检测到有效橘色竖杆: candidates=0, frame=116, hsv_lower=[5, 70, 70], hsv_upper=[30, 255, 255][0m
[INFO] [1784153962.375894407] [orange_pole_detector]: [0;33m未检测到有效橘色竖杆: candidates=0, frame=131, hsv_lower=[5, 70, 70], hsv_upper=[30, 255, 255][0m
[INFO] [1784153963.376953898] [orange_pole_detector]: [0;33m未检测到有效橘色竖杆: candidates=0, frame=146, hsv_lower=[5, 70, 70], hsv_upper=[30, 255, 255][0m
[INFO] [1784153964.389672937] [orange_pole_detector]: [0;33m未检测到有效橘色竖杆: candidates=0, frame=161, hsv_lower=[5, 70, 70], hsv_upper=[30, 255, 255][0m
[INFO] [1784153965.856616248] [orange_pole_detector]: [0;33m未检测到有效橘色竖杆: candidates=0, frame=173, hsv_lower=[5, 70, 70], hsv_upper=[30, 255, 255][0m
[INFO] [1784153966.831965056] [orange_pole_detector]: [0;33m未检测到有效橘色竖杆: candidates=0, frame=187, hsv_lower=[5, 70, 70], hsv_upper=[30, 255, 255][0m
[INFO] [1784153967.861221409] [orange_pole_detector]: [0;33m未检测到有效橘色竖杆: candidates=0, frame=200, hsv_lower=[5, 70, 70], hsv_upper=[30, 255, 255][0m
[INFO] [1784153968.946779796] [orange_pole_detector]: [0;33m未检测到有效橘色竖杆: candidates=0, frame=211, hsv_lower=[5, 70, 70], hsv_upper=[30, 255, 255][0m
[INFO] [1784153970.057392090] [orange_pole_detector]: [0;33m未检测到有效橘色竖杆: candidates=0, frame=224, hsv_lower=[5, 70, 70], hsv_upper=[30, 255, 255][0m
[INFO] [1784153971.071339828] [orange_pole_detector]: [0;33m未检测到有效橘色竖杆: candidates=0, frame=240, hsv_lower=[5, 70, 70], hsv_upper=[30, 255, 255][0m
[INFO] [1784153972.091166967] [orange_pole_detector]: [0;33m未检测到有效橘色竖杆: candidates=0, frame=255, hsv_lower=[5, 70, 70], hsv_upper=[30, 255, 255][0m
[INFO] [1784153973.137641192] [orange_pole_detector]: [0;33m未检测到有效橘色竖杆: candidates=0, frame=270, hsv_lower=[5, 70, 70], hsv_upper=[30, 255, 255][0m
[INFO] [1784153974.179176120] [orange_pole_detector]: [0;33m未检测到有效橘色竖杆: candidates=0, frame=283, hsv_lower=[5, 70, 70], hsv_upper=[30, 255, 255][0m
[INFO] [1784153975.140524096] [orange_pole_detector]: [0;33m未检测到有效橘色竖杆: candidates=0, frame=294, hsv_lower=[5, 70, 70], hsv_upper=[30, 255, 255][0m
[INFO] [1784153976.189137435] [orange_pole_detector]: [0;33m未检测到有效橘色竖杆: candidates=0, frame=308, hsv_lower=[5, 70, 70], hsv_upper=[30, 255, 255][0m
[INFO] [1784153977.192291296] [orange_pole_detector]: [0;33m未检测到有效橘色竖杆: candidates=0, frame=323, hsv_lower=[5, 70, 70], hsv_upper=[30, 255, 255][0m
[INFO] [1784153978.258881823] [orange_pole_detector]: [0;33m未检测到有效橘色竖杆: candidates=0, frame=339, hsv_lower=[5, 70, 70], hsv_upper=[30, 255, 255][0m
[INFO] [1784153979.269299983] [orange_pole_detector]: [0;33m未检测到有效橘色竖杆: candidates=0, frame=353, hsv_lower=[5, 70, 70], hsv_upper=[30, 255, 255][0m
[INFO] [1784153980.327281003] [orange_pole_detector]: [0;33m未检测到有效橘色竖杆: candidates=0, frame=369, hsv_lower=[5, 70, 70], hsv_upper=[30, 255, 255][0m
[INFO] [1784153981.403372194] [orange_pole_detector]: [0;33m未检测到有效橘色竖杆: candidates=0, frame=380, hsv_lower=[5, 70, 70], hsv_upper=[30, 255, 255][0m
[INFO] [1784153982.422264540] [orange_pole_detector]: [0;33m未检测到有效橘色竖杆: candidates=0, frame=391, hsv_lower=[5, 70, 70], hsv_upper=[30, 255, 255][0m
[INFO] [1784153983.502012966] [orange_pole_detector]: [0;33m未检测到有效橘色竖杆: candidates=0, frame=402, hsv_lower=[5, 70, 70], hsv_upper=[30, 255, 255][0m
[INFO] [1784153984.539629101] [orange_pole_detector]: [0;33m未检测到有效橘色竖杆: candidates=0, frame=417, hsv_lower=[5, 70, 70], hsv_upper=[30, 255, 255][0m
[INFO] [1784153985.623734878] [orange_pole_detector]: [0;33m未检测到有效橘色竖杆: candidates=0, frame=429, hsv_lower=[5, 70, 70], hsv_upper=[30, 255, 255][0m
[INFO] [1784153986.686551397] [orange_pole_detector]: [0;33m未检测到有效橘色竖杆: candidates=0, frame=444, hsv_lower=[5, 70, 70], hsv_upper=[30, 255, 255][0m
[INFO] [1784153987.740646072] [orange_pole_detector]: [0;33m未检测到有效橘色竖杆: candidates=0, frame=459, hsv_lower=[5, 70, 70], hsv_upper=[30, 255, 255][0m
[INFO] [1784153988.806892234] [orange_pole_detector]: [0;33m未检测到有效橘色竖杆: candidates=0, frame=474, hsv_lower=[5, 70, 70], hsv_upper=[30, 255, 255][0m
[INFO] [1784153989.832498818] [orange_pole_detector]: [0;33m未检测到有效橘色竖杆: candidates=0, frame=488, hsv_lower=[5, 70, 70], hsv_upper=[30, 255, 255][0m
[INFO] [1784153990.891683751] [orange_pole_detector]: [0;33m未检测到有效橘色竖杆: candidates=0, frame=502, hsv_lower=[5, 70, 70], hsv_upper=[30, 255, 255][0m
[INFO] [1784153991.941290626] [orange_pole_detector]: [0;33m未检测到有效橘色竖杆: candidates=0, frame=518, hsv_lower=[5, 70, 70], hsv_upper=[30, 255, 255][0m
[INFO] [1784153993.010251024] [orange_pole_detector]: [0;33m未检测到有效橘色竖杆: candidates=0, frame=533, hsv_lower=[5, 70, 70], hsv_upper=[30, 255, 255][0m
[INFO] [1784153994.074102479] [orange_pole_detector]: [0;33m未检测到有效橘色竖杆: candidates=0, frame=546, hsv_lower=[5, 70, 70], hsv_upper=[30, 255, 255][0m
[INFO] [1784153995.085460980] [orange_pole_detector]: [0;33m未检测到有效橘色竖杆: candidates=0, frame=560, hsv_lower=[5, 70, 70], hsv_upper=[30, 255, 255][0m
[INFO] [1784153996.146527903] [orange_pole_detector]: [0;33m未检测到有效橘色竖杆: candidates=0, frame=576, hsv_lower=[5, 70, 70], hsv_upper=[30, 255, 255][0m
[INFO] [1784153997.159667532] [orange_pole_detector]: [0;33m未检测到有效橘色竖杆: candidates=0, frame=590, hsv_lower=[5, 70, 70], hsv_upper=[30, 255, 255][0m
[INFO] [1784153998.167466191] [orange_pole_detector]: [0;33m未检测到有效橘色竖杆: candidates=0, frame=605, hsv_lower=[5, 70, 70], hsv_upper=[30, 255, 255][0m
[INFO] [1784153999.212465262] [orange_pole_detector]: [0;33m未检测到有效橘色竖杆: candidates=0, frame=618, hsv_lower=[5, 70, 70], hsv_upper=[30, 255, 255][0m
[INFO] [1784154000.280562787] [orange_pole_detector]: [0;33m未检测到有效橘色竖杆: candidates=0, frame=634, hsv_lower=[5, 70, 70], hsv_upper=[30, 255, 255][0m
[INFO] [1784154001.290136107] [orange_pole_detector]: [0;33m未检测到有效橘色竖杆: candidates=0, frame=649, hsv_lower=[5, 70, 70], hsv_upper=[30, 255, 255][0m
[INFO] [1784154002.284358011] [orange_pole_detector]: [0;33m未检测到有效橘色竖杆: candidates=0, frame=663, hsv_lower=[5, 70, 70], hsv_upper=[30, 255, 255][0m
[INFO] [1784154003.363784479] [orange_pole_detector]: [0;33m未检测到有效橘色竖杆: candidates=0, frame=677, hsv_lower=[5, 70, 70], hsv_upper=[30, 255, 255][0m
[INFO] [1784154004.484000290] [orange_pole_detector]: [0;33m未检测到有效橘色竖杆: candidates=0, frame=693, hsv_lower=[5, 70, 70], hsv_upper=[30, 255, 255][0m
[INFO] [1784154005.558587286] [orange_pole_detector]: [0;33m未检测到有效橘色竖杆: candidates=0, frame=703, hsv_lower=[5, 70, 70], hsv_upper=[30, 255, 255][0m
[INFO] [1784154006.611512469] [orange_pole_detector]: [0;33m未检测到有效橘色竖杆: candidates=0, frame=719, hsv_lower=[5, 70, 70], hsv_upper=[30, 255, 255][0m
[INFO] [1784154007.614343779] [orange_pole_detector]: [0;33m未检测到有效橘色竖杆: candidates=0, frame=734, hsv_lower=[5, 70, 70], hsv_upper=[30, 255, 255][0m
[INFO] [1784154008.677842277] [orange_pole_detector]: [0;33m未检测到有效橘色竖杆: candidates=0, frame=750, hsv_lower=[5, 70, 70], hsv_upper=[30, 255, 255][0m
[INFO] [1784154009.679060039] [orange_pole_detector]: [0;33m未检测到有效橘色竖杆: candidates=0, frame=765, hsv_lower=[5, 70, 70], hsv_upper=[30, 255, 255][0m
[INFO] [1784154010.684343640] [orange_pole_detector]: [0;33m未检测到有效橘色竖杆: candidates=0, frame=780, hsv_lower=[5, 70, 70], hsv_upper=[30, 255, 255][0m
[INFO] [1784154011.749214945] [orange_pole_detector]: [0;33m未检测到有效橘色竖杆: candidates=0, frame=796, hsv_lower=[5, 70, 70], hsv_upper=[30, 255, 255][0m
[INFO] [1784154012.812945594] [orange_pole_detector]: [0;33m未检测到有效橘色竖杆: candidates=0, frame=812, hsv_lower=[5, 70, 70], hsv_upper=[30, 255, 255][0m
[INFO] [1784154013.814814011] [orange_pole_detector]: [0;33m未检测到有效橘色竖杆: candidates=0, frame=827, hsv_lower=[5, 70, 70], hsv_upper=[30, 255, 255][0m
[INFO] [1784154014.815281772] [orange_pole_detector]: [0;33m未检测到有效橘色竖杆: candidates=0, frame=842, hsv_lower=[5, 70, 70], hsv_upper=[30, 255, 255][0m
[INFO] [1784154015.818678236] [orange_pole_detector]: [0;33m未检测到有效橘色竖杆: candidates=0, frame=857, hsv_lower=[5, 70, 70], hsv_upper=[30, 255, 255][0m
[INFO] [1784154016.816547964] [orange_pole_detector]: [0;33m未检测到有效橘色竖杆: candidates=0, frame=872, hsv_lower=[5, 70, 70], hsv_upper=[30, 255, 255][0m
[INFO] [1784154017.816700971] [orange_pole_detector]: [0;33m未检测到有效橘色竖杆: candidates=0, frame=887, hsv_lower=[5, 70, 70], hsv_upper=[30, 255, 255][0m
[INFO] [1784154018.817779001] [orange_pole_detector]: [0;33m未检测到有效橘色竖杆: candidates=0, frame=902, hsv_lower=[5, 70, 70], hsv_upper=[30, 255, 255][0m
[INFO] [1784154019.826270675] [orange_pole_detector]: [0;33m未检测到有效橘色竖杆: candidates=0, frame=917, hsv_lower=[5, 70, 70], hsv_upper=[30, 255, 255][0m
[INFO] [1784154020.895426198] [orange_pole_detector]: [0;33m未检测到有效橘色竖杆: candidates=0, frame=933, hsv_lower=[5, 70, 70], hsv_upper=[30, 255, 255][0m
[INFO] [1784154021.958602638] [orange_pole_detector]: [0;33m未检测到有效橘色竖杆: candidates=0, frame=948, hsv_lower=[5, 70, 70], hsv_upper=[30, 255, 255][0m
[INFO] [1784154023.023602618] [orange_pole_detector]: [0;33m未检测到有效橘色竖杆: candidates=0, frame=964, hsv_lower=[5, 70, 70], hsv_upper=[30, 255, 255][0m
[INFO] [1784154024.023991712] [orange_pole_detector]: [0;33m未检测到有效橘色竖杆: candidates=0, frame=979, hsv_lower=[5, 70, 70], hsv_upper=[30, 255, 255][0m
[INFO] [1784154025.093882731] [orange_pole_detector]: [0;33m未检测到有效橘色竖杆: candidates=0, frame=995, hsv_lower=[5, 70, 70], hsv_upper=[30, 255, 255][0m
[INFO] [1784154026.102482586] [orange_pole_detector]: [0;33m未检测到有效橘色竖杆: candidates=0, frame=1010, hsv_lower=[5, 70, 70], hsv_upper=[30, 255, 255][0m
[INFO] [1784154027.325236521] [orange_pole_detector]: [0;33m未检测到有效橘色竖杆: candidates=0, frame=1020, hsv_lower=[5, 70, 70], hsv_upper=[30, 255, 255][0m
[INFO] [1784154028.318427381] [orange_pole_detector]: [0;33m未检测到有效橘色竖杆: candidates=0, frame=1030, hsv_lower=[5, 70, 70], hsv_upper=[30, 255, 255][0m
[INFO] [1784154029.374150785] [orange_pole_detector]: [0;33m未检测到有效橘色竖杆: candidates=0, frame=1044, hsv_lower=[5, 70, 70], hsv_upper=[30, 255, 255][0m
[INFO] [1784154030.453713166] [orange_pole_detector]: [0;33m未检测到有效橘色竖杆: candidates=0, frame=1060, hsv_lower=[5, 70, 70], hsv_upper=[30, 255, 255][0m
[INFO] [1784154031.511846918] [orange_pole_detector]: [0;33m未检测到有效橘色竖杆: candidates=0, frame=1076, hsv_lower=[5, 70, 70], hsv_upper=[30, 255, 255][0m
[INFO] [1784154032.565846598] [orange_pole_detector]: [0;33m未检测到有效橘色竖杆: candidates=0, frame=1091, hsv_lower=[5, 70, 70], hsv_upper=[30, 255, 255][0m
[INFO] [1784154033.566351007] [orange_pole_detector]: [0;33m未检测到有效橘色竖杆: candidates=0, frame=1105, hsv_lower=[5, 70, 70], hsv_upper=[30, 255, 255][0m
[INFO] [1784154034.644853413] [orange_pole_detector]: [0;33m未检测到有效橘色竖杆: candidates=0, frame=1121, hsv_lower=[5, 70, 70], hsv_upper=[30, 255, 255][0m
[INFO] [1784154035.644859729] [orange_pole_detector]: [0;33m未检测到有效橘色竖杆: candidates=0, frame=1135, hsv_lower=[5, 70, 70], hsv_upper=[30, 255, 255][0m
[INFO] [1784154036.656732888] [orange_pole_detector]: [0;33m未检测到有效橘色竖杆: candidates=0, frame=1149, hsv_lower=[5, 70, 70], hsv_upper=[30, 255, 255][0m
[INFO] [1784154037.726425881] [orange_pole_detector]: [0;33m未检测到有效橘色竖杆: candidates=0, frame=1162, hsv_lower=[5, 70, 70], hsv_upper=[30, 255, 255][0m
[INFO] [1784154038.722657505] [orange_pole_detector]: [0;33m未检测到有效橘色竖杆: candidates=0, frame=1177, hsv_lower=[5, 70, 70], hsv_upper=[30, 255, 255][0m
[INFO] [1784154039.723885903] [orange_pole_detector]: [0;33m未检测到有效橘色竖杆: candidates=0, frame=1190, hsv_lower=[5, 70, 70], hsv_upper=[30, 255, 255][0m
[INFO] [1784154040.717491526] [orange_pole_detector]: [0;33m未检测到有效橘色竖杆: candidates=0, frame=1205, hsv_lower=[5, 70, 70], hsv_upper=[30, 255, 255][0m
[INFO] [1784154041.796388185] [orange_pole_detector]: [0;33m未检测到有效橘色竖杆: candidates=0, frame=1221, hsv_lower=[5, 70, 70], hsv_upper=[30, 255, 255][0m
[INFO] [1784154042.859254208] [orange_pole_detector]: [0;33m未检测到有效橘色竖杆: candidates=0, frame=1236, hsv_lower=[5, 70, 70], hsv_upper=[30, 255, 255][0m
[INFO] [1784154043.937078003] [orange_pole_detector]: [0;33m未检测到有效橘色竖杆: candidates=0, frame=1251, hsv_lower=[5, 70, 70], hsv_upper=[30, 255, 255][0m
[INFO] [1784154044.932754266] [orange_pole_detector]: [0;33m未检测到有效橘色竖杆: candidates=0, frame=1265, hsv_lower=[5, 70, 70], hsv_upper=[30, 255, 255][0m
[INFO] [1784154046.004609865] [orange_pole_detector]: [0;33m未检测到有效橘色竖杆: candidates=0, frame=1281, hsv_lower=[5, 70, 70], hsv_upper=[30, 255, 255][0m
[INFO] [1784154047.053150366] [orange_pole_detector]: [0;33m未检测到有效橘色竖杆: candidates=0, frame=1297, hsv_lower=[5, 70, 70], hsv_upper=[30, 255, 255][0m
[INFO] [1784154048.060939331] [orange_pole_detector]: [0;33m未检测到有效橘色竖杆: candidates=0, frame=1312, hsv_lower=[5, 70, 70], hsv_upper=[30, 255, 255][0m
[INFO] [1784154049.189761595] [orange_pole_detector]: [0;33m未检测到有效橘色竖杆: candidates=0, frame=1326, hsv_lower=[5, 70, 70], hsv_upper=[30, 255, 255][0m
[INFO] [1784154050.200812250] [orange_pole_detector]: [0;33m未检测到有效橘色竖杆: candidates=0, frame=1339, hsv_lower=[5, 70, 70], hsv_upper=[30, 255, 255][0m
[INFO] [1784154051.252990870] [orange_pole_detector]: [0;33m未检测到有效橘色竖杆: candidates=0, frame=1354, hsv_lower=[5, 70, 70], hsv_upper=[30, 255, 255][0m
[INFO] [1784154052.400568219] [orange_pole_detector]: [0;33m未检测到有效橘色竖杆: candidates=0, frame=1369, hsv_lower=[5, 70, 70], hsv_upper=[30, 255, 255][0m
[INFO] [1784154053.393734519] [orange_pole_detector]: [0;33m未检测到有效橘色竖杆: candidates=0, frame=1383, hsv_lower=[5, 70, 70], hsv_upper=[30, 255, 255][0m
[INFO] [1784154054.430342668] [orange_pole_detector]: [0;33m未检测到有效橘色竖杆: candidates=0, frame=1394, hsv_lower=[5, 70, 70], hsv_upper=[30, 255, 255][0m
[INFO] [1784154055.505935700] [orange_pole_detector]: [0;33m未检测到有效橘色竖杆: candidates=0, frame=1408, hsv_lower=[5, 70, 70], hsv_upper=[30, 255, 255][0m
[INFO] [1784154056.540309115] [orange_pole_detector]: [0;33m未检测到有效橘色竖杆: candidates=0, frame=1423, hsv_lower=[5, 70, 70], hsv_upper=[30, 255, 255][0m
[INFO] [1784154057.583393838] [orange_pole_detector]: [0;33m未检测到有效橘色竖杆: candidates=0, frame=1436, hsv_lower=[5, 70, 70], hsv_upper=[30, 255, 255][0m
[INFO] [1784154058.583840067] [orange_pole_detector]: [0;33m未检测到有效橘色竖杆: candidates=0, frame=1451, hsv_lower=[5, 70, 70], hsv_upper=[30, 255, 255][0m
[INFO] [1784154059.587554230] [orange_pole_detector]: [0;33m未检测到有效橘色竖杆: candidates=0, frame=1466, hsv_lower=[5, 70, 70], hsv_upper=[30, 255, 255][0m
[INFO] [1784154060.651711303] [orange_pole_detector]: [0;33m未检测到有效橘色竖杆: candidates=0, frame=1482, hsv_lower=[5, 70, 70], hsv_upper=[30, 255, 255][0m
[INFO] [1784154061.659329248] [orange_pole_detector]: [0;33m未检测到有效橘色竖杆: candidates=0, frame=1497, hsv_lower=[5, 70, 70], hsv_upper=[30, 255, 255][0m
[INFO] [1784154062.720182092] [orange_pole_detector]: [0;33m未检测到有效橘色竖杆: candidates=0, frame=1512, hsv_lower=[5, 70, 70], hsv_upper=[30, 255, 255][0m
[INFO] [1784154063.721085941] [orange_pole_detector]: [0;33m未检测到有效橘色竖杆: candidates=0, frame=1527, hsv_lower=[5, 70, 70], hsv_upper=[30, 255, 255][0m
[INFO] [1784154064.725963806] [orange_pole_detector]: [0;33m未检测到有效橘色竖杆: candidates=0, frame=1542, hsv_lower=[5, 70, 70], hsv_upper=[30, 255, 255][0m
[INFO] [1784154065.796607167] [orange_pole_detector]: [0;33m未检测到有效橘色竖杆: candidates=0, frame=1558, hsv_lower=[5, 70, 70], hsv_upper=[30, 255, 255][0m
[INFO] [1784154066.793007558] [orange_pole_detector]: [0;33m未检测到有效橘色竖杆: candidates=0, frame=1573, hsv_lower=[5, 70, 70], hsv_upper=[30, 255, 255][0m
[INFO] [1784154067.799433899] [orange_pole_detector]: [0;33m未检测到有效橘色竖杆: candidates=0, frame=1588, hsv_lower=[5, 70, 70], hsv_upper=[30, 255, 255][0m
[INFO] [1784154068.857090887] [orange_pole_detector]: [0;33m未检测到有效橘色竖杆: candidates=0, frame=1604, hsv_lower=[5, 70, 70], hsv_upper=[30, 255, 255][0m
[INFO] [1784154069.861997574] [orange_pole_detector]: [0;33m未检测到有效橘色竖杆: candidates=0, frame=1619, hsv_lower=[5, 70, 70], hsv_upper=[30, 255, 255][0m
[INFO] [1784154070.924447735] [orange_pole_detector]: [0;33m未检测到有效橘色竖杆: candidates=0, frame=1635, hsv_lower=[5, 70, 70], hsv_upper=[30, 255, 255][0m
[INFO] [1784154071.990998927] [orange_pole_detector]: [0;33m未检测到有效橘色竖杆: candidates=0, frame=1651, hsv_lower=[5, 70, 70], hsv_upper=[30, 255, 255][0m
[INFO] [1784154072.998096279] [orange_pole_detector]: [0;33m未检测到有效橘色竖杆: candidates=0, frame=1666, hsv_lower=[5, 70, 70], hsv_upper=[30, 255, 255][0m
[INFO] [1784154073.993267739] [orange_pole_detector]: [0;33m未检测到有效橘色竖杆: candidates=0, frame=1681, hsv_lower=[5, 70, 70], hsv_upper=[30, 255, 255][0m
[INFO] [1784154074.994149167] [orange_pole_detector]: [0;33m未检测到有效橘色竖杆: candidates=0, frame=1695, hsv_lower=[5, 70, 70], hsv_upper=[30, 255, 255][0m
[INFO] [1784154076.060080002] [orange_pole_detector]: [0;33m未检测到有效橘色竖杆: candidates=0, frame=1710, hsv_lower=[5, 70, 70], hsv_upper=[30, 255, 255][0m
[INFO] [1784154077.062465917] [orange_pole_detector]: [0;33m未检测到有效橘色竖杆: candidates=0, frame=1725, hsv_lower=[5, 70, 70], hsv_upper=[30, 255, 255][0m
[INFO] [1784154078.064322298] [orange_pole_detector]: [0;33m未检测到有效橘色竖杆: candidates=0, frame=1740, hsv_lower=[5, 70, 70], hsv_upper=[30, 255, 255][0m
[INFO] [1784154079.129751485] [orange_pole_detector]: [0;33m未检测到有效橘色竖杆: candidates=0, frame=1756, hsv_lower=[5, 70, 70], hsv_upper=[30, 255, 255][0m
[INFO] [1784154080.130683557] [orange_pole_detector]: [0;33m未检测到有效橘色竖杆: candidates=0, frame=1771, hsv_lower=[5, 70, 70], hsv_upper=[30, 255, 255][0m
[INFO] [1784154081.136723298] [orange_pole_detector]: [0;33m未检测到有效橘色竖杆: candidates=0, frame=1786, hsv_lower=[5, 70, 70], hsv_upper=[30, 255, 255][0m
[INFO] [1784154082.197131404] [orange_pole_detector]: [0;33m未检测到有效橘色竖杆: candidates=0, frame=1802, hsv_lower=[5, 70, 70], hsv_upper=[30, 255, 255][0m
[INFO] [1784154083.199019302] [orange_pole_detector]: [0;33m未检测到有效橘色竖杆: candidates=0, frame=1817, hsv_lower=[5, 70, 70], hsv_upper=[30, 255, 255][0m
[INFO] [1784154084.203588629] [orange_pole_detector]: [0;33m未检测到有效橘色竖杆: candidates=0, frame=1832, hsv_lower=[5, 70, 70], hsv_upper=[30, 255, 255][0m
[INFO] [1784154085.266852928] [orange_pole_detector]: [0;33m未检测到有效橘色竖杆: candidates=0, frame=1848, hsv_lower=[5, 70, 70], hsv_upper=[30, 255, 255][0m
[INFO] [1784154086.270799335] [orange_pole_detector]: [0;33m未检测到有效橘色竖杆: candidates=0, frame=1863, hsv_lower=[5, 70, 70], hsv_upper=[30, 255, 255][0m
[INFO] [1784154087.280558853] [orange_pole_detector]: [0;33m未检测到有效橘色竖杆: candidates=0, frame=1878, hsv_lower=[5, 70, 70], hsv_upper=[30, 255, 255][0m
[INFO] [1784154088.286372348] [orange_pole_detector]: [0;33m未检测到有效橘色竖杆: candidates=0, frame=1893, hsv_lower=[5, 70, 70], hsv_upper=[30, 255, 255][0m
[INFO] [1784154089.338996815] [orange_pole_detector]: [0;33m未检测到有效橘色竖杆: candidates=0, frame=1909, hsv_lower=[5, 70, 70], hsv_upper=[30, 255, 255][0m
[INFO] [1784154090.344485754] [orange_pole_detector]: [0;33m未检测到有效橘色竖杆: candidates=0, frame=1924, hsv_lower=[5, 70, 70], hsv_upper=[30, 255, 255][0m
[INFO] [1784154091.413255378] [orange_pole_detector]: [0;33m未检测到有效橘色竖杆: candidates=0, frame=1940, hsv_lower=[5, 70, 70], hsv_upper=[30, 255, 255][0m
[INFO] [1784154092.409068872] [orange_pole_detector]: [0;33m未检测到有效橘色竖杆: candidates=0, frame=1955, hsv_lower=[5, 70, 70], hsv_upper=[30, 255, 255][0m
[INFO] [1784154093.410513997] [orange_pole_detector]: [0;33m未检测到有效橘色竖杆: candidates=0, frame=1970, hsv_lower=[5, 70, 70], hsv_upper=[30, 255, 255][0m
[INFO] [1784154094.477591535] [orange_pole_detector]: [0;33m未检测到有效橘色竖杆: candidates=0, frame=1986, hsv_lower=[5, 70, 70], hsv_upper=[30, 255, 255][0m
[INFO] [1784154095.478749266] [orange_pole_detector]: [0;33m未检测到有效橘色竖杆: candidates=0, frame=2001, hsv_lower=[5, 70, 70], hsv_upper=[30, 255, 255][0m
[INFO] [1784154096.475467403] [orange_pole_detector]: [0;33m未检测到有效橘色竖杆: candidates=0, frame=2016, hsv_lower=[5, 70, 70], hsv_upper=[30, 255, 255][0m
[INFO] [1784154097.478911086] [orange_pole_detector]: [0;33m未检测到有效橘色竖杆: candidates=0, frame=2031, hsv_lower=[5, 70, 70], hsv_upper=[30, 255, 255][0m
[INFO] [1784154098.547827625] [orange_pole_detector]: [0;33m未检测到有效橘色竖杆: candidates=0, frame=2047, hsv_lower=[5, 70, 70], hsv_upper=[30, 255, 255][0m
[INFO] [1784154099.549338466] [orange_pole_detector]: [0;33m未检测到有效橘色竖杆: candidates=0, frame=2062, hsv_lower=[5, 70, 70], hsv_upper=[30, 255, 255][0m
[INFO] [1784154100.543790272] [orange_pole_detector]: [0;33m未检测到有效橘色竖杆: candidates=0, frame=2077, hsv_lower=[5, 70, 70], hsv_upper=[30, 255, 255][0m
[INFO] [1784154101.557174053] [orange_pole_detector]: [0;33m未检测到有效橘色竖杆: candidates=0, frame=2092, hsv_lower=[5, 70, 70], hsv_upper=[30, 255, 255][0m
[INFO] [1784154102.616913052] [orange_pole_detector]: [0;33m未检测到有效橘色竖杆: candidates=0, frame=2108, hsv_lower=[5, 70, 70], hsv_upper=[30, 255, 255][0m
[INFO] [1784154103.680541546] [orange_pole_detector]: [0;33m未检测到有效橘色竖杆: candidates=0, frame=2124, hsv_lower=[5, 70, 70], hsv_upper=[30, 255, 255][0m
[INFO] [1784154104.681480926] [orange_pole_detector]: [0;33m未检测到有效橘色竖杆: candidates=0, frame=2139, hsv_lower=[5, 70, 70], hsv_upper=[30, 255, 255][0m
[INFO] [1784154105.683761362] [orange_pole_detector]: [0;33m未检测到有效橘色竖杆: candidates=0, frame=2154, hsv_lower=[5, 70, 70], hsv_upper=[30, 255, 255][0m
[INFO] [1784154106.684446466] [orange_pole_detector]: [0;33m未检测到有效橘色竖杆: candidates=0, frame=2169, hsv_lower=[5, 70, 70], hsv_upper=[30, 255, 255][0m
[INFO] [1784154107.756131724] [orange_pole_detector]: [0;33m未检测到有效橘色竖杆: candidates=0, frame=2185, hsv_lower=[5, 70, 70], hsv_upper=[30, 255, 255][0m
[INFO] [1784154108.818151944] [orange_pole_detector]: [0;33m未检测到有效橘色竖杆: candidates=0, frame=2201, hsv_lower=[5, 70, 70], hsv_upper=[30, 255, 255][0m
[INFO] [1784154109.822035715] [orange_pole_detector]: [0;33m未检测到有效橘色竖杆: candidates=0, frame=2215, hsv_lower=[5, 70, 70], hsv_upper=[30, 255, 255][0m
[INFO] [1784154110.821007163] [orange_pole_detector]: [0;33m未检测到有效橘色竖杆: candidates=0, frame=2230, hsv_lower=[5, 70, 70], hsv_upper=[30, 255, 255][0m
[INFO] [1784154111.826394175] [orange_pole_detector]: [0;33m未检测到有效橘色竖杆: candidates=0, frame=2245, hsv_lower=[5, 70, 70], hsv_upper=[30, 255, 255][0m
[INFO] [1784154112.887598059] [orange_pole_detector]: [0;33m未检测到有效橘色竖杆: candidates=0, frame=2261, hsv_lower=[5, 70, 70], hsv_upper=[30, 255, 255][0m
[INFO] [1784154113.888095609] [orange_pole_detector]: [0;33m未检测到有效橘色竖杆: candidates=0, frame=2276, hsv_lower=[5, 70, 70], hsv_upper=[30, 255, 255][0m
[INFO] [1784154114.890426349] [orange_pole_detector]: [0;33m未检测到有效橘色竖杆: candidates=0, frame=2291, hsv_lower=[5, 70, 70], hsv_upper=[30, 255, 255][0m
[INFO] [1784154115.889843691] [orange_pole_detector]: [0;33m未检测到有效橘色竖杆: candidates=0, frame=2306, hsv_lower=[5, 70, 70], hsv_upper=[30, 255, 255][0m
[INFO] [1784154116.893889312] [orange_pole_detector]: [0;33m未检测到有效橘色竖杆: candidates=0, frame=2321, hsv_lower=[5, 70, 70], hsv_upper=[30, 255, 255][0m
[INFO] [1784154117.892934915] [orange_pole_detector]: [0;33m未检测到有效橘色竖杆: candidates=0, frame=2336, hsv_lower=[5, 70, 70], hsv_upper=[30, 255, 255][0m
[INFO] [1784154118.892767732] [orange_pole_detector]: [0;33m未检测到有效橘色竖杆: candidates=0, frame=2351, hsv_lower=[5, 70, 70], hsv_upper=[30, 255, 255][0m
[INFO] [1784154119.965400962] [orange_pole_detector]: [0;33m未检测到有效橘色竖杆: candidates=0, frame=2367, hsv_lower=[5, 70, 70], hsv_upper=[30, 255, 255][0m
[INFO] [1784154120.968568964] [orange_pole_detector]: [0;33m未检测到有效橘色竖杆: candidates=0, frame=2382, hsv_lower=[5, 70, 70], hsv_upper=[30, 255, 255][0m
[INFO] [1784154122.027728738] [orange_pole_detector]: [0;33m未检测到有效橘色竖杆: candidates=0, frame=2398, hsv_lower=[5, 70, 70], hsv_upper=[30, 255, 255][0m
[INFO] [1784154123.029255237] [orange_pole_detector]: [0;33m未检测到有效橘色竖杆: candidates=0, frame=2413, hsv_lower=[5, 70, 70], hsv_upper=[30, 255, 255][0m
[INFO] [1784154124.036512006] [orange_pole_detector]: [0;33m未检测到有效橘色竖杆: candidates=0, frame=2428, hsv_lower=[5, 70, 70], hsv_upper=[30, 255, 255][0m
[INFO] [1784154125.099019218] [orange_pole_detector]: [0;33m未检测到有效橘色竖杆: candidates=0, frame=2444, hsv_lower=[5, 70, 70], hsv_upper=[30, 255, 255][0m
[INFO] [1784154126.164812099] [orange_pole_detector]: [0;33m未检测到有效橘色竖杆: candidates=0, frame=2460, hsv_lower=[5, 70, 70], hsv_upper=[30, 255, 255][0m
[INFO] [1784154127.168982808] [orange_pole_detector]: [0;33m未检测到有效橘色竖杆: candidates=0, frame=2475, hsv_lower=[5, 70, 70], hsv_upper=[30, 255, 255][0m
[INFO] [1784154128.231258793] [orange_pole_detector]: [0;33m未检测到有效橘色竖杆: candidates=0, frame=2491, hsv_lower=[5, 70, 70], hsv_upper=[30, 255, 255][0m
[INFO] [1784154129.239955649] [orange_pole_detector]: [0;33m未检测到有效橘色竖杆: candidates=0, frame=2506, hsv_lower=[5, 70, 70], hsv_upper=[30, 255, 255][0m
[INFO] [1784154130.302545148] [orange_pole_detector]: [0;33m未检测到有效橘色竖杆: candidates=0, frame=2522, hsv_lower=[5, 70, 70], hsv_upper=[30, 255, 255][0m
[INFO] [1784154131.300754234] [orange_pole_detector]: [0;33m未检测到有效橘色竖杆: candidates=0, frame=2537, hsv_lower=[5, 70, 70], hsv_upper=[30, 255, 255][0m
[INFO] [1784154132.305690889] [orange_pole_detector]: [0;33m未检测到有效橘色竖杆: candidates=0, frame=2552, hsv_lower=[5, 70, 70], hsv_upper=[30, 255, 255][0m
[INFO] [1784154133.370907613] [orange_pole_detector]: [0;33m未检测到有效橘色竖杆: candidates=0, frame=2568, hsv_lower=[5, 70, 70], hsv_upper=[30, 255, 255][0m
[INFO] [1784154134.371442901] [orange_pole_detector]: [0;33m未检测到有效橘色竖杆: candidates=0, frame=2583, hsv_lower=[5, 70, 70], hsv_upper=[30, 255, 255][0m
[INFO] [1784154135.373034282] [orange_pole_detector]: [0;33m未检测到有效橘色竖杆: candidates=0, frame=2598, hsv_lower=[5, 70, 70], hsv_upper=[30, 255, 255][0m
[INFO] [1784154136.375823375] [orange_pole_detector]: [0;33m未检测到有效橘色竖杆: candidates=0, frame=2613, hsv_lower=[5, 70, 70], hsv_upper=[30, 255, 255][0m
[INFO] [1784154137.440541088] [orange_pole_detector]: [0;33m未检测到有效橘色竖杆: candidates=0, frame=2629, hsv_lower=[5, 70, 70], hsv_upper=[30, 255, 255][0m
[INFO] [1784154138.508339599] [orange_pole_detector]: [0;33m未检测到有效橘色竖杆: candidates=0, frame=2645, hsv_lower=[5, 70, 70], hsv_upper=[30, 255, 255][0m
[INFO] [1784154139.516501744] [orange_pole_detector]: [0;33m未检测到有效橘色竖杆: candidates=0, frame=2660, hsv_lower=[5, 70, 70], hsv_upper=[30, 255, 255][0m
[INFO] [1784154140.578778214] [orange_pole_detector]: [0;33m未检测到有效橘色竖杆: candidates=0, frame=2676, hsv_lower=[5, 70, 70], hsv_upper=[30, 255, 255][0m
[INFO] [1784154141.643263636] [orange_pole_detector]: [0;33m未检测到有效橘色竖杆: candidates=0, frame=2691, hsv_lower=[5, 70, 70], hsv_upper=[30, 255, 255][0m
[INFO] [1784154142.643524623] [orange_pole_detector]: [0;33m未检测到有效橘色竖杆: candidates=0, frame=2706, hsv_lower=[5, 70, 70], hsv_upper=[30, 255, 255][0m
[INFO] [1784154143.643531547] [orange_pole_detector]: [0;33m未检测到有效橘色竖杆: candidates=0, frame=2721, hsv_lower=[5, 70, 70], hsv_upper=[30, 255, 255][0m
[INFO] [1784154144.644923439] [orange_pole_detector]: [0;33m未检测到有效橘色竖杆: candidates=0, frame=2736, hsv_lower=[5, 70, 70], hsv_upper=[30, 255, 255][0m
[INFO] [1784154145.646067519] [orange_pole_detector]: [0;33m未检测到有效橘色竖杆: candidates=0, frame=2751, hsv_lower=[5, 70, 70], hsv_upper=[30, 255, 255][0m
[INFO] [1784154146.718923239] [orange_pole_detector]: [0;33m未检测到有效橘色竖杆: candidates=0, frame=2767, hsv_lower=[5, 70, 70], hsv_upper=[30, 255, 255][0m
[INFO] [1784154147.713285826] [orange_pole_detector]: [0;33m未检测到有效橘色竖杆: candidates=0, frame=2782, hsv_lower=[5, 70, 70], hsv_upper=[30, 255, 255][0m
[INFO] [1784154148.714495318] [orange_pole_detector]: [0;33m未检测到有效橘色竖杆: candidates=0, frame=2797, hsv_lower=[5, 70, 70], hsv_upper=[30, 255, 255][0m
[INFO] [1784154149.713456280] [orange_pole_detector]: [0;33m未检测到有效橘色竖杆: candidates=0, frame=2812, hsv_lower=[5, 70, 70], hsv_upper=[30, 255, 255][0m
[INFO] [1784154150.717633215] [orange_pole_detector]: [0;33m未检测到有效橘色竖杆: candidates=0, frame=2827, hsv_lower=[5, 70, 70], hsv_upper=[30, 255, 255][0m
[INFO] [1784154151.731052087] [orange_pole_detector]: [0;33m未检测到有效橘色竖杆: candidates=0, frame=2842, hsv_lower=[5, 70, 70], hsv_upper=[30, 255, 255][0m
[INFO] [1784154152.785478543] [orange_pole_detector]: [0;33m未检测到有效橘色竖杆: candidates=0, frame=2858, hsv_lower=[5, 70, 70], hsv_upper=[30, 255, 255][0m
[INFO] [1784154153.788996257] [orange_pole_detector]: [0;33m未检测到有效橘色竖杆: candidates=0, frame=2873, hsv_lower=[5, 70, 70], hsv_upper=[30, 255, 255][0m
[INFO] [1784154154.788450032] [orange_pole_detector]: [0;33m未检测到有效橘色竖杆: candidates=0, frame=2888, hsv_lower=[5, 70, 70], hsv_upper=[30, 255, 255][0m
[INFO] [1784154155.852614747] [orange_pole_detector]: [0;33m未检测到有效橘色竖杆: candidates=0, frame=2904, hsv_lower=[5, 70, 70], hsv_upper=[30, 255, 255][0m
[INFO] [1784154156.856585073] [orange_pole_detector]: [0;33m未检测到有效橘色竖杆: candidates=0, frame=2919, hsv_lower=[5, 70, 70], hsv_upper=[30, 255, 255][0m
[INFO] [1784154157.857334748] [orange_pole_detector]: [0;33m未检测到有效橘色竖杆: candidates=0, frame=2934, hsv_lower=[5, 70, 70], hsv_upper=[30, 255, 255][0m
[INFO] [1784154158.862940630] [orange_pole_detector]: [0;33m未检测到有效橘色竖杆: candidates=0, frame=2949, hsv_lower=[5, 70, 70], hsv_upper=[30, 255, 255][0m
[INFO] [1784154159.922678665] [orange_pole_detector]: [0;33m未检测到有效橘色竖杆: candidates=0, frame=2965, hsv_lower=[5, 70, 70], hsv_upper=[30, 255, 255][0m
[INFO] [1784154160.924085264] [orange_pole_detector]: [0;33m未检测到有效橘色竖杆: candidates=0, frame=2980, hsv_lower=[5, 70, 70], hsv_upper=[30, 255, 255][0m
[INFO] [1784154161.994241256] [orange_pole_detector]: [0;33m未检测到有效橘色竖杆: candidates=0, frame=2995, hsv_lower=[5, 70, 70], hsv_upper=[30, 255, 255][0m
[INFO] [1784154163.062382228] [orange_pole_detector]: [0;33m未检测到有效橘色竖杆: candidates=0, frame=3011, hsv_lower=[5, 70, 70], hsv_upper=[30, 255, 255][0m
[INFO] [1784154164.060588914] [orange_pole_detector]: [0;33m未检测到有效橘色竖杆: candidates=0, frame=3026, hsv_lower=[5, 70, 70], hsv_upper=[30, 255, 255][0m
[INFO] [1784154165.085732687] [orange_pole_detector]: [0;33m未检测到有效橘色竖杆: candidates=0, frame=3037, hsv_lower=[5, 70, 70], hsv_upper=[30, 255, 255][0m
[INFO] [1784154166.428887104] [orange_pole_detector]: [0;33m未检测到有效橘色竖杆: candidates=0, frame=3044, hsv_lower=[5, 70, 70], hsv_upper=[30, 255, 255][0m
[INFO] [1784154167.450327909] [orange_pole_detector]: [0;33m未检测到有效橘色竖杆: candidates=0, frame=3055, hsv_lower=[5, 70, 70], hsv_upper=[30, 255, 255][0m
[INFO] [1784154168.482923855] [orange_pole_detector]: [0;33m未检测到有效橘色竖杆: candidates=0, frame=3069, hsv_lower=[5, 70, 70], hsv_upper=[30, 255, 255][0m
[INFO] [1784154169.551343104] [orange_pole_detector]: [0;33m未检测到有效橘色竖杆: candidates=0, frame=3085, hsv_lower=[5, 70, 70], hsv_upper=[30, 255, 255][0m
[INFO] [1784154170.604102347] [orange_pole_detector]: [0;33m未检测到有效橘色竖杆: candidates=0, frame=3099, hsv_lower=[5, 70, 70], hsv_upper=[30, 255, 255][0m
[INFO] [1784154171.647703330] [orange_pole_detector]: [0;33m未检测到有效橘色竖杆: candidates=0, frame=3112, hsv_lower=[5, 70, 70], hsv_upper=[30, 255, 255][0m
[INFO] [1784154172.658287206] [orange_pole_detector]: [0;33m未检测到有效橘色竖杆: candidates=0, frame=3121, hsv_lower=[5, 70, 70], hsv_upper=[30, 255, 255][0m
[INFO] [1784154173.649444407] [orange_pole_detector]: [0;33m未检测到有效橘色竖杆: candidates=0, frame=3135, hsv_lower=[5, 70, 70], hsv_upper=[30, 255, 255][0m
[INFO] [1784154174.692897641] [orange_pole_detector]: [0;33m未检测到有效橘色竖杆: candidates=0, frame=3150, hsv_lower=[5, 70, 70], hsv_upper=[30, 255, 255][0m
[INFO] [1784154175.748390631] [orange_pole_detector]: [0;33m未检测到有效橘色竖杆: candidates=0, frame=3166, hsv_lower=[5, 70, 70], hsv_upper=[30, 255, 255][0m
[INFO] [1784154176.819583137] [orange_pole_detector]: [0;33m未检测到有效橘色竖杆: candidates=0, frame=3182, hsv_lower=[5, 70, 70], hsv_upper=[30, 255, 255][0m
[INFO] [1784154177.827320910] [orange_pole_detector]: [0;33m未检测到有效橘色竖杆: candidates=0, frame=3195, hsv_lower=[5, 70, 70], hsv_upper=[30, 255, 255][0m
[INFO] [1784154178.947616746] [orange_pole_detector]: [0;33m未检测到有效橘色竖杆: candidates=0, frame=3207, hsv_lower=[5, 70, 70], hsv_upper=[30, 255, 255][0m
[INFO] [1784154179.944665254] [orange_pole_detector]: [0;33m未检测到有效橘色竖杆: candidates=0, frame=3221, hsv_lower=[5, 70, 70], hsv_upper=[30, 255, 255][0m
[INFO] [1784154181.004055723] [orange_pole_detector]: [0;33m未检测到有效橘色竖杆: candidates=0, frame=3237, hsv_lower=[5, 70, 70], hsv_upper=[30, 255, 255][0m
[INFO] [1784154182.015682057] [orange_pole_detector]: [0;33m未检测到有效橘色竖杆: candidates=0, frame=3252, hsv_lower=[5, 70, 70], hsv_upper=[30, 255, 255][0m
[INFO] [1784154183.006757004] [orange_pole_detector]: [0;33m未检测到有效橘色竖杆: candidates=0, frame=3267, hsv_lower=[5, 70, 70], hsv_upper=[30, 255, 255][0m
[INFO] [1784154184.008581476] [orange_pole_detector]: [0;33m未检测到有效橘色竖杆: candidates=0, frame=3282, hsv_lower=[5, 70, 70], hsv_upper=[30, 255, 255][0m
[INFO] [1784154185.087811552] [orange_pole_detector]: [0;33m未检测到有效橘色竖杆: candidates=0, frame=3298, hsv_lower=[5, 70, 70], hsv_upper=[30, 255, 255][0m
[INFO] [1784154186.077354342] [orange_pole_detector]: [0;33m未检测到有效橘色竖杆: candidates=0, frame=3313, hsv_lower=[5, 70, 70], hsv_upper=[30, 255, 255][0m
[INFO] [1784154187.077532862] [orange_pole_detector]: [0;33m未检测到有效橘色竖杆: candidates=0, frame=3328, hsv_lower=[5, 70, 70], hsv_upper=[30, 255, 255][0m
[INFO] [1784154188.088262013] [orange_pole_detector]: [0;33m未检测到有效橘色竖杆: candidates=0, frame=3343, hsv_lower=[5, 70, 70], hsv_upper=[30, 255, 255][0m
[INFO] [1784154189.146953520] [orange_pole_detector]: [0;33m未检测到有效橘色竖杆: candidates=0, frame=3359, hsv_lower=[5, 70, 70], hsv_upper=[30, 255, 255][0m
[INFO] [1784154190.149101579] [orange_pole_detector]: [0;33m未检测到有效橘色竖杆: candidates=0, frame=3374, hsv_lower=[5, 70, 70], hsv_upper=[30, 255, 255][0m
[INFO] [1784154191.211706864] [orange_pole_detector]: [0;33m未检测到有效橘色竖杆: candidates=0, frame=3390, hsv_lower=[5, 70, 70], hsv_upper=[30, 255, 255][0m
[INFO] [1784154192.213632684] [orange_pole_detector]: [0;33m未检测到有效橘色竖杆: candidates=0, frame=3405, hsv_lower=[5, 70, 70], hsv_upper=[30, 255, 255][0m
[INFO] [1784154193.214036001] [orange_pole_detector]: [0;33m未检测到有效橘色竖杆: candidates=0, frame=3420, hsv_lower=[5, 70, 70], hsv_upper=[30, 255, 255][0m
[INFO] [1784154194.281327246] [orange_pole_detector]: [0;33m未检测到有效橘色竖杆: candidates=0, frame=3435, hsv_lower=[5, 70, 70], hsv_upper=[30, 255, 255][0m
[INFO] [1784154195.286418048] [orange_pole_detector]: [0;33m未检测到有效橘色竖杆: candidates=0, frame=3450, hsv_lower=[5, 70, 70], hsv_upper=[30, 255, 255][0m
[INFO] [1784154196.347860598] [orange_pole_detector]: [0;33m未检测到有效橘色竖杆: candidates=0, frame=3466, hsv_lower=[5, 70, 70], hsv_upper=[30, 255, 255][0m
[INFO] [1784154197.350388900] [orange_pole_detector]: [0;33m未检测到有效橘色竖杆: candidates=0, frame=3481, hsv_lower=[5, 70, 70], hsv_upper=[30, 255, 255][0m
[INFO] [1784154198.357478947] [orange_pole_detector]: [0;33m未检测到有效橘色竖杆: candidates=0, frame=3496, hsv_lower=[5, 70, 70], hsv_upper=[30, 255, 255][0m
[INFO] [1784154199.353599829] [orange_pole_detector]: [0;33m未检测到有效橘色竖杆: candidates=0, frame=3511, hsv_lower=[5, 70, 70], hsv_upper=[30, 255, 255][0m
[INFO] [1784154200.353965134] [orange_pole_detector]: [0;33m未检测到有效橘色竖杆: candidates=0, frame=3526, hsv_lower=[5, 70, 70], hsv_upper=[30, 255, 255][0m
[INFO] [1784154201.353846467] [orange_pole_detector]: [0;33m未检测到有效橘色竖杆: candidates=0, frame=3541, hsv_lower=[5, 70, 70], hsv_upper=[30, 255, 255][0m
[INFO] [1784154202.424392654] [orange_pole_detector]: [0;33m未检测到有效橘色竖杆: candidates=0, frame=3557, hsv_lower=[5, 70, 70], hsv_upper=[30, 255, 255][0m
[INFO] [1784154203.491194849] [orange_pole_detector]: [0;33m未检测到有效橘色竖杆: candidates=0, frame=3573, hsv_lower=[5, 70, 70], hsv_upper=[30, 255, 255][0m
[INFO] [1784154204.491200149] [orange_pole_detector]: [0;33m未检测到有效橘色竖杆: candidates=0, frame=3588, hsv_lower=[5, 70, 70], hsv_upper=[30, 255, 255][0m
[INFO] [1784154205.498545255] [orange_pole_detector]: [0;33m未检测到有效橘色竖杆: candidates=0, frame=3603, hsv_lower=[5, 70, 70], hsv_upper=[30, 255, 255][0m
[INFO] [1784154206.557803172] [orange_pole_detector]: [0;33m未检测到有效橘色竖杆: candidates=0, frame=3619, hsv_lower=[5, 70, 70], hsv_upper=[30, 255, 255][0m
[INFO] [1784154207.560226473] [orange_pole_detector]: [0;33m未检测到有效橘色竖杆: candidates=0, frame=3634, hsv_lower=[5, 70, 70], hsv_upper=[30, 255, 255][0m
[INFO] [1784154208.560033958] [orange_pole_detector]: [0;33m未检测到有效橘色竖杆: candidates=0, frame=3649, hsv_lower=[5, 70, 70], hsv_upper=[30, 255, 255][0m
[INFO] [1784154209.628995957] [orange_pole_detector]: [0;33m未检测到有效橘色竖杆: candidates=0, frame=3665, hsv_lower=[5, 70, 70], hsv_upper=[30, 255, 255][0m
[INFO] [1784154210.695329147] [orange_pole_detector]: [0;33m未检测到有效橘色竖杆: candidates=0, frame=3681, hsv_lower=[5, 70, 70], hsv_upper=[30, 255, 255][0m
[INFO] [1784154211.695964991] [orange_pole_detector]: [0;33m未检测到有效橘色竖杆: candidates=0, frame=3696, hsv_lower=[5, 70, 70], hsv_upper=[30, 255, 255][0m
[INFO] [1784154212.704278194] [orange_pole_detector]: [0;33m未检测到有效橘色竖杆: candidates=0, frame=3710, hsv_lower=[5, 70, 70], hsv_upper=[30, 255, 255][0m
[INFO] [1784154213.761404580] [orange_pole_detector]: [0;33m未检测到有效橘色竖杆: candidates=0, frame=3726, hsv_lower=[5, 70, 70], hsv_upper=[30, 255, 255][0m
[INFO] [1784154214.764787562] [orange_pole_detector]: [0;33m未检测到有效橘色竖杆: candidates=0, frame=3741, hsv_lower=[5, 70, 70], hsv_upper=[30, 255, 255][0m
[INFO] [1784154215.764547033] [orange_pole_detector]: [0;33m未检测到有效橘色竖杆: candidates=0, frame=3756, hsv_lower=[5, 70, 70], hsv_upper=[30, 255, 255][0m
[INFO] [1784154216.771007443] [orange_pole_detector]: [0;33m未检测到有效橘色竖杆: candidates=0, frame=3771, hsv_lower=[5, 70, 70], hsv_upper=[30, 255, 255][0m
[INFO] [1784154217.831401706] [orange_pole_detector]: [0;33m未检测到有效橘色竖杆: candidates=0, frame=3787, hsv_lower=[5, 70, 70], hsv_upper=[30, 255, 255][0m
[INFO] [1784154218.837471996] [orange_pole_detector]: [0;33m未检测到有效橘色竖杆: candidates=0, frame=3802, hsv_lower=[5, 70, 70], hsv_upper=[30, 255, 255][0m
[INFO] [1784154219.905818763] [orange_pole_detector]: [0;33m未检测到有效橘色竖杆: candidates=0, frame=3818, hsv_lower=[5, 70, 70], hsv_upper=[30, 255, 255][0m
[INFO] [1784154220.902941208] [orange_pole_detector]: [0;33m未检测到有效橘色竖杆: candidates=0, frame=3833, hsv_lower=[5, 70, 70], hsv_upper=[30, 255, 255][0m
[INFO] [1784154221.905552094] [orange_pole_detector]: [0;33m未检测到有效橘色竖杆: candidates=0, frame=3848, hsv_lower=[5, 70, 70], hsv_upper=[30, 255, 255][0m
[INFO] [1784154222.970919613] [orange_pole_detector]: [0;33m未检测到有效橘色竖杆: candidates=0, frame=3864, hsv_lower=[5, 70, 70], hsv_upper=[30, 255, 255][0m
[INFO] [1784154223.983578218] [orange_pole_detector]: [0;33m未检测到有效橘色竖杆: candidates=0, frame=3879, hsv_lower=[5, 70, 70], hsv_upper=[30, 255, 255][0m
[INFO] [1784154225.044841155] [orange_pole_detector]: [0;33m未检测到有效橘色竖杆: candidates=0, frame=3895, hsv_lower=[5, 70, 70], hsv_upper=[30, 255, 255][0m
[INFO] [1784154226.039986166] [orange_pole_detector]: [0;33m未检测到有效橘色竖杆: candidates=0, frame=3910, hsv_lower=[5, 70, 70], hsv_upper=[30, 255, 255][0m
[INFO] [1784154227.043948407] [orange_pole_detector]: [0;33m未检测到有效橘色竖杆: candidates=0, frame=3922, hsv_lower=[5, 70, 70], hsv_upper=[30, 255, 255][0m
[INFO] [1784154228.043949833] [orange_pole_detector]: [0;33m未检测到有效橘色竖杆: candidates=0, frame=3937, hsv_lower=[5, 70, 70], hsv_upper=[30, 255, 255][0m
[INFO] [1784154229.106231976] [orange_pole_detector]: [0;33m未检测到有效橘色竖杆: candidates=0, frame=3953, hsv_lower=[5, 70, 70], hsv_upper=[30, 255, 255][0m
[INFO] [1784154230.108561528] [orange_pole_detector]: [0;33m未检测到有效橘色竖杆: candidates=0, frame=3968, hsv_lower=[5, 70, 70], hsv_upper=[30, 255, 255][0m
[INFO] [1784154231.109678780] [orange_pole_detector]: [0;33m未检测到有效橘色竖杆: candidates=0, frame=3983, hsv_lower=[5, 70, 70], hsv_upper=[30, 255, 255][0m
[INFO] [1784154232.111835468] [orange_pole_detector]: [0;33m未检测到有效橘色竖杆: candidates=0, frame=3998, hsv_lower=[5, 70, 70], hsv_upper=[30, 255, 255][0m
[INFO] [1784154233.176503804] [orange_pole_detector]: [0;33m未检测到有效橘色竖杆: candidates=0, frame=4014, hsv_lower=[5, 70, 70], hsv_upper=[30, 255, 255][0m
[INFO] [1784154234.183392206] [orange_pole_detector]: [0;33m未检测到有效橘色竖杆: candidates=0, frame=4029, hsv_lower=[5, 70, 70], hsv_upper=[30, 255, 255][0m
[INFO] [1784154235.180870033] [orange_pole_detector]: [0;33m未检测到有效橘色竖杆: candidates=0, frame=4044, hsv_lower=[5, 70, 70], hsv_upper=[30, 255, 255][0m
[INFO] [1784154236.180471348] [orange_pole_detector]: [0;33m未检测到有效橘色竖杆: candidates=0, frame=4059, hsv_lower=[5, 70, 70], hsv_upper=[30, 255, 255][0m
[INFO] [1784154237.251546947] [orange_pole_detector]: [0;33m未检测到有效橘色竖杆: candidates=0, frame=4075, hsv_lower=[5, 70, 70], hsv_upper=[30, 255, 255][0m
[INFO] [1784154238.249753282] [orange_pole_detector]: [0;33m未检测到有效橘色竖杆: candidates=0, frame=4090, hsv_lower=[5, 70, 70], hsv_upper=[30, 255, 255][0m
[INFO] [1784154239.262142111] [orange_pole_detector]: [0;33m未检测到有效橘色竖杆: candidates=0, frame=4105, hsv_lower=[5, 70, 70], hsv_upper=[30, 255, 255][0m
[INFO] [1784154240.316687836] [orange_pole_detector]: [0;33m未检测到有效橘色竖杆: candidates=0, frame=4120, hsv_lower=[5, 70, 70], hsv_upper=[30, 255, 255][0m
[INFO] [1784154241.324412962] [orange_pole_detector]: [0;33m未检测到有效橘色竖杆: candidates=0, frame=4134, hsv_lower=[5, 70, 70], hsv_upper=[30, 255, 255][0m
[INFO] [1784154242.383721421] [orange_pole_detector]: [0;33m未检测到有效橘色竖杆: candidates=0, frame=4150, hsv_lower=[5, 70, 70], hsv_upper=[30, 255, 255][0m
[INFO] [1784154243.387481111] [orange_pole_detector]: [0;33m未检测到有效橘色竖杆: candidates=0, frame=4165, hsv_lower=[5, 70, 70], hsv_upper=[30, 255, 255][0m
[INFO] [1784154244.386138178] [orange_pole_detector]: [0;33m未检测到有效橘色竖杆: candidates=0, frame=4180, hsv_lower=[5, 70, 70], hsv_upper=[30, 255, 255][0m
[INFO] [1784154245.387582280] [orange_pole_detector]: [0;33m未检测到有效橘色竖杆: candidates=0, frame=4195, hsv_lower=[5, 70, 70], hsv_upper=[30, 255, 255][0m
[INFO] [1784154246.390031986] [orange_pole_detector]: [0;33m未检测到有效橘色竖杆: candidates=0, frame=4210, hsv_lower=[5, 70, 70], hsv_upper=[30, 255, 255][0m
[INFO] [1784154247.454301181] [orange_pole_detector]: [0;33m未检测到有效橘色竖杆: candidates=0, frame=4226, hsv_lower=[5, 70, 70], hsv_upper=[30, 255, 255][0m
[INFO] [1784154248.521474510] [orange_pole_detector]: [0;33m未检测到有效橘色竖杆: candidates=0, frame=4242, hsv_lower=[5, 70, 70], hsv_upper=[30, 255, 255][0m
[INFO] [1784154249.521747752] [orange_pole_detector]: [0;33m未检测到有效橘色竖杆: candidates=0, frame=4257, hsv_lower=[5, 70, 70], hsv_upper=[30, 255, 255][0m
[INFO] [1784154250.522756767] [orange_pole_detector]: [0;33m未检测到有效橘色竖杆: candidates=0, frame=4272, hsv_lower=[5, 70, 70], hsv_upper=[30, 255, 255][0m
[INFO] [1784154251.524211318] [orange_pole_detector]: [0;33m未检测到有效橘色竖杆: candidates=0, frame=4287, hsv_lower=[5, 70, 70], hsv_upper=[30, 255, 255][0m
[INFO] [1784154252.524631736] [orange_pole_detector]: [0;33m未检测到有效橘色竖杆: candidates=0, frame=4302, hsv_lower=[5, 70, 70], hsv_upper=[30, 255, 255][0m
[INFO] [1784154253.529796638] [orange_pole_detector]: [0;33m未检测到有效橘色竖杆: candidates=0, frame=4317, hsv_lower=[5, 70, 70], hsv_upper=[30, 255, 255][0m
[INFO] [1784154254.530493286] [orange_pole_detector]: [0;33m未检测到有效橘色竖杆: candidates=0, frame=4332, hsv_lower=[5, 70, 70], hsv_upper=[30, 255, 255][0m
[INFO] [1784154255.594656012] [orange_pole_detector]: [0;33m未检测到有效橘色竖杆: candidates=0, frame=4348, hsv_lower=[5, 70, 70], hsv_upper=[30, 255, 255][0m
[INFO] [1784154256.593237486] [orange_pole_detector]: [0;33m未检测到有效橘色竖杆: candidates=0, frame=4363, hsv_lower=[5, 70, 70], hsv_upper=[30, 255, 255][0m
[INFO] [1784154257.595484396] [orange_pole_detector]: [0;33m未检测到有效橘色竖杆: candidates=0, frame=4378, hsv_lower=[5, 70, 70], hsv_upper=[30, 255, 255][0m
[INFO] [1784154258.595600333] [orange_pole_detector]: [0;33m未检测到有效橘色竖杆: candidates=0, frame=4393, hsv_lower=[5, 70, 70], hsv_upper=[30, 255, 255][0m
[INFO] [1784154259.595212809] [orange_pole_detector]: [0;33m未检测到有效橘色竖杆: candidates=0, frame=4408, hsv_lower=[5, 70, 70], hsv_upper=[30, 255, 255][0m
