[INFO] [1784153953.303571364] [upstairs_detector]: state=DETECTING
[INFO] [1784153953.305097188] [upstairs_detector]: upstairs_detector started: color=/camera/color/image_raw, depth=/camera/aligned_depth_to_color/image_raw, target_band_from_bottom=1, trigger_distance=0.62m, hsv=[30, 40, 30]-[100, 255, 255]
[INFO] [1784153953.563031213] [upstairs_detector]: [1;95m触发状态更新: trigger=False[0m
[INFO] [1784153953.565624199] [upstairs_detector]: [0;33m未检测到有效上台阶: bands=0, target_band_from_bottom=1, mask_px=20869, frame=1, hsv=[30, 40, 30]-[100, 255, 255][0m
[INFO] [1784153954.578666004] [upstairs_detector]: [0;33m未检测到有效上台阶: bands=0, target_band_from_bottom=1, mask_px=13764, frame=17, hsv=[30, 40, 30]-[100, 255, 255][0m
[INFO] [1784153955.580191045] [upstairs_detector]: [0;33m未检测到有效上台阶: bands=0, target_band_from_bottom=1, mask_px=7023, frame=32, hsv=[30, 40, 30]-[100, 255, 255][0m
[INFO] [1784153956.588726360] [upstairs_detector]: [0;33m未检测到有效上台阶: bands=0, target_band_from_bottom=1, mask_px=4689, frame=47, hsv=[30, 40, 30]-[100, 255, 255][0m
[INFO] [1784153957.598755818] [upstairs_detector]: [0;33m未检测到有效上台阶: bands=0, target_band_from_bottom=1, mask_px=4573, frame=62, hsv=[30, 40, 30]-[100, 255, 255][0m
[INFO] [1784153958.593836722] [upstairs_detector]: [0;33m未检测到有效上台阶: bands=0, target_band_from_bottom=1, mask_px=4381, frame=75, hsv=[30, 40, 30]-[100, 255, 255][0m
[INFO] [1784153959.606435857] [upstairs_detector]: [0;33m未检测到有效上台阶: bands=0, target_band_from_bottom=1, mask_px=4440, frame=90, hsv=[30, 40, 30]-[100, 255, 255][0m
[INFO] [1784153960.611843856] [upstairs_detector]: [0;33m未检测到有效上台阶: bands=0, target_band_from_bottom=1, mask_px=4775, frame=105, hsv=[30, 40, 30]-[100, 255, 255][0m
[INFO] [1784153961.656158122] [upstairs_detector]: [0;33m未检测到有效上台阶: bands=0, target_band_from_bottom=1, mask_px=4957, frame=117, hsv=[30, 40, 30]-[100, 255, 255][0m
[INFO] [1784153962.715013496] [upstairs_detector]: [0;33m未检测到有效上台阶: bands=0, target_band_from_bottom=1, mask_px=4830, frame=133, hsv=[30, 40, 30]-[100, 255, 255][0m
[INFO] [1784153963.781908540] [upstairs_detector]: [0;33m未检测到有效上台阶: bands=0, target_band_from_bottom=1, mask_px=4794, frame=149, hsv=[30, 40, 30]-[100, 255, 255][0m
[INFO] [1784153964.928508145] [upstairs_detector]: [0;33m未检测到有效上台阶: bands=0, target_band_from_bottom=1, mask_px=4779, frame=162, hsv=[30, 40, 30]-[100, 255, 255][0m
[INFO] [1784153965.851686312] [upstairs_detector]: [0;33m未检测到有效上台阶: bands=0, target_band_from_bottom=1, mask_px=4808, frame=170, hsv=[30, 40, 30]-[100, 255, 255][0m
[INFO] [1784153966.890105708] [upstairs_detector]: [0;33m未检测到有效上台阶: bands=0, target_band_from_bottom=1, mask_px=4602, frame=183, hsv=[30, 40, 30]-[100, 255, 255][0m
[INFO] [1784153967.927593744] [upstairs_detector]: [0;33m未检测到有效上台阶: bands=0, target_band_from_bottom=1, mask_px=4814, frame=196, hsv=[30, 40, 30]-[100, 255, 255][0m
[INFO] [1784153969.046664058] [upstairs_detector]: [0;33m未检测到有效上台阶: bands=0, target_band_from_bottom=1, mask_px=4960, frame=207, hsv=[30, 40, 30]-[100, 255, 255][0m
[INFO] [1784153970.030667203] [upstairs_detector]: [0;33m未检测到有效上台阶: bands=0, target_band_from_bottom=1, mask_px=4502, frame=220, hsv=[30, 40, 30]-[100, 255, 255][0m
[INFO] [1784153971.060784573] [upstairs_detector]: [0;33m未检测到有效上台阶: bands=0, target_band_from_bottom=1, mask_px=4516, frame=236, hsv=[30, 40, 30]-[100, 255, 255][0m
[INFO] [1784153972.092060804] [upstairs_detector]: [0;33m未检测到有效上台阶: bands=0, target_band_from_bottom=1, mask_px=4696, frame=251, hsv=[30, 40, 30]-[100, 255, 255][0m
[INFO] [1784153973.135746085] [upstairs_detector]: [0;33m未检测到有效上台阶: bands=0, target_band_from_bottom=1, mask_px=4616, frame=266, hsv=[30, 40, 30]-[100, 255, 255][0m
[INFO] [1784153974.187682707] [upstairs_detector]: [0;33m未检测到有效上台阶: bands=0, target_band_from_bottom=1, mask_px=4473, frame=279, hsv=[30, 40, 30]-[100, 255, 255][0m
[INFO] [1784153975.303633148] [upstairs_detector]: [0;33m未检测到有效上台阶: bands=0, target_band_from_bottom=1, mask_px=4733, frame=290, hsv=[30, 40, 30]-[100, 255, 255][0m
[INFO] [1784153976.190441659] [upstairs_detector]: [0;33m未检测到有效上台阶: bands=0, target_band_from_bottom=1, mask_px=4538, frame=303, hsv=[30, 40, 30]-[100, 255, 255][0m
[INFO] [1784153977.196090054] [upstairs_detector]: [0;33m未检测到有效上台阶: bands=0, target_band_from_bottom=1, mask_px=4105, frame=318, hsv=[30, 40, 30]-[100, 255, 255][0m
[INFO] [1784153978.200406254] [upstairs_detector]: [0;33m未检测到有效上台阶: bands=0, target_band_from_bottom=1, mask_px=4265, frame=333, hsv=[30, 40, 30]-[100, 255, 255][0m
[INFO] [1784153979.264501045] [upstairs_detector]: [0;33m未检测到有效上台阶: bands=0, target_band_from_bottom=1, mask_px=4346, frame=348, hsv=[30, 40, 30]-[100, 255, 255][0m
[INFO] [1784153980.325902067] [upstairs_detector]: [0;33m未检测到有效上台阶: bands=0, target_band_from_bottom=1, mask_px=4487, frame=364, hsv=[30, 40, 30]-[100, 255, 255][0m
[INFO] [1784153981.455539939] [upstairs_detector]: [0;33m未检测到有效上台阶: bands=0, target_band_from_bottom=1, mask_px=4281, frame=378, hsv=[30, 40, 30]-[100, 255, 255][0m
[INFO] [1784153982.431815340] [upstairs_detector]: [0;33m未检测到有效上台阶: bands=0, target_band_from_bottom=1, mask_px=4231, frame=389, hsv=[30, 40, 30]-[100, 255, 255][0m
[INFO] [1784153983.498271923] [upstairs_detector]: [0;33m未检测到有效上台阶: bands=0, target_band_from_bottom=1, mask_px=4216, frame=399, hsv=[30, 40, 30]-[100, 255, 255][0m
[INFO] [1784153984.498173825] [upstairs_detector]: [0;33m未检测到有效上台阶: bands=0, target_band_from_bottom=1, mask_px=4432, frame=414, hsv=[30, 40, 30]-[100, 255, 255][0m
[INFO] [1784153985.491157657] [upstairs_detector]: [0;33m未检测到有效上台阶: bands=0, target_band_from_bottom=1, mask_px=4208, frame=425, hsv=[30, 40, 30]-[100, 255, 255][0m
[INFO] [1784153986.605799223] [upstairs_detector]: [0;33m未检测到有效上台阶: bands=0, target_band_from_bottom=1, mask_px=4240, frame=441, hsv=[30, 40, 30]-[100, 255, 255][0m
[INFO] [1784153987.674436040] [upstairs_detector]: [0;33m未检测到有效上台阶: bands=0, target_band_from_bottom=1, mask_px=4437, frame=456, hsv=[30, 40, 30]-[100, 255, 255][0m
[INFO] [1784153988.679563205] [upstairs_detector]: [0;33m未检测到有效上台阶: bands=0, target_band_from_bottom=1, mask_px=4348, frame=470, hsv=[30, 40, 30]-[100, 255, 255][0m
[INFO] [1784153989.675872413] [upstairs_detector]: [0;33m未检测到有效上台阶: bands=0, target_band_from_bottom=1, mask_px=4783, frame=484, hsv=[30, 40, 30]-[100, 255, 255][0m
[INFO] [1784153990.751753297] [upstairs_detector]: [0;33m未检测到有效上台阶: bands=0, target_band_from_bottom=1, mask_px=4602, frame=498, hsv=[30, 40, 30]-[100, 255, 255][0m
[INFO] [1784153991.815681558] [upstairs_detector]: [0;33m未检测到有效上台阶: bands=0, target_band_from_bottom=1, mask_px=4975, frame=514, hsv=[30, 40, 30]-[100, 255, 255][0m
[INFO] [1784153992.934311411] [upstairs_detector]: [0;33m未检测到有效上台阶: bands=0, target_band_from_bottom=1, mask_px=4888, frame=530, hsv=[30, 40, 30]-[100, 255, 255][0m
[INFO] [1784153994.074070066] [upstairs_detector]: [0;33m未检测到有效上台阶: bands=0, target_band_from_bottom=1, mask_px=5749, frame=544, hsv=[30, 40, 30]-[100, 255, 255][0m
[INFO] [1784153995.075221191] [upstairs_detector]: [0;33m未检测到有效上台阶: bands=0, target_band_from_bottom=1, mask_px=5658, frame=558, hsv=[30, 40, 30]-[100, 255, 255][0m
[INFO] [1784153996.094206159] [upstairs_detector]: [0;33m未检测到有效上台阶: bands=0, target_band_from_bottom=1, mask_px=5979, frame=573, hsv=[30, 40, 30]-[100, 255, 255][0m
[INFO] [1784153997.171401671] [upstairs_detector]: [0;33m未检测到有效上台阶: bands=0, target_band_from_bottom=1, mask_px=5765, frame=588, hsv=[30, 40, 30]-[100, 255, 255][0m
[INFO] [1784153998.221913513] [upstairs_detector]: [0;33m未检测到有效上台阶: bands=0, target_band_from_bottom=1, mask_px=5578, frame=604, hsv=[30, 40, 30]-[100, 255, 255][0m
[INFO] [1784153999.218154569] [upstairs_detector]: [0;33m未检测到有效上台阶: bands=0, target_band_from_bottom=1, mask_px=5498, frame=616, hsv=[30, 40, 30]-[100, 255, 255][0m
[INFO] [1784154000.283951568] [upstairs_detector]: [0;33m未检测到有效上台阶: bands=0, target_band_from_bottom=1, mask_px=5331, frame=632, hsv=[30, 40, 30]-[100, 255, 255][0m
[INFO] [1784154001.352827392] [upstairs_detector]: [0;33m未检测到有效上台阶: bands=0, target_band_from_bottom=1, mask_px=5184, frame=648, hsv=[30, 40, 30]-[100, 255, 255][0m
[INFO] [1784154002.426494787] [upstairs_detector]: [0;33m未检测到有效上台阶: bands=0, target_band_from_bottom=1, mask_px=5428, frame=663, hsv=[30, 40, 30]-[100, 255, 255][0m
[INFO] [1784154003.497578809] [upstairs_detector]: [0;33m未检测到有效上台阶: bands=0, target_band_from_bottom=1, mask_px=5465, frame=677, hsv=[30, 40, 30]-[100, 255, 255][0m
[INFO] [1784154004.554357317] [upstairs_detector]: [0;33m未检测到有效上台阶: bands=0, target_band_from_bottom=1, mask_px=6124, frame=692, hsv=[30, 40, 30]-[100, 255, 255][0m
[INFO] [1784154005.615096274] [upstairs_detector]: [0;33m未检测到有效上台阶: bands=0, target_band_from_bottom=1, mask_px=5959, frame=702, hsv=[30, 40, 30]-[100, 255, 255][0m
[INFO] [1784154006.611867205] [upstairs_detector]: [0;33m未检测到有效上台阶: bands=0, target_band_from_bottom=1, mask_px=6063, frame=717, hsv=[30, 40, 30]-[100, 255, 255][0m
[INFO] [1784154007.615680100] [upstairs_detector]: [0;33m未检测到有效上台阶: bands=0, target_band_from_bottom=1, mask_px=6135, frame=732, hsv=[30, 40, 30]-[100, 255, 255][0m
[INFO] [1784154008.688292540] [upstairs_detector]: [0;33m未检测到有效上台阶: bands=0, target_band_from_bottom=1, mask_px=6139, frame=748, hsv=[30, 40, 30]-[100, 255, 255][0m
[INFO] [1784154009.691935990] [upstairs_detector]: [0;33m未检测到有效上台阶: bands=0, target_band_from_bottom=1, mask_px=6457, frame=763, hsv=[30, 40, 30]-[100, 255, 255][0m
[INFO] [1784154010.683462329] [upstairs_detector]: [0;33m未检测到有效上台阶: bands=0, target_band_from_bottom=1, mask_px=6501, frame=778, hsv=[30, 40, 30]-[100, 255, 255][0m
[INFO] [1784154011.753116176] [upstairs_detector]: [0;33m未检测到有效上台阶: bands=0, target_band_from_bottom=1, mask_px=6282, frame=794, hsv=[30, 40, 30]-[100, 255, 255][0m
[INFO] [1784154012.817894932] [upstairs_detector]: [0;33m未检测到有效上台阶: bands=0, target_band_from_bottom=1, mask_px=6530, frame=810, hsv=[30, 40, 30]-[100, 255, 255][0m
[INFO] [1784154013.817916636] [upstairs_detector]: [0;33m未检测到有效上台阶: bands=0, target_band_from_bottom=1, mask_px=6596, frame=825, hsv=[30, 40, 30]-[100, 255, 255][0m
[INFO] [1784154014.883622094] [upstairs_detector]: [0;33m未检测到有效上台阶: bands=0, target_band_from_bottom=1, mask_px=6550, frame=841, hsv=[30, 40, 30]-[100, 255, 255][0m
[INFO] [1784154015.952805095] [upstairs_detector]: [0;33m未检测到有效上台阶: bands=0, target_band_from_bottom=1, mask_px=6352, frame=857, hsv=[30, 40, 30]-[100, 255, 255][0m
[INFO] [1784154016.954987467] [upstairs_detector]: [0;33m未检测到有效上台阶: bands=0, target_band_from_bottom=1, mask_px=6683, frame=872, hsv=[30, 40, 30]-[100, 255, 255][0m
[INFO] [1784154018.023544090] [upstairs_detector]: [0;33m未检测到有效上台阶: bands=0, target_band_from_bottom=1, mask_px=6482, frame=888, hsv=[30, 40, 30]-[100, 255, 255][0m
[INFO] [1784154019.086295429] [upstairs_detector]: [0;33m未检测到有效上台阶: bands=0, target_band_from_bottom=1, mask_px=6353, frame=904, hsv=[30, 40, 30]-[100, 255, 255][0m
[INFO] [1784154020.087119140] [upstairs_detector]: [0;33m未检测到有效上台阶: bands=0, target_band_from_bottom=1, mask_px=6751, frame=919, hsv=[30, 40, 30]-[100, 255, 255][0m
[INFO] [1784154021.160458180] [upstairs_detector]: [0;33m未检测到有效上台阶: bands=0, target_band_from_bottom=1, mask_px=6429, frame=934, hsv=[30, 40, 30]-[100, 255, 255][0m
[INFO] [1784154022.158821195] [upstairs_detector]: [0;33m未检测到有效上台阶: bands=0, target_band_from_bottom=1, mask_px=6620, frame=949, hsv=[30, 40, 30]-[100, 255, 255][0m
[INFO] [1784154023.223258567] [upstairs_detector]: [0;33m未检测到有效上台阶: bands=0, target_band_from_bottom=1, mask_px=6189, frame=965, hsv=[30, 40, 30]-[100, 255, 255][0m
[INFO] [1784154024.223593814] [upstairs_detector]: [0;33m未检测到有效上台阶: bands=0, target_band_from_bottom=1, mask_px=6835, frame=980, hsv=[30, 40, 30]-[100, 255, 255][0m
[INFO] [1784154025.291900163] [upstairs_detector]: [0;33m未检测到有效上台阶: bands=0, target_band_from_bottom=1, mask_px=6511, frame=996, hsv=[30, 40, 30]-[100, 255, 255][0m
[INFO] [1784154026.309816890] [upstairs_detector]: [0;33m未检测到有效上台阶: bands=0, target_band_from_bottom=1, mask_px=6482, frame=1011, hsv=[30, 40, 30]-[100, 255, 255][0m
[INFO] [1784154027.601362534] [upstairs_detector]: [0;33m未检测到有效上台阶: bands=0, target_band_from_bottom=1, mask_px=6652, frame=1020, hsv=[30, 40, 30]-[100, 255, 255][0m
[INFO] [1784154028.522170774] [upstairs_detector]: [0;33m未检测到有效上台阶: bands=0, target_band_from_bottom=1, mask_px=6823, frame=1030, hsv=[30, 40, 30]-[100, 255, 255][0m
[INFO] [1784154029.563813824] [upstairs_detector]: [0;33m未检测到有效上台阶: bands=0, target_band_from_bottom=1, mask_px=5605, frame=1045, hsv=[30, 40, 30]-[100, 255, 255][0m
[INFO] [1784154030.563150373] [upstairs_detector]: [0;33m未检测到有效上台阶: bands=0, target_band_from_bottom=1, mask_px=5844, frame=1060, hsv=[30, 40, 30]-[100, 255, 255][0m
[INFO] [1784154031.586939461] [upstairs_detector]: [0;33m未检测到有效上台阶: bands=0, target_band_from_bottom=1, mask_px=5478, frame=1075, hsv=[30, 40, 30]-[100, 255, 255][0m
[INFO] [1784154032.572733519] [upstairs_detector]: [0;33m未检测到有效上台阶: bands=0, target_band_from_bottom=1, mask_px=5972, frame=1089, hsv=[30, 40, 30]-[100, 255, 255][0m
[INFO] [1784154033.592681382] [upstairs_detector]: [0;33m未检测到有效上台阶: bands=0, target_band_from_bottom=1, mask_px=5714, frame=1103, hsv=[30, 40, 30]-[100, 255, 255][0m
[INFO] [1784154034.582564679] [upstairs_detector]: [0;33m未检测到有效上台阶: bands=0, target_band_from_bottom=1, mask_px=5659, frame=1118, hsv=[30, 40, 30]-[100, 255, 255][0m
[INFO] [1784154035.574584673] [upstairs_detector]: [0;33m未检测到有效上台阶: bands=0, target_band_from_bottom=1, mask_px=5728, frame=1132, hsv=[30, 40, 30]-[100, 255, 255][0m
[INFO] [1784154036.598086902] [upstairs_detector]: [0;33m未检测到有效上台阶: bands=0, target_band_from_bottom=1, mask_px=5797, frame=1146, hsv=[30, 40, 30]-[100, 255, 255][0m
[INFO] [1784154037.650479239] [upstairs_detector]: [0;33m未检测到有效上台阶: bands=0, target_band_from_bottom=1, mask_px=5554, frame=1159, hsv=[30, 40, 30]-[100, 255, 255][0m
[INFO] [1784154038.644707220] [upstairs_detector]: [0;33m未检测到有效上台阶: bands=0, target_band_from_bottom=1, mask_px=5593, frame=1174, hsv=[30, 40, 30]-[100, 255, 255][0m
[INFO] [1784154039.671998679] [upstairs_detector]: [0;33m未检测到有效上台阶: bands=0, target_band_from_bottom=1, mask_px=5423, frame=1187, hsv=[30, 40, 30]-[100, 255, 255][0m
[INFO] [1784154040.663209078] [upstairs_detector]: [0;33m未检测到有效上台阶: bands=0, target_band_from_bottom=1, mask_px=5561, frame=1202, hsv=[30, 40, 30]-[100, 255, 255][0m
[INFO] [1784154041.707838654] [upstairs_detector]: [0;33m未检测到有效上台阶: bands=0, target_band_from_bottom=1, mask_px=5651, frame=1218, hsv=[30, 40, 30]-[100, 255, 255][0m
[INFO] [1784154042.714607507] [upstairs_detector]: [0;33m未检测到有效上台阶: bands=0, target_band_from_bottom=1, mask_px=5955, frame=1232, hsv=[30, 40, 30]-[100, 255, 255][0m
[INFO] [1784154043.723552079] [upstairs_detector]: [0;33m未检测到有效上台阶: bands=0, target_band_from_bottom=1, mask_px=5832, frame=1247, hsv=[30, 40, 30]-[100, 255, 255][0m
[INFO] [1784154044.778249362] [upstairs_detector]: [0;33m未检测到有效上台阶: bands=0, target_band_from_bottom=1, mask_px=6102, frame=1261, hsv=[30, 40, 30]-[100, 255, 255][0m
[INFO] [1784154045.794629786] [upstairs_detector]: [0;33m未检测到有效上台阶: bands=0, target_band_from_bottom=1, mask_px=5523, frame=1276, hsv=[30, 40, 30]-[100, 255, 255][0m
[INFO] [1784154046.867131584] [upstairs_detector]: [0;33m未检测到有效上台阶: bands=0, target_band_from_bottom=1, mask_px=6034, frame=1292, hsv=[30, 40, 30]-[100, 255, 255][0m
[INFO] [1784154047.938955366] [upstairs_detector]: [0;33m未检测到有效上台阶: bands=0, target_band_from_bottom=1, mask_px=5895, frame=1308, hsv=[30, 40, 30]-[100, 255, 255][0m
[INFO] [1784154048.949622017] [upstairs_detector]: [0;33m未检测到有效上台阶: bands=0, target_band_from_bottom=1, mask_px=5879, frame=1321, hsv=[30, 40, 30]-[100, 255, 255][0m
[INFO] [1784154050.018902963] [upstairs_detector]: [0;33m未检测到有效上台阶: bands=0, target_band_from_bottom=1, mask_px=5676, frame=1335, hsv=[30, 40, 30]-[100, 255, 255][0m
[INFO] [1784154051.053614658] [upstairs_detector]: [0;33m未检测到有效上台阶: bands=0, target_band_from_bottom=1, mask_px=5649, frame=1350, hsv=[30, 40, 30]-[100, 255, 255][0m
[INFO] [1784154052.061276622] [upstairs_detector]: [0;33m未检测到有效上台阶: bands=0, target_band_from_bottom=1, mask_px=5723, frame=1363, hsv=[30, 40, 30]-[100, 255, 255][0m
[INFO] [1784154053.110503302] [upstairs_detector]: [0;33m未检测到有效上台阶: bands=0, target_band_from_bottom=1, mask_px=5723, frame=1378, hsv=[30, 40, 30]-[100, 255, 255][0m
[INFO] [1784154054.119804791] [upstairs_detector]: [0;33m未检测到有效上台阶: bands=0, target_band_from_bottom=1, mask_px=5887, frame=1389, hsv=[30, 40, 30]-[100, 255, 255][0m
[INFO] [1784154055.135308292] [upstairs_detector]: [0;33m未检测到有效上台阶: bands=0, target_band_from_bottom=1, mask_px=5832, frame=1401, hsv=[30, 40, 30]-[100, 255, 255][0m
[INFO] [1784154056.153713389] [upstairs_detector]: [0;33m未检测到有效上台阶: bands=0, target_band_from_bottom=1, mask_px=5235, frame=1416, hsv=[30, 40, 30]-[100, 255, 255][0m
[INFO] [1784154057.188594553] [upstairs_detector]: [0;33m未检测到有效上台阶: bands=0, target_band_from_bottom=1, mask_px=5399, frame=1428, hsv=[30, 40, 30]-[100, 255, 255][0m
[INFO] [1784154058.180692478] [upstairs_detector]: [0;33m未检测到有效上台阶: bands=0, target_band_from_bottom=1, mask_px=6020, frame=1443, hsv=[30, 40, 30]-[100, 255, 255][0m
[INFO] [1784154059.187779232] [upstairs_detector]: [0;33m未检测到有效上台阶: bands=0, target_band_from_bottom=1, mask_px=5511, frame=1458, hsv=[30, 40, 30]-[100, 255, 255][0m
[INFO] [1784154060.249262104] [upstairs_detector]: [0;33m未检测到有效上台阶: bands=0, target_band_from_bottom=1, mask_px=5797, frame=1474, hsv=[30, 40, 30]-[100, 255, 255][0m
[INFO] [1784154061.249495940] [upstairs_detector]: [0;33m未检测到有效上台阶: bands=0, target_band_from_bottom=1, mask_px=5540, frame=1489, hsv=[30, 40, 30]-[100, 255, 255][0m
[INFO] [1784154062.260743919] [upstairs_detector]: [0;33m未检测到有效上台阶: bands=0, target_band_from_bottom=1, mask_px=5777, frame=1503, hsv=[30, 40, 30]-[100, 255, 255][0m
[INFO] [1784154063.324939424] [upstairs_detector]: [0;33m未检测到有效上台阶: bands=0, target_band_from_bottom=1, mask_px=6264, frame=1519, hsv=[30, 40, 30]-[100, 255, 255][0m
[INFO] [1784154064.325628071] [upstairs_detector]: [0;33m未检测到有效上台阶: bands=0, target_band_from_bottom=1, mask_px=5325, frame=1534, hsv=[30, 40, 30]-[100, 255, 255][0m
[INFO] [1784154065.390215801] [upstairs_detector]: [0;33m未检测到有效上台阶: bands=0, target_band_from_bottom=1, mask_px=6241, frame=1550, hsv=[30, 40, 30]-[100, 255, 255][0m
[INFO] [1784154066.455730737] [upstairs_detector]: [0;33m未检测到有效上台阶: bands=0, target_band_from_bottom=1, mask_px=5677, frame=1566, hsv=[30, 40, 30]-[100, 255, 255][0m
[INFO] [1784154067.464584658] [upstairs_detector]: [0;33m未检测到有效上台阶: bands=0, target_band_from_bottom=1, mask_px=5771, frame=1581, hsv=[30, 40, 30]-[100, 255, 255][0m
[INFO] [1784154068.525326196] [upstairs_detector]: [0;33m未检测到有效上台阶: bands=0, target_band_from_bottom=1, mask_px=5731, frame=1597, hsv=[30, 40, 30]-[100, 255, 255][0m
[INFO] [1784154069.592220780] [upstairs_detector]: [0;33m未检测到有效上台阶: bands=0, target_band_from_bottom=1, mask_px=6120, frame=1613, hsv=[30, 40, 30]-[100, 255, 255][0m
[INFO] [1784154070.657449070] [upstairs_detector]: [0;33m未检测到有效上台阶: bands=0, target_band_from_bottom=1, mask_px=6131, frame=1629, hsv=[30, 40, 30]-[100, 255, 255][0m
[INFO] [1784154071.660722388] [upstairs_detector]: [0;33m未检测到有效上台阶: bands=0, target_band_from_bottom=1, mask_px=6151, frame=1644, hsv=[30, 40, 30]-[100, 255, 255][0m
[INFO] [1784154072.664722510] [upstairs_detector]: [0;33m未检测到有效上台阶: bands=0, target_band_from_bottom=1, mask_px=5570, frame=1659, hsv=[30, 40, 30]-[100, 255, 255][0m
[INFO] [1784154073.728560617] [upstairs_detector]: [0;33m未检测到有效上台阶: bands=0, target_band_from_bottom=1, mask_px=5603, frame=1675, hsv=[30, 40, 30]-[100, 255, 255][0m
[INFO] [1784154074.727673567] [upstairs_detector]: [0;33m未检测到有效上台阶: bands=0, target_band_from_bottom=1, mask_px=5829, frame=1689, hsv=[30, 40, 30]-[100, 255, 255][0m
[INFO] [1784154075.730713424] [upstairs_detector]: [0;33m未检测到有效上台阶: bands=0, target_band_from_bottom=1, mask_px=6056, frame=1703, hsv=[30, 40, 30]-[100, 255, 255][0m
[INFO] [1784154076.794425769] [upstairs_detector]: [0;33m未检测到有效上台阶: bands=0, target_band_from_bottom=1, mask_px=6010, frame=1719, hsv=[30, 40, 30]-[100, 255, 255][0m
[INFO] [1784154077.797252568] [upstairs_detector]: [0;33m未检测到有效上台阶: bands=0, target_band_from_bottom=1, mask_px=5590, frame=1734, hsv=[30, 40, 30]-[100, 255, 255][0m
[INFO] [1784154078.798336293] [upstairs_detector]: [0;33m未检测到有效上台阶: bands=0, target_band_from_bottom=1, mask_px=6186, frame=1749, hsv=[30, 40, 30]-[100, 255, 255][0m
[INFO] [1784154079.799676989] [upstairs_detector]: [0;33m未检测到有效上台阶: bands=0, target_band_from_bottom=1, mask_px=6084, frame=1764, hsv=[30, 40, 30]-[100, 255, 255][0m
[INFO] [1784154080.799471978] [upstairs_detector]: [0;33m未检测到有效上台阶: bands=0, target_band_from_bottom=1, mask_px=5812, frame=1779, hsv=[30, 40, 30]-[100, 255, 255][0m
[INFO] [1784154081.801460285] [upstairs_detector]: [0;33m未检测到有效上台阶: bands=0, target_band_from_bottom=1, mask_px=6350, frame=1794, hsv=[30, 40, 30]-[100, 255, 255][0m
[INFO] [1784154082.799222752] [upstairs_detector]: [0;33m未检测到有效上台阶: bands=0, target_band_from_bottom=1, mask_px=6297, frame=1809, hsv=[30, 40, 30]-[100, 255, 255][0m
[INFO] [1784154083.799890356] [upstairs_detector]: [0;33m未检测到有效上台阶: bands=0, target_band_from_bottom=1, mask_px=6100, frame=1824, hsv=[30, 40, 30]-[100, 255, 255][0m
[INFO] [1784154084.808042685] [upstairs_detector]: [0;33m未检测到有效上台阶: bands=0, target_band_from_bottom=1, mask_px=3815, frame=1839, hsv=[30, 40, 30]-[100, 255, 255][0m
[INFO] [1784154085.878175198] [upstairs_detector]: [0;33m未检测到有效上台阶: bands=0, target_band_from_bottom=1, mask_px=6706, frame=1855, hsv=[30, 40, 30]-[100, 255, 255][0m
[INFO] [1784154086.941956898] [upstairs_detector]: [0;33m未检测到有效上台阶: bands=0, target_band_from_bottom=1, mask_px=5925, frame=1871, hsv=[30, 40, 30]-[100, 255, 255][0m
[INFO] [1784154088.013486112] [upstairs_detector]: [0;33m未检测到有效上台阶: bands=0, target_band_from_bottom=1, mask_px=6023, frame=1887, hsv=[30, 40, 30]-[100, 255, 255][0m
[INFO] [1784154089.069968454] [upstairs_detector]: [0;33m未检测到有效上台阶: bands=0, target_band_from_bottom=1, mask_px=385, frame=1903, hsv=[30, 40, 30]-[100, 255, 255][0m
[INFO] [1784154090.070806447] [upstairs_detector]: [0;33m未检测到有效上台阶: bands=0, target_band_from_bottom=1, mask_px=5371, frame=1918, hsv=[30, 40, 30]-[100, 255, 255][0m
[INFO] [1784154091.072086315] [upstairs_detector]: [0;33m未检测到有效上台阶: bands=0, target_band_from_bottom=1, mask_px=5951, frame=1933, hsv=[30, 40, 30]-[100, 255, 255][0m
[INFO] [1784154092.072319870] [upstairs_detector]: [0;33m未检测到有效上台阶: bands=0, target_band_from_bottom=1, mask_px=6211, frame=1948, hsv=[30, 40, 30]-[100, 255, 255][0m
[INFO] [1784154093.075216562] [upstairs_detector]: [0;33m未检测到有效上台阶: bands=0, target_band_from_bottom=1, mask_px=6102, frame=1963, hsv=[30, 40, 30]-[100, 255, 255][0m
[INFO] [1784154094.142024297] [upstairs_detector]: [0;33m未检测到有效上台阶: bands=0, target_band_from_bottom=1, mask_px=5743, frame=1979, hsv=[30, 40, 30]-[100, 255, 255][0m
[INFO] [1784154095.152201357] [upstairs_detector]: [0;33m未检测到有效上台阶: bands=0, target_band_from_bottom=1, mask_px=6345, frame=1994, hsv=[30, 40, 30]-[100, 255, 255][0m
[INFO] [1784154096.212197606] [upstairs_detector]: [0;33m未检测到有效上台阶: bands=0, target_band_from_bottom=1, mask_px=6229, frame=2010, hsv=[30, 40, 30]-[100, 255, 255][0m
[INFO] [1784154097.291410923] [upstairs_detector]: [0;33m未检测到有效上台阶: bands=0, target_band_from_bottom=1, mask_px=6257, frame=2026, hsv=[30, 40, 30]-[100, 255, 255][0m
[INFO] [1784154098.345861974] [upstairs_detector]: [0;33m未检测到有效上台阶: bands=0, target_band_from_bottom=1, mask_px=5919, frame=2042, hsv=[30, 40, 30]-[100, 255, 255][0m
[INFO] [1784154099.348345166] [upstairs_detector]: [0;33m未检测到有效上台阶: bands=0, target_band_from_bottom=1, mask_px=6282, frame=2057, hsv=[30, 40, 30]-[100, 255, 255][0m
[INFO] [1784154100.345926754] [upstairs_detector]: [0;33m未检测到有效上台阶: bands=0, target_band_from_bottom=1, mask_px=6273, frame=2072, hsv=[30, 40, 30]-[100, 255, 255][0m
[INFO] [1784154101.346515607] [upstairs_detector]: [0;33m未检测到有效上台阶: bands=0, target_band_from_bottom=1, mask_px=6043, frame=2087, hsv=[30, 40, 30]-[100, 255, 255][0m
[INFO] [1784154102.415311004] [upstairs_detector]: [0;33m未检测到有效上台阶: bands=0, target_band_from_bottom=1, mask_px=6624, frame=2103, hsv=[30, 40, 30]-[100, 255, 255][0m
[INFO] [1784154103.418978279] [upstairs_detector]: [0;33m未检测到有效上台阶: bands=0, target_band_from_bottom=1, mask_px=6280, frame=2118, hsv=[30, 40, 30]-[100, 255, 255][0m
[INFO] [1784154104.482797272] [upstairs_detector]: [0;33m未检测到有效上台阶: bands=0, target_band_from_bottom=1, mask_px=6504, frame=2134, hsv=[30, 40, 30]-[100, 255, 255][0m
[INFO] [1784154105.558934321] [upstairs_detector]: [0;33m未检测到有效上台阶: bands=0, target_band_from_bottom=1, mask_px=6737, frame=2150, hsv=[30, 40, 30]-[100, 255, 255][0m
[INFO] [1784154106.554184259] [upstairs_detector]: [0;33m未检测到有效上台阶: bands=0, target_band_from_bottom=1, mask_px=6518, frame=2165, hsv=[30, 40, 30]-[100, 255, 255][0m
[INFO] [1784154107.556184499] [upstairs_detector]: [0;33m未检测到有效上台阶: bands=0, target_band_from_bottom=1, mask_px=6465, frame=2180, hsv=[30, 40, 30]-[100, 255, 255][0m
[INFO] [1784154108.552642493] [upstairs_detector]: [0;33m未检测到有效上台阶: bands=0, target_band_from_bottom=1, mask_px=6623, frame=2195, hsv=[30, 40, 30]-[100, 255, 255][0m
[INFO] [1784154109.559960362] [upstairs_detector]: [0;33m未检测到有效上台阶: bands=0, target_band_from_bottom=1, mask_px=6615, frame=2210, hsv=[30, 40, 30]-[100, 255, 255][0m
[INFO] [1784154110.621477545] [upstairs_detector]: [0;33m未检测到有效上台阶: bands=0, target_band_from_bottom=1, mask_px=7447, frame=2225, hsv=[30, 40, 30]-[100, 255, 255][0m
[INFO] [1784154111.622597046] [upstairs_detector]: [0;33m未检测到有效上台阶: bands=0, target_band_from_bottom=1, mask_px=8044, frame=2240, hsv=[30, 40, 30]-[100, 255, 255][0m
[INFO] [1784154112.622084389] [upstairs_detector]: [0;33m未检测到有效上台阶: bands=0, target_band_from_bottom=1, mask_px=7793, frame=2255, hsv=[30, 40, 30]-[100, 255, 255][0m
[INFO] [1784154113.622495990] [upstairs_detector]: [0;33m未检测到有效上台阶: bands=0, target_band_from_bottom=1, mask_px=7489, frame=2270, hsv=[30, 40, 30]-[100, 255, 255][0m
[INFO] [1784154114.631745479] [upstairs_detector]: [0;33m未检测到有效上台阶: bands=0, target_band_from_bottom=1, mask_px=7501, frame=2285, hsv=[30, 40, 30]-[100, 255, 255][0m
[INFO] [1784154115.692578035] [upstairs_detector]: [0;33m未检测到有效上台阶: bands=0, target_band_from_bottom=1, mask_px=7562, frame=2301, hsv=[30, 40, 30]-[100, 255, 255][0m
[INFO] [1784154116.690469456] [upstairs_detector]: [0;33m未检测到有效上台阶: bands=0, target_band_from_bottom=1, mask_px=7521, frame=2316, hsv=[30, 40, 30]-[100, 255, 255][0m
[INFO] [1784154117.692013689] [upstairs_detector]: [0;33m未检测到有效上台阶: bands=0, target_band_from_bottom=1, mask_px=7653, frame=2331, hsv=[30, 40, 30]-[100, 255, 255][0m
[INFO] [1784154118.760418701] [upstairs_detector]: [0;33m未检测到有效上台阶: bands=0, target_band_from_bottom=1, mask_px=7469, frame=2347, hsv=[30, 40, 30]-[100, 255, 255][0m
[INFO] [1784154119.767052080] [upstairs_detector]: [0;33m未检测到有效上台阶: bands=0, target_band_from_bottom=1, mask_px=7444, frame=2362, hsv=[30, 40, 30]-[100, 255, 255][0m
[INFO] [1784154120.828144818] [upstairs_detector]: [0;33m未检测到有效上台阶: bands=0, target_band_from_bottom=1, mask_px=7174, frame=2378, hsv=[30, 40, 30]-[100, 255, 255][0m
[INFO] [1784154121.829644571] [upstairs_detector]: [0;33m未检测到有效上台阶: bands=0, target_band_from_bottom=1, mask_px=7382, frame=2393, hsv=[30, 40, 30]-[100, 255, 255][0m
[INFO] [1784154122.831727587] [upstairs_detector]: [0;33m未检测到有效上台阶: bands=0, target_band_from_bottom=1, mask_px=7722, frame=2408, hsv=[30, 40, 30]-[100, 255, 255][0m
[INFO] [1784154123.834458609] [upstairs_detector]: [0;33m未检测到有效上台阶: bands=0, target_band_from_bottom=1, mask_px=7557, frame=2423, hsv=[30, 40, 30]-[100, 255, 255][0m
[INFO] [1784154124.903790992] [upstairs_detector]: [0;33m未检测到有效上台阶: bands=0, target_band_from_bottom=1, mask_px=7449, frame=2439, hsv=[30, 40, 30]-[100, 255, 255][0m
[INFO] [1784154125.966087386] [upstairs_detector]: [0;33m未检测到有效上台阶: bands=0, target_band_from_bottom=1, mask_px=7487, frame=2455, hsv=[30, 40, 30]-[100, 255, 255][0m
[INFO] [1784154127.040185938] [upstairs_detector]: [0;33m未检测到有效上台阶: bands=0, target_band_from_bottom=1, mask_px=7712, frame=2471, hsv=[30, 40, 30]-[100, 255, 255][0m
[INFO] [1784154128.104597115] [upstairs_detector]: [0;33m未检测到有效上台阶: bands=0, target_band_from_bottom=1, mask_px=7195, frame=2487, hsv=[30, 40, 30]-[100, 255, 255][0m
[INFO] [1784154129.171533012] [upstairs_detector]: [0;33m未检测到有效上台阶: bands=0, target_band_from_bottom=1, mask_px=7462, frame=2503, hsv=[30, 40, 30]-[100, 255, 255][0m
[INFO] [1784154130.235629951] [upstairs_detector]: [0;33m未检测到有效上台阶: bands=0, target_band_from_bottom=1, mask_px=7637, frame=2519, hsv=[30, 40, 30]-[100, 255, 255][0m
[INFO] [1784154131.236103411] [upstairs_detector]: [0;33m未检测到有效上台阶: bands=0, target_band_from_bottom=1, mask_px=7344, frame=2534, hsv=[30, 40, 30]-[100, 255, 255][0m
[INFO] [1784154132.244855197] [upstairs_detector]: [0;33m未检测到有效上台阶: bands=0, target_band_from_bottom=1, mask_px=7170, frame=2549, hsv=[30, 40, 30]-[100, 255, 255][0m
[INFO] [1784154133.310051000] [upstairs_detector]: [0;33m未检测到有效上台阶: bands=0, target_band_from_bottom=1, mask_px=7324, frame=2565, hsv=[30, 40, 30]-[100, 255, 255][0m
[INFO] [1784154134.378504792] [upstairs_detector]: [0;33m未检测到有效上台阶: bands=0, target_band_from_bottom=1, mask_px=7083, frame=2581, hsv=[30, 40, 30]-[100, 255, 255][0m
[INFO] [1784154135.375657594] [upstairs_detector]: [0;33m未检测到有效上台阶: bands=0, target_band_from_bottom=1, mask_px=7241, frame=2596, hsv=[30, 40, 30]-[100, 255, 255][0m
[INFO] [1784154136.379074270] [upstairs_detector]: [0;33m未检测到有效上台阶: bands=0, target_band_from_bottom=1, mask_px=7524, frame=2611, hsv=[30, 40, 30]-[100, 255, 255][0m
[INFO] [1784154137.445489740] [upstairs_detector]: [0;33m未检测到有效上台阶: bands=0, target_band_from_bottom=1, mask_px=7233, frame=2627, hsv=[30, 40, 30]-[100, 255, 255][0m
[INFO] [1784154138.508056215] [upstairs_detector]: [0;33m未检测到有效上台阶: bands=0, target_band_from_bottom=1, mask_px=7287, frame=2643, hsv=[30, 40, 30]-[100, 255, 255][0m
[INFO] [1784154139.507531192] [upstairs_detector]: [0;33m未检测到有效上台阶: bands=0, target_band_from_bottom=1, mask_px=7370, frame=2658, hsv=[30, 40, 30]-[100, 255, 255][0m
[INFO] [1784154140.510424977] [upstairs_detector]: [0;33m未检测到有效上台阶: bands=0, target_band_from_bottom=1, mask_px=7633, frame=2673, hsv=[30, 40, 30]-[100, 255, 255][0m
[INFO] [1784154141.513094418] [upstairs_detector]: [0;33m未检测到有效上台阶: bands=0, target_band_from_bottom=1, mask_px=7462, frame=2687, hsv=[30, 40, 30]-[100, 255, 255][0m
[INFO] [1784154142.512858538] [upstairs_detector]: [0;33m未检测到有效上台阶: bands=0, target_band_from_bottom=1, mask_px=7648, frame=2702, hsv=[30, 40, 30]-[100, 255, 255][0m
[INFO] [1784154143.584305329] [upstairs_detector]: [0;33m未检测到有效上台阶: bands=0, target_band_from_bottom=1, mask_px=7795, frame=2718, hsv=[30, 40, 30]-[100, 255, 255][0m
[INFO] [1784154144.586124921] [upstairs_detector]: [0;33m未检测到有效上台阶: bands=0, target_band_from_bottom=1, mask_px=7811, frame=2733, hsv=[30, 40, 30]-[100, 255, 255][0m
[INFO] [1784154145.645954062] [upstairs_detector]: [0;33m未检测到有效上台阶: bands=0, target_band_from_bottom=1, mask_px=7929, frame=2749, hsv=[30, 40, 30]-[100, 255, 255][0m
[INFO] [1784154146.714994657] [upstairs_detector]: [0;33m未检测到有效上台阶: bands=0, target_band_from_bottom=1, mask_px=7748, frame=2765, hsv=[30, 40, 30]-[100, 255, 255][0m
[INFO] [1784154147.718547031] [upstairs_detector]: [0;33m未检测到有效上台阶: bands=0, target_band_from_bottom=1, mask_px=7969, frame=2780, hsv=[30, 40, 30]-[100, 255, 255][0m
[INFO] [1784154148.784241552] [upstairs_detector]: [0;33m未检测到有效上台阶: bands=0, target_band_from_bottom=1, mask_px=7849, frame=2796, hsv=[30, 40, 30]-[100, 255, 255][0m
[INFO] [1784154149.854392420] [upstairs_detector]: [0;33m未检测到有效上台阶: bands=0, target_band_from_bottom=1, mask_px=7758, frame=2812, hsv=[30, 40, 30]-[100, 255, 255][0m
[INFO] [1784154150.852547911] [upstairs_detector]: [0;33m未检测到有效上台阶: bands=0, target_band_from_bottom=1, mask_px=7635, frame=2827, hsv=[30, 40, 30]-[100, 255, 255][0m
[INFO] [1784154151.852034762] [upstairs_detector]: [0;33m未检测到有效上台阶: bands=0, target_band_from_bottom=1, mask_px=1201, frame=2842, hsv=[30, 40, 30]-[100, 255, 255][0m
[INFO] [1784154152.917246621] [upstairs_detector]: [0;33m未检测到有效上台阶: bands=0, target_band_from_bottom=1, mask_px=8236, frame=2858, hsv=[30, 40, 30]-[100, 255, 255][0m
[INFO] [1784154153.919597304] [upstairs_detector]: [0;33m未检测到有效上台阶: bands=0, target_band_from_bottom=1, mask_px=8041, frame=2873, hsv=[30, 40, 30]-[100, 255, 255][0m
[INFO] [1784154154.918506574] [upstairs_detector]: [0;33m未检测到有效上台阶: bands=0, target_band_from_bottom=1, mask_px=7799, frame=2888, hsv=[30, 40, 30]-[100, 255, 255][0m
[INFO] [1784154155.923260105] [upstairs_detector]: [0;33m未检测到有效上台阶: bands=0, target_band_from_bottom=1, mask_px=7932, frame=2903, hsv=[30, 40, 30]-[100, 255, 255][0m
[INFO] [1784154156.921413440] [upstairs_detector]: [0;33m未检测到有效上台阶: bands=0, target_band_from_bottom=1, mask_px=8028, frame=2918, hsv=[30, 40, 30]-[100, 255, 255][0m
[INFO] [1784154157.989669771] [upstairs_detector]: [0;33m未检测到有效上台阶: bands=0, target_band_from_bottom=1, mask_px=7759, frame=2934, hsv=[30, 40, 30]-[100, 255, 255][0m
[INFO] [1784154158.997636747] [upstairs_detector]: [0;33m未检测到有效上台阶: bands=0, target_band_from_bottom=1, mask_px=8705, frame=2949, hsv=[30, 40, 30]-[100, 255, 255][0m
[INFO] [1784154160.058528254] [upstairs_detector]: [0;33m未检测到有效上台阶: bands=0, target_band_from_bottom=1, mask_px=8123, frame=2965, hsv=[30, 40, 30]-[100, 255, 255][0m
[INFO] [1784154161.059229412] [upstairs_detector]: [0;33m未检测到有效上台阶: bands=0, target_band_from_bottom=1, mask_px=7889, frame=2980, hsv=[30, 40, 30]-[100, 255, 255][0m
[INFO] [1784154162.126746567] [upstairs_detector]: [0;33m未检测到有效上台阶: bands=0, target_band_from_bottom=1, mask_px=7699, frame=2995, hsv=[30, 40, 30]-[100, 255, 255][0m
[INFO] [1784154163.130631996] [upstairs_detector]: [0;33m未检测到有效上台阶: bands=0, target_band_from_bottom=1, mask_px=7577, frame=3010, hsv=[30, 40, 30]-[100, 255, 255][0m
[INFO] [1784154164.195336494] [upstairs_detector]: [0;33m未检测到有效上台阶: bands=0, target_band_from_bottom=1, mask_px=7821, frame=3026, hsv=[30, 40, 30]-[100, 255, 255][0m
[INFO] [1784154165.430169463] [upstairs_detector]: [0;33m未检测到有效上台阶: bands=0, target_band_from_bottom=1, mask_px=8113, frame=3036, hsv=[30, 40, 30]-[100, 255, 255][0m
[INFO] [1784154166.434204363] [upstairs_detector]: [0;33m未检测到有效上台阶: bands=0, target_band_from_bottom=1, mask_px=7487, frame=3042, hsv=[30, 40, 30]-[100, 255, 255][0m
[INFO] [1784154167.457485748] [upstairs_detector]: [0;33m未检测到有效上台阶: bands=0, target_band_from_bottom=1, mask_px=8129, frame=3053, hsv=[30, 40, 30]-[100, 255, 255][0m
[INFO] [1784154168.485939465] [upstairs_detector]: [0;33m未检测到有效上台阶: bands=0, target_band_from_bottom=1, mask_px=8266, frame=3067, hsv=[30, 40, 30]-[100, 255, 255][0m
[INFO] [1784154169.533701169] [upstairs_detector]: [0;33m未检测到有效上台阶: bands=0, target_band_from_bottom=1, mask_px=7588, frame=3083, hsv=[30, 40, 30]-[100, 255, 255][0m
[INFO] [1784154170.606147951] [upstairs_detector]: [0;33m未检测到有效上台阶: bands=0, target_band_from_bottom=1, mask_px=8187, frame=3097, hsv=[30, 40, 30]-[100, 255, 255][0m
[INFO] [1784154171.603205488] [upstairs_detector]: [0;33m未检测到有效上台阶: bands=0, target_band_from_bottom=1, mask_px=8190, frame=3110, hsv=[30, 40, 30]-[100, 255, 255][0m
[INFO] [1784154172.885279738] [upstairs_detector]: [0;33m未检测到有效上台阶: bands=0, target_band_from_bottom=1, mask_px=8191, frame=3119, hsv=[30, 40, 30]-[100, 255, 255][0m
[INFO] [1784154173.688676728] [upstairs_detector]: [0;33m未检测到有效上台阶: bands=0, target_band_from_bottom=1, mask_px=7908, frame=3135, hsv=[30, 40, 30]-[100, 255, 255][0m
[INFO] [1784154174.739583840] [upstairs_detector]: [0;33m未检测到有效上台阶: bands=0, target_band_from_bottom=1, mask_px=7791, frame=3149, hsv=[30, 40, 30]-[100, 255, 255][0m
[INFO] [1784154175.825762921] [upstairs_detector]: [0;33m未检测到有效上台阶: bands=0, target_band_from_bottom=1, mask_px=7820, frame=3165, hsv=[30, 40, 30]-[100, 255, 255][0m
[INFO] [1784154176.847780283] [upstairs_detector]: [0;33m未检测到有效上台阶: bands=0, target_band_from_bottom=1, mask_px=8029, frame=3180, hsv=[30, 40, 30]-[100, 255, 255][0m
[INFO] [1784154177.885485896] [upstairs_detector]: [0;33m未检测到有效上台阶: bands=0, target_band_from_bottom=1, mask_px=7922, frame=3194, hsv=[30, 40, 30]-[100, 255, 255][0m
[INFO] [1784154178.950235445] [upstairs_detector]: [0;33m未检测到有效上台阶: bands=0, target_band_from_bottom=1, mask_px=8476, frame=3205, hsv=[30, 40, 30]-[100, 255, 255][0m
[INFO] [1784154180.011685172] [upstairs_detector]: [0;33m未检测到有效上台阶: bands=0, target_band_from_bottom=1, mask_px=7924, frame=3220, hsv=[30, 40, 30]-[100, 255, 255][0m
[INFO] [1784154181.073729511] [upstairs_detector]: [0;33m未检测到有效上台阶: bands=0, target_band_from_bottom=1, mask_px=7537, frame=3236, hsv=[30, 40, 30]-[100, 255, 255][0m
[INFO] [1784154182.076992524] [upstairs_detector]: [0;33m未检测到有效上台阶: bands=0, target_band_from_bottom=1, mask_px=7764, frame=3251, hsv=[30, 40, 30]-[100, 255, 255][0m
[INFO] [1784154183.076787304] [upstairs_detector]: [0;33m未检测到有效上台阶: bands=0, target_band_from_bottom=1, mask_px=7515, frame=3266, hsv=[30, 40, 30]-[100, 255, 255][0m
[INFO] [1784154184.077416680] [upstairs_detector]: [0;33m未检测到有效上台阶: bands=0, target_band_from_bottom=1, mask_px=0, frame=3281, hsv=[30, 40, 30]-[100, 255, 255][0m
[INFO] [1784154185.081872514] [upstairs_detector]: [0;33m未检测到有效上台阶: bands=0, target_band_from_bottom=1, mask_px=7814, frame=3296, hsv=[30, 40, 30]-[100, 255, 255][0m
[INFO] [1784154186.083884905] [upstairs_detector]: [0;33m未检测到有效上台阶: bands=0, target_band_from_bottom=1, mask_px=10264, frame=3311, hsv=[30, 40, 30]-[100, 255, 255][0m
[INFO] [1784154187.151550965] [upstairs_detector]: [0;33m未检测到有效上台阶: bands=0, target_band_from_bottom=1, mask_px=8001, frame=3327, hsv=[30, 40, 30]-[100, 255, 255][0m
[INFO] [1784154188.146623529] [upstairs_detector]: [0;33m未检测到有效上台阶: bands=0, target_band_from_bottom=1, mask_px=7602, frame=3342, hsv=[30, 40, 30]-[100, 255, 255][0m
[INFO] [1784154189.149704045] [upstairs_detector]: [0;33m未检测到有效上台阶: bands=0, target_band_from_bottom=1, mask_px=8458, frame=3357, hsv=[30, 40, 30]-[100, 255, 255][0m
[INFO] [1784154190.222008285] [upstairs_detector]: [0;33m未检测到有效上台阶: bands=0, target_band_from_bottom=1, mask_px=8630, frame=3373, hsv=[30, 40, 30]-[100, 255, 255][0m
[INFO] [1784154191.285899516] [upstairs_detector]: [0;33m未检测到有效上台阶: bands=0, target_band_from_bottom=1, mask_px=8345, frame=3389, hsv=[30, 40, 30]-[100, 255, 255][0m
[INFO] [1784154192.286857397] [upstairs_detector]: [0;33m未检测到有效上台阶: bands=0, target_band_from_bottom=1, mask_px=8288, frame=3404, hsv=[30, 40, 30]-[100, 255, 255][0m
[INFO] [1784154193.347007587] [upstairs_detector]: [0;33m未检测到有效上台阶: bands=0, target_band_from_bottom=1, mask_px=7977, frame=3420, hsv=[30, 40, 30]-[100, 255, 255][0m
[INFO] [1784154194.348321062] [upstairs_detector]: [0;33m未检测到有效上台阶: bands=0, target_band_from_bottom=1, mask_px=8506, frame=3434, hsv=[30, 40, 30]-[100, 255, 255][0m
[INFO] [1784154195.349585956] [upstairs_detector]: [0;33m未检测到有效上台阶: bands=0, target_band_from_bottom=1, mask_px=8011, frame=3449, hsv=[30, 40, 30]-[100, 255, 255][0m
[INFO] [1784154196.348708908] [upstairs_detector]: [0;33m未检测到有效上台阶: bands=0, target_band_from_bottom=1, mask_px=8298, frame=3464, hsv=[30, 40, 30]-[100, 255, 255][0m
[INFO] [1784154197.354577985] [upstairs_detector]: [0;33m未检测到有效上台阶: bands=0, target_band_from_bottom=1, mask_px=7838, frame=3479, hsv=[30, 40, 30]-[100, 255, 255][0m
[INFO] [1784154198.430557632] [upstairs_detector]: [0;33m未检测到有效上台阶: bands=0, target_band_from_bottom=1, mask_px=8148, frame=3495, hsv=[30, 40, 30]-[100, 255, 255][0m
[INFO] [1784154199.486767005] [upstairs_detector]: [0;33m未检测到有效上台阶: bands=0, target_band_from_bottom=1, mask_px=7954, frame=3511, hsv=[30, 40, 30]-[100, 255, 255][0m
[INFO] [1784154200.554354130] [upstairs_detector]: [0;33m未检测到有效上台阶: bands=0, target_band_from_bottom=1, mask_px=8416, frame=3527, hsv=[30, 40, 30]-[100, 255, 255][0m
[INFO] [1784154201.555795546] [upstairs_detector]: [0;33m未检测到有效上台阶: bands=0, target_band_from_bottom=1, mask_px=7872, frame=3542, hsv=[30, 40, 30]-[100, 255, 255][0m
[INFO] [1784154202.557997024] [upstairs_detector]: [0;33m未检测到有效上台阶: bands=0, target_band_from_bottom=1, mask_px=8162, frame=3557, hsv=[30, 40, 30]-[100, 255, 255][0m
[INFO] [1784154203.624175231] [upstairs_detector]: [0;33m未检测到有效上台阶: bands=0, target_band_from_bottom=1, mask_px=8176, frame=3573, hsv=[30, 40, 30]-[100, 255, 255][0m
[INFO] [1784154204.697733066] [upstairs_detector]: [0;33m未检测到有效上台阶: bands=0, target_band_from_bottom=1, mask_px=7953, frame=3589, hsv=[30, 40, 30]-[100, 255, 255][0m
[INFO] [1784154205.759457606] [upstairs_detector]: [0;33m未检测到有效上台阶: bands=0, target_band_from_bottom=1, mask_px=8221, frame=3605, hsv=[30, 40, 30]-[100, 255, 255][0m
[INFO] [1784154206.757934607] [upstairs_detector]: [0;33m未检测到有效上台阶: bands=0, target_band_from_bottom=1, mask_px=8003, frame=3620, hsv=[30, 40, 30]-[100, 255, 255][0m
[INFO] [1784154207.763529454] [upstairs_detector]: [0;33m未检测到有效上台阶: bands=0, target_band_from_bottom=1, mask_px=8131, frame=3635, hsv=[30, 40, 30]-[100, 255, 255][0m
[INFO] [1784154208.759932226] [upstairs_detector]: [0;33m未检测到有效上台阶: bands=0, target_band_from_bottom=1, mask_px=8211, frame=3650, hsv=[30, 40, 30]-[100, 255, 255][0m
[INFO] [1784154209.762886736] [upstairs_detector]: [0;33m未检测到有效上台阶: bands=0, target_band_from_bottom=1, mask_px=8201, frame=3665, hsv=[30, 40, 30]-[100, 255, 255][0m
[INFO] [1784154210.767488111] [upstairs_detector]: [0;33m未检测到有效上台阶: bands=0, target_band_from_bottom=1, mask_px=8139, frame=3680, hsv=[30, 40, 30]-[100, 255, 255][0m
[INFO] [1784154211.832111819] [upstairs_detector]: [0;33m未检测到有效上台阶: bands=0, target_band_from_bottom=1, mask_px=8000, frame=3696, hsv=[30, 40, 30]-[100, 255, 255][0m
[INFO] [1784154212.830116595] [upstairs_detector]: [0;33m未检测到有效上台阶: bands=0, target_band_from_bottom=1, mask_px=8357, frame=3710, hsv=[30, 40, 30]-[100, 255, 255][0m
[INFO] [1784154213.833007717] [upstairs_detector]: [0;33m未检测到有效上台阶: bands=0, target_band_from_bottom=1, mask_px=8075, frame=3725, hsv=[30, 40, 30]-[100, 255, 255][0m
[INFO] [1784154214.897357914] [upstairs_detector]: [0;33m未检测到有效上台阶: bands=0, target_band_from_bottom=1, mask_px=8282, frame=3741, hsv=[30, 40, 30]-[100, 255, 255][0m
[INFO] [1784154215.905578073] [upstairs_detector]: [0;33m未检测到有效上台阶: bands=0, target_band_from_bottom=1, mask_px=8484, frame=3756, hsv=[30, 40, 30]-[100, 255, 255][0m
[INFO] [1784154216.903199972] [upstairs_detector]: [0;33m未检测到有效上台阶: bands=0, target_band_from_bottom=1, mask_px=8909, frame=3771, hsv=[30, 40, 30]-[100, 255, 255][0m
[INFO] [1784154217.966038894] [upstairs_detector]: [0;33m未检测到有效上台阶: bands=0, target_band_from_bottom=1, mask_px=9710, frame=3787, hsv=[30, 40, 30]-[100, 255, 255][0m
[INFO] [1784154218.978912425] [upstairs_detector]: [0;33m未检测到有效上台阶: bands=0, target_band_from_bottom=1, mask_px=8143, frame=3802, hsv=[30, 40, 30]-[100, 255, 255][0m
[INFO] [1784154220.043275639] [upstairs_detector]: [0;33m未检测到有效上台阶: bands=0, target_band_from_bottom=1, mask_px=8323, frame=3818, hsv=[30, 40, 30]-[100, 255, 255][0m
[INFO] [1784154221.108841217] [upstairs_detector]: [0;33m未检测到有效上台阶: bands=0, target_band_from_bottom=1, mask_px=10517, frame=3834, hsv=[30, 40, 30]-[100, 255, 255][0m
[INFO] [1784154222.174775626] [upstairs_detector]: [0;33m未检测到有效上台阶: bands=0, target_band_from_bottom=1, mask_px=10449, frame=3850, hsv=[30, 40, 30]-[100, 255, 255][0m
[INFO] [1784154223.182904325] [upstairs_detector]: [0;33m未检测到有效上台阶: bands=0, target_band_from_bottom=1, mask_px=1136, frame=3865, hsv=[30, 40, 30]-[100, 255, 255][0m
[INFO] [1784154224.190178126] [upstairs_detector]: [0;33m未检测到有效上台阶: bands=0, target_band_from_bottom=1, mask_px=342, frame=3880, hsv=[30, 40, 30]-[100, 255, 255][0m
[INFO] [1784154225.249304290] [upstairs_detector]: [0;33m未检测到有效上台阶: bands=0, target_band_from_bottom=1, mask_px=944, frame=3896, hsv=[30, 40, 30]-[100, 255, 255][0m
[INFO] [1784154226.396665317] [upstairs_detector]: [0;33m未检测到有效上台阶: bands=0, target_band_from_bottom=1, mask_px=1589, frame=3909, hsv=[30, 40, 30]-[100, 255, 255][0m
[INFO] [1784154227.445850499] [upstairs_detector]: [0;33m未检测到有效上台阶: bands=0, target_band_from_bottom=1, mask_px=2901, frame=3926, hsv=[30, 40, 30]-[100, 255, 255][0m
[INFO] [1784154228.512633022] [upstairs_detector]: [0;33m未检测到有效上台阶: bands=0, target_band_from_bottom=1, mask_px=1607, frame=3942, hsv=[30, 40, 30]-[100, 255, 255][0m
[INFO] [1784154229.511955749] [upstairs_detector]: [0;33m未检测到有效上台阶: bands=0, target_band_from_bottom=1, mask_px=0, frame=3957, hsv=[30, 40, 30]-[100, 255, 255][0m
[INFO] [1784154230.575663958] [upstairs_detector]: [0;33m未检测到有效上台阶: bands=0, target_band_from_bottom=1, mask_px=38, frame=3973, hsv=[30, 40, 30]-[100, 255, 255][0m
[INFO] [1784154231.578362536] [upstairs_detector]: [0;33m未检测到有效上台阶: bands=0, target_band_from_bottom=1, mask_px=24, frame=3988, hsv=[30, 40, 30]-[100, 255, 255][0m
[INFO] [1784154232.578733166] [upstairs_detector]: [0;33m未检测到有效上台阶: bands=0, target_band_from_bottom=1, mask_px=15, frame=4003, hsv=[30, 40, 30]-[100, 255, 255][0m
[INFO] [1784154233.578551127] [upstairs_detector]: [0;33m未检测到有效上台阶: bands=0, target_band_from_bottom=1, mask_px=139, frame=4018, hsv=[30, 40, 30]-[100, 255, 255][0m
[INFO] [1784154234.583448666] [upstairs_detector]: [0;33m未检测到有效上台阶: bands=0, target_band_from_bottom=1, mask_px=106, frame=4033, hsv=[30, 40, 30]-[100, 255, 255][0m
[INFO] [1784154235.647378365] [upstairs_detector]: [0;33m未检测到有效上台阶: bands=0, target_band_from_bottom=1, mask_px=110, frame=4049, hsv=[30, 40, 30]-[100, 255, 255][0m
[INFO] [1784154236.656901605] [upstairs_detector]: [0;33m未检测到有效上台阶: bands=0, target_band_from_bottom=1, mask_px=80, frame=4064, hsv=[30, 40, 30]-[100, 255, 255][0m
[INFO] [1784154237.649167271] [upstairs_detector]: [0;33m未检测到有效上台阶: bands=0, target_band_from_bottom=1, mask_px=56, frame=4079, hsv=[30, 40, 30]-[100, 255, 255][0m
[INFO] [1784154238.653799497] [upstairs_detector]: [0;33m未检测到有效上台阶: bands=0, target_band_from_bottom=1, mask_px=52, frame=4094, hsv=[30, 40, 30]-[100, 255, 255][0m
[INFO] [1784154239.657689831] [upstairs_detector]: [0;33m未检测到有效上台阶: bands=0, target_band_from_bottom=1, mask_px=98, frame=4109, hsv=[30, 40, 30]-[100, 255, 255][0m
[INFO] [1784154240.719522140] [upstairs_detector]: [0;33m未检测到有效上台阶: bands=0, target_band_from_bottom=1, mask_px=69, frame=4124, hsv=[30, 40, 30]-[100, 255, 255][0m
[INFO] [1784154241.721824351] [upstairs_detector]: [0;33m未检测到有效上台阶: bands=0, target_band_from_bottom=1, mask_px=30, frame=4138, hsv=[30, 40, 30]-[100, 255, 255][0m
[INFO] [1784154242.788391482] [upstairs_detector]: [0;33m未检测到有效上台阶: bands=0, target_band_from_bottom=1, mask_px=101, frame=4154, hsv=[30, 40, 30]-[100, 255, 255][0m
[INFO] [1784154243.788108229] [upstairs_detector]: [0;33m未检测到有效上台阶: bands=0, target_band_from_bottom=1, mask_px=155, frame=4169, hsv=[30, 40, 30]-[100, 255, 255][0m
[INFO] [1784154244.852144693] [upstairs_detector]: [0;33m未检测到有效上台阶: bands=0, target_band_from_bottom=1, mask_px=207, frame=4185, hsv=[30, 40, 30]-[100, 255, 255][0m
[INFO] [1784154245.858912903] [upstairs_detector]: [0;33m未检测到有效上台阶: bands=0, target_band_from_bottom=1, mask_px=38, frame=4200, hsv=[30, 40, 30]-[100, 255, 255][0m
[INFO] [1784154246.921325195] [upstairs_detector]: [0;33m未检测到有效上台阶: bands=0, target_band_from_bottom=1, mask_px=95, frame=4216, hsv=[30, 40, 30]-[100, 255, 255][0m
[INFO] [1784154247.921636363] [upstairs_detector]: [0;33m未检测到有效上台阶: bands=0, target_band_from_bottom=1, mask_px=40, frame=4231, hsv=[30, 40, 30]-[100, 255, 255][0m
[INFO] [1784154248.923456766] [upstairs_detector]: [0;33m未检测到有效上台阶: bands=0, target_band_from_bottom=1, mask_px=640, frame=4246, hsv=[30, 40, 30]-[100, 255, 255][0m
[INFO] [1784154249.990298479] [upstairs_detector]: [0;33m未检测到有效上台阶: bands=0, target_band_from_bottom=1, mask_px=693, frame=4262, hsv=[30, 40, 30]-[100, 255, 255][0m
[INFO] [1784154250.990123624] [upstairs_detector]: [0;33m未检测到有效上台阶: bands=0, target_band_from_bottom=1, mask_px=752, frame=4277, hsv=[30, 40, 30]-[100, 255, 255][0m
[INFO] [1784154251.991508546] [upstairs_detector]: [0;33m未检测到有效上台阶: bands=0, target_band_from_bottom=1, mask_px=707, frame=4292, hsv=[30, 40, 30]-[100, 255, 255][0m
[INFO] [1784154252.992235936] [upstairs_detector]: [0;33m未检测到有效上台阶: bands=0, target_band_from_bottom=1, mask_px=699, frame=4307, hsv=[30, 40, 30]-[100, 255, 255][0m
[INFO] [1784154253.994904377] [upstairs_detector]: [0;33m未检测到有效上台阶: bands=0, target_band_from_bottom=1, mask_px=339, frame=4322, hsv=[30, 40, 30]-[100, 255, 255][0m
[INFO] [1784154255.059885212] [upstairs_detector]: [0;33m未检测到有效上台阶: bands=0, target_band_from_bottom=1, mask_px=18, frame=4338, hsv=[30, 40, 30]-[100, 255, 255][0m
[INFO] [1784154256.065082421] [upstairs_detector]: [0;33m未检测到有效上台阶: bands=0, target_band_from_bottom=1, mask_px=54, frame=4353, hsv=[30, 40, 30]-[100, 255, 255][0m
[INFO] [1784154257.061295424] [upstairs_detector]: [0;33m未检测到有效上台阶: bands=0, target_band_from_bottom=1, mask_px=788, frame=4368, hsv=[30, 40, 30]-[100, 255, 255][0m
[INFO] [1784154258.063441027] [upstairs_detector]: [0;33m未检测到有效上台阶: bands=0, target_band_from_bottom=1, mask_px=208, frame=4383, hsv=[30, 40, 30]-[100, 255, 255][0m
[INFO] [1784154259.132256976] [upstairs_detector]: [0;33m未检测到有效上台阶: bands=0, target_band_from_bottom=1, mask_px=13345, frame=4399, hsv=[30, 40, 30]-[100, 255, 255][0m
