[INFO] [1783734044.945642777] [stairs_manager]: obstacle_manager inactive on startup: start_waypoint_index=0, stop_after_waypoint_index=0
[INFO] [1783734049.897258503] [stairs_manager]: [1;35m发布模式: 1 (下坡)[0m
[INFO] [1783734049.897595625] [stairs_manager]: [1;35m发布上坡步长滤波: False[0m
[INFO] [1783734049.897905746] [stairs_manager]: [1;35m发布路径修正profile: 1 (0=关闭, 1=普通, 2=上坡强修正, 3=强修正符号验证)[0m
[INFO] [1783734049.898252868] [stairs_manager]: obstacle_manager activated: reason=external_topic, start_waypoint_index=0, stop_after_waypoint_index=0, inherit_previous_waypoint_segment_state=False
[INFO] [1783734049.978371753] [stairs_manager]: 解析机身相对 waypoint[0]=small_ramp_entry: source=(0.003,-0.002,-0.0deg), anchor=(0.003,-0.002,current_pose), body_offset=(forward=1.580, left=0.000), yaw_mode=delta, yaw_delta=0.0deg, ref_yaw_source=current, ref_yaw=-0.0deg, target=(0.004,1.578,-0.0deg), frame=camera_init
[INFO] [1783734049.978939446] [stairs_manager]: [1;35m发布路径修正profile: 0 (0=关闭, 1=普通, 2=上坡强修正, 3=强修正符号验证)[0m
[INFO] [1783734049.979383913] [stairs_manager]: [1;36m发送直驱覆盖点[1/18](attempt=1): small_ramp_entry -> x=0.004, y=1.578, yaw=-0.0° (body_relative forward=1.580, left=0.000, yaw_mode=delta, yaw_delta=0.0°, source=(0.003,-0.002,-0.0°), anchor=(0.003,-0.002,current_pose), ref_yaw_source=current, ref_yaw=-0.0°), frame=camera_init, path_reference=/serial_path_reference, override=[1,0.800,0.800], 到点后锁存模式=0, note=下坡结束点：这一段固定发送 mode=1,left=0.8,right=0.8 下楼梯；到点后立即切回正常行走，不再额外停顿。[0m
[INFO] [1783734050.078358138] [stairs_manager]: [0;94mwaypoint=1/18 small_ramp_entry dist=1.590m, min_dist=1.588m, yaw_err=0.4deg, pose=(-0.003,-0.012), goal=(0.004,1.578), pose_frame=camera_init, goal_frame=camera_init, line_progress=-0.010/1.580m (-1%), line_remaining=1.590m, line_lateral=-0.006m, override=[1,0.800,0.800][0m
[INFO] [1783734051.179422266] [stairs_manager]: [0;94mwaypoint=1/18 small_ramp_entry dist=1.386m, min_dist=1.386m, yaw_err=2.4deg, pose=(-0.008,0.192), goal=(0.004,1.578), pose_frame=camera_init, goal_frame=camera_init, line_progress=0.194/1.580m (12%), line_remaining=1.386m, line_lateral=-0.011m, override=[1,0.800,0.800][0m
[INFO] [1783734052.279129747] [stairs_manager]: [0;94mwaypoint=1/18 small_ramp_entry dist=1.256m, min_dist=1.256m, yaw_err=1.2deg, pose=(0.012,0.322), goal=(0.004,1.578), pose_frame=camera_init, goal_frame=camera_init, line_progress=0.324/1.580m (21%), line_remaining=1.256m, line_lateral=0.009m, override=[1,0.800,0.800][0m
[INFO] [1783734053.279301037] [stairs_manager]: [0;94mwaypoint=1/18 small_ramp_entry dist=1.062m, min_dist=0.972m, yaw_err=4.0deg, pose=(-0.027,0.516), goal=(0.004,1.578), pose_frame=camera_init, goal_frame=camera_init, line_progress=0.518/1.580m (33%), line_remaining=1.062m, line_lateral=-0.030m, override=[1,0.800,0.800][0m
[INFO] [1783734054.378381102] [stairs_manager]: [0;94mwaypoint=1/18 small_ramp_entry dist=0.936m, min_dist=0.934m, yaw_err=5.3deg, pose=(-0.001,0.642), goal=(0.004,1.578), pose_frame=camera_init, goal_frame=camera_init, line_progress=0.644/1.580m (41%), line_remaining=0.936m, line_lateral=-0.004m, override=[1,0.800,0.800][0m
[INFO] [1783734055.378333436] [stairs_manager]: [0;94mwaypoint=1/18 small_ramp_entry dist=0.761m, min_dist=0.706m, yaw_err=0.3deg, pose=(-0.016,0.817), goal=(0.004,1.578), pose_frame=camera_init, goal_frame=camera_init, line_progress=0.819/1.580m (52%), line_remaining=0.761m, line_lateral=-0.019m, override=[1,0.800,0.800][0m
[INFO] [1783734056.378359197] [stairs_manager]: [0;94mwaypoint=1/18 small_ramp_entry dist=0.633m, min_dist=0.633m, yaw_err=0.3deg, pose=(-0.001,0.945), goal=(0.004,1.578), pose_frame=camera_init, goal_frame=camera_init, line_progress=0.947/1.580m (60%), line_remaining=0.633m, line_lateral=-0.004m, override=[1,0.800,0.800][0m
[INFO] [1783734057.378466834] [stairs_manager]: [0;94mwaypoint=1/18 small_ramp_entry dist=0.462m, min_dist=0.387m, yaw_err=5.0deg, pose=(0.003,1.116), goal=(0.004,1.578), pose_frame=camera_init, goal_frame=camera_init, line_progress=1.118/1.580m (71%), line_remaining=0.462m, line_lateral=-0.001m, override=[1,0.800,0.800][0m
[INFO] [1783734058.478833092] [stairs_manager]: [0;94mwaypoint=1/18 small_ramp_entry dist=0.315m, min_dist=0.312m, yaw_err=5.8deg, pose=(-0.007,1.263), goal=(0.004,1.578), pose_frame=camera_init, goal_frame=camera_init, line_progress=1.265/1.580m (80%), line_remaining=0.315m, line_lateral=-0.011m, override=[1,0.800,0.800][0m
[INFO] [1783734059.478940280] [stairs_manager]: [0;94mwaypoint=1/18 small_ramp_entry dist=0.216m, min_dist=0.205m, yaw_err=7.4deg, pose=(0.019,1.362), goal=(0.004,1.578), pose_frame=camera_init, goal_frame=camera_init, line_progress=1.365/1.580m (86%), line_remaining=0.215m, line_lateral=0.016m, override=[1,0.800,0.800][0m
[INFO] [1783734059.570323126] [stairs_manager]: [1;32m到点成功: waypoint[0]=small_ramp_entry, dist=0.199, min_dist=0.199, yaw_err=5.9deg, reason=distance_tolerance[0m
[INFO] [1783734059.570664922] [stairs_manager]: [1;35m发布模式: 0 (正常行走)[0m
[INFO] [1783734059.571007788] [stairs_manager]: [1;35m发布上坡步长滤波: True[0m
[INFO] [1783734059.571296780] [stairs_manager]: [1;35m发布路径修正profile: 0 (0=关闭, 1=普通, 2=上坡强修正, 3=强修正符号验证)[0m
[INFO] [1783734059.571573594] [stairs_manager]: [1;32m已到达 waypoint[0]=small_ramp_entry，切换模式为 0 (正常行走)，上坡滤波=True，路径修正profile=0，并锁存到下一个 waypoint。[0m
[INFO] [1783734059.572309734] [stairs_manager]: [1;35m发布模式: 0 (正常行走)[0m
[INFO] [1783734059.572581466] [stairs_manager]: [1;35m发布上坡步长滤波: False[0m
[INFO] [1783734059.572846881] [stairs_manager]: [1;35m发布路径修正profile: 0 (0=关闭, 1=普通, 2=上坡强修正, 3=强修正符号验证)[0m
[INFO] [1783734059.573122416] [stairs_manager]: [1;32m全部 waypoint 已完成，恢复为 mode=0，流程结束。[0m
[INFO] [1783734059.617416295] [stairs_manager]: obstacle_manager deactivated: reason=external_topic
