[INFO] [1784090646.274898492] [orange_pole_relative_nav]: state=INACTIVE
[INFO] [1784090646.277692243] [orange_pole_relative_nav]: orange_pole_relative_nav inactive on startup.
[INFO] [1784090646.289574539] [orange_pole_relative_nav]: 稳定触发版已启用: samples>=3, window=5, max_age=0.45s, dist_spread<=0.080m, lat_spread<=0.080m, timeout=0.35s, hold_override=True [0,0.180,0.180], drift_comp=True
[INFO] [1784090800.370795274] [orange_pole_relative_nav]: state=WAITING_APRILTAG_TRIGGER
[INFO] [1784090800.371161895] [orange_pole_relative_nav]: 等待绕杆触发: trigger_source=apriltag, HSV nearest=/orange_pole_detector/nearest, trigger=/orange_pole_detector/trigger, distance<=1.45m, AprilTag id=14, tf=camera_color_optical_frame->role, detections=/apriltag/detections, first_forward_mode=0, forward_mode=6, turn_mode=6, offsets=[(0.0, 1.08), (0.168, 0.139), (0.676, 0.593), (-0.157, 0.2), (-1.494, 0.762), (0.298, 0.154), (0.536, 0.707), (0.255, -0.215), (0.594, -1.358), (0.26, 0.114), (1.08, 1.409), (0.278, -0.182), (0.398, -0.687), (0.209, 0.048)], reference=locked_route_frame, goal_yaw_mode=waypoint
[INFO] [1784090800.371652501] [orange_pole_relative_nav]: state=PRE_ALIGN_FIXED_ABSOLUTE_YAW
[INFO] [1784090800.372015835] [orange_pole_relative_nav]: 绕杆前 AprilTag 预对齐进入 PRE_ALIGN_FIXED_ABSOLUTE_YAW: reason=apriltag_route_start, pre_align_active=True, pre_align_phase=PRE_ALIGN_FIXED_ABSOLUTE_YAW, angle_metric=fixed_absolute_yaw, tag_source=live, raw_tag_x=-0.029m, center_x=-0.024m, tag_z=0.816m, raw_angle_err_deg=+2.39, angle_err_deg=+2.39, angle_filter=1/5, yaw_err_deg=+nan, base_yaw=+nandeg, side_yaw=+nandeg, shift_m=0.000, along_m=0.000, remaining_m=0.000, backup_retry=0/1, allow_original_route=False
[INFO] [1784090800.398759910] [orange_pole_relative_nav]: 绕杆前 AprilTag 预对齐进行中，忽略重复 route start: reason=AprilTag ID 14 TF ready, source=apriltag, pre_align_active=True, pre_align_phase=PRE_ALIGN_FIXED_ABSOLUTE_YAW, angle_metric=fixed_absolute_yaw, tag_source=live, raw_tag_x=-0.038m, center_x=-0.033m, tag_z=0.822m, raw_angle_err_deg=+2.44, angle_err_deg=+2.42, angle_filter=2/5, yaw_err_deg=+nan, base_yaw=+nandeg, side_yaw=+nandeg, shift_m=0.000, along_m=0.000, remaining_m=0.000, backup_retry=0/1, allow_original_route=False
[INFO] [1784090800.425515415] [orange_pole_relative_nav]: HEARTBEAT state=PRE_ALIGN_FIXED_ABSOLUTE_YAW, triggered=False, trigger_source=apriltag, route_source=none, reference=locked_route_frame, route_frame_ready=False, route_finished=False, route_failed=False, active_goal=False, direct_override=False, forward_override=False, forward_tracking=False, waypoint=1/14, pole_age=0.03s, pole_stale=False, trigger_age=0.03s, detector_trigger=True, nearest=(dist=0.997m, lateral=-0.052m, vertical=-0.203m, pixel=(197.6,55.3), box=18x109, depth_px=322), apriltag_det=(tag36h11:14,match=true,raw=1,margin=46.2,hamming=0,center=(199,146),age=0.10s), apriltag_tf=(camera_color_optical_frame->role, xyz=(-0.038,+0.078,+0.822)m, age=0.10s), pre_align=(pre_align_active=True, pre_align_phase=PRE_ALIGN_FIXED_ABSOLUTE_YAW, angle_metric=fixed_absolute_yaw, tag_source=live, raw_tag_x=-0.038m, center_x=-0.033m, tag_z=0.822m, raw_angle_err_deg=+2.66, angle_err_deg=+2.42, angle_filter=2/5, yaw_err_deg=+nan, base_yaw=+nandeg, side_yaw=+nandeg, shift_m=0.000, along_m=0.000, remaining_m=0.000, backup_retry=0/1, allow_original_route=False)
[INFO] [1784090800.527425906] [orange_pole_relative_nav]: 绕杆前预对齐: phase=PRE_ALIGN_FIXED_ABSOLUTE_YAW, 绕杆前角度对齐保持: source=live_tag_filtered metric=fixed_absolute_yaw angle_err=+2.44/2.50deg hold=0.00/0.20s raw_tag_x=-0.041m center_x=-0.036m camera_left_offset=+0.005m tag_z=0.815m next=lateral_check override=[0,0.000,0.000], pre_align_active=True, pre_align_phase=PRE_ALIGN_FIXED_ABSOLUTE_YAW, angle_metric=fixed_absolute_yaw, tag_source=live, raw_tag_x=-0.041m, center_x=-0.036m, tag_z=0.815m, raw_angle_err_deg=+2.36, angle_err_deg=+2.44, angle_filter=3/5, yaw_err_deg=+nan, base_yaw=+nandeg, side_yaw=+nandeg, shift_m=0.000, along_m=0.000, remaining_m=0.000, backup_retry=0/1, allow_original_route=False
[INFO] [1784090800.825566654] [orange_pole_relative_nav]: state=PRE_VERIFY_TAG
[INFO] [1784090800.825915295] [orange_pole_relative_nav]: 绕杆前 AprilTag 预对齐进入 PRE_VERIFY_TAG: reason=lateral_already_ok center_x=-0.029m raw_tag_x=-0.034m frozen_center_x=-0.029m frozen_raw_tag_x=-0.034m source=live_tag_filtered, pre_align_active=True, pre_align_phase=PRE_VERIFY_TAG, angle_metric=fixed_absolute_yaw, tag_source=live_lateral_frozen, raw_tag_x=-0.034m, center_x=-0.029m, tag_z=0.812m, raw_angle_err_deg=+2.35, angle_err_deg=+2.35, angle_filter=5/5, yaw_err_deg=+1.95, base_yaw=-90.0deg, side_yaw=+nandeg, shift_m=0.029, along_m=0.000, remaining_m=0.029, backup_retry=0/1, allow_original_route=False
[INFO] [1784090800.927387207] [orange_pole_relative_nav]: 绕杆前预对齐: phase=PRE_VERIFY_TAG, verify source=live_tag_lateral_frozen raw_tag_x=-0.034m center_x=-0.029m tag_z=0.820m angle_metric=fixed_absolute_yaw angle_err=+2.35deg/2.50deg lateral_err(center_x)=-0.029m/0.065m camera_left_offset=+0.005m yaw_err=+1.88deg/2.50deg min_tag_z=0.000m entry_gate=tag_z<=0.590m (target=0.550+tol=0.040; min_safe=0.000) angle_ok=True tag_pose_ignored=True lateral_ok=True lateral_gate_ok=True lateral_shift_done=True yaw_ok=True distance_ok=True entry_z_ok=False failed=['entry_z'] next=entry_forward entry_z_reason=entry_tag_z_too_far 0.820>0.590 override=[0,0.000,0.000], pre_align_active=True, pre_align_phase=PRE_VERIFY_TAG, angle_metric=fixed_absolute_yaw, tag_source=live_lateral_frozen, raw_tag_x=-0.034m, center_x=-0.029m, tag_z=0.820m, raw_angle_err_deg=+2.35, angle_err_deg=+2.35, angle_filter=5/5, yaw_err_deg=+1.88, base_yaw=-90.0deg, side_yaw=+nandeg, shift_m=0.029, along_m=0.000, remaining_m=0.029, backup_retry=0/1, allow_original_route=False
[INFO] [1784090800.927880561] [orange_pole_relative_nav]: state=PRE_ENTRY_FORWARD
[INFO] [1784090800.928352216] [orange_pole_relative_nav]: 绕杆前 AprilTag 预对齐进入 PRE_ENTRY_FORWARD: reason=entry_tag_z_too_far 0.820>0.590; source=live_tag_lateral_frozen; entry_gate=tag_z<=0.590m (target=0.550+tol=0.040; min_safe=0.000), pre_align_active=True, pre_align_phase=PRE_ENTRY_FORWARD, angle_metric=fixed_absolute_yaw, tag_source=live_lateral_frozen, raw_tag_x=-0.034m, center_x=-0.029m, tag_z=0.820m, raw_angle_err_deg=+2.35, angle_err_deg=+2.35, angle_filter=5/5, yaw_err_deg=+1.88, base_yaw=-90.0deg, side_yaw=+nandeg, shift_m=0.029, along_m=0.000, remaining_m=0.029, backup_retry=0/1, allow_original_route=False
[INFO] [1784090801.126547896] [orange_pole_relative_nav]: 绕杆前预对齐: phase=PRE_ENTRY_FORWARD, entry_forward target_z=0.550m entry_gate=tag_z<=0.590m (target=0.550+tol=0.040; min_safe=0.000) est_tag_z=0.820m remaining_z=0.230m along_m=0.000/0.400m yaw_corr=+0.000 override=[0,+0.300,+0.300], pre_align_active=True, pre_align_phase=PRE_ENTRY_FORWARD, angle_metric=fixed_absolute_yaw, tag_source=live_lateral_frozen, raw_tag_x=-0.034m, center_x=-0.029m, tag_z=0.816m, raw_angle_err_deg=+2.35, angle_err_deg=+2.35, angle_filter=5/5, yaw_err_deg=+1.38, base_yaw=-90.0deg, side_yaw=+nandeg, shift_m=0.029, along_m=0.000, remaining_m=0.029, backup_retry=0/1, allow_original_route=False
[INFO] [1784090802.225524463] [orange_pole_relative_nav]: state=PRE_FINAL_YAW_POSE_PITCH
[INFO] [1784090802.225887125] [orange_pole_relative_nav]: 绕杆前 AprilTag 预对齐进入 PRE_FINAL_YAW_POSE_PITCH: reason=entry_forward_live_tag_done tag_z=0.585m along=0.222m entry_reason=entry_tag_z_reached tag_z=0.585<=0.590 target=0.550+tol=0.040; final_heading_check_before_verify, pre_align_active=True, pre_align_phase=PRE_FINAL_YAW_POSE_PITCH, angle_metric=fixed_absolute_yaw, tag_source=live_lateral_frozen, raw_tag_x=-0.034m, center_x=-0.029m, tag_z=0.585m, raw_angle_err_deg=+2.35, angle_err_deg=+2.35, angle_filter=5/5, yaw_err_deg=+0.20, base_yaw=-90.0deg, side_yaw=+nandeg, shift_m=0.029, along_m=0.000, remaining_m=0.029, backup_retry=0/1, allow_original_route=False
[INFO] [1784090802.400804495] [orange_pole_relative_nav]: 绕杆前 AprilTag 预对齐进行中，忽略重复 route start: reason=AprilTag ID 14 TF ready, source=apriltag, pre_align_active=True, pre_align_phase=PRE_FINAL_YAW_POSE_PITCH, angle_metric=fixed_absolute_yaw, tag_source=live_lateral_frozen, raw_tag_x=-0.034m, center_x=-0.029m, tag_z=0.546m, raw_angle_err_deg=+2.35, angle_err_deg=+2.35, angle_filter=5/5, yaw_err_deg=+0.07, base_yaw=-90.0deg, side_yaw=+nandeg, shift_m=0.029, along_m=0.000, remaining_m=0.029, backup_retry=0/1, allow_original_route=False
[INFO] [1784090802.425626803] [orange_pole_relative_nav]: 绕杆前预对齐: phase=PRE_FINAL_YAW_POSE_PITCH, 绕杆前最终角度修正保持: source=live_tag_lateral_frozen metric=fixed_absolute_yaw angle_err=+2.35/2.50deg yaw_err=+0.22/2.50deg raw_tag_x=-0.034m center_x=-0.029m tag_z=0.546m hold=0.00/0.20s next=PRE_VERIFY_TAG override=[0,0.000,0.000], pre_align_active=True, pre_align_phase=PRE_FINAL_YAW_POSE_PITCH, angle_metric=fixed_absolute_yaw, tag_source=live_lateral_frozen, raw_tag_x=-0.034m, center_x=-0.029m, tag_z=0.546m, raw_angle_err_deg=+2.35, angle_err_deg=+2.35, angle_filter=5/5, yaw_err_deg=+0.22, base_yaw=-90.0deg, side_yaw=+nandeg, shift_m=0.029, along_m=0.000, remaining_m=0.029, backup_retry=0/1, allow_original_route=False
[INFO] [1784090802.525989302] [orange_pole_relative_nav]: 绕杆前预对齐: phase=PRE_FINAL_YAW_POSE_PITCH, 绕杆前最终角度修正保持: source=live_tag_lateral_frozen metric=fixed_absolute_yaw angle_err=+2.35/3.50deg yaw_err=-0.26/3.50deg raw_tag_x=-0.034m center_x=-0.029m tag_z=0.536m hold=0.10/0.20s next=PRE_VERIFY_TAG override=[0,0.000,0.000], pre_align_active=True, pre_align_phase=PRE_FINAL_YAW_POSE_PITCH, angle_metric=fixed_absolute_yaw, tag_source=live_lateral_frozen, raw_tag_x=-0.034m, center_x=-0.029m, tag_z=0.536m, raw_angle_err_deg=+2.35, angle_err_deg=+2.35, angle_filter=5/5, yaw_err_deg=-0.26, base_yaw=-90.0deg, side_yaw=+nandeg, shift_m=0.029, along_m=0.000, remaining_m=0.029, backup_retry=0/1, allow_original_route=False
[INFO] [1784090802.625666041] [orange_pole_relative_nav]: 绕杆前预对齐: phase=PRE_FINAL_YAW_POSE_PITCH, 绕杆前最终角度修正保持: source=live_tag_lateral_frozen metric=fixed_absolute_yaw angle_err=+2.35/3.50deg yaw_err=-0.43/3.50deg raw_tag_x=-0.034m center_x=-0.029m tag_z=0.522m hold=0.20/0.20s next=PRE_VERIFY_TAG override=[0,0.000,0.000], pre_align_active=True, pre_align_phase=PRE_FINAL_YAW_POSE_PITCH, angle_metric=fixed_absolute_yaw, tag_source=live_lateral_frozen, raw_tag_x=-0.034m, center_x=-0.029m, tag_z=0.522m, raw_angle_err_deg=+2.35, angle_err_deg=+2.35, angle_filter=5/5, yaw_err_deg=-0.43, base_yaw=-90.0deg, side_yaw=+nandeg, shift_m=0.029, along_m=0.000, remaining_m=0.029, backup_retry=0/1, allow_original_route=False
[INFO] [1784090802.625986334] [orange_pole_relative_nav]: state=PRE_VERIFY_TAG
[INFO] [1784090802.626328476] [orange_pole_relative_nav]: 绕杆前 AprilTag 预对齐进入 PRE_VERIFY_TAG: reason=final_heading_aligned, pre_align_active=True, pre_align_phase=PRE_VERIFY_TAG, angle_metric=fixed_absolute_yaw, tag_source=live_lateral_frozen, raw_tag_x=-0.034m, center_x=-0.029m, tag_z=0.522m, raw_angle_err_deg=+2.35, angle_err_deg=+2.35, angle_filter=5/5, yaw_err_deg=-0.43, base_yaw=-90.0deg, side_yaw=+nandeg, shift_m=0.029, along_m=0.000, remaining_m=0.029, backup_retry=0/1, allow_original_route=False
[INFO] [1784090802.825759292] [orange_pole_relative_nav]: 绕杆前预对齐: phase=PRE_VERIFY_TAG, verify source=live_tag_lateral_frozen raw_tag_x=-0.034m center_x=-0.029m tag_z=0.530m angle_metric=fixed_absolute_yaw angle_err=+2.35deg/2.50deg lateral_err(center_x)=-0.029m/0.065m camera_left_offset=+0.005m yaw_err=-0.48deg/2.50deg min_tag_z=0.000m entry_gate=tag_z<=0.590m (target=0.550+tol=0.040; min_safe=0.000) angle_ok=True tag_pose_ignored=True lateral_ok=True lateral_gate_ok=True lateral_shift_done=True yaw_ok=True distance_ok=True entry_z_ok=True failed=['none'] next=start_original_route entry_z_reason=entry_tag_z_reached tag_z=0.530<=0.590 target=0.550+tol=0.040 override=[0,0.000,0.000], pre_align_active=True, pre_align_phase=PRE_VERIFY_TAG, angle_metric=fixed_absolute_yaw, tag_source=live_lateral_frozen, raw_tag_x=-0.034m, center_x=-0.029m, tag_z=0.530m, raw_angle_err_deg=+2.35, angle_err_deg=+2.35, angle_filter=5/5, yaw_err_deg=-0.48, base_yaw=-90.0deg, side_yaw=+nandeg, shift_m=0.029, along_m=0.000, remaining_m=0.029, backup_retry=0/1, allow_original_route=False
[INFO] [1784090802.826226319] [orange_pole_relative_nav]: 绕杆前 AprilTag 预对齐完成，准备从修正后的当前位置重新锁定 route anchor: pre_align_active=False, pre_align_phase=none, angle_metric=fixed_absolute_yaw, tag_source=live_lateral_frozen, raw_tag_x=-0.034m, center_x=-0.029m, tag_z=0.530m, raw_angle_err_deg=+2.35, angle_err_deg=+2.35, angle_filter=5/5, yaw_err_deg=-0.48, base_yaw=-90.0deg, side_yaw=+nandeg, shift_m=0.029, along_m=0.000, remaining_m=0.029, backup_retry=0/1, allow_original_route=True
[INFO] [1784090802.826647435] [orange_pole_relative_nav]: external activate: fresh cached AprilTag tag36h11:14,match=true,raw=1,margin=46.9,hamming=0,center=(202,144),age=0.11s + pole_pre_align_done, trigger_source=apriltag, first_forward_mode=0, forward_mode=6, turn_mode=6
[INFO] [1784090802.826963700] [orange_pole_relative_nav]: 锁定 AprilTag 绕杆 route frame: pose=(-1.960,-8.773), yaw=-90.0deg, yaw_source=fixed_pre_align, frame=camera_init, reference_mode=locked_route_frame
[INFO] [1784090802.827320874] [orange_pole_relative_nav]: state=NAVIGATING
[INFO] [1784090802.827609526] [orange_pole_relative_nav]: 跳过零位移机身相对目标点[1/14]: body_offset=(forward=0.00, left=0.00), goal=(-1.960,-8.773), 直接进入下一点，避免 mode=0 默认步态脉冲, forward_override_configured=True
[INFO] [1784090802.827988547] [orange_pole_relative_nav]: 到达 AprilTag 绕杆目标点[1/14]: dist=0.000m, reason=zero_body_relative_waypoint_skipped
[INFO] [1784090802.828603394] [orange_pole_relative_nav]: state=TURN_PRIMITIVE_IN_PLACE
[INFO] [1784090802.828893438] [orange_pole_relative_nav]: 开始 HSV 绕杆原地转向[2/14]: target=(-1.960,-8.773), target_yaw=-50.0deg, direction=ccw, yaw_mode=locked_route_frame delta=40.0deg, target_turn=39.5deg, completion_yaw_tol=6.0deg, completion_progress_tol=3.0deg, in_place_override=[6,-0.200,0.650]
[INFO] [1784090802.925772339] [orange_pole_relative_nav]: turn_in_place waypoint=2/14 yaw_err=39.7deg turn_progress=0.0/39.5deg remaining=39.5deg overshoot=0.0deg progress_done=False yaw_done=False slow_turn=False overshoot_guard=False pose=(-1.963,-8.763)
[INFO] [1784090803.725868203] [orange_pole_relative_nav]: state=TURN_PRIMITIVE_SETTLE
[INFO] [1784090803.726287567] [orange_pole_relative_nav]: 转向完成，进入停稳确认: waypoint=2/14, settle=0.12s, yaw_tol=15.0deg, reason=turn_in_place turn_progress=39.4/39.5deg yaw_err=0.3deg
[INFO] [1784090803.925761254] [orange_pole_relative_nav]: 到达 AprilTag 绕杆目标点[2/14]: dist=0.000m, reason=turn_in_place turn_progress=39.4/39.5deg yaw_err=0.3deg settle=0.20s
[INFO] [1784090803.926186349] [orange_pole_relative_nav]: state=ARRIVED_WAIT_NEXT
[INFO] [1784090804.225978899] [orange_pole_relative_nav]: state=FORWARD_TRACKING_NAVIGATING
[INFO] [1784090804.226308300] [orange_pole_relative_nav]: 启动 locked route 前进纠偏[3/14]: route_origin=(-1.960,-8.773), route_yaw=-90.0deg, frame=camera_init, start=(-1.960,-8.773), goal=(-1.286,-8.208), segment_delta=(0.674,0.566), base=[0.500,0.500], gain_lat=0.04, gain_yaw=0.45, arrival_lat_tol=0.00m, along=0.134m remaining=0.746m lateral=-0.034m yaw_err=-6.8deg corr=-0.054 override=[6,0.554,0.446]
[INFO] [1784090805.025686639] [orange_pole_relative_nav]: forward_tracking waypoint=3/14 route_origin=(-1.960,-8.773) route_yaw=-90.0deg start=(-1.960,-8.773) goal=(-1.286,-8.208) pose=(-1.639,-8.433) dist=0.419m along=0.464m remaining=0.416m lateral=-0.054m yaw_err=+0.1deg gain_lat=0.04 arrival_lat_tol=0.00m corr=-0.001 override=[6,+0.501,+0.499]
[INFO] [1784090805.325859769] [orange_pole_relative_nav]: 到达 AprilTag 绕杆目标点[3/14]: dist=0.178m, reason=forward_tracking_remaining=0.167m<0.20m along=0.713/0.880m lateral=0.060m lat_tol=0.000m
[INFO] [1784090805.326584884] [orange_pole_relative_nav]: state=TURN_PRIMITIVE_IN_PLACE
[INFO] [1784090805.326985171] [orange_pole_relative_nav]: 开始 HSV 绕杆原地转向[4/14]: target=(-1.286,-8.208), target_yaw=-151.0deg, direction=cw, yaw_mode=locked_route_frame delta=-101.0deg, target_turn=99.9deg, completion_yaw_tol=6.0deg, completion_progress_tol=3.0deg, in_place_override=[6,0.650,-0.200]
[INFO] [1784090805.525546001] [orange_pole_relative_nav]: HEARTBEAT state=TURN_PRIMITIVE_IN_PLACE, triggered=True, trigger_source=apriltag, route_source=apriltag, reference=locked_route_frame, route_frame_ready=True, route_finished=False, route_failed=False, active_goal=True, direct_override=True, forward_override=False, forward_tracking=False, waypoint=4/14, pole_age=0.66s, pole_stale=False, trigger_age=0.06s, detector_trigger=False, nearest=(dist=1.028m, lateral=-0.628m, vertical=-0.252m, pixel=(28.4,42.9), box=18x92, depth_px=617), apriltag_det=(target_id=14,match=false,raw=0,age=0.13s), apriltag_tf=(camera_color_optical_frame->role, xyz=(+0.014,+0.073,+0.529)m, age=2.60s), pre_align=(pre_align_active=False, pre_align_phase=none, angle_metric=fixed_absolute_yaw, tag_source=locked, raw_tag_x=-0.034m, center_x=-0.029m, tag_z=0.001m, raw_angle_err_deg=+2.35, angle_err_deg=+2.35, angle_filter=5/5, yaw_err_deg=-34.55, base_yaw=-90.0deg, side_yaw=+nandeg, shift_m=0.029, along_m=0.000, remaining_m=0.029, backup_retry=0/1, allow_original_route=True)
[INFO] [1784090807.025613578] [orange_pole_relative_nav]: state=TURN_PRIMITIVE_SETTLE
[INFO] [1784090807.025925333] [orange_pole_relative_nav]: 转向完成，进入停稳确认: waypoint=4/14, settle=0.12s, yaw_tol=15.0deg, reason=turn_in_place turn_progress=97.6/99.9deg yaw_err=2.3deg
[INFO] [1784090807.125829089] [orange_pole_relative_nav]: turn_settle waypoint=4/14 elapsed=0.10/0.12s yaw_err=2.5deg yaw_tol=15.0deg yaw_done=True pose=(-0.961,-8.278)
[INFO] [1784090807.225810702] [orange_pole_relative_nav]: 到达 AprilTag 绕杆目标点[4/14]: dist=0.000m, reason=turn_in_place turn_progress=97.6/99.9deg yaw_err=2.3deg settle=0.20s
[INFO] [1784090807.226323435] [orange_pole_relative_nav]: state=ARRIVED_WAIT_NEXT
[INFO] [1784090807.526100184] [orange_pole_relative_nav]: state=FORWARD_TRACKING_NAVIGATING
[INFO] [1784090807.526617427] [orange_pole_relative_nav]: 启动 locked route 前进纠偏[5/14]: route_origin=(-1.960,-8.773), route_yaw=-90.0deg, frame=camera_init, start=(-1.286,-8.208), goal=(-0.680,-9.301), segment_delta=(0.606,-1.093), base=[0.500,0.500], gain_lat=0.04, gain_yaw=0.45, arrival_lat_tol=0.00m, along=0.214m remaining=1.036m lateral=-0.257m yaw_err=+2.2deg corr=+0.008 override=[6,0.492,0.508]
[INFO] [1784090809.026159863] [orange_pole_relative_nav]: 到达 AprilTag 绕杆目标点[5/14]: dist=0.293m, reason=forward_tracking_remaining=0.170m<0.20m along=1.080/1.250m lateral=0.238m lat_tol=0.000m
[INFO] [1784090809.027055960] [orange_pole_relative_nav]: state=TURN_PRIMITIVE_IN_PLACE
[INFO] [1784090809.027477217] [orange_pole_relative_nav]: 开始 HSV 绕杆原地转向[6/14]: target=(-0.680,-9.301), target_yaw=-58.0deg, direction=ccw, yaw_mode=locked_route_frame delta=93.0deg, target_turn=95.6deg, completion_yaw_tol=6.0deg, completion_progress_tol=3.0deg, in_place_override=[6,-0.200,0.650]
[INFO] [1784090809.126041262] [orange_pole_relative_nav]: turn_in_place waypoint=6/14 yaw_err=95.7deg turn_progress=0.0/95.6deg remaining=95.6deg overshoot=0.0deg progress_done=False yaw_done=False slow_turn=False overshoot_guard=False pose=(-0.520,-9.082)
[INFO] [1784090810.625539217] [orange_pole_relative_nav]: HEARTBEAT state=TURN_PRIMITIVE_IN_PLACE, triggered=True, trigger_source=apriltag, route_source=apriltag, reference=locked_route_frame, route_frame_ready=True, route_finished=False, route_failed=False, active_goal=True, direct_override=True, forward_override=False, forward_tracking=False, waypoint=6/14, pole_age=2.42s, pole_stale=True, trigger_age=0.02s, detector_trigger=False, nearest=(dist=0.499m, lateral=-0.341m, vertical=-0.101m, pixel=(6.6,55.7), box=20x143, depth_px=256), apriltag_det=(target_id=14,match=false,raw=0,age=0.09s), apriltag_tf=(camera_color_optical_frame->role, xyz=(+0.014,+0.073,+0.529)m, age=7.70s), pre_align=(pre_align_active=False, pre_align_phase=none, angle_metric=fixed_absolute_yaw, tag_source=locked, raw_tag_x=-0.034m, center_x=-0.029m, tag_z=0.001m, raw_angle_err_deg=+2.35, angle_err_deg=+2.35, angle_filter=5/5, yaw_err_deg=-22.53, base_yaw=-90.0deg, side_yaw=+nandeg, shift_m=0.029, along_m=0.000, remaining_m=0.029, backup_retry=0/1, allow_original_route=True)
[INFO] [1784090810.725642345] [orange_pole_relative_nav]: state=TURN_PRIMITIVE_SETTLE
[INFO] [1784090810.726065923] [orange_pole_relative_nav]: 转向完成，进入停稳确认: waypoint=6/14, settle=0.12s, yaw_tol=15.0deg, reason=turn_in_place turn_progress=92.9/95.6deg yaw_err=2.8deg
[INFO] [1784090810.925633813] [orange_pole_relative_nav]: 到达 AprilTag 绕杆目标点[6/14]: dist=0.000m, reason=turn_in_place turn_progress=92.9/95.6deg yaw_err=2.8deg settle=0.20s
[INFO] [1784090810.925929233] [orange_pole_relative_nav]: state=ARRIVED_WAIT_NEXT
[INFO] [1784090811.225883336] [orange_pole_relative_nav]: state=FORWARD_TRACKING_NAVIGATING
[INFO] [1784090811.226231022] [orange_pole_relative_nav]: 启动 locked route 前进纠偏[7/14]: route_origin=(-1.960,-8.773), route_yaw=-90.0deg, frame=camera_init, start=(-0.680,-9.301), goal=(0.270,-8.707), segment_delta=(0.950,0.594), base=[0.500,0.500], gain_lat=0.20, gain_yaw=0.45, arrival_lat_tol=0.00m, along=0.573m remaining=0.547m lateral=+0.162m yaw_err=-4.7deg corr=-0.008 override=[6,0.508,0.492]
[INFO] [1784090811.325635634] [orange_pole_relative_nav]: forward_tracking waypoint=7/14 route_origin=(-1.960,-8.773) route_yaw=-90.0deg start=(-0.680,-9.301) goal=(0.270,-8.707) pose=(-0.115,-9.165) dist=0.598m along=0.551m remaining=0.569m lateral=+0.184m yaw_err=-4.8deg gain_lat=0.20 arrival_lat_tol=0.00m corr=-0.005 override=[6,+0.505,+0.495]
[INFO] [1784090812.125732109] [orange_pole_relative_nav]: 到达 AprilTag 绕杆目标点[7/14]: dist=0.230m, reason=forward_tracking_remaining=0.173m<0.20m along=0.947/1.120m lateral=0.152m lat_tol=0.000m
[INFO] [1784090812.126452593] [orange_pole_relative_nav]: state=TURN_PRIMITIVE_IN_PLACE
[INFO] [1784090812.126893846] [orange_pole_relative_nav]: 开始 HSV 绕杆原地转向[8/14]: target=(0.270,-8.707), target_yaw=60.0deg, direction=ccw, yaw_mode=locked_route_frame delta=118.0deg, target_turn=115.6deg, completion_yaw_tol=6.0deg, completion_progress_tol=3.0deg, in_place_override=[6,-0.200,0.650]
[INFO] [1784090813.325829138] [orange_pole_relative_nav]: turn_in_place waypoint=8/14 yaw_err=53.2deg turn_progress=63.0/115.6deg remaining=52.7deg overshoot=0.0deg progress_done=False yaw_done=False slow_turn=False overshoot_guard=False pose=(0.431,-8.533)
[INFO] [1784090814.125780334] [orange_pole_relative_nav]: state=TURN_PRIMITIVE_SETTLE
[INFO] [1784090814.126138903] [orange_pole_relative_nav]: 转向完成，进入停稳确认: waypoint=8/14, settle=0.12s, yaw_tol=15.0deg, reason=turn_in_place turn_progress=112.7/115.6deg yaw_err=3.4deg
[INFO] [1784090814.325822565] [orange_pole_relative_nav]: 到达 AprilTag 绕杆目标点[8/14]: dist=0.000m, reason=turn_in_place turn_progress=112.7/115.6deg yaw_err=3.4deg settle=0.20s
[INFO] [1784090814.326190600] [orange_pole_relative_nav]: state=ARRIVED_WAIT_NEXT
[INFO] [1784090814.626034795] [orange_pole_relative_nav]: state=FORWARD_TRACKING_NAVIGATING
[INFO] [1784090814.626480251] [orange_pole_relative_nav]: 启动 locked route 前进纠偏[9/14]: route_origin=(-1.960,-8.773), route_yaw=-90.0deg, frame=camera_init, start=(0.270,-8.707), goal=(-0.925,-8.017), segment_delta=(-1.195,0.690), base=[0.500,0.500], gain_lat=0.04, gain_yaw=0.45, arrival_lat_tol=0.00m, along=0.135m remaining=1.245m lateral=+0.230m yaw_err=-4.9deg corr=-0.030 override=[6,0.530,0.470]
[INFO] [1784090815.425928250] [orange_pole_relative_nav]: forward_tracking waypoint=9/14 route_origin=(-1.960,-8.773) route_yaw=-90.0deg start=(0.270,-8.707) goal=(-0.925,-8.017) pose=(-0.009,-8.318) dist=0.964m along=0.437m remaining=0.943m lateral=+0.198m yaw_err=+0.1deg gain_lat=0.04 arrival_lat_tol=0.00m corr=+0.008 override=[6,+0.492,+0.508]
[INFO] [1784090815.725702772] [orange_pole_relative_nav]: HEARTBEAT state=FORWARD_TRACKING_NAVIGATING, triggered=True, trigger_source=apriltag, route_source=apriltag, reference=locked_route_frame, route_frame_ready=True, route_finished=False, route_failed=False, active_goal=True, direct_override=False, forward_override=False, forward_tracking=True, waypoint=9/14, pole_age=0.78s, pole_stale=False, trigger_age=0.05s, detector_trigger=False, nearest=(dist=1.208m, lateral=-0.830m, vertical=-0.282m, pixel=(5.4,46.3), box=14x106, depth_px=886), apriltag_det=(target_id=14,match=false,raw=0,age=0.12s), apriltag_tf=(camera_color_optical_frame->role, xyz=(+0.014,+0.073,+0.529)m, age=12.80s), pre_align=(pre_align_active=False, pre_align_phase=none, angle_metric=fixed_absolute_yaw, tag_source=locked, raw_tag_x=-0.034m, center_x=-0.029m, tag_z=0.001m, raw_angle_err_deg=+2.35, angle_err_deg=+2.35, angle_filter=5/5, yaw_err_deg=-149.46, base_yaw=-90.0deg, side_yaw=+nandeg, shift_m=0.029, along_m=0.000, remaining_m=0.029, backup_retry=0/1, allow_original_route=True)
[INFO] [1784090816.425650330] [orange_pole_relative_nav]: 到达 AprilTag 绕杆目标点[9/14]: dist=0.256m, reason=forward_tracking_remaining=0.158m<0.20m along=1.222/1.380m lateral=0.202m lat_tol=0.000m
[INFO] [1784090816.426423260] [orange_pole_relative_nav]: state=TURN_PRIMITIVE_IN_PLACE
[INFO] [1784090816.426963221] [orange_pole_relative_nav]: 开始 HSV 绕杆原地转向[10/14]: target=(-0.925,-8.017), target_yaw=-59.0deg, direction=cw, yaw_mode=locked_route_frame delta=-119.0deg, target_turn=118.3deg, completion_yaw_tol=6.0deg, completion_progress_tol=3.0deg, in_place_override=[6,0.650,-0.200]
[INFO] [1784090817.525710391] [orange_pole_relative_nav]: turn_in_place waypoint=10/14 yaw_err=62.9deg turn_progress=55.4/118.3deg remaining=62.9deg overshoot=0.0deg progress_done=False yaw_done=False slow_turn=False overshoot_guard=False pose=(-1.041,-7.581)
[INFO] [1784090818.525851134] [orange_pole_relative_nav]: state=TURN_PRIMITIVE_SETTLE
[INFO] [1784090818.526202383] [orange_pole_relative_nav]: 转向完成，进入停稳确认: waypoint=10/14, settle=0.12s, yaw_tol=15.0deg, reason=turn_in_place turn_progress=118.1/118.3deg yaw_err=0.3deg
[INFO] [1784090818.725724332] [orange_pole_relative_nav]: 到达 AprilTag 绕杆目标点[10/14]: dist=0.000m, reason=turn_in_place turn_progress=118.1/118.3deg yaw_err=0.3deg settle=0.20s
[INFO] [1784090818.726195571] [orange_pole_relative_nav]: state=ARRIVED_WAIT_NEXT
[INFO] [1784090819.026731128] [orange_pole_relative_nav]: state=FORWARD_TRACKING_NAVIGATING
[INFO] [1784090819.027231633] [orange_pole_relative_nav]: 启动 locked route 前进纠偏[11/14]: route_origin=(-1.960,-8.773), route_yaw=-90.0deg, frame=camera_init, start=(-0.925,-8.017), goal=(0.109,-6.941), segment_delta=(1.033,1.076), base=[0.500,0.500], gain_lat=0.04, gain_yaw=0.45, arrival_lat_tol=0.00m, along=0.557m remaining=0.935m lateral=-0.355m yaw_err=+4.2deg corr=+0.020 override=[6,0.480,0.520]
[INFO] [1784090819.525694877] [orange_pole_relative_nav]: forward_tracking waypoint=11/14 route_origin=(-1.960,-8.773) route_yaw=-90.0deg start=(-0.925,-8.017) goal=(0.109,-6.941) pose=(-0.701,-7.291) dist=0.882m along=0.679m remaining=0.813m lateral=-0.342m yaw_err=+3.1deg gain_lat=0.04 arrival_lat_tol=0.00m corr=+0.012 override=[6,+0.488,+0.512]
[INFO] [1784090820.525690505] [orange_pole_relative_nav]: 到达 AprilTag 绕杆目标点[11/14]: dist=0.184m, reason=forward_tracking_remaining=0.136m<0.20m along=1.356/1.492m lateral=0.124m lat_tol=0.000m
[INFO] [1784090820.526523884] [orange_pole_relative_nav]: state=TURN_PRIMITIVE_IN_PLACE
[INFO] [1784090820.526980316] [orange_pole_relative_nav]: 开始 HSV 绕杆原地转向[12/14]: target=(0.109,-6.941), target_yaw=37.5deg, direction=ccw, yaw_mode=locked_route_frame delta=96.5deg, target_turn=99.1deg, completion_yaw_tol=6.0deg, completion_progress_tol=3.0deg, in_place_override=[6,-0.200,0.650]
[INFO] [1784090820.725537078] [orange_pole_relative_nav]: HEARTBEAT state=TURN_PRIMITIVE_IN_PLACE, triggered=True, trigger_source=apriltag, route_source=apriltag, reference=locked_route_frame, route_frame_ready=True, route_finished=False, route_failed=False, active_goal=True, direct_override=True, forward_override=False, forward_tracking=False, waypoint=12/14, pole_age=0.84s, pole_stale=False, trigger_age=0.04s, detector_trigger=False, nearest=(dist=0.421m, lateral=-0.236m, vertical=0.038m, pixel=(43.3,144.5), box=85x240, depth_px=4394), apriltag_det=(target_id=14,match=false,raw=0,age=0.11s), apriltag_tf=(camera_color_optical_frame->role, xyz=(+0.014,+0.073,+0.529)m, age=17.80s), pre_align=(pre_align_active=False, pre_align_phase=none, angle_metric=fixed_absolute_yaw, tag_source=locked, raw_tag_x=-0.034m, center_x=-0.029m, tag_z=0.001m, raw_angle_err_deg=+2.35, angle_err_deg=+2.35, angle_filter=5/5, yaw_err_deg=-31.92, base_yaw=-90.0deg, side_yaw=+nandeg, shift_m=0.029, along_m=0.000, remaining_m=0.029, backup_retry=0/1, allow_original_route=True)
[INFO] [1784090821.625610798] [orange_pole_relative_nav]: turn_in_place waypoint=12/14 yaw_err=39.0deg turn_progress=60.1/99.1deg remaining=39.0deg overshoot=0.0deg progress_done=False yaw_done=False slow_turn=False overshoot_guard=False pose=(0.169,-6.648)
[INFO] [1784090822.225815315] [orange_pole_relative_nav]: state=TURN_PRIMITIVE_SETTLE
[INFO] [1784090822.226140689] [orange_pole_relative_nav]: 转向完成，进入停稳确认: waypoint=12/14, settle=0.12s, yaw_tol=15.0deg, reason=turn_in_place turn_progress=99.9/99.1deg yaw_err=0.8deg
[INFO] [1784090822.426021588] [orange_pole_relative_nav]: 到达 AprilTag 绕杆目标点[12/14]: dist=0.000m, reason=turn_in_place turn_progress=99.9/99.1deg yaw_err=0.8deg settle=0.20s
[INFO] [1784090822.426662956] [orange_pole_relative_nav]: state=ARRIVED_WAIT_NEXT
[INFO] [1784090822.725998079] [orange_pole_relative_nav]: state=FORWARD_TRACKING_NAVIGATING
[INFO] [1784090822.726511488] [orange_pole_relative_nav]: 启动 locked route 前进纠偏[13/14]: route_origin=(-1.960,-8.773), route_yaw=-90.0deg, frame=camera_init, start=(0.109,-6.941), goal=(-0.311,-6.394), segment_delta=(-0.420,0.547), base=[0.500,0.500], gain_lat=0.28, gain_yaw=0.45, arrival_lat_tol=0.00m, along=0.372m remaining=0.318m lateral=+0.259m yaw_err=-10.7deg corr=-0.017 override=[6,0.517,0.483]
[INFO] [1784090823.426033931] [orange_pole_relative_nav]: 到达 AprilTag 绕杆目标点[13/14]: dist=0.248m, reason=forward_tracking_remaining=0.127m<0.20m along=0.563/0.690m lateral=0.213m lat_tol=0.000m
[INFO] [1784090823.426897338] [orange_pole_relative_nav]: state=TURN_PRIMITIVE_IN_PLACE
[INFO] [1784090823.427338586] [orange_pole_relative_nav]: 开始 HSV 绕杆原地转向[14/14]: target=(-0.311,-6.394), target_yaw=-7.5deg, direction=cw, yaw_mode=locked_route_frame delta=-45.0deg, target_turn=51.1deg, completion_yaw_tol=6.0deg, completion_progress_tol=3.0deg, in_place_override=[6,0.650,-0.200]
[INFO] [1784090823.625975284] [orange_pole_relative_nav]: turn_in_place waypoint=14/14 yaw_err=49.0deg turn_progress=2.1/51.1deg remaining=49.0deg overshoot=0.0deg progress_done=False yaw_done=False slow_turn=False overshoot_guard=False pose=(-0.158,-6.243)
[INFO] [1784090824.325836372] [orange_pole_relative_nav]: state=TURN_PRIMITIVE_SETTLE
[INFO] [1784090824.326311836] [orange_pole_relative_nav]: 转向完成，进入停稳确认: waypoint=14/14, settle=0.12s, yaw_tol=15.0deg, reason=turn_in_place turn_progress=48.2/51.1deg yaw_err=2.9deg
[INFO] [1784090824.525701229] [orange_pole_relative_nav]: 到达 AprilTag 绕杆目标点[14/14]: dist=0.000m, reason=turn_in_place turn_progress=48.2/51.1deg yaw_err=2.9deg settle=0.20s
[INFO] [1784090824.526173504] [orange_pole_relative_nav]: state=FINISHED
[INFO] [1784090824.526458207] [orange_pole_relative_nav]: AprilTag 触发的相对目标点已全部完成。
[INFO] [1784090824.570642974] [orange_pole_relative_nav]: state=INACTIVE
[INFO] [1784090824.571035188] [orange_pole_relative_nav]: orange_pole_relative_nav deactivated: reason=external_topic
