[INFO] [1783910573.409301316] [slope_manager]: obstacle_manager inactive on startup: start_waypoint_index=1, stop_after_waypoint_index=-1
[INFO] [1783910590.972448457] [slope_manager]: [1;35m发布模式: 7 (未知模式)[0m
[INFO] [1783910590.972808062] [slope_manager]: [1;35m发布上坡步长滤波: True[0m
[INFO] [1783910590.973087824] [slope_manager]: [1;35m发布路径修正profile: 0 (0=关闭, 1=普通, 2=上坡强修正, 3=强修正符号验证)[0m
[INFO] [1783910590.973395558] [slope_manager]: 启动时继承上一 waypoint 段状态: source=small_ramp_entry, mode=7, uphill_step_floor=True, path_correction_profile=0, mode_source=inherited_segment_mode_override
[INFO] [1783910590.973716156] [slope_manager]: obstacle_manager activated: reason=external_topic, start_waypoint_index=1, stop_after_waypoint_index=-1, inherit_previous_waypoint_segment_state=True
[INFO] [1783910591.016325515] [slope_manager]: 解析机身相对 waypoint[1]=platform_center: source=(0.128,2.174,6.0deg), anchor=(0.128,2.174,startup_fallback_locked_yaw:small_ramp_entry, ref_frame=camera_init), body_offset=(forward=1.770, slope_align_duration_bonus=0.000m duration=0.55s<=1.00s/2.50s, left=0.030, pose_x_switch=far_right pose_x=0.128 matched(x>0.050)), yaw_mode=previous_target, yaw_delta=0.0deg, ref_yaw_source=previous_target, ref_yaw=0.0deg, target=(0.098,3.944,0.0deg), frame=camera_init
[INFO] [1783910591.017004556] [slope_manager]: [1;36m发送目标点[2/18](attempt=1): platform_center -> x=0.098, y=3.944, yaw=0.0° (body_relative forward=1.770, left=0.030, yaw_mode=previous_target, yaw_delta=0.0°, source=(0.128,2.174,6.0°), anchor=(0.128,2.174,startup_fallback_locked_yaw:small_ramp_entry, ref_frame=camera_init), ref_yaw_source=previous_target, ref_yaw=0.0°), frame=camera_init, 到点后锁存模式=0, note=平台中心接近点：这一段先只管到位置，到点后额外停 0.3 秒稳住机身，再由下一个同点位转向点完成 90 度自旋。[0m
[INFO] [1783910591.116334094] [slope_manager]: [0;94mwaypoint=2/18 platform_center dist=1.504m, min_dist=1.504m, yaw_err=5.7deg, pose=(0.207,2.444), goal=(0.098,3.944), pose_frame=camera_init, goal_frame=camera_init, line_progress=0.269/1.770m (15%), line_remaining=1.502m, line_lateral=0.083m[0m
[INFO] [1783910592.216104540] [slope_manager]: [0;94mwaypoint=2/18 platform_center dist=1.427m, min_dist=1.412m, yaw_err=6.8deg, pose=(0.053,2.518), goal=(0.098,3.944), pose_frame=camera_init, goal_frame=camera_init, line_progress=0.345/1.770m (19%), line_remaining=1.426m, line_lateral=-0.070m[0m
[INFO] [1783910593.316323565] [slope_manager]: [0;94mwaypoint=2/18 platform_center dist=0.978m, min_dist=0.971m, yaw_err=4.8deg, pose=(0.000,2.971), goal=(0.098,3.944), pose_frame=camera_init, goal_frame=camera_init, line_progress=0.799/1.770m (45%), line_remaining=0.972m, line_lateral=-0.114m[0m
[INFO] [1783910594.318626716] [slope_manager]: [0;94mwaypoint=2/18 platform_center dist=0.527m, min_dist=0.523m, yaw_err=0.5deg, pose=(-0.005,3.428), goal=(0.098,3.944), pose_frame=camera_init, goal_frame=camera_init, line_progress=1.256/1.770m (71%), line_remaining=0.514m, line_lateral=-0.112m[0m
[INFO] [1783910594.699016948] [slope_manager]: [1;32m到点成功: waypoint[1]=platform_center, dist=0.370, min_dist=0.370, yaw_err=1.3deg, reason=distance_tolerance[0m
[INFO] [1783910594.699456870] [slope_manager]: [1;35m发布模式: 0 (正常行走)[0m
[INFO] [1783910594.699865646] [slope_manager]: [1;35m发布上坡步长滤波: False[0m
[INFO] [1783910594.700194903] [slope_manager]: [1;35m发布路径修正profile: 0 (0=关闭, 1=普通, 2=上坡强修正, 3=强修正符号验证)[0m
[INFO] [1783910594.700479251] [slope_manager]: [1;32m已到达 waypoint[1]=platform_center，切换模式为 0 (正常行走)，上坡滤波=False，路径修正profile=0，并锁存到下一个 waypoint。[0m
[INFO] [1783910594.700852996] [slope_manager]: waypoint[1]=platform_center 到点后等待 0.30s，再切换到下一个目标。
[INFO] [1783910595.001515142] [slope_manager]: [1;36m切换到下一个 waypoint: 3 / 18[0m
[INFO] [1783910595.002077606] [slope_manager]: 解析机身相对 waypoint[2]=platform_center_spin: source=(-0.018,3.689,-1.7deg), anchor=(-0.018,3.689,current_pose), body_offset=(forward=0.000, left=0.000), yaw_mode=previous_target_delta, yaw_delta=83.0deg, ref_yaw_source=current, ref_yaw=-1.7deg, target=(-0.018,3.689,83.0deg), frame=camera_init
[INFO] [1783910595.002674997] [slope_manager]: [1;36m发送直驱覆盖点[3/18](attempt=1): platform_center_spin -> x=-0.018, y=3.689, yaw=83.0° (body_relative forward=0.000, left=0.000, yaw_mode=previous_target_delta, yaw_delta=83.0°, source=(-0.018,3.689,-1.7°), anchor=(-0.018,3.689,current_pose), ref_yaw_source=current, ref_yaw=-1.7°), frame=camera_init, override=[6,-0.400,0.500], 到点后锁存模式=2, note=普通平台中心原地转向点：位置基本不变，转到 +83 度附近后再继续；mode=6 实机对对称反向步敏感，使用非对称模板避免反向/抽搐。[0m
[INFO] [1783910595.416173609] [slope_manager]: [0;94mwaypoint=3/18 platform_center_spin dist=0.091m, min_dist=0.009m, yaw_err=74.6deg, pose=(-0.020,3.780), goal=(-0.018,3.689), pose_frame=camera_init, goal_frame=camera_init, override=[6,-0.400,0.500][0m
[INFO] [1783910596.516711015] [slope_manager]: [0;94mwaypoint=3/18 platform_center_spin dist=0.053m, min_dist=0.009m, yaw_err=10.1deg, pose=(-0.043,3.735), goal=(-0.018,3.689), pose_frame=camera_init, goal_frame=camera_init, override=[6,-0.400,0.500][0m
[INFO] [1783910596.652409918] [slope_manager]: [1;32m到点成功: waypoint[2]=platform_center_spin, dist=0.031, min_dist=0.009, yaw_err=3.0deg, reason=distance_tolerance[0m
[INFO] [1783910596.652851000] [slope_manager]: [1;35m发布模式: 2 (趴下)[0m
[INFO] [1783910596.653273226] [slope_manager]: [1;35m发布上坡步长滤波: False[0m
[INFO] [1783910596.653711813] [slope_manager]: [1;35m发布路径修正profile: 0 (0=关闭, 1=普通, 2=上坡强修正, 3=强修正符号验证)[0m
[INFO] [1783910596.656069941] [slope_manager]: [1;32m已到达 waypoint[2]=platform_center_spin，切换模式为 2 (趴下)，上坡滤波=False，路径修正profile=0，并锁存到下一个 waypoint。[0m
[INFO] [1783910596.656688064] [slope_manager]: waypoint[2]=platform_center_spin 到点后立即执行额外动作序列。
[INFO] [1783910596.657187570] [slope_manager]: [1;35m发布模式: 2 (趴下)[0m
[INFO] [1783910596.657890954] [slope_manager]: [0;94m执行到点后额外动作: waypoint=platform_center_spin, mode=2 (趴下), hold=1.00s, override=[2,0.000,0.000], note=平台自旋到点后先用低速 [2,0.2,0.2] 进入趴下，避免残留 /cmd_vel yaw 在切到 wall_jump_prep 前继续转动。[0m
[INFO] [1783910597.663262891] [slope_manager]: [1;36m切换到下一个 waypoint: 4 / 18[0m
[INFO] [1783910597.664050282] [slope_manager]: 解析机身相对 waypoint[3]=crouch_yaw_settle: source=(-0.101,3.682,87.8deg), anchor=(-0.101,3.682,current_pose), body_offset=(forward=0.000, left=0.000), yaw_mode=absolute, yaw_delta=0.0deg, ref_yaw_source=target_yaw, ref_yaw=92.0deg, target=(-0.101,3.682,92.0deg), frame=camera_init
[INFO] [1783910597.664857660] [slope_manager]: [1;36m发送直驱覆盖点[4/18](attempt=1): crouch_yaw_settle -> x=-0.101, y=3.682, yaw=92.0° (body_relative forward=0.000, left=0.000, yaw_mode=absolute, yaw_delta=0.0°, source=(-0.101,3.682,87.8°), anchor=(-0.101,3.682,current_pose), ref_yaw_source=target_yaw, ref_yaw=92.0°), frame=camera_init, override=[2,-0.107,0.507], yaw_corr=0.307,yaw_err=4.2deg, 到点后锁存模式=2, note=趴下前先低速强回正；10deg 左右 yaw_err 会把 [2,0.20,0.20] 修成约 [2,-0.25,0.65] 或反向，收准后再进入 wall_jump_prep。[0m
[INFO] [1783910597.717364400] [slope_manager]: [0;94mwaypoint=4/18 crouch_yaw_settle dist=0.023m, min_dist=0.019m, yaw_err=4.5deg, pose=(-0.124,3.677), goal=(-0.101,3.682), pose_frame=camera_init, goal_frame=camera_init, override=[2,-0.151,0.551], yaw_corr=0.351,yaw_err=4.5deg[0m
[INFO] [1783910598.816316276] [slope_manager]: [0;94mwaypoint=4/18 crouch_yaw_settle dist=0.118m, min_dist=0.019m, yaw_err=4.2deg, pose=(-0.219,3.688), goal=(-0.101,3.682), pose_frame=camera_init, goal_frame=camera_init, override=[2,-0.109,0.509], yaw_corr=0.309,yaw_err=4.2deg[0m
[INFO] [1783910599.313393811] [slope_manager]: [1;32m到点成功: waypoint[3]=crouch_yaw_settle, dist=0.068, min_dist=0.019, yaw_err=3.0deg, reason=distance_tolerance[0m
[INFO] [1783910599.313857881] [slope_manager]: [1;35m发布模式: 2 (趴下)[0m
[INFO] [1783910599.314312731] [slope_manager]: [1;35m发布上坡步长滤波: False[0m
[INFO] [1783910599.314700777] [slope_manager]: [1;35m发布路径修正profile: 0 (0=关闭, 1=普通, 2=上坡强修正, 3=强修正符号验证)[0m
[INFO] [1783910599.315082525] [slope_manager]: [1;32m已到达 waypoint[3]=crouch_yaw_settle，切换模式为 2 (趴下)，上坡滤波=False，路径修正profile=0，并锁存到下一个 waypoint。[0m
[INFO] [1783910599.315488246] [slope_manager]: waypoint[3]=crouch_yaw_settle 到点后等待 0.30s，再切换到下一个目标。
[INFO] [1783910599.616159832] [slope_manager]: [1;35m发布模式: 2 (趴下)[0m
[INFO] [1783910599.616629709] [slope_manager]: waypoint[3]=crouch_yaw_settle 启用局部定位稳定门控：expected=(-0.101,3.682), 需要连续稳定 0.25s 后再切换到下一个目标。
[INFO] [1783910599.667455950] [slope_manager]: 等待局部定位稳定: waypoint[3]=crouch_yaw_settle, pose=(-0.206,3.673), expected=(-0.101,3.682), err=0.105/0.300m, bounds_ok=True, yaw_ok=True, stable=0.05/0.25s
[INFO] [1783910599.868543898] [slope_manager]: 局部定位稳定门控通过: waypoint[3]=crouch_yaw_settle, pose=(-0.194,3.664), expected=(-0.101,3.682), err=0.095m, stable=0.25s。
[INFO] [1783910599.868991172] [slope_manager]: [1;36m切换到下一个 waypoint: 5 / 18[0m
[INFO] [1783910599.869420854] [slope_manager]: 解析机身相对 waypoint[4]=wall_jump_prep: source=(-0.194,3.664,88.7deg), anchor=(-0.164,3.659,previous_arrival:crouch_yaw_settle), body_offset=(forward=4.100, previous_pose_x_switch=far_right source=platform_center[1], left=-0.050, left_previous_pose_x_switch=far_right source=platform_center[1]), yaw_mode=absolute, yaw_delta=0.0deg, ref_yaw_source=target_yaw, ref_yaw=92.0deg, target=(-4.264,3.566,92.0deg), frame=camera_init
[INFO] [1783910599.869904133] [slope_manager]: [1;35m发布路径修正profile: 0 (0=关闭, 1=普通, 2=上坡强修正, 3=强修正符号验证)[0m
[INFO] [1783910599.870304135] [slope_manager]: [1;36m发送直驱覆盖点[5/18](attempt=1): wall_jump_prep -> x=-4.264, y=3.566, yaw=92.0° (body_relative forward=4.100, left=-0.050, yaw_mode=absolute, yaw_delta=0.0°, source=(-0.194,3.664,88.7°), anchor=(-0.164,3.659,previous_arrival:crouch_yaw_settle), ref_yaw_source=target_yaw, ref_yaw=92.0°), frame=camera_init, path_reference=/serial_path_reference, override=[2,1.000,1.000], 到点后锁存模式=2, note=第4点：这一段不走 Nav2，直接固定发送 mode=2,left=1,right=1 趴下前进，并给串口桥参考线做横向/yaw 修正。到点后先趴下停止，再站立停止；本版本不执行 mode=3 小跳，直接推进到第5个自旋点。rollback: 恢复 post_arrival_mode_sequence 中注释的小跳两段。[0m
[INFO] [1783910599.916492081] [slope_manager]: [0;94mwaypoint=5/18 wall_jump_prep dist=4.078m, min_dist=4.078m, yaw_err=3.1deg, pose=(-0.187,3.670), goal=(-4.264,3.566), pose_frame=camera_init, goal_frame=camera_init, line_progress=-0.008/4.071m (-0%), line_remaining=4.078m, line_lateral=0.006m, apriltag_gate=blocked:missing_matching_tf(expected_tf=camera_color_optical_frame->base, last_seen=none), override=[2,1.000,1.000][0m
[INFO] [1783910599.925784855] [slope_manager]: AprilTag TF update: waypoint[4]=wall_jump_prep, tf=camera_color_optical_frame->base, xyz=(-0.492,0.098,4.472), rpy=(-172.6,-22.8,-3.6)deg, stamp_lag_at_rx=-0.08s, stale_limit=0.80s
[INFO] [1783910600.991359560] [slope_manager]: AprilTag TF update: waypoint[4]=wall_jump_prep, tf=camera_color_optical_frame->base, xyz=(-0.513,0.065,4.411), rpy=(-176.7,-21.8,-2.1)deg, stamp_lag_at_rx=-0.10s, stale_limit=0.80s
[INFO] [1783910601.016240530] [slope_manager]: [0;94mwaypoint=5/18 wall_jump_prep dist=3.965m, min_dist=3.962m, yaw_err=3.8deg, pose=(-0.300,3.678), goal=(-4.264,3.566), pose_frame=camera_init, goal_frame=camera_init, line_progress=0.106/4.071m (3%), line_remaining=3.965m, line_lateral=0.016m, apriltag_gate=blocked:z_gate(filtered_z=4.422m>0.700m, below=0/3<1, raw_z=4.411m, filtered_z=4.422m, threshold=0.700m, below=0/3, required=1/3, tf=camera_color_optical_frame->base, stamp_age=-0.08s, stamp_lag_at_rx=-0.10s), override=[2,1.000,1.000][0m
[INFO] [1783910601.116184224] [slope_manager]: direct_step yaw recovery 触发: waypoint[4]=wall_jump_prep, yaw_err=4.3deg >= 3.0deg, lat=0.023m, progress=0.03。暂停基准线修正，只做趴下姿态回正。
[INFO] [1783910601.992231302] [slope_manager]: AprilTag TF update: waypoint[4]=wall_jump_prep, tf=camera_color_optical_frame->base, xyz=(-0.450,0.080,4.343), rpy=(-174.6,-20.3,-4.0)deg, stamp_lag_at_rx=-0.12s, stale_limit=0.80s
[INFO] [1783910602.016289433] [slope_manager]: [0;94mwaypoint=5/18 wall_jump_prep dist=3.853m, min_dist=3.832m, yaw_err=2.5deg, pose=(-0.412,3.651), goal=(-4.264,3.566), pose_frame=camera_init, goal_frame=camera_init, line_progress=0.218/4.071m (5%), line_remaining=3.853m, line_lateral=-0.008m, apriltag_gate=blocked:z_gate(filtered_z=4.345m>0.700m, below=0/3<1, raw_z=4.343m, filtered_z=4.345m, threshold=0.700m, below=0/3, required=1/3, tf=camera_color_optical_frame->base, stamp_age=-0.09s, stamp_lag_at_rx=-0.12s), override=[2,-0.027,0.027], yaw_recovery=active,yaw_err=2.5deg,turn=0.027,lat=-0.008,progress=0.05[0m
[INFO] [1783910602.116180615] [slope_manager]: direct_step yaw recovery 完成: waypoint[4]=wall_jump_prep, yaw_err=1.8deg <= 2.0deg，恢复基准线修正。
[INFO] [1783910603.016356202] [slope_manager]: [0;94mwaypoint=5/18 wall_jump_prep dist=3.748m, min_dist=3.748m, yaw_err=1.6deg, pose=(-0.517,3.657), goal=(-4.264,3.566), pose_frame=camera_init, goal_frame=camera_init, line_progress=0.322/4.071m (8%), line_remaining=3.748m, line_lateral=0.001m, apriltag_gate=blocked:z_gate(filtered_z=4.330m>0.700m, below=0/3<1, raw_z=4.330m, filtered_z=4.330m, threshold=0.700m, below=0/3, required=1/3, tf=camera_color_optical_frame->base, stamp_age=0.24s, stamp_lag_at_rx=-0.12s), override=[2,1.000,1.000][0m
[INFO] [1783910603.195618078] [slope_manager]: AprilTag TF update: waypoint[4]=wall_jump_prep, tf=camera_color_optical_frame->base, xyz=(-0.383,0.080,4.226), rpy=(-175.6,-17.9,-3.4)deg, stamp_lag_at_rx=-0.11s, stale_limit=0.80s
[INFO] [1783910604.116264186] [slope_manager]: [0;94mwaypoint=5/18 wall_jump_prep dist=3.563m, min_dist=3.563m, yaw_err=2.5deg, pose=(-0.702,3.664), goal=(-4.264,3.566), pose_frame=camera_init, goal_frame=camera_init, line_progress=0.507/4.071m (12%), line_remaining=3.563m, line_lateral=0.012m, apriltag_gate=blocked:z_gate(filtered_z=4.131m>0.700m, below=0/3<1, raw_z=4.131m, filtered_z=4.131m, threshold=0.700m, below=0/3, required=1/3, tf=camera_color_optical_frame->base, stamp_age=0.22s, stamp_lag_at_rx=-0.10s), override=[2,1.000,1.000][0m
[INFO] [1783910604.259494298] [slope_manager]: AprilTag TF update: waypoint[4]=wall_jump_prep, tf=camera_color_optical_frame->base, xyz=(-0.437,0.079,4.047), rpy=(-176.3,-19.5,-3.7)deg, stamp_lag_at_rx=-0.10s, stale_limit=0.80s
[INFO] [1783910604.816302687] [slope_manager]: direct_step yaw recovery 触发: waypoint[4]=wall_jump_prep, yaw_err=3.9deg >= 3.0deg, lat=0.015m, progress=0.14。暂停基准线修正，只做趴下姿态回正。
[INFO] [1783910605.216287484] [slope_manager]: [0;94mwaypoint=5/18 wall_jump_prep dist=3.455m, min_dist=3.448m, yaw_err=2.9deg, pose=(-0.810,3.658), goal=(-4.264,3.566), pose_frame=camera_init, goal_frame=camera_init, line_progress=0.616/4.071m (15%), line_remaining=3.455m, line_lateral=0.008m, apriltag_gate=blocked:z_gate(filtered_z=3.981m>0.700m, below=0/3<1, raw_z=3.840m, filtered_z=3.981m, threshold=0.700m, below=0/3, required=1/3, tf=camera_color_optical_frame->base, stamp_age=-0.05s, stamp_lag_at_rx=-0.07s), override=[2,-0.048,0.048], yaw_recovery=active,yaw_err=2.9deg,turn=0.048,lat=0.008,progress=0.15[0m
[INFO] [1783910605.326390236] [slope_manager]: AprilTag TF update: waypoint[4]=wall_jump_prep, tf=camera_color_optical_frame->base, xyz=(-0.429,0.110,3.944), rpy=(178.5,-18.3,-4.2)deg, stamp_lag_at_rx=-0.07s, stale_limit=0.80s
[INFO] [1783910605.516081313] [slope_manager]: direct_step yaw recovery 完成: waypoint[4]=wall_jump_prep, yaw_err=1.4deg <= 2.0deg，恢复基准线修正。
[INFO] [1783910606.316288155] [slope_manager]: [0;94mwaypoint=5/18 wall_jump_prep dist=3.369m, min_dist=3.363m, yaw_err=0.9deg, pose=(-0.896,3.649), goal=(-4.264,3.566), pose_frame=camera_init, goal_frame=camera_init, line_progress=0.702/4.071m (17%), line_remaining=3.369m, line_lateral=0.002m, apriltag_gate=blocked:z_gate(filtered_z=3.898m>0.700m, below=0/3<1, raw_z=3.873m, filtered_z=3.898m, threshold=0.700m, below=0/3, required=1/3, tf=camera_color_optical_frame->base, stamp_age=0.03s, stamp_lag_at_rx=-0.02s), override=[2,1.000,1.000][0m
[INFO] [1783910606.929708714] [slope_manager]: AprilTag TF update: waypoint[4]=wall_jump_prep, tf=camera_color_optical_frame->base, xyz=(-0.200,0.076,3.788), rpy=(-168.1,-18.0,-5.6)deg, stamp_lag_at_rx=0.01s, stale_limit=0.80s
[INFO] [1783910607.316286381] [slope_manager]: [0;94mwaypoint=5/18 wall_jump_prep dist=3.241m, min_dist=3.241m, yaw_err=0.5deg, pose=(-1.023,3.632), goal=(-4.264,3.566), pose_frame=camera_init, goal_frame=camera_init, line_progress=0.829/4.071m (20%), line_remaining=3.241m, line_lateral=-0.012m, apriltag_gate=blocked:z_gate(filtered_z=3.777m>0.700m, below=0/2<1, raw_z=3.766m, filtered_z=3.777m, threshold=0.700m, below=0/2, required=1/3, tf=camera_color_optical_frame->base, stamp_age=0.08s, stamp_lag_at_rx=0.03s), override=[2,1.000,1.000][0m
[INFO] [1783910607.932006443] [slope_manager]: AprilTag TF update: waypoint[4]=wall_jump_prep, tf=camera_color_optical_frame->base, xyz=(-0.189,0.127,3.637), rpy=(-176.9,-11.8,-1.7)deg, stamp_lag_at_rx=0.07s, stale_limit=0.80s
[INFO] [1783910608.416303895] [slope_manager]: [0;94mwaypoint=5/18 wall_jump_prep dist=3.006m, min_dist=2.998m, yaw_err=0.3deg, pose=(-1.258,3.615), goal=(-4.264,3.566), pose_frame=camera_init, goal_frame=camera_init, line_progress=1.065/4.071m (26%), line_remaining=3.006m, line_lateral=-0.023m, apriltag_gate=blocked:z_gate(filtered_z=3.548m>0.700m, below=0/3<1, raw_z=3.536m, filtered_z=3.548m, threshold=0.700m, below=0/3, required=1/3, tf=camera_color_optical_frame->base, stamp_age=0.23s, stamp_lag_at_rx=0.07s), override=[2,1.000,1.000][0m
[INFO] [1783910609.265973949] [slope_manager]: AprilTag TF update: waypoint[4]=wall_jump_prep, tf=camera_color_optical_frame->base, xyz=(-0.302,0.127,3.440), rpy=(-171.7,-12.8,-3.4)deg, stamp_lag_at_rx=0.07s, stale_limit=0.80s
[INFO] [1783910609.416450390] [slope_manager]: [0;94mwaypoint=5/18 wall_jump_prep dist=2.893m, min_dist=2.893m, yaw_err=1.2deg, pose=(-1.371,3.613), goal=(-4.264,3.566), pose_frame=camera_init, goal_frame=camera_init, line_progress=1.177/4.071m (29%), line_remaining=2.893m, line_lateral=-0.023m, apriltag_gate=blocked:z_gate(filtered_z=3.490m>0.700m, below=0/3<1, raw_z=3.440m, filtered_z=3.490m, threshold=0.700m, below=0/3, required=1/3, tf=camera_color_optical_frame->base, stamp_age=0.23s, stamp_lag_at_rx=0.07s), override=[2,1.000,1.000][0m
[INFO] [1783910610.516255193] [slope_manager]: [0;94mwaypoint=5/18 wall_jump_prep dist=2.750m, min_dist=2.750m, yaw_err=2.0deg, pose=(-1.514,3.629), goal=(-4.264,3.566), pose_frame=camera_init, goal_frame=camera_init, line_progress=1.321/4.071m (32%), line_remaining=2.750m, line_lateral=-0.003m, apriltag_gate=blocked:z_gate(filtered_z=3.364m>0.700m, below=0/2<1, raw_z=3.365m, filtered_z=3.364m, threshold=0.700m, below=0/2, required=1/3, tf=camera_color_optical_frame->base, stamp_age=0.39s, stamp_lag_at_rx=0.08s), override=[2,1.000,1.000][0m
[INFO] [1783910610.662357382] [slope_manager]: AprilTag TF update: waypoint[4]=wall_jump_prep, tf=camera_color_optical_frame->base, xyz=(-0.114,0.096,3.278), rpy=(-163.6,-17.8,-6.7)deg, stamp_lag_at_rx=0.07s, stale_limit=0.80s
[INFO] [1783910611.516264125] [slope_manager]: [0;94mwaypoint=5/18 wall_jump_prep dist=2.583m, min_dist=2.583m, yaw_err=0.5deg, pose=(-1.680,3.604), goal=(-4.264,3.566), pose_frame=camera_init, goal_frame=camera_init, line_progress=1.487/4.071m (37%), line_remaining=2.583m, line_lateral=-0.025m, apriltag_gate=blocked:z_gate(filtered_z=3.163m>0.700m, below=0/3<1, raw_z=3.163m, filtered_z=3.163m, threshold=0.700m, below=0/3, required=1/3, tf=camera_color_optical_frame->base, stamp_age=0.19s, stamp_lag_at_rx=0.08s), override=[2,1.000,1.000][0m
[INFO] [1783910611.734148476] [slope_manager]: AprilTag TF update: waypoint[4]=wall_jump_prep, tf=camera_color_optical_frame->base, xyz=(-0.179,0.140,3.123), rpy=(-176.2,-10.9,-2.2)deg, stamp_lag_at_rx=0.07s, stale_limit=0.80s
[INFO] [1783910612.516305944] [slope_manager]: [0;94mwaypoint=5/18 wall_jump_prep dist=2.424m, min_dist=2.424m, yaw_err=2.4deg, pose=(-1.839,3.575), goal=(-4.264,3.566), pose_frame=camera_init, goal_frame=camera_init, line_progress=1.647/4.071m (40%), line_remaining=2.424m, line_lateral=-0.049m, apriltag_gate=blocked:z_gate(filtered_z=3.014m>0.700m, below=0/3<1, raw_z=3.002m, filtered_z=3.014m, threshold=0.700m, below=0/3, required=1/3, tf=camera_color_optical_frame->base, stamp_age=0.12s, stamp_lag_at_rx=0.08s), override=[2,1.000,1.000][0m
[INFO] [1783910612.800023940] [slope_manager]: AprilTag TF update: waypoint[4]=wall_jump_prep, tf=camera_color_optical_frame->base, xyz=(-0.117,0.076,2.927), rpy=(-176.5,-14.1,-3.9)deg, stamp_lag_at_rx=0.07s, stale_limit=0.80s
[INFO] [1783910613.616275853] [slope_manager]: [0;94mwaypoint=5/18 wall_jump_prep dist=2.403m, min_dist=2.331m, yaw_err=8.1deg, pose=(-1.861,3.598), goal=(-4.264,3.566), pose_frame=camera_init, goal_frame=camera_init, line_progress=1.668/4.071m (41%), line_remaining=2.403m, line_lateral=-0.026m, apriltag_gate=blocked:z_gate(filtered_z=2.914m>0.700m, below=0/1<1, raw_z=2.914m, filtered_z=2.914m, threshold=0.700m, below=0/1, required=1/3, tf=camera_color_optical_frame->base, stamp_age=0.69s, stamp_lag_at_rx=0.07s), override=[2,1.000,1.000][0m
[INFO] [1783910613.800335763] [slope_manager]: AprilTag TF update: waypoint[4]=wall_jump_prep, tf=camera_color_optical_frame->base, xyz=(0.183,0.076,2.950), rpy=(-179.4,-10.4,-1.6)deg, stamp_lag_at_rx=0.07s, stale_limit=0.80s
[INFO] [1783910613.916145791] [slope_manager]: direct_step yaw recovery 触发: waypoint[4]=wall_jump_prep, yaw_err=7.6deg >= 3.0deg, lat=-0.034m, progress=0.42。暂停基准线修正，只做趴下姿态回正。
[INFO] [1783910614.716436420] [slope_manager]: [0;94mwaypoint=5/18 wall_jump_prep dist=2.328m, min_dist=2.320m, yaw_err=5.5deg, pose=(-1.936,3.590), goal=(-4.264,3.566), pose_frame=camera_init, goal_frame=camera_init, line_progress=1.743/4.071m (43%), line_remaining=2.328m, line_lateral=-0.032m, apriltag_gate=blocked:z_gate(filtered_z=2.880m>0.700m, below=0/3<1, raw_z=2.880m, filtered_z=2.880m, threshold=0.700m, below=0/3, required=1/3, tf=camera_color_optical_frame->base, stamp_age=0.12s, stamp_lag_at_rx=0.07s), override=[2,0.184,-0.184], yaw_recovery=active,yaw_err=-5.5deg,turn=0.184,lat=-0.032,progress=0.43[0m
[INFO] [1783910614.868138469] [slope_manager]: AprilTag TF update: waypoint[4]=wall_jump_prep, tf=camera_color_optical_frame->base, xyz=(0.048,0.179,2.896), rpy=(175.1,-5.1,-2.8)deg, stamp_lag_at_rx=0.07s, stale_limit=0.80s
[INFO] [1783910615.816165159] [slope_manager]: direct_step yaw recovery 完成: waypoint[4]=wall_jump_prep, yaw_err=1.3deg <= 2.0deg，恢复基准线修正。
[INFO] [1783910615.816685237] [slope_manager]: [0;94mwaypoint=5/18 wall_jump_prep dist=2.333m, min_dist=2.291m, yaw_err=1.3deg, pose=(-1.932,3.623), goal=(-4.264,3.566), pose_frame=camera_init, goal_frame=camera_init, line_progress=1.738/4.071m (43%), line_remaining=2.333m, line_lateral=0.001m, apriltag_gate=blocked:z_gate(filtered_z=2.852m>0.700m, below=0/3<1, raw_z=2.839m, filtered_z=2.852m, threshold=0.700m, below=0/3, required=1/3, tf=camera_color_optical_frame->base, stamp_age=0.42s, stamp_lag_at_rx=0.07s), override=[2,1.000,1.000][0m
[INFO] [1783910615.937700484] [slope_manager]: AprilTag TF update: waypoint[4]=wall_jump_prep, tf=camera_color_optical_frame->base, xyz=(-0.144,0.133,2.858), rpy=(-175.9,-8.4,-2.6)deg, stamp_lag_at_rx=0.07s, stale_limit=0.80s
[INFO] [1783910616.916530501] [slope_manager]: [0;94mwaypoint=5/18 wall_jump_prep dist=2.192m, min_dist=2.178m, yaw_err=3.2deg, pose=(-2.072,3.599), goal=(-4.264,3.566), pose_frame=camera_init, goal_frame=camera_init, line_progress=1.879/4.071m (46%), line_remaining=2.192m, line_lateral=-0.020m, apriltag_gate=blocked:z_gate(filtered_z=2.800m>0.700m, below=0/2<1, raw_z=2.781m, filtered_z=2.800m, threshold=0.700m, below=0/2, required=1/3, tf=camera_color_optical_frame->base, stamp_age=0.32s, stamp_lag_at_rx=0.08s), override=[2,1.000,1.000][0m
[INFO] [1783910617.207543817] [slope_manager]: AprilTag TF update: waypoint[4]=wall_jump_prep, tf=camera_color_optical_frame->base, xyz=(-0.105,0.122,2.705), rpy=(-167.8,-9.2,-5.8)deg, stamp_lag_at_rx=0.08s, stale_limit=0.80s
[INFO] [1783910617.816153663] [slope_manager]: direct_step yaw recovery 触发: waypoint[4]=wall_jump_prep, yaw_err=3.2deg >= 3.0deg, lat=-0.040m, progress=0.50。暂停基准线修正，只做趴下姿态回正。
[INFO] [1783910618.016282880] [slope_manager]: [0;94mwaypoint=5/18 wall_jump_prep dist=2.014m, min_dist=2.002m, yaw_err=4.4deg, pose=(-2.249,3.568), goal=(-4.264,3.566), pose_frame=camera_init, goal_frame=camera_init, line_progress=2.057/4.071m (51%), line_remaining=2.014m, line_lateral=-0.046m, apriltag_gate=blocked:z_gate(filtered_z=2.616m>0.700m, below=0/3<1, raw_z=2.616m, filtered_z=2.616m, threshold=0.700m, below=0/3, required=1/3, tf=camera_color_optical_frame->base, stamp_age=0.22s, stamp_lag_at_rx=0.08s), override=[2,0.126,-0.126], yaw_recovery=active,yaw_err=-4.4deg,turn=0.126,lat=-0.046,progress=0.51[0m
[INFO] [1783910618.270502767] [slope_manager]: AprilTag TF update: waypoint[4]=wall_jump_prep, tf=camera_color_optical_frame->base, xyz=(-0.032,0.113,2.559), rpy=(-178.2,-10.0,-3.0)deg, stamp_lag_at_rx=0.07s, stale_limit=0.80s
[INFO] [1783910618.716139625] [slope_manager]: direct_step yaw recovery 完成: waypoint[4]=wall_jump_prep, yaw_err=2.0deg <= 2.0deg，恢复基准线修正。
[INFO] [1783910619.116319399] [slope_manager]: [0;94mwaypoint=5/18 wall_jump_prep dist=1.991m, min_dist=1.980m, yaw_err=0.6deg, pose=(-2.272,3.577), goal=(-4.264,3.566), pose_frame=camera_init, goal_frame=camera_init, line_progress=2.079/4.071m (51%), line_remaining=1.991m, line_lateral=-0.037m, apriltag_gate=blocked:z_gate(filtered_z=2.536m>0.700m, below=0/3<1, raw_z=2.536m, filtered_z=2.536m, threshold=0.700m, below=0/3, required=1/3, tf=camera_color_optical_frame->base, stamp_age=0.12s, stamp_lag_at_rx=0.07s), override=[2,1.000,1.000][0m
[INFO] [1783910619.272321235] [slope_manager]: AprilTag TF update: waypoint[4]=wall_jump_prep, tf=camera_color_optical_frame->base, xyz=(-0.182,0.126,2.525), rpy=(-174.9,-16.1,-3.4)deg, stamp_lag_at_rx=0.07s, stale_limit=0.80s
[INFO] [1783910620.116687991] [slope_manager]: [0;94mwaypoint=5/18 wall_jump_prep dist=1.872m, min_dist=1.872m, yaw_err=0.8deg, pose=(-2.391,3.584), goal=(-4.264,3.566), pose_frame=camera_init, goal_frame=camera_init, line_progress=2.198/4.071m (54%), line_remaining=1.872m, line_lateral=-0.027m, apriltag_gate=blocked:z_gate(filtered_z=2.451m>0.700m, below=0/3<1, raw_z=2.417m, filtered_z=2.451m, threshold=0.700m, below=0/3, required=1/3, tf=camera_color_optical_frame->base, stamp_age=0.12s, stamp_lag_at_rx=0.08s), override=[2,1.000,1.000][0m
[INFO] [1783910620.340789472] [slope_manager]: AprilTag TF update: waypoint[4]=wall_jump_prep, tf=camera_color_optical_frame->base, xyz=(-0.280,0.095,2.380), rpy=(175.3,3.0,-5.0)deg, stamp_lag_at_rx=0.07s, stale_limit=0.80s
[INFO] [1783910621.216383546] [slope_manager]: [0;94mwaypoint=5/18 wall_jump_prep dist=1.695m, min_dist=1.695m, yaw_err=2.2deg, pose=(-2.569,3.606), goal=(-4.264,3.566), pose_frame=camera_init, goal_frame=camera_init, line_progress=2.376/4.071m (58%), line_remaining=1.695m, line_lateral=-0.001m, apriltag_gate=blocked:z_gate(filtered_z=2.291m>0.700m, below=0/3<1, raw_z=2.261m, filtered_z=2.291m, threshold=0.700m, below=0/3, required=1/3, tf=camera_color_optical_frame->base, stamp_age=0.15s, stamp_lag_at_rx=0.07s), override=[2,1.000,1.000][0m
[INFO] [1783910621.676385712] [slope_manager]: AprilTag TF update: waypoint[4]=wall_jump_prep, tf=camera_color_optical_frame->base, xyz=(-0.343,0.107,2.152), rpy=(172.0,-20.7,-2.2)deg, stamp_lag_at_rx=0.08s, stale_limit=0.80s
[INFO] [1783910622.216832619] [slope_manager]: [0;94mwaypoint=5/18 wall_jump_prep dist=1.524m, min_dist=1.514m, yaw_err=7.5deg, pose=(-2.740,3.600), goal=(-4.264,3.566), pose_frame=camera_init, goal_frame=camera_init, line_progress=2.547/4.071m (63%), line_remaining=1.524m, line_lateral=-0.002m, apriltag_gate=blocked:z_gate(filtered_z=2.123m>0.700m, below=0/3<1, raw_z=2.007m, filtered_z=2.123m, threshold=0.700m, below=0/3, required=1/3, tf=camera_color_optical_frame->base, stamp_age=0.08s, stamp_lag_at_rx=0.08s), override=[2,1.000,1.000][0m
[INFO] [1783910622.516134033] [slope_manager]: direct_step yaw recovery 触发: waypoint[4]=wall_jump_prep, yaw_err=6.9deg >= 3.0deg, lat=-0.005m, progress=0.63。暂停基准线修正，只做趴下姿态回正。
[INFO] [1783910622.742077651] [slope_manager]: AprilTag TF update: waypoint[4]=wall_jump_prep, tf=camera_color_optical_frame->base, xyz=(-0.559,0.106,1.934), rpy=(166.3,-16.7,-3.7)deg, stamp_lag_at_rx=0.07s, stale_limit=0.80s
[INFO] [1783910623.316373390] [slope_manager]: [0;94mwaypoint=5/18 wall_jump_prep dist=1.467m, min_dist=1.439m, yaw_err=8.5deg, pose=(-2.797,3.604), goal=(-4.264,3.566), pose_frame=camera_init, goal_frame=camera_init, line_progress=2.604/4.071m (64%), line_remaining=1.467m, line_lateral=0.002m, apriltag_gate=blocked:z_gate(filtered_z=1.916m>0.700m, below=0/3<1, raw_z=1.926m, filtered_z=1.916m, threshold=0.700m, below=0/3, required=1/3, tf=camera_color_optical_frame->base, stamp_age=0.11s, stamp_lag_at_rx=0.07s), override=[2,-0.240,0.240], yaw_recovery=active,yaw_err=8.5deg,turn=0.240,lat=0.002,progress=0.64[0m
[INFO] [1783910623.746330444] [slope_manager]: AprilTag TF update: waypoint[4]=wall_jump_prep, tf=camera_color_optical_frame->base, xyz=(-0.535,0.122,1.916), rpy=(179.9,-12.4,-4.1)deg, stamp_lag_at_rx=0.08s, stale_limit=0.80s
[INFO] [1783910624.316453847] [slope_manager]: [0;94mwaypoint=5/18 wall_jump_prep dist=1.469m, min_dist=1.439m, yaw_err=8.1deg, pose=(-2.796,3.617), goal=(-4.264,3.566), pose_frame=camera_init, goal_frame=camera_init, line_progress=2.602/4.071m (64%), line_remaining=1.469m, line_lateral=0.016m, apriltag_gate=blocked:z_gate(filtered_z=1.916m>0.700m, below=0/3<1, raw_z=1.914m, filtered_z=1.916m, threshold=0.700m, below=0/3, required=1/3, tf=camera_color_optical_frame->base, stamp_age=0.11s, stamp_lag_at_rx=0.07s), override=[2,-0.240,0.240], yaw_recovery=active,yaw_err=8.1deg,turn=0.240,lat=0.016,progress=0.64[0m
[INFO] [1783910624.803549294] [slope_manager]: AprilTag TF update: waypoint[4]=wall_jump_prep, tf=camera_color_optical_frame->base, xyz=(-0.504,0.106,1.929), rpy=(179.4,-11.6,-3.9)deg, stamp_lag_at_rx=0.07s, stale_limit=0.80s
[INFO] [1783910625.416405317] [slope_manager]: [0;94mwaypoint=5/18 wall_jump_prep dist=1.450m, min_dist=1.437m, yaw_err=6.7deg, pose=(-2.814,3.622), goal=(-4.264,3.566), pose_frame=camera_init, goal_frame=camera_init, line_progress=2.620/4.071m (64%), line_remaining=1.450m, line_lateral=0.021m, apriltag_gate=blocked:z_gate(filtered_z=1.919m>0.700m, below=0/3<1, raw_z=1.919m, filtered_z=1.919m, threshold=0.700m, below=0/3, required=1/3, tf=camera_color_optical_frame->base, stamp_age=0.08s, stamp_lag_at_rx=0.06s), override=[2,-0.240,0.240], yaw_recovery=active,yaw_err=6.7deg,turn=0.240,lat=0.021,progress=0.64[0m
[WARN] [1783910625.516301901] [slope_manager]: [1;33mdirect_step yaw recovery 超时退出: waypoint[4]=wall_jump_prep, yaw_err=7.3deg, timeout=3.00s，恢复基准线趴走。[0m
[INFO] [1783910625.925094115] [slope_manager]: AprilTag TF update: waypoint[4]=wall_jump_prep, tf=camera_color_optical_frame->base, xyz=(-0.486,0.094,1.913), rpy=(178.4,-9.0,-2.7)deg, stamp_lag_at_rx=0.06s, stale_limit=0.80s
[INFO] [1783910626.516810166] [slope_manager]: [0;94mwaypoint=5/18 wall_jump_prep dist=1.345m, min_dist=1.345m, yaw_err=6.9deg, pose=(-2.919,3.618), goal=(-4.264,3.566), pose_frame=camera_init, goal_frame=camera_init, line_progress=2.725/4.071m (67%), line_remaining=1.345m, line_lateral=0.019m, apriltag_gate=blocked:z_gate(filtered_z=1.861m>0.700m, below=0/3<1, raw_z=1.861m, filtered_z=1.861m, threshold=0.700m, below=0/3, required=1/3, tf=camera_color_optical_frame->base, stamp_age=0.25s, stamp_lag_at_rx=0.06s), override=[2,1.000,1.000][0m
[INFO] [1783910627.050850653] [slope_manager]: AprilTag TF update: waypoint[4]=wall_jump_prep, tf=camera_color_optical_frame->base, xyz=(-0.525,0.122,1.791), rpy=(176.5,-13.0,-3.7)deg, stamp_lag_at_rx=0.05s, stale_limit=0.80s
[INFO] [1783910627.116734012] [slope_manager]: direct_step yaw recovery 触发: waypoint[4]=wall_jump_prep, yaw_err=7.7deg >= 3.0deg, lat=0.047m, progress=0.68。暂停基准线修正，只做趴下姿态回正。
[INFO] [1783910627.616409446] [slope_manager]: [0;94mwaypoint=5/18 wall_jump_prep dist=1.266m, min_dist=1.252m, yaw_err=8.4deg, pose=(-2.999,3.642), goal=(-4.264,3.566), pose_frame=camera_init, goal_frame=camera_init, line_progress=2.805/4.071m (69%), line_remaining=1.266m, line_lateral=0.046m, apriltag_gate=blocked:z_gate(filtered_z=1.706m>0.700m, below=0/3<1, raw_z=1.707m, filtered_z=1.706m, threshold=0.700m, below=0/3, required=1/3, tf=camera_color_optical_frame->base, stamp_age=0.09s, stamp_lag_at_rx=0.05s), override=[2,-0.240,0.240], yaw_recovery=active,yaw_err=8.4deg,turn=0.240,lat=0.046,progress=0.69[0m
[INFO] [1783910628.110010214] [slope_manager]: AprilTag TF update: waypoint[4]=wall_jump_prep, tf=camera_color_optical_frame->base, xyz=(-0.479,0.119,1.722), rpy=(179.2,-11.0,-4.1)deg, stamp_lag_at_rx=0.05s, stale_limit=0.80s
[INFO] [1783910628.616745297] [slope_manager]: [0;94mwaypoint=5/18 wall_jump_prep dist=1.235m, min_dist=1.200m, yaw_err=4.4deg, pose=(-3.030,3.634), goal=(-4.264,3.566), pose_frame=camera_init, goal_frame=camera_init, line_progress=2.836/4.071m (70%), line_remaining=1.235m, line_lateral=0.038m, apriltag_gate=blocked:z_gate(filtered_z=1.730m>0.700m, below=0/3<1, raw_z=1.734m, filtered_z=1.730m, threshold=0.700m, below=0/3, required=1/3, tf=camera_color_optical_frame->base, stamp_age=0.10s, stamp_lag_at_rx=0.05s), override=[2,-0.127,0.127], yaw_recovery=active,yaw_err=4.4deg,turn=0.127,lat=0.038,progress=0.70[0m
[INFO] [1783910629.169872400] [slope_manager]: AprilTag TF update: waypoint[4]=wall_jump_prep, tf=camera_color_optical_frame->base, xyz=(-0.344,0.146,1.719), rpy=(-180.0,-0.1,-3.7)deg, stamp_lag_at_rx=0.05s, stale_limit=0.80s
[INFO] [1783910629.316144229] [slope_manager]: direct_step yaw recovery 完成: waypoint[4]=wall_jump_prep, yaw_err=1.8deg <= 2.0deg，恢复基准线修正。
[INFO] [1783910629.716302429] [slope_manager]: [0;94mwaypoint=5/18 wall_jump_prep dist=1.176m, min_dist=1.176m, yaw_err=1.8deg, pose=(-3.089,3.619), goal=(-4.264,3.566), pose_frame=camera_init, goal_frame=camera_init, line_progress=2.895/4.071m (71%), line_remaining=1.176m, line_lateral=0.025m, apriltag_gate=blocked:z_gate(filtered_z=1.721m>0.700m, below=0/3<1, raw_z=1.709m, filtered_z=1.721m, threshold=0.700m, below=0/3, required=1/3, tf=camera_color_optical_frame->base, stamp_age=0.07s, stamp_lag_at_rx=0.06s), override=[2,1.000,1.000][0m
[INFO] [1783910630.229151134] [slope_manager]: AprilTag TF update: waypoint[4]=wall_jump_prep, tf=camera_color_optical_frame->base, xyz=(-0.357,0.082,1.607), rpy=(-178.0,-0.7,-1.9)deg, stamp_lag_at_rx=0.06s, stale_limit=0.80s
[INFO] [1783910630.716517697] [slope_manager]: [0;94mwaypoint=5/18 wall_jump_prep dist=1.051m, min_dist=1.051m, yaw_err=2.5deg, pose=(-3.213,3.598), goal=(-4.264,3.566), pose_frame=camera_init, goal_frame=camera_init, line_progress=3.019/4.071m (74%), line_remaining=1.051m, line_lateral=0.007m, apriltag_gate=blocked:z_gate(filtered_z=1.574m>0.700m, below=0/3<1, raw_z=1.543m, filtered_z=1.574m, threshold=0.700m, below=0/3, required=1/3, tf=camera_color_optical_frame->base, stamp_age=0.08s, stamp_lag_at_rx=0.06s), override=[2,1.000,1.000][0m
[INFO] [1783910631.289850951] [slope_manager]: AprilTag TF update: waypoint[4]=wall_jump_prep, tf=camera_color_optical_frame->base, xyz=(-0.327,0.112,1.476), rpy=(175.8,-2.1,-3.8)deg, stamp_lag_at_rx=0.06s, stale_limit=0.80s
[INFO] [1783910631.716394567] [slope_manager]: [0;94mwaypoint=5/18 wall_jump_prep dist=0.903m, min_dist=0.903m, yaw_err=1.8deg, pose=(-3.362,3.621), goal=(-4.264,3.566), pose_frame=camera_init, goal_frame=camera_init, line_progress=3.168/4.071m (78%), line_remaining=0.903m, line_lateral=0.034m, apriltag_gate=blocked:z_gate(filtered_z=1.419m>0.700m, below=0/3<1, raw_z=1.427m, filtered_z=1.419m, threshold=0.700m, below=0/3, required=1/3, tf=camera_color_optical_frame->base, stamp_age=0.09s, stamp_lag_at_rx=0.06s), override=[2,1.000,1.000][0m
[INFO] [1783910632.355549623] [slope_manager]: AprilTag TF update: waypoint[4]=wall_jump_prep, tf=camera_color_optical_frame->base, xyz=(-0.318,0.108,1.336), rpy=(-179.6,-4.9,-5.0)deg, stamp_lag_at_rx=0.07s, stale_limit=0.80s
[INFO] [1783910632.716712263] [slope_manager]: [0;94mwaypoint=5/18 wall_jump_prep dist=0.746m, min_dist=0.746m, yaw_err=2.7deg, pose=(-3.520,3.626), goal=(-4.264,3.566), pose_frame=camera_init, goal_frame=camera_init, line_progress=3.326/4.071m (82%), line_remaining=0.745m, line_lateral=0.042m, apriltag_gate=blocked:z_gate(filtered_z=1.305m>0.700m, below=0/3<1, raw_z=1.280m, filtered_z=1.305m, threshold=0.700m, below=0/3, required=1/3, tf=camera_color_optical_frame->base, stamp_age=0.10s, stamp_lag_at_rx=0.07s), override=[2,1.000,1.000][0m
[INFO] [1783910633.419753843] [slope_manager]: AprilTag TF update: waypoint[4]=wall_jump_prep, tf=camera_color_optical_frame->base, xyz=(-0.321,0.093,1.170), rpy=(175.5,-1.0,-4.4)deg, stamp_lag_at_rx=0.07s, stale_limit=0.80s
[INFO] [1783910633.816377685] [slope_manager]: [0;94mwaypoint=5/18 wall_jump_prep dist=0.602m, min_dist=0.602m, yaw_err=2.1deg, pose=(-3.663,3.613), goal=(-4.264,3.566), pose_frame=camera_init, goal_frame=camera_init, line_progress=3.469/4.071m (85%), line_remaining=0.601m, line_lateral=0.033m, apriltag_gate=blocked:z_gate(filtered_z=1.122m>0.700m, below=0/3<1, raw_z=1.120m, filtered_z=1.122m, threshold=0.700m, below=0/3, required=1/3, tf=camera_color_optical_frame->base, stamp_age=0.14s, stamp_lag_at_rx=0.07s), override=[2,1.000,1.000][0m
[INFO] [1783910634.480844257] [slope_manager]: AprilTag TF update: waypoint[4]=wall_jump_prep, tf=camera_color_optical_frame->base, xyz=(-0.323,0.120,1.017), rpy=(179.1,-4.0,-2.1)deg, stamp_lag_at_rx=0.07s, stale_limit=0.80s
[INFO] [1783910634.816842121] [slope_manager]: [0;94mwaypoint=5/18 wall_jump_prep dist=0.447m, min_dist=0.447m, yaw_err=0.9deg, pose=(-3.822,3.636), goal=(-4.264,3.566), pose_frame=camera_init, goal_frame=camera_init, line_progress=3.628/4.071m (89%), line_remaining=0.443m, line_lateral=0.059m, apriltag_gate=blocked:z_gate(filtered_z=0.970m>0.700m, below=0/3<1, raw_z=0.967m, filtered_z=0.970m, threshold=0.700m, below=0/3, required=1/3, tf=camera_color_optical_frame->base, stamp_age=0.15s, stamp_lag_at_rx=0.07s), override=[2,1.000,1.000][0m
[INFO] [1783910635.543152050] [slope_manager]: AprilTag TF update: waypoint[4]=wall_jump_prep, tf=camera_color_optical_frame->base, xyz=(-0.136,0.110,0.772), rpy=(-173.4,-11.0,-5.0)deg, stamp_lag_at_rx=0.08s, stale_limit=0.80s
[INFO] [1783910635.817802018] [slope_manager]: [0;94mwaypoint=5/18 wall_jump_prep dist=0.210m, min_dist=0.210m, yaw_err=1.6deg, pose=(-4.063,3.628), goal=(-4.264,3.566), pose_frame=camera_init, goal_frame=camera_init, line_progress=3.868/4.071m (95%), line_remaining=0.202m, line_lateral=0.057m, apriltag_gate=blocked:z_gate(filtered_z=0.757m>0.700m, below=0/3<1, raw_z=0.727m, filtered_z=0.757m, threshold=0.700m, below=0/3, required=1/3, tf=camera_color_optical_frame->base, stamp_age=0.09s, stamp_lag_at_rx=0.08s), override=[2,1.000,1.000][0m
[INFO] [1783910636.148762977] [slope_manager]: [1;32m到点成功: waypoint[4]=wall_jump_prep, dist=0.179, min_dist=0.169, yaw_err=2.5deg, reason=apriltag_z_threshold(raw_z=0.685m, filtered_z=0.697m<=0.700m, below=2/3 required=1, hold=0.00s, stamp_age=0.09s, rx_age=0.01s, stamp_lag_at_rx=0.08s, tf=camera_color_optical_frame->base)[0m
[INFO] [1783910636.149285819] [slope_manager]: [1;35m发布模式: 2 (趴下)[0m
[INFO] [1783910636.149791530] [slope_manager]: [1;35m发布上坡步长滤波: False[0m
[INFO] [1783910636.150233737] [slope_manager]: [1;35m发布路径修正profile: 0 (0=关闭, 1=普通, 2=上坡强修正, 3=强修正符号验证)[0m
[INFO] [1783910636.150681381] [slope_manager]: [1;32m已到达 waypoint[4]=wall_jump_prep，切换模式为 2 (趴下)，上坡滤波=False，路径修正profile=0，并锁存到下一个 waypoint。[0m
[INFO] [1783910636.151129071] [slope_manager]: waypoint[4]=wall_jump_prep 到点后立即执行额外动作序列。
[INFO] [1783910636.151610498] [slope_manager]: [1;35m发布模式: 2 (趴下)[0m
[INFO] [1783910636.152240796] [slope_manager]: AprilTag 站立前距离过近，先后退保护: waypoint[4]=wall_jump_prep, z=0.685m < trigger=0.730m, target=0.730m, override=[2,-0.200,-0.200]。
[INFO] [1783910636.233015434] [slope_manager]: AprilTag 站立前后退中: z=0.675m, target=0.730m, elapsed=0.08/4.00s, override=[2,-0.200,-0.200]。
[INFO] [1783910636.554976324] [slope_manager]: AprilTag 站立前后退中: z=0.648m, target=0.730m, elapsed=0.40/4.00s, override=[2,-0.200,-0.200]。
[INFO] [1783910636.610049236] [slope_manager]: AprilTag TF update: waypoint[4]=wall_jump_prep, tf=camera_color_optical_frame->base, xyz=(-0.147,0.108,0.653), rpy=(-178.7,-4.7,-4.0)deg, stamp_lag_at_rx=0.08s, stale_limit=0.80s
[INFO] [1783910636.877109393] [slope_manager]: AprilTag 站立前后退中: z=0.672m, target=0.730m, elapsed=0.73/4.00s, override=[2,-0.200,-0.200]。
[INFO] [1783910637.201863352] [slope_manager]: AprilTag 站立前后退中: z=0.677m, target=0.730m, elapsed=1.05/4.00s, override=[2,-0.200,-0.200]。
[INFO] [1783910637.523856023] [slope_manager]: AprilTag 站立前后退中: z=0.698m, target=0.730m, elapsed=1.37/4.00s, override=[2,-0.200,-0.200]。
[INFO] [1783910637.610436193] [slope_manager]: AprilTag TF update: waypoint[4]=wall_jump_prep, tf=camera_color_optical_frame->base, xyz=(-0.146,0.106,0.699), rpy=(179.7,-5.8,-3.6)deg, stamp_lag_at_rx=0.09s, stale_limit=0.80s
[INFO] [1783910637.846029535] [slope_manager]: AprilTag 站立前后退中: z=0.709m, target=0.730m, elapsed=1.69/4.00s, override=[2,-0.200,-0.200]。
[INFO] [1783910638.168102686] [slope_manager]: AprilTag 站立前后退中: z=0.725m, target=0.730m, elapsed=2.02/4.00s, override=[2,-0.200,-0.200]。
[INFO] [1783910638.410379644] [slope_manager]: AprilTag 站立前后退保护完成: z=0.732m >= target=0.730m, 继续执行站立序列。
[INFO] [1783910638.410866823] [slope_manager]: [1;35m发布模式: 2 (趴下)[0m
[INFO] [1783910638.411457641] [slope_manager]: [0;94m执行到点后额外动作: waypoint=wall_jump_prep, mode=2 (趴下), hold=1.00s, override=[2,0.000,0.000], note=趴下通过到点后先保持趴下停止 0.6 秒，固定发送 mode=2,left=0,right=0，避免直接站立导致机身晃动。[0m
[INFO] [1783910638.671607683] [slope_manager]: AprilTag TF update: waypoint[4]=wall_jump_prep, tf=camera_color_optical_frame->base, xyz=(-0.141,0.108,0.741), rpy=(178.9,-6.1,-3.8)deg, stamp_lag_at_rx=0.09s, stale_limit=0.80s
[INFO] [1783910639.412133649] [slope_manager]: [1;35m发布模式: 0 (正常行走)[0m
[INFO] [1783910639.412585020] [slope_manager]: [0;94m执行到点后额外动作: waypoint=wall_jump_prep, mode=0 (正常行走), hold=1.50s, override=[0,0.000,0.000], note=趴下停稳后原地站立 1.跳5 秒，固定发送 mode=0,left=0,right=0；本版本不跳，随后直接进入第5点自旋。[0m
[INFO] [1783910639.737299458] [slope_manager]: AprilTag TF update: waypoint[4]=wall_jump_prep, tf=camera_color_optical_frame->base, xyz=(-0.133,0.120,0.751), rpy=(175.7,-5.3,-3.8)deg, stamp_lag_at_rx=0.09s, stale_limit=0.80s
[INFO] [1783910640.738430140] [slope_manager]: AprilTag TF update: waypoint[4]=wall_jump_prep, tf=camera_color_optical_frame->base, xyz=(-0.166,0.204,0.702), rpy=(-172.3,1.1,-2.5)deg, stamp_lag_at_rx=0.09s, stale_limit=0.80s
[INFO] [1783910640.913317533] [slope_manager]: [1;35m发布模式: 0 (正常行走)[0m
[INFO] [1783910640.913833926] [slope_manager]: waypoint[4]=wall_jump_prep 启用局部定位稳定门控：expected=(-4.051,3.642), 需要连续稳定 0.30s 后再切换到下一个目标。
[INFO] [1783910640.964602567] [slope_manager]: 等待局部定位稳定: waypoint[4]=wall_jump_prep, pose=(-4.041,3.639), expected=(-4.041,3.639), err=0.000/0.400m, bounds_ok=True, yaw_ok=True, stable=0.05/0.30s
[INFO] [1783910641.269159529] [slope_manager]: 局部定位稳定门控通过: waypoint[4]=wall_jump_prep, pose=(-4.052,3.643), expected=(-4.052,3.643), err=0.000m, stable=0.35s。
[INFO] [1783910641.269861224] [slope_manager]: [1;36m切换到下一个 waypoint: 6 / 18[0m
[INFO] [1783910641.270553981] [slope_manager]: 解析机身相对 waypoint[5]=turn_180_spin: source=(-4.052,3.643,87.5deg), anchor=(-4.052,3.643,current_pose), body_offset=(forward=0.000, left=0.000), yaw_mode=previous_target_delta, yaw_delta=76.0deg, ref_yaw_source=current, ref_yaw=87.5deg, target=(-4.052,3.643,168.0deg), frame=camera_init
[INFO] [1783910641.271262197] [slope_manager]: [1;36m发送直驱覆盖点[6/18](attempt=1): turn_180_spin -> x=-4.052, y=3.643, yaw=168.0° (body_relative forward=0.000, left=0.000, yaw_mode=previous_target_delta, yaw_delta=76.0°, source=(-4.052,3.643,87.5°), anchor=(-4.052,3.643,current_pose), ref_yaw_source=current, ref_yaw=87.5°), frame=camera_init, override=[6,-0.350,0.600], 到点后锁存模式=0, note=普通第5点：跳完后不再走 Nav2 接近，直接在当前点执行反向固定自旋覆盖（mode=6,left=0.6,right=-0.35）完成转向。转完后进入 turn_180_yaw_settle，若姿态未收准则原地补正。[0m
[INFO] [1783910641.316260595] [slope_manager]: [0;94mwaypoint=6/18 turn_180_spin dist=0.008m, min_dist=0.005m, yaw_err=79.5deg, pose=(-4.053,3.635), goal=(-4.052,3.643), pose_frame=camera_init, goal_frame=camera_init, override=[6,-0.350,0.600][0m
[INFO] [1783910642.316307250] [slope_manager]: [0;94mwaypoint=6/18 turn_180_spin dist=0.127m, min_dist=0.005m, yaw_err=24.9deg, pose=(-4.087,3.521), goal=(-4.052,3.643), pose_frame=camera_init, goal_frame=camera_init, override=[6,-0.350,0.600][0m
[INFO] [1783910642.647764668] [slope_manager]: [1;32m到点成功: waypoint[5]=turn_180_spin, dist=0.171, min_dist=0.005, yaw_err=2.2deg, reason=distance_tolerance[0m
[INFO] [1783910642.648134967] [slope_manager]: [1;35m发布模式: 0 (正常行走)[0m
[INFO] [1783910642.648509100] [slope_manager]: [1;35m发布上坡步长滤波: False[0m
[INFO] [1783910642.648865573] [slope_manager]: [1;35m发布路径修正profile: 2 (0=关闭, 1=普通, 2=上坡强修正, 3=强修正符号验证)[0m
[INFO] [1783910642.649155877] [slope_manager]: [1;32m已到达 waypoint[5]=turn_180_spin，切换模式为 0 (正常行走)，上坡滤波=False，路径修正profile=2，并锁存到下一个 waypoint。[0m
[INFO] [1783910642.649490452] [slope_manager]: waypoint[5]=turn_180_spin 到点后零步长保持: override=[0,0.000,0.000]，持续 0.45s。
[INFO] [1783910642.649792042] [slope_manager]: waypoint[5]=turn_180_spin 到点后等待 0.45s，再切换到下一个目标。
[INFO] [1783910643.101176518] [slope_manager]: [1;35m发布模式: 0 (正常行走)[0m
[INFO] [1783910643.101924230] [slope_manager]: waypoint[5]=turn_180_spin 启用局部定位稳定门控：expected=(-4.052,3.643), 需要连续稳定 0.80s 后再切换到下一个目标。
[INFO] [1783910643.152635408] [slope_manager]: 等待局部定位稳定: waypoint[5]=turn_180_spin, pose=(-4.036,3.427), expected=(-4.052,3.643), err=0.216/0.350m, bounds_ok=True, yaw_ok=True, stable=0.05/0.80s
[INFO] [1783910643.957147191] [slope_manager]: 局部定位稳定门控通过: waypoint[5]=turn_180_spin, pose=(-4.027,3.431), expected=(-4.052,3.643), err=0.213m, stable=0.86s。
[INFO] [1783910643.957732937] [slope_manager]: [1;36m切换到下一个 waypoint: 7 / 18[0m
[INFO] [1783910643.958246371] [slope_manager]: 解析机身相对 waypoint[6]=turn_180_yaw_settle: source=(-4.027,3.431,178.1deg), anchor=(-4.027,3.431,current_pose), body_offset=(forward=0.000, left=0.000), yaw_mode=absolute, yaw_delta=0.0deg, ref_yaw_source=target_yaw, ref_yaw=179.5deg, target=(-4.027,3.431,179.5deg), frame=camera_init
[INFO] [1783910643.958774497] [slope_manager]: [1;36m发送直驱覆盖点[7/18](attempt=1): turn_180_yaw_settle -> x=-4.027, y=3.431, yaw=179.5° (body_relative forward=0.000, left=0.000, yaw_mode=absolute, yaw_delta=0.0°, source=(-4.027,3.431,178.1°), anchor=(-4.027,3.431,current_pose), ref_yaw_source=target_yaw, ref_yaw=179.5°), frame=camera_init, override=[6,-0.150,0.200], yaw_dir=ccw,yaw_err=1.4deg, 到点后锁存模式=0, note=转身后姿态粗补正点：同点位 mode=6 零基础步长，按 yaw_err 方向使用非对称固定差速先补到 -180deg 附近；随后进入 bridge_tag_yaw_lock，用 bridge tag pose_pitch 精锁过桥角。[0m
[INFO] [1783910644.007879059] [slope_manager]: [1;32m到点成功: waypoint[6]=turn_180_yaw_settle, dist=0.012, min_dist=0.012, yaw_err=1.1deg, reason=distance_tolerance[0m
[INFO] [1783910644.008273781] [slope_manager]: [1;35m发布模式: 0 (正常行走)[0m
[INFO] [1783910644.008577646] [slope_manager]: [1;35m发布上坡步长滤波: False[0m
[INFO] [1783910644.008911509] [slope_manager]: [1;35m发布路径修正profile: 2 (0=关闭, 1=普通, 2=上坡强修正, 3=强修正符号验证)[0m
[INFO] [1783910644.009191575] [slope_manager]: [1;32m已到达 waypoint[6]=turn_180_yaw_settle，切换模式为 0 (正常行走)，上坡滤波=False，路径修正profile=2，并锁存到下一个 waypoint。[0m
[INFO] [1783910644.009498927] [slope_manager]: waypoint[6]=turn_180_yaw_settle 到点后零步长保持: override=[0,0.000,0.000]，持续 0.10s。
[INFO] [1783910644.009921656] [slope_manager]: waypoint[6]=turn_180_yaw_settle 到点后等待 0.10s，再切换到下一个目标。
[INFO] [1783910644.110604329] [slope_manager]: [1;36m切换到下一个 waypoint: 8 / 18[0m
[INFO] [1783910644.111332336] [slope_manager]: 解析机身相对 waypoint[7]=bridge_entry: source=(-4.039,3.406,177.9deg), anchor=(-4.027,3.431,waypoint_target:turn_180_yaw_settle), body_offset=(forward=1.150, left=0.000), yaw_mode=previous_target, yaw_delta=0.0deg, ref_yaw_source=target_yaw, ref_yaw=179.5deg, target=(-4.037,2.281,179.5deg), frame=camera_init
[INFO] [1783910644.111878700] [slope_manager]: [1;35m发布路径修正profile: 2 (0=关闭, 1=普通, 2=上坡强修正, 3=强修正符号验证)[0m
[INFO] [1783910644.112418220] [slope_manager]: [1;36m发送直驱覆盖点[8/18](attempt=1): bridge_entry -> x=-4.037, y=2.281, yaw=179.5° (body_relative forward=1.150, left=0.000, yaw_mode=previous_target, yaw_delta=0.0°, source=(-4.039,3.406,177.9°), anchor=(-4.027,3.431,waypoint_target:turn_180_yaw_settle), ref_yaw_source=target_yaw, ref_yaw=179.5°), frame=camera_init, path_reference=/serial_path_reference, override=[0,0.250,0.250], ramp=0.00,elapsed=0.00/0.90s, 到点后锁存模式=0, note=过桥前点：当前 bridge_tag_yaw_lock 关闭，沿 turn_180_yaw_settle 的目标点和目标 yaw 固定直驱到桥入口；本点不再同点位自旋修姿态，到点后直接进入 bridge_exit。[0m
[INFO] [1783910644.116266715] [slope_manager]: [0;94mwaypoint=8/18 bridge_entry dist=1.125m, min_dist=1.125m, yaw_err=1.6deg, pose=(-4.039,3.406), goal=(-4.037,2.281), pose_frame=camera_init, goal_frame=camera_init, line_progress=0.000/1.125m (0%), line_remaining=1.125m, line_lateral=-0.000m, override=[0,0.250,0.250], ramp=0.00,elapsed=0.00/0.90s[0m
[INFO] [1783910645.216235350] [slope_manager]: [0;94mwaypoint=8/18 bridge_entry dist=0.764m, min_dist=0.764m, yaw_err=2.6deg, pose=(-4.047,3.045), goal=(-4.037,2.281), pose_frame=camera_init, goal_frame=camera_init, line_progress=0.361/1.125m (32%), line_remaining=0.764m, line_lateral=0.009m, override=[0,0.800,0.800], ramp=1.00,elapsed=1.10/0.90s[0m
[INFO] [1783910645.900087901] [slope_manager]: [1;32m到点成功: waypoint[7]=bridge_entry, dist=0.240, min_dist=0.240, yaw_err=2.2deg, reason=distance_tolerance[0m
[INFO] [1783910645.900411811] [slope_manager]: [1;35m发布模式: 0 (正常行走)[0m
[INFO] [1783910645.900761627] [slope_manager]: [1;35m发布上坡步长滤波: False[0m
[INFO] [1783910645.901056789] [slope_manager]: [1;35m发布路径修正profile: 2 (0=关闭, 1=普通, 2=上坡强修正, 3=强修正符号验证)[0m
[INFO] [1783910645.901374682] [slope_manager]: [1;32m已到达 waypoint[7]=bridge_entry，切换模式为 0 (正常行走)，上坡滤波=False，路径修正profile=2，并锁存到下一个 waypoint。[0m
[INFO] [1783910645.902705305] [slope_manager]: [1;36m切换到下一个 waypoint: 9 / 18[0m
[INFO] [1783910645.903235818] [slope_manager]: 解析机身相对 waypoint[8]=bridge_exit: source=(-4.065,2.519,177.3deg), anchor=(-4.065,2.519,current_pose), body_offset=(forward=2.260, apriltag_z_comp=-0.050m tag_z=1.094m neutral=1.240m near=(1.100m,-0.050m) far=(1.500m,+0.030m) tf_age=0.98s source=compensation_cache, left=0.000), yaw_mode=previous_target, yaw_delta=0.0deg, ref_yaw_source=target_yaw, ref_yaw=179.5deg, target=(-4.085,0.259,179.5deg), frame=camera_init
[INFO] [1783910645.903777571] [slope_manager]: [1;35m发布路径修正profile: 2 (0=关闭, 1=普通, 2=上坡强修正, 3=强修正符号验证)[0m
[INFO] [1783910645.904254813] [slope_manager]: [1;36m发送直驱覆盖点[9/18](attempt=1): bridge_exit -> x=-4.085, y=0.259, yaw=179.5° (body_relative forward=2.260, left=0.000, yaw_mode=previous_target, yaw_delta=0.0°, source=(-4.065,2.519,177.3°), anchor=(-4.065,2.519,current_pose), ref_yaw_source=target_yaw, ref_yaw=179.5°), frame=camera_init, path_reference=/serial_path_reference, override=[0,0.800,0.800], 到点后锁存模式=0, note=过桥后点：固定直驱前进过完桥后先停稳 0.1 秒，再进入同点位 45 度原地转向，避免直接边走边大角度调头导致下斜坡卡位。[0m
[INFO] [1783910646.216280405] [slope_manager]: [0;94mwaypoint=9/18 bridge_exit dist=2.035m, min_dist=2.035m, yaw_err=1.8deg, pose=(-4.061,2.294), goal=(-4.085,0.259), pose_frame=camera_init, goal_frame=camera_init, line_progress=0.225/2.260m (10%), line_remaining=2.035m, line_lateral=-0.006m, override=[0,0.800,0.800][0m
[INFO] [1783910647.116235625] [slope_manager]: direct_step yaw recovery 触发: waypoint[8]=bridge_exit, yaw_err=3.2deg >= 3.0deg, lat=-0.076m, progress=0.31。暂停基准线修正，只做趴下姿态回正。
[INFO] [1783910647.216369722] [slope_manager]: [0;94mwaypoint=9/18 bridge_exit dist=1.508m, min_dist=1.508m, yaw_err=4.1deg, pose=(-3.990,1.764), goal=(-4.085,0.259), pose_frame=camera_init, goal_frame=camera_init, line_progress=0.754/2.260m (33%), line_remaining=1.506m, line_lateral=-0.082m, override=[0,0.188,-0.138], yaw_recovery=active,yaw_err=-4.1deg,turn=0.163,lat=-0.082,progress=0.33[0m
[INFO] [1783910647.916255167] [slope_manager]: direct_step yaw recovery 完成: waypoint[8]=bridge_exit, yaw_err=0.4deg <= 1.0deg，恢复基准线修正。
[INFO] [1783910648.316263806] [slope_manager]: [0;94mwaypoint=9/18 bridge_exit dist=1.260m, min_dist=1.260m, yaw_err=4.0deg, pose=(-3.978,1.515), goal=(-4.085,0.259), pose_frame=camera_init, goal_frame=camera_init, line_progress=1.004/2.260m (44%), line_remaining=1.256m, line_lateral=-0.096m, override=[0,0.800,0.800][0m
[INFO] [1783910648.516251744] [slope_manager]: direct_step yaw recovery 触发: waypoint[8]=bridge_exit, yaw_err=5.0deg >= 3.0deg, lat=-0.109m, progress=0.49。暂停基准线修正，只做趴下姿态回正。
[INFO] [1783910649.316340385] [slope_manager]: [0;94mwaypoint=9/18 bridge_exit dist=0.884m, min_dist=0.872m, yaw_err=3.4deg, pose=(-3.936,1.131), goal=(-4.085,0.259), pose_frame=camera_init, goal_frame=camera_init, line_progress=1.387/2.260m (61%), line_remaining=0.873m, line_lateral=-0.142m, override=[0,0.153,-0.103], yaw_recovery=active,yaw_err=-3.4deg,turn=0.128,lat=-0.142,progress=0.61[0m
[INFO] [1783910650.416281034] [slope_manager]: [0;94mwaypoint=9/18 bridge_exit dist=0.877m, min_dist=0.852m, yaw_err=2.3deg, pose=(-3.920,1.121), goal=(-4.085,0.259), pose_frame=camera_init, goal_frame=camera_init, line_progress=1.397/2.260m (62%), line_remaining=0.863m, line_lateral=-0.157m, override=[0,0.095,-0.045], yaw_recovery=active,yaw_err=-2.3deg,turn=0.070,lat=-0.157,progress=0.62[0m
[WARN] [1783910650.616208169] [slope_manager]: [1;33mdirect_step yaw recovery 超时退出: waypoint[8]=bridge_exit, yaw_err=1.6deg, timeout=2.00s，恢复基准线趴走。[0m
[INFO] [1783910651.016211800] [slope_manager]: direct_step yaw recovery 触发: waypoint[8]=bridge_exit, yaw_err=4.1deg >= 3.0deg, lat=-0.172m, progress=0.64。暂停基准线修正，只做趴下姿态回正。
[INFO] [1783910651.416340028] [slope_manager]: [0;94mwaypoint=9/18 bridge_exit dist=0.610m, min_dist=0.606m, yaw_err=9.2deg, pose=(-3.882,0.834), goal=(-4.085,0.259), pose_frame=camera_init, goal_frame=camera_init, line_progress=1.683/2.260m (74%), line_remaining=0.577m, line_lateral=-0.198m, override=[0,0.200,-0.150], yaw_recovery=active,yaw_err=-9.2deg,turn=0.175,lat=-0.198,progress=0.74[0m
[INFO] [1783910652.416695182] [slope_manager]: [0;94mwaypoint=9/18 bridge_exit dist=0.561m, min_dist=0.557m, yaw_err=3.6deg, pose=(-3.863,0.774), goal=(-4.085,0.259), pose_frame=camera_init, goal_frame=camera_init, line_progress=1.743/2.260m (77%), line_remaining=0.517m, line_lateral=-0.218m, override=[0,0.160,-0.110], yaw_recovery=active,yaw_err=-3.6deg,turn=0.135,lat=-0.218,progress=0.77[0m
[WARN] [1783910653.116210439] [slope_manager]: [1;33mdirect_step yaw recovery 超时退出: waypoint[8]=bridge_exit, yaw_err=4.2deg, timeout=2.00s，恢复基准线趴走。[0m
[INFO] [1783910653.416199185] [slope_manager]: direct_step yaw recovery 触发: waypoint[8]=bridge_exit, yaw_err=3.9deg >= 3.0deg, lat=-0.222m, progress=0.80。暂停基准线修正，只做趴下姿态回正。
[INFO] [1783910653.416687410] [slope_manager]: [0;94mwaypoint=9/18 bridge_exit dist=0.498m, min_dist=0.498m, yaw_err=3.9deg, pose=(-3.860,0.703), goal=(-4.085,0.259), pose_frame=camera_init, goal_frame=camera_init, line_progress=1.814/2.260m (80%), line_remaining=0.446m, line_lateral=-0.222m, override=[0,0.176,-0.126], yaw_recovery=active,yaw_err=-3.9deg,turn=0.151,lat=-0.222,progress=0.80[0m
[INFO] [1783910654.516237745] [slope_manager]: [0;94mwaypoint=9/18 bridge_exit dist=0.295m, min_dist=0.288m, yaw_err=4.0deg, pose=(-3.856,0.445), goal=(-4.085,0.259), pose_frame=camera_init, goal_frame=camera_init, line_progress=2.073/2.260m (92%), line_remaining=0.187m, line_lateral=-0.227m, override=[0,0.181,-0.131], yaw_recovery=active,yaw_err=-4.0deg,turn=0.156,lat=-0.227,progress=0.92[0m
[WARN] [1783910655.516187186] [slope_manager]: [1;33mdirect_step yaw recovery 超时退出: waypoint[8]=bridge_exit, yaw_err=3.8deg, timeout=2.00s，恢复基准线趴走。[0m
[INFO] [1783910655.516819608] [slope_manager]: [0;94mwaypoint=9/18 bridge_exit dist=0.274m, min_dist=0.254m, yaw_err=3.8deg, pose=(-3.836,0.373), goal=(-4.085,0.259), pose_frame=camera_init, goal_frame=camera_init, line_progress=2.144/2.260m (95%), line_remaining=0.116m, line_lateral=-0.248m, override=[0,0.800,0.800][0m
[INFO] [1783910655.899193187] [slope_manager]: [1;32m到点成功: waypoint[8]=bridge_exit, dist=0.248, min_dist=0.248, yaw_err=7.6deg, reason=pass_through[0m
[INFO] [1783910655.899596198] [slope_manager]: [1;35m发布模式: 0 (正常行走)[0m
[INFO] [1783910655.899959538] [slope_manager]: [1;35m发布上坡步长滤波: False[0m
[INFO] [1783910655.900247070] [slope_manager]: [1;35m发布路径修正profile: 2 (0=关闭, 1=普通, 2=上坡强修正, 3=强修正符号验证)[0m
[INFO] [1783910655.900507879] [slope_manager]: [1;32m已到达 waypoint[8]=bridge_exit，切换模式为 0 (正常行走)，上坡滤波=False，路径修正profile=2，并锁存到下一个 waypoint。[0m
[INFO] [1783910655.900792577] [slope_manager]: waypoint[8]=bridge_exit 到点后零步长保持: override=[0,0.000,0.000]，持续 0.10s。
[INFO] [1783910655.901036489] [slope_manager]: waypoint[8]=bridge_exit 到点后等待 0.10s，再切换到下一个目标。
[INFO] [1783910656.002370645] [slope_manager]: [1;36m切换到下一个 waypoint: 10 / 18[0m
[INFO] [1783910656.003193500] [slope_manager]: 解析机身相对 waypoint[9]=bridge_exit_ccw_45_spin: source=(-3.844,0.211,-172.8deg), anchor=(-3.844,0.211,current_pose), body_offset=(forward=0.000, left=0.000), yaw_mode=delta, yaw_delta=50.0deg, ref_yaw_source=current, ref_yaw=-172.8deg, target=(-3.844,0.211,-122.8deg), frame=camera_init
[INFO] [1783910656.003863348] [slope_manager]: [1;36m发送直驱覆盖点[10/18](attempt=1): bridge_exit_ccw_45_spin -> x=-3.844, y=0.211, yaw=-122.8° (body_relative forward=0.000, left=0.000, yaw_mode=delta, yaw_delta=50.0°, source=(-3.844,0.211,-172.8°), anchor=(-3.844,0.211,current_pose), ref_yaw_source=current, ref_yaw=-172.8°), frame=camera_init, override=[6,-0.400,0.850], 到点后锁存模式=0, note=普通第3个自旋点：过桥后同点位原地顺时针约45度，让 base_link 朝向普通侧下斜坡目标方向，再开始走最终下坡段。[0m
[INFO] [1783910656.616645871] [slope_manager]: [0;94mwaypoint=10/18 bridge_exit_ccw_45_spin dist=0.325m, min_dist=0.010m, yaw_err=16.9deg, pose=(-3.724,-0.091), goal=(-3.844,0.211), pose_frame=camera_init, goal_frame=camera_init, override=[6,-0.400,0.850][0m
[INFO] [1783910656.766478925] [slope_manager]: [1;32m到点成功: waypoint[9]=bridge_exit_ccw_45_spin, dist=0.362, min_dist=0.010, yaw_err=3.4deg, reason=distance_memory_with_yaw[0m
[INFO] [1783910656.766864686] [slope_manager]: [1;35m发布模式: 0 (正常行走)[0m
[INFO] [1783910656.767210618] [slope_manager]: [1;35m发布上坡步长滤波: False[0m
[INFO] [1783910656.767532625] [slope_manager]: [1;35m发布路径修正profile: 0 (0=关闭, 1=普通, 2=上坡强修正, 3=强修正符号验证)[0m
[INFO] [1783910656.767862481] [slope_manager]: [1;32m已到达 waypoint[9]=bridge_exit_ccw_45_spin，切换模式为 0 (正常行走)，上坡滤波=False，路径修正profile=0，并锁存到下一个 waypoint。[0m
[INFO] [1783910656.768158925] [slope_manager]: waypoint[9]=bridge_exit_ccw_45_spin 到点后零步长保持: override=[0,0.000,0.000]，持续 0.10s。
[INFO] [1783910656.768444955] [slope_manager]: waypoint[9]=bridge_exit_ccw_45_spin 到点后等待 0.10s，再切换到下一个目标。
[INFO] [1783910656.869470847] [slope_manager]: [1;36m切换到下一个 waypoint: 11 / 18[0m
[INFO] [1783910656.870007230] [slope_manager]: 解析机身相对 waypoint[10]=final_descent_approach: source=(-3.687,-0.095,-117.7deg), anchor=(-3.687,-0.095,current_pose), body_offset=(forward=0.970, left=0.000), yaw_mode=delta, yaw_delta=0.0deg, ref_yaw_source=current, ref_yaw=-117.7deg, target=(-2.828,-0.546,-117.7deg), frame=camera_init
[INFO] [1783910656.870508798] [slope_manager]: [1;35m发布路径修正profile: 2 (0=关闭, 1=普通, 2=上坡强修正, 3=强修正符号验证)[0m
[INFO] [1783910656.870929428] [slope_manager]: [1;36m发送直驱覆盖点[11/18](attempt=1): final_descent_approach -> x=-2.828, y=-0.546, yaw=-117.7° (body_relative forward=0.970, left=0.000, yaw_mode=delta, yaw_delta=0.0°, source=(-3.687,-0.095,-117.7°), anchor=(-3.687,-0.095,current_pose), ref_yaw_source=current, ref_yaw=-117.7°), frame=camera_init, path_reference=/serial_path_reference, override=[7,0.800,0.800], 到点后锁存模式=0, note=普通最终位置第一段接近点：mode=7 固定直驱前进，下一个点增加 mode=7 自旋，再进入第二段直驱。[0m
[INFO] [1783910657.716286799] [slope_manager]: [0;94mwaypoint=11/18 final_descent_approach dist=0.610m, min_dist=0.610m, yaw_err=7.0deg, pose=(-3.330,-0.201), goal=(-2.828,-0.546), pose_frame=camera_init, goal_frame=camera_init, line_progress=0.365/0.970m (38%), line_remaining=0.605m, line_lateral=-0.072m, override=[7,0.800,0.800][0m
[INFO] [1783910658.245071827] [slope_manager]: [1;32m到点成功: waypoint[10]=final_descent_approach, dist=0.350, min_dist=0.350, yaw_err=9.5deg, reason=distance_tolerance[0m
[INFO] [1783910658.245634112] [slope_manager]: [1;35m发布模式: 0 (正常行走)[0m
[INFO] [1783910658.246098023] [slope_manager]: [1;35m发布上坡步长滤波: False[0m
[INFO] [1783910658.246582089] [slope_manager]: [1;35m发布路径修正profile: 2 (0=关闭, 1=普通, 2=上坡强修正, 3=强修正符号验证)[0m
[INFO] [1783910658.247303137] [slope_manager]: [1;32m已到达 waypoint[10]=final_descent_approach，切换模式为 0 (正常行走)，上坡滤波=False，路径修正profile=2，并锁存到下一个 waypoint。[0m
[INFO] [1783910658.247822073] [slope_manager]: waypoint[10]=final_descent_approach 到点后等待 0.10s，再切换到下一个目标。
[INFO] [1783910658.348566989] [slope_manager]: [1;36m切换到下一个 waypoint: 12 / 18[0m
[INFO] [1783910658.349284653] [slope_manager]: 解析机身相对 waypoint[11]=final_descent_mid_spin: source=(-3.006,-0.319,-107.3deg), anchor=(-3.006,-0.319,current_pose), body_offset=(forward=0.000, left=0.000), yaw_mode=delta, yaw_delta=-70.0deg, ref_yaw_source=current, ref_yaw=-107.3deg, target=(-3.006,-0.319,-177.3deg), frame=camera_init
[INFO] [1783910658.349972526] [slope_manager]: [1;36m发送直驱覆盖点[12/18](attempt=1): final_descent_mid_spin -> x=-3.006, y=-0.319, yaw=-177.3° (body_relative forward=0.000, left=0.000, yaw_mode=delta, yaw_delta=-70.0°, source=(-3.006,-0.319,-107.3°), anchor=(-3.006,-0.319,current_pose), ref_yaw_source=current, ref_yaw=-107.3°), frame=camera_init, override=[7,0.700,-0.600], 到点后锁存模式=0, note=普通最终段新增自旋点：mode=7，left=0.40,right=0.50，相对当前姿态自旋约100度。[0m
[INFO] [1783910658.717795630] [slope_manager]: [0;94mwaypoint=12/18 final_descent_mid_spin dist=0.211m, min_dist=0.005m, yaw_err=66.1deg, pose=(-2.797,-0.340), goal=(-3.006,-0.319), pose_frame=camera_init, goal_frame=camera_init, override=[7,0.700,-0.600][0m
[INFO] [1783910659.816306901] [slope_manager]: [0;94mwaypoint=12/18 final_descent_mid_spin dist=0.351m, min_dist=0.005m, yaw_err=20.4deg, pose=(-2.673,-0.429), goal=(-3.006,-0.319), pose_frame=camera_init, goal_frame=camera_init, override=[7,0.700,-0.600][0m
[INFO] [1783910660.194020319] [slope_manager]: [1;32m到点成功: waypoint[11]=final_descent_mid_spin, dist=0.349, min_dist=0.005, yaw_err=4.7deg, reason=distance_memory_with_yaw[0m
[INFO] [1783910660.194493381] [slope_manager]: [1;35m发布模式: 0 (正常行走)[0m
[INFO] [1783910660.194897780] [slope_manager]: [1;35m发布上坡步长滤波: False[0m
[INFO] [1783910660.195266665] [slope_manager]: [1;35m发布路径修正profile: 0 (0=关闭, 1=普通, 2=上坡强修正, 3=强修正符号验证)[0m
[INFO] [1783910660.195715260] [slope_manager]: [1;32m已到达 waypoint[11]=final_descent_mid_spin，切换模式为 0 (正常行走)，上坡滤波=False，路径修正profile=0，并锁存到下一个 waypoint。[0m
[INFO] [1783910660.196175723] [slope_manager]: waypoint[11]=final_descent_mid_spin 到点后等待 0.10s，再切换到下一个目标。
[INFO] [1783910660.297206960] [slope_manager]: [1;36m切换到下一个 waypoint: 13 / 18[0m
[INFO] [1783910660.297961967] [slope_manager]: 解析机身相对 waypoint[12]=final_descent_second_approach: source=(-2.677,-0.396,-178.4deg), anchor=(-2.677,-0.396,current_pose), body_offset=(forward=1.000, left=0.000), yaw_mode=delta, yaw_delta=0.0deg, ref_yaw_source=current, ref_yaw=-178.4deg, target=(-2.648,-1.396,-178.4deg), frame=camera_init
[INFO] [1783910660.298662758] [slope_manager]: [1;35m发布路径修正profile: 2 (0=关闭, 1=普通, 2=上坡强修正, 3=强修正符号验证)[0m
[INFO] [1783910660.299238721] [slope_manager]: [1;36m发送直驱覆盖点[13/18](attempt=1): final_descent_second_approach -> x=-2.648, y=-1.396, yaw=-178.4° (body_relative forward=1.000, left=0.000, yaw_mode=delta, yaw_delta=0.0°, source=(-2.677,-0.396,-178.4°), anchor=(-2.677,-0.396,current_pose), ref_yaw_source=current, ref_yaw=-178.4°), frame=camera_init, path_reference=/serial_path_reference, override=[7,1.000,0.600], 到点后锁存模式=0, note=普通最终位置第二段接近点：mode=7 固定直驱前进；本点只按起点到当前 pose 的净位移达到 body_forward_m 判定到点，随后进入顺时针自旋点。[0m
[INFO] [1783910660.817060434] [slope_manager]: [0;94mwaypoint=13/18 final_descent_second_approach dist=0.881m, min_dist=0.877m, yaw_err=4.8deg, pose=(-2.646,-0.515), goal=(-2.648,-1.396), pose_frame=camera_init, goal_frame=camera_init, line_progress=0.120/1.000m (12%), line_remaining=0.880m, line_lateral=-0.027m, travel=0.123/1.000m, override=[7,1.000,0.600][0m
[INFO] [1783910661.916393018] [slope_manager]: [0;94mwaypoint=13/18 final_descent_second_approach dist=0.400m, min_dist=0.400m, yaw_err=12.2deg, pose=(-2.619,-0.997), goal=(-2.648,-1.396), pose_frame=camera_init, goal_frame=camera_init, line_progress=0.602/1.000m (60%), line_remaining=0.398m, line_lateral=-0.040m, travel=0.604/1.000m, override=[7,1.000,0.600][0m
[INFO] [1783910662.864196994] [slope_manager]: [1;32m到点成功: waypoint[12]=final_descent_second_approach, dist=0.041, min_dist=0.037, yaw_err=18.0deg, reason=travel_distance(1.011>=1.000m)[0m
[INFO] [1783910662.864566680] [slope_manager]: [1;35m发布模式: 0 (正常行走)[0m
[INFO] [1783910662.864999570] [slope_manager]: [1;35m发布上坡步长滤波: False[0m
[INFO] [1783910662.865391245] [slope_manager]: [1;35m发布路径修正profile: 2 (0=关闭, 1=普通, 2=上坡强修正, 3=强修正符号验证)[0m
[INFO] [1783910662.865698835] [slope_manager]: [1;32m已到达 waypoint[12]=final_descent_second_approach，切换模式为 0 (正常行走)，上坡滤波=False，路径修正profile=2，并锁存到下一个 waypoint。[0m
[INFO] [1783910662.865995396] [slope_manager]: waypoint[12]=final_descent_second_approach 到点后等待 0.10s，再切换到下一个目标。
[INFO] [1783910662.967179562] [slope_manager]: [1;36m切换到下一个 waypoint: 14 / 18[0m
[INFO] [1783910662.968057009] [slope_manager]: 解析机身相对 waypoint[13]=final_descent_second_spin: source=(-2.695,-1.430,162.7deg), anchor=(-2.695,-1.430,current_pose), body_offset=(forward=0.000, left=0.000), yaw_mode=delta, yaw_delta=-72.0deg, ref_yaw_source=current, ref_yaw=162.7deg, target=(-2.695,-1.430,90.7deg), frame=camera_init
[INFO] [1783910662.968851235] [slope_manager]: [1;36m发送直驱覆盖点[14/18](attempt=1): final_descent_second_spin -> x=-2.695, y=-1.430, yaw=90.7° (body_relative forward=0.000, left=0.000, yaw_mode=delta, yaw_delta=-72.0°, source=(-2.695,-1.430,162.7°), anchor=(-2.695,-1.430,current_pose), ref_yaw_source=current, ref_yaw=162.7°), frame=camera_init, override=[7,0.900,0.000], 到点后锁存模式=0, note=普通最终段第二个自旋点：mode=7，顺时针自旋；按目标 yaw 容差到点，沿用旧的 0.20/0.65 步长量级。[0m
[INFO] [1783910663.016283636] [slope_manager]: [0;94mwaypoint=14/18 final_descent_second_spin dist=0.030m, min_dist=0.010m, yaw_err=69.7deg, pose=(-2.674,-1.452), goal=(-2.695,-1.430), pose_frame=camera_init, goal_frame=camera_init, override=[7,0.900,0.000][0m
[INFO] [1783910664.116359615] [slope_manager]: [0;94mwaypoint=14/18 final_descent_second_spin dist=0.231m, min_dist=0.010m, yaw_err=47.8deg, pose=(-2.804,-1.634), goal=(-2.695,-1.430), pose_frame=camera_init, goal_frame=camera_init, override=[7,0.900,0.000][0m
[INFO] [1783910665.117136507] [slope_manager]: [0;94mwaypoint=14/18 final_descent_second_spin dist=0.301m, min_dist=0.010m, yaw_err=28.7deg, pose=(-2.890,-1.659), goal=(-2.695,-1.430), pose_frame=camera_init, goal_frame=camera_init, override=[7,0.900,0.000][0m
[INFO] [1783910666.102308650] [slope_manager]: [1;32m到点成功: waypoint[13]=final_descent_second_spin, dist=0.338, min_dist=0.010, yaw_err=5.0deg, reason=distance_memory_with_yaw[0m
[INFO] [1783910666.102771617] [slope_manager]: [1;35m发布模式: 0 (正常行走)[0m
[INFO] [1783910666.103204065] [slope_manager]: [1;35m发布上坡步长滤波: False[0m
[INFO] [1783910666.103658155] [slope_manager]: [1;35m发布路径修正profile: 0 (0=关闭, 1=普通, 2=上坡强修正, 3=强修正符号验证)[0m
[INFO] [1783910666.104127503] [slope_manager]: [1;32m已到达 waypoint[13]=final_descent_second_spin，切换模式为 0 (正常行走)，上坡滤波=False，路径修正profile=0，并锁存到下一个 waypoint。[0m
[INFO] [1783910666.104446872] [slope_manager]: waypoint[13]=final_descent_second_spin 到点后等待 0.10s，再切换到下一个目标。
[INFO] [1783910666.205310877] [slope_manager]: [1;36m切换到下一个 waypoint: 15 / 18[0m
[INFO] [1783910666.205884293] [slope_manager]: 解析机身相对 waypoint[14]=final_descent_second_spin_extra_approach: source=(-2.977,-1.614,94.7deg), anchor=(-2.977,-1.614,current_pose), body_offset=(forward=0.350, left=0.000), yaw_mode=delta, yaw_delta=0.0deg, ref_yaw_source=current, ref_yaw=94.7deg, target=(-3.326,-1.643,94.7deg), frame=camera_init
[INFO] [1783910666.206429748] [slope_manager]: [1;35m发布路径修正profile: 2 (0=关闭, 1=普通, 2=上坡强修正, 3=强修正符号验证)[0m
[INFO] [1783910666.206837308] [slope_manager]: [1;36m发送直驱覆盖点[15/18](attempt=1): final_descent_second_spin_extra_approach -> x=-3.326, y=-1.643, yaw=94.7° (body_relative forward=0.350, left=0.000, yaw_mode=delta, yaw_delta=0.0°, source=(-2.977,-1.614,94.7°), anchor=(-2.977,-1.614,current_pose), ref_yaw_source=current, ref_yaw=94.7°), frame=camera_init, path_reference=/serial_path_reference, override=[7,0.800,0.800], 到点后锁存模式=0, note=普通最终段第二个自旋后新增直驱点：mode=7，left=0.75,right=0.50，固定直驱前进0.8m。[0m
[INFO] [1783910666.216248288] [slope_manager]: [0;94mwaypoint=15/18 final_descent_second_spin_extra_approach dist=0.354m, min_dist=0.354m, yaw_err=0.7deg, pose=(-2.975,-1.600), goal=(-3.326,-1.643), pose_frame=camera_init, goal_frame=camera_init, line_progress=-0.003/0.350m (-1%), line_remaining=0.353m, line_lateral=0.014m, travel=0.014/0.350m, override=[7,0.800,0.800][0m
[INFO] [1783910667.148513003] [slope_manager]: [1;32m到点成功: waypoint[14]=final_descent_second_spin_extra_approach, dist=0.116, min_dist=0.102, yaw_err=12.3deg, reason=travel_distance(0.362>=0.350m)[0m
[INFO] [1783910667.148993428] [slope_manager]: [1;35m发布模式: 0 (正常行走)[0m
[INFO] [1783910667.149459503] [slope_manager]: [1;35m发布上坡步长滤波: False[0m
[INFO] [1783910667.149864981] [slope_manager]: [1;35m发布路径修正profile: 2 (0=关闭, 1=普通, 2=上坡强修正, 3=强修正符号验证)[0m
[INFO] [1783910667.150244371] [slope_manager]: [1;32m已到达 waypoint[14]=final_descent_second_spin_extra_approach，切换模式为 0 (正常行走)，上坡滤波=False，路径修正profile=2，并锁存到下一个 waypoint。[0m
[INFO] [1783910667.150650704] [slope_manager]: waypoint[14]=final_descent_second_spin_extra_approach 到点后等待 0.10s，再切换到下一个目标。
[INFO] [1783910667.251262975] [slope_manager]: [1;36m切换到下一个 waypoint: 16 / 18[0m
[INFO] [1783910667.251804626] [slope_manager]: 解析机身相对 waypoint[15]=final_descent_second_spin_extra_spin: source=(-3.431,-1.539,85.0deg), anchor=(-3.431,-1.539,current_pose), body_offset=(forward=0.000, left=0.000), yaw_mode=delta, yaw_delta=93.0deg, ref_yaw_source=current, ref_yaw=85.0deg, target=(-3.431,-1.539,178.0deg), frame=camera_init
[INFO] [1783910667.252335835] [slope_manager]: [1;36m发送直驱覆盖点[16/18](attempt=1): final_descent_second_spin_extra_spin -> x=-3.431, y=-1.539, yaw=178.0° (body_relative forward=0.000, left=0.000, yaw_mode=delta, yaw_delta=93.0°, source=(-3.431,-1.539,85.0°), anchor=(-3.431,-1.539,current_pose), ref_yaw_source=current, ref_yaw=85.0°), frame=camera_init, override=[7,-0.600,0.700], 到点后锁存模式=0, note=普通最终段第二个自旋后新增自旋点：mode=7，left=-0.25,right=0.70，相对当前姿态自旋100度。[0m
[INFO] [1783910667.316414350] [slope_manager]: [0;94mwaypoint=16/18 final_descent_second_spin_extra_spin dist=0.028m, min_dist=0.011m, yaw_err=91.9deg, pose=(-3.459,-1.534), goal=(-3.431,-1.539), pose_frame=camera_init, goal_frame=camera_init, override=[7,-0.600,0.700][0m
[INFO] [1783910668.416231062] [slope_manager]: [0;94mwaypoint=16/18 final_descent_second_spin_extra_spin dist=0.266m, min_dist=0.011m, yaw_err=51.0deg, pose=(-3.694,-1.583), goal=(-3.431,-1.539), pose_frame=camera_init, goal_frame=camera_init, override=[7,-0.600,0.700][0m
[INFO] [1783910669.416268282] [slope_manager]: [0;94mwaypoint=16/18 final_descent_second_spin_extra_spin dist=0.338m, min_dist=0.011m, yaw_err=10.1deg, pose=(-3.768,-1.569), goal=(-3.431,-1.539), pose_frame=camera_init, goal_frame=camera_init, override=[7,-0.600,0.700][0m
[INFO] [1783910669.610527213] [slope_manager]: [1;32m到点成功: waypoint[15]=final_descent_second_spin_extra_spin, dist=0.362, min_dist=0.011, yaw_err=4.8deg, reason=distance_memory_with_yaw[0m
[INFO] [1783910669.610998946] [slope_manager]: [1;35m发布模式: 0 (正常行走)[0m
[INFO] [1783910669.611460003] [slope_manager]: [1;35m发布上坡步长滤波: False[0m
[INFO] [1783910669.611804117] [slope_manager]: [1;35m发布路径修正profile: 0 (0=关闭, 1=普通, 2=上坡强修正, 3=强修正符号验证)[0m
[INFO] [1783910669.612201120] [slope_manager]: [1;32m已到达 waypoint[15]=final_descent_second_spin_extra_spin，切换模式为 0 (正常行走)，上坡滤波=False，路径修正profile=0，并锁存到下一个 waypoint。[0m
[INFO] [1783910669.612746521] [slope_manager]: waypoint[15]=final_descent_second_spin_extra_spin 到点后等待 0.10s，再切换到下一个目标。
[INFO] [1783910669.713379875] [slope_manager]: [1;36m切换到下一个 waypoint: 17 / 18[0m
[INFO] [1783910669.713933858] [slope_manager]: 解析机身相对 waypoint[16]=final_descent_third_approach: source=(-3.757,-1.619,179.1deg), anchor=(-3.757,-1.619,current_pose), body_offset=(forward=1.900, left=0.000), yaw_mode=delta, yaw_delta=0.0deg, ref_yaw_source=current, ref_yaw=179.1deg, target=(-3.787,-3.519,179.1deg), frame=camera_init
[INFO] [1783910669.714430061] [slope_manager]: [1;35m发布路径修正profile: 2 (0=关闭, 1=普通, 2=上坡强修正, 3=强修正符号验证)[0m
[INFO] [1783910669.714821879] [slope_manager]: [1;36m发送直驱覆盖点[17/18](attempt=1): final_descent_third_approach -> x=-3.787, y=-3.519, yaw=179.1° (body_relative forward=1.900, left=0.000, yaw_mode=delta, yaw_delta=0.0°, source=(-3.757,-1.619,179.1°), anchor=(-3.757,-1.619,current_pose), ref_yaw_source=current, ref_yaw=179.1°), frame=camera_init, path_reference=/serial_path_reference, override=[7,0.800,1.000], yaw_corr=0.000,yaw_err=0.0deg, 到点后锁存模式=0, note=普通最终位置第三段接近点：mode=7，left=0.50,right=0.70，固定直驱前进并叠加小幅姿态修正；本点只按起点到当前 pose 的净位移达到 body_forward_m 判定到点，随后进入最终朝向点。[0m
[INFO] [1783910670.417533112] [slope_manager]: [0;94mwaypoint=17/18 final_descent_third_approach dist=1.751m, min_dist=1.751m, yaw_err=0.1deg, pose=(-3.849,-1.769), goal=(-3.787,-3.519), pose_frame=camera_init, goal_frame=camera_init, line_progress=0.151/1.900m (8%), line_remaining=1.749m, line_lateral=0.090m, travel=0.176/1.900m, override=[7,0.800,1.000], yaw_corr=0.000,yaw_err=0.1deg[0m
[INFO] [1783910671.516169781] [slope_manager]: [0;94mwaypoint=17/18 final_descent_third_approach dist=1.152m, min_dist=1.152m, yaw_err=0.8deg, pose=(-3.925,-2.375), goal=(-3.787,-3.519), pose_frame=camera_init, goal_frame=camera_init, line_progress=0.759/1.900m (40%), line_remaining=1.141m, line_lateral=0.156m, travel=0.774/1.900m, override=[7,0.800,1.000], yaw_corr=0.000,yaw_err=-0.8deg[0m
[INFO] [1783910672.516196677] [slope_manager]: [0;94mwaypoint=17/18 final_descent_third_approach dist=0.622m, min_dist=0.622m, yaw_err=2.0deg, pose=(-3.988,-2.931), goal=(-3.787,-3.519), pose_frame=camera_init, goal_frame=camera_init, line_progress=1.315/1.900m (69%), line_remaining=0.585m, line_lateral=0.210m, travel=1.332/1.900m, override=[7,0.800,1.000], yaw_corr=0.000,yaw_err=-2.0deg[0m
[INFO] [1783910673.516195669] [slope_manager]: [0;94mwaypoint=17/18 final_descent_third_approach dist=0.250m, min_dist=0.248m, yaw_err=0.2deg, pose=(-4.000,-3.388), goal=(-3.787,-3.519), pose_frame=camera_init, goal_frame=camera_init, line_progress=1.773/1.900m (93%), line_remaining=0.127m, line_lateral=0.215m, travel=1.786/1.900m, override=[7,0.800,1.000], yaw_corr=0.000,yaw_err=0.2deg[0m
[INFO] [1783910673.900882330] [slope_manager]: [1;32m到点成功: waypoint[16]=final_descent_third_approach, dist=0.266, min_dist=0.236, yaw_err=5.6deg, reason=travel_distance(1.904>=1.900m)[0m
[INFO] [1783910673.901382090] [slope_manager]: [1;35m发布模式: 0 (正常行走)[0m
[INFO] [1783910673.901855980] [slope_manager]: [1;35m发布上坡步长滤波: False[0m
[INFO] [1783910673.902303685] [slope_manager]: [1;35m发布路径修正profile: 2 (0=关闭, 1=普通, 2=上坡强修正, 3=强修正符号验证)[0m
[INFO] [1783910673.902752600] [slope_manager]: [1;32m已到达 waypoint[16]=final_descent_third_approach，切换模式为 0 (正常行走)，上坡滤波=False，路径修正profile=2，并锁存到下一个 waypoint。[0m
[INFO] [1783910673.903068283] [slope_manager]: waypoint[16]=final_descent_third_approach 到点后等待 0.10s，再切换到下一个目标。
[INFO] [1783910674.003699843] [slope_manager]: [1;36m切换到下一个 waypoint: 18 / 18[0m
[INFO] [1783910674.004266184] [slope_manager]: 解析机身相对 waypoint[17]=final_heading_align: source=(-4.039,-3.553,-176.2deg), anchor=(-4.039,-3.553,current_pose), body_offset=(forward=0.000, left=0.000), yaw_mode=waypoint_arrival, yaw_delta=0.0deg, ref_yaw_source=target_yaw, ref_yaw=177.3deg, target=(-4.039,-3.553,177.3deg), frame=camera_init
[INFO] [1783910674.004743431] [slope_manager]: [1;36m发送直驱覆盖点[18/18](attempt=1): final_heading_align -> x=-4.039, y=-3.553, yaw=177.3° (body_relative forward=0.000, left=0.000, yaw_mode=waypoint_arrival, yaw_delta=0.0°, source=(-4.039,-3.553,-176.2°), anchor=(-4.039,-3.553,current_pose), ref_yaw_source=target_yaw, ref_yaw=177.3°), frame=camera_init, override=[6,0.400,-0.200], yaw_dir=cw,yaw_err=-6.4deg, 到点后锁存模式=0, note=普通最终朝向调整点：不再写死角度，引用 bridge_entry 到点时的实际 yaw；2026-07-06 日志显示 yaw_err<0 时 [-0.20,0.40] 会越修越大，改为 yaw_err<0 用 [0.40,-0.20]，yaw_err>0 用 [-0.20,0.40]。[0m
[INFO] [1783910674.412959187] [slope_manager]: [1;32m到点成功: waypoint[17]=final_heading_align, dist=0.114, min_dist=0.013, yaw_err=1.6deg, reason=distance_tolerance[0m
[INFO] [1783910674.413442436] [slope_manager]: [1;35m发布模式: 0 (正常行走)[0m
[INFO] [1783910674.413854946] [slope_manager]: [1;35m发布上坡步长滤波: False[0m
[INFO] [1783910674.414244649] [slope_manager]: [1;35m发布路径修正profile: 0 (0=关闭, 1=普通, 2=上坡强修正, 3=强修正符号验证)[0m
[INFO] [1783910674.414533286] [slope_manager]: [1;32m已到达 waypoint[17]=final_heading_align，切换模式为 0 (正常行走)，上坡滤波=False，路径修正profile=0，并锁存到下一个 waypoint。[0m
[INFO] [1783910674.415608429] [slope_manager]: [1;35m发布模式: 0 (正常行走)[0m
[INFO] [1783910674.415865923] [slope_manager]: [1;35m发布上坡步长滤波: False[0m
[INFO] [1783910674.416100947] [slope_manager]: [1;35m发布路径修正profile: 0 (0=关闭, 1=普通, 2=上坡强修正, 3=强修正符号验证)[0m
[INFO] [1783910674.416462727] [slope_manager]: [1;32m全部 waypoint 已完成，恢复为 mode=0，流程结束。[0m
[INFO] [1783910674.472386384] [slope_manager]: obstacle_manager deactivated: reason=external_topic
