[INFO] [1783903999.457365884] [obstacle_race_supervisor]: state=WAIT_START
[INFO] [1783903999.457697789] [obstacle_race_supervisor]: 初始化完成，等待电控串口 [start] 信号后开始下楼梯流程。
[INFO] [1783904010.677465273] [obstacle_race_supervisor]: state=STAIRS_ACTIVE
[INFO] [1783904010.677733323] [obstacle_race_supervisor]: 收到电控串口 [start]，开始固定下楼梯分支。
[INFO] [1783904032.640560046] [obstacle_race_supervisor]: state=SEARCH
[INFO] [1783904032.640887116] [obstacle_race_supervisor]: 进入搜索模式: reason=retry_from_stairs_active, walk=[0,0.500,0.500]。
[INFO] [1783904032.641317522] [obstacle_race_supervisor]: 收到电控 [start] 重试信号: 从 STAIRS_ACTIVE 返回搜索模式。
[INFO] [1783904032.659049636] [obstacle_race_supervisor]: 搜索中 yaw_err=0.0deg, override=[0,0.500,0.500]。
[INFO] [1783904032.959158772] [obstacle_race_supervisor]: 上台阶 AprilTag 已检测但暂未进入分支: tf_samples=0/1, latest_tf_age=none, det_age=none, ids=none, tf_topic_age=0.00s, last_tf_children=[camera_link->camera_color_frame,camera_color_frame->camera_color_optical_frame], expected_tf=camera_color_optical_frame->upstairs。
[INFO] [1783904032.959598649] [obstacle_race_supervisor]: 限高杆 AprilTag 已检测但暂未进入分支: tf_samples=0/1, latest_tf_age=none, det_age=none, ids=none, expected_tf=camera_color_optical_frame->limit_bar_right。
[INFO] [1783904032.960162801] [obstacle_race_supervisor]: 高墙 AprilTag 已检测但暂未进入分支: tf_samples=0/1, latest_tf_age=none, det_age=none, ids=none, expected_tf=camera_color_optical_frame->hurdle_right。
[INFO] [1783904033.491979161] [obstacle_race_supervisor]: 上台阶 AprilTag 已检测但暂未进入分支: tf_samples=0/1, latest_tf_age=none, det_age=none, ids=none, tf_topic_age=0.00s, last_tf_children=[none], expected_tf=camera_color_optical_frame->upstairs。
[INFO] [1783904033.492285363] [obstacle_race_supervisor]: 限高杆 AprilTag 已检测但暂未进入分支: tf_samples=0/1, latest_tf_age=none, det_age=none, ids=none, expected_tf=camera_color_optical_frame->limit_bar_right。
[INFO] [1783904033.492606443] [obstacle_race_supervisor]: 高墙 AprilTag 已检测但暂未进入分支: tf_samples=0/1, latest_tf_age=none, det_age=none, ids=none, expected_tf=camera_color_optical_frame->hurdle_right。
[INFO] [1783904033.691889127] [obstacle_race_supervisor]: 搜索中 yaw_err=0.0deg, override=[0,0.500,0.500]。
[INFO] [1783904033.992409513] [obstacle_race_supervisor]: 上台阶 AprilTag 已检测但暂未进入分支: tf_samples=0/1, latest_tf_age=none, det_age=none, ids=none, tf_topic_age=0.03s, last_tf_children=[camera_init->body], expected_tf=camera_color_optical_frame->upstairs。
[INFO] [1783904033.992820768] [obstacle_race_supervisor]: 限高杆 AprilTag 已检测但暂未进入分支: tf_samples=0/1, latest_tf_age=none, det_age=none, ids=none, expected_tf=camera_color_optical_frame->limit_bar_right。
[INFO] [1783904033.993219875] [obstacle_race_supervisor]: 高墙 AprilTag 已检测但暂未进入分支: tf_samples=0/1, latest_tf_age=none, det_age=none, ids=none, expected_tf=camera_color_optical_frame->hurdle_right。
[INFO] [1783904034.492904142] [obstacle_race_supervisor]: 上台阶 AprilTag 已检测但暂未进入分支: tf_samples=0/1, latest_tf_age=none, det_age=none, ids=none, tf_topic_age=0.00s, last_tf_children=[camera_link->camera_color_frame,camera_color_frame->camera_color_optical_frame], expected_tf=camera_color_optical_frame->upstairs。
[INFO] [1783904034.493245530] [obstacle_race_supervisor]: 限高杆 AprilTag 已检测但暂未进入分支: tf_samples=0/1, latest_tf_age=none, det_age=none, ids=none, expected_tf=camera_color_optical_frame->limit_bar_right。
[INFO] [1783904034.493618626] [obstacle_race_supervisor]: 高墙 AprilTag 已检测但暂未进入分支: tf_samples=0/1, latest_tf_age=none, det_age=none, ids=none, expected_tf=camera_color_optical_frame->hurdle_right。
[INFO] [1783904034.658659544] [obstacle_race_supervisor]: 限高杆 AprilTag 对中锁存: samples=1, tag_x=0.012m, tag_z=0.525m, center_x=-0.448m, yaw_offset=40.5deg, target_yaw=41.9deg。
[INFO] [1783904034.659210184] [obstacle_race_supervisor]: state=LIMIT_BAR_ALIGN
[INFO] [1783904034.659617572] [obstacle_race_supervisor]: 进入限高杆分支: reason=limit_bar_detected, dist=0.525m，锁存趴走 yaw 基准=41.9deg(limit_tag tag_x=0.012m,tag_z=0.525m,center_x=-0.448m,center_z=0.525m,offset=40.5deg)，先按 pose_pitch 视觉预对齐 tag。
[INFO] [1783904034.692116964] [obstacle_race_supervisor]: 限高杆 AprilTag 姿态预对齐目标锁定: metric=pose_pitch, tag_x=0.012m, tag_z=0.525m, measured=5.0deg, target=0.0deg, raw_err=5.0deg, control_delta=-5.0deg, rpy=(179.1,5.0,-0.9)deg, lock_source=latest, lock_samples=1, lock_metric=5.0deg, latest_pose_pitch=5.0deg, odom_yaw0=1.4deg, target_yaw=-3.6deg。
[INFO] [1783904034.692643040] [obstacle_race_supervisor]: 限高杆 AprilTag 姿态预对齐中: metric=pose_pitch, measured=5.0deg, target=0.0deg, visual_err=5.0deg, yaw_err=-5.0deg, feedback=visual, direction=cw, hold=0.00/0.15s, override=[6,0.099,-0.054]。
[INFO] [1783904034.961432215] [obstacle_race_supervisor]: 限高杆 AprilTag 姿态预对齐完成: metric=pose_pitch, current_measured=-2.4deg, current_raw_err=-2.4deg, forward_yaw=1.4deg, initial_ref_yaw=41.9deg, base_yaw=1.4deg, tag_x=0.028m, tag_z=0.555m, shift_source=current_aligned_tag, shift_tag_x=0.028m, shift_tag_z=0.555m, center_x=-0.432m。
[INFO] [1783904034.962242013] [obstacle_race_supervisor]: state=LIMIT_BAR_LATERAL_SHIFT
[INFO] [1783904034.962722903] [obstacle_race_supervisor]: 限高杆横向补偿计划锁定: center_x=-0.432m, center_z=0.555m, base_yaw=1.4deg, side_delta=+90.0deg, side_yaw=91.4deg, shift=0.432m(raw=0.432m, requested=0.432m, clipped=False), deadband=0.060m, skip_lateral=False, forward_component=0.000m, final_forward=0.055m, target_dist=0.500m。
[INFO] [1783904034.992354606] [obstacle_race_supervisor]: 限高杆横向补偿中: phase=align_out/align_out, target_yaw=91.4deg, pose_yaw=1.4deg, yaw_err=90.0deg, along=unknown, raw_along=unknown, remaining=0.000m, walk_yaw_corr=0.000, override=[6,-0.120,0.220]。
[INFO] [1783904037.560283044] [obstacle_race_supervisor]: 限高杆横向补偿中: phase=align_out/align_out, target_yaw=91.4deg, pose_yaw=1.5deg, yaw_err=90.0deg, along=unknown, raw_along=unknown, remaining=0.000m, walk_yaw_corr=0.000, override=[6,-0.120,0.220]。
[INFO] [1783904038.093130312] [obstacle_race_supervisor]: 限高杆横向补偿中: phase=align_out/align_out, target_yaw=91.4deg, pose_yaw=1.4deg, yaw_err=90.0deg, along=unknown, raw_along=unknown, remaining=0.000m, walk_yaw_corr=0.000, override=[6,-0.120,0.220]。
[INFO] [1783904038.625732326] [obstacle_race_supervisor]: 限高杆横向补偿中: phase=align_out/align_out, target_yaw=91.4deg, pose_yaw=1.5deg, yaw_err=89.9deg, along=unknown, raw_along=unknown, remaining=0.000m, walk_yaw_corr=0.000, override=[6,-0.120,0.220]。
[INFO] [1783904039.159148747] [obstacle_race_supervisor]: 限高杆横向补偿中: phase=align_out/align_out, target_yaw=91.4deg, pose_yaw=1.5deg, yaw_err=90.0deg, along=unknown, raw_along=unknown, remaining=0.000m, walk_yaw_corr=0.000, override=[6,-0.120,0.220]。
[INFO] [1783904039.692176488] [obstacle_race_supervisor]: 限高杆横向补偿中: phase=align_out/align_out, target_yaw=91.4deg, pose_yaw=1.4deg, yaw_err=90.0deg, along=unknown, raw_along=unknown, remaining=0.000m, walk_yaw_corr=0.000, override=[6,-0.120,0.220]。
[INFO] [1783904040.192100061] [obstacle_race_supervisor]: 限高杆横向补偿中: phase=align_out/align_out, target_yaw=91.4deg, pose_yaw=1.5deg, yaw_err=90.0deg, along=unknown, raw_along=unknown, remaining=0.000m, walk_yaw_corr=0.000, override=[6,-0.120,0.220]。
[INFO] [1783904040.568261652] [obstacle_race_supervisor]: state=SEARCH
[INFO] [1783904040.568739530] [obstacle_race_supervisor]: 进入搜索模式: reason=retry_from_limit_bar_lateral_shift, walk=[0,0.500,0.500]。
[INFO] [1783904040.569285718] [obstacle_race_supervisor]: 收到电控 [start] 重试信号: 从 LIMIT_BAR_LATERAL_SHIFT 返回搜索模式。
[INFO] [1783904040.591883695] [obstacle_race_supervisor]: 搜索中 yaw_err=0.0deg, override=[0,0.500,0.500]。
[INFO] [1783904040.894170709] [obstacle_race_supervisor]: 上台阶 AprilTag 已检测但暂未进入分支: tf_samples=0/1, latest_tf_age=none, det_age=none, ids=12, tf_topic_age=0.03s, last_tf_children=[camera_init->body], expected_tf=camera_color_optical_frame->upstairs。
[INFO] [1783904040.894718163] [obstacle_race_supervisor]: 限高杆 AprilTag 分支触发条件满足: reason=tag_z_within_trigger, samples=12/1, tag_x=0.015m, tag_z=0.660m, trigger_distance=1.400m, inside_by=0.740m, center_x=-0.445m, tag_to_center=-0.460m, target_id=12, expected_tf=camera_color_optical_frame->limit_bar_right, completed=False。
[INFO] [1783904040.895492336] [obstacle_race_supervisor]: 高墙 AprilTag 已检测但暂未进入分支: tf_samples=0/1, latest_tf_age=none, det_age=none, ids=12, expected_tf=camera_color_optical_frame->hurdle_right。
[INFO] [1783904040.896366899] [obstacle_race_supervisor]: 限高杆 AprilTag 对中锁存: samples=12, tag_x=0.015m, tag_z=0.660m, center_x=-0.445m, yaw_offset=34.0deg, target_yaw=36.6deg。
[INFO] [1783904040.897155433] [obstacle_race_supervisor]: state=LIMIT_BAR_ALIGN
[INFO] [1783904040.897561034] [obstacle_race_supervisor]: 进入限高杆分支: reason=limit_bar_detected, dist=0.660m，锁存趴走 yaw 基准=36.6deg(limit_tag tag_x=0.015m,tag_z=0.660m,center_x=-0.445m,center_z=0.660m,offset=34.0deg)，先按 pose_pitch 视觉预对齐 tag。
[INFO] [1783904040.925700485] [obstacle_race_supervisor]: 限高杆 AprilTag 姿态预对齐目标锁定: metric=pose_pitch, tag_x=0.026m, tag_z=0.664m, measured=-4.7deg, target=0.0deg, raw_err=-4.7deg, control_delta=4.7deg, rpy=(172.0,-4.7,-1.0)deg, lock_source=latest, lock_samples=11, lock_metric=-4.7deg, latest_pose_pitch=-4.7deg, odom_yaw0=2.8deg, target_yaw=7.6deg。
[INFO] [1783904040.926417524] [obstacle_race_supervisor]: 限高杆 AprilTag 姿态预对齐中: metric=pose_pitch, measured=-4.7deg, target=0.0deg, visual_err=-4.7deg, yaw_err=4.7deg, feedback=visual, direction=ccw, hold=0.00/0.15s, override=[6,-0.054,0.099]。
[INFO] [1783904041.426015878] [obstacle_race_supervisor]: 限高杆 AprilTag 姿态预对齐完成: metric=pose_pitch, current_measured=-1.6deg, current_raw_err=-1.6deg, forward_yaw=0.2deg, initial_ref_yaw=36.6deg, base_yaw=0.2deg, tag_x=0.046m, tag_z=0.593m, shift_source=current_aligned_tag, shift_tag_x=0.046m, shift_tag_z=0.593m, center_x=-0.414m。
[INFO] [1783904041.426556143] [obstacle_race_supervisor]: state=LIMIT_BAR_LATERAL_SHIFT
[INFO] [1783904041.426990355] [obstacle_race_supervisor]: 限高杆横向补偿计划锁定: center_x=-0.414m, center_z=0.593m, base_yaw=0.2deg, side_delta=+90.0deg, side_yaw=90.2deg, shift=0.414m(raw=0.414m, requested=0.414m, clipped=False), deadband=0.060m, skip_lateral=False, forward_component=0.000m, final_forward=0.093m, target_dist=0.500m。
[INFO] [1783904041.459015509] [obstacle_race_supervisor]: 限高杆横向补偿中: phase=align_out/align_out, target_yaw=90.2deg, pose_yaw=-0.4deg, yaw_err=90.6deg, along=unknown, raw_along=unknown, remaining=0.000m, walk_yaw_corr=0.000, override=[6,-0.120,0.220]。
[INFO] [1783904041.960214779] [obstacle_race_supervisor]: 限高杆横向补偿中: phase=align_out/align_out, target_yaw=90.2deg, pose_yaw=9.6deg, yaw_err=80.7deg, along=unknown, raw_along=unknown, remaining=0.000m, walk_yaw_corr=0.000, override=[6,-0.120,0.220]。
[INFO] [1783904042.492784213] [obstacle_race_supervisor]: 限高杆横向补偿中: phase=align_out/align_out, target_yaw=90.2deg, pose_yaw=20.9deg, yaw_err=69.3deg, along=unknown, raw_along=unknown, remaining=0.000m, walk_yaw_corr=0.000, override=[6,-0.120,0.220]。
[INFO] [1783904043.025970424] [obstacle_race_supervisor]: 限高杆横向补偿中: phase=align_out/align_out, target_yaw=90.2deg, pose_yaw=22.9deg, yaw_err=67.4deg, along=unknown, raw_along=unknown, remaining=0.000m, walk_yaw_corr=0.000, override=[6,-0.120,0.220]。
[INFO] [1783904043.561280118] [obstacle_race_supervisor]: 限高杆横向补偿中: phase=align_out/align_out, target_yaw=90.2deg, pose_yaw=22.8deg, yaw_err=67.4deg, along=unknown, raw_along=unknown, remaining=0.000m, walk_yaw_corr=0.000, override=[6,-0.120,0.220]。
[INFO] [1783904044.093618754] [obstacle_race_supervisor]: 限高杆横向补偿中: phase=align_out/align_out, target_yaw=90.2deg, pose_yaw=22.9deg, yaw_err=67.3deg, along=unknown, raw_along=unknown, remaining=0.000m, walk_yaw_corr=0.000, override=[6,-0.120,0.220]。
[INFO] [1783904044.626905837] [obstacle_race_supervisor]: 限高杆横向补偿中: phase=align_out/align_out, target_yaw=90.2deg, pose_yaw=22.6deg, yaw_err=67.6deg, along=unknown, raw_along=unknown, remaining=0.000m, walk_yaw_corr=0.000, override=[6,-0.120,0.220]。
[INFO] [1783904045.159326976] [obstacle_race_supervisor]: 限高杆横向补偿中: phase=align_out/align_out, target_yaw=90.2deg, pose_yaw=-0.5deg, yaw_err=90.8deg, along=unknown, raw_along=unknown, remaining=0.000m, walk_yaw_corr=0.000, override=[6,-0.120,0.220]。
[INFO] [1783904045.692527919] [obstacle_race_supervisor]: 限高杆横向补偿中: phase=align_out/align_out, target_yaw=90.2deg, pose_yaw=2.4deg, yaw_err=87.8deg, along=unknown, raw_along=unknown, remaining=0.000m, walk_yaw_corr=0.000, override=[6,-0.120,0.220]。
[INFO] [1783904046.225768959] [obstacle_race_supervisor]: 限高杆横向补偿中: phase=align_out/align_out, target_yaw=90.2deg, pose_yaw=2.5deg, yaw_err=87.7deg, along=unknown, raw_along=unknown, remaining=0.000m, walk_yaw_corr=0.000, override=[6,-0.120,0.220]。
