[INFO] [1784186468.568324271] [orange_hurdle_jump_test]: state=DETECTOR_ONLY
[INFO] [1784186468.568877593] [orange_hurdle_jump_test]: orange_hurdle_jump_test started: color=/camera/color/image_raw, depth=/camera/aligned_depth_to_color/image_raw, detector_only=True, serial=/dev/ttyUSB0@115200, trigger_distance=0.58m, walk=[0,1.000,1.000], stand=[0,0.000,0.000], jump=[4,0.000,0.000]
[INFO] [1784186469.005596511] [orange_hurdle_jump_test]: [1;95m触发状态更新: trigger=False[0m
[INFO] [1784186469.013641283] [orange_hurdle_jump_test]: [0;33m未检测到有效橘色横栏: candidates=0, frame=1, mask_px=1842, contours=4, largest=area:754,box:29x46,aspect:0.63,reject:area+width+aspect, hsv_lower=[28, 40, 35], hsv_upper=[95, 255, 255][0m
[INFO] [1784186469.229374746] [orange_hurdle_jump_test]: [0;33m未检测到有效橘色横栏: candidates=0, frame=5, mask_px=10204, contours=11, largest=area:3753,box:80x210,aspect:0.38,reject:aspect, hsv_lower=[28, 40, 35], hsv_upper=[95, 255, 255][0m
[INFO] [1784186469.492209766] [orange_hurdle_jump_test]: [0;33m未检测到有效橘色横栏: candidates=0, frame=9, mask_px=50067, contours=7, largest=area:23019,box:183x240,aspect:0.76,reject:aspect, hsv_lower=[28, 40, 35], hsv_upper=[95, 255, 255][0m
[INFO] [1784186469.626334804] [orange_hurdle_jump_test]: [1;95m触发状态更新: trigger=True[0m
[INFO] [1784186469.693503030] [orange_hurdle_jump_test]: [1;34m最近横栏: dist=0.437m, lateral=0.064m, vertical=0.021m, pixel=(257.6,131.4), box=424x240, depth_px=42717, candidates=1, trigger=True[0m
[INFO] [1784186469.894179063] [orange_hurdle_jump_test]: [1;34m最近横栏: dist=0.437m, lateral=0.057m, vertical=0.024m, pixel=(252.8,133.4), box=424x240, depth_px=46619, candidates=1, trigger=True[0m
[INFO] [1784186470.093668372] [orange_hurdle_jump_test]: [1;34m最近横栏: dist=0.439m, lateral=0.051m, vertical=0.022m, pixel=(248.4,131.9), box=424x240, depth_px=47546, candidates=1, trigger=True[0m
[INFO] [1784186470.293835973] [orange_hurdle_jump_test]: [1;34m最近横栏: dist=0.440m, lateral=0.047m, vertical=0.021m, pixel=(245.6,131.3), box=424x240, depth_px=48291, candidates=1, trigger=True[0m
[INFO] [1784186470.493606471] [orange_hurdle_jump_test]: [1;34m最近横栏: dist=0.442m, lateral=0.036m, vertical=0.019m, pixel=(238.3,129.6), box=424x240, depth_px=45347, candidates=1, trigger=True[0m
[INFO] [1784186470.694862032] [orange_hurdle_jump_test]: [1;34m最近横栏: dist=0.435m, lateral=0.045m, vertical=0.010m, pixel=(244.9,124.1), box=424x240, depth_px=39661, candidates=1, trigger=True[0m
[INFO] [1784186470.758636280] [orange_hurdle_jump_test]: [1;95m触发状态更新: trigger=False[0m
[INFO] [1784186470.826034137] [orange_hurdle_jump_test]: [1;95m触发状态更新: trigger=True[0m
[INFO] [1784186470.961278637] [orange_hurdle_jump_test]: [1;34m最近横栏: dist=0.502m, lateral=-0.244m, vertical=0.149m, pixel=(66.2,206.5), box=137x97, depth_px=5873, candidates=1, trigger=True[0m
[INFO] [1784186471.226704737] [orange_hurdle_jump_test]: [1;34m最近横栏: dist=0.505m, lateral=-0.245m, vertical=0.156m, pixel=(66.6,210.5), box=136x74, depth_px=4335, candidates=1, trigger=True[0m
[INFO] [1784186471.427727411] [orange_hurdle_jump_test]: [1;34m最近横栏: dist=0.443m, lateral=0.263m, vertical=0.152m, pixel=(392.9,220.6), box=70x47, depth_px=1332, candidates=2, trigger=True[0m
[INFO] [1784186471.559943710] [orange_hurdle_jump_test]: [1;95m触发状态更新: trigger=False[0m
[INFO] [1784186471.626641237] [orange_hurdle_jump_test]: [1;95m触发状态更新: trigger=True[0m
[INFO] [1784186471.630129611] [orange_hurdle_jump_test]: [1;34m最近横栏: dist=0.536m, lateral=-0.215m, vertical=0.177m, pixel=(92.0,216.9), box=99x52, depth_px=1941, candidates=1, trigger=True[0m
[INFO] [1784186471.692720478] [orange_hurdle_jump_test]: [1;95m触发状态更新: trigger=False[0m
[INFO] [1784186471.760128819] [orange_hurdle_jump_test]: [1;95m触发状态更新: trigger=True[0m
[INFO] [1784186471.828417328] [orange_hurdle_jump_test]: [1;95m触发状态更新: trigger=False[0m
[INFO] [1784186471.831469659] [orange_hurdle_jump_test]: [0;33m未检测到有效橘色横栏: candidates=0, frame=44, mask_px=10962, contours=28, largest=area:3188,box:100x100,aspect:1.00,reject:aspect, hsv_lower=[28, 40, 35], hsv_upper=[95, 255, 255][0m
[INFO] [1784186472.094655421] [orange_hurdle_jump_test]: [0;33m未检测到有效橘色横栏: candidates=0, frame=48, mask_px=5075, contours=32, largest=area:776,box:43x32,aspect:1.34,reject:area+width+height, hsv_lower=[28, 40, 35], hsv_upper=[95, 255, 255][0m
[INFO] [1784186472.361030247] [orange_hurdle_jump_test]: [0;33m未检测到有效橘色横栏: candidates=0, frame=52, mask_px=1896, contours=16, largest=area:363,box:38x15,aspect:2.53,reject:area+width+height, hsv_lower=[28, 40, 35], hsv_upper=[95, 255, 255][0m
[INFO] [1784186472.561042316] [orange_hurdle_jump_test]: [0;33m未检测到有效橘色横栏: candidates=0, frame=55, mask_px=1252, contours=18, largest=area:196,box:21x20,aspect:1.05,reject:area+width+height+aspect, hsv_lower=[28, 40, 35], hsv_upper=[95, 255, 255][0m
[INFO] [1784186472.761446263] [orange_hurdle_jump_test]: [0;33m未检测到有效橘色横栏: candidates=0, frame=58, mask_px=1315, contours=15, largest=area:164,box:16x37,aspect:0.43,reject:area+width+aspect, hsv_lower=[28, 40, 35], hsv_upper=[95, 255, 255][0m
[INFO] [1784186473.028599376] [orange_hurdle_jump_test]: [0;33m未检测到有效橘色横栏: candidates=0, frame=62, mask_px=1265, contours=14, largest=area:296,box:40x17,aspect:2.35,reject:area+width+height, hsv_lower=[28, 40, 35], hsv_upper=[95, 255, 255][0m
[INFO] [1784186473.298403980] [orange_hurdle_jump_test]: [0;33m未检测到有效橘色横栏: candidates=0, frame=66, mask_px=548, contours=7, largest=area:150,box:14x18,aspect:0.78,reject:area+width+height+aspect, hsv_lower=[28, 40, 35], hsv_upper=[95, 255, 255][0m
[INFO] [1784186473.561910762] [orange_hurdle_jump_test]: [0;33m未检测到有效橘色横栏: candidates=0, frame=70, mask_px=0, contours=0, reject=no_hsv_blob, hsv_lower=[28, 40, 35], hsv_upper=[95, 255, 255][0m
[INFO] [1784186473.828626824] [orange_hurdle_jump_test]: [0;33m未检测到有效橘色横栏: candidates=0, frame=74, mask_px=0, contours=0, reject=no_hsv_blob, hsv_lower=[28, 40, 35], hsv_upper=[95, 255, 255][0m
[INFO] [1784186474.028372233] [orange_hurdle_jump_test]: [0;33m未检测到有效橘色横栏: candidates=0, frame=77, mask_px=15, contours=1, largest=area:8,box:5x3,aspect:1.67,reject:area+width+height, hsv_lower=[28, 40, 35], hsv_upper=[95, 255, 255][0m
[INFO] [1784186474.228703817] [orange_hurdle_jump_test]: [0;33m未检测到有效橘色横栏: candidates=0, frame=80, mask_px=74, contours=2, largest=area:36,box:16x4,aspect:4.00,reject:area+width+height, hsv_lower=[28, 40, 35], hsv_upper=[95, 255, 255][0m
[INFO] [1784186474.429208547] [orange_hurdle_jump_test]: [0;33m未检测到有效橘色横栏: candidates=0, frame=83, mask_px=45, contours=2, largest=area:16,box:5x5,aspect:1.00,reject:area+width+height+aspect, hsv_lower=[28, 40, 35], hsv_upper=[95, 255, 255][0m
[INFO] [1784186474.629025556] [orange_hurdle_jump_test]: [0;33m未检测到有效橘色横栏: candidates=0, frame=86, mask_px=0, contours=0, reject=no_hsv_blob, hsv_lower=[28, 40, 35], hsv_upper=[95, 255, 255][0m
[INFO] [1784186474.830524507] [orange_hurdle_jump_test]: [0;33m未检测到有效橘色横栏: candidates=0, frame=89, mask_px=73, contours=3, largest=area:24,box:7x5,aspect:1.40,reject:area+width+height, hsv_lower=[28, 40, 35], hsv_upper=[95, 255, 255][0m
[INFO] [1784186475.096925630] [orange_hurdle_jump_test]: [0;33m未检测到有效橘色横栏: candidates=0, frame=93, mask_px=24, contours=1, largest=area:14,box:8x3,aspect:2.67,reject:area+width+height, hsv_lower=[28, 40, 35], hsv_upper=[95, 255, 255][0m
[INFO] [1784186475.363637997] [orange_hurdle_jump_test]: [0;33m未检测到有效橘色横栏: candidates=0, frame=97, mask_px=56, contours=2, largest=area:22,box:12x3,aspect:4.00,reject:area+width+height, hsv_lower=[28, 40, 35], hsv_upper=[95, 255, 255][0m
[INFO] [1784186475.566319650] [orange_hurdle_jump_test]: [0;33m未检测到有效橘色横栏: candidates=0, frame=100, mask_px=50, contours=1, largest=area:36,box:6x10,aspect:0.60,reject:area+width+height+aspect, hsv_lower=[28, 40, 35], hsv_upper=[95, 255, 255][0m
[INFO] [1784186475.763264756] [orange_hurdle_jump_test]: [0;33m未检测到有效橘色横栏: candidates=0, frame=103, mask_px=25, contours=1, largest=area:16,box:5x5,aspect:1.00,reject:area+width+height+aspect, hsv_lower=[28, 40, 35], hsv_upper=[95, 255, 255][0m
[INFO] [1784186475.963410497] [orange_hurdle_jump_test]: [0;33m未检测到有效橘色横栏: candidates=0, frame=106, mask_px=24, contours=1, largest=area:15,box:4x6,aspect:0.67,reject:area+width+height+aspect, hsv_lower=[28, 40, 35], hsv_upper=[95, 255, 255][0m
[INFO] [1784186476.165055878] [orange_hurdle_jump_test]: [0;33m未检测到有效橘色横栏: candidates=0, frame=109, mask_px=43, contours=1, largest=area:31,box:7x7,aspect:1.00,reject:area+width+height+aspect, hsv_lower=[28, 40, 35], hsv_upper=[95, 255, 255][0m
[INFO] [1784186476.430572157] [orange_hurdle_jump_test]: [0;33m未检测到有效橘色横栏: candidates=0, frame=113, mask_px=24, contours=1, largest=area:15,box:4x6,aspect:0.67,reject:area+width+height+aspect, hsv_lower=[28, 40, 35], hsv_upper=[95, 255, 255][0m
[INFO] [1784186476.630667933] [orange_hurdle_jump_test]: [0;33m未检测到有效橘色横栏: candidates=0, frame=116, mask_px=27, contours=1, largest=area:18,box:4x7,aspect:0.57,reject:area+width+height+aspect, hsv_lower=[28, 40, 35], hsv_upper=[95, 255, 255][0m
[INFO] [1784186476.900366998] [orange_hurdle_jump_test]: [0;33m未检测到有效橘色横栏: candidates=0, frame=120, mask_px=95, contours=2, largest=area:44,box:8x8,aspect:1.00,reject:area+width+height+aspect, hsv_lower=[28, 40, 35], hsv_upper=[95, 255, 255][0m
[INFO] [1784186477.167076709] [orange_hurdle_jump_test]: [0;33m未检测到有效橘色横栏: candidates=0, frame=124, mask_px=168, contours=3, largest=area:90,box:14x11,aspect:1.27,reject:area+width+height, hsv_lower=[28, 40, 35], hsv_upper=[95, 255, 255][0m
[INFO] [1784186477.431366707] [orange_hurdle_jump_test]: [0;33m未检测到有效橘色横栏: candidates=0, frame=128, mask_px=146, contours=4, largest=area:56,box:8x13,aspect:0.62,reject:area+width+height+aspect, hsv_lower=[28, 40, 35], hsv_upper=[95, 255, 255][0m
[INFO] [1784186477.637894973] [orange_hurdle_jump_test]: [0;33m未检测到有效橘色横栏: candidates=0, frame=131, mask_px=48, contours=2, largest=area:20,box:6x5,aspect:1.20,reject:area+width+height+aspect, hsv_lower=[28, 40, 35], hsv_upper=[95, 255, 255][0m
[INFO] [1784186477.898252503] [orange_hurdle_jump_test]: [0;33m未检测到有效橘色横栏: candidates=0, frame=135, mask_px=607, contours=2, largest=area:504,box:15x64,aspect:0.23,reject:area+width+aspect, hsv_lower=[28, 40, 35], hsv_upper=[95, 255, 255][0m
[INFO] [1784186478.101637830] [orange_hurdle_jump_test]: [0;33m未检测到有效橘色横栏: candidates=0, frame=138, mask_px=165, contours=3, largest=area:58,box:8x10,aspect:0.80,reject:area+width+height+aspect, hsv_lower=[28, 40, 35], hsv_upper=[95, 255, 255][0m
[INFO] [1784186478.366599596] [orange_hurdle_jump_test]: [0;33m未检测到有效橘色横栏: candidates=0, frame=142, mask_px=1535, contours=4, largest=area:1356,box:32x67,aspect:0.48,reject:width+aspect, hsv_lower=[28, 40, 35], hsv_upper=[95, 255, 255][0m
[INFO] [1784186478.566379392] [orange_hurdle_jump_test]: [0;33m未检测到有效橘色横栏: candidates=0, frame=145, mask_px=1970, contours=2, largest=area:1791,box:38x94,aspect:0.40,reject:width+aspect, hsv_lower=[28, 40, 35], hsv_upper=[95, 255, 255][0m
[INFO] [1784186478.832125224] [orange_hurdle_jump_test]: [0;33m未检测到有效橘色横栏: candidates=0, frame=149, mask_px=2350, contours=2, largest=area:2196,box:44x98,aspect:0.45,reject:width+aspect, hsv_lower=[28, 40, 35], hsv_upper=[95, 255, 255][0m
[INFO] [1784186479.032727672] [orange_hurdle_jump_test]: [0;33m未检测到有效橘色横栏: candidates=0, frame=152, mask_px=2346, contours=3, largest=area:2154,box:44x110,aspect:0.40,reject:width+aspect, hsv_lower=[28, 40, 35], hsv_upper=[95, 255, 255][0m
[INFO] [1784186479.232874049] [orange_hurdle_jump_test]: [0;33m未检测到有效橘色横栏: candidates=0, frame=155, mask_px=2370, contours=3, largest=area:2146,box:42x117,aspect:0.36,reject:width+aspect, hsv_lower=[28, 40, 35], hsv_upper=[95, 255, 255][0m
[INFO] [1784186479.434742834] [orange_hurdle_jump_test]: [0;33m未检测到有效橘色横栏: candidates=0, frame=158, mask_px=2689, contours=5, largest=area:2369,box:40x139,aspect:0.29,reject:width+aspect, hsv_lower=[28, 40, 35], hsv_upper=[95, 255, 255][0m
[INFO] [1784186479.633004730] [orange_hurdle_jump_test]: [0;33m未检测到有效橘色横栏: candidates=0, frame=161, mask_px=2744, contours=6, largest=area:2307,box:38x137,aspect:0.28,reject:width+aspect, hsv_lower=[28, 40, 35], hsv_upper=[95, 255, 255][0m
[INFO] [1784186479.832917604] [orange_hurdle_jump_test]: [0;33m未检测到有效橘色横栏: candidates=0, frame=164, mask_px=2642, contours=3, largest=area:2322,box:38x138,aspect:0.28,reject:width+aspect, hsv_lower=[28, 40, 35], hsv_upper=[95, 255, 255][0m
[INFO] [1784186480.033463340] [orange_hurdle_jump_test]: [0;33m未检测到有效橘色横栏: candidates=0, frame=167, mask_px=2724, contours=3, largest=area:2374,box:38x138,aspect:0.28,reject:width+aspect, hsv_lower=[28, 40, 35], hsv_upper=[95, 255, 255][0m
[INFO] [1784186480.300544783] [orange_hurdle_jump_test]: [0;33m未检测到有效橘色横栏: candidates=0, frame=171, mask_px=1675, contours=1, largest=area:1568,box:36x78,aspect:0.46,reject:width+aspect, hsv_lower=[28, 40, 35], hsv_upper=[95, 255, 255][0m
[INFO] [1784186480.566469878] [orange_hurdle_jump_test]: [0;33m未检测到有效橘色横栏: candidates=0, frame=175, mask_px=672, contours=2, largest=area:580,box:26x41,aspect:0.63,reject:area+width+aspect, hsv_lower=[28, 40, 35], hsv_upper=[95, 255, 255][0m
[INFO] [1784186480.767195653] [orange_hurdle_jump_test]: [0;33m未检测到有效橘色横栏: candidates=0, frame=178, mask_px=129, contours=2, largest=area:74,box:14x8,aspect:1.75,reject:area+width+height, hsv_lower=[28, 40, 35], hsv_upper=[95, 255, 255][0m
[INFO] [1784186480.966505371] [orange_hurdle_jump_test]: [0;33m未检测到有效橘色横栏: candidates=0, frame=181, mask_px=0, contours=0, reject=no_hsv_blob, hsv_lower=[28, 40, 35], hsv_upper=[95, 255, 255][0m
[INFO] [1784186481.167587118] [orange_hurdle_jump_test]: [0;33m未检测到有效橘色横栏: candidates=0, frame=184, mask_px=102, contours=2, largest=area:56,box:10x8,aspect:1.25,reject:area+width+height, hsv_lower=[28, 40, 35], hsv_upper=[95, 255, 255][0m
[INFO] [1784186481.367245277] [orange_hurdle_jump_test]: [0;33m未检测到有效橘色横栏: candidates=0, frame=187, mask_px=30, contours=1, largest=area:20,box:6x5,aspect:1.20,reject:area+width+height+aspect, hsv_lower=[28, 40, 35], hsv_upper=[95, 255, 255][0m
[INFO] [1784186481.567588721] [orange_hurdle_jump_test]: [0;33m未检测到有效橘色横栏: candidates=0, frame=190, mask_px=35, contours=1, largest=area:24,box:6x6,aspect:1.00,reject:area+width+height+aspect, hsv_lower=[28, 40, 35], hsv_upper=[95, 255, 255][0m
[INFO] [1784186481.767266805] [orange_hurdle_jump_test]: [0;33m未检测到有效橘色横栏: candidates=0, frame=193, mask_px=365, contours=5, largest=area:137,box:24x15,aspect:1.60,reject:area+width+height, hsv_lower=[28, 40, 35], hsv_upper=[95, 255, 255][0m
[INFO] [1784186481.968076089] [orange_hurdle_jump_test]: [0;33m未检测到有效橘色横栏: candidates=0, frame=196, mask_px=199, contours=5, largest=area:34,box:8x6,aspect:1.33,reject:area+width+height, hsv_lower=[28, 40, 35], hsv_upper=[95, 255, 255][0m
[INFO] [1784186482.168180154] [orange_hurdle_jump_test]: [0;33m未检测到有效橘色横栏: candidates=0, frame=199, mask_px=126, contours=4, largest=area:30,box:6x7,aspect:0.86,reject:area+width+height+aspect, hsv_lower=[28, 40, 35], hsv_upper=[95, 255, 255][0m
[INFO] [1784186482.368596328] [orange_hurdle_jump_test]: [0;33m未检测到有效橘色横栏: candidates=0, frame=202, mask_px=725, contours=7, largest=area:374,box:38x14,aspect:2.71,reject:area+width+height, hsv_lower=[28, 40, 35], hsv_upper=[95, 255, 255][0m
[INFO] [1784186482.635186899] [orange_hurdle_jump_test]: [0;33m未检测到有效橘色横栏: candidates=0, frame=206, mask_px=559, contours=4, largest=area:371,box:42x13,aspect:3.23,reject:area+width+height, hsv_lower=[28, 40, 35], hsv_upper=[95, 255, 255][0m
[INFO] [1784186482.837464926] [orange_hurdle_jump_test]: [0;33m未检测到有效橘色横栏: candidates=0, frame=209, mask_px=550, contours=4, largest=area:374,box:42x13,aspect:3.23,reject:area+width+height, hsv_lower=[28, 40, 35], hsv_upper=[95, 255, 255][0m
[INFO] [1784186483.035488975] [orange_hurdle_jump_test]: [0;33m未检测到有效橘色横栏: candidates=0, frame=212, mask_px=148, contours=1, largest=area:119,box:23x9,aspect:2.56,reject:area+width+height, hsv_lower=[28, 40, 35], hsv_upper=[95, 255, 255][0m
[INFO] [1784186483.301727941] [orange_hurdle_jump_test]: [0;33m未检测到有效橘色横栏: candidates=0, frame=216, mask_px=198, contours=3, largest=area:70,box:16x6,aspect:2.67,reject:area+width+height, hsv_lower=[28, 40, 35], hsv_upper=[95, 255, 255][0m
[INFO] [1784186483.503219125] [orange_hurdle_jump_test]: [0;33m未检测到有效橘色横栏: candidates=0, frame=219, mask_px=160, contours=3, largest=area:78,box:16x9,aspect:1.78,reject:area+width+height, hsv_lower=[28, 40, 35], hsv_upper=[95, 255, 255][0m
[INFO] [1784186483.703224654] [orange_hurdle_jump_test]: [0;33m未检测到有效橘色横栏: candidates=0, frame=222, mask_px=203, contours=1, largest=area:168,box:30x8,aspect:3.75,reject:area+width+height, hsv_lower=[28, 40, 35], hsv_upper=[95, 255, 255][0m
[INFO] [1784186483.969164432] [orange_hurdle_jump_test]: [0;33m未检测到有效橘色横栏: candidates=0, frame=226, mask_px=734, contours=7, largest=area:218,box:14x32,aspect:0.44,reject:area+width+height+aspect, hsv_lower=[28, 40, 35], hsv_upper=[95, 255, 255][0m
[INFO] [1784186484.170303482] [orange_hurdle_jump_test]: [0;33m未检测到有效橘色横栏: candidates=0, frame=229, mask_px=1936, contours=7, largest=area:1030,box:29x91,aspect:0.32,reject:area+width+aspect, hsv_lower=[28, 40, 35], hsv_upper=[95, 255, 255][0m
[INFO] [1784186484.436298808] [orange_hurdle_jump_test]: [0;33m未检测到有效橘色横栏: candidates=0, frame=233, mask_px=1476, contours=5, largest=area:910,box:25x91,aspect:0.27,reject:area+width+aspect, hsv_lower=[28, 40, 35], hsv_upper=[95, 255, 255][0m
[INFO] [1784186484.703515805] [orange_hurdle_jump_test]: [0;33m未检测到有效橘色横栏: candidates=0, frame=237, mask_px=1040, contours=7, largest=area:617,box:25x64,aspect:0.39,reject:area+width+aspect, hsv_lower=[28, 40, 35], hsv_upper=[95, 255, 255][0m
[INFO] [1784186484.970071170] [orange_hurdle_jump_test]: [0;33m未检测到有效橘色横栏: candidates=0, frame=241, mask_px=795, contours=6, largest=area:245,box:18x37,aspect:0.49,reject:area+width+aspect, hsv_lower=[28, 40, 35], hsv_upper=[95, 255, 255][0m
[INFO] [1784186485.170051198] [orange_hurdle_jump_test]: [0;33m未检测到有效橘色横栏: candidates=0, frame=244, mask_px=476, contours=3, largest=area:238,box:14x38,aspect:0.37,reject:area+width+aspect, hsv_lower=[28, 40, 35], hsv_upper=[95, 255, 255][0m
[INFO] [1784186485.370549283] [orange_hurdle_jump_test]: [0;33m未检测到有效橘色横栏: candidates=0, frame=247, mask_px=743, contours=6, largest=area:226,box:38x12,aspect:3.17,reject:area+width+height, hsv_lower=[28, 40, 35], hsv_upper=[95, 255, 255][0m
[INFO] [1784186485.576683659] [orange_hurdle_jump_test]: [0;33m未检测到有效橘色横栏: candidates=0, frame=250, mask_px=1847, contours=4, largest=area:1306,box:24x95,aspect:0.25,reject:width+aspect, hsv_lower=[28, 40, 35], hsv_upper=[95, 255, 255][0m
[INFO] [1784186485.772005630] [orange_hurdle_jump_test]: [0;33m未检测到有效橘色横栏: candidates=0, frame=253, mask_px=2326, contours=7, largest=area:1516,box:27x82,aspect:0.33,reject:width+aspect, hsv_lower=[28, 40, 35], hsv_upper=[95, 255, 255][0m
[INFO] [1784186486.037983009] [orange_hurdle_jump_test]: [0;33m未检测到有效橘色横栏: candidates=0, frame=257, mask_px=1537, contours=9, largest=area:532,box:26x56,aspect:0.46,reject:area+width+aspect, hsv_lower=[28, 40, 35], hsv_upper=[95, 255, 255][0m
[INFO] [1784186486.304774751] [orange_hurdle_jump_test]: [0;33m未检测到有效橘色横栏: candidates=0, frame=261, mask_px=1441, contours=7, largest=area:536,box:20x82,aspect:0.24,reject:area+width+aspect, hsv_lower=[28, 40, 35], hsv_upper=[95, 255, 255][0m
[INFO] [1784186486.504928104] [orange_hurdle_jump_test]: [0;33m未检测到有效橘色横栏: candidates=0, frame=264, mask_px=1482, contours=6, largest=area:806,box:18x110,aspect:0.16,reject:area+width+aspect, hsv_lower=[28, 40, 35], hsv_upper=[95, 255, 255][0m
[INFO] [1784186486.771290225] [orange_hurdle_jump_test]: [0;33m未检测到有效橘色横栏: candidates=0, frame=268, mask_px=1303, contours=9, largest=area:320,box:28x23,aspect:1.22,reject:area+width+height+aspect, hsv_lower=[28, 40, 35], hsv_upper=[95, 255, 255][0m
[INFO] [1784186486.971694862] [orange_hurdle_jump_test]: [0;33m未检测到有效橘色横栏: candidates=0, frame=271, mask_px=1702, contours=7, largest=area:642,box:20x86,aspect:0.23,reject:area+width+aspect, hsv_lower=[28, 40, 35], hsv_upper=[95, 255, 255][0m
[INFO] [1784186487.171927397] [orange_hurdle_jump_test]: [0;33m未检测到有效橘色横栏: candidates=0, frame=274, mask_px=1813, contours=7, largest=area:1012,box:19x118,aspect:0.16,reject:area+width+aspect, hsv_lower=[28, 40, 35], hsv_upper=[95, 255, 255][0m
[INFO] [1784186487.372852031] [orange_hurdle_jump_test]: [0;33m未检测到有效橘色横栏: candidates=0, frame=277, mask_px=2634, contours=12, largest=area:1421,box:22x107,aspect:0.21,reject:width+aspect, hsv_lower=[28, 40, 35], hsv_upper=[95, 255, 255][0m
[INFO] [1784186487.638519661] [orange_hurdle_jump_test]: [0;33m未检测到有效橘色横栏: candidates=0, frame=281, mask_px=1854, contours=9, largest=area:927,box:22x87,aspect:0.25,reject:area+width+aspect, hsv_lower=[28, 40, 35], hsv_upper=[95, 255, 255][0m
[INFO] [1784186487.839030427] [orange_hurdle_jump_test]: [0;33m未检测到有效橘色横栏: candidates=0, frame=284, mask_px=2206, contours=5, largest=area:750,box:24x73,aspect:0.33,reject:area+width+aspect, hsv_lower=[28, 40, 35], hsv_upper=[95, 255, 255][0m
[INFO] [1784186488.105845618] [orange_hurdle_jump_test]: [0;33m未检测到有效橘色横栏: candidates=0, frame=288, mask_px=1629, contours=7, largest=area:824,box:20x69,aspect:0.29,reject:area+width+aspect, hsv_lower=[28, 40, 35], hsv_upper=[95, 255, 255][0m
