[INFO] [1783734045.145679554] [slope_manager]: obstacle_manager inactive on startup: start_waypoint_index=1, stop_after_waypoint_index=-1
[INFO] [1783734062.118074997] [slope_manager]: [1;35m发布模式: 7 (未知模式)[0m
[INFO] [1783734062.118575199] [slope_manager]: [1;35m发布上坡步长滤波: True[0m
[INFO] [1783734062.119013969] [slope_manager]: [1;35m发布路径修正profile: 0 (0=关闭, 1=普通, 2=上坡强修正, 3=强修正符号验证)[0m
[INFO] [1783734062.119478805] [slope_manager]: 启动时继承上一 waypoint 段状态: source=small_ramp_entry, mode=7, uphill_step_floor=True, path_correction_profile=0, mode_source=inherited_segment_mode_override
[INFO] [1783734062.119944421] [slope_manager]: obstacle_manager activated: reason=external_topic, start_waypoint_index=1, stop_after_waypoint_index=-1, inherit_previous_waypoint_segment_state=True
[INFO] [1783734062.126729315] [slope_manager]: 解析机身相对 waypoint[1]=platform_center: source=(0.033,1.832,0.1deg), anchor=(0.033,1.832,startup_fallback_locked_yaw:small_ramp_entry, ref_frame=camera_init), body_offset=(forward=1.730, left=-0.030, pose_x_switch=near_right pose_x=0.033 matched(x>=0.000 and x<=0.050)), yaw_mode=previous_target, yaw_delta=0.0deg, ref_yaw_source=previous_target, ref_yaw=0.0deg, target=(0.063,3.562,0.0deg), frame=camera_init
[INFO] [1783734062.127333674] [slope_manager]: [1;36m发送目标点[2/18](attempt=1): platform_center -> x=0.063, y=3.562, yaw=0.0° (body_relative forward=1.730, left=-0.030, yaw_mode=previous_target, yaw_delta=0.0°, source=(0.033,1.832,0.1°), anchor=(0.033,1.832,startup_fallback_locked_yaw:small_ramp_entry, ref_frame=camera_init), ref_yaw_source=previous_target, ref_yaw=0.0°), frame=camera_init, 到点后锁存模式=0, note=平台中心接近点：这一段先只管到位置，到点后额外停 0.3 秒稳住机身，再由下一个同点位转向点完成 90 度自旋。[0m
[INFO] [1783734062.226521206] [slope_manager]: [0;94mwaypoint=2/18 platform_center dist=1.708m, min_dist=1.695m, yaw_err=1.7deg, pose=(0.031,1.855), goal=(0.063,3.562), pose_frame=camera_init, goal_frame=camera_init, line_progress=0.023/1.730m (1%), line_remaining=1.708m, line_lateral=-0.002m[0m
[INFO] [1783734063.326575953] [slope_manager]: [0;94mwaypoint=2/18 platform_center dist=1.415m, min_dist=1.413m, yaw_err=3.4deg, pose=(0.061,2.147), goal=(0.063,3.562), pose_frame=camera_init, goal_frame=camera_init, line_progress=0.315/1.730m (18%), line_remaining=1.415m, line_lateral=0.023m[0m
[INFO] [1783734064.326672884] [slope_manager]: [0;94mwaypoint=2/18 platform_center dist=1.085m, min_dist=1.085m, yaw_err=3.1deg, pose=(0.080,2.477), goal=(0.063,3.562), pose_frame=camera_init, goal_frame=camera_init, line_progress=0.645/1.730m (37%), line_remaining=1.085m, line_lateral=0.037m[0m
[INFO] [1783734065.426959459] [slope_manager]: [0;94mwaypoint=2/18 platform_center dist=0.593m, min_dist=0.593m, yaw_err=3.2deg, pose=(0.115,2.972), goal=(0.063,3.562), pose_frame=camera_init, goal_frame=camera_init, line_progress=1.140/1.730m (66%), line_remaining=0.590m, line_lateral=0.063m[0m
[INFO] [1783734066.344006708] [slope_manager]: [1;32m到点成功: waypoint[1]=platform_center, dist=0.380, min_dist=0.380, yaw_err=2.9deg, reason=distance_tolerance[0m
[INFO] [1783734066.344370889] [slope_manager]: [1;35m发布模式: 0 (正常行走)[0m
[INFO] [1783734066.344691796] [slope_manager]: [1;35m发布上坡步长滤波: False[0m
[INFO] [1783734066.345012917] [slope_manager]: [1;35m发布路径修正profile: 0 (0=关闭, 1=普通, 2=上坡强修正, 3=强修正符号验证)[0m
[INFO] [1783734066.345293981] [slope_manager]: [1;32m已到达 waypoint[1]=platform_center，切换模式为 0 (正常行走)，上坡滤波=False，路径修正profile=0，并锁存到下一个 waypoint。[0m
[INFO] [1783734066.345592165] [slope_manager]: waypoint[1]=platform_center 到点后等待 0.30s，再切换到下一个目标。
[INFO] [1783734066.646218888] [slope_manager]: [1;36m切换到下一个 waypoint: 3 / 18[0m
[INFO] [1783734066.646759279] [slope_manager]: 解析机身相对 waypoint[2]=platform_center_spin: source=(0.147,3.254,-2.3deg), anchor=(0.147,3.254,current_pose), body_offset=(forward=0.000, left=0.000), yaw_mode=previous_target_delta, yaw_delta=83.0deg, ref_yaw_source=current, ref_yaw=-2.3deg, target=(0.147,3.254,83.0deg), frame=camera_init
[INFO] [1783734066.647257561] [slope_manager]: [1;36m发送直驱覆盖点[3/18](attempt=1): platform_center_spin -> x=0.147, y=3.254, yaw=83.0° (body_relative forward=0.000, left=0.000, yaw_mode=previous_target_delta, yaw_delta=83.0°, source=(0.147,3.254,-2.3°), anchor=(0.147,3.254,current_pose), ref_yaw_source=current, ref_yaw=-2.3°), frame=camera_init, override=[6,-0.400,0.500], 到点后锁存模式=2, note=普通平台中心原地转向点：位置基本不变，转到 +83 度附近后再继续；mode=6 实机对对称反向步敏感，使用非对称模板避免反向/抽搐。[0m
[INFO] [1783734066.726599647] [slope_manager]: [0;94mwaypoint=3/18 platform_center_spin dist=0.053m, min_dist=0.019m, yaw_err=85.1deg, pose=(0.139,3.306), goal=(0.147,3.254), pose_frame=camera_init, goal_frame=camera_init, override=[6,-0.400,0.500][0m
[INFO] [1783734067.726603551] [slope_manager]: [0;94mwaypoint=3/18 platform_center_spin dist=0.107m, min_dist=0.019m, yaw_err=27.9deg, pose=(0.044,3.283), goal=(0.147,3.254), pose_frame=camera_init, goal_frame=camera_init, override=[6,-0.400,0.500][0m
[INFO] [1783734068.181744098] [slope_manager]: [1;32m到点成功: waypoint[2]=platform_center_spin, dist=0.119, min_dist=0.019, yaw_err=2.6deg, reason=distance_tolerance[0m
[INFO] [1783734068.182287391] [slope_manager]: [1;35m发布模式: 2 (趴下)[0m
[INFO] [1783734068.182624856] [slope_manager]: [1;35m发布上坡步长滤波: False[0m
[INFO] [1783734068.183215211] [slope_manager]: [1;35m发布路径修正profile: 0 (0=关闭, 1=普通, 2=上坡强修正, 3=强修正符号验证)[0m
[INFO] [1783734068.183694092] [slope_manager]: [1;32m已到达 waypoint[2]=platform_center_spin，切换模式为 2 (趴下)，上坡滤波=False，路径修正profile=0，并锁存到下一个 waypoint。[0m
[INFO] [1783734068.184127127] [slope_manager]: waypoint[2]=platform_center_spin 到点后立即执行额外动作序列。
[INFO] [1783734068.184528833] [slope_manager]: [1;35m发布模式: 2 (趴下)[0m
[INFO] [1783734068.185108003] [slope_manager]: [0;94m执行到点后额外动作: waypoint=platform_center_spin, mode=2 (趴下), hold=1.00s, override=[2,0.000,0.000], note=平台自旋到点后先用低速 [2,0.2,0.2] 进入趴下，避免残留 /cmd_vel yaw 在切到 wall_jump_prep 前继续转动。[0m
[INFO] [1783734069.186004552] [slope_manager]: [1;36m切换到下一个 waypoint: 4 / 18[0m
[INFO] [1783734069.186635301] [slope_manager]: 解析机身相对 waypoint[3]=crouch_yaw_settle: source=(-0.001,3.232,86.1deg), anchor=(-0.001,3.232,current_pose), body_offset=(forward=0.000, left=0.000), yaw_mode=absolute, yaw_delta=0.0deg, ref_yaw_source=target_yaw, ref_yaw=92.0deg, target=(-0.001,3.232,92.0deg), frame=camera_init
[INFO] [1783734069.187326723] [slope_manager]: [1;36m发送直驱覆盖点[4/18](attempt=1): crouch_yaw_settle -> x=-0.001, y=3.232, yaw=92.0° (body_relative forward=0.000, left=0.000, yaw_mode=absolute, yaw_delta=0.0°, source=(-0.001,3.232,86.1°), anchor=(-0.001,3.232,current_pose), ref_yaw_source=target_yaw, ref_yaw=92.0°), frame=camera_init, override=[2,-0.250,0.650], yaw_corr=0.450,yaw_err=5.9deg, 到点后锁存模式=2, note=趴下前先低速强回正；10deg 左右 yaw_err 会把 [2,0.20,0.20] 修成约 [2,-0.25,0.65] 或反向，收准后再进入 wall_jump_prep。[0m
[INFO] [1783734069.227328437] [slope_manager]: [0;94mwaypoint=4/18 crouch_yaw_settle dist=0.000m, min_dist=0.000m, yaw_err=5.9deg, pose=(-0.001,3.232), goal=(-0.001,3.232), pose_frame=camera_init, goal_frame=camera_init, override=[2,-0.250,0.650], yaw_corr=0.450,yaw_err=5.9deg[0m
[INFO] [1783734070.229149764] [slope_manager]: [0;94mwaypoint=4/18 crouch_yaw_settle dist=0.188m, min_dist=0.000m, yaw_err=5.9deg, pose=(-0.189,3.238), goal=(-0.001,3.232), pose_frame=camera_init, goal_frame=camera_init, override=[2,-0.250,0.650], yaw_corr=0.450,yaw_err=5.9deg[0m
[INFO] [1783734071.326815703] [slope_manager]: [0;94mwaypoint=4/18 crouch_yaw_settle dist=0.212m, min_dist=0.000m, yaw_err=5.2deg, pose=(-0.213,3.230), goal=(-0.001,3.232), pose_frame=camera_init, goal_frame=camera_init, override=[2,-0.248,0.648], yaw_corr=0.448,yaw_err=5.2deg[0m
[INFO] [1783734072.084832328] [slope_manager]: [1;32m到点成功: waypoint[3]=crouch_yaw_settle, dist=0.245, min_dist=0.000, yaw_err=2.9deg, reason=distance_tolerance[0m
[INFO] [1783734072.085296300] [slope_manager]: [1;35m发布模式: 2 (趴下)[0m
[INFO] [1783734072.085760025] [slope_manager]: [1;35m发布上坡步长滤波: False[0m
[INFO] [1783734072.086154826] [slope_manager]: [1;35m发布路径修正profile: 0 (0=关闭, 1=普通, 2=上坡强修正, 3=强修正符号验证)[0m
[INFO] [1783734072.086559419] [slope_manager]: [1;32m已到达 waypoint[3]=crouch_yaw_settle，切换模式为 2 (趴下)，上坡滤波=False，路径修正profile=0，并锁存到下一个 waypoint。[0m
[INFO] [1783734072.087011001] [slope_manager]: waypoint[3]=crouch_yaw_settle 到点后等待 0.30s，再切换到下一个目标。
[INFO] [1783734072.387684384] [slope_manager]: [1;35m发布模式: 2 (趴下)[0m
[INFO] [1783734072.388248465] [slope_manager]: waypoint[3]=crouch_yaw_settle 启用局部定位稳定门控：expected=(-0.001,3.232), 需要连续稳定 0.25s 后再切换到下一个目标。
[INFO] [1783734072.438985058] [slope_manager]: 等待局部定位稳定: waypoint[3]=crouch_yaw_settle, pose=(-0.247,3.233), expected=(-0.001,3.232), err=0.246/0.300m, bounds_ok=True, yaw_ok=True, stable=0.05/0.25s
[INFO] [1783734072.640365271] [slope_manager]: 局部定位稳定门控通过: waypoint[3]=crouch_yaw_settle, pose=(-0.262,3.234), expected=(-0.001,3.232), err=0.261m, stable=0.25s。
[INFO] [1783734072.640944147] [slope_manager]: [1;36m切换到下一个 waypoint: 5 / 18[0m
[INFO] [1783734072.641596022] [slope_manager]: 解析机身相对 waypoint[4]=wall_jump_prep: source=(-0.262,3.234,88.5deg), anchor=(-0.246,3.235,previous_arrival:crouch_yaw_settle), body_offset=(forward=4.100, previous_pose_x_switch=near_right source=platform_center[1], left=-0.050, left_previous_pose_x_switch=near_right source=platform_center[1]), yaw_mode=absolute, yaw_delta=0.0deg, ref_yaw_source=target_yaw, ref_yaw=92.0deg, target=(-4.345,3.142,92.0deg), frame=camera_init
[INFO] [1783734072.642328356] [slope_manager]: [1;35m发布路径修正profile: 0 (0=关闭, 1=普通, 2=上坡强修正, 3=强修正符号验证)[0m
[INFO] [1783734072.642988836] [slope_manager]: [1;36m发送直驱覆盖点[5/18](attempt=1): wall_jump_prep -> x=-4.345, y=3.142, yaw=92.0° (body_relative forward=4.100, left=-0.050, yaw_mode=absolute, yaw_delta=0.0°, source=(-0.262,3.234,88.5°), anchor=(-0.246,3.235,previous_arrival:crouch_yaw_settle), ref_yaw_source=target_yaw, ref_yaw=92.0°), frame=camera_init, path_reference=/serial_path_reference, override=[2,1.000,1.000], 到点后锁存模式=2, note=第4点：这一段不走 Nav2，直接固定发送 mode=2,left=1,right=1 趴下前进，并给串口桥参考线做横向/yaw 修正。到点后先趴下停止，再站立停止；本版本不执行 mode=3 小跳，直接推进到第5个自旋点。rollback: 恢复 post_arrival_mode_sequence 中注释的小跳两段。[0m
[INFO] [1783734072.643914194] [slope_manager]: AprilTag TF update: waypoint[4]=wall_jump_prep, tf=camera_color_optical_frame->base, xyz=(-0.157,0.052,4.536), rpy=(-172.1,-19.2,-3.4)deg, stamp_lag_at_rx=0.08s, stale_limit=0.80s
[INFO] [1783734072.726869512] [slope_manager]: [0;94mwaypoint=5/18 wall_jump_prep dist=4.084m, min_dist=4.081m, yaw_err=3.4deg, pose=(-0.263,3.242), goal=(-4.345,3.142), pose_frame=camera_init, goal_frame=camera_init, line_progress=0.001/4.085m (0%), line_remaining=4.084m, line_lateral=0.008m, apriltag_gate=blocked:z_gate(filtered_z=4.574m>0.700m, below=0/2<1, raw_z=4.612m, filtered_z=4.574m, threshold=0.700m, below=0/2, required=1/3, tf=camera_color_optical_frame->base, stamp_age=0.10s, stamp_lag_at_rx=0.08s), override=[2,1.000,1.000][0m
[INFO] [1783734073.226774891] [slope_manager]: direct_step yaw recovery 触发: waypoint[4]=wall_jump_prep, yaw_err=4.5deg >= 3.0deg, lat=-0.007m, progress=0.01。暂停基准线修正，只做趴下姿态回正。
[INFO] [1783734073.710821280] [slope_manager]: AprilTag TF update: waypoint[4]=wall_jump_prep, tf=camera_color_optical_frame->base, xyz=(-0.092,0.055,4.598), rpy=(177.1,-13.1,-3.5)deg, stamp_lag_at_rx=0.08s, stale_limit=0.80s
[INFO] [1783734073.727270657] [slope_manager]: [0;94mwaypoint=5/18 wall_jump_prep dist=4.030m, min_dist=4.003m, yaw_err=2.7deg, pose=(-0.316,3.223), goal=(-4.345,3.142), pose_frame=camera_init, goal_frame=camera_init, line_progress=0.055/4.085m (1%), line_remaining=4.030m, line_lateral=-0.009m, apriltag_gate=blocked:z_gate(filtered_z=4.558m>0.700m, below=0/3<1, raw_z=4.598m, filtered_z=4.558m, threshold=0.700m, below=0/3, required=1/3, tf=camera_color_optical_frame->base, stamp_age=0.10s, stamp_lag_at_rx=0.08s), override=[2,-0.038,0.038], yaw_recovery=active,yaw_err=2.7deg,turn=0.038,lat=-0.009,progress=0.01[0m
[INFO] [1783734074.126601646] [slope_manager]: direct_step yaw recovery 完成: waypoint[4]=wall_jump_prep, yaw_err=1.9deg <= 2.0deg，恢复基准线修正。
[INFO] [1783734074.727749868] [slope_manager]: [0;94mwaypoint=5/18 wall_jump_prep dist=4.070m, min_dist=4.003m, yaw_err=1.0deg, pose=(-0.276,3.216), goal=(-4.345,3.142), pose_frame=camera_init, goal_frame=camera_init, line_progress=0.015/4.085m (0%), line_remaining=4.070m, line_lateral=-0.017m, apriltag_gate=blocked:z_gate(filtered_z=4.532m>0.700m, below=0/3<1, raw_z=4.638m, filtered_z=4.532m, threshold=0.700m, below=0/3, required=1/3, tf=camera_color_optical_frame->base, stamp_age=0.43s, stamp_lag_at_rx=0.07s), override=[2,1.000,1.000][0m
[INFO] [1783734075.041973237] [slope_manager]: AprilTag TF update: waypoint[4]=wall_jump_prep, tf=camera_color_optical_frame->base, xyz=(0.180,0.026,4.545), rpy=(174.7,-10.2,-3.4)deg, stamp_lag_at_rx=0.08s, stale_limit=0.80s
[INFO] [1783734075.826809651] [slope_manager]: [0;94mwaypoint=5/18 wall_jump_prep dist=3.875m, min_dist=3.875m, yaw_err=1.1deg, pose=(-0.471,3.211), goal=(-4.345,3.142), pose_frame=camera_init, goal_frame=camera_init, line_progress=0.209/4.085m (5%), line_remaining=3.875m, line_lateral=-0.018m, apriltag_gate=blocked:z_gate(filtered_z=4.424m>0.700m, below=0/3<1, raw_z=4.440m, filtered_z=4.424m, threshold=0.700m, below=0/3, required=1/3, tf=camera_color_optical_frame->base, stamp_age=0.13s, stamp_lag_at_rx=0.07s), override=[2,1.000,1.000][0m
[INFO] [1783734076.043749195] [slope_manager]: AprilTag TF update: waypoint[4]=wall_jump_prep, tf=camera_color_optical_frame->base, xyz=(0.198,0.121,4.414), rpy=(-176.9,-10.9,-4.0)deg, stamp_lag_at_rx=0.08s, stale_limit=0.80s
[INFO] [1783734076.827101528] [slope_manager]: [0;94mwaypoint=5/18 wall_jump_prep dist=3.684m, min_dist=3.680m, yaw_err=1.1deg, pose=(-0.662,3.200), goal=(-4.345,3.142), pose_frame=camera_init, goal_frame=camera_init, line_progress=0.401/4.085m (10%), line_remaining=3.684m, line_lateral=-0.025m, apriltag_gate=blocked:z_gate(filtered_z=4.296m>0.700m, below=0/3<1, raw_z=4.276m, filtered_z=4.296m, threshold=0.700m, below=0/3, required=1/3, tf=camera_color_optical_frame->base, stamp_age=0.33s, stamp_lag_at_rx=0.08s), override=[2,1.000,1.000][0m
[INFO] [1783734077.110467983] [slope_manager]: AprilTag TF update: waypoint[4]=wall_jump_prep, tf=camera_color_optical_frame->base, xyz=(0.300,0.082,4.149), rpy=(-168.2,-11.8,-5.4)deg, stamp_lag_at_rx=0.08s, stale_limit=0.80s
[INFO] [1783734077.926801182] [slope_manager]: [0;94mwaypoint=5/18 wall_jump_prep dist=3.481m, min_dist=3.481m, yaw_err=2.3deg, pose=(-0.865,3.202), goal=(-4.345,3.142), pose_frame=camera_init, goal_frame=camera_init, line_progress=0.603/4.085m (15%), line_remaining=3.481m, line_lateral=-0.018m, apriltag_gate=blocked:z_gate(filtered_z=4.084m>0.700m, below=0/3<1, raw_z=4.042m, filtered_z=4.084m, threshold=0.700m, below=0/3, required=1/3, tf=camera_color_optical_frame->base, stamp_age=0.16s, stamp_lag_at_rx=0.08s), override=[2,1.000,1.000][0m
[INFO] [1783734078.174305392] [slope_manager]: AprilTag TF update: waypoint[4]=wall_jump_prep, tf=camera_color_optical_frame->base, xyz=(0.280,0.089,4.021), rpy=(-177.3,-6.0,-5.8)deg, stamp_lag_at_rx=0.07s, stale_limit=0.80s
[INFO] [1783734079.027048114] [slope_manager]: [0;94mwaypoint=5/18 wall_jump_prep dist=3.494m, min_dist=3.426m, yaw_err=2.9deg, pose=(-0.852,3.163), goal=(-4.345,3.142), pose_frame=camera_init, goal_frame=camera_init, line_progress=0.592/4.085m (14%), line_remaining=3.493m, line_lateral=-0.057m, apriltag_gate=blocked:z_gate(filtered_z=3.997m>0.700m, below=0/1<1, raw_z=3.997m, filtered_z=3.997m, threshold=0.700m, below=0/1, required=1/3, tf=camera_color_optical_frame->base, stamp_age=0.19s, stamp_lag_at_rx=0.07s), override=[2,1.000,1.000][0m
[INFO] [1783734079.176113362] [slope_manager]: AprilTag TF update: waypoint[4]=wall_jump_prep, tf=camera_color_optical_frame->base, xyz=(-0.047,0.177,4.046), rpy=(-177.1,-9.4,-2.8)deg, stamp_lag_at_rx=0.07s, stale_limit=0.80s
[INFO] [1783734079.826800312] [slope_manager]: direct_step yaw recovery 触发: waypoint[4]=wall_jump_prep, yaw_err=3.6deg >= 3.0deg, lat=-0.049m, progress=0.17。暂停基准线修正，只做趴下姿态回正。
[INFO] [1783734080.126673086] [slope_manager]: [0;94mwaypoint=5/18 wall_jump_prep dist=3.322m, min_dist=3.322m, yaw_err=3.5deg, pose=(-1.023,3.164), goal=(-4.345,3.142), pose_frame=camera_init, goal_frame=camera_init, line_progress=0.763/4.085m (19%), line_remaining=3.322m, line_lateral=-0.053m, apriltag_gate=blocked:z_gate(filtered_z=3.920m>0.700m, below=0/3<1, raw_z=3.880m, filtered_z=3.920m, threshold=0.700m, below=0/3, required=1/3, tf=camera_color_optical_frame->base, stamp_age=0.22s, stamp_lag_at_rx=0.07s), override=[2,-0.080,0.080], yaw_recovery=active,yaw_err=3.5deg,turn=0.080,lat=-0.053,progress=0.19[0m
[INFO] [1783734080.243306376] [slope_manager]: AprilTag TF update: waypoint[4]=wall_jump_prep, tf=camera_color_optical_frame->base, xyz=(0.002,0.126,3.874), rpy=(176.5,-8.5,-2.7)deg, stamp_lag_at_rx=0.07s, stale_limit=0.80s
[INFO] [1783734080.426524930] [slope_manager]: direct_step yaw recovery 完成: waypoint[4]=wall_jump_prep, yaw_err=2.0deg <= 2.0deg，恢复基准线修正。
[INFO] [1783734081.126683242] [slope_manager]: [0;94mwaypoint=5/18 wall_jump_prep dist=3.250m, min_dist=3.250m, yaw_err=1.3deg, pose=(-1.095,3.142), goal=(-4.345,3.142), pose_frame=camera_init, goal_frame=camera_init, line_progress=0.835/4.085m (20%), line_remaining=3.249m, line_lateral=-0.072m, apriltag_gate=blocked:z_gate(filtered_z=3.884m>0.700m, below=0/3<1, raw_z=3.812m, filtered_z=3.884m, threshold=0.700m, below=0/3, required=1/3, tf=camera_color_optical_frame->base, stamp_age=0.15s, stamp_lag_at_rx=0.07s), override=[2,1.000,1.000][0m
[INFO] [1783734081.245607128] [slope_manager]: AprilTag TF update: waypoint[4]=wall_jump_prep, tf=camera_color_optical_frame->base, xyz=(0.113,0.145,3.794), rpy=(-178.1,-6.2,-3.1)deg, stamp_lag_at_rx=0.07s, stale_limit=0.80s
[INFO] [1783734082.127021805] [slope_manager]: [0;94mwaypoint=5/18 wall_jump_prep dist=3.008m, min_dist=3.001m, yaw_err=0.4deg, pose=(-1.337,3.117), goal=(-4.345,3.142), pose_frame=camera_init, goal_frame=camera_init, line_progress=1.078/4.085m (26%), line_remaining=3.007m, line_lateral=-0.093m, apriltag_gate=blocked:z_gate(filtered_z=3.598m>0.700m, below=0/3<1, raw_z=3.593m, filtered_z=3.598m, threshold=0.700m, below=0/3, required=1/3, tf=camera_color_optical_frame->base, stamp_age=0.09s, stamp_lag_at_rx=0.07s), override=[2,1.000,1.000][0m
[INFO] [1783734082.312863291] [slope_manager]: AprilTag TF update: waypoint[4]=wall_jump_prep, tf=camera_color_optical_frame->base, xyz=(0.178,0.123,3.560), rpy=(177.4,-7.0,-2.7)deg, stamp_lag_at_rx=0.07s, stale_limit=0.80s
[INFO] [1783734083.127117012] [slope_manager]: [0;94mwaypoint=5/18 wall_jump_prep dist=2.849m, min_dist=2.849m, yaw_err=0.6deg, pose=(-1.497,3.138), goal=(-4.345,3.142), pose_frame=camera_init, goal_frame=camera_init, line_progress=1.237/4.085m (30%), line_remaining=2.848m, line_lateral=-0.067m, apriltag_gate=blocked:z_gate(filtered_z=3.476m>0.700m, below=0/3<1, raw_z=3.476m, filtered_z=3.476m, threshold=0.700m, below=0/3, required=1/3, tf=camera_color_optical_frame->base, stamp_age=0.29s, stamp_lag_at_rx=0.08s), override=[2,1.000,1.000][0m
[INFO] [1783734083.582625771] [slope_manager]: AprilTag TF update: waypoint[4]=wall_jump_prep, tf=camera_color_optical_frame->base, xyz=(-0.265,0.128,3.490), rpy=(-172.7,-19.3,-3.8)deg, stamp_lag_at_rx=0.07s, stale_limit=0.80s
[INFO] [1783734083.827963603] [slope_manager]: direct_step yaw recovery 触发: waypoint[4]=wall_jump_prep, yaw_err=7.6deg >= 3.0deg, lat=-0.089m, progress=0.28。暂停基准线修正，只做趴下姿态回正。
[INFO] [1783734084.127238398] [slope_manager]: [0;94mwaypoint=5/18 wall_jump_prep dist=2.931m, min_dist=2.849m, yaw_err=7.0deg, pose=(-1.415,3.110), goal=(-4.345,3.142), pose_frame=camera_init, goal_frame=camera_init, line_progress=1.156/4.085m (28%), line_remaining=2.929m, line_lateral=-0.097m, apriltag_gate=blocked:z_gate(filtered_z=3.472m>0.700m, below=0/3<1, raw_z=3.451m, filtered_z=3.472m, threshold=0.700m, below=0/3, required=1/3, tf=camera_color_optical_frame->base, stamp_age=0.09s, stamp_lag_at_rx=0.07s), override=[2,-0.240,0.240], yaw_recovery=active,yaw_err=7.0deg,turn=0.240,lat=-0.097,progress=0.28[0m
[INFO] [1783734084.600085939] [slope_manager]: AprilTag TF update: waypoint[4]=wall_jump_prep, tf=camera_color_optical_frame->base, xyz=(-0.152,0.111,3.440), rpy=(-165.5,-15.8,-5.1)deg, stamp_lag_at_rx=0.09s, stale_limit=0.80s
[INFO] [1783734085.128345779] [slope_manager]: [0;94mwaypoint=5/18 wall_jump_prep dist=2.905m, min_dist=2.849m, yaw_err=5.5deg, pose=(-1.440,3.121), goal=(-4.345,3.142), pose_frame=camera_init, goal_frame=camera_init, line_progress=1.181/4.085m (29%), line_remaining=2.904m, line_lateral=-0.087m, apriltag_gate=blocked:z_gate(filtered_z=3.454m>0.700m, below=0/3<1, raw_z=3.440m, filtered_z=3.454m, threshold=0.700m, below=0/3, required=1/3, tf=camera_color_optical_frame->base, stamp_age=0.15s, stamp_lag_at_rx=0.09s), override=[2,-0.186,0.186], yaw_recovery=active,yaw_err=5.5deg,turn=0.186,lat=-0.087,progress=0.29[0m
[INFO] [1783734085.664972529] [slope_manager]: AprilTag TF update: waypoint[4]=wall_jump_prep, tf=camera_color_optical_frame->base, xyz=(-0.010,0.124,3.442), rpy=(176.3,-7.4,-3.7)deg, stamp_lag_at_rx=0.09s, stale_limit=0.80s
[INFO] [1783734086.227411548] [slope_manager]: [0;94mwaypoint=5/18 wall_jump_prep dist=2.874m, min_dist=2.849m, yaw_err=2.3deg, pose=(-1.472,3.102), goal=(-4.345,3.142), pose_frame=camera_init, goal_frame=camera_init, line_progress=1.213/4.085m (30%), line_remaining=2.872m, line_lateral=-0.104m, apriltag_gate=blocked:z_gate(filtered_z=3.432m>0.700m, below=0/3<1, raw_z=3.404m, filtered_z=3.432m, threshold=0.700m, below=0/3, required=1/3, tf=camera_color_optical_frame->base, stamp_age=0.12s, stamp_lag_at_rx=0.08s), override=[2,-0.014,0.014], yaw_recovery=active,yaw_err=2.3deg,turn=0.014,lat=-0.104,progress=0.30[0m
[INFO] [1783734086.426682331] [slope_manager]: direct_step yaw recovery 完成: waypoint[4]=wall_jump_prep, yaw_err=1.5deg <= 2.0deg，恢复基准线修正。
[INFO] [1783734086.852299775] [slope_manager]: AprilTag TF update: waypoint[4]=wall_jump_prep, tf=camera_color_optical_frame->base, xyz=(0.204,0.082,3.386), rpy=(-173.2,-2.6,-2.0)deg, stamp_lag_at_rx=0.07s, stale_limit=0.80s
[INFO] [1783734087.326734164] [slope_manager]: [0;94mwaypoint=5/18 wall_jump_prep dist=2.754m, min_dist=2.747m, yaw_err=1.1deg, pose=(-1.592,3.082), goal=(-4.345,3.142), pose_frame=camera_init, goal_frame=camera_init, line_progress=1.333/4.085m (33%), line_remaining=2.752m, line_lateral=-0.122m, apriltag_gate=blocked:z_gate(filtered_z=3.335m>0.700m, below=0/3<1, raw_z=3.335m, filtered_z=3.335m, threshold=0.700m, below=0/3, required=1/3, tf=camera_color_optical_frame->base, stamp_age=0.15s, stamp_lag_at_rx=0.07s), override=[2,1.000,1.000][0m
[INFO] [1783734087.853587611] [slope_manager]: AprilTag TF update: waypoint[4]=wall_jump_prep, tf=camera_color_optical_frame->base, xyz=(0.210,0.107,3.227), rpy=(-179.7,-4.4,-3.3)deg, stamp_lag_at_rx=0.08s, stale_limit=0.80s
[INFO] [1783734088.329710998] [slope_manager]: [0;94mwaypoint=5/18 wall_jump_prep dist=2.560m, min_dist=2.560m, yaw_err=0.8deg, pose=(-1.787,3.061), goal=(-4.345,3.142), pose_frame=camera_init, goal_frame=camera_init, line_progress=1.529/4.085m (37%), line_remaining=2.556m, line_lateral=-0.138m, apriltag_gate=blocked:z_gate(filtered_z=3.163m>0.700m, below=0/3<1, raw_z=3.158m, filtered_z=3.163m, threshold=0.700m, below=0/3, required=1/3, tf=camera_color_optical_frame->base, stamp_age=0.22s, stamp_lag_at_rx=0.08s), override=[2,1.000,1.000][0m
[INFO] [1783734088.873228345] [slope_manager]: AprilTag TF update: waypoint[4]=wall_jump_prep, tf=camera_color_optical_frame->base, xyz=(0.233,0.146,3.090), rpy=(-169.6,0.6,-1.8)deg, stamp_lag_at_rx=0.09s, stale_limit=0.80s
[INFO] [1783734089.426989247] [slope_manager]: [0;94mwaypoint=5/18 wall_jump_prep dist=2.404m, min_dist=2.404m, yaw_err=0.9deg, pose=(-1.943,3.063), goal=(-4.345,3.142), pose_frame=camera_init, goal_frame=camera_init, line_progress=1.684/4.085m (41%), line_remaining=2.400m, line_lateral=-0.133m, apriltag_gate=blocked:z_gate(filtered_z=2.999m>0.700m, below=0/3<1, raw_z=2.968m, filtered_z=2.999m, threshold=0.700m, below=0/3, required=1/3, tf=camera_color_optical_frame->base, stamp_age=0.11s, stamp_lag_at_rx=0.09s), override=[2,1.000,1.000][0m
[INFO] [1783734089.935769466] [slope_manager]: AprilTag TF update: waypoint[4]=wall_jump_prep, tf=camera_color_optical_frame->base, xyz=(0.192,0.088,2.870), rpy=(161.3,22.3,-7.4)deg, stamp_lag_at_rx=0.09s, stale_limit=0.80s
[INFO] [1783734090.427295544] [slope_manager]: [0;94mwaypoint=5/18 wall_jump_prep dist=2.287m, min_dist=2.283m, yaw_err=0.2deg, pose=(-2.060,3.067), goal=(-4.345,3.142), pose_frame=camera_init, goal_frame=camera_init, line_progress=1.802/4.085m (44%), line_remaining=2.283m, line_lateral=-0.126m, apriltag_gate=blocked:z_gate(filtered_z=2.865m>0.700m, below=0/3<1, raw_z=2.847m, filtered_z=2.865m, threshold=0.700m, below=0/3, required=1/3, tf=camera_color_optical_frame->base, stamp_age=0.18s, stamp_lag_at_rx=0.08s), override=[2,1.000,1.000][0m
[INFO] [1783734091.002818269] [slope_manager]: AprilTag TF update: waypoint[4]=wall_jump_prep, tf=camera_color_optical_frame->base, xyz=(0.308,0.108,2.728), rpy=(-177.2,-3.0,-3.6)deg, stamp_lag_at_rx=0.09s, stale_limit=0.80s
[INFO] [1783734091.526716119] [slope_manager]: [0;94mwaypoint=5/18 wall_jump_prep dist=2.075m, min_dist=2.069m, yaw_err=1.8deg, pose=(-2.272,3.048), goal=(-4.345,3.142), pose_frame=camera_init, goal_frame=camera_init, line_progress=2.014/4.085m (49%), line_remaining=2.070m, line_lateral=-0.140m, apriltag_gate=blocked:z_gate(filtered_z=2.663m>0.700m, below=0/3<1, raw_z=2.629m, filtered_z=2.663m, threshold=0.700m, below=0/3, required=1/3, tf=camera_color_optical_frame->base, stamp_age=0.08s, stamp_lag_at_rx=0.07s), override=[2,1.000,1.000][0m
[INFO] [1783734092.122319603] [slope_manager]: AprilTag TF update: waypoint[4]=wall_jump_prep, tf=camera_color_optical_frame->base, xyz=(0.337,0.106,2.549), rpy=(-172.4,-0.9,-4.6)deg, stamp_lag_at_rx=0.07s, stale_limit=0.80s
[INFO] [1783734092.627239552] [slope_manager]: [0;94mwaypoint=5/18 wall_jump_prep dist=1.899m, min_dist=1.887m, yaw_err=2.8deg, pose=(-2.450,3.035), goal=(-4.345,3.142), pose_frame=camera_init, goal_frame=camera_init, line_progress=2.192/4.085m (54%), line_remaining=1.893m, line_lateral=-0.149m, apriltag_gate=blocked:z_gate(filtered_z=2.465m>0.700m, below=0/3<1, raw_z=2.438m, filtered_z=2.465m, threshold=0.700m, below=0/3, required=1/3, tf=camera_color_optical_frame->base, stamp_age=0.11s, stamp_lag_at_rx=0.08s), override=[2,1.000,1.000][0m
[INFO] [1783734093.124387373] [slope_manager]: AprilTag TF update: waypoint[4]=wall_jump_prep, tf=camera_color_optical_frame->base, xyz=(0.380,0.073,2.404), rpy=(176.4,0.4,-5.1)deg, stamp_lag_at_rx=0.07s, stale_limit=0.80s
[INFO] [1783734093.727479570] [slope_manager]: [0;94mwaypoint=5/18 wall_jump_prep dist=1.774m, min_dist=1.774m, yaw_err=2.8deg, pose=(-2.575,3.033), goal=(-4.345,3.142), pose_frame=camera_init, goal_frame=camera_init, line_progress=2.317/4.085m (57%), line_remaining=1.768m, line_lateral=-0.149m, apriltag_gate=blocked:z_gate(filtered_z=2.355m>0.700m, below=0/3<1, raw_z=2.335m, filtered_z=2.355m, threshold=0.700m, below=0/3, required=1/3, tf=camera_color_optical_frame->base, stamp_age=0.14s, stamp_lag_at_rx=0.07s), override=[2,1.000,1.000][0m
[INFO] [1783734094.128393312] [slope_manager]: AprilTag TF update: waypoint[4]=wall_jump_prep, tf=camera_color_optical_frame->base, xyz=(0.369,0.108,2.261), rpy=(-180.0,0.5,-4.2)deg, stamp_lag_at_rx=0.08s, stale_limit=0.80s
[INFO] [1783734094.726759740] [slope_manager]: direct_step yaw recovery 触发: waypoint[4]=wall_jump_prep, yaw_err=4.6deg >= 3.0deg, lat=-0.168m, progress=0.60。暂停基准线修正，只做趴下姿态回正。
[INFO] [1783734094.727495544] [slope_manager]: [0;94mwaypoint=5/18 wall_jump_prep dist=1.627m, min_dist=1.617m, yaw_err=4.6deg, pose=(-2.724,3.011), goal=(-4.345,3.142), pose_frame=camera_init, goal_frame=camera_init, line_progress=2.467/4.085m (60%), line_remaining=1.618m, line_lateral=-0.168m, apriltag_gate=blocked:z_gate(filtered_z=2.199m>0.700m, below=0/3<1, raw_z=2.107m, filtered_z=2.199m, threshold=0.700m, below=0/3, required=1/3, tf=camera_color_optical_frame->base, stamp_age=0.21s, stamp_lag_at_rx=0.08s), override=[2,0.136,-0.136], yaw_recovery=active,yaw_err=-4.6deg,turn=0.136,lat=-0.168,progress=0.60[0m
[INFO] [1783734095.205880911] [slope_manager]: AprilTag TF update: waypoint[4]=wall_jump_prep, tf=camera_color_optical_frame->base, xyz=(0.388,0.104,2.132), rpy=(-174.8,3.3,-2.9)deg, stamp_lag_at_rx=0.09s, stale_limit=0.80s
[INFO] [1783734095.527258977] [slope_manager]: direct_step yaw recovery 完成: waypoint[4]=wall_jump_prep, yaw_err=2.0deg <= 2.0deg，恢复基准线修正。
[INFO] [1783734095.827024433] [slope_manager]: [0;94mwaypoint=5/18 wall_jump_prep dist=1.532m, min_dist=1.521m, yaw_err=4.5deg, pose=(-2.820,2.996), goal=(-4.345,3.142), pose_frame=camera_init, goal_frame=camera_init, line_progress=2.563/4.085m (63%), line_remaining=1.522m, line_lateral=-0.180m, apriltag_gate=blocked:z_gate(filtered_z=2.115m>0.700m, below=0/3<1, raw_z=2.102m, filtered_z=2.115m, threshold=0.700m, below=0/3, required=1/3, tf=camera_color_optical_frame->base, stamp_age=0.17s, stamp_lag_at_rx=0.07s), override=[2,1.000,1.000][0m
[INFO] [1783734096.263462152] [slope_manager]: AprilTag TF update: waypoint[4]=wall_jump_prep, tf=camera_color_optical_frame->base, xyz=(0.410,0.101,1.988), rpy=(166.7,12.5,-3.3)deg, stamp_lag_at_rx=0.08s, stale_limit=0.80s
[INFO] [1783734096.327233003] [slope_manager]: direct_step yaw recovery 触发: waypoint[4]=wall_jump_prep, yaw_err=3.8deg >= 3.0deg, lat=-0.169m, progress=0.65。暂停基准线修正，只做趴下姿态回正。
[INFO] [1783734096.927385347] [slope_manager]: [0;94mwaypoint=5/18 wall_jump_prep dist=1.396m, min_dist=1.388m, yaw_err=2.6deg, pose=(-2.957,2.999), goal=(-4.345,3.142), pose_frame=camera_init, goal_frame=camera_init, line_progress=2.700/4.085m (66%), line_remaining=1.385m, line_lateral=-0.174m, apriltag_gate=blocked:z_gate(filtered_z=1.939m>0.700m, below=0/3<1, raw_z=1.939m, filtered_z=1.939m, threshold=0.700m, below=0/3, required=1/3, tf=camera_color_optical_frame->base, stamp_age=0.14s, stamp_lag_at_rx=0.08s), override=[2,0.033,-0.033], yaw_recovery=active,yaw_err=-2.6deg,turn=0.033,lat=-0.174,progress=0.66[0m
[INFO] [1783734097.026615288] [slope_manager]: direct_step yaw recovery 完成: waypoint[4]=wall_jump_prep, yaw_err=1.8deg <= 2.0deg，恢复基准线修正。
[INFO] [1783734097.465087995] [slope_manager]: AprilTag TF update: waypoint[4]=wall_jump_prep, tf=camera_color_optical_frame->base, xyz=(0.276,0.084,1.922), rpy=(177.0,0.3,-3.2)deg, stamp_lag_at_rx=0.08s, stale_limit=0.80s
[INFO] [1783734097.927687101] [slope_manager]: [0;94mwaypoint=5/18 wall_jump_prep dist=1.294m, min_dist=1.294m, yaw_err=0.3deg, pose=(-3.059,3.003), goal=(-4.345,3.142), pose_frame=camera_init, goal_frame=camera_init, line_progress=2.802/4.085m (69%), line_remaining=1.283m, line_lateral=-0.168m, apriltag_gate=blocked:z_gate(filtered_z=1.870m>0.700m, below=0/3<1, raw_z=1.856m, filtered_z=1.870m, threshold=0.700m, below=0/3, required=1/3, tf=camera_color_optical_frame->base, stamp_age=0.14s, stamp_lag_at_rx=0.07s), override=[2,1.000,1.000][0m
[INFO] [1783734098.661838993] [slope_manager]: AprilTag TF update: waypoint[4]=wall_jump_prep, tf=camera_color_optical_frame->base, xyz=(0.353,0.085,1.784), rpy=(175.6,0.6,-1.7)deg, stamp_lag_at_rx=0.07s, stale_limit=0.80s
[INFO] [1783734098.928101709] [slope_manager]: [0;94mwaypoint=5/18 wall_jump_prep dist=1.258m, min_dist=1.198m, yaw_err=6.8deg, pose=(-3.092,3.027), goal=(-4.345,3.142), pose_frame=camera_init, goal_frame=camera_init, line_progress=2.835/4.085m (69%), line_remaining=1.250m, line_lateral=-0.143m, apriltag_gate=blocked:z_gate(filtered_z=1.804m>0.700m, below=0/3<1, raw_z=1.804m, filtered_z=1.804m, threshold=0.700m, below=0/3, required=1/3, tf=camera_color_optical_frame->base, stamp_age=0.21s, stamp_lag_at_rx=0.08s), override=[2,1.000,1.000][0m
[INFO] [1783734099.327151750] [slope_manager]: direct_step yaw recovery 触发: waypoint[4]=wall_jump_prep, yaw_err=6.2deg >= 3.0deg, lat=-0.158m, progress=0.71。暂停基准线修正，只做趴下姿态回正。
[INFO] [1783734099.662063657] [slope_manager]: AprilTag TF update: waypoint[4]=wall_jump_prep, tf=camera_color_optical_frame->base, xyz=(0.431,0.098,1.668), rpy=(-178.7,6.8,-2.8)deg, stamp_lag_at_rx=0.07s, stale_limit=0.80s
[INFO] [1783734099.928480690] [slope_manager]: [0;94mwaypoint=5/18 wall_jump_prep dist=1.154m, min_dist=1.150m, yaw_err=4.3deg, pose=(-3.201,2.994), goal=(-4.345,3.142), pose_frame=camera_init, goal_frame=camera_init, line_progress=2.944/4.085m (72%), line_remaining=1.141m, line_lateral=-0.173m, apriltag_gate=blocked:z_gate(filtered_z=1.667m>0.700m, below=0/3<1, raw_z=1.709m, filtered_z=1.667m, threshold=0.700m, below=0/3, required=1/3, tf=camera_color_optical_frame->base, stamp_age=0.14s, stamp_lag_at_rx=0.08s), override=[2,0.121,-0.121], yaw_recovery=active,yaw_err=-4.3deg,turn=0.121,lat=-0.173,progress=0.72[0m
[INFO] [1783734100.663111925] [slope_manager]: AprilTag TF update: waypoint[4]=wall_jump_prep, tf=camera_color_optical_frame->base, xyz=(0.347,0.088,1.651), rpy=(178.6,7.2,-2.7)deg, stamp_lag_at_rx=0.07s, stale_limit=0.80s
[INFO] [1783734101.026906937] [slope_manager]: [0;94mwaypoint=5/18 wall_jump_prep dist=1.115m, min_dist=1.108m, yaw_err=2.7deg, pose=(-3.239,3.003), goal=(-4.345,3.142), pose_frame=camera_init, goal_frame=camera_init, line_progress=2.982/4.085m (73%), line_remaining=1.103m, line_lateral=-0.163m, apriltag_gate=blocked:z_gate(filtered_z=1.650m>0.700m, below=0/3<1, raw_z=1.650m, filtered_z=1.650m, threshold=0.700m, below=0/3, required=1/3, tf=camera_color_optical_frame->base, stamp_age=0.10s, stamp_lag_at_rx=0.08s), override=[2,0.039,-0.039], yaw_recovery=active,yaw_err=-2.7deg,turn=0.039,lat=-0.163,progress=0.73[0m
[INFO] [1783734101.667252166] [slope_manager]: AprilTag TF update: waypoint[4]=wall_jump_prep, tf=camera_color_optical_frame->base, xyz=(0.327,0.085,1.663), rpy=(176.4,4.6,-3.0)deg, stamp_lag_at_rx=0.08s, stale_limit=0.80s
[INFO] [1783734102.127463305] [slope_manager]: [0;94mwaypoint=5/18 wall_jump_prep dist=1.128m, min_dist=1.076m, yaw_err=2.5deg, pose=(-3.226,3.001), goal=(-4.345,3.142), pose_frame=camera_init, goal_frame=camera_init, line_progress=2.969/4.085m (73%), line_remaining=1.115m, line_lateral=-0.166m, apriltag_gate=blocked:z_gate(filtered_z=1.650m>0.700m, below=0/3<1, raw_z=1.714m, filtered_z=1.650m, threshold=0.700m, below=0/3, required=1/3, tf=camera_color_optical_frame->base, stamp_age=0.14s, stamp_lag_at_rx=0.07s), override=[2,0.024,-0.024], yaw_recovery=active,yaw_err=-2.5deg,turn=0.024,lat=-0.166,progress=0.73[0m
[WARN] [1783734102.427030650] [slope_manager]: [1;33mdirect_step yaw recovery 超时退出: waypoint[4]=wall_jump_prep, yaw_err=2.5deg, timeout=3.00s，恢复基准线趴走。[0m
[INFO] [1783734102.735014364] [slope_manager]: AprilTag TF update: waypoint[4]=wall_jump_prep, tf=camera_color_optical_frame->base, xyz=(0.368,0.086,1.667), rpy=(160.9,13.9,-4.0)deg, stamp_lag_at_rx=0.08s, stale_limit=0.80s
[INFO] [1783734103.226773821] [slope_manager]: [0;94mwaypoint=5/18 wall_jump_prep dist=1.044m, min_dist=1.034m, yaw_err=3.5deg, pose=(-3.313,2.986), goal=(-4.345,3.142), pose_frame=camera_init, goal_frame=camera_init, line_progress=3.056/4.085m (75%), line_remaining=1.029m, line_lateral=-0.179m, apriltag_gate=blocked:z_gate(filtered_z=1.583m>0.700m, below=0/3<1, raw_z=1.583m, filtered_z=1.583m, threshold=0.700m, below=0/3, required=1/3, tf=camera_color_optical_frame->base, stamp_age=0.10s, stamp_lag_at_rx=0.08s), override=[2,1.000,1.000][0m
[INFO] [1783734103.807166785] [slope_manager]: AprilTag TF update: waypoint[4]=wall_jump_prep, tf=camera_color_optical_frame->base, xyz=(0.214,0.122,1.448), rpy=(178.2,1.0,-2.4)deg, stamp_lag_at_rx=0.08s, stale_limit=0.80s
[INFO] [1783734104.226805969] [slope_manager]: [0;94mwaypoint=5/18 wall_jump_prep dist=0.834m, min_dist=0.834m, yaw_err=0.7deg, pose=(-3.523,3.008), goal=(-4.345,3.142), pose_frame=camera_init, goal_frame=camera_init, line_progress=3.265/4.085m (80%), line_remaining=0.819m, line_lateral=-0.153m, apriltag_gate=blocked:z_gate(filtered_z=1.413m>0.700m, below=0/3<1, raw_z=1.417m, filtered_z=1.413m, threshold=0.700m, below=0/3, required=1/3, tf=camera_color_optical_frame->base, stamp_age=0.10s, stamp_lag_at_rx=0.08s), override=[2,1.000,1.000][0m
[INFO] [1783734104.936010620] [slope_manager]: AprilTag TF update: waypoint[4]=wall_jump_prep, tf=camera_color_optical_frame->base, xyz=(0.226,0.094,1.319), rpy=(177.8,-4.0,-3.2)deg, stamp_lag_at_rx=0.08s, stale_limit=0.80s
[INFO] [1783734105.227779849] [slope_manager]: [0;94mwaypoint=5/18 wall_jump_prep dist=0.708m, min_dist=0.708m, yaw_err=0.1deg, pose=(-3.653,2.992), goal=(-4.345,3.142), pose_frame=camera_init, goal_frame=camera_init, line_progress=3.396/4.085m (83%), line_remaining=0.689m, line_lateral=-0.165m, apriltag_gate=blocked:z_gate(filtered_z=1.264m>0.700m, below=0/3<1, raw_z=1.276m, filtered_z=1.264m, threshold=0.700m, below=0/3, required=1/3, tf=camera_color_optical_frame->base, stamp_age=0.17s, stamp_lag_at_rx=0.08s), override=[2,1.000,1.000][0m
[INFO] [1783734105.939813426] [slope_manager]: AprilTag TF update: waypoint[4]=wall_jump_prep, tf=camera_color_optical_frame->base, xyz=(0.233,0.095,1.133), rpy=(174.9,-1.7,-3.6)deg, stamp_lag_at_rx=0.08s, stale_limit=0.80s
[INFO] [1783734106.327512625] [slope_manager]: [0;94mwaypoint=5/18 wall_jump_prep dist=0.553m, min_dist=0.542m, yaw_err=1.3deg, pose=(-3.810,3.004), goal=(-4.345,3.142), pose_frame=camera_init, goal_frame=camera_init, line_progress=3.552/4.085m (87%), line_remaining=0.532m, line_lateral=-0.149m, apriltag_gate=blocked:z_gate(filtered_z=1.124m>0.700m, below=0/3<1, raw_z=1.091m, filtered_z=1.124m, threshold=0.700m, below=0/3, required=1/3, tf=camera_color_optical_frame->base, stamp_age=0.13s, stamp_lag_at_rx=0.08s), override=[2,1.000,1.000][0m
[INFO] [1783734107.002720338] [slope_manager]: AprilTag TF update: waypoint[4]=wall_jump_prep, tf=camera_color_optical_frame->base, xyz=(0.234,0.124,0.959), rpy=(175.4,-0.3,-2.5)deg, stamp_lag_at_rx=0.08s, stale_limit=0.80s
[INFO] [1783734107.426710117] [slope_manager]: [0;94mwaypoint=5/18 wall_jump_prep dist=0.358m, min_dist=0.358m, yaw_err=0.7deg, pose=(-4.019,2.995), goal=(-4.345,3.142), pose_frame=camera_init, goal_frame=camera_init, line_progress=3.762/4.085m (92%), line_remaining=0.323m, line_lateral=-0.154m, apriltag_gate=blocked:z_gate(filtered_z=0.906m>0.700m, below=0/3<1, raw_z=0.906m, filtered_z=0.906m, threshold=0.700m, below=0/3, required=1/3, tf=camera_color_optical_frame->base, stamp_age=0.10s, stamp_lag_at_rx=0.07s), override=[2,1.000,1.000][0m
[INFO] [1783734108.069568887] [slope_manager]: AprilTag TF update: waypoint[4]=wall_jump_prep, tf=camera_color_optical_frame->base, xyz=(0.279,0.113,0.777), rpy=(169.2,7.7,-1.8)deg, stamp_lag_at_rx=0.07s, stale_limit=0.80s
[INFO] [1783734108.426871940] [slope_manager]: [0;94mwaypoint=5/18 wall_jump_prep dist=0.239m, min_dist=0.232m, yaw_err=1.9deg, pose=(-4.182,2.967), goal=(-4.345,3.142), pose_frame=camera_init, goal_frame=camera_init, line_progress=3.925/4.085m (96%), line_remaining=0.160m, line_lateral=-0.178m, apriltag_gate=blocked:z_gate(filtered_z=0.727m>0.700m, below=0/3<1, raw_z=0.705m, filtered_z=0.727m, threshold=0.700m, below=0/3, required=1/3, tf=camera_color_optical_frame->base, stamp_age=0.10s, stamp_lag_at_rx=0.08s), override=[2,1.000,1.000][0m
[INFO] [1783734108.680178552] [slope_manager]: [1;32m到点成功: waypoint[4]=wall_jump_prep, dist=0.207, min_dist=0.200, yaw_err=1.7deg, reason=apriltag_z_threshold(raw_z=0.662m, filtered_z=0.691m<=0.700m, below=2/3 required=1, hold=0.00s, stamp_age=0.08s, rx_age=0.01s, stamp_lag_at_rx=0.07s, tf=camera_color_optical_frame->base)[0m
[INFO] [1783734108.680652554] [slope_manager]: [1;35m发布模式: 2 (趴下)[0m
[INFO] [1783734108.681259033] [slope_manager]: [1;35m发布上坡步长滤波: False[0m
[INFO] [1783734108.681911075] [slope_manager]: [1;35m发布路径修正profile: 0 (0=关闭, 1=普通, 2=上坡强修正, 3=强修正符号验证)[0m
[INFO] [1783734108.682441753] [slope_manager]: [1;32m已到达 waypoint[4]=wall_jump_prep，切换模式为 2 (趴下)，上坡滤波=False，路径修正profile=0，并锁存到下一个 waypoint。[0m
[INFO] [1783734108.683206896] [slope_manager]: waypoint[4]=wall_jump_prep 到点后立即执行额外动作序列。
[INFO] [1783734108.684757006] [slope_manager]: [1;35m发布模式: 2 (趴下)[0m
[INFO] [1783734108.685493321] [slope_manager]: AprilTag 站立前距离过近，先后退保护: waypoint[4]=wall_jump_prep, z=0.662m < trigger=0.730m, target=0.730m, override=[2,-0.200,-0.200]。
[INFO] [1783734108.766768615] [slope_manager]: AprilTag 站立前后退中: z=0.635m, target=0.730m, elapsed=0.08/4.00s, override=[2,-0.200,-0.200]。
[INFO] [1783734109.071468406] [slope_manager]: AprilTag TF update: waypoint[4]=wall_jump_prep, tf=camera_color_optical_frame->base, xyz=(0.260,0.104,0.633), rpy=(-178.9,2.0,-2.9)deg, stamp_lag_at_rx=0.08s, stale_limit=0.80s
[INFO] [1783734109.089563540] [slope_manager]: AprilTag 站立前后退中: z=0.633m, target=0.730m, elapsed=0.41/4.00s, override=[2,-0.200,-0.200]。
[INFO] [1783734109.415685124] [slope_manager]: AprilTag 站立前后退中: z=0.638m, target=0.730m, elapsed=0.73/4.00s, override=[2,-0.200,-0.200]。
[INFO] [1783734109.738844178] [slope_manager]: AprilTag 站立前后退中: z=0.656m, target=0.730m, elapsed=1.05/4.00s, override=[2,-0.200,-0.200]。
[INFO] [1783734110.061917421] [slope_manager]: AprilTag 站立前后退中: z=0.666m, target=0.730m, elapsed=1.38/4.00s, override=[2,-0.200,-0.200]。
[INFO] [1783734110.072691640] [slope_manager]: AprilTag TF update: waypoint[4]=wall_jump_prep, tf=camera_color_optical_frame->base, xyz=(0.259,0.103,0.664), rpy=(-179.3,2.1,-3.3)deg, stamp_lag_at_rx=0.08s, stale_limit=0.80s
[INFO] [1783734110.385368828] [slope_manager]: AprilTag 站立前后退中: z=0.676m, target=0.730m, elapsed=1.70/4.00s, override=[2,-0.200,-0.200]。
[INFO] [1783734110.707710699] [slope_manager]: AprilTag 站立前后退中: z=0.687m, target=0.730m, elapsed=2.02/4.00s, override=[2,-0.200,-0.200]。
[INFO] [1783734111.032307947] [slope_manager]: AprilTag 站立前后退中: z=0.700m, target=0.730m, elapsed=2.35/4.00s, override=[2,-0.200,-0.200]。
[INFO] [1783734111.141470824] [slope_manager]: AprilTag TF update: waypoint[4]=wall_jump_prep, tf=camera_color_optical_frame->base, xyz=(0.247,0.105,0.709), rpy=(-178.6,-0.9,-2.7)deg, stamp_lag_at_rx=0.08s, stale_limit=0.80s
[INFO] [1783734111.356586956] [slope_manager]: AprilTag 站立前后退中: z=0.712m, target=0.730m, elapsed=2.67/4.00s, override=[2,-0.200,-0.200]。
[INFO] [1783734111.680032213] [slope_manager]: AprilTag 站立前后退中: z=0.726m, target=0.730m, elapsed=3.00/4.00s, override=[2,-0.200,-0.200]。
[INFO] [1783734111.841149429] [slope_manager]: AprilTag 站立前后退保护完成: z=0.734m >= target=0.730m, 继续执行站立序列。
[INFO] [1783734111.841486964] [slope_manager]: [1;35m发布模式: 2 (趴下)[0m
[INFO] [1783734111.841853019] [slope_manager]: [0;94m执行到点后额外动作: waypoint=wall_jump_prep, mode=2 (趴下), hold=1.00s, override=[2,0.000,0.000], note=趴下通过到点后先保持趴下停止 0.6 秒，固定发送 mode=2,left=0,right=0，避免直接站立导致机身晃动。[0m
[INFO] [1783734112.144917342] [slope_manager]: AprilTag TF update: waypoint[4]=wall_jump_prep, tf=camera_color_optical_frame->base, xyz=(0.242,0.104,0.732), rpy=(-180.0,2.0,-3.3)deg, stamp_lag_at_rx=0.08s, stale_limit=0.80s
[INFO] [1783734112.842546737] [slope_manager]: [1;35m发布模式: 0 (正常行走)[0m
[INFO] [1783734112.843169056] [slope_manager]: [0;94m执行到点后额外动作: waypoint=wall_jump_prep, mode=0 (正常行走), hold=1.50s, override=[0,0.000,0.000], note=趴下停稳后原地站立 1.跳5 秒，固定发送 mode=0,left=0,right=0；本版本不跳，随后直接进入第5点自旋。[0m
[INFO] [1783734113.146547484] [slope_manager]: AprilTag TF update: waypoint[4]=wall_jump_prep, tf=camera_color_optical_frame->base, xyz=(0.251,0.116,0.737), rpy=(-178.4,0.6,-4.1)deg, stamp_lag_at_rx=0.08s, stale_limit=0.80s
[INFO] [1783734114.275460561] [slope_manager]: AprilTag TF update: waypoint[4]=wall_jump_prep, tf=camera_color_optical_frame->base, xyz=(0.305,0.212,0.741), rpy=(178.9,5.9,-4.0)deg, stamp_lag_at_rx=0.08s, stale_limit=0.80s
[INFO] [1783734114.344358670] [slope_manager]: [1;35m发布模式: 0 (正常行走)[0m
[INFO] [1783734114.345110728] [slope_manager]: waypoint[4]=wall_jump_prep 启用局部定位稳定门控：expected=(-4.151,2.964), 需要连续稳定 0.30s 后再切换到下一个目标。
[INFO] [1783734114.396082515] [slope_manager]: 等待局部定位稳定: waypoint[4]=wall_jump_prep, pose=(-4.147,2.958), expected=(-4.147,2.958), err=0.000/0.400m, bounds_ok=True, yaw_ok=True, stable=0.05/0.30s
[INFO] [1783734114.698938550] [slope_manager]: 局部定位稳定门控通过: waypoint[4]=wall_jump_prep, pose=(-4.155,2.976), expected=(-4.155,2.976), err=0.000m, stable=0.35s。
[INFO] [1783734114.699518052] [slope_manager]: [1;36m切换到下一个 waypoint: 6 / 18[0m
[INFO] [1783734114.700224563] [slope_manager]: 解析机身相对 waypoint[5]=turn_180_spin: source=(-4.155,2.976,93.3deg), anchor=(-4.155,2.976,current_pose), body_offset=(forward=0.000, left=0.000), yaw_mode=previous_target_delta, yaw_delta=76.0deg, ref_yaw_source=current, ref_yaw=93.3deg, target=(-4.155,2.976,168.0deg), frame=camera_init
[INFO] [1783734114.700845370] [slope_manager]: [1;36m发送直驱覆盖点[6/18](attempt=1): turn_180_spin -> x=-4.155, y=2.976, yaw=168.0° (body_relative forward=0.000, left=0.000, yaw_mode=previous_target_delta, yaw_delta=76.0°, source=(-4.155,2.976,93.3°), anchor=(-4.155,2.976,current_pose), ref_yaw_source=current, ref_yaw=93.3°), frame=camera_init, override=[6,-0.350,0.600], 到点后锁存模式=0, note=普通第5点：跳完后不再走 Nav2 接近，直接在当前点执行反向固定自旋覆盖（mode=6,left=0.6,right=-0.35）完成转向。转完后进入 turn_180_yaw_settle，若姿态未收准则原地补正。[0m
[INFO] [1783734114.727095788] [slope_manager]: [0;94mwaypoint=6/18 turn_180_spin dist=0.012m, min_dist=0.012m, yaw_err=74.0deg, pose=(-4.165,2.983), goal=(-4.155,2.976), pose_frame=camera_init, goal_frame=camera_init, override=[6,-0.350,0.600][0m
[INFO] [1783734115.826752696] [slope_manager]: [0;94mwaypoint=6/18 turn_180_spin dist=0.102m, min_dist=0.002m, yaw_err=26.0deg, pose=(-4.192,2.881), goal=(-4.155,2.976), pose_frame=camera_init, goal_frame=camera_init, override=[6,-0.350,0.600][0m
[INFO] [1783734116.243532161] [slope_manager]: [1;32m到点成功: waypoint[5]=turn_180_spin, dist=0.237, min_dist=0.002, yaw_err=2.8deg, reason=distance_memory_with_yaw[0m
[INFO] [1783734116.243870730] [slope_manager]: [1;35m发布模式: 0 (正常行走)[0m
[INFO] [1783734116.244246780] [slope_manager]: [1;35m发布上坡步长滤波: False[0m
[INFO] [1783734116.244543554] [slope_manager]: [1;35m发布路径修正profile: 2 (0=关闭, 1=普通, 2=上坡强修正, 3=强修正符号验证)[0m
[INFO] [1783734116.244918971] [slope_manager]: [1;32m已到达 waypoint[5]=turn_180_spin，切换模式为 0 (正常行走)，上坡滤波=False，路径修正profile=2，并锁存到下一个 waypoint。[0m
[INFO] [1783734116.245265784] [slope_manager]: waypoint[5]=turn_180_spin 到点后零步长保持: override=[0,0.000,0.000]，持续 0.45s。
[INFO] [1783734116.245537838] [slope_manager]: waypoint[5]=turn_180_spin 到点后等待 0.45s，再切换到下一个目标。
[INFO] [1783734116.696290244] [slope_manager]: [1;36m切换到下一个 waypoint: 7 / 18[0m
[INFO] [1783734116.696809614] [slope_manager]: 解析机身相对 waypoint[6]=turn_180_yaw_settle: source=(-4.188,2.758,172.8deg), anchor=(-4.188,2.758,current_pose), body_offset=(forward=0.000, left=0.000), yaw_mode=absolute, yaw_delta=0.0deg, ref_yaw_source=target_yaw, ref_yaw=179.5deg, target=(-4.188,2.758,179.5deg), frame=camera_init
[INFO] [1783734116.697325500] [slope_manager]: [1;36m发送直驱覆盖点[7/18](attempt=1): turn_180_yaw_settle -> x=-4.188, y=2.758, yaw=179.5° (body_relative forward=0.000, left=0.000, yaw_mode=absolute, yaw_delta=0.0°, source=(-4.188,2.758,172.8°), anchor=(-4.188,2.758,current_pose), ref_yaw_source=target_yaw, ref_yaw=179.5°), frame=camera_init, override=[6,-0.150,0.200], yaw_dir=ccw,yaw_err=6.7deg, 到点后锁存模式=0, note=转身后姿态粗补正点：同点位 mode=6 零基础步长，按 yaw_err 方向使用非对称固定差速先补到 -180deg 附近；随后进入 bridge_tag_yaw_lock，用 bridge tag pose_pitch 精锁过桥角。[0m
[INFO] [1783734116.826878322] [slope_manager]: [0;94mwaypoint=7/18 turn_180_yaw_settle dist=0.007m, min_dist=0.000m, yaw_err=6.7deg, pose=(-4.187,2.752), goal=(-4.188,2.758), pose_frame=camera_init, goal_frame=camera_init, override=[6,-0.150,0.200], yaw_dir=ccw,yaw_err=6.7deg[0m
[INFO] [1783734117.041400143] [slope_manager]: [1;32m到点成功: waypoint[6]=turn_180_yaw_settle, dist=0.025, min_dist=0.000, yaw_err=1.4deg, reason=distance_tolerance[0m
[INFO] [1783734117.042371406] [slope_manager]: [1;35m发布模式: 0 (正常行走)[0m
[INFO] [1783734117.042869520] [slope_manager]: [1;35m发布上坡步长滤波: False[0m
[INFO] [1783734117.043258543] [slope_manager]: [1;35m发布路径修正profile: 2 (0=关闭, 1=普通, 2=上坡强修正, 3=强修正符号验证)[0m
[INFO] [1783734117.043594511] [slope_manager]: [1;32m已到达 waypoint[6]=turn_180_yaw_settle，切换模式为 0 (正常行走)，上坡滤波=False，路径修正profile=2，并锁存到下一个 waypoint。[0m
[INFO] [1783734117.044008353] [slope_manager]: waypoint[6]=turn_180_yaw_settle 到点后零步长保持: override=[0,0.000,0.000]，持续 0.10s。
[INFO] [1783734117.044446552] [slope_manager]: waypoint[6]=turn_180_yaw_settle 到点后等待 0.10s，再切换到下一个目标。
[INFO] [1783734117.147278630] [slope_manager]: [1;36m切换到下一个 waypoint: 8 / 18[0m
[INFO] [1783734117.147922244] [slope_manager]: 解析机身相对 waypoint[7]=bridge_entry: source=(-4.160,2.764,179.8deg), anchor=(-4.188,2.758,waypoint_target:turn_180_yaw_settle), body_offset=(forward=1.150, left=0.000), yaw_mode=previous_target, yaw_delta=0.0deg, ref_yaw_source=target_yaw, ref_yaw=179.5deg, target=(-4.198,1.608,179.5deg), frame=camera_init
[INFO] [1783734117.148723492] [slope_manager]: [1;35m发布路径修正profile: 2 (0=关闭, 1=普通, 2=上坡强修正, 3=强修正符号验证)[0m
[INFO] [1783734117.149778204] [slope_manager]: [1;36m发送直驱覆盖点[8/18](attempt=1): bridge_entry -> x=-4.198, y=1.608, yaw=179.5° (body_relative forward=1.150, left=0.000, yaw_mode=previous_target, yaw_delta=0.0°, source=(-4.160,2.764,179.8°), anchor=(-4.188,2.758,waypoint_target:turn_180_yaw_settle), ref_yaw_source=target_yaw, ref_yaw=179.5°), frame=camera_init, path_reference=/serial_path_reference, override=[0,0.250,0.250], ramp=0.00,elapsed=0.00/0.90s, 到点后锁存模式=0, note=过桥前点：当前 bridge_tag_yaw_lock 关闭，沿 turn_180_yaw_settle 的目标点和目标 yaw 固定直驱到桥入口；本点不再同点位自旋修姿态，到点后直接进入 bridge_exit。[0m
[INFO] [1783734117.826931180] [slope_manager]: [0;94mwaypoint=8/18 bridge_entry dist=1.021m, min_dist=1.008m, yaw_err=1.6deg, pose=(-4.146,2.628), goal=(-4.198,1.608), pose_frame=camera_init, goal_frame=camera_init, line_progress=0.136/1.157m (12%), line_remaining=1.021m, line_lateral=-0.019m, override=[0,0.716,0.716], ramp=0.85,elapsed=0.68/0.90s[0m
[INFO] [1783734118.893384493] [slope_manager]: [1;32m到点成功: waypoint[7]=bridge_entry, dist=0.247, min_dist=0.247, yaw_err=1.6deg, reason=distance_tolerance[0m
[INFO] [1783734118.893881913] [slope_manager]: [1;35m发布模式: 0 (正常行走)[0m
[INFO] [1783734118.894234290] [slope_manager]: [1;35m发布上坡步长滤波: False[0m
[INFO] [1783734118.894578560] [slope_manager]: [1;35m发布路径修正profile: 2 (0=关闭, 1=普通, 2=上坡强修正, 3=强修正符号验证)[0m
[INFO] [1783734118.894859445] [slope_manager]: [1;32m已到达 waypoint[7]=bridge_entry，切换模式为 0 (正常行走)，上坡滤波=False，路径修正profile=2，并锁存到下一个 waypoint。[0m
[INFO] [1783734118.896078165] [slope_manager]: [1;36m切换到下一个 waypoint: 9 / 18[0m
[INFO] [1783734118.896627345] [slope_manager]: 解析机身相对 waypoint[8]=bridge_exit: source=(-4.131,1.846,-178.9deg), anchor=(-4.131,1.846,current_pose), body_offset=(forward=2.260, apriltag_z_comp=-0.050m tag_z=0.805m neutral=1.240m near=(1.100m,-0.050m) far=(1.500m,+0.030m) tf_age=1.09s source=compensation_cache, left=0.000), yaw_mode=previous_target, yaw_delta=0.0deg, ref_yaw_source=target_yaw, ref_yaw=179.5deg, target=(-4.150,-0.414,179.5deg), frame=camera_init
[INFO] [1783734118.897178314] [slope_manager]: [1;35m发布路径修正profile: 2 (0=关闭, 1=普通, 2=上坡强修正, 3=强修正符号验证)[0m
[INFO] [1783734118.897658458] [slope_manager]: [1;36m发送直驱覆盖点[9/18](attempt=1): bridge_exit -> x=-4.150, y=-0.414, yaw=179.5° (body_relative forward=2.260, left=0.000, yaw_mode=previous_target, yaw_delta=0.0°, source=(-4.131,1.846,-178.9°), anchor=(-4.131,1.846,current_pose), ref_yaw_source=target_yaw, ref_yaw=179.5°), frame=camera_init, path_reference=/serial_path_reference, override=[0,0.800,0.800], 到点后锁存模式=0, note=过桥后点：固定直驱前进过完桥后先停稳 0.1 秒，再进入同点位 45 度原地转向，避免直接边走边大角度调头导致下斜坡卡位。[0m
[INFO] [1783734118.928138074] [slope_manager]: [0;94mwaypoint=9/18 bridge_exit dist=2.261m, min_dist=2.261m, yaw_err=1.4deg, pose=(-4.124,1.846), goal=(-4.150,-0.414), pose_frame=camera_init, goal_frame=camera_init, line_progress=-0.001/2.260m (-0%), line_remaining=2.261m, line_lateral=-0.007m, override=[0,0.800,0.800][0m
[INFO] [1783734120.026717320] [slope_manager]: [0;94mwaypoint=9/18 bridge_exit dist=1.414m, min_dist=1.414m, yaw_err=1.9deg, pose=(-4.122,1.000), goal=(-4.150,-0.414), pose_frame=camera_init, goal_frame=camera_init, line_progress=0.846/2.260m (37%), line_remaining=1.414m, line_lateral=-0.016m, override=[0,0.800,0.800][0m
[INFO] [1783734121.026745698] [slope_manager]: [0;94mwaypoint=9/18 bridge_exit dist=0.682m, min_dist=0.682m, yaw_err=2.9deg, pose=(-4.072,0.263), goal=(-4.150,-0.414), pose_frame=camera_init, goal_frame=camera_init, line_progress=1.582/2.260m (70%), line_remaining=0.678m, line_lateral=-0.073m, override=[0,0.800,0.800][0m
[INFO] [1783734121.526623549] [slope_manager]: direct_step yaw recovery 触发: waypoint[8]=bridge_exit, yaw_err=3.1deg >= 3.0deg, lat=-0.091m, progress=0.86。暂停基准线修正，只做趴下姿态回正。
[INFO] [1783734121.691078575] [slope_manager]: [1;32m到点成功: waypoint[8]=bridge_exit, dist=0.190, min_dist=0.190, yaw_err=4.2deg, reason=distance_tolerance[0m
[INFO] [1783734121.691457216] [slope_manager]: [1;35m发布模式: 0 (正常行走)[0m
[INFO] [1783734121.691786807] [slope_manager]: [1;35m发布上坡步长滤波: False[0m
[INFO] [1783734121.692070184] [slope_manager]: [1;35m发布路径修正profile: 2 (0=关闭, 1=普通, 2=上坡强修正, 3=强修正符号验证)[0m
[INFO] [1783734121.692404406] [slope_manager]: [1;32m已到达 waypoint[8]=bridge_exit，切换模式为 0 (正常行走)，上坡滤波=False，路径修正profile=2，并锁存到下一个 waypoint。[0m
[INFO] [1783734121.692782205] [slope_manager]: waypoint[8]=bridge_exit 到点后零步长保持: override=[0,0.000,0.000]，持续 0.10s。
[INFO] [1783734121.693055484] [slope_manager]: waypoint[8]=bridge_exit 到点后等待 0.10s，再切换到下一个目标。
[INFO] [1783734121.793752601] [slope_manager]: [1;36m切换到下一个 waypoint: 10 / 18[0m
[INFO] [1783734121.794347131] [slope_manager]: 解析机身相对 waypoint[9]=bridge_exit_ccw_45_spin: source=(-4.044,-0.308,-176.5deg), anchor=(-4.044,-0.308,current_pose), body_offset=(forward=0.000, left=0.000), yaw_mode=delta, yaw_delta=50.0deg, ref_yaw_source=current, ref_yaw=-176.5deg, target=(-4.044,-0.308,-126.5deg), frame=camera_init
[INFO] [1783734121.794926264] [slope_manager]: [1;36m发送直驱覆盖点[10/18](attempt=1): bridge_exit_ccw_45_spin -> x=-4.044, y=-0.308, yaw=-126.5° (body_relative forward=0.000, left=0.000, yaw_mode=delta, yaw_delta=50.0°, source=(-4.044,-0.308,-176.5°), anchor=(-4.044,-0.308,current_pose), ref_yaw_source=current, ref_yaw=-176.5°), frame=camera_init, override=[6,-0.400,0.850], 到点后锁存模式=0, note=普通第3个自旋点：过桥后同点位原地顺时针约45度，让 base_link 朝向普通侧下斜坡目标方向，再开始走最终下坡段。[0m
[INFO] [1783734122.126834606] [slope_manager]: [0;94mwaypoint=10/18 bridge_exit_ccw_45_spin dist=0.121m, min_dist=0.000m, yaw_err=36.4deg, pose=(-4.021,-0.427), goal=(-4.044,-0.308), pose_frame=camera_init, goal_frame=camera_init, override=[6,-0.400,0.850][0m
[INFO] [1783734122.496104749] [slope_manager]: [1;32m到点成功: waypoint[9]=bridge_exit_ccw_45_spin, dist=0.187, min_dist=0.000, yaw_err=4.3deg, reason=distance_tolerance[0m
[INFO] [1783734122.496585387] [slope_manager]: [1;35m发布模式: 0 (正常行走)[0m
[INFO] [1783734122.496982362] [slope_manager]: [1;35m发布上坡步长滤波: False[0m
[INFO] [1783734122.497358403] [slope_manager]: [1;35m发布路径修正profile: 0 (0=关闭, 1=普通, 2=上坡强修正, 3=强修正符号验证)[0m
[INFO] [1783734122.497667293] [slope_manager]: [1;32m已到达 waypoint[9]=bridge_exit_ccw_45_spin，切换模式为 0 (正常行走)，上坡滤波=False，路径修正profile=0，并锁存到下一个 waypoint。[0m
[INFO] [1783734122.498088934] [slope_manager]: waypoint[9]=bridge_exit_ccw_45_spin 到点后零步长保持: override=[0,0.000,0.000]，持续 0.10s。
[INFO] [1783734122.498561782] [slope_manager]: waypoint[9]=bridge_exit_ccw_45_spin 到点后等待 0.10s，再切换到下一个目标。
[INFO] [1783734122.599320266] [slope_manager]: [1;36m切换到下一个 waypoint: 11 / 18[0m
[INFO] [1783734122.600140277] [slope_manager]: 解析机身相对 waypoint[10]=final_descent_approach: source=(-3.937,-0.491,-124.5deg), anchor=(-3.937,-0.491,current_pose), body_offset=(forward=0.970, left=0.000), yaw_mode=delta, yaw_delta=0.0deg, ref_yaw_source=current, ref_yaw=-124.5deg, target=(-3.137,-1.040,-124.5deg), frame=camera_init
[INFO] [1783734122.600894745] [slope_manager]: [1;35m发布路径修正profile: 2 (0=关闭, 1=普通, 2=上坡强修正, 3=强修正符号验证)[0m
[INFO] [1783734122.601399518] [slope_manager]: [1;36m发送直驱覆盖点[11/18](attempt=1): final_descent_approach -> x=-3.137, y=-1.040, yaw=-124.5° (body_relative forward=0.970, left=0.000, yaw_mode=delta, yaw_delta=0.0°, source=(-3.937,-0.491,-124.5°), anchor=(-3.937,-0.491,current_pose), ref_yaw_source=current, ref_yaw=-124.5°), frame=camera_init, path_reference=/serial_path_reference, override=[7,0.800,0.800], 到点后锁存模式=0, note=普通最终位置第一段接近点：mode=7 固定直驱前进，下一个点增加 mode=7 自旋，再进入第二段直驱。[0m
[INFO] [1783734123.127085220] [slope_manager]: [0;94mwaypoint=11/18 final_descent_approach dist=0.826m, min_dist=0.826m, yaw_err=7.5deg, pose=(-3.788,-0.530), goal=(-3.137,-1.040), pose_frame=camera_init, goal_frame=camera_init, line_progress=0.145/0.970m (15%), line_remaining=0.825m, line_lateral=-0.052m, override=[7,0.800,0.800][0m
[INFO] [1783734124.022243724] [slope_manager]: [1;32m到点成功: waypoint[10]=final_descent_approach, dist=0.340, min_dist=0.340, yaw_err=12.0deg, reason=distance_tolerance[0m
[INFO] [1783734124.022640460] [slope_manager]: [1;35m发布模式: 0 (正常行走)[0m
[INFO] [1783734124.022961796] [slope_manager]: [1;35m发布上坡步长滤波: False[0m
[INFO] [1783734124.023262765] [slope_manager]: [1;35m发布路径修正profile: 2 (0=关闭, 1=普通, 2=上坡强修正, 3=强修正符号验证)[0m
[INFO] [1783734124.023543882] [slope_manager]: [1;32m已到达 waypoint[10]=final_descent_approach，切换模式为 0 (正常行走)，上坡滤波=False，路径修正profile=2，并锁存到下一个 waypoint。[0m
[INFO] [1783734124.023847360] [slope_manager]: waypoint[10]=final_descent_approach 到点后等待 0.10s，再切换到下一个目标。
[INFO] [1783734124.124441247] [slope_manager]: [1;36m切换到下一个 waypoint: 12 / 18[0m
[INFO] [1783734124.125024243] [slope_manager]: 解析机身相对 waypoint[11]=final_descent_mid_spin: source=(-3.215,-0.751,-111.6deg), anchor=(-3.215,-0.751,current_pose), body_offset=(forward=0.000, left=0.000), yaw_mode=delta, yaw_delta=-70.0deg, ref_yaw_source=current, ref_yaw=-111.6deg, target=(-3.215,-0.751,178.4deg), frame=camera_init
[INFO] [1783734124.125608133] [slope_manager]: [1;36m发送直驱覆盖点[12/18](attempt=1): final_descent_mid_spin -> x=-3.215, y=-0.751, yaw=178.4° (body_relative forward=0.000, left=0.000, yaw_mode=delta, yaw_delta=-70.0°, source=(-3.215,-0.751,-111.6°), anchor=(-3.215,-0.751,current_pose), ref_yaw_source=current, ref_yaw=-111.6°), frame=camera_init, override=[7,0.700,-0.600], 到点后锁存模式=0, note=普通最终段新增自旋点：mode=7，left=0.40,right=0.50，相对当前姿态自旋约100度。[0m
[INFO] [1783734124.127231937] [slope_manager]: [0;94mwaypoint=12/18 final_descent_mid_spin dist=0.000m, min_dist=0.000m, yaw_err=70.0deg, pose=(-3.215,-0.751), goal=(-3.215,-0.751), pose_frame=camera_init, goal_frame=camera_init, override=[7,0.700,-0.600][0m
[INFO] [1783734125.226953365] [slope_manager]: [0;94mwaypoint=12/18 final_descent_mid_spin dist=0.197m, min_dist=0.000m, yaw_err=30.5deg, pose=(-3.024,-0.800), goal=(-3.215,-0.751), pose_frame=camera_init, goal_frame=camera_init, override=[7,0.700,-0.600][0m
[INFO] [1783734125.791565514] [slope_manager]: [1;32m到点成功: waypoint[11]=final_descent_mid_spin, dist=0.180, min_dist=0.000, yaw_err=4.6deg, reason=distance_tolerance[0m
[INFO] [1783734125.792208425] [slope_manager]: [1;35m发布模式: 0 (正常行走)[0m
[INFO] [1783734125.792709939] [slope_manager]: [1;35m发布上坡步长滤波: False[0m
[INFO] [1783734125.793497209] [slope_manager]: [1;35m发布路径修正profile: 0 (0=关闭, 1=普通, 2=上坡强修正, 3=强修正符号验证)[0m
[INFO] [1783734125.794003445] [slope_manager]: [1;32m已到达 waypoint[11]=final_descent_mid_spin，切换模式为 0 (正常行走)，上坡滤波=False，路径修正profile=0，并锁存到下一个 waypoint。[0m
[INFO] [1783734125.794520991] [slope_manager]: waypoint[11]=final_descent_mid_spin 到点后等待 0.10s，再切换到下一个目标。
[INFO] [1783734125.895599621] [slope_manager]: [1;36m切换到下一个 waypoint: 13 / 18[0m
[INFO] [1783734125.896409491] [slope_manager]: 解析机身相对 waypoint[12]=final_descent_second_approach: source=(-3.037,-0.818,-178.7deg), anchor=(-3.037,-0.818,current_pose), body_offset=(forward=1.000, left=0.000), yaw_mode=delta, yaw_delta=0.0deg, ref_yaw_source=current, ref_yaw=-178.7deg, target=(-3.014,-1.818,-178.7deg), frame=camera_init
[INFO] [1783734125.897021134] [slope_manager]: [1;35m发布路径修正profile: 2 (0=关闭, 1=普通, 2=上坡强修正, 3=强修正符号验证)[0m
[INFO] [1783734125.897531550] [slope_manager]: [1;36m发送直驱覆盖点[13/18](attempt=1): final_descent_second_approach -> x=-3.014, y=-1.818, yaw=-178.7° (body_relative forward=1.000, left=0.000, yaw_mode=delta, yaw_delta=0.0°, source=(-3.037,-0.818,-178.7°), anchor=(-3.037,-0.818,current_pose), ref_yaw_source=current, ref_yaw=-178.7°), frame=camera_init, path_reference=/serial_path_reference, override=[7,1.000,0.600], 到点后锁存模式=0, note=普通最终位置第二段接近点：mode=7 固定直驱前进；本点只按起点到当前 pose 的净位移达到 body_forward_m 判定到点，随后进入顺时针自旋点。[0m
[INFO] [1783734126.226776642] [slope_manager]: [0;94mwaypoint=13/18 final_descent_second_approach dist=0.987m, min_dist=0.984m, yaw_err=6.9deg, pose=(-2.986,-0.831), goal=(-3.014,-1.818), pose_frame=camera_init, goal_frame=camera_init, line_progress=0.014/1.000m (1%), line_remaining=0.986m, line_lateral=-0.051m, travel=0.053/1.000m, override=[7,1.000,0.600][0m
[INFO] [1783734127.226864843] [slope_manager]: [0;94mwaypoint=13/18 final_descent_second_approach dist=0.556m, min_dist=0.537m, yaw_err=13.3deg, pose=(-3.011,-1.261), goal=(-3.014,-1.818), pose_frame=camera_init, goal_frame=camera_init, line_progress=0.444/1.000m (44%), line_remaining=0.556m, line_lateral=-0.015m, travel=0.444/1.000m, override=[7,1.000,0.600][0m
[INFO] [1783734128.326803914] [slope_manager]: [0;94mwaypoint=13/18 final_descent_second_approach dist=0.126m, min_dist=0.123m, yaw_err=20.6deg, pose=(-3.139,-1.797), goal=(-3.014,-1.818), pose_frame=camera_init, goal_frame=camera_init, line_progress=0.977/1.000m (98%), line_remaining=0.023m, line_lateral=0.124m, travel=0.984/1.000m, override=[7,1.000,0.600][0m
[INFO] [1783734128.339107055] [slope_manager]: [1;32m到点成功: waypoint[12]=final_descent_second_approach, dist=0.120, min_dist=0.118, yaw_err=19.9deg, reason=travel_distance(1.013>=1.000m)[0m
[INFO] [1783734128.339485507] [slope_manager]: [1;35m发布模式: 0 (正常行走)[0m
[INFO] [1783734128.340750755] [slope_manager]: [1;35m发布上坡步长滤波: False[0m
[INFO] [1783734128.341147274] [slope_manager]: [1;35m发布路径修正profile: 2 (0=关闭, 1=普通, 2=上坡强修正, 3=强修正符号验证)[0m
[INFO] [1783734128.341500964] [slope_manager]: [1;32m已到达 waypoint[12]=final_descent_second_approach，切换模式为 0 (正常行走)，上坡滤波=False，路径修正profile=2，并锁存到下一个 waypoint。[0m
[INFO] [1783734128.341804061] [slope_manager]: waypoint[12]=final_descent_second_approach 到点后等待 0.10s，再切换到下一个目标。
[INFO] [1783734128.442525421] [slope_manager]: [1;36m切换到下一个 waypoint: 14 / 18[0m
[INFO] [1783734128.443152455] [slope_manager]: 解析机身相对 waypoint[13]=final_descent_second_spin: source=(-3.148,-1.865,162.1deg), anchor=(-3.148,-1.865,current_pose), body_offset=(forward=0.000, left=0.000), yaw_mode=delta, yaw_delta=-72.0deg, ref_yaw_source=current, ref_yaw=162.1deg, target=(-3.148,-1.865,90.1deg), frame=camera_init
[INFO] [1783734128.443666484] [slope_manager]: [1;36m发送直驱覆盖点[14/18](attempt=1): final_descent_second_spin -> x=-3.148, y=-1.865, yaw=90.1° (body_relative forward=0.000, left=0.000, yaw_mode=delta, yaw_delta=-72.0°, source=(-3.148,-1.865,162.1°), anchor=(-3.148,-1.865,current_pose), ref_yaw_source=current, ref_yaw=162.1°), frame=camera_init, override=[7,0.900,0.000], 到点后锁存模式=0, note=普通最终段第二个自旋点：mode=7，顺时针自旋；按目标 yaw 容差到点，沿用旧的 0.20/0.65 步长量级。[0m
[INFO] [1783734129.426675642] [slope_manager]: [0;94mwaypoint=14/18 final_descent_second_spin dist=0.209m, min_dist=0.011m, yaw_err=50.3deg, pose=(-3.255,-2.046), goal=(-3.148,-1.865), pose_frame=camera_init, goal_frame=camera_init, override=[7,0.900,0.000][0m
[INFO] [1783734130.426717032] [slope_manager]: [0;94mwaypoint=14/18 final_descent_second_spin dist=0.312m, min_dist=0.011m, yaw_err=27.0deg, pose=(-3.393,-2.058), goal=(-3.148,-1.865), pose_frame=camera_init, goal_frame=camera_init, override=[7,0.900,0.000][0m
[INFO] [1783734131.393682592] [slope_manager]: [1;32m到点成功: waypoint[13]=final_descent_second_spin, dist=0.478, min_dist=0.011, yaw_err=3.9deg, reason=distance_memory_with_yaw[0m
[INFO] [1783734131.394108708] [slope_manager]: [1;35m发布模式: 0 (正常行走)[0m
[INFO] [1783734131.394456209] [slope_manager]: [1;35m发布上坡步长滤波: False[0m
[INFO] [1783734131.394830585] [slope_manager]: [1;35m发布路径修正profile: 0 (0=关闭, 1=普通, 2=上坡强修正, 3=强修正符号验证)[0m
[INFO] [1783734131.395168163] [slope_manager]: [1;32m已到达 waypoint[13]=final_descent_second_spin，切换模式为 0 (正常行走)，上坡滤波=False，路径修正profile=0，并锁存到下一个 waypoint。[0m
[INFO] [1783734131.395515931] [slope_manager]: waypoint[13]=final_descent_second_spin 到点后等待 0.10s，再切换到下一个目标。
[INFO] [1783734131.496610100] [slope_manager]: [1;36m切换到下一个 waypoint: 15 / 18[0m
[INFO] [1783734131.498022159] [slope_manager]: 解析机身相对 waypoint[14]=final_descent_second_spin_extra_approach: source=(-3.599,-2.043,89.8deg), anchor=(-3.599,-2.043,current_pose), body_offset=(forward=0.350, left=0.000), yaw_mode=delta, yaw_delta=0.0deg, ref_yaw_source=current, ref_yaw=89.8deg, target=(-3.949,-2.042,89.8deg), frame=camera_init
[INFO] [1783734131.498866995] [slope_manager]: [1;35m发布路径修正profile: 2 (0=关闭, 1=普通, 2=上坡强修正, 3=强修正符号验证)[0m
[INFO] [1783734131.499344209] [slope_manager]: [1;36m发送直驱覆盖点[15/18](attempt=1): final_descent_second_spin_extra_approach -> x=-3.949, y=-2.042, yaw=89.8° (body_relative forward=0.350, left=0.000, yaw_mode=delta, yaw_delta=0.0°, source=(-3.599,-2.043,89.8°), anchor=(-3.599,-2.043,current_pose), ref_yaw_source=current, ref_yaw=89.8°), frame=camera_init, path_reference=/serial_path_reference, override=[7,0.800,0.800], 到点后锁存模式=0, note=普通最终段第二个自旋后新增直驱点：mode=7，left=0.75,right=0.50，固定直驱前进0.8m。[0m
[INFO] [1783734131.526811970] [slope_manager]: [0;94mwaypoint=15/18 final_descent_second_spin_extra_approach dist=0.350m, min_dist=0.350m, yaw_err=0.0deg, pose=(-3.599,-2.043), goal=(-3.949,-2.042), pose_frame=camera_init, goal_frame=camera_init, line_progress=0.000/0.350m (0%), line_remaining=0.350m, line_lateral=0.000m, travel=0.000/0.350m, override=[7,0.800,0.800][0m
[INFO] [1783734132.129577360] [slope_manager]: [1;32m到点成功: waypoint[14]=final_descent_second_spin_extra_approach, dist=0.029, min_dist=0.029, yaw_err=0.3deg, reason=travel_distance(0.351>=0.350m)[0m
[INFO] [1783734132.129961746] [slope_manager]: [1;35m发布模式: 0 (正常行走)[0m
[INFO] [1783734132.130291868] [slope_manager]: [1;35m发布上坡步长滤波: False[0m
[INFO] [1783734132.130600249] [slope_manager]: [1;35m发布路径修正profile: 2 (0=关闭, 1=普通, 2=上坡强修正, 3=强修正符号验证)[0m
[INFO] [1783734132.130895104] [slope_manager]: [1;32m已到达 waypoint[14]=final_descent_second_spin_extra_approach，切换模式为 0 (正常行走)，上坡滤波=False，路径修正profile=2，并锁存到下一个 waypoint。[0m
[INFO] [1783734132.131214673] [slope_manager]: waypoint[14]=final_descent_second_spin_extra_approach 到点后等待 0.10s，再切换到下一个目标。
[INFO] [1783734132.231969258] [slope_manager]: [1;36m切换到下一个 waypoint: 16 / 18[0m
[INFO] [1783734132.232608408] [slope_manager]: 解析机身相对 waypoint[15]=final_descent_second_spin_extra_spin: source=(-3.982,-2.018,88.8deg), anchor=(-3.982,-2.018,current_pose), body_offset=(forward=0.000, left=0.000), yaw_mode=delta, yaw_delta=93.0deg, ref_yaw_source=current, ref_yaw=88.8deg, target=(-3.982,-2.018,-178.2deg), frame=camera_init
[INFO] [1783734132.233471434] [slope_manager]: [1;36m发送直驱覆盖点[16/18](attempt=1): final_descent_second_spin_extra_spin -> x=-3.982, y=-2.018, yaw=-178.2° (body_relative forward=0.000, left=0.000, yaw_mode=delta, yaw_delta=93.0°, source=(-3.982,-2.018,88.8°), anchor=(-3.982,-2.018,current_pose), ref_yaw_source=current, ref_yaw=88.8°), frame=camera_init, override=[7,-0.600,0.700], 到点后锁存模式=0, note=普通最终段第二个自旋后新增自旋点：mode=7，left=-0.25,right=0.70，相对当前姿态自旋100度。[0m
[INFO] [1783734132.626660760] [slope_manager]: [0;94mwaypoint=16/18 final_descent_second_spin_extra_spin dist=0.195m, min_dist=0.028m, yaw_err=84.8deg, pose=(-4.175,-1.992), goal=(-3.982,-2.018), pose_frame=camera_init, goal_frame=camera_init, override=[7,-0.600,0.700][0m
[INFO] [1783734133.626830338] [slope_manager]: [0;94mwaypoint=16/18 final_descent_second_spin_extra_spin dist=0.266m, min_dist=0.028m, yaw_err=44.3deg, pose=(-4.247,-2.035), goal=(-3.982,-2.018), pose_frame=camera_init, goal_frame=camera_init, override=[7,-0.600,0.700][0m
[INFO] [1783734134.678673468] [slope_manager]: [1;32m到点成功: waypoint[15]=final_descent_second_spin_extra_spin, dist=0.306, min_dist=0.028, yaw_err=4.1deg, reason=distance_memory_with_yaw[0m
[INFO] [1783734134.679173283] [slope_manager]: [1;35m发布模式: 0 (正常行走)[0m
[INFO] [1783734134.679613139] [slope_manager]: [1;35m发布上坡步长滤波: False[0m
[INFO] [1783734134.680050581] [slope_manager]: [1;35m发布路径修正profile: 0 (0=关闭, 1=普通, 2=上坡强修正, 3=强修正符号验证)[0m
[INFO] [1783734134.680873433] [slope_manager]: [1;32m已到达 waypoint[15]=final_descent_second_spin_extra_spin，切换模式为 0 (正常行走)，上坡滤波=False，路径修正profile=0，并锁存到下一个 waypoint。[0m
[INFO] [1783734134.681714902] [slope_manager]: waypoint[15]=final_descent_second_spin_extra_spin 到点后等待 0.10s，再切换到下一个目标。
[INFO] [1783734134.782631285] [slope_manager]: [1;36m切换到下一个 waypoint: 17 / 18[0m
[INFO] [1783734134.783479568] [slope_manager]: 解析机身相对 waypoint[16]=final_descent_third_approach: source=(-4.258,-2.048,179.8deg), anchor=(-4.258,-2.048,current_pose), body_offset=(forward=1.900, left=0.000), yaw_mode=delta, yaw_delta=0.0deg, ref_yaw_source=current, ref_yaw=179.8deg, target=(-4.264,-3.948,179.8deg), frame=camera_init
[INFO] [1783734134.784387561] [slope_manager]: [1;35m发布路径修正profile: 2 (0=关闭, 1=普通, 2=上坡强修正, 3=强修正符号验证)[0m
[INFO] [1783734134.784963438] [slope_manager]: [1;36m发送直驱覆盖点[17/18](attempt=1): final_descent_third_approach -> x=-4.264, y=-3.948, yaw=179.8° (body_relative forward=1.900, left=0.000, yaw_mode=delta, yaw_delta=0.0°, source=(-4.258,-2.048,179.8°), anchor=(-4.258,-2.048,current_pose), ref_yaw_source=current, ref_yaw=179.8°), frame=camera_init, path_reference=/serial_path_reference, override=[7,0.700,1.000], yaw_corr=0.000,yaw_err=0.0deg, 到点后锁存模式=0, note=普通最终位置第三段接近点：mode=7，left=0.50,right=0.70，固定直驱前进并叠加小幅姿态修正；本点只按起点到当前 pose 的净位移达到 body_forward_m 判定到点，随后进入最终朝向点。[0m
[INFO] [1783734134.828098131] [slope_manager]: [0;94mwaypoint=17/18 final_descent_third_approach dist=1.902m, min_dist=1.902m, yaw_err=2.5deg, pose=(-4.245,-2.046), goal=(-4.264,-3.948), pose_frame=camera_init, goal_frame=camera_init, line_progress=-0.002/1.900m (-0%), line_remaining=1.902m, line_lateral=-0.013m, travel=0.013/1.900m, override=[7,0.704,0.996], yaw_corr=0.004,yaw_err=-2.5deg[0m
[INFO] [1783734135.926885014] [slope_manager]: [0;94mwaypoint=17/18 final_descent_third_approach dist=1.481m, min_dist=1.481m, yaw_err=7.8deg, pose=(-4.246,-2.467), goal=(-4.264,-3.948), pose_frame=camera_init, goal_frame=camera_init, line_progress=0.419/1.900m (22%), line_remaining=1.481m, line_lateral=-0.014m, travel=0.420/1.900m, override=[7,0.745,0.955], yaw_corr=0.045,yaw_err=-7.8deg[0m
[INFO] [1783734136.927630870] [slope_manager]: [0;94mwaypoint=17/18 final_descent_third_approach dist=1.014m, min_dist=1.006m, yaw_err=9.8deg, pose=(-4.205,-2.936), goal=(-4.264,-3.948), pose_frame=camera_init, goal_frame=camera_init, line_progress=0.888/1.900m (47%), line_remaining=1.012m, line_lateral=-0.056m, travel=0.889/1.900m, override=[7,0.761,0.939], yaw_corr=0.061,yaw_err=-9.8deg[0m
[INFO] [1783734137.927575831] [slope_manager]: [0;94mwaypoint=17/18 final_descent_third_approach dist=0.977m, min_dist=0.919m, yaw_err=12.8deg, pose=(-4.264,-2.971), goal=(-4.264,-3.948), pose_frame=camera_init, goal_frame=camera_init, line_progress=0.923/1.900m (49%), line_remaining=0.977m, line_lateral=0.003m, travel=0.923/1.900m, override=[7,0.785,0.915], yaw_corr=0.085,yaw_err=-12.8deg[0m
[INFO] [1783734139.027485250] [slope_manager]: [0;94mwaypoint=17/18 final_descent_third_approach dist=1.490m, min_dist=0.919m, yaw_err=6.4deg, pose=(-4.512,-2.479), goal=(-4.264,-3.948), pose_frame=camera_init, goal_frame=camera_init, line_progress=0.432/1.900m (23%), line_remaining=1.468m, line_lateral=0.253m, travel=0.500/1.900m, override=[7,0.734,0.966], yaw_corr=0.034,yaw_err=-6.4deg[0m
[INFO] [1783734140.127858724] [slope_manager]: [0;94mwaypoint=17/18 final_descent_third_approach dist=0.909m, min_dist=0.909m, yaw_err=13.0deg, pose=(-4.385,-3.047), goal=(-4.264,-3.948), pose_frame=camera_init, goal_frame=camera_init, line_progress=0.999/1.900m (53%), line_remaining=0.901m, line_lateral=0.124m, travel=1.007/1.900m, override=[7,0.786,0.914], yaw_corr=0.086,yaw_err=-13.0deg[0m
[INFO] [1783734141.128104492] [slope_manager]: [0;94mwaypoint=17/18 final_descent_third_approach dist=0.929m, min_dist=0.887m, yaw_err=3.9deg, pose=(-4.400,-3.029), goal=(-4.264,-3.948), pose_frame=camera_init, goal_frame=camera_init, line_progress=0.982/1.900m (52%), line_remaining=0.918m, line_lateral=0.139m, travel=0.992/1.900m, override=[7,0.715,0.985], yaw_corr=0.015,yaw_err=-3.9deg[0m
[INFO] [1783734142.227117311] [slope_manager]: [0;94mwaypoint=17/18 final_descent_third_approach dist=1.841m, min_dist=0.887m, yaw_err=11.9deg, pose=(-4.665,-2.151), goal=(-4.264,-3.948), pose_frame=camera_init, goal_frame=camera_init, line_progress=0.105/1.900m (6%), line_remaining=1.795m, line_lateral=0.407m, travel=0.420/1.900m, override=[7,0.777,0.923], yaw_corr=0.077,yaw_err=-11.9deg[0m
[INFO] [1783734143.327418702] [slope_manager]: [0;94mwaypoint=17/18 final_descent_third_approach dist=1.504m, min_dist=0.887m, yaw_err=10.9deg, pose=(-4.616,-2.486), goal=(-4.264,-3.948), pose_frame=camera_init, goal_frame=camera_init, line_progress=0.439/1.900m (23%), line_remaining=1.461m, line_lateral=0.356m, travel=0.566/1.900m, override=[7,0.770,0.930], yaw_corr=0.070,yaw_err=-10.9deg[0m
[INFO] [1783734144.426854993] [slope_manager]: [0;94mwaypoint=17/18 final_descent_third_approach dist=1.008m, min_dist=0.887m, yaw_err=17.9deg, pose=(-4.488,-2.965), goal=(-4.264,-3.948), pose_frame=camera_init, goal_frame=camera_init, line_progress=0.918/1.900m (48%), line_remaining=0.982m, line_lateral=0.227m, travel=0.946/1.900m, override=[7,0.825,0.875], yaw_corr=0.125,yaw_err=-17.9deg[0m
[INFO] [1783734145.527256461] [slope_manager]: [0;94mwaypoint=17/18 final_descent_third_approach dist=1.699m, min_dist=0.887m, yaw_err=1.8deg, pose=(-4.674,-2.299), goal=(-4.264,-3.948), pose_frame=camera_init, goal_frame=camera_init, line_progress=0.253/1.900m (13%), line_remaining=1.647m, line_lateral=0.415m, travel=0.486/1.900m, override=[7,0.700,1.000], yaw_corr=0.000,yaw_err=-1.8deg[0m
[INFO] [1783734146.627156211] [slope_manager]: [0;94mwaypoint=17/18 final_descent_third_approach dist=1.553m, min_dist=0.887m, yaw_err=2.4deg, pose=(-4.656,-2.445), goal=(-4.264,-3.948), pose_frame=camera_init, goal_frame=camera_init, line_progress=0.398/1.900m (21%), line_remaining=1.502m, line_lateral=0.397m, travel=0.562/1.900m, override=[7,0.703,0.997], yaw_corr=0.003,yaw_err=-2.4deg[0m
[INFO] [1783734147.727432155] [slope_manager]: [0;94mwaypoint=17/18 final_descent_third_approach dist=1.074m, min_dist=0.887m, yaw_err=14.8deg, pose=(-4.545,-2.911), goal=(-4.264,-3.948), pose_frame=camera_init, goal_frame=camera_init, line_progress=0.864/1.900m (45%), line_remaining=1.036m, line_lateral=0.284m, travel=0.910/1.900m, override=[7,0.801,0.899], yaw_corr=0.101,yaw_err=-14.8deg[0m
[INFO] [1783734148.827109519] [slope_manager]: [0;94mwaypoint=17/18 final_descent_third_approach dist=1.348m, min_dist=0.887m, yaw_err=4.7deg, pose=(-4.489,-2.619), goal=(-4.264,-3.948), pose_frame=camera_init, goal_frame=camera_init, line_progress=0.572/1.900m (30%), line_remaining=1.328m, line_lateral=0.230m, travel=0.616/1.900m, override=[7,0.721,0.979], yaw_corr=0.021,yaw_err=-4.7deg[0m
[INFO] [1783734149.827332998] [slope_manager]: [0;94mwaypoint=17/18 final_descent_third_approach dist=1.608m, min_dist=0.887m, yaw_err=5.1deg, pose=(-4.466,-2.353), goal=(-4.264,-3.948), pose_frame=camera_init, goal_frame=camera_init, line_progress=0.306/1.900m (16%), line_remaining=1.594m, line_lateral=0.207m, travel=0.369/1.900m, override=[7,0.724,0.976], yaw_corr=0.024,yaw_err=-5.1deg[0m
[INFO] [1783734150.828115004] [slope_manager]: [0;94mwaypoint=17/18 final_descent_third_approach dist=1.847m, min_dist=0.887m, yaw_err=3.6deg, pose=(-4.626,-2.136), goal=(-4.264,-3.948), pose_frame=camera_init, goal_frame=camera_init, line_progress=0.090/1.900m (5%), line_remaining=1.810m, line_lateral=0.368m, travel=0.378/1.900m, override=[7,0.713,0.987], yaw_corr=0.013,yaw_err=-3.6deg[0m
[INFO] [1783734151.926706568] [slope_manager]: [0;94mwaypoint=17/18 final_descent_third_approach dist=1.539m, min_dist=0.887m, yaw_err=6.4deg, pose=(-4.607,-2.448), goal=(-4.264,-3.948), pose_frame=camera_init, goal_frame=camera_init, line_progress=0.401/1.900m (21%), line_remaining=1.499m, line_lateral=0.348m, travel=0.531/1.900m, override=[7,0.734,0.966], yaw_corr=0.034,yaw_err=-6.4deg[0m
[INFO] [1783734152.926762987] [slope_manager]: [0;94mwaypoint=17/18 final_descent_third_approach dist=1.638m, min_dist=0.887m, yaw_err=1.6deg, pose=(-4.695,-2.367), goal=(-4.264,-3.948), pose_frame=camera_init, goal_frame=camera_init, line_progress=0.321/1.900m (17%), line_remaining=1.579m, line_lateral=0.436m, travel=0.542/1.900m, override=[7,0.700,1.000], yaw_corr=0.000,yaw_err=-1.6deg[0m
[INFO] [1783734153.926819117] [slope_manager]: [0;94mwaypoint=17/18 final_descent_third_approach dist=1.900m, min_dist=0.887m, yaw_err=10.2deg, pose=(-4.708,-2.101), goal=(-4.264,-3.948), pose_frame=camera_init, goal_frame=camera_init, line_progress=0.054/1.900m (3%), line_remaining=1.846m, line_lateral=0.450m, travel=0.453/1.900m, override=[7,0.764,0.936], yaw_corr=0.064,yaw_err=-10.2deg[0m
[INFO] [1783734154.926779317] [slope_manager]: [0;94mwaypoint=17/18 final_descent_third_approach dist=1.971m, min_dist=0.887m, yaw_err=6.8deg, pose=(-4.718,-2.030), goal=(-4.264,-3.948), pose_frame=camera_init, goal_frame=camera_init, line_progress=-0.016/1.900m (-1%), line_remaining=1.916m, line_lateral=0.460m, travel=0.460/1.900m, override=[7,0.737,0.963], yaw_corr=0.037,yaw_err=-6.8deg[0m
[INFO] [1783734155.650528081] [slope_manager]: [1;35m发布模式: 7 (未知模式)[0m
[INFO] [1783734155.651047109] [slope_manager]: [1;35m发布上坡步长滤波: False[0m
[INFO] [1783734155.651448338] [slope_manager]: [1;35m发布路径修正profile: 0 (0=关闭, 1=普通, 2=上坡强修正, 3=强修正符号验证)[0m
[INFO] [1783734155.651832854] [slope_manager]: 启动时继承上一 waypoint 段状态: source=wall_jump_prep, mode=7, uphill_step_floor=False, path_correction_profile=0, mode_source=inherited_segment_mode_override
[INFO] [1783734155.652305354] [slope_manager]: 按外部请求从 waypoint[5]=turn_180_spin 重新启动流程。
[INFO] [1783734155.727116083] [slope_manager]: 解析机身相对 waypoint[5]=turn_180_spin: source=(-4.714,-2.048,-173.3deg), anchor=(-4.714,-2.048,current_pose), body_offset=(forward=0.000, left=0.000), yaw_mode=previous_target_delta, yaw_delta=76.0deg, ref_yaw_source=current, ref_yaw=-173.3deg, target=(-4.714,-2.048,-97.3deg), frame=camera_init
[INFO] [1783734155.727862598] [slope_manager]: [1;36m发送直驱覆盖点[6/18](attempt=1): turn_180_spin -> x=-4.714, y=-2.048, yaw=-97.3° (body_relative forward=0.000, left=0.000, yaw_mode=previous_target_delta, yaw_delta=76.0°, source=(-4.714,-2.048,-173.3°), anchor=(-4.714,-2.048,current_pose), ref_yaw_source=current, ref_yaw=-173.3°), frame=camera_init, override=[6,-0.350,0.600], 到点后锁存模式=0, note=普通第5点：跳完后不再走 Nav2 接近，直接在当前点执行反向固定自旋覆盖（mode=6,left=0.6,right=-0.35）完成转向。转完后进入 turn_180_yaw_settle，若姿态未收准则原地补正。[0m
[INFO] [1783734156.027038255] [slope_manager]: [0;94mwaypoint=6/18 turn_180_spin dist=0.032m, min_dist=0.003m, yaw_err=67.3deg, pose=(-4.703,-2.019), goal=(-4.714,-2.048), pose_frame=camera_init, goal_frame=camera_init, override=[6,-0.350,0.600][0m
[INFO] [1783734157.126719883] [slope_manager]: [0;94mwaypoint=6/18 turn_180_spin dist=0.171m, min_dist=0.003m, yaw_err=8.6deg, pose=(-4.549,-2.006), goal=(-4.714,-2.048), pose_frame=camera_init, goal_frame=camera_init, override=[6,-0.350,0.600][0m
[INFO] [1783734157.222284338] [slope_manager]: [1;32m到点成功: waypoint[5]=turn_180_spin, dist=0.184, min_dist=0.003, yaw_err=2.9deg, reason=distance_tolerance[0m
[INFO] [1783734157.222803847] [slope_manager]: [1;35m发布模式: 0 (正常行走)[0m
[INFO] [1783734157.223282821] [slope_manager]: [1;35m发布上坡步长滤波: False[0m
[INFO] [1783734157.223753758] [slope_manager]: [1;35m发布路径修正profile: 2 (0=关闭, 1=普通, 2=上坡强修正, 3=强修正符号验证)[0m
[INFO] [1783734157.224166182] [slope_manager]: [1;32m已到达 waypoint[5]=turn_180_spin，切换模式为 0 (正常行走)，上坡滤波=False，路径修正profile=2，并锁存到下一个 waypoint。[0m
[INFO] [1783734157.224580211] [slope_manager]: waypoint[5]=turn_180_spin 到点后零步长保持: override=[0,0.000,0.000]，持续 0.45s。
[INFO] [1783734157.224983596] [slope_manager]: waypoint[5]=turn_180_spin 到点后等待 0.45s，再切换到下一个目标。
[INFO] [1783734157.676096324] [slope_manager]: [1;36m切换到下一个 waypoint: 7 / 18[0m
[INFO] [1783734157.676960354] [slope_manager]: 解析机身相对 waypoint[6]=turn_180_yaw_settle: source=(-4.489,-2.024,-93.1deg), anchor=(-4.489,-2.024,current_pose), body_offset=(forward=0.000, left=0.000), yaw_mode=absolute, yaw_delta=0.0deg, ref_yaw_source=target_yaw, ref_yaw=179.5deg, target=(-4.489,-2.024,179.5deg), frame=camera_init
[INFO] [1783734157.679115237] [slope_manager]: [1;36m发送直驱覆盖点[7/18](attempt=1): turn_180_yaw_settle -> x=-4.489, y=-2.024, yaw=179.5° (body_relative forward=0.000, left=0.000, yaw_mode=absolute, yaw_delta=0.0°, source=(-4.489,-2.024,-93.1°), anchor=(-4.489,-2.024,current_pose), ref_yaw_source=target_yaw, ref_yaw=179.5°), frame=camera_init, override=[6,0.200,-0.150], yaw_dir=cw,yaw_err=-87.4deg, 到点后锁存模式=0, note=转身后姿态粗补正点：同点位 mode=6 零基础步长，按 yaw_err 方向使用非对称固定差速先补到 -180deg 附近；随后进入 bridge_tag_yaw_lock，用 bridge tag pose_pitch 精锁过桥角。[0m
[INFO] [1783734158.226767097] [slope_manager]: [0;94mwaypoint=7/18 turn_180_yaw_settle dist=0.038m, min_dist=0.002m, yaw_err=77.3deg, pose=(-4.526,-2.013), goal=(-4.489,-2.024), pose_frame=camera_init, goal_frame=camera_init, override=[6,0.200,-0.150], yaw_dir=cw,yaw_err=-77.3deg[0m
[INFO] [1783734159.226890236] [slope_manager]: [0;94mwaypoint=7/18 turn_180_yaw_settle dist=0.067m, min_dist=0.002m, yaw_err=53.5deg, pose=(-4.537,-2.070), goal=(-4.489,-2.024), pose_frame=camera_init, goal_frame=camera_init, override=[6,0.200,-0.150], yaw_dir=cw,yaw_err=-53.5deg[0m
[INFO] [1783734160.326676042] [slope_manager]: [0;94mwaypoint=7/18 turn_180_yaw_settle dist=0.164m, min_dist=0.002m, yaw_err=25.8deg, pose=(-4.624,-2.116), goal=(-4.489,-2.024), pose_frame=camera_init, goal_frame=camera_init, override=[6,0.200,-0.150], yaw_dir=cw,yaw_err=-25.8deg[0m
[INFO] [1783734161.194796623] [slope_manager]: [1;32m到点成功: waypoint[6]=turn_180_yaw_settle, dist=0.223, min_dist=0.002, yaw_err=1.5deg, reason=distance_memory_with_yaw[0m
[INFO] [1783734161.195212048] [slope_manager]: [1;35m发布模式: 0 (正常行走)[0m
[INFO] [1783734161.195601315] [slope_manager]: [1;35m发布上坡步长滤波: False[0m
[INFO] [1783734161.196031432] [slope_manager]: [1;35m发布路径修正profile: 2 (0=关闭, 1=普通, 2=上坡强修正, 3=强修正符号验证)[0m
[INFO] [1783734161.196390221] [slope_manager]: [1;32m已到达 waypoint[6]=turn_180_yaw_settle，切换模式为 0 (正常行走)，上坡滤波=False，路径修正profile=2，并锁存到下一个 waypoint。[0m
[INFO] [1783734161.196683158] [slope_manager]: waypoint[6]=turn_180_yaw_settle 到点后零步长保持: override=[0,0.000,0.000]，持续 0.10s。
[INFO] [1783734161.196919225] [slope_manager]: waypoint[6]=turn_180_yaw_settle 到点后等待 0.10s，再切换到下一个目标。
[INFO] [1783734161.298431481] [slope_manager]: [1;36m切换到下一个 waypoint: 8 / 18[0m
[INFO] [1783734161.298970105] [slope_manager]: 解析机身相对 waypoint[7]=bridge_entry: source=(-4.709,-2.075,179.1deg), anchor=(-4.489,-2.024,waypoint_target:turn_180_yaw_settle), body_offset=(forward=1.150, left=0.000), yaw_mode=previous_target, yaw_delta=0.0deg, ref_yaw_source=target_yaw, ref_yaw=179.5deg, target=(-4.499,-3.174,179.5deg), frame=camera_init
[INFO] [1783734161.299388645] [slope_manager]: [1;35m发布路径修正profile: 2 (0=关闭, 1=普通, 2=上坡强修正, 3=强修正符号验证)[0m
[INFO] [1783734161.299845855] [slope_manager]: [1;36m发送直驱覆盖点[8/18](attempt=1): bridge_entry -> x=-4.499, y=-3.174, yaw=179.5° (body_relative forward=1.150, left=0.000, yaw_mode=previous_target, yaw_delta=0.0°, source=(-4.709,-2.075,179.1°), anchor=(-4.489,-2.024,waypoint_target:turn_180_yaw_settle), ref_yaw_source=target_yaw, ref_yaw=179.5°), frame=camera_init, path_reference=/serial_path_reference, override=[0,0.250,0.250], ramp=0.00,elapsed=0.00/0.90s, 到点后锁存模式=0, note=过桥前点：当前 bridge_tag_yaw_lock 关闭，沿 turn_180_yaw_settle 的目标点和目标 yaw 固定直驱到桥入口；本点不再同点位自旋修姿态，到点后直接进入 bridge_exit。[0m
[INFO] [1783734161.326828214] [slope_manager]: [0;94mwaypoint=8/18 bridge_entry dist=1.118m, min_dist=1.118m, yaw_err=1.0deg, pose=(-4.712,-2.076), goal=(-4.499,-3.174), pose_frame=camera_init, goal_frame=camera_init, line_progress=0.000/1.118m (0%), line_remaining=1.118m, line_lateral=0.003m, override=[0,0.251,0.251], ramp=0.00,elapsed=0.03/0.90s[0m
[INFO] [1783734162.027028760] [slope_manager]: direct_step yaw recovery 触发: waypoint[7]=bridge_entry, yaw_err=4.0deg >= 3.0deg, lat=0.047m, progress=0.13。暂停基准线修正，只做趴下姿态回正。
[INFO] [1783734162.426704441] [slope_manager]: [0;94mwaypoint=8/18 bridge_entry dist=0.744m, min_dist=0.744m, yaw_err=6.4deg, pose=(-4.676,-2.451), goal=(-4.499,-3.174), pose_frame=camera_init, goal_frame=camera_init, line_progress=0.375/1.118m (34%), line_remaining=0.743m, line_lateral=0.038m, override=[0,0.200,-0.150], yaw_recovery=active,yaw_err=-6.4deg,turn=0.175,lat=0.038,progress=0.34[0m
[INFO] [1783734163.527478250] [slope_manager]: [0;94mwaypoint=8/18 bridge_entry dist=0.699m, min_dist=0.696m, yaw_err=5.8deg, pose=(-4.655,-2.492), goal=(-4.499,-3.174), pose_frame=camera_init, goal_frame=camera_init, line_progress=0.420/1.118m (38%), line_remaining=0.698m, line_lateral=0.026m, override=[0,0.200,-0.150], yaw_recovery=active,yaw_err=-5.8deg,turn=0.175,lat=0.026,progress=0.38[0m
[WARN] [1783734169.308614496] [slope_manager]: [1;33m定位数据超时: pose_age=5.65s，当前暂停到点判定。[0m
[WARN] [1783734169.327384005] [slope_manager]: [1;33mdirect_step yaw recovery 超时退出: waypoint[7]=bridge_entry, yaw_err=67.9deg, timeout=2.00s，恢复基准线趴走。[0m
[INFO] [1783734169.327809340] [slope_manager]: [0;94mwaypoint=8/18 bridge_entry dist=0.496m, min_dist=0.496m, yaw_err=67.9deg, pose=(-4.976,-3.036), goal=(-4.499,-3.174), pose_frame=camera_init, goal_frame=camera_init, line_progress=0.894/1.118m (80%), line_remaining=0.224m, line_lateral=0.443m, override=[0,0.800,0.800], ramp=1.00,elapsed=8.03/0.90s[0m
[INFO] [1783734170.426805968] [slope_manager]: [0;94mwaypoint=8/18 bridge_entry dist=51.929m, min_dist=0.491m, yaw_err=51.4deg, pose=(-54.991,-15.304), goal=(-4.499,-3.174), pose_frame=camera_init, goal_frame=camera_init, line_progress=3.589/1.118m (321%), line_remaining=-2.471m, line_lateral=51.870m, override=[0,0.800,0.800], ramp=1.00,elapsed=9.13/0.90s[0m
[INFO] [1783734171.426868279] [slope_manager]: [0;94mwaypoint=8/18 bridge_entry dist=95.140m, min_dist=0.491m, yaw_err=48.6deg, pose=(-98.614,-17.104), goal=(-4.499,-3.174), pose_frame=camera_init, goal_frame=camera_init, line_progress=-2.803/1.118m (-251%), line_remaining=3.921m, line_lateral=95.059m, override=[0,0.800,0.800], ramp=1.00,elapsed=10.13/0.90s[0m
[INFO] [1783734172.526850318] [slope_manager]: [0;94mwaypoint=8/18 bridge_entry dist=138.539m, min_dist=0.491m, yaw_err=58.7deg, pose=(-142.892,-9.520), goal=(-4.499,-3.174), pose_frame=camera_init, goal_frame=camera_init, line_progress=-18.536/1.118m (-1658%), line_remaining=19.654m, line_lateral=137.137m, override=[0,0.800,0.800], ramp=1.00,elapsed=11.23/0.90s[0m
[INFO] [1783734173.527094340] [slope_manager]: [0;94mwaypoint=8/18 bridge_entry dist=170.753m, min_dist=0.491m, yaw_err=54.6deg, pose=(-175.199,1.074), goal=(-4.499,-3.174), pose_frame=camera_init, goal_frame=camera_init, line_progress=-34.987/1.118m (-3129%), line_remaining=36.105m, line_lateral=166.892m, override=[0,0.800,0.800], ramp=1.00,elapsed=12.23/0.90s[0m
[INFO] [1783734174.626784191] [slope_manager]: [0;94mwaypoint=8/18 bridge_entry dist=201.965m, min_dist=0.491m, yaw_err=60.4deg, pose=(-205.599,15.502), goal=(-4.499,-3.174), pose_frame=camera_init, goal_frame=camera_init, line_progress=-54.847/1.118m (-4905%), line_remaining=55.965m, line_lateral=194.056m, override=[0,0.800,0.800], ramp=1.00,elapsed=13.33/0.90s[0m
[INFO] [1783734175.626795089] [slope_manager]: [0;94mwaypoint=8/18 bridge_entry dist=225.352m, min_dist=0.491m, yaw_err=72.0deg, pose=(-227.600,28.603), goal=(-4.499,-3.174), pose_frame=camera_init, goal_frame=camera_init, line_progress=-71.832/1.118m (-6424%), line_remaining=72.950m, line_lateral=213.217m, override=[0,0.800,0.800], ramp=1.00,elapsed=14.33/0.90s[0m
[INFO] [1783734176.626825353] [slope_manager]: [0;94mwaypoint=8/18 bridge_entry dist=244.782m, min_dist=0.491m, yaw_err=88.1deg, pose=(-245.135,41.688), goal=(-4.499,-3.174), pose_frame=camera_init, goal_frame=camera_init, line_progress=-87.967/1.118m (-7867%), line_remaining=89.085m, line_lateral=227.996m, override=[0,0.800,0.800], ramp=1.00,elapsed=15.33/0.90s[0m
[INFO] [1783734177.628215039] [slope_manager]: [0;94mwaypoint=8/18 bridge_entry dist=260.791m, min_dist=0.491m, yaw_err=113.6deg, pose=(-258.894,54.232), goal=(-4.499,-3.174), pose_frame=camera_init, goal_frame=camera_init, line_progress=-102.863/1.118m (-9200%), line_remaining=103.981m, line_lateral=239.165m, override=[0,0.800,0.800], ramp=1.00,elapsed=16.33/0.90s[0m
[INFO] [1783734178.726852615] [slope_manager]: [0;94mwaypoint=8/18 bridge_entry dist=274.705m, min_dist=0.491m, yaw_err=125.4deg, pose=(-270.210,66.547), goal=(-4.499,-3.174), pose_frame=camera_init, goal_frame=camera_init, line_progress=-117.077/1.118m (-10471%), line_remaining=118.196m, line_lateral=247.977m, override=[0,0.800,0.800], ramp=1.00,elapsed=17.43/0.90s[0m
[INFO] [1783734179.826819087] [slope_manager]: [0;94mwaypoint=8/18 bridge_entry dist=284.986m, min_dist=0.491m, yaw_err=116.2deg, pose=(-278.378,75.613), goal=(-4.499,-3.174), pose_frame=camera_init, goal_frame=camera_init, line_progress=-127.511/1.118m (-11404%), line_remaining=128.629m, line_lateral=254.306m, override=[0,0.800,0.800], ramp=1.00,elapsed=18.53/0.90s[0m
[INFO] [1783734180.926772847] [slope_manager]: [0;94mwaypoint=8/18 bridge_entry dist=291.122m, min_dist=0.491m, yaw_err=125.9deg, pose=(-283.163,81.081), goal=(-4.499,-3.174), pose_frame=camera_init, goal_frame=camera_init, line_progress=-133.778/1.118m (-11964%), line_remaining=134.896m, line_lateral=257.983m, override=[0,0.800,0.800], ramp=1.00,elapsed=19.63/0.90s[0m
[INFO] [1783734182.026682651] [slope_manager]: [0;94mwaypoint=8/18 bridge_entry dist=294.172m, min_dist=0.491m, yaw_err=127.3deg, pose=(-285.479,83.935), goal=(-4.499,-3.174), pose_frame=camera_init, goal_frame=camera_init, line_progress=-137.014/1.118m (-12254%), line_remaining=138.133m, line_lateral=259.724m, override=[0,0.800,0.800], ramp=1.00,elapsed=20.73/0.90s[0m
[INFO] [1783734183.026799317] [slope_manager]: [0;94mwaypoint=8/18 bridge_entry dist=294.010m, min_dist=0.491m, yaw_err=129.2deg, pose=(-285.309,83.932), goal=(-4.499,-3.174), pose_frame=camera_init, goal_frame=camera_init, line_progress=-136.980/1.118m (-12251%), line_remaining=138.098m, line_lateral=259.558m, override=[0,0.800,0.800], ramp=1.00,elapsed=21.73/0.90s[0m
[INFO] [1783734184.027068112] [slope_manager]: [0;94mwaypoint=8/18 bridge_entry dist=293.841m, min_dist=0.491m, yaw_err=128.2deg, pose=(-285.128,83.948), goal=(-4.499,-3.174), pose_frame=camera_init, goal_frame=camera_init, line_progress=-136.962/1.118m (-12249%), line_remaining=138.080m, line_lateral=259.378m, override=[0,0.800,0.800], ramp=1.00,elapsed=22.73/0.90s[0m
[INFO] [1783734185.027113226] [slope_manager]: [0;94mwaypoint=8/18 bridge_entry dist=292.499m, min_dist=0.491m, yaw_err=2.3deg, pose=(-283.944,83.235), goal=(-4.499,-3.174), pose_frame=camera_init, goal_frame=camera_init, line_progress=-136.040/1.118m (-12167%), line_remaining=137.158m, line_lateral=258.347m, override=[0,0.800,0.800], ramp=1.00,elapsed=23.73/0.90s[0m
[INFO] [1783734186.027139140] [slope_manager]: [0;94mwaypoint=8/18 bridge_entry dist=289.151m, min_dist=0.491m, yaw_err=17.8deg, pose=(-281.469,79.872), goal=(-4.499,-3.174), pose_frame=camera_init, goal_frame=camera_init, line_progress=-132.273/1.118m (-11830%), line_remaining=133.391m, line_lateral=256.545m, override=[0,0.800,0.800], ramp=1.00,elapsed=24.73/0.90s[0m
[INFO] [1783734187.127209548] [slope_manager]: [0;94mwaypoint=8/18 bridge_entry dist=281.961m, min_dist=0.491m, yaw_err=30.3deg, pose=(-275.758,73.773), goal=(-4.499,-3.174), pose_frame=camera_init, goal_frame=camera_init, line_progress=-125.214/1.118m (-11198%), line_remaining=126.332m, line_lateral=252.076m, override=[0,0.800,0.800], ramp=1.00,elapsed=25.83/0.90s[0m
[INFO] [1783734188.127741699] [slope_manager]: [0;94mwaypoint=8/18 bridge_entry dist=274.336m, min_dist=0.491m, yaw_err=26.0deg, pose=(-269.542,67.627), goal=(-4.499,-3.174), pose_frame=camera_init, goal_frame=camera_init, line_progress=-118.013/1.118m (-10554%), line_remaining=119.131m, line_lateral=247.120m, override=[0,0.800,0.800], ramp=1.00,elapsed=26.83/0.90s[0m
[INFO] [1783734189.128312791] [slope_manager]: [0;94mwaypoint=8/18 bridge_entry dist=263.769m, min_dist=0.491m, yaw_err=2.6deg, pose=(-260.810,59.108), goal=(-4.499,-3.174), pose_frame=camera_init, goal_frame=camera_init, line_progress=-108.012/1.118m (-9660%), line_remaining=109.130m, line_lateral=240.135m, override=[0,0.800,0.800], ramp=1.00,elapsed=27.83/0.90s[0m
[INFO] [1783734190.227169519] [slope_manager]: [0;94mwaypoint=8/18 bridge_entry dist=247.310m, min_dist=0.491m, yaw_err=30.0deg, pose=(-246.789,46.404), goal=(-4.499,-3.174), pose_frame=camera_init, goal_frame=camera_init, line_progress=-92.909/1.118m (-8309%), line_remaining=94.027m, line_lateral=228.738m, override=[0,0.800,0.800], ramp=1.00,elapsed=28.93/0.90s[0m
[INFO] [1783734191.327325198] [slope_manager]: [0;94mwaypoint=8/18 bridge_entry dist=226.217m, min_dist=0.491m, yaw_err=35.5deg, pose=(-228.209,30.413), goal=(-4.499,-3.174), pose_frame=camera_init, goal_frame=camera_init, line_progress=-73.724/1.118m (-6593%), line_remaining=74.842m, line_lateral=213.478m, override=[0,0.800,0.800], ramp=1.00,elapsed=30.03/0.90s[0m
[INFO] [1783734192.426943691] [slope_manager]: [0;94mwaypoint=8/18 bridge_entry dist=201.069m, min_dist=0.491m, yaw_err=24.3deg, pose=(-205.034,11.468), goal=(-4.499,-3.174), pose_frame=camera_init, goal_frame=camera_init, line_progress=-50.778/1.118m (-4541%), line_remaining=51.896m, line_lateral=194.256m, override=[0,0.800,0.800], ramp=1.00,elapsed=31.13/0.90s[0m
[INFO] [1783734193.427692991] [slope_manager]: [0;94mwaypoint=8/18 bridge_entry dist=175.178m, min_dist=0.491m, yaw_err=27.9deg, pose=(-179.658,-5.735), goal=(-4.499,-3.174), pose_frame=camera_init, goal_frame=camera_init, line_progress=-29.132/1.118m (-2605%), line_remaining=30.250m, line_lateral=172.546m, override=[0,0.800,0.800], ramp=1.00,elapsed=32.13/0.90s[0m
[INFO] [1783734194.527583054] [slope_manager]: [0;94mwaypoint=8/18 bridge_entry dist=147.483m, min_dist=0.491m, yaw_err=1.2deg, pose=(-150.651,-22.951), goal=(-4.499,-3.174), pose_frame=camera_init, goal_frame=camera_init, line_progress=-6.794/1.118m (-608%), line_remaining=7.912m, line_lateral=147.271m, override=[0,0.800,0.800], ramp=1.00,elapsed=33.23/0.90s[0m
[INFO] [1783734195.527420118] [slope_manager]: [0;94mwaypoint=8/18 bridge_entry dist=125.273m, min_dist=0.491m, yaw_err=16.8deg, pose=(-125.093,-37.091), goal=(-4.499,-3.174), pose_frame=camera_init, goal_frame=camera_init, line_progress=11.878/1.118m (1062%), line_remaining=-10.760m, line_lateral=124.810m, override=[0,0.800,0.800], ramp=1.00,elapsed=34.23/0.90s[0m
[INFO] [1783734196.627154025] [slope_manager]: [0;94mwaypoint=8/18 bridge_entry dist=102.134m, min_dist=0.491m, yaw_err=37.6deg, pose=(-94.907,-50.691), goal=(-4.499,-3.174), pose_frame=camera_init, goal_frame=camera_init, line_progress=30.884/1.118m (2762%), line_remaining=-29.766m, line_lateral=97.700m, override=[0,0.800,0.800], ramp=1.00,elapsed=35.33/0.90s[0m
[INFO] [1783734197.627225895] [slope_manager]: [0;94mwaypoint=8/18 bridge_entry dist=81.915m, min_dist=0.491m, yaw_err=92.4deg, pose=(-65.868,-57.431), goal=(-4.499,-3.174), pose_frame=camera_init, goal_frame=camera_init, line_progress=42.938/1.118m (3840%), line_remaining=-41.820m, line_lateral=70.436m, override=[0,0.800,0.800], ramp=1.00,elapsed=36.33/0.90s[0m
[INFO] [1783734198.727232222] [slope_manager]: [0;94mwaypoint=8/18 bridge_entry dist=61.915m, min_dist=0.491m, yaw_err=78.9deg, pose=(-30.662,-59.289), goal=(-4.499,-3.174), pose_frame=camera_init, goal_frame=camera_init, line_progress=51.349/1.118m (4592%), line_remaining=-50.231m, line_lateral=36.198m, override=[0,0.800,0.800], ramp=1.00,elapsed=37.43/0.90s[0m
[INFO] [1783734199.727705758] [slope_manager]: [0;94mwaypoint=8/18 bridge_entry dist=58.764m, min_dist=0.491m, yaw_err=72.9deg, pose=(4.483,-61.247), goal=(-4.499,-3.174), pose_frame=camera_init, goal_frame=camera_init, line_progress=59.847/1.118m (5352%), line_remaining=-58.728m, line_lateral=2.039m, override=[0,0.800,0.800], ramp=1.00,elapsed=38.43/0.90s[0m
[INFO] [1783734200.827381914] [slope_manager]: [0;94mwaypoint=8/18 bridge_entry dist=80.235m, min_dist=0.491m, yaw_err=76.5deg, pose=(46.487,-65.126), goal=(-4.499,-3.174), pose_frame=camera_init, goal_frame=camera_init, line_progress=71.515/1.118m (6396%), line_remaining=-70.397m, line_lateral=-38.497m, override=[0,0.800,0.800], ramp=1.00,elapsed=39.53/0.90s[0m
[INFO] [1783734201.928044205] [slope_manager]: [0;94mwaypoint=8/18 bridge_entry dist=114.961m, min_dist=0.491m, yaw_err=76.8deg, pose=(88.291,-71.041), goal=(-4.499,-3.174), pose_frame=camera_init, goal_frame=camera_init, line_progress=85.146/1.118m (7615%), line_remaining=-84.028m, line_lateral=-78.456m, override=[0,0.800,0.800], ramp=1.00,elapsed=40.63/0.90s[0m
[INFO] [1783734203.027156653] [slope_manager]: [0;94mwaypoint=8/18 bridge_entry dist=156.393m, min_dist=0.491m, yaw_err=82.8deg, pose=(132.381,-78.821), goal=(-4.499,-3.174), pose_frame=camera_init, goal_frame=camera_init, line_progress=101.036/1.118m (9036%), line_remaining=-99.918m, line_lateral=-120.313m, override=[0,0.800,0.800], ramp=1.00,elapsed=41.73/0.90s[0m
