[INFO] [1784183040.540142525] [orange_hurdle_jump_test]: state=DETECTOR_ONLY
[INFO] [1784183040.541548838] [orange_hurdle_jump_test]: orange_hurdle_jump_test started: color=/camera/color/image_raw, depth=/camera/aligned_depth_to_color/image_raw, detector_only=True, serial=/dev/ttyUSB0@115200, trigger_distance=0.58m, walk=[0,1.000,1.000], stand=[0,0.000,0.000], jump=[4,0.000,0.000]
[INFO] [1784183040.569138610] [orange_hurdle_jump_test]: 等待对齐深度图。
[INFO] [1784183040.570856268] [orange_hurdle_jump_test]: [1;95m触发状态更新: trigger=False[0m
[INFO] [1784183040.814976999] [orange_hurdle_jump_test]: [0;33m未检测到有效橘色横栏: candidates=0, frame=5, mask_px=14772, contours=11, largest=area:6577,box:154x77,aspect:2.00,reject:depth_px:0, hsv_lower=[28, 40, 35], hsv_upper=[95, 255, 255][0m
[INFO] [1784183041.080628885] [orange_hurdle_jump_test]: [0;33m未检测到有效橘色横栏: candidates=0, frame=9, mask_px=78740, contours=3, largest=area:78044,box:424x240,aspect:1.77,reject:top_edge:-0.324m(err=-0.324), hsv_lower=[28, 40, 35], hsv_upper=[95, 255, 255][0m
[INFO] [1784183041.286857626] [orange_hurdle_jump_test]: [0;33m未检测到有效橘色横栏: candidates=0, frame=12, mask_px=89180, contours=1, largest=area:88656,box:424x240,aspect:1.77,reject:top_edge:-0.322m(err=-0.322), hsv_lower=[28, 40, 35], hsv_upper=[95, 255, 255][0m
[INFO] [1784183041.486372568] [orange_hurdle_jump_test]: [0;33m未检测到有效橘色横栏: candidates=0, frame=15, mask_px=96671, contours=1, largest=area:98080,box:424x240,aspect:1.77,reject:top_edge:-0.323m(err=-0.323), hsv_lower=[28, 40, 35], hsv_upper=[95, 255, 255][0m
[INFO] [1784183041.749072068] [orange_hurdle_jump_test]: [0;33m未检测到有效橘色横栏: candidates=0, frame=19, mask_px=94909, contours=3, largest=area:94284,box:424x240,aspect:1.77,reject:top_edge:-0.322m(err=-0.322), hsv_lower=[28, 40, 35], hsv_upper=[95, 255, 255][0m
[INFO] [1784183042.014998508] [orange_hurdle_jump_test]: [0;33m未检测到有效橘色横栏: candidates=0, frame=23, mask_px=92433, contours=7, largest=area:89884,box:424x240,aspect:1.77,reject:top_edge:-0.322m(err=-0.322), hsv_lower=[28, 40, 35], hsv_upper=[95, 255, 255][0m
[INFO] [1784183042.213980828] [orange_hurdle_jump_test]: [0;33m未检测到有效橘色横栏: candidates=0, frame=26, mask_px=90097, contours=8, largest=area:87778,box:424x240,aspect:1.77,reject:top_edge:-0.322m(err=-0.322), hsv_lower=[28, 40, 35], hsv_upper=[95, 255, 255][0m
[INFO] [1784183042.416197957] [orange_hurdle_jump_test]: [0;33m未检测到有效橘色横栏: candidates=0, frame=29, mask_px=87798, contours=6, largest=area:87010,box:424x240,aspect:1.77,reject:top_edge:-0.323m(err=-0.323), hsv_lower=[28, 40, 35], hsv_upper=[95, 255, 255][0m
[INFO] [1784183042.616341529] [orange_hurdle_jump_test]: [0;33m未检测到有效橘色横栏: candidates=0, frame=32, mask_px=84115, contours=6, largest=area:85712,box:424x240,aspect:1.77,reject:top_edge:-0.324m(err=-0.324), hsv_lower=[28, 40, 35], hsv_upper=[95, 255, 255][0m
[INFO] [1784183042.881558307] [orange_hurdle_jump_test]: [0;33m未检测到有效橘色横栏: candidates=0, frame=36, mask_px=74872, contours=6, largest=area:80192,box:424x240,aspect:1.77,reject:top_edge:-0.324m(err=-0.324), hsv_lower=[28, 40, 35], hsv_upper=[95, 255, 255][0m
[INFO] [1784183043.082327710] [orange_hurdle_jump_test]: [0;33m未检测到有效橘色横栏: candidates=0, frame=39, mask_px=63010, contours=11, largest=area:53674,box:424x240,aspect:1.77,reject:top_edge:-0.323m(err=-0.323), hsv_lower=[28, 40, 35], hsv_upper=[95, 255, 255][0m
[INFO] [1784183043.282397305] [orange_hurdle_jump_test]: [0;33m未检测到有效橘色横栏: candidates=0, frame=42, mask_px=53609, contours=12, largest=area:45294,box:420x240,aspect:1.75,reject:top_edge:-0.320m(err=-0.320), hsv_lower=[28, 40, 35], hsv_upper=[95, 255, 255][0m
[INFO] [1784183043.495297575] [orange_hurdle_jump_test]: [1;34m最近横栏: dist=0.820m, lateral=-0.016m, vertical=0.219m, pixel=(207.4,197.8), box=405x103, depth_px=25856, candidates=1, trigger=False[0m
[INFO] [1784183043.748594681] [orange_hurdle_jump_test]: [1;34m最近横栏: dist=0.824m, lateral=-0.082m, vertical=0.223m, pixel=(183.1,198.8), box=346x102, depth_px=21915, candidates=1, trigger=False[0m
[INFO] [1784183043.948743576] [orange_hurdle_jump_test]: [1;34m最近横栏: dist=0.820m, lateral=-0.077m, vertical=0.225m, pixel=(184.8,199.9), box=336x102, depth_px=21075, candidates=1, trigger=False[0m
[INFO] [1784183044.148924337] [orange_hurdle_jump_test]: [1;34m最近横栏: dist=0.822m, lateral=-0.079m, vertical=0.225m, pixel=(184.3,199.9), box=328x102, depth_px=20011, candidates=1, trigger=False[0m
[INFO] [1784183044.349125911] [orange_hurdle_jump_test]: [1;34m最近横栏: dist=0.828m, lateral=-0.100m, vertical=0.225m, pixel=(176.7,199.1), box=323x102, depth_px=20169, candidates=1, trigger=False[0m
[INFO] [1784183044.549834536] [orange_hurdle_jump_test]: [1;34m最近横栏: dist=0.784m, lateral=-0.093m, vertical=0.199m, pixel=(177.4,193.9), box=346x102, depth_px=19633, candidates=1, trigger=False[0m
[INFO] [1784183044.751562624] [orange_hurdle_jump_test]: [1;34m最近横栏: dist=0.805m, lateral=-0.186m, vertical=0.219m, pixel=(143.4,199.3), box=320x103, depth_px=16576, candidates=1, trigger=False[0m
[INFO] [1784183045.015773191] [orange_hurdle_jump_test]: [1;34m最近横栏: dist=0.797m, lateral=-0.179m, vertical=0.262m, pixel=(145.4,216.5), box=252x66, depth_px=9466, candidates=1, trigger=False[0m
[INFO] [1784183045.215886977] [orange_hurdle_jump_test]: [1;34m最近横栏: dist=0.805m, lateral=-0.094m, vertical=0.241m, pixel=(177.9,207.4), box=302x99, depth_px=14616, candidates=1, trigger=False[0m
[INFO] [1784183045.416305634] [orange_hurdle_jump_test]: [1;34m最近横栏: dist=0.816m, lateral=-0.079m, vertical=0.239m, pixel=(184.1,205.5), box=320x96, depth_px=18370, candidates=1, trigger=False[0m
[INFO] [1784183045.682516712] [orange_hurdle_jump_test]: [1;34m最近横栏: dist=0.822m, lateral=-0.018m, vertical=0.229m, pixel=(206.6,201.1), box=367x101, depth_px=24221, candidates=1, trigger=False[0m
[INFO] [1784183045.883105172] [orange_hurdle_jump_test]: [1;34m最近横栏: dist=0.822m, lateral=-0.042m, vertical=0.231m, pixel=(197.9,201.9), box=340x100, depth_px=21777, candidates=1, trigger=False[0m
[INFO] [1784183046.083803918] [orange_hurdle_jump_test]: [1;34m最近横栏: dist=0.812m, lateral=0.421m, vertical=0.237m, pixel=(370.1,205.4), box=108x79, depth_px=5031, candidates=2, trigger=False[0m
[INFO] [1784183046.349936303] [orange_hurdle_jump_test]: [1;34m最近横栏: dist=0.822m, lateral=-0.126m, vertical=0.223m, pixel=(167.1,198.9), box=258x101, depth_px=14534, candidates=1, trigger=False[0m
[INFO] [1784183046.616546326] [orange_hurdle_jump_test]: [1;34m最近横栏: dist=0.832m, lateral=-0.048m, vertical=0.214m, pixel=(196.0,194.7), box=168x100, depth_px=9650, candidates=1, trigger=False[0m
[INFO] [1784183046.816274973] [orange_hurdle_jump_test]: [1;34m最近横栏: dist=0.841m, lateral=-0.010m, vertical=0.205m, pixel=(209.7,190.5), box=187x99, depth_px=8369, candidates=1, trigger=False[0m
[INFO] [1784183047.016778323] [orange_hurdle_jump_test]: [1;34m最近横栏: dist=0.818m, lateral=0.067m, vertical=0.197m, pixel=(238.0,189.9), box=184x99, depth_px=4405, candidates=1, trigger=False[0m
[INFO] [1784183047.216456283] [orange_hurdle_jump_test]: [0;33m未检测到有效橘色横栏: candidates=0, frame=101, mask_px=7303, contours=9, largest=area:4924,box:114x99,aspect:1.15,reject:aspect, hsv_lower=[28, 40, 35], hsv_upper=[95, 255, 255][0m
[INFO] [1784183047.416898643] [orange_hurdle_jump_test]: [1;34m最近横栏: dist=0.808m, lateral=0.088m, vertical=0.208m, pixel=(246.4,195.0), box=174x99, depth_px=4694, candidates=1, trigger=False[0m
[INFO] [1784183047.683890997] [orange_hurdle_jump_test]: [1;34m最近横栏: dist=0.820m, lateral=0.072m, vertical=0.198m, pixel=(239.7,189.9), box=200x100, depth_px=4496, candidates=1, trigger=False[0m
[INFO] [1784183047.885093830] [orange_hurdle_jump_test]: [1;34m最近横栏: dist=0.830m, lateral=0.057m, vertical=0.202m, pixel=(233.9,190.4), box=214x100, depth_px=7505, candidates=1, trigger=False[0m
[INFO] [1784183048.084786624] [orange_hurdle_jump_test]: [1;34m最近横栏: dist=0.812m, lateral=0.059m, vertical=0.203m, pixel=(235.4,192.5), box=201x100, depth_px=6660, candidates=1, trigger=False[0m
[INFO] [1784183048.350788590] [orange_hurdle_jump_test]: [1;34m最近横栏: dist=0.807m, lateral=0.109m, vertical=0.206m, pixel=(254.1,194.3), box=180x99, depth_px=3711, candidates=1, trigger=False[0m
[INFO] [1784183048.551374071] [orange_hurdle_jump_test]: [1;34m最近横栏: dist=0.820m, lateral=0.073m, vertical=0.196m, pixel=(240.1,189.2), box=204x101, depth_px=6569, candidates=1, trigger=False[0m
[INFO] [1784183048.752812986] [orange_hurdle_jump_test]: [1;34m最近横栏: dist=0.810m, lateral=0.076m, vertical=0.206m, pixel=(241.9,193.8), box=228x99, depth_px=5882, candidates=1, trigger=False[0m
[INFO] [1784183048.951553338] [orange_hurdle_jump_test]: [1;34m最近横栏: dist=0.801m, lateral=0.077m, vertical=0.209m, pixel=(242.5,195.8), box=216x101, depth_px=5089, candidates=1, trigger=False[0m
[INFO] [1784183049.218815875] [orange_hurdle_jump_test]: [1;34m最近横栏: dist=0.808m, lateral=0.084m, vertical=0.204m, pixel=(244.9,193.4), box=222x101, depth_px=5577, candidates=1, trigger=False[0m
[INFO] [1784183049.485984530] [orange_hurdle_jump_test]: [1;34m最近横栏: dist=0.828m, lateral=0.054m, vertical=0.199m, pixel=(232.9,189.8), box=208x101, depth_px=7582, candidates=1, trigger=False[0m
[INFO] [1784183049.751259978] [orange_hurdle_jump_test]: [1;34m最近横栏: dist=0.832m, lateral=0.072m, vertical=0.202m, pixel=(239.4,190.2), box=224x100, depth_px=7355, candidates=1, trigger=False[0m
[INFO] [1784183049.952824599] [orange_hurdle_jump_test]: [1;34m最近横栏: dist=0.816m, lateral=0.066m, vertical=0.199m, pixel=(237.6,190.8), box=208x101, depth_px=6968, candidates=1, trigger=False[0m
[INFO] [1784183050.153068671] [orange_hurdle_jump_test]: [1;34m最近横栏: dist=0.810m, lateral=0.075m, vertical=0.204m, pixel=(241.2,193.3), box=230x101, depth_px=6704, candidates=1, trigger=False[0m
[INFO] [1784183050.419274501] [orange_hurdle_jump_test]: [1;34m最近横栏: dist=0.822m, lateral=0.058m, vertical=0.200m, pixel=(234.7,190.5), box=215x100, depth_px=7145, candidates=1, trigger=False[0m
[INFO] [1784183050.619624496] [orange_hurdle_jump_test]: [1;34m最近横栏: dist=0.820m, lateral=0.070m, vertical=0.199m, pixel=(239.0,190.5), box=226x101, depth_px=7056, candidates=1, trigger=False[0m
[INFO] [1784183050.886900010] [orange_hurdle_jump_test]: [1;34m最近横栏: dist=0.816m, lateral=0.052m, vertical=0.201m, pixel=(232.6,191.6), box=216x101, depth_px=7236, candidates=1, trigger=False[0m
[INFO] [1784183051.086211996] [orange_hurdle_jump_test]: [1;34m最近横栏: dist=0.805m, lateral=0.069m, vertical=0.205m, pixel=(239.3,193.9), box=200x100, depth_px=6943, candidates=1, trigger=False[0m
[INFO] [1784183051.286819898] [orange_hurdle_jump_test]: [1;34m最近横栏: dist=0.803m, lateral=0.054m, vertical=0.206m, pixel=(233.7,194.5), box=228x100, depth_px=7973, candidates=1, trigger=False[0m
[INFO] [1784183051.488285171] [orange_hurdle_jump_test]: [1;34m最近横栏: dist=0.822m, lateral=0.059m, vertical=0.204m, pixel=(234.8,192.1), box=218x101, depth_px=7997, candidates=1, trigger=False[0m
[INFO] [1784183051.689011522] [orange_hurdle_jump_test]: [1;34m最近横栏: dist=0.814m, lateral=0.018m, vertical=0.202m, pixel=(220.0,191.9), box=240x100, depth_px=9023, candidates=1, trigger=False[0m
[INFO] [1784183051.957688250] [orange_hurdle_jump_test]: [1;34m最近横栏: dist=0.818m, lateral=0.034m, vertical=0.201m, pixel=(225.8,191.2), box=228x100, depth_px=9410, candidates=1, trigger=False[0m
[INFO] [1784183052.220460974] [orange_hurdle_jump_test]: [1;34m最近横栏: dist=0.818m, lateral=0.025m, vertical=0.201m, pixel=(222.6,191.5), box=240x101, depth_px=9265, candidates=1, trigger=False[0m
[INFO] [1784183052.487299725] [orange_hurdle_jump_test]: [1;34m最近横栏: dist=0.830m, lateral=0.041m, vertical=0.196m, pixel=(228.4,188.4), box=254x101, depth_px=7851, candidates=1, trigger=False[0m
[INFO] [1784183052.755304770] [orange_hurdle_jump_test]: [1;34m最近横栏: dist=0.818m, lateral=0.032m, vertical=0.199m, pixel=(225.0,190.7), box=236x101, depth_px=8868, candidates=1, trigger=False[0m
[INFO] [1784183053.020250004] [orange_hurdle_jump_test]: [1;34m最近横栏: dist=0.834m, lateral=0.004m, vertical=0.207m, pixel=(214.8,191.9), box=244x101, depth_px=9898, candidates=1, trigger=False[0m
[INFO] [1784183053.222774268] [orange_hurdle_jump_test]: [1;34m最近横栏: dist=0.810m, lateral=0.054m, vertical=0.210m, pixel=(233.4,195.5), box=234x101, depth_px=9066, candidates=2, trigger=False[0m
[INFO] [1784183053.488195511] [orange_hurdle_jump_test]: [1;34m最近横栏: dist=0.746m, lateral=-0.030m, vertical=0.181m, pixel=(201.0,190.4), box=270x101, depth_px=11097, candidates=1, trigger=False[0m
[INFO] [1784183053.754151882] [orange_hurdle_jump_test]: [1;34m最近横栏: dist=0.797m, lateral=-0.030m, vertical=0.224m, pixel=(201.8,202.1), box=198x99, depth_px=6946, candidates=1, trigger=False[0m
[INFO] [1784183053.955072087] [orange_hurdle_jump_test]: [0;33m未检测到有效橘色横栏: candidates=0, frame=202, mask_px=1377, contours=9, largest=area:786,box:66x54,aspect:1.22,reject:area+width+aspect, hsv_lower=[28, 40, 35], hsv_upper=[95, 255, 255][0m
[INFO] [1784183054.155497867] [orange_hurdle_jump_test]: [0;33m未检测到有效橘色横栏: candidates=0, frame=205, mask_px=293, contours=4, largest=area:84,box:14x8,aspect:1.75,reject:area+width+height, hsv_lower=[28, 40, 35], hsv_upper=[95, 255, 255][0m
[INFO] [1784183054.424197193] [orange_hurdle_jump_test]: [1;34m最近横栏: dist=0.797m, lateral=0.084m, vertical=0.210m, pixel=(245.1,196.7), box=160x99, depth_px=6236, candidates=1, trigger=False[0m
[INFO] [1784183054.688150648] [orange_hurdle_jump_test]: [0;33m未检测到有效橘色横栏: candidates=0, frame=213, mask_px=214, contours=1, largest=area:184,box:16x17,aspect:0.94,reject:area+width+height+aspect, hsv_lower=[28, 40, 35], hsv_upper=[95, 255, 255][0m
[INFO] [1784183054.957401001] [orange_hurdle_jump_test]: [0;33m未检测到有效橘色横栏: candidates=0, frame=217, mask_px=2000, contours=12, largest=area:916,box:44x35,aspect:1.26,reject:area+width, hsv_lower=[28, 40, 35], hsv_upper=[95, 255, 255][0m
[INFO] [1784183055.221877822] [orange_hurdle_jump_test]: [0;33m未检测到有效橘色横栏: candidates=0, frame=221, mask_px=3324, contours=8, largest=area:1136,box:44x56,aspect:0.79,reject:area+width+aspect, hsv_lower=[28, 40, 35], hsv_upper=[95, 255, 255][0m
[INFO] [1784183055.422820892] [orange_hurdle_jump_test]: [0;33m未检测到有效橘色横栏: candidates=0, frame=224, mask_px=2550, contours=4, largest=area:1962,box:72x100,aspect:0.72,reject:aspect, hsv_lower=[28, 40, 35], hsv_upper=[95, 255, 255][0m
[INFO] [1784183055.622535813] [orange_hurdle_jump_test]: [0;33m未检测到有效橘色横栏: candidates=0, frame=227, mask_px=3202, contours=6, largest=area:1639,box:60x51,aspect:1.18,reject:width+aspect, hsv_lower=[28, 40, 35], hsv_upper=[95, 255, 255][0m
[INFO] [1784183055.822496317] [orange_hurdle_jump_test]: [0;33m未检测到有效橘色横栏: candidates=0, frame=230, mask_px=5381, contours=12, largest=area:3765,box:87x99,aspect:0.88,reject:aspect, hsv_lower=[28, 40, 35], hsv_upper=[95, 255, 255][0m
[INFO] [1784183056.024531565] [orange_hurdle_jump_test]: [1;34m最近横栏: dist=0.810m, lateral=0.074m, vertical=0.198m, pixel=(241.1,191.0), box=164x101, depth_px=5026, candidates=1, trigger=False[0m
[INFO] [1784183056.289644507] [orange_hurdle_jump_test]: [1;34m最近横栏: dist=0.828m, lateral=0.095m, vertical=0.195m, pixel=(247.9,188.1), box=160x100, depth_px=2859, candidates=1, trigger=False[0m
[INFO] [1784183056.489401254] [orange_hurdle_jump_test]: [1;34m最近横栏: dist=0.812m, lateral=0.032m, vertical=0.191m, pixel=(225.3,188.0), box=193x101, depth_px=5768, candidates=1, trigger=False[0m
[INFO] [1784183056.690124227] [orange_hurdle_jump_test]: [1;34m最近横栏: dist=0.810m, lateral=0.050m, vertical=0.199m, pixel=(231.9,191.2), box=206x100, depth_px=6707, candidates=1, trigger=False[0m
[INFO] [1784183056.891488352] [orange_hurdle_jump_test]: [1;34m最近横栏: dist=0.820m, lateral=0.041m, vertical=0.202m, pixel=(228.6,191.5), box=215x100, depth_px=7539, candidates=1, trigger=False[0m
[INFO] [1784183057.092286901] [orange_hurdle_jump_test]: [1;34m最近横栏: dist=0.820m, lateral=0.063m, vertical=0.194m, pixel=(236.4,188.4), box=206x100, depth_px=6039, candidates=1, trigger=False[0m
[INFO] [1784183057.291378791] [orange_hurdle_jump_test]: [1;34m最近横栏: dist=0.799m, lateral=0.069m, vertical=0.200m, pixel=(239.3,192.8), box=200x100, depth_px=6172, candidates=1, trigger=False[0m
[INFO] [1784183057.490936858] [orange_hurdle_jump_test]: [1;34m最近横栏: dist=0.807m, lateral=0.054m, vertical=0.200m, pixel=(233.4,192.0), box=200x100, depth_px=6808, candidates=1, trigger=False[0m
[INFO] [1784183057.690647385] [orange_hurdle_jump_test]: [1;34m最近横栏: dist=0.820m, lateral=0.064m, vertical=0.198m, pixel=(236.9,190.1), box=190x99, depth_px=5829, candidates=1, trigger=False[0m
[INFO] [1784183057.890707847] [orange_hurdle_jump_test]: [1;34m最近横栏: dist=0.814m, lateral=0.060m, vertical=0.196m, pixel=(235.5,189.7), box=198x100, depth_px=6148, candidates=1, trigger=False[0m
[INFO] [1784183058.091753171] [orange_hurdle_jump_test]: [1;34m最近横栏: dist=0.826m, lateral=0.043m, vertical=0.194m, pixel=(229.1,188.0), box=222x101, depth_px=7372, candidates=1, trigger=False[0m
[INFO] [1784183058.359052835] [orange_hurdle_jump_test]: [1;34m最近横栏: dist=0.841m, lateral=0.044m, vertical=0.197m, pixel=(229.0,187.7), box=212x100, depth_px=7211, candidates=1, trigger=False[0m
[INFO] [1784183058.626004270] [orange_hurdle_jump_test]: [1;34m最近横栏: dist=0.826m, lateral=0.037m, vertical=0.191m, pixel=(226.7,187.0), box=224x100, depth_px=6745, candidates=1, trigger=False[0m
[INFO] [1784183058.891144729] [orange_hurdle_jump_test]: [1;34m最近横栏: dist=0.818m, lateral=0.058m, vertical=0.194m, pixel=(234.6,188.8), box=218x100, depth_px=6550, candidates=1, trigger=False[0m
[INFO] [1784183059.093374043] [orange_hurdle_jump_test]: [1;34m最近横栏: dist=0.830m, lateral=0.029m, vertical=0.192m, pixel=(223.8,186.9), box=194x101, depth_px=6846, candidates=1, trigger=False[0m
[INFO] [1784183059.357921138] [orange_hurdle_jump_test]: [1;34m最近横栏: dist=0.818m, lateral=0.053m, vertical=0.196m, pixel=(233.0,189.4), box=204x100, depth_px=6877, candidates=1, trigger=False[0m
[INFO] [1784183059.559577406] [orange_hurdle_jump_test]: [1;34m最近横栏: dist=0.845m, lateral=0.043m, vertical=0.200m, pixel=(228.6,188.4), box=206x101, depth_px=7769, candidates=1, trigger=False[0m
[INFO] [1784183059.760207898] [orange_hurdle_jump_test]: [1;34m最近横栏: dist=0.826m, lateral=0.038m, vertical=0.195m, pixel=(227.3,188.5), box=208x100, depth_px=6787, candidates=1, trigger=False[0m
[INFO] [1784183060.035172603] [orange_hurdle_jump_test]: [1;34m最近横栏: dist=0.820m, lateral=0.065m, vertical=0.194m, pixel=(237.4,188.4), box=206x100, depth_px=5698, candidates=1, trigger=False[0m
[INFO] [1784183060.293536905] [orange_hurdle_jump_test]: [1;34m最近横栏: dist=0.810m, lateral=0.047m, vertical=0.198m, pixel=(230.8,190.9), box=202x100, depth_px=6585, candidates=1, trigger=False[0m
[INFO] [1784183060.504809827] [orange_hurdle_jump_test]: [1;34m最近横栏: dist=0.832m, lateral=0.042m, vertical=0.195m, pixel=(228.5,188.0), box=216x100, depth_px=6855, candidates=1, trigger=False[0m
[INFO] [1784183060.762738493] [orange_hurdle_jump_test]: [1;34m最近横栏: dist=0.834m, lateral=0.050m, vertical=0.198m, pixel=(231.6,188.8), box=212x100, depth_px=6726, candidates=1, trigger=False[0m
[INFO] [1784183060.960846747] [orange_hurdle_jump_test]: [1;34m最近横栏: dist=0.820m, lateral=0.043m, vertical=0.197m, pixel=(229.3,189.7), box=209x100, depth_px=6374, candidates=1, trigger=False[0m
[INFO] [1784183061.225526788] [orange_hurdle_jump_test]: [1;34m最近横栏: dist=0.828m, lateral=0.050m, vertical=0.201m, pixel=(231.5,190.3), box=200x101, depth_px=6851, candidates=1, trigger=False[0m
[INFO] [1784183061.426265825] [orange_hurdle_jump_test]: [1;34m最近横栏: dist=0.841m, lateral=0.038m, vertical=0.191m, pixel=(227.0,185.7), box=236x101, depth_px=6707, candidates=1, trigger=False[0m
[INFO] [1784183061.627130485] [orange_hurdle_jump_test]: [1;34m最近横栏: dist=0.826m, lateral=0.055m, vertical=0.196m, pixel=(233.4,188.9), box=206x100, depth_px=6285, candidates=1, trigger=False[0m
[INFO] [1784183061.828806799] [orange_hurdle_jump_test]: [1;34m最近横栏: dist=0.826m, lateral=0.061m, vertical=0.192m, pixel=(235.6,187.4), box=196x101, depth_px=6486, candidates=1, trigger=False[0m
[INFO] [1784183062.028382972] [orange_hurdle_jump_test]: [1;34m最近横栏: dist=0.834m, lateral=0.049m, vertical=0.190m, pixel=(231.1,185.9), box=204x100, depth_px=6244, candidates=1, trigger=False[0m
[INFO] [1784183062.228149816] [orange_hurdle_jump_test]: [1;34m最近横栏: dist=0.816m, lateral=0.050m, vertical=0.197m, pixel=(231.8,190.1), box=200x101, depth_px=6529, candidates=1, trigger=False[0m
[INFO] [1784183062.456391805] [orange_hurdle_jump_test]: [1;34m最近横栏: dist=0.812m, lateral=0.043m, vertical=0.194m, pixel=(229.3,189.3), box=204x101, depth_px=6690, candidates=1, trigger=False[0m
[INFO] [1784183062.693433904] [orange_hurdle_jump_test]: [1;34m最近横栏: dist=0.826m, lateral=0.031m, vertical=0.194m, pixel=(224.6,188.0), box=240x101, depth_px=7625, candidates=1, trigger=False[0m
[INFO] [1784183062.896651699] [orange_hurdle_jump_test]: [1;34m最近横栏: dist=0.818m, lateral=0.062m, vertical=0.192m, pixel=(236.3,188.1), box=208x101, depth_px=6114, candidates=1, trigger=False[0m
[INFO] [1784183063.161135766] [orange_hurdle_jump_test]: [1;34m最近横栏: dist=0.826m, lateral=0.047m, vertical=0.202m, pixel=(230.6,191.1), box=224x100, depth_px=7328, candidates=1, trigger=False[0m
[INFO] [1784183063.433056357] [orange_hurdle_jump_test]: [1;34m最近横栏: dist=0.834m, lateral=0.055m, vertical=0.196m, pixel=(233.1,188.2), box=200x100, depth_px=6483, candidates=1, trigger=False[0m
[INFO] [1784183063.697090829] [orange_hurdle_jump_test]: [1;34m最近横栏: dist=0.832m, lateral=0.058m, vertical=0.195m, pixel=(234.6,188.0), box=190x101, depth_px=6246, candidates=1, trigger=False[0m
[INFO] [1784183063.963257639] [orange_hurdle_jump_test]: [1;34m最近横栏: dist=0.826m, lateral=0.040m, vertical=0.196m, pixel=(228.1,188.9), box=224x100, depth_px=7179, candidates=1, trigger=False[0m
[INFO] [1784183064.231290902] [orange_hurdle_jump_test]: [1;34m最近横栏: dist=0.816m, lateral=0.053m, vertical=0.198m, pixel=(233.1,190.3), box=220x100, depth_px=6800, candidates=1, trigger=False[0m
[INFO] [1784183064.496685773] [orange_hurdle_jump_test]: [1;34m最近横栏: dist=0.837m, lateral=0.055m, vertical=0.193m, pixel=(233.1,186.6), box=216x101, depth_px=6057, candidates=1, trigger=False[0m
[INFO] [1784183064.766115307] [orange_hurdle_jump_test]: [1;34m最近横栏: dist=0.828m, lateral=0.061m, vertical=0.194m, pixel=(235.4,187.9), box=210x100, depth_px=5857, candidates=1, trigger=False[0m
[INFO] [1784183065.029445699] [orange_hurdle_jump_test]: [1;34m最近横栏: dist=0.818m, lateral=0.075m, vertical=0.197m, pixel=(240.9,189.8), box=184x100, depth_px=5588, candidates=1, trigger=False[0m
[INFO] [1784183065.229964708] [orange_hurdle_jump_test]: [1;34m最近横栏: dist=0.830m, lateral=0.024m, vertical=0.198m, pixel=(222.2,189.2), box=220x100, depth_px=7717, candidates=1, trigger=False[0m
[INFO] [1784183065.495297715] [orange_hurdle_jump_test]: [1;34m最近横栏: dist=0.835m, lateral=0.037m, vertical=0.196m, pixel=(226.8,188.1), box=210x100, depth_px=7046, candidates=1, trigger=False[0m
[INFO] [1784183065.700163129] [orange_hurdle_jump_test]: [1;34m最近横栏: dist=0.820m, lateral=0.042m, vertical=0.198m, pixel=(228.7,190.0), box=224x100, depth_px=7543, candidates=1, trigger=False[0m
[INFO] [1784183065.963444464] [orange_hurdle_jump_test]: [1;34m最近横栏: dist=0.832m, lateral=0.042m, vertical=0.194m, pixel=(228.6,187.7), box=216x101, depth_px=7215, candidates=1, trigger=False[0m
[INFO] [1784183066.162945900] [orange_hurdle_jump_test]: [1;34m最近横栏: dist=0.834m, lateral=0.037m, vertical=0.194m, pixel=(226.7,187.4), box=232x101, depth_px=6710, candidates=1, trigger=False[0m
[INFO] [1784183066.367635596] [orange_hurdle_jump_test]: [1;34m最近横栏: dist=0.843m, lateral=0.036m, vertical=0.199m, pixel=(226.2,188.3), box=212x100, depth_px=7153, candidates=1, trigger=False[0m
[INFO] [1784183066.569816539] [orange_hurdle_jump_test]: [1;34m最近横栏: dist=0.822m, lateral=0.027m, vertical=0.199m, pixel=(223.3,190.0), box=218x101, depth_px=8148, candidates=1, trigger=False[0m
[INFO] [1784183066.829624377] [orange_hurdle_jump_test]: [1;34m最近横栏: dist=0.834m, lateral=0.053m, vertical=0.196m, pixel=(232.5,188.2), box=216x100, depth_px=7259, candidates=1, trigger=False[0m
[INFO] [1784183067.031025673] [orange_hurdle_jump_test]: [1;34m最近横栏: dist=0.830m, lateral=0.047m, vertical=0.202m, pixel=(230.3,190.7), box=202x100, depth_px=7561, candidates=1, trigger=False[0m
[INFO] [1784183067.298672144] [orange_hurdle_jump_test]: [1;34m最近横栏: dist=0.834m, lateral=0.027m, vertical=0.193m, pixel=(223.3,186.8), box=224x100, depth_px=7108, candidates=1, trigger=False[0m
[INFO] [1784183067.504668897] [orange_hurdle_jump_test]: [1;34m最近横栏: dist=0.834m, lateral=0.049m, vertical=0.194m, pixel=(230.9,187.4), box=212x101, depth_px=6472, candidates=1, trigger=False[0m
[INFO] [1784183067.766487024] [orange_hurdle_jump_test]: [1;34m最近横栏: dist=0.828m, lateral=0.058m, vertical=0.200m, pixel=(234.6,190.2), box=192x100, depth_px=6326, candidates=1, trigger=False[0m
[INFO] [1784183068.030546489] [orange_hurdle_jump_test]: [1;34m最近横栏: dist=0.808m, lateral=0.049m, vertical=0.196m, pixel=(231.6,190.4), box=222x100, depth_px=6736, candidates=1, trigger=False[0m
[INFO] [1784183068.230718092] [orange_hurdle_jump_test]: [1;34m最近横栏: dist=0.828m, lateral=0.052m, vertical=0.201m, pixel=(232.3,190.4), box=194x100, depth_px=6981, candidates=1, trigger=False[0m
[INFO] [1784183068.432867152] [orange_hurdle_jump_test]: [1;34m最近横栏: dist=0.832m, lateral=0.055m, vertical=0.196m, pixel=(233.4,188.3), box=202x100, depth_px=6285, candidates=1, trigger=False[0m
[INFO] [1784183068.631556647] [orange_hurdle_jump_test]: [1;34m最近横栏: dist=0.814m, lateral=0.049m, vertical=0.195m, pixel=(231.6,189.6), box=218x100, depth_px=6839, candidates=1, trigger=False[0m
[INFO] [1784183068.834381957] [orange_hurdle_jump_test]: [1;34m最近横栏: dist=0.832m, lateral=0.035m, vertical=0.197m, pixel=(226.0,188.6), box=226x101, depth_px=7461, candidates=1, trigger=False[0m
[INFO] [1784183069.098729922] [orange_hurdle_jump_test]: [1;34m最近横栏: dist=0.847m, lateral=0.049m, vertical=0.197m, pixel=(230.8,187.2), box=200x100, depth_px=5623, candidates=1, trigger=False[0m
[INFO] [1784183069.298936087] [orange_hurdle_jump_test]: [1;34m最近横栏: dist=0.816m, lateral=0.055m, vertical=0.195m, pixel=(233.5,189.4), box=210x100, depth_px=6421, candidates=1, trigger=False[0m
[INFO] [1784183069.565818084] [orange_hurdle_jump_test]: [1;34m最近横栏: dist=0.822m, lateral=0.047m, vertical=0.193m, pixel=(230.7,188.1), box=214x100, depth_px=6746, candidates=1, trigger=False[0m
[INFO] [1784183069.766111233] [orange_hurdle_jump_test]: [1;34m最近横栏: dist=0.812m, lateral=0.056m, vertical=0.198m, pixel=(234.3,190.7), box=202x100, depth_px=6761, candidates=1, trigger=False[0m
[INFO] [1784183070.033141336] [orange_hurdle_jump_test]: [1;34m最近横栏: dist=0.816m, lateral=0.043m, vertical=0.199m, pixel=(229.3,190.8), box=214x101, depth_px=7290, candidates=1, trigger=False[0m
[INFO] [1784183070.301412981] [orange_hurdle_jump_test]: [1;34m最近横栏: dist=0.828m, lateral=0.058m, vertical=0.196m, pixel=(234.5,188.6), box=206x100, depth_px=6829, candidates=1, trigger=False[0m
[INFO] [1784183070.566988571] [orange_hurdle_jump_test]: [1;34m最近横栏: dist=0.826m, lateral=0.034m, vertical=0.196m, pixel=(225.9,188.9), box=232x101, depth_px=6535, candidates=1, trigger=False[0m
[INFO] [1784183070.768583545] [orange_hurdle_jump_test]: [1;34m最近横栏: dist=0.822m, lateral=0.057m, vertical=0.196m, pixel=(234.1,189.2), box=202x100, depth_px=6815, candidates=1, trigger=False[0m
[INFO] [1784183070.967571113] [orange_hurdle_jump_test]: [1;34m最近横栏: dist=0.830m, lateral=0.041m, vertical=0.197m, pixel=(228.2,188.8), box=226x99, depth_px=7115, candidates=1, trigger=False[0m
[INFO] [1784183071.168062398] [orange_hurdle_jump_test]: [1;34m最近横栏: dist=0.812m, lateral=0.043m, vertical=0.196m, pixel=(229.4,190.1), box=202x100, depth_px=6997, candidates=1, trigger=False[0m
[INFO] [1784183071.434872669] [orange_hurdle_jump_test]: [1;34m最近横栏: dist=0.841m, lateral=0.057m, vertical=0.198m, pixel=(234.0,188.3), box=198x101, depth_px=6828, candidates=1, trigger=False[0m
[INFO] [1784183071.634548681] [orange_hurdle_jump_test]: [1;34m最近横栏: dist=0.838m, lateral=0.031m, vertical=0.196m, pixel=(224.6,187.6), box=180x100, depth_px=6760, candidates=1, trigger=False[0m
[INFO] [1784183071.834831760] [orange_hurdle_jump_test]: [1;34m最近横栏: dist=0.822m, lateral=0.055m, vertical=0.194m, pixel=(233.7,188.4), box=204x100, depth_px=6473, candidates=1, trigger=False[0m
[INFO] [1784183072.105243063] [orange_hurdle_jump_test]: [1;34m最近横栏: dist=0.828m, lateral=0.051m, vertical=0.201m, pixel=(231.9,190.2), box=210x100, depth_px=7298, candidates=1, trigger=False[0m
[INFO] [1784183072.371588403] [orange_hurdle_jump_test]: [1;34m最近横栏: dist=0.808m, lateral=0.050m, vertical=0.193m, pixel=(232.0,189.1), box=206x100, depth_px=6454, candidates=1, trigger=False[0m
[INFO] [1784183072.635253058] [orange_hurdle_jump_test]: [1;34m最近横栏: dist=0.843m, lateral=0.043m, vertical=0.199m, pixel=(228.6,188.3), box=206x101, depth_px=7288, candidates=1, trigger=False[0m
[INFO] [1784183072.900239855] [orange_hurdle_jump_test]: [1;34m最近横栏: dist=0.830m, lateral=0.057m, vertical=0.191m, pixel=(234.2,186.6), box=212x100, depth_px=5969, candidates=1, trigger=False[0m
[INFO] [1784183073.102173299] [orange_hurdle_jump_test]: [1;34m最近横栏: dist=0.847m, lateral=0.044m, vertical=0.190m, pixel=(229.2,184.7), box=230x100, depth_px=5629, candidates=1, trigger=False[0m
[INFO] [1784183073.367617870] [orange_hurdle_jump_test]: [1;34m最近横栏: dist=0.830m, lateral=0.054m, vertical=0.195m, pixel=(232.9,188.0), box=200x101, depth_px=6766, candidates=1, trigger=False[0m
[INFO] [1784183073.568294035] [orange_hurdle_jump_test]: [1;34m最近横栏: dist=0.816m, lateral=0.066m, vertical=0.197m, pixel=(237.8,190.1), box=192x101, depth_px=6705, candidates=1, trigger=False[0m
[INFO] [1784183073.834284125] [orange_hurdle_jump_test]: [1;34m最近横栏: dist=0.824m, lateral=0.054m, vertical=0.192m, pixel=(233.1,187.3), box=208x100, depth_px=6478, candidates=1, trigger=False[0m
[INFO] [1784183074.034637899] [orange_hurdle_jump_test]: [1;34m最近横栏: dist=0.810m, lateral=0.051m, vertical=0.196m, pixel=(232.3,190.0), box=216x101, depth_px=6884, candidates=1, trigger=False[0m
[INFO] [1784183074.237121929] [orange_hurdle_jump_test]: [1;34m最近横栏: dist=0.824m, lateral=0.054m, vertical=0.192m, pixel=(233.0,187.4), box=204x100, depth_px=6476, candidates=1, trigger=False[0m
[INFO] [1784183074.438406100] [orange_hurdle_jump_test]: [1;34m最近横栏: dist=0.849m, lateral=0.046m, vertical=0.194m, pixel=(229.8,186.0), box=204x100, depth_px=5883, candidates=1, trigger=False[0m
[INFO] [1784183074.707959102] [orange_hurdle_jump_test]: [1;34m最近横栏: dist=0.845m, lateral=0.056m, vertical=0.199m, pixel=(233.3,188.1), box=203x101, depth_px=6286, candidates=1, trigger=False[0m
[INFO] [1784183074.907915234] [orange_hurdle_jump_test]: [1;34m最近横栏: dist=0.828m, lateral=0.061m, vertical=0.195m, pixel=(235.8,188.4), box=207x100, depth_px=6327, candidates=1, trigger=False[0m
[INFO] [1784183075.170062865] [orange_hurdle_jump_test]: [1;34m最近横栏: dist=0.824m, lateral=0.070m, vertical=0.192m, pixel=(239.2,187.4), box=206x101, depth_px=5636, candidates=1, trigger=False[0m
[INFO] [1784183075.436587320] [orange_hurdle_jump_test]: [1;34m最近横栏: dist=0.812m, lateral=0.053m, vertical=0.196m, pixel=(233.2,190.2), box=206x100, depth_px=6687, candidates=1, trigger=False[0m
[INFO] [1784183075.636327859] [orange_hurdle_jump_test]: [1;34m最近横栏: dist=0.807m, lateral=0.067m, vertical=0.201m, pixel=(238.4,192.5), box=216x100, depth_px=6504, candidates=1, trigger=False[0m
[INFO] [1784183075.837057294] [orange_hurdle_jump_test]: [1;34m最近横栏: dist=0.826m, lateral=0.058m, vertical=0.190m, pixel=(234.6,186.7), box=210x101, depth_px=5443, candidates=1, trigger=False[0m
[INFO] [1784183076.102764924] [orange_hurdle_jump_test]: [1;34m最近横栏: dist=0.822m, lateral=0.053m, vertical=0.196m, pixel=(232.9,189.1), box=210x100, depth_px=6795, candidates=1, trigger=False[0m
[INFO] [1784183076.370096398] [orange_hurdle_jump_test]: [1;34m最近横栏: dist=0.841m, lateral=0.059m, vertical=0.197m, pixel=(234.5,187.8), box=195x100, depth_px=6200, candidates=1, trigger=False[0m
[INFO] [1784183076.573556022] [orange_hurdle_jump_test]: [1;34m最近横栏: dist=0.826m, lateral=0.048m, vertical=0.197m, pixel=(230.8,189.1), box=216x100, depth_px=7069, candidates=1, trigger=False[0m
[INFO] [1784183076.771209048] [orange_hurdle_jump_test]: [1;34m最近横栏: dist=0.822m, lateral=0.058m, vertical=0.195m, pixel=(234.8,188.9), box=208x100, depth_px=7050, candidates=1, trigger=False[0m
[INFO] [1784183077.036671506] [orange_hurdle_jump_test]: [1;34m最近横栏: dist=0.812m, lateral=0.055m, vertical=0.196m, pixel=(233.7,190.1), box=208x100, depth_px=6136, candidates=1, trigger=False[0m
[INFO] [1784183077.304767333] [orange_hurdle_jump_test]: [1;34m最近横栏: dist=0.832m, lateral=0.053m, vertical=0.195m, pixel=(232.7,187.7), box=224x100, depth_px=6604, candidates=1, trigger=False[0m
[INFO] [1784183077.505904884] [orange_hurdle_jump_test]: [1;34m最近横栏: dist=0.822m, lateral=0.041m, vertical=0.201m, pixel=(228.4,190.9), box=198x100, depth_px=7094, candidates=1, trigger=False[0m
[INFO] [1784183077.772907477] [orange_hurdle_jump_test]: [1;34m最近横栏: dist=0.814m, lateral=0.069m, vertical=0.196m, pixel=(238.8,189.8), box=196x100, depth_px=6400, candidates=1, trigger=False[0m
[INFO] [1784183078.036607932] [orange_hurdle_jump_test]: [1;34m最近横栏: dist=0.822m, lateral=0.037m, vertical=0.195m, pixel=(227.0,188.6), box=207x100, depth_px=6966, candidates=1, trigger=False[0m
[INFO] [1784183078.237561353] [orange_hurdle_jump_test]: [1;34m最近横栏: dist=0.814m, lateral=0.036m, vertical=0.197m, pixel=(226.6,190.1), box=212x100, depth_px=7280, candidates=1, trigger=False[0m
[INFO] [1784183078.438206474] [orange_hurdle_jump_test]: [1;34m最近横栏: dist=0.810m, lateral=0.028m, vertical=0.202m, pixel=(223.7,192.6), box=188x100, depth_px=7772, candidates=1, trigger=False[0m
[INFO] [1784183078.707561828] [orange_hurdle_jump_test]: [1;34m最近横栏: dist=0.814m, lateral=-0.013m, vertical=0.207m, pixel=(208.3,193.7), box=218x100, depth_px=9278, candidates=1, trigger=False[0m
[INFO] [1784183078.974716201] [orange_hurdle_jump_test]: [1;34m最近横栏: dist=0.801m, lateral=0.064m, vertical=0.197m, pixel=(237.3,191.4), box=218x101, depth_px=6748, candidates=1, trigger=False[0m
[INFO] [1784183079.238924216] [orange_hurdle_jump_test]: [1;34m最近横栏: dist=0.814m, lateral=0.065m, vertical=0.201m, pixel=(237.3,191.6), box=216x100, depth_px=7883, candidates=1, trigger=False[0m
[INFO] [1784183079.505477553] [orange_hurdle_jump_test]: [1;34m最近横栏: dist=0.824m, lateral=0.058m, vertical=0.200m, pixel=(234.7,190.5), box=216x101, depth_px=8282, candidates=1, trigger=False[0m
[INFO] [1784183079.773953891] [orange_hurdle_jump_test]: [1;34m最近横栏: dist=0.810m, lateral=0.045m, vertical=0.204m, pixel=(230.2,193.0), box=224x101, depth_px=8369, candidates=1, trigger=False[0m
[INFO] [1784183080.040487113] [orange_hurdle_jump_test]: [1;34m最近横栏: dist=0.797m, lateral=0.053m, vertical=0.205m, pixel=(233.3,194.9), box=218x100, depth_px=8925, candidates=1, trigger=False[0m
[INFO] [1784183080.305152281] [orange_hurdle_jump_test]: [1;34m最近横栏: dist=0.822m, lateral=0.039m, vertical=0.206m, pixel=(227.6,192.8), box=226x101, depth_px=8354, candidates=1, trigger=False[0m
[INFO] [1784183080.505423887] [orange_hurdle_jump_test]: [1;34m最近横栏: dist=0.818m, lateral=0.053m, vertical=0.202m, pixel=(233.1,191.8), box=222x100, depth_px=7718, candidates=1, trigger=False[0m
[INFO] [1784183080.709861481] [orange_hurdle_jump_test]: [1;34m最近横栏: dist=0.812m, lateral=0.040m, vertical=0.202m, pixel=(228.1,192.4), box=212x100, depth_px=8046, candidates=1, trigger=False[0m
[INFO] [1784183080.975305633] [orange_hurdle_jump_test]: [1;34m最近横栏: dist=0.822m, lateral=0.043m, vertical=0.202m, pixel=(229.2,191.4), box=222x100, depth_px=9282, candidates=1, trigger=False[0m
[INFO] [1784183081.177286937] [orange_hurdle_jump_test]: [1;34m最近横栏: dist=0.824m, lateral=0.046m, vertical=0.204m, pixel=(230.1,191.8), box=222x99, depth_px=7935, candidates=1, trigger=False[0m
[INFO] [1784183081.377663633] [orange_hurdle_jump_test]: [1;34m最近横栏: dist=0.830m, lateral=0.032m, vertical=0.204m, pixel=(224.9,191.2), box=244x101, depth_px=9432, candidates=1, trigger=False[0m
[INFO] [1784183081.638997239] [orange_hurdle_jump_test]: [1;34m最近横栏: dist=0.812m, lateral=0.037m, vertical=0.207m, pixel=(227.0,194.1), box=220x100, depth_px=10107, candidates=1, trigger=False[0m
[INFO] [1784183081.840530772] [orange_hurdle_jump_test]: [1;34m最近横栏: dist=0.820m, lateral=0.055m, vertical=0.197m, pixel=(233.7,189.8), box=218x100, depth_px=7015, candidates=1, trigger=False[0m
[INFO] [1784183082.041894199] [orange_hurdle_jump_test]: [1;34m最近横栏: dist=0.808m, lateral=0.028m, vertical=0.207m, pixel=(223.8,194.5), box=238x100, depth_px=9787, candidates=1, trigger=False[0m
[INFO] [1784183082.250836833] [orange_hurdle_jump_test]: [1;34m最近横栏: dist=0.812m, lateral=0.057m, vertical=0.205m, pixel=(234.4,193.3), box=222x100, depth_px=7971, candidates=1, trigger=False[0m
[INFO] [1784183082.509495021] [orange_hurdle_jump_test]: [1;34m最近横栏: dist=0.808m, lateral=0.034m, vertical=0.204m, pixel=(225.9,193.5), box=222x100, depth_px=9083, candidates=1, trigger=False[0m
[INFO] [1784183082.709396034] [orange_hurdle_jump_test]: [1;34m最近横栏: dist=0.820m, lateral=-0.007m, vertical=0.211m, pixel=(210.7,194.8), box=262x100, depth_px=12767, candidates=1, trigger=False[0m
[INFO] [1784183082.977746504] [orange_hurdle_jump_test]: [1;34m最近横栏: dist=0.830m, lateral=0.044m, vertical=0.200m, pixel=(229.4,189.7), box=216x100, depth_px=7833, candidates=1, trigger=False[0m
[INFO] [1784183083.242837263] [orange_hurdle_jump_test]: [1;34m最近横栏: dist=0.822m, lateral=0.037m, vertical=0.202m, pixel=(227.1,191.2), box=218x100, depth_px=8287, candidates=1, trigger=False[0m
[INFO] [1784183083.507909333] [orange_hurdle_jump_test]: [1;34m最近横栏: dist=0.824m, lateral=0.046m, vertical=0.198m, pixel=(230.0,189.8), box=228x100, depth_px=7276, candidates=1, trigger=False[0m
[INFO] [1784183083.774422362] [orange_hurdle_jump_test]: [1;34m最近横栏: dist=0.808m, lateral=0.027m, vertical=0.200m, pixel=(223.2,191.9), box=216x100, depth_px=8128, candidates=1, trigger=False[0m
[INFO] [1784183083.975564150] [orange_hurdle_jump_test]: [1;34m最近横栏: dist=0.824m, lateral=0.016m, vertical=0.204m, pixel=(219.1,191.7), box=222x100, depth_px=8856, candidates=1, trigger=False[0m
[INFO] [1784183084.240932110] [orange_hurdle_jump_test]: [1;34m最近横栏: dist=0.801m, lateral=0.068m, vertical=0.200m, pixel=(239.1,192.5), box=212x99, depth_px=7952, candidates=1, trigger=False[0m
[INFO] [1784183084.441969337] [orange_hurdle_jump_test]: [1;34m最近横栏: dist=0.808m, lateral=0.036m, vertical=0.202m, pixel=(226.7,192.6), box=218x100, depth_px=8772, candidates=1, trigger=False[0m
[INFO] [1784183084.643577448] [orange_hurdle_jump_test]: [1;34m最近横栏: dist=0.822m, lateral=-0.010m, vertical=0.212m, pixel=(209.4,195.0), box=262x101, depth_px=11232, candidates=1, trigger=False[0m
[INFO] [1784183084.910097935] [orange_hurdle_jump_test]: [1;34m最近横栏: dist=0.814m, lateral=0.065m, vertical=0.203m, pixel=(237.3,192.4), box=214x101, depth_px=7700, candidates=1, trigger=False[0m
[INFO] [1784183085.175609446] [orange_hurdle_jump_test]: [1;34m最近横栏: dist=0.822m, lateral=0.045m, vertical=0.201m, pixel=(229.8,191.0), box=242x100, depth_px=8789, candidates=1, trigger=False[0m
[INFO] [1784183085.444067468] [orange_hurdle_jump_test]: [1;34m最近横栏: dist=0.808m, lateral=0.036m, vertical=0.206m, pixel=(226.9,193.9), box=224x100, depth_px=9271, candidates=1, trigger=False[0m
[INFO] [1784183085.644806997] [orange_hurdle_jump_test]: [1;34m最近横栏: dist=0.810m, lateral=0.040m, vertical=0.203m, pixel=(228.2,192.6), box=240x100, depth_px=8264, candidates=1, trigger=False[0m
[INFO] [1784183085.909026283] [orange_hurdle_jump_test]: [1;34m最近横栏: dist=0.810m, lateral=0.049m, vertical=0.201m, pixel=(231.5,192.0), box=218x100, depth_px=8137, candidates=1, trigger=False[0m
[INFO] [1784183086.177418752] [orange_hurdle_jump_test]: [1;34m最近横栏: dist=0.820m, lateral=0.024m, vertical=0.203m, pixel=(222.3,191.7), box=246x100, depth_px=8879, candidates=1, trigger=False[0m
[INFO] [1784183086.377132636] [orange_hurdle_jump_test]: [1;34m最近横栏: dist=0.816m, lateral=0.054m, vertical=0.197m, pixel=(233.2,190.0), box=226x100, depth_px=7806, candidates=1, trigger=False[0m
[INFO] [1784183086.579301165] [orange_hurdle_jump_test]: [1;34m最近横栏: dist=0.805m, lateral=0.056m, vertical=0.202m, pixel=(234.4,192.7), box=206x100, depth_px=7700, candidates=1, trigger=False[0m
[INFO] [1784183086.842516125] [orange_hurdle_jump_test]: [1;34m最近横栏: dist=0.820m, lateral=0.037m, vertical=0.201m, pixel=(226.9,191.2), box=234x100, depth_px=8510, candidates=1, trigger=False[0m
[INFO] [1784183087.043962479] [orange_hurdle_jump_test]: [1;34m最近横栏: dist=0.832m, lateral=0.040m, vertical=0.200m, pixel=(227.8,189.8), box=228x100, depth_px=9008, candidates=1, trigger=False[0m
