[INFO] [1784186858.190682579] [limit_bar_duck_test]: state=DETECTOR_ONLY
[INFO] [1784186858.191160080] [limit_bar_duck_test]: limit_bar_duck_test started: color=/camera/color/image_raw, depth=/camera/aligned_depth_to_color/image_raw, pose=/Odometry, detector_only=True, serial=/dev/ttyUSB0@115200, trigger_distance=0.80m, travel_distance=1.00m, walk=[0,0.500,0.500], duck_prepare=[2,0.000,0.000], duck_walk=[2,1.000,1.000]
[INFO] [1784186858.197988073] [limit_bar_duck_test]: [1;95m触发状态更新: trigger=False[0m
[INFO] [1784186858.200071755] [limit_bar_duck_test]: [0;33m未检测到有效限高杆: candidates=0, frame=1, reason=orange_foreground_suppressed, orange=area=16240,box=312x80,bottom=1.00,ratios=(0.16,0.74,0.33), blue_hsv=[95, 100, 60]-[125, 255, 255], white_hsv=[0, 0, 120]-[180, 90, 255][0m
[INFO] [1784186859.210688793] [limit_bar_duck_test]: [0;33m未检测到有效限高杆: candidates=0, frame=17, reason=orange_foreground_suppressed, orange=area=36037,box=424x240,bottom=1.00,ratios=(0.35,1.00,1.00), blue_hsv=[95, 100, 60]-[125, 255, 255], white_hsv=[0, 0, 120]-[180, 90, 255][0m
[INFO] [1784186860.282663565] [limit_bar_duck_test]: [0;33m未检测到有效限高杆: candidates=0, frame=33, reason=no_candidate, mask_px=blue:10873,white:33734,combined:47150, component=roi_y=120:240,search_blue_px=9293,contours=4,largest=area:5356,box:188x47,aspect:4.00,roi_blue:5522,roi_white:8587,reject:depth_invalid(valid_px=0,min_px=12), line=blue_only(mask_px=11141,lines=0,reject=no_hough_line); combined(mask_px=47150,lines=2,best=len:178,angle:-34.9,band:171x127,blue:2354,white:6374,reject:angle), blue_hsv=[95, 100, 60]-[125, 255, 255], white_hsv=[0, 0, 120]-[180, 90, 255][0m
[INFO] [1784186861.281747120] [limit_bar_duck_test]: [0;33m未检测到有效限高杆: candidates=0, frame=48, reason=no_candidate, mask_px=blue:11483,white:40047,combined:54294, component=roi_y=120:240,search_blue_px=9718,contours=6,largest=area:5682,box:171x100,aspect:1.71,roi_blue:5572,roi_white:16235,reject:width+aspect, line=blue_only(mask_px=11762,lines=0,reject=no_hough_line); combined(mask_px=54294,lines=0,reject=no_hough_line), blue_hsv=[95, 100, 60]-[125, 255, 255], white_hsv=[0, 0, 120]-[180, 90, 255][0m
[INFO] [1784186862.280651078] [limit_bar_duck_test]: [0;33m未检测到有效限高杆: candidates=0, frame=63, reason=no_candidate, mask_px=blue:11110,white:39367,combined:52917, component=roi_y=120:240,search_blue_px=9603,contours=6,largest=area:10848,box:402x120,aspect:3.35,roi_blue:10763,roi_white:27764,reject:aspect, line=blue_only(mask_px=11350,lines=0,reject=no_hough_line); combined(mask_px=52917,lines=1,best=len:152,angle:-1.1,band:177x28,blue:842,white:1467,reject:depth_invalid(valid_px=0,min_px=12)), blue_hsv=[95, 100, 60]-[125, 255, 255], white_hsv=[0, 0, 120]-[180, 90, 255][0m
[INFO] [1784186863.282850529] [limit_bar_duck_test]: [0;33m未检测到有效限高杆: candidates=0, frame=78, reason=no_candidate, mask_px=blue:11439,white:39097,combined:52572, component=roi_y=120:240,search_blue_px=9688,contours=5,largest=area:11105,box:424x120,aspect:3.53,roi_blue:10949,roi_white:27607,reject:aspect, line=blue_only(mask_px=11896,lines=0,reject=no_hough_line); combined(mask_px=52572,lines=1,best=len:149,angle:-0.8,band:174x27,blue:849,white:1310,reject:depth_invalid(valid_px=0,min_px=12)), blue_hsv=[95, 100, 60]-[125, 255, 255], white_hsv=[0, 0, 120]-[180, 90, 255][0m
[INFO] [1784186864.351513631] [limit_bar_duck_test]: [0;33m未检测到有效限高杆: candidates=0, frame=94, reason=no_candidate, mask_px=blue:11864,white:41092,combined:55138, component=roi_y=120:240,search_blue_px=9833,contours=5,largest=area:5826,box:191x101,aspect:1.89,roi_blue:5626,roi_white:16265,reject:aspect, line=blue_only(mask_px=12452,lines=0,reject=no_hough_line); combined(mask_px=55138,lines=1,best=len:152,angle:-1.1,band:177x28,blue:927,white:1384,reject:depth_invalid(valid_px=0,min_px=12)), blue_hsv=[95, 100, 60]-[125, 255, 255], white_hsv=[0, 0, 120]-[180, 90, 255][0m
[INFO] [1784186865.382365600] [limit_bar_duck_test]: [0;33m未检测到有效限高杆: candidates=0, frame=109, reason=no_candidate, mask_px=blue:12208,white:41368,combined:55767, component=roi_y=120:240,search_blue_px=10276,contours=4,largest=area:5834,box:194x101,aspect:1.92,roi_blue:6018,roi_white:16438,reject:aspect, line=blue_only(mask_px=12576,lines=0,reject=no_hough_line); combined(mask_px=55767,lines=0,reject=no_hough_line), blue_hsv=[95, 100, 60]-[125, 255, 255], white_hsv=[0, 0, 120]-[180, 90, 255][0m
[INFO] [1784186866.418891978] [limit_bar_duck_test]: [0;33m未检测到有效限高杆: candidates=0, frame=125, reason=no_candidate, mask_px=blue:12276,white:41320,combined:56350, component=roi_y=120:240,search_blue_px=9839,contours=2,largest=area:13129,box:402x120,aspect:3.35,roi_blue:11374,roi_white:27190,reject:aspect, line=blue_only(mask_px=12794,lines=0,reject=no_hough_line); combined(mask_px=56350,lines=2,best=len:152,angle:-4.9,band:176x36,blue:0,white:2931,reject:blue_px), blue_hsv=[95, 100, 60]-[125, 255, 255], white_hsv=[0, 0, 120]-[180, 90, 255][0m
[INFO] [1784186867.422954575] [limit_bar_duck_test]: [0;33m未检测到有效限高杆: candidates=0, frame=140, reason=no_candidate, mask_px=blue:12092,white:41498,combined:56321, component=roi_y=120:240,search_blue_px=9782,contours=4,largest=area:12635,box:402x120,aspect:3.35,roi_blue:11241,roi_white:27363,reject:aspect, line=blue_only(mask_px=12473,lines=0,reject=no_hough_line); combined(mask_px=56321,lines=1,best=len:145,angle:-0.8,band:170x27,blue:883,white:1250,reject:depth_invalid(valid_px=0,min_px=12)), blue_hsv=[95, 100, 60]-[125, 255, 255], white_hsv=[0, 0, 120]-[180, 90, 255][0m
[INFO] [1784186868.419762253] [limit_bar_duck_test]: [0;33m未检测到有效限高杆: candidates=0, frame=155, reason=no_candidate, mask_px=blue:10476,white:44476,combined:57520, component=roi_y=120:240,search_blue_px=10401,contours=9,largest=area:14158,box:402x110,aspect:3.65,roi_blue:10437,roi_white:15583,reject:aspect, line=blue_only(mask_px=10330,lines=0,reject=no_hough_line); combined(mask_px=57520,lines=0,reject=no_hough_line), blue_hsv=[95, 100, 60]-[125, 255, 255], white_hsv=[0, 0, 120]-[180, 90, 255][0m
[INFO] [1784186869.420868152] [limit_bar_duck_test]: [0;33m未检测到有效限高杆: candidates=0, frame=170, reason=no_candidate, mask_px=blue:13030,white:43378,combined:59070, component=roi_y=120:240,search_blue_px=10092,contours=6,largest=area:7492,box:193x120,aspect:1.61,roi_blue:6118,roi_white:17389,reject:aspect, line=blue_only(mask_px=12839,lines=0,reject=no_hough_line); combined(mask_px=59070,lines=2,best=len:158,angle:-2.9,band:183x33,blue:311,white:2435,reject:depth_invalid(valid_px=0,min_px=12)), blue_hsv=[95, 100, 60]-[125, 255, 255], white_hsv=[0, 0, 120]-[180, 90, 255][0m
[INFO] [1784186870.414085900] [limit_bar_duck_test]: [0;33m未检测到有效限高杆: candidates=0, frame=185, reason=orange_foreground_suppressed, orange=area=35658,box=424x147,bottom=1.00,ratios=(0.35,1.00,0.61), blue_hsv=[95, 100, 60]-[125, 255, 255], white_hsv=[0, 0, 120]-[180, 90, 255][0m
[INFO] [1784186871.424202337] [limit_bar_duck_test]: [0;33m未检测到有效限高杆: candidates=0, frame=200, reason=no_candidate, mask_px=blue:11133,white:33942,combined:51099, component=roi_y=120:240,search_blue_px=6668,contours=4,largest=area:5062,box:171x75,aspect:2.28,roi_blue:4455,roi_white:11807,reject:width+aspect, line=blue_only(mask_px=11321,lines=1,best=len:142,angle:0.0,band:158x25,blue:1822,white:1289,reject:depth_invalid(valid_px=0,min_px=12)); combined(mask_px=51099,lines=3,best=len:146,angle:-0.8,band:171x27,blue:633,white:1644,reject:depth_invalid(valid_px=0,min_px=12)), blue_hsv=[95, 100, 60]-[125, 255, 255], white_hsv=[0, 0, 120]-[180, 90, 255][0m
[INFO] [1784186872.415790259] [limit_bar_duck_test]: [0;33m未检测到有效限高杆: candidates=0, frame=215, reason=orange_foreground_suppressed, orange=area=30985,box=424x169,bottom=1.00,ratios=(0.30,1.00,0.70), blue_hsv=[95, 100, 60]-[125, 255, 255], white_hsv=[0, 0, 120]-[180, 90, 255][0m
[INFO] [1784186873.423980364] [limit_bar_duck_test]: [0;33m未检测到有效限高杆: candidates=0, frame=230, reason=no_candidate, mask_px=blue:11548,white:41652,combined:55651, component=roi_y=120:240,search_blue_px=8795,contours=3,largest=area:9324,box:194x104,aspect:1.87,roi_blue:5930,roi_white:17803,reject:aspect, line=blue_only(mask_px=12019,lines=0,reject=no_hough_line); combined(mask_px=55651,lines=1,best=len:173,angle:2.0,band:198x31,blue:932,white:1727,reject:depth_invalid(valid_px=0,min_px=12)), blue_hsv=[95, 100, 60]-[125, 255, 255], white_hsv=[0, 0, 120]-[180, 90, 255][0m
[INFO] [1784186874.417119641] [limit_bar_duck_test]: [0;33m未检测到有效限高杆: candidates=0, frame=245, reason=orange_foreground_suppressed, orange=area=10219,box=366x54,bottom=1.00,ratios=(0.10,0.86,0.23), blue_hsv=[95, 100, 60]-[125, 255, 255], white_hsv=[0, 0, 120]-[180, 90, 255][0m
[INFO] [1784186875.424208632] [limit_bar_duck_test]: [0;33m未检测到有效限高杆: candidates=0, frame=260, reason=no_candidate, mask_px=blue:9156,white:47129,combined:58773, component=roi_y=120:240,search_blue_px=4346,contours=2,largest=area:5132,box:155x69,aspect:2.25,roi_blue:3254,roi_white:12900,reject:width+aspect, line=blue_only(mask_px=9858,lines=0,reject=no_hough_line); combined(mask_px=58773,lines=0,reject=no_hough_line), blue_hsv=[95, 100, 60]-[125, 255, 255], white_hsv=[0, 0, 120]-[180, 90, 255][0m
[INFO] [1784186876.431678135] [limit_bar_duck_test]: [0;33m未检测到有效限高杆: candidates=0, frame=275, reason=no_candidate, mask_px=blue:8605,white:49999,combined:60419, component=roi_y=120:240,search_blue_px=4891,contours=2,largest=area:6565,box:162x78,aspect:2.08,roi_blue:3389,roi_white:14954,reject:width+aspect, line=blue_only(mask_px=8733,lines=0,reject=no_hough_line); combined(mask_px=60419,lines=2,best=len:208,angle:0.8,band:233x28,blue:378,white:2737,reject:depth_invalid(valid_px=0,min_px=12)), blue_hsv=[95, 100, 60]-[125, 255, 255], white_hsv=[0, 0, 120]-[180, 90, 255][0m
[INFO] [1784186877.494130265] [limit_bar_duck_test]: [0;33m未检测到有效限高杆: candidates=0, frame=291, reason=no_candidate, mask_px=blue:6826,white:57668,combined:66756, component=roi_y=120:240,search_blue_px=4122,contours=4,largest=area:4071,box:130x36,aspect:3.61,roi_blue:3960,roi_white:5624,reject:width+aspect, line=blue_only(mask_px=6891,lines=0,reject=no_hough_line); combined(mask_px=66756,lines=2,best=len:154,angle:0.0,band:179x25,blue:47,white:1735,reject:depth_invalid(valid_px=0,min_px=12)), blue_hsv=[95, 100, 60]-[125, 255, 255], white_hsv=[0, 0, 120]-[180, 90, 255][0m
[INFO] [1784186878.493774267] [limit_bar_duck_test]: [0;33m未检测到有效限高杆: candidates=0, frame=306, reason=no_candidate, mask_px=blue:5306,white:55256,combined:62209, component=roi_y=120:240,search_blue_px=2255,contours=3,largest=area:1578,box:146x14,aspect:10.43,roi_blue:2832,roi_white:4537,reject:area+width+height, line=blue_only(mask_px=5523,lines=0,reject=no_hough_line); combined(mask_px=62209,lines=0,reject=no_hough_line), blue_hsv=[95, 100, 60]-[125, 255, 255], white_hsv=[0, 0, 120]-[180, 90, 255][0m
[INFO] [1784186879.492983617] [limit_bar_duck_test]: [1;34m最近限高杆: dist=1.159m, lateral=-0.210m, vertical=0.362m, pixel=(158.5,211.5), size=184x30, source=line, line_len=159.1px, angle=-1.8deg, depth_px=1432, blue_px=267, white_px=2882, blue_ratio=0.08, candidates=1, trigger=False[0m
[INFO] [1784186880.495324214] [limit_bar_duck_test]: [0;33m未检测到有效限高杆: candidates=0, frame=336, reason=no_candidate, mask_px=blue:13036,white:51084,combined:66825, component=roi_y=120:240,search_blue_px=12430,contours=3,largest=area:11974,box:226x103,aspect:2.19,roi_blue:7954,roi_white:12909,reject:aspect, line=blue_only(mask_px=13292,lines=0,reject=no_hough_line); combined(mask_px=66825,lines=0,reject=no_hough_line), blue_hsv=[95, 100, 60]-[125, 255, 255], white_hsv=[0, 0, 120]-[180, 90, 255][0m
[INFO] [1784186881.497988798] [limit_bar_duck_test]: [0;33m未检测到有效限高杆: candidates=0, frame=351, reason=no_candidate, mask_px=blue:19515,white:43326,combined:66569, component=roi_y=120:240,search_blue_px=16775,contours=3,largest=area:12814,box:238x120,aspect:1.98,roi_blue:11245,roi_white:9836,reject:aspect, line=blue_only(mask_px=20285,lines=0,reject=no_hough_line); combined(mask_px=66569,lines=0,reject=no_hough_line), blue_hsv=[95, 100, 60]-[125, 255, 255], white_hsv=[0, 0, 120]-[180, 90, 255][0m
[INFO] [1784186882.498882349] [limit_bar_duck_test]: [0;33m未检测到有效限高杆: candidates=0, frame=366, reason=no_candidate, mask_px=blue:26500,white:40232,combined:71293, component=roi_y=120:240,search_blue_px=22867,contours=1,largest=area:45631,box:424x120,aspect:3.53,roi_blue:24133,roi_white:8327,reject:aspect, line=blue_only(mask_px=27890,lines=1,best=len:212,angle:1.9,band:237x32,blue:3593,white:1095,reject:depth_invalid(valid_px=0,min_px=12)); combined(mask_px=71293,lines=0,reject=no_hough_line), blue_hsv=[95, 100, 60]-[125, 255, 255], white_hsv=[0, 0, 120]-[180, 90, 255][0m
[INFO] [1784186883.497734607] [limit_bar_duck_test]: [0;33m未检测到有效限高杆: candidates=0, frame=381, reason=no_candidate, mask_px=blue:29568,white:46344,combined:79362, component=roi_y=120:240,search_blue_px=25656,contours=1,largest=area:48128,box:424x120,aspect:3.53,roi_blue:27375,roi_white:9048,reject:aspect, line=blue_only(mask_px=30362,lines=1,best=len:183,angle:0.9,band:208x28,blue:3131,white:1019,reject:depth_invalid(valid_px=0,min_px=12)); combined(mask_px=79362,lines=1,best=len:154,angle:-4.1,band:167x36,blue:1242,white:2363,reject:depth_invalid(valid_px=0,min_px=12)), blue_hsv=[95, 100, 60]-[125, 255, 255], white_hsv=[0, 0, 120]-[180, 90, 255][0m
[INFO] [1784186884.499914189] [limit_bar_duck_test]: [0;33m未检测到有效限高杆: candidates=0, frame=396, reason=no_candidate, mask_px=blue:41742,white:17869,combined:63024, component=roi_y=120:240,search_blue_px=31317,contours=3,largest=area:35503,box:424x120,aspect:3.53,roi_blue:33012,roi_white:3880,reject:aspect, line=blue_only(mask_px=42782,lines=2,best=len:197,angle:0.0,band:222x25,blue:2231,white:1472,reject:depth_invalid(valid_px=0,min_px=12)); combined(mask_px=63024,lines=2,best=len:194,angle:0.0,band:219x25,blue:1187,white:1291,reject:depth_invalid(valid_px=0,min_px=12)), blue_hsv=[95, 100, 60]-[125, 255, 255], white_hsv=[0, 0, 120]-[180, 90, 255][0m
[INFO] [1784186885.500913508] [limit_bar_duck_test]: [0;33m未检测到有效限高杆: candidates=0, frame=411, reason=no_candidate, mask_px=blue:32555,white:21263,combined:55841, component=roi_y=120:240,search_blue_px=27498,contours=1,largest=area:32295,box:424x120,aspect:3.53,roi_blue:28857,roi_white:6737,reject:aspect, line=blue_only(mask_px=32677,lines=0,reject=no_hough_line); combined(mask_px=55841,lines=0,reject=no_hough_line), blue_hsv=[95, 100, 60]-[125, 255, 255], white_hsv=[0, 0, 120]-[180, 90, 255][0m
[INFO] [1784186886.501051922] [limit_bar_duck_test]: [0;33m未检测到有效限高杆: candidates=0, frame=426, reason=no_candidate, mask_px=blue:16948,white:43164,combined:64242, component=roi_y=120:240,search_blue_px=14690,contours=1,largest=area:18011,box:276x120,aspect:2.30,roi_blue:15988,roi_white:20502,reject:aspect, line=blue_only(mask_px=17404,lines=1,best=len:192,angle:-27.0,band:196x112,blue:7841,white:9992,reject:angle); combined(mask_px=64242,lines=4,best=len:204,angle:3.1,band:217x36,blue:0,white:5378,reject:blue_px), blue_hsv=[95, 100, 60]-[125, 255, 255], white_hsv=[0, 0, 120]-[180, 90, 255][0m
[INFO] [1784186887.500861657] [limit_bar_duck_test]: [0;33m未检测到有效限高杆: candidates=0, frame=441, reason=no_candidate, mask_px=blue:9390,white:56828,combined:69658, component=roi_y=120:240,search_blue_px=6001,contours=1,largest=area:6310,box:166x72,aspect:2.31,roi_blue:7003,roi_white:15632,reject:width+aspect, line=blue_only(mask_px=9826,lines=1,best=len:190,angle:-25.9,band:196x108,blue:6942,white:10879,reject:angle); combined(mask_px=69658,lines=4,best=len:268,angle:0.9,band:281x29,blue:0,white:4180,reject:blue_px), blue_hsv=[95, 100, 60]-[125, 255, 255], white_hsv=[0, 0, 120]-[180, 90, 255][0m
[INFO] [1784186888.498970189] [limit_bar_duck_test]: [1;34m最近限高杆: dist=0.974m, lateral=0.137m, vertical=0.187m, pixel=(256.0,175.0), size=347x31, source=line, line_len=334.1px, angle=-1.0deg, depth_px=4473, blue_px=351, white_px=5497, blue_ratio=0.06, candidates=3, trigger=False[0m
[INFO] [1784186889.505707110] [limit_bar_duck_test]: [0;33m未检测到有效限高杆: candidates=0, frame=471, reason=no_candidate, mask_px=blue:5790,white:56774,combined:66255, component=roi_y=120:240,search_blue_px=3394,contours=1,largest=area:4640,box:151x65,aspect:2.32,roi_blue:3920,roi_white:13161,reject:width+aspect, line=blue_only(mask_px=6242,lines=0,reject=no_hough_line); combined(mask_px=66255,lines=0,reject=no_hough_line), blue_hsv=[95, 100, 60]-[125, 255, 255], white_hsv=[0, 0, 120]-[180, 90, 255][0m
[INFO] [1784186890.503090258] [limit_bar_duck_test]: [0;33m未检测到有效限高杆: candidates=0, frame=486, reason=no_candidate, mask_px=blue:7385,white:55663,combined:67337, component=roi_y=120:240,search_blue_px=3821,contours=5,largest=area:6088,box:173x78,aspect:2.22,roi_blue:4642,roi_white:12829,reject:width+aspect, line=blue_only(mask_px=7560,lines=0,reject=no_hough_line); combined(mask_px=67337,lines=3,best=len:293,angle:0.0,band:306x25,blue:0,white:3932,reject:blue_px), blue_hsv=[95, 100, 60]-[125, 255, 255], white_hsv=[0, 0, 120]-[180, 90, 255][0m
[INFO] [1784186891.501025079] [limit_bar_duck_test]: [1;34m最近限高杆: dist=1.362m, lateral=-0.532m, vertical=0.108m, pixel=(95.0,141.0), size=169x45, source=line, line_len=145.4px, angle=-7.9deg, depth_px=131, blue_px=3327, white_px=2094, blue_ratio=0.61, candidates=1, trigger=False[0m
[INFO] [1784186892.570726875] [limit_bar_duck_test]: [0;33m未检测到有效限高杆: candidates=0, frame=517, reason=no_candidate, mask_px=blue:7756,white:57512,combined:69786, component=roi_y=120:240,search_blue_px=4557,contours=4,largest=area:7393,box:198x88,aspect:2.25,roi_blue:5332,roi_white:18007,reject:aspect, line=blue_only(mask_px=8306,lines=0,reject=no_hough_line); combined(mask_px=69786,lines=2,best=len:166,angle:0.0,band:191x25,blue:0,white:2658,reject:blue_px), blue_hsv=[95, 100, 60]-[125, 255, 255], white_hsv=[0, 0, 120]-[180, 90, 255][0m
[INFO] [1784186893.569398641] [limit_bar_duck_test]: [0;33m未检测到有效限高杆: candidates=0, frame=532, reason=no_candidate, mask_px=blue:6921,white:58502,combined:69476, component=roi_y=120:240,search_blue_px=3941,contours=3,largest=area:6658,box:178x81,aspect:2.20,roi_blue:4763,roi_white:14864,reject:width+aspect, line=blue_only(mask_px=7093,lines=0,reject=no_hough_line); combined(mask_px=69476,lines=2,best=len:197,angle:0.0,band:222x25,blue:0,white:2557,reject:blue_px), blue_hsv=[95, 100, 60]-[125, 255, 255], white_hsv=[0, 0, 120]-[180, 90, 255][0m
[INFO] [1784186894.572434756] [limit_bar_duck_test]: [0;33m未检测到有效限高杆: candidates=0, frame=547, reason=no_candidate, mask_px=blue:7404,white:55764,combined:66716, component=roi_y=120:240,search_blue_px=4680,contours=3,largest=area:6024,box:162x77,aspect:2.10,roi_blue:5463,roi_white:13874,reject:width+aspect, line=blue_only(mask_px=7556,lines=0,reject=no_hough_line); combined(mask_px=66716,lines=4,best=len:229,angle:0.0,band:254x25,blue:0,white:2919,reject:blue_px), blue_hsv=[95, 100, 60]-[125, 255, 255], white_hsv=[0, 0, 120]-[180, 90, 255][0m
[INFO] [1784186895.569778113] [limit_bar_duck_test]: [1;34m最近限高杆: dist=0.980m, lateral=0.030m, vertical=0.167m, pixel=(222.5,168.5), size=228x28, source=line, line_len=203.0px, angle=-0.8deg, depth_px=3558, blue_px=102, white_px=4383, blue_ratio=0.02, candidates=1, trigger=False[0m
[INFO] [1784186896.572033379] [limit_bar_duck_test]: [0;33m未检测到有效限高杆: candidates=0, frame=577, reason=no_candidate, mask_px=blue:8595,white:59289,combined:72776, component=roi_y=120:240,search_blue_px=4502,contours=4,largest=area:6649,box:180x85,aspect:2.12,roi_blue:5320,roi_white:17323,reject:aspect, line=blue_only(mask_px=8774,lines=1,best=len:168,angle:-23.8,band:179x93,blue:4128,white:7929,reject:angle); combined(mask_px=72776,lines=1,best=len:152,angle:0.0,band:165x25,blue:0,white:2211,reject:blue_px), blue_hsv=[95, 100, 60]-[125, 255, 255], white_hsv=[0, 0, 120]-[180, 90, 255][0m
[INFO] [1784186897.575132698] [limit_bar_duck_test]: [0;33m未检测到有效限高杆: candidates=0, frame=592, reason=no_candidate, mask_px=blue:6917,white:53602,combined:64541, component=roi_y=120:240,search_blue_px=4522,contours=3,largest=area:7721,box:223x87,aspect:2.56,roi_blue:5347,roi_white:17874,reject:aspect, line=blue_only(mask_px=7215,lines=0,reject=no_hough_line); combined(mask_px=64541,lines=5,best=len:202,angle:1.1,band:227x29,blue:0,white:3076,reject:blue_px), blue_hsv=[95, 100, 60]-[125, 255, 255], white_hsv=[0, 0, 120]-[180, 90, 255][0m
[INFO] [1784186897.838062941] [limit_bar_duck_test]: [1;95m触发状态更新: trigger=True[0m
[INFO] [1784186897.904150663] [limit_bar_duck_test]: [1;95m触发状态更新: trigger=False[0m
[INFO] [1784186898.574700029] [limit_bar_duck_test]: [0;33m未检测到有效限高杆: candidates=0, frame=607, reason=no_candidate, mask_px=blue:6930,white:55586,combined:66342, component=roi_y=120:240,search_blue_px=3803,contours=4,largest=area:6848,box:170x80,aspect:2.12,roi_blue:4557,roi_white:13362,reject:width+aspect, line=blue_only(mask_px=6963,lines=0,reject=no_hough_line); combined(mask_px=66342,lines=4,best=len:276,angle:0.0,band:289x25,blue:0,white:3317,reject:blue_px), blue_hsv=[95, 100, 60]-[125, 255, 255], white_hsv=[0, 0, 120]-[180, 90, 255][0m
[INFO] [1784186899.572883651] [limit_bar_duck_test]: [1;34m最近限高杆: dist=0.969m, lateral=0.021m, vertical=0.167m, pixel=(220.0,169.0), size=183x27, source=line, line_len=158.0px, angle=-0.7deg, depth_px=2753, blue_px=68, white_px=3516, blue_ratio=0.02, candidates=1, trigger=False[0m
[INFO] [1784186900.575443686] [limit_bar_duck_test]: [1;34m最近限高杆: dist=1.003m, lateral=0.060m, vertical=0.181m, pixel=(231.5,171.5), size=240x32, source=line, line_len=215.1px, angle=-1.9deg, depth_px=4471, blue_px=155, white_px=5010, blue_ratio=0.03, candidates=3, trigger=False[0m
[INFO] [1784186901.576389327] [limit_bar_duck_test]: [0;33m未检测到有效限高杆: candidates=0, frame=652, reason=no_candidate, mask_px=blue:6737,white:59373,combined:69132, component=roi_y=120:240,search_blue_px=2122,contours=4,largest=area:2338,box:129x54,aspect:2.39,roi_blue:2802,roi_white:10132,reject:width+aspect, line=blue_only(mask_px=6983,lines=0,reject=no_hough_line); combined(mask_px=69132,lines=1,best=len:302,angle:-0.9,band:327x30,blue:0,white:6028,reject:blue_px), blue_hsv=[95, 100, 60]-[125, 255, 255], white_hsv=[0, 0, 120]-[180, 90, 255][0m
[INFO] [1784186902.575362054] [limit_bar_duck_test]: [1;34m最近限高杆: dist=1.113m, lateral=0.102m, vertical=0.157m, pixel=(241.0,159.5), size=221x28, source=line, line_len=196.0px, angle=-0.9deg, depth_px=2944, blue_px=90, white_px=4997, blue_ratio=0.02, candidates=2, trigger=False[0m
[INFO] [1784186903.577841019] [limit_bar_duck_test]: [0;33m未检测到有效限高杆: candidates=0, frame=682, reason=no_candidate, mask_px=blue:6292,white:60610,combined:70613, component=roi_y=120:240,search_blue_px=3513,contours=2,largest=area:6270,box:176x91,aspect:1.93,roi_blue:4214,roi_white:18376,reject:width+aspect, line=blue_only(mask_px=6237,lines=0,reject=no_hough_line); combined(mask_px=70613,lines=3,best=len:272,angle:-1.1,band:297x30,blue:4,white:5414,reject:blue_px), blue_hsv=[95, 100, 60]-[125, 255, 255], white_hsv=[0, 0, 120]-[180, 90, 255][0m
[INFO] [1784186904.576646477] [limit_bar_duck_test]: [1;34m最近限高杆: dist=1.060m, lateral=0.023m, vertical=0.158m, pixel=(220.0,162.0), size=171x25, source=line, line_len=146.0px, angle=0.0deg, depth_px=1952, blue_px=68, white_px=3318, blue_ratio=0.02, candidates=2, trigger=False[0m
[INFO] [1784186905.578052987] [limit_bar_duck_test]: [1;34m最近限高杆: dist=0.950m, lateral=0.154m, vertical=0.154m, pixel=(262.5,166.0), size=264x25, source=line, line_len=239.0px, angle=0.0deg, depth_px=4224, blue_px=74, white_px=4914, blue_ratio=0.01, candidates=2, trigger=False[0m
[INFO] [1784186906.577453421] [limit_bar_duck_test]: [1;34m最近限高杆: dist=1.435m, lateral=-0.151m, vertical=0.157m, pixel=(181.5,150.0), size=178x27, source=line, line_len=153.0px, angle=-0.7deg, depth_px=154, blue_px=709, white_px=2313, blue_ratio=0.23, candidates=1, trigger=False[0m
[INFO] [1784186907.581298216] [limit_bar_duck_test]: [0;33m未检测到有效限高杆: candidates=0, frame=742, reason=no_candidate, mask_px=blue:6137,white:55106,combined:64210, component=roi_y=120:240,search_blue_px=3077,contours=4,largest=area:4952,box:165x86,aspect:1.92,roi_blue:3719,roi_white:16088,reject:width+aspect, line=blue_only(mask_px=6166,lines=0,reject=no_hough_line); combined(mask_px=64210,lines=1,best=len:146,angle:-0.8,band:171x27,blue:0,white:2436,reject:blue_px), blue_hsv=[95, 100, 60]-[125, 255, 255], white_hsv=[0, 0, 120]-[180, 90, 255][0m
[INFO] [1784186908.175492505] [limit_bar_duck_test]: [1;95m触发状态更新: trigger=True[0m
[INFO] [1784186908.246099000] [limit_bar_duck_test]: [1;95m触发状态更新: trigger=False[0m
[INFO] [1784186908.587197620] [limit_bar_duck_test]: [0;33m未检测到有效限高杆: candidates=0, frame=757, reason=no_candidate, mask_px=blue:7024,white:56094,combined:66180, component=roi_y=120:240,search_blue_px=3633,contours=2,largest=area:5764,box:344x92,aspect:3.74,roi_blue:4427,roi_white:29128,reject:aspect, line=blue_only(mask_px=6923,lines=0,reject=no_hough_line); combined(mask_px=66180,lines=3,best=len:329,angle:-0.9,band:342x30,blue:0,white:5074,reject:blue_px), blue_hsv=[95, 100, 60]-[125, 255, 255], white_hsv=[0, 0, 120]-[180, 90, 255][0m
[INFO] [1784186909.576982317] [limit_bar_duck_test]: [0;33m未检测到有效限高杆: candidates=0, frame=772, reason=orange_foreground_suppressed, orange=orange_vertical=area=2473,box=62x167,bottom=1.00,ratios=(0.02,0.15,0.70),aspect=2.69, blue_hsv=[95, 100, 60]-[125, 255, 255], white_hsv=[0, 0, 120]-[180, 90, 255][0m
[INFO] [1784186910.577276234] [limit_bar_duck_test]: [0;33m未检测到有效限高杆: candidates=0, frame=787, reason=orange_foreground_suppressed, orange=area=11932,box=388x67,bottom=1.00,ratios=(0.12,0.92,0.28), blue_hsv=[95, 100, 60]-[125, 255, 255], white_hsv=[0, 0, 120]-[180, 90, 255][0m
[INFO] [1784186910.977587843] [limit_bar_duck_test]: [1;95m触发状态更新: trigger=True[0m
[INFO] [1784186911.045633593] [limit_bar_duck_test]: [1;95m触发状态更新: trigger=False[0m
[INFO] [1784186911.447627652] [limit_bar_duck_test]: [1;95m触发状态更新: trigger=True[0m
[INFO] [1784186911.578964980] [limit_bar_duck_test]: [1;34m最近限高杆: dist=0.566m, lateral=-0.003m, vertical=0.099m, pixel=(211.5,170.0), size=424x137, source=component, line_len=424.0px, angle=0.0deg, depth_px=18260, blue_px=6565, white_px=31527, blue_ratio=0.17, candidates=1, trigger=True[0m
[INFO] [1784186912.579781888] [limit_bar_duck_test]: [1;34m最近限高杆: dist=0.546m, lateral=-0.003m, vertical=0.096m, pixel=(211.5,170.0), size=424x136, source=component, line_len=424.0px, angle=0.0deg, depth_px=18188, blue_px=5414, white_px=31343, blue_ratio=0.15, candidates=1, trigger=True[0m
[INFO] [1784186913.580398461] [limit_bar_duck_test]: [1;34m最近限高杆: dist=0.603m, lateral=-0.080m, vertical=0.116m, pixel=(173.0,175.0), size=347x101, source=component, line_len=347.0px, angle=0.0deg, depth_px=13532, blue_px=4044, white_px=18957, blue_ratio=0.18, candidates=1, trigger=True[0m
[INFO] [1784186913.650104863] [limit_bar_duck_test]: [1;95m触发状态更新: trigger=False[0m
[INFO] [1784186913.714687167] [limit_bar_duck_test]: [1;95m触发状态更新: trigger=True[0m
[INFO] [1784186913.782176000] [limit_bar_duck_test]: [1;95m触发状态更新: trigger=False[0m
[INFO] [1784186914.580226551] [limit_bar_duck_test]: [0;33m未检测到有效限高杆: candidates=0, frame=847, reason=orange_foreground_suppressed, orange=area=15314,box=382x85,bottom=1.00,ratios=(0.15,0.90,0.35), blue_hsv=[95, 100, 60]-[125, 255, 255], white_hsv=[0, 0, 120]-[180, 90, 255][0m
[INFO] [1784186915.582960258] [limit_bar_duck_test]: [0;33m未检测到有效限高杆: candidates=0, frame=862, reason=orange_foreground_suppressed, orange=area=17223,box=389x126,bottom=1.00,ratios=(0.17,0.92,0.53), blue_hsv=[95, 100, 60]-[125, 255, 255], white_hsv=[0, 0, 120]-[180, 90, 255][0m
[INFO] [1784186916.649426531] [limit_bar_duck_test]: [0;33m未检测到有效限高杆: candidates=0, frame=878, reason=orange_foreground_suppressed, orange=area=16077,box=400x178,bottom=1.00,ratios=(0.16,0.94,0.74), blue_hsv=[95, 100, 60]-[125, 255, 255], white_hsv=[0, 0, 120]-[180, 90, 255][0m
[INFO] [1784186917.250588093] [limit_bar_duck_test]: [1;95m触发状态更新: trigger=True[0m
[INFO] [1784186917.320632957] [limit_bar_duck_test]: [1;95m触发状态更新: trigger=False[0m
[INFO] [1784186917.715785187] [limit_bar_duck_test]: [0;33m未检测到有效限高杆: candidates=0, frame=894, reason=orange_foreground_suppressed, orange=area=10756,box=372x84,bottom=1.00,ratios=(0.11,0.88,0.35), blue_hsv=[95, 100, 60]-[125, 255, 255], white_hsv=[0, 0, 120]-[180, 90, 255][0m
[INFO] [1784186918.182528403] [limit_bar_duck_test]: [1;95m触发状态更新: trigger=True[0m
[INFO] [1784186918.250601375] [limit_bar_duck_test]: [1;95m触发状态更新: trigger=False[0m
[INFO] [1784186918.450930826] [limit_bar_duck_test]: [1;95m触发状态更新: trigger=True[0m
[INFO] [1784186918.718741015] [limit_bar_duck_test]: [1;34m最近限高杆: dist=0.480m, lateral=-0.003m, vertical=0.113m, pixel=(211.5,188.0), size=424x122, source=component, line_len=424.0px, angle=0.0deg, depth_px=12114, blue_px=14803, white_px=15508, blue_ratio=0.49, candidates=1, trigger=True[0m
[INFO] [1784186919.184338693] [limit_bar_duck_test]: [1;95m触发状态更新: trigger=False[0m
[INFO] [1784186919.718683763] [limit_bar_duck_test]: [0;33m未检测到有效限高杆: candidates=0, frame=924, reason=orange_foreground_suppressed, orange=area=26410,box=358x149,bottom=1.00,ratios=(0.26,0.84,0.62), blue_hsv=[95, 100, 60]-[125, 255, 255], white_hsv=[0, 0, 120]-[180, 90, 255][0m
[INFO] [1784186920.384401748] [limit_bar_duck_test]: [1;95m触发状态更新: trigger=True[0m
[INFO] [1784186920.452598029] [limit_bar_duck_test]: [1;95m触发状态更新: trigger=False[0m
[INFO] [1784186920.786750323] [limit_bar_duck_test]: [0;33m未检测到有效限高杆: candidates=0, frame=940, reason=orange_foreground_suppressed, orange=area=19920,box=354x88,bottom=1.00,ratios=(0.20,0.83,0.37), blue_hsv=[95, 100, 60]-[125, 255, 255], white_hsv=[0, 0, 120]-[180, 90, 255][0m
[INFO] [1784186921.051839107] [limit_bar_duck_test]: [1;95m触发状态更新: trigger=True[0m
[INFO] [1784186921.118607234] [limit_bar_duck_test]: [1;95m触发状态更新: trigger=False[0m
[INFO] [1784186921.185971907] [limit_bar_duck_test]: [1;95m触发状态更新: trigger=True[0m
[INFO] [1784186921.317449900] [limit_bar_duck_test]: [1;95m触发状态更新: trigger=False[0m
[INFO] [1784186921.788587024] [limit_bar_duck_test]: [1;34m最近限高杆: dist=1.155m, lateral=-0.007m, vertical=0.279m, pixel=(211.5,190.0), size=424x118, source=component, line_len=424.0px, angle=0.0deg, depth_px=14582, blue_px=17374, white_px=8845, blue_ratio=0.66, candidates=1, trigger=False[0m
[INFO] [1784186922.788657647] [limit_bar_duck_test]: [0;33m未检测到有效限高杆: candidates=0, frame=970, reason=orange_foreground_suppressed, orange=area=25795,box=356x133,bottom=1.00,ratios=(0.25,0.84,0.55), blue_hsv=[95, 100, 60]-[125, 255, 255], white_hsv=[0, 0, 120]-[180, 90, 255][0m
[INFO] [1784186923.787735723] [limit_bar_duck_test]: [0;33m未检测到有效限高杆: candidates=0, frame=985, reason=orange_foreground_suppressed, orange=area=15502,box=304x143,bottom=1.00,ratios=(0.15,0.72,0.60), blue_hsv=[95, 100, 60]-[125, 255, 255], white_hsv=[0, 0, 120]-[180, 90, 255][0m
[INFO] [1784186924.859881008] [limit_bar_duck_test]: [1;34m最近限高杆: dist=1.131m, lateral=0.322m, vertical=0.256m, pixel=(299.5,185.5), size=220x66, source=line, line_len=199.3px, angle=11.9deg, depth_px=6432, blue_px=7745, white_px=183, blue_ratio=0.98, candidates=2, trigger=False[0m
[INFO] [1784186925.857862589] [limit_bar_duck_test]: [1;34m最近限高杆: dist=1.479m, lateral=-0.170m, vertical=0.538m, pixel=(178.5,227.0), size=358x44, source=component, line_len=358.0px, angle=0.0deg, depth_px=3727, blue_px=1422, white_px=6504, blue_ratio=0.18, candidates=1, trigger=False[0m
[INFO] [1784186926.861816324] [limit_bar_duck_test]: [0;33m未检测到有效限高杆: candidates=0, frame=1031, reason=no_candidate, mask_px=blue:1338,white:48534,combined:50726, component=roi_y=120:240,search_blue_px=1333,contours=4,largest=area:823,box:133x19,aspect:7.00,roi_blue:615,roi_white:2474,reject:area+width, line=blue_only(mask_px=867,lines=0,reject=no_hough_line); combined(mask_px=50726,lines=3,best=len:168,angle:5.1,band:192x40,blue:0,white:5574,reject:blue_px), blue_hsv=[95, 100, 60]-[125, 255, 255], white_hsv=[0, 0, 120]-[180, 90, 255][0m
[INFO] [1784186927.058358590] [limit_bar_duck_test]: [1;95m触发状态更新: trigger=True[0m
[INFO] [1784186927.256499749] [limit_bar_duck_test]: [1;95m触发状态更新: trigger=False[0m
[INFO] [1784186927.858123538] [limit_bar_duck_test]: [1;34m最近限高杆: dist=0.810m, lateral=-0.206m, vertical=0.292m, pixel=(136.5,226.0), size=274x46, source=component, line_len=274.0px, angle=0.0deg, depth_px=3934, blue_px=4416, white_px=2284, blue_ratio=0.66, candidates=1, trigger=False[0m
[INFO] [1784186928.858380182] [limit_bar_duck_test]: [1;34m最近限高杆: dist=0.810m, lateral=-0.206m, vertical=0.292m, pixel=(136.5,226.0), size=274x45, source=component, line_len=274.0px, angle=0.0deg, depth_px=3599, blue_px=4373, white_px=2239, blue_ratio=0.66, candidates=1, trigger=False[0m
[INFO] [1784186929.327862034] [limit_bar_duck_test]: [1;95m触发状态更新: trigger=True[0m
[INFO] [1784186929.458925856] [limit_bar_duck_test]: [1;95m触发状态更新: trigger=False[0m
[INFO] [1784186929.596771339] [limit_bar_duck_test]: [1;95m触发状态更新: trigger=True[0m
[INFO] [1784186929.725278757] [limit_bar_duck_test]: [1;95m触发状态更新: trigger=False[0m
[INFO] [1784186929.860004635] [limit_bar_duck_test]: [1;34m最近限高杆: dist=1.376m, lateral=0.596m, vertical=0.489m, pixel=(344.5,224.5), size=163x31, source=line, line_len=143.2px, angle=-2.8deg, depth_px=1814, blue_px=2239, white_px=185, blue_ratio=0.92, candidates=1, trigger=False[0m
[INFO] [1784186929.995563124] [limit_bar_duck_test]: [1;95m触发状态更新: trigger=True[0m
[INFO] [1784186930.061443956] [limit_bar_duck_test]: [1;95m触发状态更新: trigger=False[0m
[INFO] [1784186930.129270572] [limit_bar_duck_test]: [1;95m触发状态更新: trigger=True[0m
[INFO] [1784186930.194556620] [limit_bar_duck_test]: [1;95m触发状态更新: trigger=False[0m
[INFO] [1784186930.858955918] [limit_bar_duck_test]: [0;33m未检测到有效限高杆: candidates=0, frame=1091, reason=orange_foreground_suppressed, orange=area=72110,box=424x218,bottom=1.00,ratios=(0.71,1.00,0.91), blue_hsv=[95, 100, 60]-[125, 255, 255], white_hsv=[0, 0, 120]-[180, 90, 255][0m
[INFO] [1784186931.861677265] [limit_bar_duck_test]: [1;95m触发状态更新: trigger=True[0m
[INFO] [1784186931.863003059] [limit_bar_duck_test]: [1;34m最近限高杆: dist=0.384m, lateral=-0.155m, vertical=0.033m, pixel=(91.5,143.0), size=189x31, source=line, line_len=169.1px, angle=-2.0deg, depth_px=2332, blue_px=2617, white_px=341, blue_ratio=0.88, candidates=1, trigger=True[0m
[INFO] [1784186931.998351385] [limit_bar_duck_test]: [1;95m触发状态更新: trigger=False[0m
[INFO] [1784186932.530268746] [limit_bar_duck_test]: [1;95m触发状态更新: trigger=True[0m
[INFO] [1784186932.595986755] [limit_bar_duck_test]: [1;95m触发状态更新: trigger=False[0m
[INFO] [1784186932.663167338] [limit_bar_duck_test]: [1;95m触发状态更新: trigger=True[0m
[INFO] [1784186932.930295995] [limit_bar_duck_test]: [1;34m最近限高杆: dist=0.761m, lateral=0.316m, vertical=0.262m, pixel=(339.0,221.0), size=181x31, source=line, line_len=168.1px, angle=-2.0deg, depth_px=916, blue_px=2041, white_px=866, blue_ratio=0.70, candidates=5, trigger=True[0m
[INFO] [1784186933.063038014] [limit_bar_duck_test]: [1;95m触发状态更新: trigger=False[0m
[INFO] [1784186933.129297131] [limit_bar_duck_test]: [1;95m触发状态更新: trigger=True[0m
[INFO] [1784186933.196173011] [limit_bar_duck_test]: [1;95m触发状态更新: trigger=False[0m
[INFO] [1784186933.328073355] [limit_bar_duck_test]: [1;95m触发状态更新: trigger=True[0m
[INFO] [1784186933.526822154] [limit_bar_duck_test]: [1;95m触发状态更新: trigger=False[0m
[INFO] [1784186933.794206648] [limit_bar_duck_test]: [1;95m触发状态更新: trigger=True[0m
[INFO] [1784186933.861575635] [limit_bar_duck_test]: [1;95m触发状态更新: trigger=False[0m
[INFO] [1784186933.928217241] [limit_bar_duck_test]: [1;95m触发状态更新: trigger=True[0m
[INFO] [1784186933.929860236] [limit_bar_duck_test]: [1;34m最近限高杆: dist=0.799m, lateral=-0.217m, vertical=0.296m, pixel=(131.0,229.0), size=263x40, source=component, line_len=263.0px, angle=0.0deg, depth_px=2359, blue_px=3130, white_px=1801, blue_ratio=0.63, candidates=1, trigger=True[0m
[INFO] [1784186934.062741026] [limit_bar_duck_test]: [1;95m触发状态更新: trigger=False[0m
[INFO] [1784186934.931379880] [limit_bar_duck_test]: [1;34m最近限高杆: dist=0.803m, lateral=-0.306m, vertical=0.262m, pixel=(98.0,215.5), size=175x30, source=line, line_len=150.1px, angle=-1.9deg, depth_px=541, blue_px=2274, white_px=282, blue_ratio=0.89, candidates=1, trigger=False[0m
[INFO] [1784186935.932642606] [limit_bar_duck_test]: [1;34m最近限高杆: dist=0.803m, lateral=-0.306m, vertical=0.262m, pixel=(98.0,215.5), size=175x30, source=line, line_len=150.1px, angle=-1.9deg, depth_px=485, blue_px=2229, white_px=277, blue_ratio=0.89, candidates=2, trigger=False[0m
[INFO] [1784186936.933187703] [limit_bar_duck_test]: [1;34m最近限高杆: dist=0.805m, lateral=-0.307m, vertical=0.262m, pixel=(98.0,215.5), size=175x30, source=line, line_len=150.1px, angle=-1.9deg, depth_px=508, blue_px=2237, white_px=279, blue_ratio=0.89, candidates=2, trigger=False[0m
[INFO] [1784186937.399412012] [limit_bar_duck_test]: [1;95m触发状态更新: trigger=True[0m
[INFO] [1784186937.467231942] [limit_bar_duck_test]: [1;95m触发状态更新: trigger=False[0m
[INFO] [1784186937.532027860] [limit_bar_duck_test]: [1;95m触发状态更新: trigger=True[0m
[INFO] [1784186937.734655033] [limit_bar_duck_test]: [1;95m触发状态更新: trigger=False[0m
[INFO] [1784186937.806744513] [limit_bar_duck_test]: [1;95m触发状态更新: trigger=True[0m
[INFO] [1784186937.936980517] [limit_bar_duck_test]: [1;95m触发状态更新: trigger=False[0m
[INFO] [1784186937.938605665] [limit_bar_duck_test]: [1;34m最近限高杆: dist=1.297m, lateral=-0.329m, vertical=-0.263m, pixel=(136.5,55.5), size=202x44, source=line, line_len=178.0px, angle=6.1deg, depth_px=5401, blue_px=128, white_px=5273, blue_ratio=0.02, candidates=2, trigger=False[0m
[INFO] [1784186938.001840587] [limit_bar_duck_test]: [1;95m触发状态更新: trigger=True[0m
[INFO] [1784186938.067133725] [limit_bar_duck_test]: [1;95m触发状态更新: trigger=False[0m
[INFO] [1784186938.933400448] [limit_bar_duck_test]: [0;33m未检测到有效限高杆: candidates=0, frame=1212, reason=orange_foreground_suppressed, orange=area=50646,box=424x171,bottom=1.00,ratios=(0.50,1.00,0.71), blue_hsv=[95, 100, 60]-[125, 255, 255], white_hsv=[0, 0, 120]-[180, 90, 255][0m
[INFO] [1784186940.004442432] [limit_bar_duck_test]: [0;33m未检测到有效限高杆: candidates=0, frame=1228, reason=no_candidate, mask_px=blue:0,white:28932,combined:29705, component=roi_y=120:240,search_blue_px=0,contours=0,reject=no_blue_component, line=blue_only(mask_px=0,lines=0,reject=no_hough_line); combined(mask_px=29705,lines=2,best=len:194,angle:6.8,band:218x48,blue:0,white:2593,reject:blue_px), blue_hsv=[95, 100, 60]-[125, 255, 255], white_hsv=[0, 0, 120]-[180, 90, 255][0m
[INFO] [1784186941.072688874] [limit_bar_duck_test]: [0;33m未检测到有效限高杆: candidates=0, frame=1244, reason=no_candidate, mask_px=blue:5426,white:50620,combined:58685, component=roi_y=120:240,search_blue_px=4879,contours=4,largest=area:5750,box:214x120,aspect:1.78,roi_blue:4948,roi_white:23876,reject:aspect, line=blue_only(mask_px=5532,lines=1,best=len:192,angle:-31.0,band:190x112,blue:3989,white:10803,reject:angle); combined(mask_px=58685,lines=2,best=len:221,angle:-19.0,band:234x97,blue:3326,white:9107,reject:angle), blue_hsv=[95, 100, 60]-[125, 255, 255], white_hsv=[0, 0, 120]-[180, 90, 255][0m
[INFO] [1784186942.073556295] [limit_bar_duck_test]: [0;33m未检测到有效限高杆: candidates=0, frame=1259, reason=no_candidate, mask_px=blue:4327,white:39881,combined:46513, component=roi_y=120:240,search_blue_px=4327,contours=6,largest=area:4884,box:202x86,aspect:2.35,roi_blue:3523,roi_white:13267,reject:aspect, line=blue_only(mask_px=4379,lines=0,reject=no_hough_line); combined(mask_px=46513,lines=1,best=len:151,angle:-5.0,band:175x38,blue:0,white:2751,reject:blue_px), blue_hsv=[95, 100, 60]-[125, 255, 255], white_hsv=[0, 0, 120]-[180, 90, 255][0m
[INFO] [1784186943.072868007] [limit_bar_duck_test]: [0;33m未检测到有效限高杆: candidates=0, frame=1274, reason=no_candidate, mask_px=blue:15499,white:31851,combined:49383, component=roi_y=120:240,search_blue_px=13529,contours=2,largest=area:17664,box:397x120,aspect:3.31,roi_blue:14433,roi_white:17641,reject:aspect, line=blue_only(mask_px=15819,lines=2,best=len:225,angle:-26.9,band:226x116,blue:7690,white:11969,reject:angle); combined(mask_px=49383,lines=0,reject=no_hough_line), blue_hsv=[95, 100, 60]-[125, 255, 255], white_hsv=[0, 0, 120]-[180, 90, 255][0m
[INFO] [1784186944.074055353] [limit_bar_duck_test]: [1;34m最近限高杆: dist=0.963m, lateral=-0.367m, vertical=0.357m, pixel=(98.0,229.0), size=177x30, source=line, line_len=152.6px, angle=-5.3deg, depth_px=644, blue_px=1432, white_px=526, blue_ratio=0.73, candidates=4, trigger=False[0m
[INFO] [1784186945.071466197] [limit_bar_duck_test]: [1;34m最近限高杆: dist=0.826m, lateral=0.346m, vertical=0.274m, pixel=(340.0,217.5), size=179x34, source=line, line_len=166.2px, angle=-3.1deg, depth_px=189, blue_px=2792, white_px=419, blue_ratio=0.87, candidates=2, trigger=False[0m
[INFO] [1784186946.070166799] [limit_bar_duck_test]: [1;34m最近限高杆: dist=0.818m, lateral=-0.224m, vertical=0.295m, pixel=(130.5,226.0), size=262x46, source=component, line_len=262.0px, angle=0.0deg, depth_px=3842, blue_px=4301, white_px=2277, blue_ratio=0.65, candidates=1, trigger=False[0m
[INFO] [1784186947.072957251] [limit_bar_duck_test]: [1;34m最近限高杆: dist=0.818m, lateral=-0.224m, vertical=0.295m, pixel=(130.5,226.0), size=262x46, source=component, line_len=262.0px, angle=0.0deg, depth_px=3748, blue_px=4264, white_px=2285, blue_ratio=0.65, candidates=1, trigger=False[0m
[INFO] [1784186948.074071232] [limit_bar_duck_test]: [1;95m触发状态更新: trigger=True[0m
[INFO] [1784186948.138909785] [limit_bar_duck_test]: [1;34m最近限高杆: dist=0.764m, lateral=-0.209m, vertical=0.227m, pixel=(130.5,207.0), size=262x60, source=component, line_len=262.0px, angle=0.0deg, depth_px=3503, blue_px=2882, white_px=5022, blue_ratio=0.36, candidates=1, trigger=True[0m
[INFO] [1784186948.473201354] [limit_bar_duck_test]: [1;95m触发状态更新: trigger=False[0m
[INFO] [1784186948.541486161] [limit_bar_duck_test]: [1;95m触发状态更新: trigger=True[0m
[INFO] [1784186948.609573487] [limit_bar_duck_test]: [1;95m触发状态更新: trigger=False[0m
[INFO] [1784186948.676030117] [limit_bar_duck_test]: [1;95m触发状态更新: trigger=True[0m
[INFO] [1784186948.741790612] [limit_bar_duck_test]: [1;95m触发状态更新: trigger=False[0m
[INFO] [1784186949.139882645] [limit_bar_duck_test]: [0;33m未检测到有效限高杆: candidates=0, frame=1365, reason=orange_foreground_suppressed, orange=area=28670,box=276x177,bottom=1.00,ratios=(0.28,0.65,0.74), blue_hsv=[95, 100, 60]-[125, 255, 255], white_hsv=[0, 0, 120]-[180, 90, 255][0m
[INFO] [1784186950.140417349] [limit_bar_duck_test]: [0;33m未检测到有效限高杆: candidates=0, frame=1380, reason=orange_foreground_suppressed, orange=area=77207,box=424x240,bottom=1.00,ratios=(0.76,1.00,1.00), blue_hsv=[95, 100, 60]-[125, 255, 255], white_hsv=[0, 0, 120]-[180, 90, 255][0m
[INFO] [1784186950.942106394] [limit_bar_duck_test]: [1;95m触发状态更新: trigger=True[0m
[INFO] [1784186951.009584837] [limit_bar_duck_test]: [1;95m触发状态更新: trigger=False[0m
[INFO] [1784186951.077342570] [limit_bar_duck_test]: [1;95m触发状态更新: trigger=True[0m
[INFO] [1784186951.143476455] [limit_bar_duck_test]: [1;34m最近限高杆: dist=0.462m, lateral=-0.136m, vertical=0.137m, pixel=(124.0,207.0), size=175x33, source=line, line_len=150.2px, angle=-3.1deg, depth_px=2194, blue_px=2283, white_px=574, blue_ratio=0.80, candidates=1, trigger=True[0m
[INFO] [1784186951.209759179] [limit_bar_duck_test]: [1;95m触发状态更新: trigger=False[0m
[INFO] [1784186951.543885123] [limit_bar_duck_test]: [1;95m触发状态更新: trigger=True[0m
[INFO] [1784186951.608862163] [limit_bar_duck_test]: [1;95m触发状态更新: trigger=False[0m
[INFO] [1784186952.143620716] [limit_bar_duck_test]: [1;34m最近限高杆: dist=0.897m, lateral=-0.314m, vertical=0.298m, pixel=(107.5,217.5), size=182x36, source=line, line_len=157.4px, angle=-4.0deg, depth_px=406, blue_px=2869, white_px=331, blue_ratio=0.90, candidates=1, trigger=False[0m
[INFO] [1784186953.144382505] [limit_bar_duck_test]: [1;34m最近限高杆: dist=0.892m, lateral=-0.331m, vertical=0.277m, pixel=(101.0,211.0), size=183x33, source=line, line_len=158.2px, angle=-2.9deg, depth_px=399, blue_px=2725, white_px=279, blue_ratio=0.91, candidates=1, trigger=False[0m
[INFO] [1784186954.144870068] [limit_bar_duck_test]: [1;34m最近限高杆: dist=0.894m, lateral=-0.332m, vertical=0.279m, pixel=(101.0,211.5), size=183x34, source=line, line_len=158.3px, angle=-3.3deg, depth_px=426, blue_px=2789, white_px=288, blue_ratio=0.91, candidates=1, trigger=False[0m
[INFO] [1784186955.148486320] [limit_bar_duck_test]: [1;34m最近限高杆: dist=0.890m, lateral=0.020m, vertical=0.191m, pixel=(220.0,182.0), size=179x33, source=line, line_len=154.2px, angle=-3.0deg, depth_px=1378, blue_px=893, white_px=1896, blue_ratio=0.32, candidates=2, trigger=False[0m
[INFO] [1784186956.145875431] [limit_bar_duck_test]: [1;34m最近限高杆: dist=0.892m, lateral=-0.331m, vertical=0.279m, pixel=(101.0,211.5), size=183x34, source=line, line_len=158.3px, angle=-3.3deg, depth_px=441, blue_px=2813, white_px=292, blue_ratio=0.91, candidates=1, trigger=False[0m
[INFO] [1784186957.148474819] [limit_bar_duck_test]: [1;34m最近限高杆: dist=0.892m, lateral=-0.331m, vertical=0.280m, pixel=(101.0,212.0), size=183x33, source=line, line_len=158.2px, angle=-2.9deg, depth_px=367, blue_px=2742, white_px=356, blue_ratio=0.89, candidates=1, trigger=False[0m
[INFO] [1784186958.148382523] [limit_bar_duck_test]: [1;34m最近限高杆: dist=0.885m, lateral=0.353m, vertical=0.249m, pixel=(334.0,202.0), size=179x31, source=line, line_len=154.1px, angle=-2.2deg, depth_px=238, blue_px=2642, white_px=281, blue_ratio=0.90, candidates=2, trigger=False[0m
[INFO] [1784186959.147768497] [limit_bar_duck_test]: [1;34m最近限高杆: dist=0.892m, lateral=-0.247m, vertical=0.224m, pixel=(129.5,193.0), size=260x66, source=component, line_len=260.0px, angle=0.0deg, depth_px=2911, blue_px=3127, white_px=5625, blue_ratio=0.36, candidates=1, trigger=False[0m
[INFO] [1784186959.614963665] [limit_bar_duck_test]: [1;95m触发状态更新: trigger=True[0m
[INFO] [1784186959.681420246] [limit_bar_duck_test]: [1;95m触发状态更新: trigger=False[0m
[INFO] [1784186959.749467631] [limit_bar_duck_test]: [1;95m触发状态更新: trigger=True[0m
[INFO] [1784186960.017368894] [limit_bar_duck_test]: [1;95m触发状态更新: trigger=False[0m
[INFO] [1784186960.147905602] [limit_bar_duck_test]: [0;33m未检测到有效限高杆: candidates=0, frame=1530, reason=orange_foreground_suppressed, orange=area=55839,box=424x165,bottom=1.00,ratios=(0.55,1.00,0.69), blue_hsv=[95, 100, 60]-[125, 255, 255], white_hsv=[0, 0, 120]-[180, 90, 255][0m
[INFO] [1784186961.150536939] [limit_bar_duck_test]: [0;33m未检测到有效限高杆: candidates=0, frame=1545, reason=orange_foreground_suppressed, orange=area=49758,box=424x179,bottom=1.00,ratios=(0.49,1.00,0.75), blue_hsv=[95, 100, 60]-[125, 255, 255], white_hsv=[0, 0, 120]-[180, 90, 255][0m
[INFO] [1784186961.950520641] [limit_bar_duck_test]: [1;95m触发状态更新: trigger=True[0m
[INFO] [1784186962.016659181] [limit_bar_duck_test]: [1;95m触发状态更新: trigger=False[0m
[INFO] [1784186962.150651208] [limit_bar_duck_test]: [1;95m触发状态更新: trigger=True[0m
[INFO] [1784186962.217511935] [limit_bar_duck_test]: [1;34m最近限高杆: dist=0.499m, lateral=-0.069m, vertical=0.168m, pixel=(171.5,219.0), size=344x60, source=component, line_len=344.0px, angle=0.0deg, depth_px=11831, blue_px=9228, white_px=3653, blue_ratio=0.72, candidates=1, trigger=True[0m
[INFO] [1784186962.882087226] [limit_bar_duck_test]: [1;95m触发状态更新: trigger=False[0m
[INFO] [1784186963.084472007] [limit_bar_duck_test]: [1;95m触发状态更新: trigger=True[0m
[INFO] [1784186963.148667065] [limit_bar_duck_test]: [1;95m触发状态更新: trigger=False[0m
[INFO] [1784186963.216794016] [limit_bar_duck_test]: [1;34m最近限高杆: dist=0.803m, lateral=-0.172m, vertical=0.197m, pixel=(148.5,191.0), size=298x69, source=component, line_len=298.0px, angle=0.0deg, depth_px=3248, blue_px=4001, white_px=5761, blue_ratio=0.41, candidates=2, trigger=False[0m
[INFO] [1784186964.218199197] [limit_bar_duck_test]: [1;34m最近限高杆: dist=0.805m, lateral=-0.174m, vertical=0.202m, pixel=(148.0,193.0), size=297x70, source=component, line_len=297.0px, angle=0.0deg, depth_px=3245, blue_px=4255, white_px=5697, blue_ratio=0.43, candidates=2, trigger=False[0m
[INFO] [1784186964.552217824] [limit_bar_duck_test]: [1;95m触发状态更新: trigger=True[0m
[INFO] [1784186964.618502751] [limit_bar_duck_test]: [1;95m触发状态更新: trigger=False[0m
[INFO] [1784186965.218275142] [limit_bar_duck_test]: [1;34m最近限高杆: dist=0.805m, lateral=-0.174m, vertical=0.200m, pixel=(148.0,192.0), size=297x69, source=component, line_len=297.0px, angle=0.0deg, depth_px=3246, blue_px=3867, white_px=5684, blue_ratio=0.40, candidates=2, trigger=False[0m
[INFO] [1784186966.220485222] [limit_bar_duck_test]: [1;34m最近限高杆: dist=1.453m, lateral=-0.518m, vertical=0.480m, pixel=(105.5,217.0), size=190x31, source=line, line_len=165.1px, angle=-2.1deg, depth_px=595, blue_px=3005, white_px=78, blue_ratio=0.97, candidates=1, trigger=False[0m
[INFO] [1784186967.223867306] [limit_bar_duck_test]: [1;34m最近限高杆: dist=0.803m, lateral=0.233m, vertical=0.173m, pixel=(301.0,182.0), size=257x37, source=line, line_len=244.3px, angle=2.8deg, depth_px=1531, blue_px=1506, white_px=2385, blue_ratio=0.39, candidates=3, trigger=False[0m
[INFO] [1784186968.224155768] [limit_bar_duck_test]: [1;34m最近限高杆: dist=0.814m, lateral=-0.185m, vertical=0.152m, pixel=(144.5,173.5), size=222x32, source=line, line_len=197.1px, angle=-2.0deg, depth_px=573, blue_px=957, white_px=3429, blue_ratio=0.22, candidates=3, trigger=False[0m
[INFO] [1784186969.222014901] [limit_bar_duck_test]: [1;34m最近限高杆: dist=1.479m, lateral=-0.444m, vertical=0.487m, pixel=(122.5,216.5), size=184x28, source=line, line_len=159.0px, angle=-1.1deg, depth_px=34, blue_px=2706, white_px=69, blue_ratio=0.98, candidates=1, trigger=False[0m
[INFO] [1784186970.226303466] [limit_bar_duck_test]: [1;34m最近限高杆: dist=0.816m, lateral=0.222m, vertical=0.175m, pixel=(295.5,182.0), size=234x39, source=line, line_len=209.5px, angle=3.8deg, depth_px=1670, blue_px=1336, white_px=2378, blue_ratio=0.36, candidates=3, trigger=False[0m
[INFO] [1784186971.224626069] [limit_bar_duck_test]: [1;34m最近限高杆: dist=0.814m, lateral=-0.154m, vertical=0.265m, pixel=(156.0,215.5), size=173x30, source=line, line_len=148.1px, angle=-1.9deg, depth_px=376, blue_px=2352, white_px=368, blue_ratio=0.86, candidates=1, trigger=False[0m
[INFO] [1784186972.228067991] [limit_bar_duck_test]: [1;34m最近限高杆: dist=0.814m, lateral=-0.186m, vertical=0.152m, pixel=(144.0,173.5), size=221x32, source=line, line_len=196.1px, angle=-2.0deg, depth_px=531, blue_px=966, white_px=3319, blue_ratio=0.23, candidates=4, trigger=False[0m
[INFO] [1784186973.228546765] [limit_bar_duck_test]: [1;34m最近限高杆: dist=0.816m, lateral=0.218m, vertical=0.175m, pixel=(294.0,182.0), size=229x39, source=line, line_len=204.5px, angle=3.9deg, depth_px=1673, blue_px=1307, white_px=2477, blue_ratio=0.35, candidates=3, trigger=False[0m
[INFO] [1784186974.296877058] [limit_bar_duck_test]: [1;34m最近限高杆: dist=0.816m, lateral=-0.171m, vertical=0.151m, pixel=(150.0,173.0), size=233x33, source=line, line_len=208.2px, angle=-2.2deg, depth_px=796, blue_px=998, white_px=3852, blue_ratio=0.21, candidates=3, trigger=False[0m
[INFO] [1784186975.295972784] [limit_bar_duck_test]: [1;34m最近限高杆: dist=0.814m, lateral=-0.168m, vertical=0.149m, pixel=(151.0,172.5), size=233x32, source=line, line_len=208.1px, angle=-1.9deg, depth_px=793, blue_px=844, white_px=3848, blue_ratio=0.18, candidates=5, trigger=False[0m
[INFO] [1784186976.295940157] [limit_bar_duck_test]: [1;34m最近限高杆: dist=0.816m, lateral=0.218m, vertical=0.173m, pixel=(294.0,181.0), size=217x41, source=line, line_len=192.7px, angle=4.8deg, depth_px=1843, blue_px=1122, white_px=2764, blue_ratio=0.29, candidates=3, trigger=False[0m
[INFO] [1784186977.294987053] [limit_bar_duck_test]: [1;34m最近限高杆: dist=0.814m, lateral=-0.223m, vertical=0.264m, pixel=(130.5,215.0), size=224x29, source=line, line_len=199.0px, angle=-1.2deg, depth_px=378, blue_px=3132, white_px=365, blue_ratio=0.90, candidates=1, trigger=False[0m
[INFO] [1784186978.293792161] [limit_bar_duck_test]: [0;33m未检测到有效限高杆: candidates=0, frame=1802, reason=orange_foreground_suppressed, orange=area=48166,box=424x240,bottom=1.00,ratios=(0.47,1.00,1.00), blue_hsv=[95, 100, 60]-[125, 255, 255], white_hsv=[0, 0, 120]-[180, 90, 255][0m
[INFO] [1784186978.560233057] [limit_bar_duck_test]: [1;95m触发状态更新: trigger=True[0m
[INFO] [1784186979.027483795] [limit_bar_duck_test]: [1;95m触发状态更新: trigger=False[0m
[INFO] [1784186979.297225806] [limit_bar_duck_test]: [0;33m未检测到有效限高杆: candidates=0, frame=1817, reason=orange_foreground_suppressed, orange=area=34738,box=291x240,bottom=1.00,ratios=(0.34,0.69,1.00), blue_hsv=[95, 100, 60]-[125, 255, 255], white_hsv=[0, 0, 120]-[180, 90, 255][0m
[INFO] [1784186980.362407335] [limit_bar_duck_test]: [0;33m未检测到有效限高杆: candidates=0, frame=1833, reason=orange_foreground_suppressed, orange=area=33426,box=400x140,bottom=1.00,ratios=(0.33,0.94,0.58), blue_hsv=[95, 100, 60]-[125, 255, 255], white_hsv=[0, 0, 120]-[180, 90, 255][0m
[INFO] [1784186981.369862331] [limit_bar_duck_test]: [0;33m未检测到有效限高杆: candidates=0, frame=1848, reason=no_candidate, mask_px=blue:7751,white:35927,combined:46316, component=roi_y=120:240,search_blue_px=5543,contours=3,largest=area:4123,box:142x63,aspect:2.25,roi_blue:2850,roi_white:11787,reject:width+aspect, line=blue_only(mask_px=8088,lines=0,reject=no_hough_line); combined(mask_px=46316,lines=1,best=len:166,angle:4.1,band:191x37,blue:19,white:2823,reject:blue_px), blue_hsv=[95, 100, 60]-[125, 255, 255], white_hsv=[0, 0, 120]-[180, 90, 255][0m
[INFO] [1784186982.370868489] [limit_bar_duck_test]: [0;33m未检测到有效限高杆: candidates=0, frame=1863, reason=no_candidate, mask_px=blue:4599,white:48875,combined:56712, component=roi_y=120:240,search_blue_px=2102,contours=2,largest=area:1829,box:98x48,aspect:2.04,roi_blue:1179,roi_white:10603,reject:width+aspect, line=blue_only(mask_px=4998,lines=0,reject=no_hough_line); combined(mask_px=56712,lines=0,reject=no_hough_line), blue_hsv=[95, 100, 60]-[125, 255, 255], white_hsv=[0, 0, 120]-[180, 90, 255][0m
[INFO] [1784186983.436843821] [limit_bar_duck_test]: [0;33m未检测到有效限高杆: candidates=0, frame=1879, reason=no_candidate, mask_px=blue:3172,white:55077,combined:59176, component=roi_y=120:240,search_blue_px=1760,contours=6,largest=area:1350,box:63x44,aspect:1.43,roi_blue:897,roi_white:7611,reject:area+width+aspect, line=blue_only(mask_px=3279,lines=0,reject=no_hough_line); combined(mask_px=59176,lines=1,best=len:151,angle:0.0,band:176x25,blue:8,white:2131,reject:blue_px), blue_hsv=[95, 100, 60]-[125, 255, 255], white_hsv=[0, 0, 120]-[180, 90, 255][0m
[INFO] [1784186984.437121383] [limit_bar_duck_test]: [0;33m未检测到有效限高杆: candidates=0, frame=1894, reason=no_candidate, mask_px=blue:6140,white:51876,combined:59573, component=roi_y=120:240,search_blue_px=5081,contours=3,largest=area:4400,box:124x43,aspect:2.88,roi_blue:3494,roi_white:6211,reject:width+aspect, line=blue_only(mask_px=5907,lines=0,reject=no_hough_line); combined(mask_px=59573,lines=0,reject=no_hough_line), blue_hsv=[95, 100, 60]-[125, 255, 255], white_hsv=[0, 0, 120]-[180, 90, 255][0m
[INFO] [1784186985.501788700] [limit_bar_duck_test]: [1;34m最近限高杆: dist=1.187m, lateral=0.462m, vertical=0.343m, pixel=(331.0,204.5), size=177x44, source=line, line_len=153.2px, angle=-7.1deg, depth_px=2223, blue_px=3245, white_px=2989, blue_ratio=0.52, candidates=1, trigger=False[0m
[INFO] [1784186986.500065173] [limit_bar_duck_test]: [0;33m未检测到有效限高杆: candidates=0, frame=1925, reason=orange_foreground_suppressed, orange=area=17976,box=320x80,bottom=1.00,ratios=(0.18,0.75,0.33), blue_hsv=[95, 100, 60]-[125, 255, 255], white_hsv=[0, 0, 120]-[180, 90, 255][0m
[INFO] [1784186987.566041487] [limit_bar_duck_test]: [0;33m未检测到有效限高杆: candidates=0, frame=1941, reason=orange_foreground_suppressed, orange=area=36918,box=424x126,bottom=1.00,ratios=(0.36,1.00,0.53), blue_hsv=[95, 100, 60]-[125, 255, 255], white_hsv=[0, 0, 120]-[180, 90, 255][0m
[INFO] [1784186988.567335621] [limit_bar_duck_test]: [0;33m未检测到有效限高杆: candidates=0, frame=1956, reason=orange_foreground_suppressed, orange=area=32096,box=424x124,bottom=1.00,ratios=(0.32,1.00,0.52), blue_hsv=[95, 100, 60]-[125, 255, 255], white_hsv=[0, 0, 120]-[180, 90, 255][0m
[INFO] [1784186989.569104164] [limit_bar_duck_test]: [0;33m未检测到有效限高杆: candidates=0, frame=1971, reason=orange_foreground_suppressed, orange=area=28562,box=424x121,bottom=1.00,ratios=(0.28,1.00,0.50), blue_hsv=[95, 100, 60]-[125, 255, 255], white_hsv=[0, 0, 120]-[180, 90, 255][0m
[INFO] [1784186990.570074527] [limit_bar_duck_test]: [0;33m未检测到有效限高杆: candidates=0, frame=1986, reason=orange_foreground_suppressed, orange=area=18876,box=424x119,bottom=1.00,ratios=(0.19,1.00,0.50), blue_hsv=[95, 100, 60]-[125, 255, 255], white_hsv=[0, 0, 120]-[180, 90, 255][0m
[INFO] [1784186991.570519680] [limit_bar_duck_test]: [0;33m未检测到有效限高杆: candidates=0, frame=2001, reason=orange_foreground_suppressed, orange=area=19677,box=234x148,bottom=1.00,ratios=(0.19,0.55,0.62), blue_hsv=[95, 100, 60]-[125, 255, 255], white_hsv=[0, 0, 120]-[180, 90, 255][0m
[INFO] [1784186992.578673567] [limit_bar_duck_test]: [0;33m未检测到有效限高杆: candidates=0, frame=2016, reason=no_candidate, mask_px=blue:6747,white:42845,combined:51709, component=roi_y=120:240,search_blue_px=3445,contours=1,largest=area:7596,box:275x120,aspect:2.29,roi_blue:4064,roi_white:29316,reject:aspect, line=blue_only(mask_px=7384,lines=1,best=len:150,angle:-15.1,band:170x64,blue:1659,white:5951,reject:angle); combined(mask_px=51709,lines=1,best=len:171,angle:-14.9,band:187x69,blue:2821,white:3593,reject:angle), blue_hsv=[95, 100, 60]-[125, 255, 255], white_hsv=[0, 0, 120]-[180, 90, 255][0m
[INFO] [1784186993.579107032] [limit_bar_duck_test]: [0;33m未检测到有效限高杆: candidates=0, frame=2031, reason=no_candidate, mask_px=blue:8584,white:47887,combined:59428, component=roi_y=120:240,search_blue_px=4410,contours=1,largest=area:11236,box:305x120,aspect:2.54,roi_blue:4882,roi_white:25431,reject:aspect, line=blue_only(mask_px=9481,lines=1,best=len:180,angle:-28.1,band:184x100,blue:3505,white:7056,reject:angle); combined(mask_px=59428,lines=2,best=len:161,angle:-26.9,band:169x98,blue:3216,white:5314,reject:angle), blue_hsv=[95, 100, 60]-[125, 255, 255], white_hsv=[0, 0, 120]-[180, 90, 255][0m
[INFO] [1784186994.579642082] [limit_bar_duck_test]: [0;33m未检测到有效限高杆: candidates=0, frame=2046, reason=no_candidate, mask_px=blue:8145,white:40655,combined:52095, component=roi_y=120:240,search_blue_px=5810,contours=8,largest=area:9372,box:424x111,aspect:3.82,roi_blue:7510,roi_white:28318,reject:aspect, line=blue_only(mask_px=9403,lines=2,best=len:183,angle:-30.9,band:182x118,blue:4115,white:10601,reject:angle); combined(mask_px=52095,lines=0,reject=no_hough_line), blue_hsv=[95, 100, 60]-[125, 255, 255], white_hsv=[0, 0, 120]-[180, 90, 255][0m
[INFO] [1784186995.579883608] [limit_bar_duck_test]: [0;33m未检测到有效限高杆: candidates=0, frame=2061, reason=no_candidate, mask_px=blue:7635,white:47314,combined:57842, component=roi_y=120:240,search_blue_px=5278,contours=6,largest=area:8514,box:424x107,aspect:3.96,roi_blue:6995,roi_white:32194,reject:aspect, line=blue_only(mask_px=9159,lines=1,best=len:180,angle:-30.0,band:181x115,blue:4016,white:10409,reject:angle); combined(mask_px=57842,lines=0,reject=no_hough_line), blue_hsv=[95, 100, 60]-[125, 255, 255], white_hsv=[0, 0, 120]-[180, 90, 255][0m
[INFO] [1784186996.582249547] [limit_bar_duck_test]: [0;33m未检测到有效限高杆: candidates=0, frame=2076, reason=no_candidate, mask_px=blue:8551,white:49369,combined:61657, component=roi_y=120:240,search_blue_px=5649,contours=9,largest=area:8824,box:424x107,aspect:3.96,roi_blue:7545,roi_white:32546,reject:aspect, line=blue_only(mask_px=10231,lines=2,best=len:185,angle:-29.9,band:185x117,blue:4629,white:10853,reject:angle); combined(mask_px=61657,lines=1,best=len:146,angle:-3.1,band:171x33,blue:1046,white:907,reject:depth_invalid(valid_px=0,min_px=12)), blue_hsv=[95, 100, 60]-[125, 255, 255], white_hsv=[0, 0, 120]-[180, 90, 255][0m
[INFO] [1784186997.584980940] [limit_bar_duck_test]: [0;33m未检测到有效限高杆: candidates=0, frame=2091, reason=no_candidate, mask_px=blue:8340,white:46980,combined:58613, component=roi_y=120:240,search_blue_px=6815,contours=4,largest=area:11014,box:424x120,aspect:3.53,roi_blue:7852,roi_white:30608,reject:aspect, line=blue_only(mask_px=9267,lines=0,reject=no_hough_line); combined(mask_px=58613,lines=1,best=len:156,angle:-1.8,band:181x30,blue:1101,white:1019,reject:depth_invalid(valid_px=0,min_px=12)), blue_hsv=[95, 100, 60]-[125, 255, 255], white_hsv=[0, 0, 120]-[180, 90, 255][0m
[INFO] [1784186998.582944343] [limit_bar_duck_test]: [0;33m未检测到有效限高杆: candidates=0, frame=2106, reason=no_candidate, mask_px=blue:10907,white:42175,combined:57315, component=roi_y=120:240,search_blue_px=9171,contours=6,largest=area:13088,box:340x120,aspect:2.83,roi_blue:10189,roi_white:26745,reject:aspect, line=blue_only(mask_px=11765,lines=0,reject=no_hough_line); combined(mask_px=57315,lines=2,best=len:179,angle:-14.9,band:198x71,blue:2799,white:3177,reject:angle), blue_hsv=[95, 100, 60]-[125, 255, 255], white_hsv=[0, 0, 120]-[180, 90, 255][0m
[INFO] [1784186999.581613733] [limit_bar_duck_test]: [0;33m未检测到有效限高杆: candidates=0, frame=2121, reason=no_candidate, mask_px=blue:5120,white:25322,combined:32647, component=roi_y=120:240,search_blue_px=4675,contours=8,largest=area:4550,box:138x109,aspect:1.27,roi_blue:1528,roi_white:9475,reject:width+aspect, line=blue_only(mask_px=5881,lines=1,best=len:172,angle:-7.0,band:196x37,blue:2050,white:477,reject:depth_invalid(valid_px=0,min_px=12)); combined(mask_px=32647,lines=1,best=len:165,angle:-7.0,band:189x37,blue:2023,white:474,reject:depth_invalid(valid_px=0,min_px=12)), blue_hsv=[95, 100, 60]-[125, 255, 255], white_hsv=[0, 0, 120]-[180, 90, 255][0m
[INFO] [1784186999.708923237] [limit_bar_duck_test]: [1;95m触发状态更新: trigger=True[0m
[INFO] [1784186999.777523884] [limit_bar_duck_test]: [1;95m触发状态更新: trigger=False[0m
[INFO] [1784186999.911640659] [limit_bar_duck_test]: [1;95m触发状态更新: trigger=True[0m
[INFO] [1784186999.978671830] [limit_bar_duck_test]: [1;95m触发状态更新: trigger=False[0m
[INFO] [1784187000.578431621] [limit_bar_duck_test]: [1;34m最近限高杆: dist=0.810m, lateral=-0.293m, vertical=0.270m, pixel=(104.0,218.0), size=189x31, source=line, line_len=164.1px, angle=-2.1deg, depth_px=692, blue_px=2592, white_px=318, blue_ratio=0.89, candidates=2, trigger=False[0m
[INFO] [1784187001.578865892] [limit_bar_duck_test]: [1;34m最近限高杆: dist=0.808m, lateral=-0.290m, vertical=0.275m, pixel=(104.5,220.0), size=190x31, source=line, line_len=165.1px, angle=-2.1deg, depth_px=560, blue_px=2581, white_px=317, blue_ratio=0.89, candidates=1, trigger=False[0m
[INFO] [1784187002.583408957] [limit_bar_duck_test]: [1;34m最近限高杆: dist=0.830m, lateral=0.336m, vertical=0.262m, pixel=(336.0,212.5), size=179x30, source=line, line_len=158.1px, angle=-1.8deg, depth_px=169, blue_px=2367, white_px=304, blue_ratio=0.89, candidates=1, trigger=False[0m
[INFO] [1784187003.581480544] [limit_bar_duck_test]: [1;34m最近限高杆: dist=0.808m, lateral=-0.282m, vertical=0.274m, pixel=(107.5,219.5), size=184x30, source=line, line_len=159.1px, angle=-1.8deg, depth_px=578, blue_px=2395, white_px=311, blue_ratio=0.89, candidates=1, trigger=False[0m
[INFO] [1784187004.584106250] [limit_bar_duck_test]: [1;34m最近限高杆: dist=0.810m, lateral=0.229m, vertical=0.258m, pixel=(299.0,213.5), size=229x32, source=line, line_len=204.1px, angle=-2.0deg, depth_px=1456, blue_px=2504, white_px=1418, blue_ratio=0.64, candidates=1, trigger=False[0m
[INFO] [1784187005.581636257] [limit_bar_duck_test]: [1;34m最近限高杆: dist=0.832m, lateral=0.366m, vertical=0.263m, pixel=(346.5,212.5), size=166x30, source=line, line_len=153.1px, angle=-1.9deg, depth_px=225, blue_px=2345, white_px=252, blue_ratio=0.90, candidates=1, trigger=False[0m
[INFO] [1784187006.583459845] [limit_bar_duck_test]: [1;34m最近限高杆: dist=0.807m, lateral=-0.285m, vertical=0.273m, pixel=(106.5,219.5), size=186x30, source=line, line_len=161.1px, angle=-1.8deg, depth_px=589, blue_px=2379, white_px=308, blue_ratio=0.89, candidates=2, trigger=False[0m
[INFO] [1784187007.583651649] [limit_bar_duck_test]: [1;34m最近限高杆: dist=0.830m, lateral=0.364m, vertical=0.262m, pixel=(346.0,212.5), size=167x30, source=line, line_len=154.1px, angle=-1.9deg, depth_px=129, blue_px=2344, white_px=262, blue_ratio=0.90, candidates=1, trigger=False[0m
[INFO] [1784187008.588550101] [limit_bar_duck_test]: [1;34m最近限高杆: dist=0.807m, lateral=-0.290m, vertical=0.272m, pixel=(104.5,219.0), size=188x31, source=line, line_len=163.1px, angle=-2.1deg, depth_px=655, blue_px=2474, white_px=318, blue_ratio=0.89, candidates=1, trigger=False[0m
[INFO] [1784187009.586244549] [limit_bar_duck_test]: [1;34m最近限高杆: dist=0.807m, lateral=-0.289m, vertical=0.268m, pixel=(105.0,217.5), size=189x30, source=line, line_len=164.1px, angle=-1.7deg, depth_px=621, blue_px=2439, white_px=310, blue_ratio=0.89, candidates=1, trigger=False[0m
[INFO] [1784187010.585792357] [limit_bar_duck_test]: [1;34m最近限高杆: dist=0.803m, lateral=-0.289m, vertical=0.265m, pixel=(104.5,217.0), size=188x31, source=line, line_len=163.1px, angle=-2.1deg, depth_px=527, blue_px=2484, white_px=317, blue_ratio=0.89, candidates=1, trigger=False[0m
[INFO] [1784187011.589121255] [limit_bar_duck_test]: [1;34m最近限高杆: dist=0.807m, lateral=-0.239m, vertical=0.148m, pixel=(123.5,172.5), size=172x30, source=line, line_len=147.1px, angle=-1.9deg, depth_px=559, blue_px=782, white_px=2503, blue_ratio=0.24, candidates=3, trigger=False[0m
[INFO] [1784187012.587224990] [limit_bar_duck_test]: [1;34m最近限高杆: dist=0.807m, lateral=-0.290m, vertical=0.267m, pixel=(104.5,217.0), size=188x31, source=line, line_len=163.1px, angle=-2.1deg, depth_px=574, blue_px=2485, white_px=315, blue_ratio=0.89, candidates=1, trigger=False[0m
