[INFO] [1783921809.786110169] [upstairs_detector]: state=DETECTING
[INFO] [1783921809.786711381] [upstairs_detector]: upstairs_detector started: color=/camera/color/image_raw, depth=/camera/aligned_depth_to_color/image_raw, target_band_from_bottom=1, trigger_distance=0.62m, hsv=[30, 40, 30]-[100, 255, 255]
[INFO] [1783921809.814423018] [upstairs_detector]: [1;95m触发状态更新: trigger=False[0m
[INFO] [1783921809.818839201] [upstairs_detector]: [0;33m未检测到有效上台阶: bands=0, target_band_from_bottom=1, mask_px=28229, frame=1, hsv=[30, 40, 30]-[100, 255, 255][0m
[INFO] [1783921810.852946259] [upstairs_detector]: [1;34m最近上台阶: dist=0.826m, band_from_bottom=1, lateral=0.032m, vertical=0.234m, pixel=(225.1,202.6), box=424x77, area=29807, depth_px=19840, bands=1, trigger=False[0m
[INFO] [1783921811.851106453] [upstairs_detector]: [1;34m最近上台阶: dist=0.807m, band_from_bottom=1, lateral=0.067m, vertical=0.262m, pixel=(238.4,215.0), box=424x49, area=14189, depth_px=11616, bands=1, trigger=False[0m
[INFO] [1783921812.845183231] [upstairs_detector]: [0;33m未检测到有效上台阶: bands=0, target_band_from_bottom=1, mask_px=1407, frame=47, hsv=[30, 40, 30]-[100, 255, 255][0m
[INFO] [1783921813.847522095] [upstairs_detector]: [0;33m未检测到有效上台阶: bands=0, target_band_from_bottom=1, mask_px=239, frame=62, hsv=[30, 40, 30]-[100, 255, 255][0m
[INFO] [1783921814.913804910] [upstairs_detector]: [0;33m未检测到有效上台阶: bands=0, target_band_from_bottom=1, mask_px=999, frame=78, hsv=[30, 40, 30]-[100, 255, 255][0m
[INFO] [1783921815.914130812] [upstairs_detector]: [0;33m未检测到有效上台阶: bands=0, target_band_from_bottom=1, mask_px=160, frame=93, hsv=[30, 40, 30]-[100, 255, 255][0m
[INFO] [1783921816.915443723] [upstairs_detector]: [0;33m未检测到有效上台阶: bands=0, target_band_from_bottom=1, mask_px=0, frame=108, hsv=[30, 40, 30]-[100, 255, 255][0m
[INFO] [1783921817.914836005] [upstairs_detector]: [0;33m未检测到有效上台阶: bands=0, target_band_from_bottom=1, mask_px=464, frame=123, hsv=[30, 40, 30]-[100, 255, 255][0m
[INFO] [1783921818.918122550] [upstairs_detector]: [0;33m未检测到有效上台阶: bands=0, target_band_from_bottom=1, mask_px=4253, frame=138, hsv=[30, 40, 30]-[100, 255, 255][0m
[INFO] [1783921819.925181459] [upstairs_detector]: [1;34m最近上台阶: dist=1.006m, band_from_bottom=1, lateral=0.202m, vertical=0.298m, pixel=(274.1,206.5), box=424x49, area=9610, depth_px=8493, bands=1, trigger=False[0m
[INFO] [1783921820.928690801] [upstairs_detector]: [1;34m最近上台阶: dist=0.919m, band_from_bottom=1, lateral=0.082m, vertical=0.296m, pixel=(240.1,214.3), box=424x56, area=13038, depth_px=11550, bands=1, trigger=False[0m
[INFO] [1783921821.991573506] [upstairs_detector]: [1;34m最近上台阶: dist=0.969m, band_from_bottom=1, lateral=0.111m, vertical=0.312m, pixel=(248.0,214.5), box=424x53, area=12686, depth_px=10379, bands=1, trigger=False[0m
[INFO] [1783921822.991191980] [upstairs_detector]: [1;34m最近上台阶: dist=0.955m, band_from_bottom=1, lateral=0.120m, vertical=0.351m, pixel=(251.4,228.2), box=421x19, area=3605, depth_px=3605, bands=1, trigger=False[0m
[INFO] [1783921823.994784519] [upstairs_detector]: [1;34m最近上台阶: dist=0.939m, band_from_bottom=1, lateral=0.097m, vertical=0.318m, pixel=(244.7,219.5), box=424x34, area=8379, depth_px=8374, bands=2, trigger=False[0m
[INFO] [1783921824.995953113] [upstairs_detector]: [1;34m最近上台阶: dist=0.911m, band_from_bottom=1, lateral=0.287m, vertical=0.315m, pixel=(308.7,221.6), box=420x17, area=2707, depth_px=2660, bands=2, trigger=False[0m
[INFO] [1783921825.998799441] [upstairs_detector]: [1;34m最近上台阶: dist=0.880m, band_from_bottom=1, lateral=0.223m, vertical=0.313m, pixel=(290.0,224.5), box=424x32, area=5849, depth_px=5837, bands=1, trigger=False[0m
[INFO] [1783921826.996568257] [upstairs_detector]: [1;34m最近上台阶: dist=1.081m, band_from_bottom=1, lateral=0.135m, vertical=0.323m, pixel=(251.0,207.3), box=424x54, area=9256, depth_px=8754, bands=1, trigger=False[0m
[INFO] [1783921827.999480390] [upstairs_detector]: [1;34m最近上台阶: dist=0.997m, band_from_bottom=1, lateral=0.077m, vertical=0.314m, pixel=(236.8,212.2), box=424x46, area=10647, depth_px=10570, bands=1, trigger=False[0m
[INFO] [1783921829.002323919] [upstairs_detector]: [1;34m最近上台阶: dist=0.997m, band_from_bottom=1, lateral=0.192m, vertical=0.313m, pixel=(271.4,212.1), box=424x36, area=6228, depth_px=6216, bands=1, trigger=False[0m
[INFO] [1783921829.998003802] [upstairs_detector]: [0;33m未检测到有效上台阶: bands=0, target_band_from_bottom=1, mask_px=2845, frame=304, hsv=[30, 40, 30]-[100, 255, 255][0m
[INFO] [1783921831.000919533] [upstairs_detector]: [0;33m未检测到有效上台阶: bands=0, target_band_from_bottom=1, mask_px=1766, frame=319, hsv=[30, 40, 30]-[100, 255, 255][0m
[INFO] [1783921832.003495220] [upstairs_detector]: [0;33m未检测到有效上台阶: bands=0, target_band_from_bottom=1, mask_px=1722, frame=334, hsv=[30, 40, 30]-[100, 255, 255][0m
[INFO] [1783921833.008383683] [upstairs_detector]: [0;33m未检测到有效上台阶: bands=0, target_band_from_bottom=1, mask_px=5870, frame=349, hsv=[30, 40, 30]-[100, 255, 255][0m
[INFO] [1783921834.011997809] [upstairs_detector]: [1;34m最近上台阶: dist=0.926m, band_from_bottom=1, lateral=0.077m, vertical=0.324m, pixel=(238.5,222.9), box=424x16, area=3109, depth_px=3071, bands=1, trigger=False[0m
[INFO] [1783921835.023839800] [upstairs_detector]: [1;34m最近上台阶: dist=1.047m, band_from_bottom=1, lateral=0.124m, vertical=0.338m, pixel=(249.2,214.6), box=424x36, area=6841, depth_px=6404, bands=1, trigger=False[0m
[INFO] [1783921836.094652320] [upstairs_detector]: [1;34m最近上台阶: dist=0.952m, band_from_bottom=1, lateral=0.032m, vertical=0.296m, pixel=(223.4,211.0), box=424x62, area=17240, depth_px=15373, bands=1, trigger=False[0m
[INFO] [1783921837.091504802] [upstairs_detector]: [1;34m最近上台阶: dist=0.952m, band_from_bottom=1, lateral=0.056m, vertical=0.298m, pixel=(231.0,211.7), box=424x58, area=15580, depth_px=13926, bands=1, trigger=False[0m
[INFO] [1783921837.824076938] [upstairs_detector]: [1;95m触发状态更新: trigger=True[0m
[INFO] [1783921838.085384453] [upstairs_detector]: [0;33m未检测到有效上台阶: bands=0, target_band_from_bottom=1, mask_px=7113, frame=425, hsv=[30, 40, 30]-[100, 255, 255][0m
[INFO] [1783921838.218220686] [upstairs_detector]: [1;95m触发状态更新: trigger=False[0m
[INFO] [1783921838.688771255] [upstairs_detector]: [1;95m触发状态更新: trigger=True[0m
[INFO] [1783921839.095725868] [upstairs_detector]: [1;34m最近上台阶: dist=0.503m, band_from_bottom=1, lateral=0.077m, vertical=0.170m, pixel=(259.9,219.4), box=424x44, area=8425, depth_px=6745, bands=1, trigger=True[0m
[INFO] [1783921839.621633701] [upstairs_detector]: [1;95m触发状态更新: trigger=False[0m
[INFO] [1783921840.094106809] [upstairs_detector]: [1;34m最近上台阶: dist=0.924m, band_from_bottom=1, lateral=0.212m, vertical=0.188m, pixel=(282.8,178.4), box=424x39, area=6232, depth_px=4209, bands=1, trigger=False[0m
[INFO] [1783921840.163834579] [upstairs_detector]: [1;95m触发状态更新: trigger=True[0m
[INFO] [1783921840.428696952] [upstairs_detector]: [1;95m触发状态更新: trigger=False[0m
[INFO] [1783921841.089451838] [upstairs_detector]: [0;33m未检测到有效上台阶: bands=0, target_band_from_bottom=1, mask_px=5424, frame=470, hsv=[30, 40, 30]-[100, 255, 255][0m
[INFO] [1783921841.295959137] [upstairs_detector]: [1;95m触发状态更新: trigger=True[0m
[INFO] [1783921841.826401857] [upstairs_detector]: [1;95m触发状态更新: trigger=False[0m
[INFO] [1783921842.093244542] [upstairs_detector]: [0;33m未检测到有效上台阶: bands=0, target_band_from_bottom=1, mask_px=8334, frame=485, hsv=[30, 40, 30]-[100, 255, 255][0m
[INFO] [1783921842.228991451] [upstairs_detector]: [1;95m触发状态更新: trigger=True[0m
[INFO] [1783921842.425528246] [upstairs_detector]: [1;95m触发状态更新: trigger=False[0m
[INFO] [1783921842.763874991] [upstairs_detector]: [1;95m触发状态更新: trigger=True[0m
[INFO] [1783921843.025302818] [upstairs_detector]: [1;95m触发状态更新: trigger=False[0m
[INFO] [1783921843.093707673] [upstairs_detector]: [0;33m未检测到有效上台阶: bands=0, target_band_from_bottom=1, mask_px=6576, frame=500, hsv=[30, 40, 30]-[100, 255, 255][0m
[INFO] [1783921844.099207023] [upstairs_detector]: [1;95m触发状态更新: trigger=True[0m
[INFO] [1783921844.100789763] [upstairs_detector]: [1;34m最近上台阶: dist=0.516m, band_from_bottom=1, lateral=0.139m, vertical=0.183m, pixel=(294.8,224.2), box=424x32, area=4781, depth_px=4124, bands=1, trigger=True[0m
[INFO] [1783921844.298548527] [upstairs_detector]: [1;95m触发状态更新: trigger=False[0m
[INFO] [1783921844.566315588] [upstairs_detector]: [1;95m触发状态更新: trigger=True[0m
[INFO] [1783921844.768726390] [upstairs_detector]: [1;95m触发状态更新: trigger=False[0m
[INFO] [1783921845.104168821] [upstairs_detector]: [1;34m最近上台阶: dist=0.697m, band_from_bottom=1, lateral=0.115m, vertical=0.268m, pixel=(263.1,233.1), box=422x14, area=2592, depth_px=2592, bands=3, trigger=False[0m
[INFO] [1783921846.108562130] [upstairs_detector]: [1;34m最近上台阶: dist=1.200m, band_from_bottom=1, lateral=0.229m, vertical=0.240m, pixel=(271.1,177.3), box=424x36, area=9038, depth_px=8365, bands=1, trigger=False[0m
[INFO] [1783921847.172274926] [upstairs_detector]: [1;34m最近上台阶: dist=1.183m, band_from_bottom=1, lateral=0.100m, vertical=0.264m, pixel=(238.9,184.4), box=424x50, area=12232, depth_px=10742, bands=1, trigger=False[0m
[INFO] [1783921848.175771515] [upstairs_detector]: [1;34m最近上台阶: dist=0.887m, band_from_bottom=1, lateral=0.023m, vertical=0.243m, pixel=(221.2,200.0), box=424x71, area=19436, depth_px=18219, bands=1, trigger=False[0m
[INFO] [1783921849.174440660] [upstairs_detector]: [1;95m触发状态更新: trigger=True[0m
[INFO] [1783921849.175517214] [upstairs_detector]: [1;34m最近上台阶: dist=0.614m, band_from_bottom=1, lateral=0.073m, vertical=0.207m, pixel=(249.5,219.1), box=424x44, area=11440, depth_px=11222, bands=1, trigger=True[0m
[INFO] [1783921850.174428350] [upstairs_detector]: [1;34m最近上台阶: dist=0.462m, band_from_bottom=1, lateral=0.028m, vertical=0.170m, pixel=(231.8,228.5), box=422x24, area=5636, depth_px=5544, bands=1, trigger=True[0m
[INFO] [1783921851.178702686] [upstairs_detector]: [1;34m最近上台阶: dist=0.370m, band_from_bottom=1, lateral=0.020m, vertical=0.120m, pixel=(229.6,214.8), box=424x51, area=10218, depth_px=10106, bands=1, trigger=True[0m
[INFO] [1783921851.370148486] [upstairs_detector]: [1;95m触发状态更新: trigger=False[0m
[INFO] [1783921852.172346779] [upstairs_detector]: [0;33m未检测到有效上台阶: bands=0, target_band_from_bottom=1, mask_px=3900, frame=636, hsv=[30, 40, 30]-[100, 255, 255][0m
[INFO] [1783921853.176311276] [upstairs_detector]: [0;33m未检测到有效上台阶: bands=0, target_band_from_bottom=1, mask_px=4718, frame=651, hsv=[30, 40, 30]-[100, 255, 255][0m
[INFO] [1783921854.176142542] [upstairs_detector]: [0;33m未检测到有效上台阶: bands=0, target_band_from_bottom=1, mask_px=1540, frame=666, hsv=[30, 40, 30]-[100, 255, 255][0m
[INFO] [1783921855.242389861] [upstairs_detector]: [0;33m未检测到有效上台阶: bands=0, target_band_from_bottom=1, mask_px=2290, frame=682, hsv=[30, 40, 30]-[100, 255, 255][0m
[INFO] [1783921856.244386888] [upstairs_detector]: [0;33m未检测到有效上台阶: bands=0, target_band_from_bottom=1, mask_px=2556, frame=697, hsv=[30, 40, 30]-[100, 255, 255][0m
[INFO] [1783921857.248109138] [upstairs_detector]: [0;33m未检测到有效上台阶: bands=0, target_band_from_bottom=1, mask_px=5885, frame=712, hsv=[30, 40, 30]-[100, 255, 255][0m
[INFO] [1783921858.246444315] [upstairs_detector]: [0;33m未检测到有效上台阶: bands=0, target_band_from_bottom=1, mask_px=10616, frame=727, hsv=[30, 40, 30]-[100, 255, 255][0m
[INFO] [1783921858.455164458] [upstairs_detector]: [1;95m触发状态更新: trigger=True[0m
[INFO] [1783921859.257372201] [upstairs_detector]: [1;34m最近上台阶: dist=0.496m, band_from_bottom=1, lateral=-0.068m, vertical=0.171m, pixel=(171.9,221.5), box=408x34, area=8521, depth_px=5990, bands=2, trigger=True[0m
[INFO] [1783921860.258164112] [upstairs_detector]: [1;34m最近上台阶: dist=1.081m, band_from_bottom=1, lateral=-0.044m, vertical=0.319m, pixel=(201.1,206.3), box=420x29, area=5538, depth_px=4968, bands=1, trigger=True[0m
[INFO] [1783921860.587227893] [upstairs_detector]: [1;95m触发状态更新: trigger=False[0m
[INFO] [1783921860.990099679] [upstairs_detector]: [1;95m触发状态更新: trigger=True[0m
[INFO] [1783921861.259226981] [upstairs_detector]: [1;95m触发状态更新: trigger=False[0m
[INFO] [1783921861.321919677] [upstairs_detector]: [1;34m最近上台阶: dist=1.102m, band_from_bottom=1, lateral=-0.044m, vertical=0.324m, pixel=(201.2,205.9), box=414x36, area=6035, depth_px=5023, bands=1, trigger=False[0m
[INFO] [1783921861.721482772] [upstairs_detector]: [1;95m触发状态更新: trigger=True[0m
[INFO] [1783921862.323207732] [upstairs_detector]: [1;34m最近上台阶: dist=1.131m, band_from_bottom=1, lateral=0.172m, vertical=0.360m, pixel=(259.3,213.3), box=424x31, area=5963, depth_px=4789, bands=1, trigger=True[0m
[INFO] [1783921862.592067055] [upstairs_detector]: [1;95m触发状态更新: trigger=False[0m
[INFO] [1783921862.656694073] [upstairs_detector]: [1;95m触发状态更新: trigger=True[0m
[INFO] [1783921862.857065313] [upstairs_detector]: [1;95m触发状态更新: trigger=False[0m
[INFO] [1783921862.924051967] [upstairs_detector]: [1;95m触发状态更新: trigger=True[0m
[INFO] [1783921863.123662624] [upstairs_detector]: [1;95m触发状态更新: trigger=False[0m
[INFO] [1783921863.328498305] [upstairs_detector]: [1;34m最近上台阶: dist=1.047m, band_from_bottom=1, lateral=0.126m, vertical=0.350m, pixel=(249.7,218.1), box=416x45, area=8253, depth_px=5945, bands=1, trigger=False[0m
[INFO] [1783921864.386176207] [upstairs_detector]: [0;33m未检测到有效上台阶: bands=0, target_band_from_bottom=1, mask_px=625, frame=819, hsv=[30, 40, 30]-[100, 255, 255][0m
[INFO] [1783921865.389002725] [upstairs_detector]: [0;33m未检测到有效上台阶: bands=0, target_band_from_bottom=1, mask_px=10255, frame=834, hsv=[30, 40, 30]-[100, 255, 255][0m
[INFO] [1783921866.387987065] [upstairs_detector]: [0;33m未检测到有效上台阶: bands=0, target_band_from_bottom=1, mask_px=866, frame=849, hsv=[30, 40, 30]-[100, 255, 255][0m
[INFO] [1783921867.390786881] [upstairs_detector]: [0;33m未检测到有效上台阶: bands=0, target_band_from_bottom=1, mask_px=4462, frame=864, hsv=[30, 40, 30]-[100, 255, 255][0m
[INFO] [1783921868.393733067] [upstairs_detector]: [1;34m最近上台阶: dist=0.694m, band_from_bottom=1, lateral=-0.029m, vertical=0.242m, pixel=(200.7,222.6), box=424x21, area=3494, depth_px=3273, bands=1, trigger=False[0m
[INFO] [1783921868.928790589] [upstairs_detector]: [1;95m触发状态更新: trigger=True[0m
[INFO] [1783921869.192105603] [upstairs_detector]: [1;95m触发状态更新: trigger=False[0m
[INFO] [1783921869.392079014] [upstairs_detector]: [0;33m未检测到有效上台阶: bands=0, target_band_from_bottom=1, mask_px=6093, frame=894, hsv=[30, 40, 30]-[100, 255, 255][0m
[INFO] [1783921870.391321681] [upstairs_detector]: [0;33m未检测到有效上台阶: bands=0, target_band_from_bottom=1, mask_px=2214, frame=909, hsv=[30, 40, 30]-[100, 255, 255][0m
[INFO] [1783921871.392594237] [upstairs_detector]: [0;33m未检测到有效上台阶: bands=0, target_band_from_bottom=1, mask_px=1702, frame=924, hsv=[30, 40, 30]-[100, 255, 255][0m
[INFO] [1783921872.393970365] [upstairs_detector]: [0;33m未检测到有效上台阶: bands=0, target_band_from_bottom=1, mask_px=0, frame=939, hsv=[30, 40, 30]-[100, 255, 255][0m
[INFO] [1783921873.393741124] [upstairs_detector]: [0;33m未检测到有效上台阶: bands=0, target_band_from_bottom=1, mask_px=2328, frame=954, hsv=[30, 40, 30]-[100, 255, 255][0m
[INFO] [1783921874.394901181] [upstairs_detector]: [0;33m未检测到有效上台阶: bands=0, target_band_from_bottom=1, mask_px=298, frame=969, hsv=[30, 40, 30]-[100, 255, 255][0m
[INFO] [1783921875.404149852] [upstairs_detector]: [1;34m最近上台阶: dist=0.655m, band_from_bottom=1, lateral=0.087m, vertical=0.200m, pixel=(253.3,209.4), box=424x61, area=14252, depth_px=13432, bands=1, trigger=False[0m
[INFO] [1783921876.408935506] [upstairs_detector]: [1;34m最近上台阶: dist=0.691m, band_from_bottom=1, lateral=0.056m, vertical=0.182m, pixel=(237.8,196.7), box=420x80, area=17182, depth_px=16469, bands=1, trigger=False[0m
[INFO] [1783921876.738583700] [upstairs_detector]: [1;95m触发状态更新: trigger=True[0m
[INFO] [1783921876.938629921] [upstairs_detector]: [1;95m触发状态更新: trigger=False[0m
[INFO] [1783921877.405325830] [upstairs_detector]: [1;34m最近上台阶: dist=0.736m, band_from_bottom=1, lateral=0.114m, vertical=0.255m, pixel=(260.1,221.8), box=424x40, area=8408, depth_px=8271, bands=1, trigger=False[0m
[INFO] [1783921877.471557327] [upstairs_detector]: [1;95m触发状态更新: trigger=True[0m
[INFO] [1783921877.930592922] [upstairs_detector]: [1;95m触发状态更新: trigger=False[0m
[INFO] [1783921878.134241545] [upstairs_detector]: [1;95m触发状态更新: trigger=True[0m
[INFO] [1783921878.398489989] [upstairs_detector]: [0;33m未检测到有效上台阶: bands=0, target_band_from_bottom=1, mask_px=5822, frame=1029, hsv=[30, 40, 30]-[100, 255, 255][0m
[INFO] [1783921878.463789170] [upstairs_detector]: [1;95m触发状态更新: trigger=False[0m
[INFO] [1783921879.004116368] [upstairs_detector]: [1;95m触发状态更新: trigger=True[0m
[INFO] [1783921879.401809114] [upstairs_detector]: [0;33m未检测到有效上台阶: bands=0, target_band_from_bottom=1, mask_px=3732, frame=1044, hsv=[30, 40, 30]-[100, 255, 255][0m
[INFO] [1783921879.465852205] [upstairs_detector]: [1;95m触发状态更新: trigger=False[0m
[INFO] [1783921880.401274423] [upstairs_detector]: [0;33m未检测到有效上台阶: bands=0, target_band_from_bottom=1, mask_px=722, frame=1059, hsv=[30, 40, 30]-[100, 255, 255][0m
[INFO] [1783921881.400271059] [upstairs_detector]: [0;33m未检测到有效上台阶: bands=0, target_band_from_bottom=1, mask_px=550, frame=1074, hsv=[30, 40, 30]-[100, 255, 255][0m
[INFO] [1783921882.402495120] [upstairs_detector]: [0;33m未检测到有效上台阶: bands=0, target_band_from_bottom=1, mask_px=0, frame=1089, hsv=[30, 40, 30]-[100, 255, 255][0m
[INFO] [1783921883.402248695] [upstairs_detector]: [0;33m未检测到有效上台阶: bands=0, target_band_from_bottom=1, mask_px=2882, frame=1104, hsv=[30, 40, 30]-[100, 255, 255][0m
[INFO] [1783921884.403003884] [upstairs_detector]: [0;33m未检测到有效上台阶: bands=0, target_band_from_bottom=1, mask_px=2385, frame=1119, hsv=[30, 40, 30]-[100, 255, 255][0m
[INFO] [1783921885.405073428] [upstairs_detector]: [0;33m未检测到有效上台阶: bands=0, target_band_from_bottom=1, mask_px=2161, frame=1134, hsv=[30, 40, 30]-[100, 255, 255][0m
[INFO] [1783921886.406021702] [upstairs_detector]: [0;33m未检测到有效上台阶: bands=0, target_band_from_bottom=1, mask_px=627, frame=1149, hsv=[30, 40, 30]-[100, 255, 255][0m
[INFO] [1783921887.405924576] [upstairs_detector]: [0;33m未检测到有效上台阶: bands=0, target_band_from_bottom=1, mask_px=726, frame=1164, hsv=[30, 40, 30]-[100, 255, 255][0m
[INFO] [1783921888.405865901] [upstairs_detector]: [0;33m未检测到有效上台阶: bands=0, target_band_from_bottom=1, mask_px=885, frame=1179, hsv=[30, 40, 30]-[100, 255, 255][0m
[INFO] [1783921889.407783521] [upstairs_detector]: [0;33m未检测到有效上台阶: bands=0, target_band_from_bottom=1, mask_px=977, frame=1194, hsv=[30, 40, 30]-[100, 255, 255][0m
[INFO] [1783921890.407697281] [upstairs_detector]: [0;33m未检测到有效上台阶: bands=0, target_band_from_bottom=1, mask_px=1690, frame=1209, hsv=[30, 40, 30]-[100, 255, 255][0m
[INFO] [1783921891.409431488] [upstairs_detector]: [0;33m未检测到有效上台阶: bands=0, target_band_from_bottom=1, mask_px=1472, frame=1224, hsv=[30, 40, 30]-[100, 255, 255][0m
[INFO] [1783921892.408996276] [upstairs_detector]: [0;33m未检测到有效上台阶: bands=0, target_band_from_bottom=1, mask_px=3590, frame=1239, hsv=[30, 40, 30]-[100, 255, 255][0m
[INFO] [1783921893.474910659] [upstairs_detector]: [0;33m未检测到有效上台阶: bands=0, target_band_from_bottom=1, mask_px=1839, frame=1255, hsv=[30, 40, 30]-[100, 255, 255][0m
[INFO] [1783921894.542036764] [upstairs_detector]: [0;33m未检测到有效上台阶: bands=0, target_band_from_bottom=1, mask_px=2002, frame=1271, hsv=[30, 40, 30]-[100, 255, 255][0m
[INFO] [1783921895.541956596] [upstairs_detector]: [0;33m未检测到有效上台阶: bands=0, target_band_from_bottom=1, mask_px=2635, frame=1286, hsv=[30, 40, 30]-[100, 255, 255][0m
[INFO] [1783921896.608788981] [upstairs_detector]: [0;33m未检测到有效上台阶: bands=0, target_band_from_bottom=1, mask_px=1479, frame=1302, hsv=[30, 40, 30]-[100, 255, 255][0m
[INFO] [1783921897.675088918] [upstairs_detector]: [0;33m未检测到有效上台阶: bands=0, target_band_from_bottom=1, mask_px=95, frame=1318, hsv=[30, 40, 30]-[100, 255, 255][0m
[INFO] [1783921898.675970665] [upstairs_detector]: [0;33m未检测到有效上台阶: bands=0, target_band_from_bottom=1, mask_px=0, frame=1333, hsv=[30, 40, 30]-[100, 255, 255][0m
[INFO] [1783921899.675811856] [upstairs_detector]: [0;33m未检测到有效上台阶: bands=0, target_band_from_bottom=1, mask_px=1390, frame=1348, hsv=[30, 40, 30]-[100, 255, 255][0m
[INFO] [1783921900.742504030] [upstairs_detector]: [0;33m未检测到有效上台阶: bands=0, target_band_from_bottom=1, mask_px=552, frame=1364, hsv=[30, 40, 30]-[100, 255, 255][0m
[INFO] [1783921901.742403289] [upstairs_detector]: [0;33m未检测到有效上台阶: bands=0, target_band_from_bottom=1, mask_px=476, frame=1379, hsv=[30, 40, 30]-[100, 255, 255][0m
[INFO] [1783921902.744457554] [upstairs_detector]: [0;33m未检测到有效上台阶: bands=0, target_band_from_bottom=1, mask_px=357, frame=1394, hsv=[30, 40, 30]-[100, 255, 255][0m
[INFO] [1783921903.810012184] [upstairs_detector]: [0;33m未检测到有效上台阶: bands=0, target_band_from_bottom=1, mask_px=1438, frame=1410, hsv=[30, 40, 30]-[100, 255, 255][0m
[INFO] [1783921904.815710381] [upstairs_detector]: [1;34m最近上台阶: dist=0.672m, band_from_bottom=1, lateral=-0.195m, vertical=0.238m, pixel=(125.4,224.1), box=303x37, area=6774, depth_px=5835, bands=1, trigger=False[0m
[INFO] [1783921905.816063826] [upstairs_detector]: [1;34m最近上台阶: dist=0.673m, band_from_bottom=1, lateral=-0.135m, vertical=0.240m, pixel=(152.7,225.0), box=332x32, area=5943, depth_px=4593, bands=1, trigger=False[0m
[INFO] [1783921906.878179418] [upstairs_detector]: [0;33m未检测到有效上台阶: bands=0, target_band_from_bottom=1, mask_px=4420, frame=1456, hsv=[30, 40, 30]-[100, 255, 255][0m
[INFO] [1783921907.882141971] [upstairs_detector]: [1;34m最近上台阶: dist=0.691m, band_from_bottom=1, lateral=-0.019m, vertical=0.238m, pixel=(204.9,221.1), box=384x36, area=5215, depth_px=4348, bands=1, trigger=False[0m
[INFO] [1783921908.877009333] [upstairs_detector]: [0;33m未检测到有效上台阶: bands=0, target_band_from_bottom=1, mask_px=1396, frame=1486, hsv=[30, 40, 30]-[100, 255, 255][0m
[INFO] [1783921909.877786788] [upstairs_detector]: [0;33m未检测到有效上台阶: bands=0, target_band_from_bottom=1, mask_px=1030, frame=1501, hsv=[30, 40, 30]-[100, 255, 255][0m
[INFO] [1783921910.877912154] [upstairs_detector]: [0;33m未检测到有效上台阶: bands=0, target_band_from_bottom=1, mask_px=1103, frame=1516, hsv=[30, 40, 30]-[100, 255, 255][0m
[INFO] [1783921911.945970255] [upstairs_detector]: [0;33m未检测到有效上台阶: bands=0, target_band_from_bottom=1, mask_px=390, frame=1532, hsv=[30, 40, 30]-[100, 255, 255][0m
[INFO] [1783921913.012167752] [upstairs_detector]: [0;33m未检测到有效上台阶: bands=0, target_band_from_bottom=1, mask_px=3999, frame=1548, hsv=[30, 40, 30]-[100, 255, 255][0m
[INFO] [1783921914.077737715] [upstairs_detector]: [0;33m未检测到有效上台阶: bands=0, target_band_from_bottom=1, mask_px=1076, frame=1564, hsv=[30, 40, 30]-[100, 255, 255][0m
[INFO] [1783921915.080180859] [upstairs_detector]: [0;33m未检测到有效上台阶: bands=0, target_band_from_bottom=1, mask_px=10721, frame=1579, hsv=[30, 40, 30]-[100, 255, 255][0m
[INFO] [1783921916.079746110] [upstairs_detector]: [0;33m未检测到有效上台阶: bands=0, target_band_from_bottom=1, mask_px=6362, frame=1594, hsv=[30, 40, 30]-[100, 255, 255][0m
[INFO] [1783921917.147746718] [upstairs_detector]: [0;33m未检测到有效上台阶: bands=0, target_band_from_bottom=1, mask_px=15845, frame=1610, hsv=[30, 40, 30]-[100, 255, 255][0m
[INFO] [1783921918.147490860] [upstairs_detector]: [0;33m未检测到有效上台阶: bands=0, target_band_from_bottom=1, mask_px=3651, frame=1625, hsv=[30, 40, 30]-[100, 255, 255][0m
[INFO] [1783921919.213649515] [upstairs_detector]: [0;33m未检测到有效上台阶: bands=0, target_band_from_bottom=1, mask_px=7341, frame=1641, hsv=[30, 40, 30]-[100, 255, 255][0m
[INFO] [1783921920.214345554] [upstairs_detector]: [0;33m未检测到有效上台阶: bands=0, target_band_from_bottom=1, mask_px=15210, frame=1656, hsv=[30, 40, 30]-[100, 255, 255][0m
[INFO] [1783921921.216337619] [upstairs_detector]: [0;33m未检测到有效上台阶: bands=0, target_band_from_bottom=1, mask_px=14092, frame=1671, hsv=[30, 40, 30]-[100, 255, 255][0m
[INFO] [1783921922.215014869] [upstairs_detector]: [0;33m未检测到有效上台阶: bands=0, target_band_from_bottom=1, mask_px=16291, frame=1686, hsv=[30, 40, 30]-[100, 255, 255][0m
[INFO] [1783921923.215522993] [upstairs_detector]: [0;33m未检测到有效上台阶: bands=0, target_band_from_bottom=1, mask_px=18476, frame=1701, hsv=[30, 40, 30]-[100, 255, 255][0m
[INFO] [1783921924.215913215] [upstairs_detector]: [0;33m未检测到有效上台阶: bands=0, target_band_from_bottom=1, mask_px=3819, frame=1716, hsv=[30, 40, 30]-[100, 255, 255][0m
[INFO] [1783921925.215404968] [upstairs_detector]: [0;33m未检测到有效上台阶: bands=0, target_band_from_bottom=1, mask_px=3326, frame=1731, hsv=[30, 40, 30]-[100, 255, 255][0m
[INFO] [1783921926.216856802] [upstairs_detector]: [0;33m未检测到有效上台阶: bands=0, target_band_from_bottom=1, mask_px=3428, frame=1746, hsv=[30, 40, 30]-[100, 255, 255][0m
[INFO] [1783921927.216357516] [upstairs_detector]: [0;33m未检测到有效上台阶: bands=0, target_band_from_bottom=1, mask_px=3348, frame=1761, hsv=[30, 40, 30]-[100, 255, 255][0m
[INFO] [1783921928.217161226] [upstairs_detector]: [0;33m未检测到有效上台阶: bands=0, target_band_from_bottom=1, mask_px=3300, frame=1776, hsv=[30, 40, 30]-[100, 255, 255][0m
[INFO] [1783921929.218682056] [upstairs_detector]: [0;33m未检测到有效上台阶: bands=0, target_band_from_bottom=1, mask_px=3552, frame=1791, hsv=[30, 40, 30]-[100, 255, 255][0m
[INFO] [1783921930.217944911] [upstairs_detector]: [0;33m未检测到有效上台阶: bands=0, target_band_from_bottom=1, mask_px=992, frame=1806, hsv=[30, 40, 30]-[100, 255, 255][0m
[INFO] [1783921931.219349573] [upstairs_detector]: [0;33m未检测到有效上台阶: bands=0, target_band_from_bottom=1, mask_px=25631, frame=1821, hsv=[30, 40, 30]-[100, 255, 255][0m
[INFO] [1783921932.221135058] [upstairs_detector]: [0;33m未检测到有效上台阶: bands=0, target_band_from_bottom=1, mask_px=16230, frame=1836, hsv=[30, 40, 30]-[100, 255, 255][0m
[INFO] [1783921933.286981980] [upstairs_detector]: [0;33m未检测到有效上台阶: bands=0, target_band_from_bottom=1, mask_px=7902, frame=1852, hsv=[30, 40, 30]-[100, 255, 255][0m
[INFO] [1783921934.285970598] [upstairs_detector]: [0;33m未检测到有效上台阶: bands=0, target_band_from_bottom=1, mask_px=572, frame=1867, hsv=[30, 40, 30]-[100, 255, 255][0m
[INFO] [1783921935.288907650] [upstairs_detector]: [0;33m未检测到有效上台阶: bands=0, target_band_from_bottom=1, mask_px=2681, frame=1882, hsv=[30, 40, 30]-[100, 255, 255][0m
[INFO] [1783921936.357267164] [upstairs_detector]: [0;33m未检测到有效上台阶: bands=0, target_band_from_bottom=1, mask_px=3320, frame=1898, hsv=[30, 40, 30]-[100, 255, 255][0m
[INFO] [1783921937.358890036] [upstairs_detector]: [0;33m未检测到有效上台阶: bands=0, target_band_from_bottom=1, mask_px=1664, frame=1913, hsv=[30, 40, 30]-[100, 255, 255][0m
[INFO] [1783921938.423475105] [upstairs_detector]: [0;33m未检测到有效上台阶: bands=0, target_band_from_bottom=1, mask_px=181, frame=1929, hsv=[30, 40, 30]-[100, 255, 255][0m
[INFO] [1783921939.427078432] [upstairs_detector]: [0;33m未检测到有效上台阶: bands=0, target_band_from_bottom=1, mask_px=470, frame=1944, hsv=[30, 40, 30]-[100, 255, 255][0m
[INFO] [1783921940.426702428] [upstairs_detector]: [1;34m最近上台阶: dist=1.191m, band_from_bottom=1, lateral=0.325m, vertical=0.454m, pixel=(296.0,232.3), box=412x15, area=3118, depth_px=2683, bands=1, trigger=False[0m
[INFO] [1783921941.427037968] [upstairs_detector]: [0;33m未检测到有效上台阶: bands=0, target_band_from_bottom=1, mask_px=1498, frame=1974, hsv=[30, 40, 30]-[100, 255, 255][0m
[INFO] [1783921942.492177421] [upstairs_detector]: [0;33m未检测到有效上台阶: bands=0, target_band_from_bottom=1, mask_px=0, frame=1990, hsv=[30, 40, 30]-[100, 255, 255][0m
[INFO] [1783921943.557594739] [upstairs_detector]: [0;33m未检测到有效上台阶: bands=0, target_band_from_bottom=1, mask_px=356, frame=2006, hsv=[30, 40, 30]-[100, 255, 255][0m
[INFO] [1783921944.559950674] [upstairs_detector]: [0;33m未检测到有效上台阶: bands=0, target_band_from_bottom=1, mask_px=6602, frame=2021, hsv=[30, 40, 30]-[100, 255, 255][0m
[INFO] [1783921945.566086164] [upstairs_detector]: [1;34m最近上台阶: dist=0.994m, band_from_bottom=1, lateral=0.019m, vertical=0.313m, pixel=(219.0,212.3), box=424x56, area=22601, depth_px=17273, bands=1, trigger=False[0m
[INFO] [1783921946.565463526] [upstairs_detector]: [1;34m最近上台阶: dist=0.864m, band_from_bottom=1, lateral=0.010m, vertical=0.278m, pixel=(216.6,214.5), box=418x31, area=8841, depth_px=8410, bands=1, trigger=False[0m
[INFO] [1783921947.565650983] [upstairs_detector]: [1;34m最近上台阶: dist=1.060m, band_from_bottom=1, lateral=-0.007m, vertical=0.352m, pixel=(211.3,217.3), box=400x18, area=5114, depth_px=4736, bands=1, trigger=False[0m
[INFO] [1783921948.565191583] [upstairs_detector]: [1;34m最近上台阶: dist=1.060m, band_from_bottom=1, lateral=-0.015m, vertical=0.350m, pixel=(209.0,216.9), box=394x17, area=4769, depth_px=4476, bands=1, trigger=False[0m
[INFO] [1783921949.630633856] [upstairs_detector]: [1;34m最近上台阶: dist=1.057m, band_from_bottom=1, lateral=-0.010m, vertical=0.349m, pixel=(210.4,217.0), box=398x17, area=4828, depth_px=4507, bands=1, trigger=False[0m
[INFO] [1783921950.631852715] [upstairs_detector]: [1;34m最近上台阶: dist=1.057m, band_from_bottom=1, lateral=-0.007m, vertical=0.348m, pixel=(211.2,216.5), box=398x18, area=4941, depth_px=4583, bands=1, trigger=False[0m
[INFO] [1783921951.631267462] [upstairs_detector]: [0;33m未检测到有效上台阶: bands=0, target_band_from_bottom=1, mask_px=6415, frame=2127, hsv=[30, 40, 30]-[100, 255, 255][0m
[INFO] [1783921952.499281061] [upstairs_detector]: [1;95m触发状态更新: trigger=True[0m
[INFO] [1783921952.630897725] [upstairs_detector]: [0;33m未检测到有效上台阶: bands=0, target_band_from_bottom=1, mask_px=4501, frame=2142, hsv=[30, 40, 30]-[100, 255, 255][0m
[INFO] [1783921952.698361610] [upstairs_detector]: [1;95m触发状态更新: trigger=False[0m
[INFO] [1783921953.633943442] [upstairs_detector]: [1;34m最近上台阶: dist=1.044m, band_from_bottom=1, lateral=0.145m, vertical=0.354m, pixel=(255.4,219.7), box=332x16, area=5050, depth_px=4968, bands=1, trigger=False[0m
[INFO] [1783921954.633665373] [upstairs_detector]: [1;34m最近上台阶: dist=1.006m, band_from_bottom=1, lateral=0.170m, vertical=0.264m, pixel=(264.5,196.5), box=322x14, area=3907, depth_px=3877, bands=1, trigger=False[0m
[INFO] [1783921955.634520711] [upstairs_detector]: [1;34m最近上台阶: dist=0.963m, band_from_bottom=1, lateral=0.146m, vertical=0.247m, pixel=(259.1,194.6), box=336x16, area=5069, depth_px=4918, bands=1, trigger=False[0m
[INFO] [1783921956.636551654] [upstairs_detector]: [1;34m最近上台阶: dist=0.994m, band_from_bottom=1, lateral=0.178m, vertical=0.343m, pixel=(267.5,221.5), box=318x20, area=6044, depth_px=6006, bands=1, trigger=False[0m
[INFO] [1783921957.639573737] [upstairs_detector]: [1;34m最近上台阶: dist=1.095m, band_from_bottom=1, lateral=0.322m, vertical=0.347m, pixel=(302.4,212.8), box=422x56, area=12056, depth_px=11424, bands=1, trigger=False[0m
[INFO] [1783921958.642948810] [upstairs_detector]: [1;34m最近上台阶: dist=0.797m, band_from_bottom=1, lateral=0.112m, vertical=0.235m, pixel=(255.9,206.0), box=416x73, area=23845, depth_px=23200, bands=1, trigger=False[0m
[INFO] [1783921959.634921777] [upstairs_detector]: [0;33m未检测到有效上台阶: bands=0, target_band_from_bottom=1, mask_px=2473, frame=2247, hsv=[30, 40, 30]-[100, 255, 255][0m
[INFO] [1783921960.634837406] [upstairs_detector]: [0;33m未检测到有效上台阶: bands=0, target_band_from_bottom=1, mask_px=824, frame=2262, hsv=[30, 40, 30]-[100, 255, 255][0m
[INFO] [1783921961.637227945] [upstairs_detector]: [0;33m未检测到有效上台阶: bands=0, target_band_from_bottom=1, mask_px=994, frame=2277, hsv=[30, 40, 30]-[100, 255, 255][0m
[INFO] [1783921962.702210868] [upstairs_detector]: [0;33m未检测到有效上台阶: bands=0, target_band_from_bottom=1, mask_px=897, frame=2293, hsv=[30, 40, 30]-[100, 255, 255][0m
[INFO] [1783921963.703654535] [upstairs_detector]: [0;33m未检测到有效上台阶: bands=0, target_band_from_bottom=1, mask_px=1442, frame=2308, hsv=[30, 40, 30]-[100, 255, 255][0m
[INFO] [1783921964.703731445] [upstairs_detector]: [0;33m未检测到有效上台阶: bands=0, target_band_from_bottom=1, mask_px=4305, frame=2323, hsv=[30, 40, 30]-[100, 255, 255][0m
[INFO] [1783921965.770370845] [upstairs_detector]: [0;33m未检测到有效上台阶: bands=0, target_band_from_bottom=1, mask_px=3220, frame=2339, hsv=[30, 40, 30]-[100, 255, 255][0m
[INFO] [1783921966.771019923] [upstairs_detector]: [0;33m未检测到有效上台阶: bands=0, target_band_from_bottom=1, mask_px=3348, frame=2354, hsv=[30, 40, 30]-[100, 255, 255][0m
[INFO] [1783921967.772776261] [upstairs_detector]: [0;33m未检测到有效上台阶: bands=0, target_band_from_bottom=1, mask_px=5415, frame=2369, hsv=[30, 40, 30]-[100, 255, 255][0m
[INFO] [1783921968.776231530] [upstairs_detector]: [1;34m最近上台阶: dist=0.845m, band_from_bottom=1, lateral=0.180m, vertical=0.314m, pixel=(277.9,229.3), box=399x24, area=5325, depth_px=5261, bands=1, trigger=False[0m
[INFO] [1783921969.779649439] [upstairs_detector]: [1;34m最近上台阶: dist=0.936m, band_from_bottom=1, lateral=0.235m, vertical=0.291m, pixel=(289.4,211.0), box=424x59, area=12359, depth_px=10696, bands=1, trigger=False[0m
[INFO] [1783921970.779114054] [upstairs_detector]: [1;34m最近上台阶: dist=1.084m, band_from_bottom=1, lateral=0.216m, vertical=0.355m, pixel=(273.6,216.1), box=422x50, area=12961, depth_px=11878, bands=1, trigger=False[0m
[INFO] [1783921971.781724670] [upstairs_detector]: [1;34m最近上台阶: dist=0.958m, band_from_bottom=1, lateral=0.112m, vertical=0.306m, pixel=(248.7,213.4), box=424x57, area=16572, depth_px=13391, bands=1, trigger=False[0m
[INFO] [1783921972.849238234] [upstairs_detector]: [1;34m最近上台阶: dist=1.084m, band_from_bottom=1, lateral=0.215m, vertical=0.357m, pixel=(273.3,216.6), box=422x47, area=11812, depth_px=9324, bands=1, trigger=False[0m
[INFO] [1783921973.843079278] [upstairs_detector]: [0;33m未检测到有效上台阶: bands=0, target_band_from_bottom=1, mask_px=8987, frame=2460, hsv=[30, 40, 30]-[100, 255, 255][0m
[INFO] [1783921974.915911245] [upstairs_detector]: [1;34m最近上台阶: dist=0.780m, band_from_bottom=1, lateral=-0.011m, vertical=0.266m, pixel=(209.2,220.3), box=424x43, area=13229, depth_px=13136, bands=1, trigger=False[0m
[INFO] [1783921975.918977517] [upstairs_detector]: [1;34m最近上台阶: dist=0.919m, band_from_bottom=1, lateral=0.046m, vertical=0.279m, pixel=(228.6,208.8), box=419x64, area=23950, depth_px=21388, bands=1, trigger=False[0m
[INFO] [1783921976.917744299] [upstairs_detector]: [1;34m最近上台阶: dist=1.031m, band_from_bottom=1, lateral=0.159m, vertical=0.343m, pixel=(259.9,217.6), box=424x51, area=12946, depth_px=12126, bands=1, trigger=False[0m
[INFO] [1783921977.918562431] [upstairs_detector]: [1;34m最近上台阶: dist=0.942m, band_from_bottom=1, lateral=-0.057m, vertical=0.303m, pixel=(195.0,214.2), box=424x59, area=16990, depth_px=15280, bands=1, trigger=False[0m
[INFO] [1783921978.919066722] [upstairs_detector]: [1;34m最近上台阶: dist=0.980m, band_from_bottom=1, lateral=-0.038m, vertical=0.323m, pixel=(201.7,216.6), box=414x52, area=15692, depth_px=14246, bands=1, trigger=False[0m
[INFO] [1783921979.918126228] [upstairs_detector]: [1;34m最近上台阶: dist=1.095m, band_from_bottom=1, lateral=0.253m, vertical=0.381m, pixel=(283.2,222.2), box=409x36, area=8998, depth_px=6630, bands=1, trigger=False[0m
[INFO] [1783921980.914087743] [upstairs_detector]: [0;33m未检测到有效上台阶: bands=0, target_band_from_bottom=1, mask_px=6980, frame=2566, hsv=[30, 40, 30]-[100, 255, 255][0m
[INFO] [1783921981.913700199] [upstairs_detector]: [0;33m未检测到有效上台阶: bands=0, target_band_from_bottom=1, mask_px=15357, frame=2581, hsv=[30, 40, 30]-[100, 255, 255][0m
[INFO] [1783921982.915907038] [upstairs_detector]: [0;33m未检测到有效上台阶: bands=0, target_band_from_bottom=1, mask_px=11725, frame=2596, hsv=[30, 40, 30]-[100, 255, 255][0m
[INFO] [1783921983.982294445] [upstairs_detector]: [0;33m未检测到有效上台阶: bands=0, target_band_from_bottom=1, mask_px=19237, frame=2612, hsv=[30, 40, 30]-[100, 255, 255][0m
[INFO] [1783921985.050197217] [upstairs_detector]: [0;33m未检测到有效上台阶: bands=0, target_band_from_bottom=1, mask_px=19115, frame=2628, hsv=[30, 40, 30]-[100, 255, 255][0m
[INFO] [1783921985.988014413] [upstairs_detector]: [1;95m触发状态更新: trigger=True[0m
[INFO] [1783921986.118411149] [upstairs_detector]: [0;33m未检测到有效上台阶: bands=0, target_band_from_bottom=1, mask_px=8061, frame=2644, hsv=[30, 40, 30]-[100, 255, 255][0m
[INFO] [1783921986.182365222] [upstairs_detector]: [1;95m触发状态更新: trigger=False[0m
[INFO] [1783921987.183551956] [upstairs_detector]: [0;33m未检测到有效上台阶: bands=0, target_band_from_bottom=1, mask_px=186, frame=2660, hsv=[30, 40, 30]-[100, 255, 255][0m
[INFO] [1783921988.184289822] [upstairs_detector]: [0;33m未检测到有效上台阶: bands=0, target_band_from_bottom=1, mask_px=4280, frame=2675, hsv=[30, 40, 30]-[100, 255, 255][0m
[INFO] [1783921989.184919446] [upstairs_detector]: [0;33m未检测到有效上台阶: bands=0, target_band_from_bottom=1, mask_px=4525, frame=2690, hsv=[30, 40, 30]-[100, 255, 255][0m
[INFO] [1783921990.186686414] [upstairs_detector]: [0;33m未检测到有效上台阶: bands=0, target_band_from_bottom=1, mask_px=394, frame=2705, hsv=[30, 40, 30]-[100, 255, 255][0m
[INFO] [1783921991.185702137] [upstairs_detector]: [0;33m未检测到有效上台阶: bands=0, target_band_from_bottom=1, mask_px=1689, frame=2720, hsv=[30, 40, 30]-[100, 255, 255][0m
[INFO] [1783921992.190349458] [upstairs_detector]: [1;34m最近上台阶: dist=0.797m, band_from_bottom=1, lateral=0.317m, vertical=0.296m, pixel=(333.8,229.4), box=420x21, area=3000, depth_px=3000, bands=1, trigger=False[0m
[INFO] [1783921993.187028564] [upstairs_detector]: [0;33m未检测到有效上台阶: bands=0, target_band_from_bottom=1, mask_px=424, frame=2750, hsv=[30, 40, 30]-[100, 255, 255][0m
[INFO] [1783921994.187326324] [upstairs_detector]: [0;33m未检测到有效上台阶: bands=0, target_band_from_bottom=1, mask_px=3258, frame=2765, hsv=[30, 40, 30]-[100, 255, 255][0m
[INFO] [1783921995.195280775] [upstairs_detector]: [1;34m最近上台阶: dist=1.000m, band_from_bottom=1, lateral=-0.029m, vertical=0.329m, pixel=(204.4,216.5), box=392x52, area=15836, depth_px=14432, bands=1, trigger=False[0m
[INFO] [1783921996.191621306] [upstairs_detector]: [0;33m未检测到有效上台阶: bands=0, target_band_from_bottom=1, mask_px=4851, frame=2795, hsv=[30, 40, 30]-[100, 255, 255][0m
[INFO] [1783921997.195609482] [upstairs_detector]: [1;34m最近上台阶: dist=1.057m, band_from_bottom=1, lateral=-0.232m, vertical=0.362m, pixel=(146.9,220.6), box=422x44, area=9299, depth_px=8766, bands=1, trigger=False[0m
[INFO] [1783921998.196868744] [upstairs_detector]: [1;34m最近上台阶: dist=0.997m, band_from_bottom=1, lateral=-0.138m, vertical=0.341m, pixel=(171.3,220.4), box=343x41, area=10642, depth_px=10034, bands=1, trigger=False[0m
[INFO] [1783921999.191852096] [upstairs_detector]: [0;33m未检测到有效上台阶: bands=0, target_band_from_bottom=1, mask_px=4464, frame=2840, hsv=[30, 40, 30]-[100, 255, 255][0m
[INFO] [1783922000.191926455] [upstairs_detector]: [0;33m未检测到有效上台阶: bands=0, target_band_from_bottom=1, mask_px=4177, frame=2855, hsv=[30, 40, 30]-[100, 255, 255][0m
[INFO] [1783922001.194725461] [upstairs_detector]: [0;33m未检测到有效上台阶: bands=0, target_band_from_bottom=1, mask_px=1851, frame=2870, hsv=[30, 40, 30]-[100, 255, 255][0m
[INFO] [1783922002.194357306] [upstairs_detector]: [0;33m未检测到有效上台阶: bands=0, target_band_from_bottom=1, mask_px=4835, frame=2885, hsv=[30, 40, 30]-[100, 255, 255][0m
[INFO] [1783922003.259555442] [upstairs_detector]: [0;33m未检测到有效上台阶: bands=0, target_band_from_bottom=1, mask_px=3517, frame=2901, hsv=[30, 40, 30]-[100, 255, 255][0m
[INFO] [1783922004.267746123] [upstairs_detector]: [1;34m最近上台阶: dist=0.958m, band_from_bottom=1, lateral=-0.055m, vertical=0.304m, pixel=(196.0,213.1), box=424x54, area=11664, depth_px=10494, bands=1, trigger=False[0m
[INFO] [1783922005.271254051] [upstairs_detector]: [1;34m最近上台阶: dist=0.847m, band_from_bottom=1, lateral=0.153m, vertical=0.240m, pixel=(267.8,202.8), box=424x71, area=14258, depth_px=13384, bands=1, trigger=False[0m
[INFO] [1783922006.269046891] [upstairs_detector]: [1;34m最近上台阶: dist=1.003m, band_from_bottom=1, lateral=0.041m, vertical=0.307m, pixel=(225.8,209.6), box=424x57, area=16025, depth_px=14998, bands=1, trigger=False[0m
[INFO] [1783922007.270084428] [upstairs_detector]: [1;34m最近上台阶: dist=1.012m, band_from_bottom=1, lateral=0.091m, vertical=0.316m, pixel=(240.6,211.3), box=424x57, area=15120, depth_px=14239, bands=1, trigger=False[0m
[INFO] [1783922008.269055073] [upstairs_detector]: [1;34m最近上台阶: dist=0.972m, band_from_bottom=1, lateral=0.198m, vertical=0.309m, pixel=(275.0,213.3), box=424x57, area=10769, depth_px=10290, bands=1, trigger=False[0m
[INFO] [1783922009.263993717] [upstairs_detector]: [0;33m未检测到有效上台阶: bands=0, target_band_from_bottom=1, mask_px=5388, frame=2991, hsv=[30, 40, 30]-[100, 255, 255][0m
[INFO] [1783922010.005958053] [upstairs_detector]: [1;95m触发状态更新: trigger=True[0m
[INFO] [1783922010.268621545] [upstairs_detector]: [0;33m未检测到有效上台阶: bands=0, target_band_from_bottom=1, mask_px=10421, frame=3006, hsv=[30, 40, 30]-[100, 255, 255][0m
[INFO] [1783922010.665167775] [upstairs_detector]: [1;95m触发状态更新: trigger=False[0m
[INFO] [1783922011.267712145] [upstairs_detector]: [0;33m未检测到有效上台阶: bands=0, target_band_from_bottom=1, mask_px=8568, frame=3021, hsv=[30, 40, 30]-[100, 255, 255][0m
[INFO] [1783922011.336843685] [upstairs_detector]: [1;95m触发状态更新: trigger=True[0m
[INFO] [1783922011.867407179] [upstairs_detector]: [1;95m触发状态更新: trigger=False[0m
[INFO] [1783922012.267243423] [upstairs_detector]: [0;33m未检测到有效上台阶: bands=0, target_band_from_bottom=1, mask_px=7446, frame=3036, hsv=[30, 40, 30]-[100, 255, 255][0m
[INFO] [1783922012.670587643] [upstairs_detector]: [1;95m触发状态更新: trigger=True[0m
[INFO] [1783922012.999368874] [upstairs_detector]: [1;95m触发状态更新: trigger=False[0m
[INFO] [1783922013.204705925] [upstairs_detector]: [1;95m触发状态更新: trigger=True[0m
[INFO] [1783922013.272482478] [upstairs_detector]: [1;34m最近上台阶: dist=0.541m, band_from_bottom=1, lateral=0.118m, vertical=0.177m, pixel=(279.4,215.9), box=424x49, area=7242, depth_px=5340, bands=1, trigger=True[0m
[INFO] [1783922013.532708672] [upstairs_detector]: [1;95m触发状态更新: trigger=False[0m
[INFO] [1783922013.804597160] [upstairs_detector]: [1;95m触发状态更新: trigger=True[0m
[INFO] [1783922014.134876003] [upstairs_detector]: [1;95m触发状态更新: trigger=False[0m
[INFO] [1783922014.270268839] [upstairs_detector]: [0;33m未检测到有效上台阶: bands=0, target_band_from_bottom=1, mask_px=10370, frame=3066, hsv=[30, 40, 30]-[100, 255, 255][0m
[INFO] [1783922014.407612089] [upstairs_detector]: [1;95m触发状态更新: trigger=True[0m
[INFO] [1783922014.735137250] [upstairs_detector]: [1;95m触发状态更新: trigger=False[0m
[INFO] [1783922015.274780071] [upstairs_detector]: [1;34m最近上台阶: dist=0.669m, band_from_bottom=1, lateral=0.186m, vertical=0.248m, pixel=(297.3,229.0), box=422x21, area=3130, depth_px=2877, bands=2, trigger=False[0m
[INFO] [1783922016.275947727] [upstairs_detector]: [1;34m最近上台阶: dist=1.054m, band_from_bottom=1, lateral=0.084m, vertical=0.243m, pixel=(237.5,186.6), box=424x60, area=19239, depth_px=18285, bands=1, trigger=False[0m
[INFO] [1783922017.277549649] [upstairs_detector]: [1;34m最近上台阶: dist=0.807m, band_from_bottom=1, lateral=0.020m, vertical=0.256m, pixel=(220.8,212.9), box=424x53, area=21131, depth_px=19319, bands=1, trigger=False[0m
[INFO] [1783922017.607965726] [upstairs_detector]: [1;95m触发状态更新: trigger=True[0m
[INFO] [1783922018.137400947] [upstairs_detector]: [1;95m触发状态更新: trigger=False[0m
[INFO] [1783922018.269564874] [upstairs_detector]: [0;33m未检测到有效上台阶: bands=0, target_band_from_bottom=1, mask_px=481, frame=3126, hsv=[30, 40, 30]-[100, 255, 255][0m
[INFO] [1783922019.270184483] [upstairs_detector]: [0;33m未检测到有效上台阶: bands=0, target_band_from_bottom=1, mask_px=1252, frame=3141, hsv=[30, 40, 30]-[100, 255, 255][0m
[INFO] [1783922020.271490543] [upstairs_detector]: [0;33m未检测到有效上台阶: bands=0, target_band_from_bottom=1, mask_px=1433, frame=3156, hsv=[30, 40, 30]-[100, 255, 255][0m
[INFO] [1783922021.272787325] [upstairs_detector]: [0;33m未检测到有效上台阶: bands=0, target_band_from_bottom=1, mask_px=1537, frame=3171, hsv=[30, 40, 30]-[100, 255, 255][0m
[INFO] [1783922021.942433513] [upstairs_detector]: [1;95m触发状态更新: trigger=True[0m
[INFO] [1783922022.275734808] [upstairs_detector]: [0;33m未检测到有效上台阶: bands=0, target_band_from_bottom=1, mask_px=6878, frame=3186, hsv=[30, 40, 30]-[100, 255, 255][0m
[INFO] [1783922022.474594324] [upstairs_detector]: [1;95m触发状态更新: trigger=False[0m
[INFO] [1783922022.676665926] [upstairs_detector]: [1;95m触发状态更新: trigger=True[0m
[INFO] [1783922023.210169732] [upstairs_detector]: [1;95m触发状态更新: trigger=False[0m
[INFO] [1783922023.277765259] [upstairs_detector]: [0;33m未检测到有效上台阶: bands=0, target_band_from_bottom=1, mask_px=3648, frame=3201, hsv=[30, 40, 30]-[100, 255, 255][0m
[INFO] [1783922024.280385779] [upstairs_detector]: [1;34m最近上台阶: dist=0.986m, band_from_bottom=1, lateral=0.101m, vertical=0.357m, pixel=(244.3,226.5), box=400x21, area=4001, depth_px=3842, bands=1, trigger=False[0m
[INFO] [1783922025.278590098] [upstairs_detector]: [0;33m未检测到有效上台阶: bands=0, target_band_from_bottom=1, mask_px=5803, frame=3231, hsv=[30, 40, 30]-[100, 255, 255][0m
[INFO] [1783922026.281667347] [upstairs_detector]: [1;34m最近上台阶: dist=1.147m, band_from_bottom=1, lateral=0.114m, vertical=0.375m, pixel=(243.4,216.0), box=422x24, area=4410, depth_px=4056, bands=1, trigger=False[0m
[INFO] [1783922027.280130187] [upstairs_detector]: [0;33m未检测到有效上台阶: bands=0, target_band_from_bottom=1, mask_px=5327, frame=3261, hsv=[30, 40, 30]-[100, 255, 255][0m
[INFO] [1783922028.280871767] [upstairs_detector]: [0;33m未检测到有效上台阶: bands=0, target_band_from_bottom=1, mask_px=5380, frame=3276, hsv=[30, 40, 30]-[100, 255, 255][0m
[INFO] [1783922029.281873319] [upstairs_detector]: [0;33m未检测到有效上台阶: bands=0, target_band_from_bottom=1, mask_px=2672, frame=3291, hsv=[30, 40, 30]-[100, 255, 255][0m
[INFO] [1783922030.284667253] [upstairs_detector]: [0;33m未检测到有效上台阶: bands=0, target_band_from_bottom=1, mask_px=3273, frame=3306, hsv=[30, 40, 30]-[100, 255, 255][0m
[INFO] [1783922031.285029379] [upstairs_detector]: [0;33m未检测到有效上台阶: bands=0, target_band_from_bottom=1, mask_px=3242, frame=3321, hsv=[30, 40, 30]-[100, 255, 255][0m
[INFO] [1783922032.288818674] [upstairs_detector]: [1;34m最近上台阶: dist=0.786m, band_from_bottom=1, lateral=0.039m, vertical=0.292m, pixel=(228.2,229.2), box=402x18, area=4934, depth_px=4134, bands=1, trigger=False[0m
[INFO] [1783922033.289029030] [upstairs_detector]: [1;34m最近上台阶: dist=0.814m, band_from_bottom=1, lateral=0.050m, vertical=0.279m, pixel=(232.0,220.6), box=410x16, area=4275, depth_px=3207, bands=1, trigger=False[0m
[INFO] [1783922034.288268538] [upstairs_detector]: [0;33m未检测到有效上台阶: bands=0, target_band_from_bottom=1, mask_px=2179, frame=3366, hsv=[30, 40, 30]-[100, 255, 255][0m
[INFO] [1783922035.289396525] [upstairs_detector]: [0;33m未检测到有效上台阶: bands=0, target_band_from_bottom=1, mask_px=2754, frame=3381, hsv=[30, 40, 30]-[100, 255, 255][0m
[INFO] [1783922036.294271485] [upstairs_detector]: [1;34m最近上台阶: dist=0.837m, band_from_bottom=1, lateral=0.096m, vertical=0.300m, pixel=(248.0,225.3), box=402x22, area=5482, depth_px=5040, bands=1, trigger=False[0m
[INFO] [1783922037.296605281] [upstairs_detector]: [1;34m最近上台阶: dist=0.830m, band_from_bottom=1, lateral=0.108m, vertical=0.291m, pixel=(252.6,223.2), box=402x21, area=4651, depth_px=4501, bands=1, trigger=False[0m
[INFO] [1783922038.296891825] [upstairs_detector]: [1;34m最近上台阶: dist=0.837m, band_from_bottom=1, lateral=0.114m, vertical=0.293m, pixel=(254.7,223.0), box=396x21, area=4556, depth_px=4412, bands=1, trigger=False[0m
[INFO] [1783922039.294240570] [upstairs_detector]: [0;33m未检测到有效上台阶: bands=0, target_band_from_bottom=1, mask_px=40, frame=3441, hsv=[30, 40, 30]-[100, 255, 255][0m
[INFO] [1783922040.295395156] [upstairs_detector]: [0;33m未检测到有效上台阶: bands=0, target_band_from_bottom=1, mask_px=6395, frame=3456, hsv=[30, 40, 30]-[100, 255, 255][0m
[INFO] [1783922041.296684786] [upstairs_detector]: [0;33m未检测到有效上台阶: bands=0, target_band_from_bottom=1, mask_px=5981, frame=3471, hsv=[30, 40, 30]-[100, 255, 255][0m
[INFO] [1783922042.297820385] [upstairs_detector]: [0;33m未检测到有效上台阶: bands=0, target_band_from_bottom=1, mask_px=5940, frame=3486, hsv=[30, 40, 30]-[100, 255, 255][0m
[INFO] [1783922043.299464142] [upstairs_detector]: [0;33m未检测到有效上台阶: bands=0, target_band_from_bottom=1, mask_px=473, frame=3501, hsv=[30, 40, 30]-[100, 255, 255][0m
[INFO] [1783922044.299688619] [upstairs_detector]: [0;33m未检测到有效上台阶: bands=0, target_band_from_bottom=1, mask_px=291, frame=3516, hsv=[30, 40, 30]-[100, 255, 255][0m
[INFO] [1783922045.305969428] [upstairs_detector]: [1;95m触发状态更新: trigger=True[0m
[INFO] [1783922045.307486212] [upstairs_detector]: [1;34m最近上台阶: dist=0.441m, band_from_bottom=1, lateral=0.063m, vertical=0.153m, pixel=(256.7,221.8), box=298x29, area=5264, depth_px=2854, bands=1, trigger=True[0m
[INFO] [1783922045.501894530] [upstairs_detector]: [1;95m触发状态更新: trigger=False[0m
[INFO] [1783922046.301929888] [upstairs_detector]: [0;33m未检测到有效上台阶: bands=0, target_band_from_bottom=1, mask_px=3754, frame=3546, hsv=[30, 40, 30]-[100, 255, 255][0m
[INFO] [1783922047.303008206] [upstairs_detector]: [0;33m未检测到有效上台阶: bands=0, target_band_from_bottom=1, mask_px=4768, frame=3561, hsv=[30, 40, 30]-[100, 255, 255][0m
[INFO] [1783922048.304606431] [upstairs_detector]: [0;33m未检测到有效上台阶: bands=0, target_band_from_bottom=1, mask_px=11351, frame=3576, hsv=[30, 40, 30]-[100, 255, 255][0m
[INFO] [1783922049.304720445] [upstairs_detector]: [0;33m未检测到有效上台阶: bands=0, target_band_from_bottom=1, mask_px=1851, frame=3591, hsv=[30, 40, 30]-[100, 255, 255][0m
[INFO] [1783922050.306019633] [upstairs_detector]: [0;33m未检测到有效上台阶: bands=0, target_band_from_bottom=1, mask_px=2046, frame=3606, hsv=[30, 40, 30]-[100, 255, 255][0m
[INFO] [1783922051.307131352] [upstairs_detector]: [0;33m未检测到有效上台阶: bands=0, target_band_from_bottom=1, mask_px=4770, frame=3621, hsv=[30, 40, 30]-[100, 255, 255][0m
[INFO] [1783922052.308252974] [upstairs_detector]: [0;33m未检测到有效上台阶: bands=0, target_band_from_bottom=1, mask_px=17849, frame=3636, hsv=[30, 40, 30]-[100, 255, 255][0m
[INFO] [1783922053.309512422] [upstairs_detector]: [0;33m未检测到有效上台阶: bands=0, target_band_from_bottom=1, mask_px=0, frame=3651, hsv=[30, 40, 30]-[100, 255, 255][0m
[INFO] [1783922054.310505660] [upstairs_detector]: [0;33m未检测到有效上台阶: bands=0, target_band_from_bottom=1, mask_px=855, frame=3666, hsv=[30, 40, 30]-[100, 255, 255][0m
[INFO] [1783922055.314025124] [upstairs_detector]: [0;33m未检测到有效上台阶: bands=0, target_band_from_bottom=1, mask_px=7625, frame=3681, hsv=[30, 40, 30]-[100, 255, 255][0m
[INFO] [1783922056.315434580] [upstairs_detector]: [0;33m未检测到有效上台阶: bands=0, target_band_from_bottom=1, mask_px=6076, frame=3696, hsv=[30, 40, 30]-[100, 255, 255][0m
[INFO] [1783922057.317464342] [upstairs_detector]: [0;33m未检测到有效上台阶: bands=0, target_band_from_bottom=1, mask_px=6088, frame=3711, hsv=[30, 40, 30]-[100, 255, 255][0m
[INFO] [1783922058.317060287] [upstairs_detector]: [0;33m未检测到有效上台阶: bands=0, target_band_from_bottom=1, mask_px=7107, frame=3726, hsv=[30, 40, 30]-[100, 255, 255][0m
[INFO] [1783922059.320399461] [upstairs_detector]: [1;34m最近上台阶: dist=1.102m, band_from_bottom=1, lateral=0.389m, vertical=0.377m, pixel=(320.1,220.5), box=252x42, area=8459, depth_px=5083, bands=1, trigger=False[0m
[INFO] [1783922060.316204376] [upstairs_detector]: [0;33m未检测到有效上台阶: bands=0, target_band_from_bottom=1, mask_px=0, frame=3756, hsv=[30, 40, 30]-[100, 255, 255][0m
[INFO] [1783922061.317703876] [upstairs_detector]: [0;33m未检测到有效上台阶: bands=0, target_band_from_bottom=1, mask_px=0, frame=3771, hsv=[30, 40, 30]-[100, 255, 255][0m
[INFO] [1783922062.319681929] [upstairs_detector]: [0;33m未检测到有效上台阶: bands=0, target_band_from_bottom=1, mask_px=0, frame=3786, hsv=[30, 40, 30]-[100, 255, 255][0m
[INFO] [1783922063.319773702] [upstairs_detector]: [0;33m未检测到有效上台阶: bands=0, target_band_from_bottom=1, mask_px=114, frame=3801, hsv=[30, 40, 30]-[100, 255, 255][0m
[INFO] [1783922064.320384875] [upstairs_detector]: [0;33m未检测到有效上台阶: bands=0, target_band_from_bottom=1, mask_px=2339, frame=3816, hsv=[30, 40, 30]-[100, 255, 255][0m
[INFO] [1783922065.321482308] [upstairs_detector]: [0;33m未检测到有效上台阶: bands=0, target_band_from_bottom=1, mask_px=1345, frame=3831, hsv=[30, 40, 30]-[100, 255, 255][0m
[INFO] [1783922066.324355392] [upstairs_detector]: [0;33m未检测到有效上台阶: bands=0, target_band_from_bottom=1, mask_px=3396, frame=3846, hsv=[30, 40, 30]-[100, 255, 255][0m
[INFO] [1783922067.128126055] [upstairs_detector]: [1;95m触发状态更新: trigger=True[0m
[INFO] [1783922067.328169045] [upstairs_detector]: [1;95m触发状态更新: trigger=False[0m
[INFO] [1783922067.330160541] [upstairs_detector]: [0;33m未检测到有效上台阶: bands=0, target_band_from_bottom=1, mask_px=9117, frame=3861, hsv=[30, 40, 30]-[100, 255, 255][0m
[INFO] [1783922068.394085212] [upstairs_detector]: [0;33m未检测到有效上台阶: bands=0, target_band_from_bottom=1, mask_px=5187, frame=3877, hsv=[30, 40, 30]-[100, 255, 255][0m
[INFO] [1783922069.391986459] [upstairs_detector]: [0;33m未检测到有效上台阶: bands=0, target_band_from_bottom=1, mask_px=2147, frame=3892, hsv=[30, 40, 30]-[100, 255, 255][0m
[INFO] [1783922070.392874705] [upstairs_detector]: [0;33m未检测到有效上台阶: bands=0, target_band_from_bottom=1, mask_px=1826, frame=3907, hsv=[30, 40, 30]-[100, 255, 255][0m
[INFO] [1783922071.393720803] [upstairs_detector]: [0;33m未检测到有效上台阶: bands=0, target_band_from_bottom=1, mask_px=229, frame=3922, hsv=[30, 40, 30]-[100, 255, 255][0m
[INFO] [1783922072.394703954] [upstairs_detector]: [0;33m未检测到有效上台阶: bands=0, target_band_from_bottom=1, mask_px=1411, frame=3937, hsv=[30, 40, 30]-[100, 255, 255][0m
[INFO] [1783922073.395794230] [upstairs_detector]: [0;33m未检测到有效上台阶: bands=0, target_band_from_bottom=1, mask_px=0, frame=3952, hsv=[30, 40, 30]-[100, 255, 255][0m
[INFO] [1783922074.398288633] [upstairs_detector]: [0;33m未检测到有效上台阶: bands=0, target_band_from_bottom=1, mask_px=1299, frame=3967, hsv=[30, 40, 30]-[100, 255, 255][0m
[INFO] [1783922075.465404216] [upstairs_detector]: [0;33m未检测到有效上台阶: bands=0, target_band_from_bottom=1, mask_px=3612, frame=3983, hsv=[30, 40, 30]-[100, 255, 255][0m
[INFO] [1783922076.466379729] [upstairs_detector]: [0;33m未检测到有效上台阶: bands=0, target_band_from_bottom=1, mask_px=4304, frame=3998, hsv=[30, 40, 30]-[100, 255, 255][0m
[INFO] [1783922077.466485184] [upstairs_detector]: [0;33m未检测到有效上台阶: bands=0, target_band_from_bottom=1, mask_px=2390, frame=4013, hsv=[30, 40, 30]-[100, 255, 255][0m
[INFO] [1783922078.467698577] [upstairs_detector]: [0;33m未检测到有效上台阶: bands=0, target_band_from_bottom=1, mask_px=1307, frame=4028, hsv=[30, 40, 30]-[100, 255, 255][0m
[INFO] [1783922079.468275901] [upstairs_detector]: [0;33m未检测到有效上台阶: bands=0, target_band_from_bottom=1, mask_px=30, frame=4043, hsv=[30, 40, 30]-[100, 255, 255][0m
[INFO] [1783922080.468857585] [upstairs_detector]: [0;33m未检测到有效上台阶: bands=0, target_band_from_bottom=1, mask_px=374, frame=4058, hsv=[30, 40, 30]-[100, 255, 255][0m
[INFO] [1783922081.470287033] [upstairs_detector]: [0;33m未检测到有效上台阶: bands=0, target_band_from_bottom=1, mask_px=2811, frame=4073, hsv=[30, 40, 30]-[100, 255, 255][0m
[INFO] [1783922081.806103549] [upstairs_detector]: [1;95m触发状态更新: trigger=True[0m
[INFO] [1783922082.002961131] [upstairs_detector]: [1;95m触发状态更新: trigger=False[0m
[INFO] [1783922082.472327344] [upstairs_detector]: [0;33m未检测到有效上台阶: bands=0, target_band_from_bottom=1, mask_px=3876, frame=4088, hsv=[30, 40, 30]-[100, 255, 255][0m
[INFO] [1783922083.538918310] [upstairs_detector]: [0;33m未检测到有效上台阶: bands=0, target_band_from_bottom=1, mask_px=779, frame=4104, hsv=[30, 40, 30]-[100, 255, 255][0m
[INFO] [1783922084.539493274] [upstairs_detector]: [0;33m未检测到有效上台阶: bands=0, target_band_from_bottom=1, mask_px=570, frame=4119, hsv=[30, 40, 30]-[100, 255, 255][0m
[INFO] [1783922085.541868294] [upstairs_detector]: [0;33m未检测到有效上台阶: bands=0, target_band_from_bottom=1, mask_px=718, frame=4134, hsv=[30, 40, 30]-[100, 255, 255][0m
[INFO] [1783922086.541541102] [upstairs_detector]: [0;33m未检测到有效上台阶: bands=0, target_band_from_bottom=1, mask_px=1506, frame=4149, hsv=[30, 40, 30]-[100, 255, 255][0m
[INFO] [1783922087.542592491] [upstairs_detector]: [0;33m未检测到有效上台阶: bands=0, target_band_from_bottom=1, mask_px=2672, frame=4164, hsv=[30, 40, 30]-[100, 255, 255][0m
[INFO] [1783922088.543344831] [upstairs_detector]: [0;33m未检测到有效上台阶: bands=0, target_band_from_bottom=1, mask_px=1370, frame=4179, hsv=[30, 40, 30]-[100, 255, 255][0m
[INFO] [1783922089.545087059] [upstairs_detector]: [0;33m未检测到有效上台阶: bands=0, target_band_from_bottom=1, mask_px=1800, frame=4194, hsv=[30, 40, 30]-[100, 255, 255][0m
[INFO] [1783922090.553460286] [upstairs_detector]: [1;34m最近上台阶: dist=1.012m, band_from_bottom=1, lateral=0.046m, vertical=0.311m, pixel=(227.0,209.8), box=424x60, area=15296, depth_px=14810, bands=1, trigger=False[0m
[INFO] [1783922091.551345148] [upstairs_detector]: [1;34m最近上台阶: dist=0.931m, band_from_bottom=1, lateral=0.074m, vertical=0.314m, pixel=(237.3,219.1), box=422x21, area=4411, depth_px=4409, bands=1, trigger=False[0m
[INFO] [1783922092.548003804] [upstairs_detector]: [0;33m未检测到有效上台阶: bands=0, target_band_from_bottom=1, mask_px=4753, frame=4239, hsv=[30, 40, 30]-[100, 255, 255][0m
[INFO] [1783922093.548206777] [upstairs_detector]: [0;33m未检测到有效上台阶: bands=0, target_band_from_bottom=1, mask_px=599, frame=4254, hsv=[30, 40, 30]-[100, 255, 255][0m
[INFO] [1783922094.549856251] [upstairs_detector]: [0;33m未检测到有效上台阶: bands=0, target_band_from_bottom=1, mask_px=799, frame=4269, hsv=[30, 40, 30]-[100, 255, 255][0m
[INFO] [1783922095.550288062] [upstairs_detector]: [0;33m未检测到有效上台阶: bands=0, target_band_from_bottom=1, mask_px=952, frame=4284, hsv=[30, 40, 30]-[100, 255, 255][0m
[INFO] [1783922096.551453190] [upstairs_detector]: [0;33m未检测到有效上台阶: bands=0, target_band_from_bottom=1, mask_px=400, frame=4299, hsv=[30, 40, 30]-[100, 255, 255][0m
[INFO] [1783922097.551092484] [upstairs_detector]: [0;33m未检测到有效上台阶: bands=0, target_band_from_bottom=1, mask_px=766, frame=4314, hsv=[30, 40, 30]-[100, 255, 255][0m
[INFO] [1783922098.556793119] [upstairs_detector]: [0;33m未检测到有效上台阶: bands=0, target_band_from_bottom=1, mask_px=590, frame=4329, hsv=[30, 40, 30]-[100, 255, 255][0m
[INFO] [1783922099.553849717] [upstairs_detector]: [0;33m未检测到有效上台阶: bands=0, target_band_from_bottom=1, mask_px=369, frame=4344, hsv=[30, 40, 30]-[100, 255, 255][0m
[INFO] [1783922100.554318460] [upstairs_detector]: [0;33m未检测到有效上台阶: bands=0, target_band_from_bottom=1, mask_px=2336, frame=4359, hsv=[30, 40, 30]-[100, 255, 255][0m
[INFO] [1783922101.556895571] [upstairs_detector]: [0;33m未检测到有效上台阶: bands=0, target_band_from_bottom=1, mask_px=1559, frame=4374, hsv=[30, 40, 30]-[100, 255, 255][0m
[INFO] [1783922102.622648372] [upstairs_detector]: [0;33m未检测到有效上台阶: bands=0, target_band_from_bottom=1, mask_px=3108, frame=4390, hsv=[30, 40, 30]-[100, 255, 255][0m
[INFO] [1783922103.627755677] [upstairs_detector]: [0;33m未检测到有效上台阶: bands=0, target_band_from_bottom=1, mask_px=8149, frame=4405, hsv=[30, 40, 30]-[100, 255, 255][0m
[INFO] [1783922104.629309957] [upstairs_detector]: [1;34m最近上台阶: dist=1.135m, band_from_bottom=1, lateral=0.097m, vertical=0.362m, pixel=(239.0,213.6), box=424x33, area=5543, depth_px=4893, bands=1, trigger=False[0m
[INFO] [1783922105.625132916] [upstairs_detector]: [0;33m未检测到有效上台阶: bands=0, target_band_from_bottom=1, mask_px=1126, frame=4435, hsv=[30, 40, 30]-[100, 255, 255][0m
[INFO] [1783922106.634258754] [upstairs_detector]: [1;34m最近上台阶: dist=1.050m, band_from_bottom=1, lateral=0.330m, vertical=0.328m, pixel=(308.5,211.5), box=424x58, area=9546, depth_px=8206, bands=1, trigger=False[0m
[INFO] [1783922107.633038938] [upstairs_detector]: [1;34m最近上台阶: dist=1.116m, band_from_bottom=1, lateral=-0.092m, vertical=0.366m, pixel=(188.3,216.1), box=424x45, area=12764, depth_px=10780, bands=1, trigger=False[0m
[INFO] [1783922108.630382530] [upstairs_detector]: [1;34m最近上台阶: dist=0.850m, band_from_bottom=1, lateral=-0.062m, vertical=0.323m, pixel=(191.3,232.0), box=382x17, area=3906, depth_px=3906, bands=1, trigger=False[0m
[INFO] [1783922109.635481480] [upstairs_detector]: [1;34m最近上台阶: dist=0.828m, band_from_bottom=1, lateral=0.064m, vertical=0.270m, pixel=(236.7,215.6), box=424x48, area=10818, depth_px=10804, bands=1, trigger=False[0m
[INFO] [1783922110.638507962] [upstairs_detector]: [1;34m最近上台阶: dist=0.887m, band_from_bottom=1, lateral=0.057m, vertical=0.278m, pixel=(232.9,211.7), box=424x50, area=11620, depth_px=11069, bands=1, trigger=False[0m
[INFO] [1783922111.635197678] [upstairs_detector]: [1;34m最近上台阶: dist=0.805m, band_from_bottom=1, lateral=0.037m, vertical=0.266m, pixel=(227.2,216.9), box=422x24, area=4500, depth_px=4228, bands=1, trigger=False[0m
[INFO] [1783922112.631506363] [upstairs_detector]: [0;33m未检测到有效上台阶: bands=0, target_band_from_bottom=1, mask_px=2416, frame=4540, hsv=[30, 40, 30]-[100, 255, 255][0m
[INFO] [1783922113.635167703] [upstairs_detector]: [0;33m未检测到有效上台阶: bands=0, target_band_from_bottom=1, mask_px=11758, frame=4555, hsv=[30, 40, 30]-[100, 255, 255][0m
[INFO] [1783922114.641178314] [upstairs_detector]: [1;34m最近上台阶: dist=1.054m, band_from_bottom=1, lateral=0.014m, vertical=0.259m, pixel=(217.4,191.3), box=424x65, area=16580, depth_px=16447, bands=1, trigger=False[0m
[INFO] [1783922115.312236820] [upstairs_detector]: [1;95m触发状态更新: trigger=True[0m
[INFO] [1783922115.643032444] [upstairs_detector]: [1;34m最近上台阶: dist=0.365m, band_from_bottom=1, lateral=0.016m, vertical=0.103m, pixel=(226.8,202.3), box=408x80, area=28855, depth_px=28111, bands=1, trigger=True[0m
[INFO] [1783922116.643976736] [upstairs_detector]: [1;34m最近上台阶: dist=0.391m, band_from_bottom=1, lateral=0.073m, vertical=0.114m, pixel=(270.1,205.2), box=424x78, area=16129, depth_px=16129, bands=1, trigger=True[0m
[INFO] [1783922117.644471903] [upstairs_detector]: [1;34m最近上台阶: dist=0.343m, band_from_bottom=1, lateral=0.011m, vertical=0.096m, pixel=(223.2,202.0), box=424x78, area=30794, depth_px=30066, bands=1, trigger=True[0m
[INFO] [1783922118.646365987] [upstairs_detector]: [1;34m最近上台阶: dist=0.314m, band_from_bottom=1, lateral=0.003m, vertical=0.086m, pixel=(216.1,199.6), box=424x80, area=33154, depth_px=32964, bands=1, trigger=True[0m
[INFO] [1783922119.570115670] [upstairs_detector]: [1;95m触发状态更新: trigger=False[0m
[INFO] [1783922119.639824188] [upstairs_detector]: [0;33m未检测到有效上台阶: bands=0, target_band_from_bottom=1, mask_px=4836, frame=4645, hsv=[30, 40, 30]-[100, 255, 255][0m
[INFO] [1783922119.978846288] [upstairs_detector]: [1;95m触发状态更新: trigger=True[0m
[INFO] [1783922120.170979318] [upstairs_detector]: [1;95m触发状态更新: trigger=False[0m
[INFO] [1783922120.706429637] [upstairs_detector]: [0;33m未检测到有效上台阶: bands=0, target_band_from_bottom=1, mask_px=246, frame=4661, hsv=[30, 40, 30]-[100, 255, 255][0m
[INFO] [1783922121.775578292] [upstairs_detector]: [0;33m未检测到有效上台阶: bands=0, target_band_from_bottom=1, mask_px=11855, frame=4677, hsv=[30, 40, 30]-[100, 255, 255][0m
[INFO] [1783922122.848341226] [upstairs_detector]: [1;34m最近上台阶: dist=1.077m, band_from_bottom=1, lateral=0.063m, vertical=0.321m, pixel=(231.1,207.1), box=424x54, area=16867, depth_px=14510, bands=1, trigger=False[0m
[INFO] [1783922123.917126446] [upstairs_detector]: [1;34m最近上台阶: dist=0.972m, band_from_bottom=1, lateral=0.155m, vertical=0.243m, pixel=(261.6,192.5), box=424x71, area=19705, depth_px=18117, bands=1, trigger=False[0m
[INFO] [1783922124.651594807] [upstairs_detector]: [1;95m触发状态更新: trigger=True[0m
[INFO] [1783922124.919259718] [upstairs_detector]: [1;34m最近上台阶: dist=0.662m, band_from_bottom=1, lateral=0.052m, vertical=0.182m, pixel=(237.1,200.0), box=424x80, area=29318, depth_px=28359, bands=1, trigger=True[0m
[INFO] [1783922125.050928889] [upstairs_detector]: [1;95m触发状态更新: trigger=False[0m
[INFO] [1783922125.650473957] [upstairs_detector]: [1;95m触发状态更新: trigger=True[0m
[INFO] [1783922125.847834680] [upstairs_detector]: [1;95m触发状态更新: trigger=False[0m
[INFO] [1783922125.916000590] [upstairs_detector]: [1;34m最近上台阶: dist=0.763m, band_from_bottom=1, lateral=0.105m, vertical=0.153m, pixel=(255.1,177.5), box=424x37, area=11853, depth_px=10904, bands=1, trigger=False[0m
[INFO] [1783922126.584149780] [upstairs_detector]: [1;95m触发状态更新: trigger=True[0m
[INFO] [1783922126.985100049] [upstairs_detector]: [1;34m最近上台阶: dist=0.522m, band_from_bottom=1, lateral=0.057m, vertical=0.149m, pixel=(246.6,203.4), box=424x71, area=23672, depth_px=23578, bands=1, trigger=True[0m
[INFO] [1783922127.984097902] [upstairs_detector]: [1;34m最近上台阶: dist=0.523m, band_from_bottom=1, lateral=0.071m, vertical=0.162m, pixel=(254.6,210.8), box=418x58, area=18830, depth_px=18135, bands=1, trigger=True[0m
[INFO] [1783922128.985459302] [upstairs_detector]: [1;34m最近上台阶: dist=0.523m, band_from_bottom=1, lateral=0.036m, vertical=0.162m, pixel=(234.3,210.8), box=424x59, area=21553, depth_px=20791, bands=1, trigger=True[0m
[INFO] [1783922129.986812092] [upstairs_detector]: [1;34m最近上台阶: dist=0.523m, band_from_bottom=1, lateral=0.040m, vertical=0.161m, pixel=(236.4,209.9), box=422x60, area=21857, depth_px=20998, bands=1, trigger=True[0m
[INFO] [1783922130.987301908] [upstairs_detector]: [1;34m最近上台阶: dist=0.523m, band_from_bottom=1, lateral=0.048m, vertical=0.166m, pixel=(241.2,213.2), box=424x55, area=19582, depth_px=19153, bands=1, trigger=True[0m
[INFO] [1783922131.318242869] [upstairs_detector]: [1;95m触发状态更新: trigger=False[0m
[INFO] [1783922131.519663024] [upstairs_detector]: [1;95m触发状态更新: trigger=True[0m
[INFO] [1783922131.986404887] [upstairs_detector]: [1;34m最近上台阶: dist=0.563m, band_from_bottom=1, lateral=0.023m, vertical=0.150m, pixel=(225.4,197.7), box=404x54, area=21087, depth_px=20903, bands=1, trigger=True[0m
[INFO] [1783922132.988473246] [upstairs_detector]: [1;34m最近上台阶: dist=0.564m, band_from_bottom=1, lateral=0.028m, vertical=0.154m, pixel=(228.2,199.8), box=424x55, area=20048, depth_px=19872, bands=1, trigger=True[0m
[INFO] [1783922133.989418093] [upstairs_detector]: [1;34m最近上台阶: dist=0.564m, band_from_bottom=1, lateral=0.016m, vertical=0.154m, pixel=(221.9,199.6), box=424x55, area=20557, depth_px=20317, bands=1, trigger=True[0m
[INFO] [1783922134.990415708] [upstairs_detector]: [1;34m最近上台阶: dist=0.567m, band_from_bottom=1, lateral=0.035m, vertical=0.184m, pixel=(232.0,215.3), box=424x51, area=19053, depth_px=18864, bands=1, trigger=True[0m
[INFO] [1783922135.456902443] [upstairs_detector]: [1;95m触发状态更新: trigger=False[0m
[INFO] [1783922135.984091914] [upstairs_detector]: [0;33m未检测到有效上台阶: bands=0, target_band_from_bottom=1, mask_px=4321, frame=4890, hsv=[30, 40, 30]-[100, 255, 255][0m
[INFO] [1783922136.985331523] [upstairs_detector]: [0;33m未检测到有效上台阶: bands=0, target_band_from_bottom=1, mask_px=4158, frame=4905, hsv=[30, 40, 30]-[100, 255, 255][0m
[INFO] [1783922137.985376678] [upstairs_detector]: [0;33m未检测到有效上台阶: bands=0, target_band_from_bottom=1, mask_px=6432, frame=4920, hsv=[30, 40, 30]-[100, 255, 255][0m
[INFO] [1783922138.988252012] [upstairs_detector]: [0;33m未检测到有效上台阶: bands=0, target_band_from_bottom=1, mask_px=17509, frame=4935, hsv=[30, 40, 30]-[100, 255, 255][0m
[INFO] [1783922139.987653929] [upstairs_detector]: [0;33m未检测到有效上台阶: bands=0, target_band_from_bottom=1, mask_px=4119, frame=4950, hsv=[30, 40, 30]-[100, 255, 255][0m
[INFO] [1783922140.987297408] [upstairs_detector]: [0;33m未检测到有效上台阶: bands=0, target_band_from_bottom=1, mask_px=4006, frame=4965, hsv=[30, 40, 30]-[100, 255, 255][0m
[INFO] [1783922141.988438696] [upstairs_detector]: [0;33m未检测到有效上台阶: bands=0, target_band_from_bottom=1, mask_px=5410, frame=4980, hsv=[30, 40, 30]-[100, 255, 255][0m
[INFO] [1783922142.989430161] [upstairs_detector]: [0;33m未检测到有效上台阶: bands=0, target_band_from_bottom=1, mask_px=8066, frame=4995, hsv=[30, 40, 30]-[100, 255, 255][0m
[INFO] [1783922143.991680292] [upstairs_detector]: [0;33m未检测到有效上台阶: bands=0, target_band_from_bottom=1, mask_px=12794, frame=5010, hsv=[30, 40, 30]-[100, 255, 255][0m
[INFO] [1783922145.061756542] [upstairs_detector]: [0;33m未检测到有效上台阶: bands=0, target_band_from_bottom=1, mask_px=8926, frame=5026, hsv=[30, 40, 30]-[100, 255, 255][0m
[INFO] [1783922146.125477180] [upstairs_detector]: [0;33m未检测到有效上台阶: bands=0, target_band_from_bottom=1, mask_px=1832, frame=5042, hsv=[30, 40, 30]-[100, 255, 255][0m
[INFO] [1783922147.126566439] [upstairs_detector]: [0;33m未检测到有效上台阶: bands=0, target_band_from_bottom=1, mask_px=0, frame=5057, hsv=[30, 40, 30]-[100, 255, 255][0m
[INFO] [1783922148.126678532] [upstairs_detector]: [0;33m未检测到有效上台阶: bands=0, target_band_from_bottom=1, mask_px=585, frame=5072, hsv=[30, 40, 30]-[100, 255, 255][0m
[INFO] [1783922149.127950938] [upstairs_detector]: [0;33m未检测到有效上台阶: bands=0, target_band_from_bottom=1, mask_px=1017, frame=5087, hsv=[30, 40, 30]-[100, 255, 255][0m
[INFO] [1783922150.128635458] [upstairs_detector]: [0;33m未检测到有效上台阶: bands=0, target_band_from_bottom=1, mask_px=1097, frame=5102, hsv=[30, 40, 30]-[100, 255, 255][0m
[INFO] [1783922151.128795991] [upstairs_detector]: [0;33m未检测到有效上台阶: bands=0, target_band_from_bottom=1, mask_px=2577, frame=5117, hsv=[30, 40, 30]-[100, 255, 255][0m
[INFO] [1783922152.130407954] [upstairs_detector]: [0;33m未检测到有效上台阶: bands=0, target_band_from_bottom=1, mask_px=2924, frame=5132, hsv=[30, 40, 30]-[100, 255, 255][0m
[INFO] [1783922153.131385200] [upstairs_detector]: [0;33m未检测到有效上台阶: bands=0, target_band_from_bottom=1, mask_px=2828, frame=5147, hsv=[30, 40, 30]-[100, 255, 255][0m
[INFO] [1783922154.131690212] [upstairs_detector]: [0;33m未检测到有效上台阶: bands=0, target_band_from_bottom=1, mask_px=2675, frame=5162, hsv=[30, 40, 30]-[100, 255, 255][0m
[INFO] [1783922155.132640841] [upstairs_detector]: [0;33m未检测到有效上台阶: bands=0, target_band_from_bottom=1, mask_px=2662, frame=5177, hsv=[30, 40, 30]-[100, 255, 255][0m
[INFO] [1783922156.133299537] [upstairs_detector]: [0;33m未检测到有效上台阶: bands=0, target_band_from_bottom=1, mask_px=2607, frame=5192, hsv=[30, 40, 30]-[100, 255, 255][0m
[INFO] [1783922157.135664570] [upstairs_detector]: [0;33m未检测到有效上台阶: bands=0, target_band_from_bottom=1, mask_px=2908, frame=5207, hsv=[30, 40, 30]-[100, 255, 255][0m
[INFO] [1783922158.136695829] [upstairs_detector]: [0;33m未检测到有效上台阶: bands=0, target_band_from_bottom=1, mask_px=932, frame=5222, hsv=[30, 40, 30]-[100, 255, 255][0m
[INFO] [1783922159.135792130] [upstairs_detector]: [0;33m未检测到有效上台阶: bands=0, target_band_from_bottom=1, mask_px=2696, frame=5237, hsv=[30, 40, 30]-[100, 255, 255][0m
[INFO] [1783922160.136938035] [upstairs_detector]: [0;33m未检测到有效上台阶: bands=0, target_band_from_bottom=1, mask_px=3099, frame=5252, hsv=[30, 40, 30]-[100, 255, 255][0m
[INFO] [1783922161.137381084] [upstairs_detector]: [0;33m未检测到有效上台阶: bands=0, target_band_from_bottom=1, mask_px=4052, frame=5267, hsv=[30, 40, 30]-[100, 255, 255][0m
[INFO] [1783922162.137737166] [upstairs_detector]: [0;33m未检测到有效上台阶: bands=0, target_band_from_bottom=1, mask_px=3473, frame=5282, hsv=[30, 40, 30]-[100, 255, 255][0m
[INFO] [1783922163.140659584] [upstairs_detector]: [0;33m未检测到有效上台阶: bands=0, target_band_from_bottom=1, mask_px=3237, frame=5297, hsv=[30, 40, 30]-[100, 255, 255][0m
[INFO] [1783922164.140177934] [upstairs_detector]: [0;33m未检测到有效上台阶: bands=0, target_band_from_bottom=1, mask_px=2480, frame=5312, hsv=[30, 40, 30]-[100, 255, 255][0m
[INFO] [1783922165.143347531] [upstairs_detector]: [0;33m未检测到有效上台阶: bands=0, target_band_from_bottom=1, mask_px=2610, frame=5327, hsv=[30, 40, 30]-[100, 255, 255][0m
[INFO] [1783922166.140752323] [upstairs_detector]: [0;33m未检测到有效上台阶: bands=0, target_band_from_bottom=1, mask_px=2735, frame=5342, hsv=[30, 40, 30]-[100, 255, 255][0m
[INFO] [1783922167.142691783] [upstairs_detector]: [0;33m未检测到有效上台阶: bands=0, target_band_from_bottom=1, mask_px=2650, frame=5357, hsv=[30, 40, 30]-[100, 255, 255][0m
[INFO] [1783922168.142900260] [upstairs_detector]: [0;33m未检测到有效上台阶: bands=0, target_band_from_bottom=1, mask_px=2696, frame=5372, hsv=[30, 40, 30]-[100, 255, 255][0m
[INFO] [1783922169.143627768] [upstairs_detector]: [0;33m未检测到有效上台阶: bands=0, target_band_from_bottom=1, mask_px=2653, frame=5387, hsv=[30, 40, 30]-[100, 255, 255][0m
[INFO] [1783922170.145064556] [upstairs_detector]: [0;33m未检测到有效上台阶: bands=0, target_band_from_bottom=1, mask_px=2731, frame=5402, hsv=[30, 40, 30]-[100, 255, 255][0m
[INFO] [1783922171.214695890] [upstairs_detector]: [0;33m未检测到有效上台阶: bands=0, target_band_from_bottom=1, mask_px=2562, frame=5418, hsv=[30, 40, 30]-[100, 255, 255][0m
[INFO] [1783922172.215180142] [upstairs_detector]: [0;33m未检测到有效上台阶: bands=0, target_band_from_bottom=1, mask_px=2711, frame=5433, hsv=[30, 40, 30]-[100, 255, 255][0m
[INFO] [1783922173.213258167] [upstairs_detector]: [0;33m未检测到有效上台阶: bands=0, target_band_from_bottom=1, mask_px=1714, frame=5448, hsv=[30, 40, 30]-[100, 255, 255][0m
[INFO] [1783922174.213573827] [upstairs_detector]: [0;33m未检测到有效上台阶: bands=0, target_band_from_bottom=1, mask_px=1946, frame=5463, hsv=[30, 40, 30]-[100, 255, 255][0m
[INFO] [1783922175.214765215] [upstairs_detector]: [0;33m未检测到有效上台阶: bands=0, target_band_from_bottom=1, mask_px=2492, frame=5478, hsv=[30, 40, 30]-[100, 255, 255][0m
[INFO] [1783922176.215422275] [upstairs_detector]: [0;33m未检测到有效上台阶: bands=0, target_band_from_bottom=1, mask_px=2649, frame=5493, hsv=[30, 40, 30]-[100, 255, 255][0m
[INFO] [1783922177.216052906] [upstairs_detector]: [0;33m未检测到有效上台阶: bands=0, target_band_from_bottom=1, mask_px=2451, frame=5508, hsv=[30, 40, 30]-[100, 255, 255][0m
[INFO] [1783922178.217492276] [upstairs_detector]: [0;33m未检测到有效上台阶: bands=0, target_band_from_bottom=1, mask_px=2480, frame=5523, hsv=[30, 40, 30]-[100, 255, 255][0m
[INFO] [1783922179.217874964] [upstairs_detector]: [0;33m未检测到有效上台阶: bands=0, target_band_from_bottom=1, mask_px=2570, frame=5538, hsv=[30, 40, 30]-[100, 255, 255][0m
[INFO] [1783922180.218416405] [upstairs_detector]: [0;33m未检测到有效上台阶: bands=0, target_band_from_bottom=1, mask_px=2919, frame=5553, hsv=[30, 40, 30]-[100, 255, 255][0m
[INFO] [1783922181.219541870] [upstairs_detector]: [0;33m未检测到有效上台阶: bands=0, target_band_from_bottom=1, mask_px=2761, frame=5568, hsv=[30, 40, 30]-[100, 255, 255][0m
[INFO] [1783922182.220225030] [upstairs_detector]: [0;33m未检测到有效上台阶: bands=0, target_band_from_bottom=1, mask_px=2968, frame=5583, hsv=[30, 40, 30]-[100, 255, 255][0m
[INFO] [1783922183.221305744] [upstairs_detector]: [0;33m未检测到有效上台阶: bands=0, target_band_from_bottom=1, mask_px=3088, frame=5598, hsv=[30, 40, 30]-[100, 255, 255][0m
[INFO] [1783922184.221161986] [upstairs_detector]: [0;33m未检测到有效上台阶: bands=0, target_band_from_bottom=1, mask_px=3143, frame=5613, hsv=[30, 40, 30]-[100, 255, 255][0m
[INFO] [1783922185.222655721] [upstairs_detector]: [0;33m未检测到有效上台阶: bands=0, target_band_from_bottom=1, mask_px=3230, frame=5628, hsv=[30, 40, 30]-[100, 255, 255][0m
[INFO] [1783922186.224792284] [upstairs_detector]: [0;33m未检测到有效上台阶: bands=0, target_band_from_bottom=1, mask_px=2620, frame=5643, hsv=[30, 40, 30]-[100, 255, 255][0m
[INFO] [1783922187.291324670] [upstairs_detector]: [0;33m未检测到有效上台阶: bands=0, target_band_from_bottom=1, mask_px=2676, frame=5659, hsv=[30, 40, 30]-[100, 255, 255][0m
[INFO] [1783922188.291546128] [upstairs_detector]: [0;33m未检测到有效上台阶: bands=0, target_band_from_bottom=1, mask_px=2932, frame=5674, hsv=[30, 40, 30]-[100, 255, 255][0m
[INFO] [1783922189.291996134] [upstairs_detector]: [0;33m未检测到有效上台阶: bands=0, target_band_from_bottom=1, mask_px=2928, frame=5689, hsv=[30, 40, 30]-[100, 255, 255][0m
[INFO] [1783922190.292807590] [upstairs_detector]: [0;33m未检测到有效上台阶: bands=0, target_band_from_bottom=1, mask_px=2858, frame=5704, hsv=[30, 40, 30]-[100, 255, 255][0m
[INFO] [1783922191.294014048] [upstairs_detector]: [0;33m未检测到有效上台阶: bands=0, target_band_from_bottom=1, mask_px=2658, frame=5719, hsv=[30, 40, 30]-[100, 255, 255][0m
[INFO] [1783922192.295371886] [upstairs_detector]: [0;33m未检测到有效上台阶: bands=0, target_band_from_bottom=1, mask_px=2770, frame=5734, hsv=[30, 40, 30]-[100, 255, 255][0m
[INFO] [1783922193.295776009] [upstairs_detector]: [0;33m未检测到有效上台阶: bands=0, target_band_from_bottom=1, mask_px=2719, frame=5749, hsv=[30, 40, 30]-[100, 255, 255][0m
[INFO] [1783922194.296036685] [upstairs_detector]: [0;33m未检测到有效上台阶: bands=0, target_band_from_bottom=1, mask_px=2534, frame=5764, hsv=[30, 40, 30]-[100, 255, 255][0m
[INFO] [1783922195.296167797] [upstairs_detector]: [0;33m未检测到有效上台阶: bands=0, target_band_from_bottom=1, mask_px=1708, frame=5779, hsv=[30, 40, 30]-[100, 255, 255][0m
[INFO] [1783922196.297649705] [upstairs_detector]: [0;33m未检测到有效上台阶: bands=0, target_band_from_bottom=1, mask_px=2143, frame=5794, hsv=[30, 40, 30]-[100, 255, 255][0m
[INFO] [1783922197.298718453] [upstairs_detector]: [0;33m未检测到有效上台阶: bands=0, target_band_from_bottom=1, mask_px=8267, frame=5809, hsv=[30, 40, 30]-[100, 255, 255][0m
[INFO] [1783922198.301343087] [upstairs_detector]: [0;33m未检测到有效上台阶: bands=0, target_band_from_bottom=1, mask_px=3316, frame=5824, hsv=[30, 40, 30]-[100, 255, 255][0m
[INFO] [1783922199.301337469] [upstairs_detector]: [0;33m未检测到有效上台阶: bands=0, target_band_from_bottom=1, mask_px=8871, frame=5839, hsv=[30, 40, 30]-[100, 255, 255][0m
[INFO] [1783922200.367449322] [upstairs_detector]: [0;33m未检测到有效上台阶: bands=0, target_band_from_bottom=1, mask_px=9313, frame=5855, hsv=[30, 40, 30]-[100, 255, 255][0m
[INFO] [1783922201.368706854] [upstairs_detector]: [0;33m未检测到有效上台阶: bands=0, target_band_from_bottom=1, mask_px=12403, frame=5870, hsv=[30, 40, 30]-[100, 255, 255][0m
[INFO] [1783922202.369600820] [upstairs_detector]: [0;33m未检测到有效上台阶: bands=0, target_band_from_bottom=1, mask_px=14855, frame=5885, hsv=[30, 40, 30]-[100, 255, 255][0m
[INFO] [1783922203.370024968] [upstairs_detector]: [0;33m未检测到有效上台阶: bands=0, target_band_from_bottom=1, mask_px=13524, frame=5900, hsv=[30, 40, 30]-[100, 255, 255][0m
[INFO] [1783922204.372536388] [upstairs_detector]: [0;33m未检测到有效上台阶: bands=0, target_band_from_bottom=1, mask_px=13518, frame=5915, hsv=[30, 40, 30]-[100, 255, 255][0m
[INFO] [1783922205.371767141] [upstairs_detector]: [0;33m未检测到有效上台阶: bands=0, target_band_from_bottom=1, mask_px=14636, frame=5930, hsv=[30, 40, 30]-[100, 255, 255][0m
[INFO] [1783922206.372079545] [upstairs_detector]: [0;33m未检测到有效上台阶: bands=0, target_band_from_bottom=1, mask_px=15531, frame=5945, hsv=[30, 40, 30]-[100, 255, 255][0m
[INFO] [1783922207.372658526] [upstairs_detector]: [0;33m未检测到有效上台阶: bands=0, target_band_from_bottom=1, mask_px=5395, frame=5960, hsv=[30, 40, 30]-[100, 255, 255][0m
[INFO] [1783922208.373572636] [upstairs_detector]: [0;33m未检测到有效上台阶: bands=0, target_band_from_bottom=1, mask_px=809, frame=5975, hsv=[30, 40, 30]-[100, 255, 255][0m
[INFO] [1783922209.375000259] [upstairs_detector]: [0;33m未检测到有效上台阶: bands=0, target_band_from_bottom=1, mask_px=466, frame=5990, hsv=[30, 40, 30]-[100, 255, 255][0m
[INFO] [1783922210.374736206] [upstairs_detector]: [0;33m未检测到有效上台阶: bands=0, target_band_from_bottom=1, mask_px=456, frame=6005, hsv=[30, 40, 30]-[100, 255, 255][0m
[INFO] [1783922211.375617974] [upstairs_detector]: [0;33m未检测到有效上台阶: bands=0, target_band_from_bottom=1, mask_px=1900, frame=6020, hsv=[30, 40, 30]-[100, 255, 255][0m
[INFO] [1783922212.376194332] [upstairs_detector]: [0;33m未检测到有效上台阶: bands=0, target_band_from_bottom=1, mask_px=782, frame=6035, hsv=[30, 40, 30]-[100, 255, 255][0m
[INFO] [1783922213.376739191] [upstairs_detector]: [0;33m未检测到有效上台阶: bands=0, target_band_from_bottom=1, mask_px=1260, frame=6050, hsv=[30, 40, 30]-[100, 255, 255][0m
[INFO] [1783922214.377635376] [upstairs_detector]: [0;33m未检测到有效上台阶: bands=0, target_band_from_bottom=1, mask_px=0, frame=6065, hsv=[30, 40, 30]-[100, 255, 255][0m
[INFO] [1783922215.380527734] [upstairs_detector]: [0;33m未检测到有效上台阶: bands=0, target_band_from_bottom=1, mask_px=1963, frame=6080, hsv=[30, 40, 30]-[100, 255, 255][0m
[INFO] [1783922216.379120326] [upstairs_detector]: [0;33m未检测到有效上台阶: bands=0, target_band_from_bottom=1, mask_px=114, frame=6095, hsv=[30, 40, 30]-[100, 255, 255][0m
[INFO] [1783922217.381361423] [upstairs_detector]: [0;33m未检测到有效上台阶: bands=0, target_band_from_bottom=1, mask_px=679, frame=6110, hsv=[30, 40, 30]-[100, 255, 255][0m
[INFO] [1783922218.383573000] [upstairs_detector]: [0;33m未检测到有效上台阶: bands=0, target_band_from_bottom=1, mask_px=168, frame=6125, hsv=[30, 40, 30]-[100, 255, 255][0m
[INFO] [1783922219.053495205] [upstairs_detector]: [1;95m触发状态更新: trigger=True[0m
[INFO] [1783922219.249016325] [upstairs_detector]: [1;95m触发状态更新: trigger=False[0m
[INFO] [1783922219.449562120] [upstairs_detector]: [0;33m未检测到有效上台阶: bands=0, target_band_from_bottom=1, mask_px=1558, frame=6141, hsv=[30, 40, 30]-[100, 255, 255][0m
[INFO] [1783922220.516542998] [upstairs_detector]: [0;33m未检测到有效上台阶: bands=0, target_band_from_bottom=1, mask_px=3135, frame=6157, hsv=[30, 40, 30]-[100, 255, 255][0m
[INFO] [1783922221.582973205] [upstairs_detector]: [0;33m未检测到有效上台阶: bands=0, target_band_from_bottom=1, mask_px=634, frame=6173, hsv=[30, 40, 30]-[100, 255, 255][0m
[INFO] [1783922222.583462573] [upstairs_detector]: [0;33m未检测到有效上台阶: bands=0, target_band_from_bottom=1, mask_px=168, frame=6188, hsv=[30, 40, 30]-[100, 255, 255][0m
[INFO] [1783922223.584212925] [upstairs_detector]: [0;33m未检测到有效上台阶: bands=0, target_band_from_bottom=1, mask_px=2755, frame=6203, hsv=[30, 40, 30]-[100, 255, 255][0m
[INFO] [1783922224.586279704] [upstairs_detector]: [0;33m未检测到有效上台阶: bands=0, target_band_from_bottom=1, mask_px=764, frame=6218, hsv=[30, 40, 30]-[100, 255, 255][0m
[INFO] [1783922225.586046922] [upstairs_detector]: [0;33m未检测到有效上台阶: bands=0, target_band_from_bottom=1, mask_px=0, frame=6233, hsv=[30, 40, 30]-[100, 255, 255][0m
[INFO] [1783922226.586779937] [upstairs_detector]: [0;33m未检测到有效上台阶: bands=0, target_band_from_bottom=1, mask_px=2667, frame=6248, hsv=[30, 40, 30]-[100, 255, 255][0m
[INFO] [1783922227.587928414] [upstairs_detector]: [0;33m未检测到有效上台阶: bands=0, target_band_from_bottom=1, mask_px=0, frame=6263, hsv=[30, 40, 30]-[100, 255, 255][0m
[INFO] [1783922228.601589229] [upstairs_detector]: [1;34m最近上台阶: dist=0.758m, band_from_bottom=1, lateral=-0.086m, vertical=0.212m, pixel=(179.0,201.4), box=354x80, area=22630, depth_px=22601, bands=1, trigger=False[0m
[INFO] [1783922229.264216935] [upstairs_detector]: [1;95m触发状态更新: trigger=True[0m
[INFO] [1783922229.600476578] [upstairs_detector]: [1;34m最近上台阶: dist=0.482m, band_from_bottom=1, lateral=-0.043m, vertical=0.128m, pixel=(186.3,197.5), box=424x80, area=25898, depth_px=24114, bands=1, trigger=True[0m
[INFO] [1783922230.656995894] [upstairs_detector]: [0;33m未检测到有效上台阶: bands=0, target_band_from_bottom=1, mask_px=3086, frame=6309, hsv=[30, 40, 30]-[100, 255, 255][0m
[INFO] [1783922230.724504420] [upstairs_detector]: [1;95m触发状态更新: trigger=False[0m
[INFO] [1783922230.794812366] [upstairs_detector]: [1;95m触发状态更新: trigger=True[0m
[INFO] [1783922231.657030926] [upstairs_detector]: [1;95m触发状态更新: trigger=False[0m
[INFO] [1783922231.658274264] [upstairs_detector]: [0;33m未检测到有效上台阶: bands=0, target_band_from_bottom=1, mask_px=0, frame=6324, hsv=[30, 40, 30]-[100, 255, 255][0m
[INFO] [1783922232.658429451] [upstairs_detector]: [0;33m未检测到有效上台阶: bands=0, target_band_from_bottom=1, mask_px=46, frame=6339, hsv=[30, 40, 30]-[100, 255, 255][0m
[INFO] [1783922233.658697500] [upstairs_detector]: [0;33m未检测到有效上台阶: bands=0, target_band_from_bottom=1, mask_px=658, frame=6354, hsv=[30, 40, 30]-[100, 255, 255][0m
[INFO] [1783922234.660020249] [upstairs_detector]: [0;33m未检测到有效上台阶: bands=0, target_band_from_bottom=1, mask_px=68, frame=6369, hsv=[30, 40, 30]-[100, 255, 255][0m
[INFO] [1783922235.660654632] [upstairs_detector]: [0;33m未检测到有效上台阶: bands=0, target_band_from_bottom=1, mask_px=931, frame=6384, hsv=[30, 40, 30]-[100, 255, 255][0m
[INFO] [1783922236.662725855] [upstairs_detector]: [0;33m未检测到有效上台阶: bands=0, target_band_from_bottom=1, mask_px=665, frame=6399, hsv=[30, 40, 30]-[100, 255, 255][0m
[INFO] [1783922237.664228993] [upstairs_detector]: [0;33m未检测到有效上台阶: bands=0, target_band_from_bottom=1, mask_px=592, frame=6414, hsv=[30, 40, 30]-[100, 255, 255][0m
[INFO] [1783922238.662940984] [upstairs_detector]: [0;33m未检测到有效上台阶: bands=0, target_band_from_bottom=1, mask_px=1213, frame=6429, hsv=[30, 40, 30]-[100, 255, 255][0m
[INFO] [1783922239.663996048] [upstairs_detector]: [0;33m未检测到有效上台阶: bands=0, target_band_from_bottom=1, mask_px=5582, frame=6444, hsv=[30, 40, 30]-[100, 255, 255][0m
[INFO] [1783922239.872505837] [upstairs_detector]: [1;95m触发状态更新: trigger=True[0m
[INFO] [1783922240.673568459] [upstairs_detector]: [1;34m最近上台阶: dist=0.464m, band_from_bottom=1, lateral=0.033m, vertical=0.122m, pixel=(235.0,196.4), box=418x80, area=21974, depth_px=21061, bands=1, trigger=True[0m
[INFO] [1783922241.530376864] [upstairs_detector]: [1;95m触发状态更新: trigger=False[0m
[INFO] [1783922241.665792346] [upstairs_detector]: [0;33m未检测到有效上台阶: bands=0, target_band_from_bottom=1, mask_px=114, frame=6474, hsv=[30, 40, 30]-[100, 255, 255][0m
[INFO] [1783922241.874080586] [upstairs_detector]: [1;95m触发状态更新: trigger=True[0m
[INFO] [1783922242.265287105] [upstairs_detector]: [1;95m触发状态更新: trigger=False[0m
[INFO] [1783922242.670032727] [upstairs_detector]: [1;95m触发状态更新: trigger=True[0m
[INFO] [1783922242.671423283] [upstairs_detector]: [1;34m最近上台阶: dist=0.494m, band_from_bottom=1, lateral=0.030m, vertical=0.158m, pixel=(232.0,213.7), box=405x37, area=5996, depth_px=5641, bands=1, trigger=True[0m
[INFO] [1783922243.132090373] [upstairs_detector]: [1;95m触发状态更新: trigger=False[0m
[INFO] [1783922243.667037658] [upstairs_detector]: [0;33m未检测到有效上台阶: bands=0, target_band_from_bottom=1, mask_px=624, frame=6504, hsv=[30, 40, 30]-[100, 255, 255][0m
[INFO] [1783922244.668862864] [upstairs_detector]: [0;33m未检测到有效上台阶: bands=0, target_band_from_bottom=1, mask_px=2942, frame=6519, hsv=[30, 40, 30]-[100, 255, 255][0m
[INFO] [1783922245.734603506] [upstairs_detector]: [0;33m未检测到有效上台阶: bands=0, target_band_from_bottom=1, mask_px=123, frame=6535, hsv=[30, 40, 30]-[100, 255, 255][0m
[INFO] [1783922246.735412746] [upstairs_detector]: [0;33m未检测到有效上台阶: bands=0, target_band_from_bottom=1, mask_px=184, frame=6550, hsv=[30, 40, 30]-[100, 255, 255][0m
[INFO] [1783922247.736278420] [upstairs_detector]: [0;33m未检测到有效上台阶: bands=0, target_band_from_bottom=1, mask_px=1831, frame=6565, hsv=[30, 40, 30]-[100, 255, 255][0m
[INFO] [1783922248.736086575] [upstairs_detector]: [0;33m未检测到有效上台阶: bands=0, target_band_from_bottom=1, mask_px=358, frame=6580, hsv=[30, 40, 30]-[100, 255, 255][0m
[INFO] [1783922249.737256581] [upstairs_detector]: [0;33m未检测到有效上台阶: bands=0, target_band_from_bottom=1, mask_px=244, frame=6595, hsv=[30, 40, 30]-[100, 255, 255][0m
[INFO] [1783922250.737724510] [upstairs_detector]: [0;33m未检测到有效上台阶: bands=0, target_band_from_bottom=1, mask_px=0, frame=6610, hsv=[30, 40, 30]-[100, 255, 255][0m
[INFO] [1783922251.738474581] [upstairs_detector]: [0;33m未检测到有效上台阶: bands=0, target_band_from_bottom=1, mask_px=891, frame=6625, hsv=[30, 40, 30]-[100, 255, 255][0m
[INFO] [1783922252.739385006] [upstairs_detector]: [0;33m未检测到有效上台阶: bands=0, target_band_from_bottom=1, mask_px=3417, frame=6640, hsv=[30, 40, 30]-[100, 255, 255][0m
[INFO] [1783922253.740041014] [upstairs_detector]: [0;33m未检测到有效上台阶: bands=0, target_band_from_bottom=1, mask_px=452, frame=6655, hsv=[30, 40, 30]-[100, 255, 255][0m
[INFO] [1783922254.741158646] [upstairs_detector]: [0;33m未检测到有效上台阶: bands=0, target_band_from_bottom=1, mask_px=481, frame=6670, hsv=[30, 40, 30]-[100, 255, 255][0m
[INFO] [1783922255.741576585] [upstairs_detector]: [0;33m未检测到有效上台阶: bands=0, target_band_from_bottom=1, mask_px=214, frame=6685, hsv=[30, 40, 30]-[100, 255, 255][0m
[INFO] [1783922256.742145996] [upstairs_detector]: [0;33m未检测到有效上台阶: bands=0, target_band_from_bottom=1, mask_px=0, frame=6700, hsv=[30, 40, 30]-[100, 255, 255][0m
[INFO] [1783922257.743773298] [upstairs_detector]: [0;33m未检测到有效上台阶: bands=0, target_band_from_bottom=1, mask_px=0, frame=6715, hsv=[30, 40, 30]-[100, 255, 255][0m
[INFO] [1783922258.743659919] [upstairs_detector]: [0;33m未检测到有效上台阶: bands=0, target_band_from_bottom=1, mask_px=0, frame=6730, hsv=[30, 40, 30]-[100, 255, 255][0m
[INFO] [1783922259.745467251] [upstairs_detector]: [0;33m未检测到有效上台阶: bands=0, target_band_from_bottom=1, mask_px=0, frame=6745, hsv=[30, 40, 30]-[100, 255, 255][0m
[INFO] [1783922260.750297776] [upstairs_detector]: [0;33m未检测到有效上台阶: bands=0, target_band_from_bottom=1, mask_px=0, frame=6760, hsv=[30, 40, 30]-[100, 255, 255][0m
[INFO] [1783922261.746414430] [upstairs_detector]: [0;33m未检测到有效上台阶: bands=0, target_band_from_bottom=1, mask_px=0, frame=6775, hsv=[30, 40, 30]-[100, 255, 255][0m
[INFO] [1783922262.748172008] [upstairs_detector]: [0;33m未检测到有效上台阶: bands=0, target_band_from_bottom=1, mask_px=0, frame=6790, hsv=[30, 40, 30]-[100, 255, 255][0m
[INFO] [1783922263.747736940] [upstairs_detector]: [0;33m未检测到有效上台阶: bands=0, target_band_from_bottom=1, mask_px=0, frame=6805, hsv=[30, 40, 30]-[100, 255, 255][0m
[INFO] [1783922264.749175936] [upstairs_detector]: [0;33m未检测到有效上台阶: bands=0, target_band_from_bottom=1, mask_px=120, frame=6820, hsv=[30, 40, 30]-[100, 255, 255][0m
[INFO] [1783922265.749878044] [upstairs_detector]: [0;33m未检测到有效上台阶: bands=0, target_band_from_bottom=1, mask_px=0, frame=6835, hsv=[30, 40, 30]-[100, 255, 255][0m
[INFO] [1783922266.751319872] [upstairs_detector]: [0;33m未检测到有效上台阶: bands=0, target_band_from_bottom=1, mask_px=0, frame=6850, hsv=[30, 40, 30]-[100, 255, 255][0m
[INFO] [1783922267.817011087] [upstairs_detector]: [0;33m未检测到有效上台阶: bands=0, target_band_from_bottom=1, mask_px=0, frame=6866, hsv=[30, 40, 30]-[100, 255, 255][0m
[INFO] [1783922268.817827677] [upstairs_detector]: [0;33m未检测到有效上台阶: bands=0, target_band_from_bottom=1, mask_px=0, frame=6881, hsv=[30, 40, 30]-[100, 255, 255][0m
[INFO] [1783922269.818263476] [upstairs_detector]: [0;33m未检测到有效上台阶: bands=0, target_band_from_bottom=1, mask_px=0, frame=6896, hsv=[30, 40, 30]-[100, 255, 255][0m
[INFO] [1783922270.818658118] [upstairs_detector]: [0;33m未检测到有效上台阶: bands=0, target_band_from_bottom=1, mask_px=0, frame=6911, hsv=[30, 40, 30]-[100, 255, 255][0m
[INFO] [1783922271.820514638] [upstairs_detector]: [0;33m未检测到有效上台阶: bands=0, target_band_from_bottom=1, mask_px=0, frame=6926, hsv=[30, 40, 30]-[100, 255, 255][0m
[INFO] [1783922272.822567049] [upstairs_detector]: [0;33m未检测到有效上台阶: bands=0, target_band_from_bottom=1, mask_px=0, frame=6941, hsv=[30, 40, 30]-[100, 255, 255][0m
[INFO] [1783922273.821234246] [upstairs_detector]: [0;33m未检测到有效上台阶: bands=0, target_band_from_bottom=1, mask_px=0, frame=6956, hsv=[30, 40, 30]-[100, 255, 255][0m
[INFO] [1783922274.823153170] [upstairs_detector]: [0;33m未检测到有效上台阶: bands=0, target_band_from_bottom=1, mask_px=0, frame=6971, hsv=[30, 40, 30]-[100, 255, 255][0m
[INFO] [1783922275.823039026] [upstairs_detector]: [0;33m未检测到有效上台阶: bands=0, target_band_from_bottom=1, mask_px=0, frame=6986, hsv=[30, 40, 30]-[100, 255, 255][0m
[INFO] [1783922276.824801160] [upstairs_detector]: [0;33m未检测到有效上台阶: bands=0, target_band_from_bottom=1, mask_px=0, frame=7001, hsv=[30, 40, 30]-[100, 255, 255][0m
[INFO] [1783922277.891099719] [upstairs_detector]: [0;33m未检测到有效上台阶: bands=0, target_band_from_bottom=1, mask_px=0, frame=7017, hsv=[30, 40, 30]-[100, 255, 255][0m
[INFO] [1783922278.893368755] [upstairs_detector]: [0;33m未检测到有效上台阶: bands=0, target_band_from_bottom=1, mask_px=0, frame=7032, hsv=[30, 40, 30]-[100, 255, 255][0m
[INFO] [1783922279.959499236] [upstairs_detector]: [0;33m未检测到有效上台阶: bands=0, target_band_from_bottom=1, mask_px=0, frame=7048, hsv=[30, 40, 30]-[100, 255, 255][0m
[INFO] [1783922280.960268078] [upstairs_detector]: [0;33m未检测到有效上台阶: bands=0, target_band_from_bottom=1, mask_px=0, frame=7063, hsv=[30, 40, 30]-[100, 255, 255][0m
[INFO] [1783922281.961533034] [upstairs_detector]: [0;33m未检测到有效上台阶: bands=0, target_band_from_bottom=1, mask_px=0, frame=7078, hsv=[30, 40, 30]-[100, 255, 255][0m
[INFO] [1783922282.961754243] [upstairs_detector]: [0;33m未检测到有效上台阶: bands=0, target_band_from_bottom=1, mask_px=0, frame=7093, hsv=[30, 40, 30]-[100, 255, 255][0m
[INFO] [1783922283.962043908] [upstairs_detector]: [0;33m未检测到有效上台阶: bands=0, target_band_from_bottom=1, mask_px=0, frame=7108, hsv=[30, 40, 30]-[100, 255, 255][0m
[INFO] [1783922284.963100549] [upstairs_detector]: [0;33m未检测到有效上台阶: bands=0, target_band_from_bottom=1, mask_px=0, frame=7123, hsv=[30, 40, 30]-[100, 255, 255][0m
[INFO] [1783922285.964120759] [upstairs_detector]: [0;33m未检测到有效上台阶: bands=0, target_band_from_bottom=1, mask_px=0, frame=7138, hsv=[30, 40, 30]-[100, 255, 255][0m
[INFO] [1783922286.964244599] [upstairs_detector]: [0;33m未检测到有效上台阶: bands=0, target_band_from_bottom=1, mask_px=0, frame=7153, hsv=[30, 40, 30]-[100, 255, 255][0m
[INFO] [1783922287.964844201] [upstairs_detector]: [0;33m未检测到有效上台阶: bands=0, target_band_from_bottom=1, mask_px=0, frame=7168, hsv=[30, 40, 30]-[100, 255, 255][0m
[INFO] [1783922288.966237091] [upstairs_detector]: [0;33m未检测到有效上台阶: bands=0, target_band_from_bottom=1, mask_px=0, frame=7183, hsv=[30, 40, 30]-[100, 255, 255][0m
[INFO] [1783922289.966241253] [upstairs_detector]: [0;33m未检测到有效上台阶: bands=0, target_band_from_bottom=1, mask_px=0, frame=7198, hsv=[30, 40, 30]-[100, 255, 255][0m
[INFO] [1783922290.966811932] [upstairs_detector]: [0;33m未检测到有效上台阶: bands=0, target_band_from_bottom=1, mask_px=0, frame=7213, hsv=[30, 40, 30]-[100, 255, 255][0m
[INFO] [1783922291.968404028] [upstairs_detector]: [0;33m未检测到有效上台阶: bands=0, target_band_from_bottom=1, mask_px=0, frame=7228, hsv=[30, 40, 30]-[100, 255, 255][0m
[INFO] [1783922292.968253581] [upstairs_detector]: [0;33m未检测到有效上台阶: bands=0, target_band_from_bottom=1, mask_px=0, frame=7243, hsv=[30, 40, 30]-[100, 255, 255][0m
[INFO] [1783922293.969995546] [upstairs_detector]: [0;33m未检测到有效上台阶: bands=0, target_band_from_bottom=1, mask_px=0, frame=7258, hsv=[30, 40, 30]-[100, 255, 255][0m
[INFO] [1783922294.971421164] [upstairs_detector]: [0;33m未检测到有效上台阶: bands=0, target_band_from_bottom=1, mask_px=0, frame=7273, hsv=[30, 40, 30]-[100, 255, 255][0m
[INFO] [1783922295.970962129] [upstairs_detector]: [0;33m未检测到有效上台阶: bands=0, target_band_from_bottom=1, mask_px=0, frame=7288, hsv=[30, 40, 30]-[100, 255, 255][0m
[INFO] [1783922296.972020556] [upstairs_detector]: [0;33m未检测到有效上台阶: bands=0, target_band_from_bottom=1, mask_px=0, frame=7303, hsv=[30, 40, 30]-[100, 255, 255][0m
[INFO] [1783922297.972199969] [upstairs_detector]: [0;33m未检测到有效上台阶: bands=0, target_band_from_bottom=1, mask_px=0, frame=7318, hsv=[30, 40, 30]-[100, 255, 255][0m
[INFO] [1783922298.972978612] [upstairs_detector]: [0;33m未检测到有效上台阶: bands=0, target_band_from_bottom=1, mask_px=0, frame=7333, hsv=[30, 40, 30]-[100, 255, 255][0m
[INFO] [1783922299.973856571] [upstairs_detector]: [0;33m未检测到有效上台阶: bands=0, target_band_from_bottom=1, mask_px=0, frame=7348, hsv=[30, 40, 30]-[100, 255, 255][0m
[INFO] [1783922300.976076343] [upstairs_detector]: [0;33m未检测到有效上台阶: bands=0, target_band_from_bottom=1, mask_px=0, frame=7363, hsv=[30, 40, 30]-[100, 255, 255][0m
[INFO] [1783922302.043282132] [upstairs_detector]: [0;33m未检测到有效上台阶: bands=0, target_band_from_bottom=1, mask_px=0, frame=7379, hsv=[30, 40, 30]-[100, 255, 255][0m
[INFO] [1783922303.045615989] [upstairs_detector]: [0;33m未检测到有效上台阶: bands=0, target_band_from_bottom=1, mask_px=0, frame=7394, hsv=[30, 40, 30]-[100, 255, 255][0m
[INFO] [1783922304.045998887] [upstairs_detector]: [0;33m未检测到有效上台阶: bands=0, target_band_from_bottom=1, mask_px=0, frame=7409, hsv=[30, 40, 30]-[100, 255, 255][0m
[INFO] [1783922305.048013973] [upstairs_detector]: [0;33m未检测到有效上台阶: bands=0, target_band_from_bottom=1, mask_px=0, frame=7424, hsv=[30, 40, 30]-[100, 255, 255][0m
[INFO] [1783922306.112054082] [upstairs_detector]: [0;33m未检测到有效上台阶: bands=0, target_band_from_bottom=1, mask_px=0, frame=7440, hsv=[30, 40, 30]-[100, 255, 255][0m
[INFO] [1783922307.113473240] [upstairs_detector]: [0;33m未检测到有效上台阶: bands=0, target_band_from_bottom=1, mask_px=0, frame=7455, hsv=[30, 40, 30]-[100, 255, 255][0m
[INFO] [1783922308.114283459] [upstairs_detector]: [0;33m未检测到有效上台阶: bands=0, target_band_from_bottom=1, mask_px=0, frame=7470, hsv=[30, 40, 30]-[100, 255, 255][0m
[INFO] [1783922309.113699148] [upstairs_detector]: [0;33m未检测到有效上台阶: bands=0, target_band_from_bottom=1, mask_px=0, frame=7485, hsv=[30, 40, 30]-[100, 255, 255][0m
[INFO] [1783922310.114644739] [upstairs_detector]: [0;33m未检测到有效上台阶: bands=0, target_band_from_bottom=1, mask_px=326, frame=7500, hsv=[30, 40, 30]-[100, 255, 255][0m
[INFO] [1783922311.115621443] [upstairs_detector]: [0;33m未检测到有效上台阶: bands=0, target_band_from_bottom=1, mask_px=219, frame=7515, hsv=[30, 40, 30]-[100, 255, 255][0m
[INFO] [1783922312.115995863] [upstairs_detector]: [0;33m未检测到有效上台阶: bands=0, target_band_from_bottom=1, mask_px=0, frame=7530, hsv=[30, 40, 30]-[100, 255, 255][0m
[INFO] [1783922313.116875173] [upstairs_detector]: [0;33m未检测到有效上台阶: bands=0, target_band_from_bottom=1, mask_px=0, frame=7545, hsv=[30, 40, 30]-[100, 255, 255][0m
[INFO] [1783922314.117454733] [upstairs_detector]: [0;33m未检测到有效上台阶: bands=0, target_band_from_bottom=1, mask_px=0, frame=7560, hsv=[30, 40, 30]-[100, 255, 255][0m
[INFO] [1783922315.118011441] [upstairs_detector]: [0;33m未检测到有效上台阶: bands=0, target_band_from_bottom=1, mask_px=0, frame=7575, hsv=[30, 40, 30]-[100, 255, 255][0m
[INFO] [1783922316.122298669] [upstairs_detector]: [0;33m未检测到有效上台阶: bands=0, target_band_from_bottom=1, mask_px=0, frame=7590, hsv=[30, 40, 30]-[100, 255, 255][0m
[INFO] [1783922317.185979645] [upstairs_detector]: [0;33m未检测到有效上台阶: bands=0, target_band_from_bottom=1, mask_px=0, frame=7606, hsv=[30, 40, 30]-[100, 255, 255][0m
[INFO] [1783922318.187295925] [upstairs_detector]: [0;33m未检测到有效上台阶: bands=0, target_band_from_bottom=1, mask_px=0, frame=7621, hsv=[30, 40, 30]-[100, 255, 255][0m
[INFO] [1783922319.187613720] [upstairs_detector]: [0;33m未检测到有效上台阶: bands=0, target_band_from_bottom=1, mask_px=0, frame=7636, hsv=[30, 40, 30]-[100, 255, 255][0m
[INFO] [1783922320.189029817] [upstairs_detector]: [0;33m未检测到有效上台阶: bands=0, target_band_from_bottom=1, mask_px=0, frame=7651, hsv=[30, 40, 30]-[100, 255, 255][0m
[INFO] [1783922321.190079346] [upstairs_detector]: [0;33m未检测到有效上台阶: bands=0, target_band_from_bottom=1, mask_px=320, frame=7666, hsv=[30, 40, 30]-[100, 255, 255][0m
[INFO] [1783922322.189664138] [upstairs_detector]: [0;33m未检测到有效上台阶: bands=0, target_band_from_bottom=1, mask_px=47, frame=7681, hsv=[30, 40, 30]-[100, 255, 255][0m
[INFO] [1783922323.192472364] [upstairs_detector]: [0;33m未检测到有效上台阶: bands=0, target_band_from_bottom=1, mask_px=160, frame=7696, hsv=[30, 40, 30]-[100, 255, 255][0m
[INFO] [1783922324.191775244] [upstairs_detector]: [0;33m未检测到有效上台阶: bands=0, target_band_from_bottom=1, mask_px=55, frame=7711, hsv=[30, 40, 30]-[100, 255, 255][0m
[INFO] [1783922325.191929428] [upstairs_detector]: [0;33m未检测到有效上台阶: bands=0, target_band_from_bottom=1, mask_px=0, frame=7726, hsv=[30, 40, 30]-[100, 255, 255][0m
[INFO] [1783922326.193237068] [upstairs_detector]: [0;33m未检测到有效上台阶: bands=0, target_band_from_bottom=1, mask_px=0, frame=7741, hsv=[30, 40, 30]-[100, 255, 255][0m
[INFO] [1783922327.193993662] [upstairs_detector]: [0;33m未检测到有效上台阶: bands=0, target_band_from_bottom=1, mask_px=30, frame=7756, hsv=[30, 40, 30]-[100, 255, 255][0m
[INFO] [1783922328.194365320] [upstairs_detector]: [0;33m未检测到有效上台阶: bands=0, target_band_from_bottom=1, mask_px=0, frame=7771, hsv=[30, 40, 30]-[100, 255, 255][0m
[INFO] [1783922329.195177262] [upstairs_detector]: [0;33m未检测到有效上台阶: bands=0, target_band_from_bottom=1, mask_px=0, frame=7786, hsv=[30, 40, 30]-[100, 255, 255][0m
