[INFO] [1783753163.118713492] [upstairs_detector]: state=DETECTING
[INFO] [1783753163.119384232] [upstairs_detector]: upstairs_detector started: color=/camera/color/image_raw, depth=/camera/aligned_depth_to_color/image_raw, target_band_from_bottom=1, trigger_distance=0.66m, hsv=[30, 40, 30]-[100, 255, 255]
[INFO] [1783753163.152463596] [upstairs_detector]: [1;95m触发状态更新: trigger=False[0m
[INFO] [1783753163.156473201] [upstairs_detector]: [0;33m未检测到有效上台阶: bands=0, target_band_from_bottom=1, mask_px=33172, frame=1, hsv=[30, 40, 30]-[100, 255, 255][0m
[INFO] [1783753164.182066604] [upstairs_detector]: [1;34m最近上台阶: dist=1.054m, band_from_bottom=1, lateral=0.006m, vertical=0.339m, pixel=(215.0,214.4), box=424x51, area=21119, depth_px=10041, bands=1, trigger=False[0m
[INFO] [1783753165.183364787] [upstairs_detector]: [1;34m最近上台阶: dist=0.974m, band_from_bottom=1, lateral=-0.004m, vertical=0.292m, pixel=(212.1,207.7), box=424x64, area=26193, depth_px=22992, bands=1, trigger=False[0m
[INFO] [1783753166.184800938] [upstairs_detector]: [1;34m最近上台阶: dist=0.986m, band_from_bottom=1, lateral=0.022m, vertical=0.313m, pixel=(220.2,213.0), box=424x56, area=19064, depth_px=17687, bands=1, trigger=False[0m
[INFO] [1783753167.181238087] [upstairs_detector]: [0;33m未检测到有效上台阶: bands=0, target_band_from_bottom=1, mask_px=8057, frame=64, hsv=[30, 40, 30]-[100, 255, 255][0m
[INFO] [1783753168.249046271] [upstairs_detector]: [1;34m最近上台阶: dist=1.028m, band_from_bottom=1, lateral=0.142m, vertical=0.351m, pixel=(255.2,220.2), box=424x25, area=4835, depth_px=4681, bands=1, trigger=False[0m
[INFO] [1783753169.312012757] [upstairs_detector]: [0;33m未检测到有效上台阶: bands=0, target_band_from_bottom=1, mask_px=4647, frame=96, hsv=[30, 40, 30]-[100, 255, 255][0m
[INFO] [1783753170.315616844] [upstairs_detector]: [0;33m未检测到有效上台阶: bands=0, target_band_from_bottom=1, mask_px=2471, frame=111, hsv=[30, 40, 30]-[100, 255, 255][0m
[INFO] [1783753171.316616254] [upstairs_detector]: [0;33m未检测到有效上台阶: bands=0, target_band_from_bottom=1, mask_px=4708, frame=126, hsv=[30, 40, 30]-[100, 255, 255][0m
[INFO] [1783753172.380249223] [upstairs_detector]: [0;33m未检测到有效上台阶: bands=0, target_band_from_bottom=1, mask_px=6940, frame=142, hsv=[30, 40, 30]-[100, 255, 255][0m
[INFO] [1783753173.381857984] [upstairs_detector]: [0;33m未检测到有效上台阶: bands=0, target_band_from_bottom=1, mask_px=841, frame=157, hsv=[30, 40, 30]-[100, 255, 255][0m
[INFO] [1783753174.383097623] [upstairs_detector]: [0;33m未检测到有效上台阶: bands=0, target_band_from_bottom=1, mask_px=538, frame=172, hsv=[30, 40, 30]-[100, 255, 255][0m
[INFO] [1783753175.449711431] [upstairs_detector]: [0;33m未检测到有效上台阶: bands=0, target_band_from_bottom=1, mask_px=847, frame=188, hsv=[30, 40, 30]-[100, 255, 255][0m
[INFO] [1783753176.453511387] [upstairs_detector]: [1;34m最近上台阶: dist=0.977m, band_from_bottom=1, lateral=0.073m, vertical=0.341m, pixel=(235.8,222.5), box=420x16, area=2875, depth_px=2789, bands=1, trigger=False[0m
[INFO] [1783753177.453329169] [upstairs_detector]: [0;33m未检测到有效上台阶: bands=0, target_band_from_bottom=1, mask_px=3134, frame=218, hsv=[30, 40, 30]-[100, 255, 255][0m
[INFO] [1783753178.466289271] [upstairs_detector]: [1;34m最近上台阶: dist=1.028m, band_from_bottom=1, lateral=0.010m, vertical=0.333m, pixel=(216.1,214.9), box=394x36, area=6656, depth_px=6058, bands=1, trigger=False[0m
[INFO] [1783753179.663420204] [upstairs_detector]: [0;33m未检测到有效上台阶: bands=0, target_band_from_bottom=1, mask_px=3011, frame=244, hsv=[30, 40, 30]-[100, 255, 255][0m
[INFO] [1783753180.732856600] [upstairs_detector]: [0;33m未检测到有效上台阶: bands=0, target_band_from_bottom=1, mask_px=1835, frame=260, hsv=[30, 40, 30]-[100, 255, 255][0m
[INFO] [1783753181.795602720] [upstairs_detector]: [0;33m未检测到有效上台阶: bands=0, target_band_from_bottom=1, mask_px=2209, frame=276, hsv=[30, 40, 30]-[100, 255, 255][0m
[INFO] [1783753182.798492122] [upstairs_detector]: [0;33m未检测到有效上台阶: bands=0, target_band_from_bottom=1, mask_px=2202, frame=291, hsv=[30, 40, 30]-[100, 255, 255][0m
[INFO] [1783753183.864058233] [upstairs_detector]: [0;33m未检测到有效上台阶: bands=0, target_band_from_bottom=1, mask_px=530, frame=307, hsv=[30, 40, 30]-[100, 255, 255][0m
[INFO] [1783753184.867117600] [upstairs_detector]: [0;33m未检测到有效上台阶: bands=0, target_band_from_bottom=1, mask_px=5450, frame=322, hsv=[30, 40, 30]-[100, 255, 255][0m
[INFO] [1783753186.160297559] [upstairs_detector]: [1;34m最近上台阶: dist=0.901m, band_from_bottom=1, lateral=0.203m, vertical=0.270m, pixel=(281.4,207.6), box=424x51, area=8431, depth_px=8095, bands=1, trigger=False[0m
[INFO] [1783753187.208688664] [upstairs_detector]: [1;34m最近上台阶: dist=1.044m, band_from_bottom=1, lateral=0.059m, vertical=0.325m, pixel=(230.4,211.1), box=424x50, area=10670, depth_px=10023, bands=1, trigger=False[0m
[INFO] [1783753188.208423385] [upstairs_detector]: [1;34m最近上台阶: dist=1.022m, band_from_bottom=1, lateral=0.082m, vertical=0.320m, pixel=(237.6,211.6), box=424x52, area=11531, depth_px=11009, bands=1, trigger=False[0m
[INFO] [1783753189.206355375] [upstairs_detector]: [1;34m最近上台阶: dist=0.771m, band_from_bottom=1, lateral=0.126m, vertical=0.258m, pixel=(262.8,218.0), box=424x24, area=4116, depth_px=4102, bands=1, trigger=False[0m
[INFO] [1783753190.202077395] [upstairs_detector]: [0;33m未检测到有效上台阶: bands=0, target_band_from_bottom=1, mask_px=2179, frame=398, hsv=[30, 40, 30]-[100, 255, 255][0m
[INFO] [1783753191.214166643] [upstairs_detector]: [1;34m最近上台阶: dist=0.761m, band_from_bottom=1, lateral=0.013m, vertical=0.251m, pixel=(218.4,216.9), box=424x48, area=14003, depth_px=13030, bands=1, trigger=False[0m
[INFO] [1783753192.279973760] [upstairs_detector]: [1;34m最近上台阶: dist=0.748m, band_from_bottom=1, lateral=-0.013m, vertical=0.189m, pixel=(208.2,193.4), box=424x68, area=22303, depth_px=21228, bands=1, trigger=False[0m
[INFO] [1783753193.283213712] [upstairs_detector]: [1;34m最近上台阶: dist=0.687m, band_from_bottom=1, lateral=0.032m, vertical=0.255m, pixel=(227.5,229.4), box=420x22, area=5161, depth_px=3168, bands=2, trigger=False[0m
[INFO] [1783753193.347081831] [upstairs_detector]: [1;95m触发状态更新: trigger=True[0m
[INFO] [1783753193.545520563] [upstairs_detector]: [1;95m触发状态更新: trigger=False[0m
[INFO] [1783753194.281657600] [upstairs_detector]: [1;34m最近上台阶: dist=0.780m, band_from_bottom=1, lateral=-0.027m, vertical=0.174m, pixel=(202.8,184.5), box=420x52, area=15728, depth_px=15563, bands=1, trigger=False[0m
[INFO] [1783753195.280458186] [upstairs_detector]: [1;34m最近上台阶: dist=0.754m, band_from_bottom=1, lateral=0.010m, vertical=0.175m, pixel=(217.3,187.2), box=424x55, area=17259, depth_px=17238, bands=1, trigger=False[0m
[INFO] [1783753196.280032053] [upstairs_detector]: [1;34m最近上台阶: dist=0.766m, band_from_bottom=1, lateral=-0.014m, vertical=0.174m, pixel=(207.9,185.8), box=424x53, area=16949, depth_px=16782, bands=1, trigger=False[0m
[INFO] [1783753197.286105378] [upstairs_detector]: [1;34m最近上台阶: dist=0.784m, band_from_bottom=1, lateral=-0.026m, vertical=0.175m, pixel=(203.1,184.4), box=416x51, area=15703, depth_px=15541, bands=1, trigger=False[0m
[INFO] [1783753198.349847551] [upstairs_detector]: [1;34m最近上台阶: dist=0.784m, band_from_bottom=1, lateral=-0.008m, vertical=0.173m, pixel=(210.1,183.6), box=420x49, area=15090, depth_px=14988, bands=1, trigger=False[0m
[INFO] [1783753199.355789539] [upstairs_detector]: [1;34m最近上台阶: dist=0.786m, band_from_bottom=1, lateral=-0.013m, vertical=0.174m, pixel=(208.5,184.0), box=422x50, area=15410, depth_px=15339, bands=1, trigger=False[0m
[INFO] [1783753200.419074725] [upstairs_detector]: [1;34m最近上台阶: dist=0.788m, band_from_bottom=1, lateral=-0.008m, vertical=0.174m, pixel=(210.2,183.8), box=420x49, area=15234, depth_px=15177, bands=1, trigger=False[0m
[INFO] [1783753201.419450813] [upstairs_detector]: [1;34m最近上台阶: dist=0.786m, band_from_bottom=1, lateral=-0.011m, vertical=0.173m, pixel=(209.0,183.6), box=420x49, area=15059, depth_px=14968, bands=1, trigger=False[0m
[INFO] [1783753202.486755181] [upstairs_detector]: [1;34m最近上台阶: dist=0.795m, band_from_bottom=1, lateral=-0.008m, vertical=0.207m, pixel=(210.4,195.8), box=418x66, area=19785, depth_px=19302, bands=1, trigger=False[0m
[INFO] [1783753203.487578135] [upstairs_detector]: [1;34m最近上台阶: dist=0.795m, band_from_bottom=1, lateral=-0.003m, vertical=0.238m, pixel=(212.2,207.6), box=424x64, area=19504, depth_px=19036, bands=1, trigger=False[0m
[INFO] [1783753204.488821369] [upstairs_detector]: [1;34m最近上台阶: dist=0.795m, band_from_bottom=1, lateral=0.012m, vertical=0.239m, pixel=(218.0,207.9), box=424x64, area=19305, depth_px=18957, bands=1, trigger=False[0m
[INFO] [1783753205.490571262] [upstairs_detector]: [1;34m最近上台阶: dist=0.795m, band_from_bottom=1, lateral=0.012m, vertical=0.239m, pixel=(217.9,207.9), box=424x64, area=19582, depth_px=19144, bands=1, trigger=False[0m
[INFO] [1783753206.492200587] [upstairs_detector]: [1;34m最近上台阶: dist=0.788m, band_from_bottom=1, lateral=0.003m, vertical=0.237m, pixel=(214.6,207.8), box=424x65, area=20149, depth_px=19636, bands=1, trigger=False[0m
[INFO] [1783753207.558899560] [upstairs_detector]: [1;34m最近上台阶: dist=0.775m, band_from_bottom=1, lateral=0.009m, vertical=0.236m, pixel=(217.0,209.2), box=424x63, area=19157, depth_px=18475, bands=1, trigger=False[0m
[INFO] [1783753208.555611588] [upstairs_detector]: [1;34m最近上台阶: dist=0.779m, band_from_bottom=1, lateral=0.008m, vertical=0.239m, pixel=(216.5,209.7), box=424x62, area=18999, depth_px=18466, bands=1, trigger=False[0m
[INFO] [1783753209.557977659] [upstairs_detector]: [1;34m最近上台阶: dist=0.773m, band_from_bottom=1, lateral=0.008m, vertical=0.237m, pixel=(216.4,209.9), box=424x61, area=18853, depth_px=18560, bands=1, trigger=False[0m
