[INFO] [1784186469.119411938] [upstairs_detector]: state=DETECTING
[INFO] [1784186469.120042241] [upstairs_detector]: upstairs_detector started: color=/camera/color/image_raw, depth=/camera/aligned_depth_to_color/image_raw, target_band_from_bottom=1, trigger_distance=0.61m, hsv=[30, 40, 30]-[100, 255, 255]
[INFO] [1784186469.132775120] [upstairs_detector]: [1;95m触发状态更新: trigger=False[0m
[INFO] [1784186469.135268239] [upstairs_detector]: [0;33m未检测到有效上台阶: bands=0, target_band_from_bottom=1, mask_px=592, frame=1, hsv=[30, 40, 30]-[100, 255, 255][0m
[INFO] [1784186469.502781365] [upstairs_detector]: [1;95m触发状态更新: trigger=True[0m
[INFO] [1784186470.168669105] [upstairs_detector]: [1;34m最近上台阶: dist=0.542m, band_from_bottom=1, lateral=0.003m, vertical=0.151m, pixel=(215.1,201.1), box=424x80, area=30957, depth_px=26195, bands=1, trigger=True[0m
[INFO] [1784186471.169194822] [upstairs_detector]: [1;34m最近上台阶: dist=0.502m, band_from_bottom=1, lateral=-0.014m, vertical=0.139m, pixel=(204.9,200.5), box=424x80, area=18818, depth_px=16960, bands=1, trigger=True[0m
[INFO] [1784186472.166569602] [upstairs_detector]: [1;34m最近上台阶: dist=0.483m, band_from_bottom=1, lateral=0.018m, vertical=0.113m, pixel=(224.7,188.0), box=424x51, area=7062, depth_px=6674, bands=1, trigger=True[0m
[INFO] [1784186473.167583571] [upstairs_detector]: [1;34m最近上台阶: dist=0.451m, band_from_bottom=1, lateral=0.123m, vertical=0.096m, pixel=(296.2,181.1), box=424x44, area=7820, depth_px=7459, bands=1, trigger=True[0m
[INFO] [1784186473.761627825] [upstairs_detector]: [1;95m触发状态更新: trigger=False[0m
[INFO] [1784186474.164302082] [upstairs_detector]: [0;33m未检测到有效上台阶: bands=0, target_band_from_bottom=1, mask_px=5787, frame=77, hsv=[30, 40, 30]-[100, 255, 255][0m
[INFO] [1784186475.230356281] [upstairs_detector]: [0;33m未检测到有效上台阶: bands=0, target_band_from_bottom=1, mask_px=4653, frame=93, hsv=[30, 40, 30]-[100, 255, 255][0m
[INFO] [1784186476.234012708] [upstairs_detector]: [0;33m未检测到有效上台阶: bands=0, target_band_from_bottom=1, mask_px=5834, frame=108, hsv=[30, 40, 30]-[100, 255, 255][0m
[INFO] [1784186477.302985577] [upstairs_detector]: [0;33m未检测到有效上台阶: bands=0, target_band_from_bottom=1, mask_px=3000, frame=124, hsv=[30, 40, 30]-[100, 255, 255][0m
[INFO] [1784186478.298918158] [upstairs_detector]: [0;33m未检测到有效上台阶: bands=0, target_band_from_bottom=1, mask_px=3605, frame=139, hsv=[30, 40, 30]-[100, 255, 255][0m
[INFO] [1784186479.300413522] [upstairs_detector]: [0;33m未检测到有效上台阶: bands=0, target_band_from_bottom=1, mask_px=5946, frame=154, hsv=[30, 40, 30]-[100, 255, 255][0m
[INFO] [1784186480.300844457] [upstairs_detector]: [0;33m未检测到有效上台阶: bands=0, target_band_from_bottom=1, mask_px=2761, frame=169, hsv=[30, 40, 30]-[100, 255, 255][0m
[INFO] [1784186481.301577068] [upstairs_detector]: [0;33m未检测到有效上台阶: bands=0, target_band_from_bottom=1, mask_px=1138, frame=184, hsv=[30, 40, 30]-[100, 255, 255][0m
[INFO] [1784186482.303771358] [upstairs_detector]: [0;33m未检测到有效上台阶: bands=0, target_band_from_bottom=1, mask_px=1820, frame=199, hsv=[30, 40, 30]-[100, 255, 255][0m
[INFO] [1784186483.302132772] [upstairs_detector]: [0;33m未检测到有效上台阶: bands=0, target_band_from_bottom=1, mask_px=267, frame=214, hsv=[30, 40, 30]-[100, 255, 255][0m
[INFO] [1784186484.303660611] [upstairs_detector]: [0;33m未检测到有效上台阶: bands=0, target_band_from_bottom=1, mask_px=2663, frame=229, hsv=[30, 40, 30]-[100, 255, 255][0m
[INFO] [1784186485.304133833] [upstairs_detector]: [0;33m未检测到有效上台阶: bands=0, target_band_from_bottom=1, mask_px=4380, frame=244, hsv=[30, 40, 30]-[100, 255, 255][0m
[INFO] [1784186486.304966163] [upstairs_detector]: [0;33m未检测到有效上台阶: bands=0, target_band_from_bottom=1, mask_px=3731, frame=259, hsv=[30, 40, 30]-[100, 255, 255][0m
[INFO] [1784186487.307214141] [upstairs_detector]: [0;33m未检测到有效上台阶: bands=0, target_band_from_bottom=1, mask_px=3702, frame=274, hsv=[30, 40, 30]-[100, 255, 255][0m
[INFO] [1784186488.307445202] [upstairs_detector]: [0;33m未检测到有效上台阶: bands=0, target_band_from_bottom=1, mask_px=3701, frame=289, hsv=[30, 40, 30]-[100, 255, 255][0m
