[INFO] [1783994226.634852760] [stairs_manager]: obstacle_manager inactive on startup: start_waypoint_index=0, stop_after_waypoint_index=0
[INFO] [1783994233.198131973] [stairs_manager]: [1;35m发布模式: 1 (下坡)[0m
[INFO] [1783994233.198696272] [stairs_manager]: [1;35m发布上坡步长滤波: False[0m
[INFO] [1783994233.199171091] [stairs_manager]: [1;35m发布路径修正profile: 1 (0=关闭, 1=普通, 2=上坡强修正, 3=强修正符号验证)[0m
[INFO] [1783994233.199828351] [stairs_manager]: obstacle_manager activated: reason=external_topic, start_waypoint_index=0, stop_after_waypoint_index=0, inherit_previous_waypoint_segment_state=False
[INFO] [1783994233.279401171] [stairs_manager]: 解析机身相对 waypoint[0]=small_ramp_entry: source=(-0.017,-0.025,0.0deg), anchor=(-0.017,-0.025,current_pose), body_offset=(forward=1.580, left=0.000), yaw_mode=delta, yaw_delta=0.0deg, ref_yaw_source=current, ref_yaw=0.0deg, target=(-0.018,1.555,0.0deg), frame=camera_init
[INFO] [1783994233.279967669] [stairs_manager]: [1;35m发布路径修正profile: 0 (0=关闭, 1=普通, 2=上坡强修正, 3=强修正符号验证)[0m
[INFO] [1783994233.280652819] [stairs_manager]: [1;36m发送直驱覆盖点[1/18](attempt=1): small_ramp_entry -> x=-0.018, y=1.555, yaw=0.0° (body_relative forward=1.580, left=0.000, yaw_mode=delta, yaw_delta=0.0°, source=(-0.017,-0.025,0.0°), anchor=(-0.017,-0.025,current_pose), ref_yaw_source=current, ref_yaw=0.0°), frame=camera_init, path_reference=/serial_path_reference, override=[1,0.800,0.800], 到点后锁存模式=0, note=下坡结束点：这一段固定发送 mode=1,left=0.8,right=0.8 下楼梯；到点后立即切回正常行走，不再额外停顿。[0m
[INFO] [1783994233.379606029] [stairs_manager]: [0;94mwaypoint=1/18 small_ramp_entry dist=1.579m, min_dist=1.574m, yaw_err=1.0deg, pose=(-0.038,-0.023), goal=(-0.018,1.555), pose_frame=camera_init, goal_frame=camera_init, line_progress=0.001/1.580m (0%), line_remaining=1.579m, line_lateral=-0.021m, override=[1,0.800,0.800][0m
[INFO] [1783994234.479215268] [stairs_manager]: [0;94mwaypoint=1/18 small_ramp_entry dist=1.358m, min_dist=1.358m, yaw_err=0.5deg, pose=(-0.029,0.198), goal=(-0.018,1.555), pose_frame=camera_init, goal_frame=camera_init, line_progress=0.222/1.580m (14%), line_remaining=1.358m, line_lateral=-0.012m, override=[1,0.800,0.800][0m
[INFO] [1783994235.479333750] [stairs_manager]: [0;94mwaypoint=1/18 small_ramp_entry dist=1.275m, min_dist=1.271m, yaw_err=0.4deg, pose=(-0.012,0.281), goal=(-0.018,1.555), pose_frame=camera_init, goal_frame=camera_init, line_progress=0.305/1.580m (19%), line_remaining=1.275m, line_lateral=0.005m, override=[1,0.800,0.800][0m
[INFO] [1783994236.579257880] [stairs_manager]: [0;94mwaypoint=1/18 small_ramp_entry dist=1.027m, min_dist=1.027m, yaw_err=1.1deg, pose=(-0.026,0.529), goal=(-0.018,1.555), pose_frame=camera_init, goal_frame=camera_init, line_progress=0.553/1.580m (35%), line_remaining=1.027m, line_lateral=-0.009m, override=[1,0.800,0.800][0m
[INFO] [1783994237.679258223] [stairs_manager]: [0;94mwaypoint=1/18 small_ramp_entry dist=0.981m, min_dist=0.981m, yaw_err=2.8deg, pose=(-0.014,0.574), goal=(-0.018,1.555), pose_frame=camera_init, goal_frame=camera_init, line_progress=0.599/1.580m (38%), line_remaining=0.981m, line_lateral=0.004m, override=[1,0.800,0.800][0m
[INFO] [1783994238.779173313] [stairs_manager]: [0;94mwaypoint=1/18 small_ramp_entry dist=0.719m, min_dist=0.719m, yaw_err=1.6deg, pose=(-0.040,0.836), goal=(-0.018,1.555), pose_frame=camera_init, goal_frame=camera_init, line_progress=0.861/1.580m (54%), line_remaining=0.719m, line_lateral=-0.023m, override=[1,0.800,0.800][0m
[INFO] [1783994239.779470855] [stairs_manager]: [0;94mwaypoint=1/18 small_ramp_entry dist=0.694m, min_dist=0.694m, yaw_err=0.5deg, pose=(-0.028,0.862), goal=(-0.018,1.555), pose_frame=camera_init, goal_frame=camera_init, line_progress=0.886/1.580m (56%), line_remaining=0.694m, line_lateral=-0.011m, override=[1,0.800,0.800][0m
[INFO] [1783994240.879139532] [stairs_manager]: [0;94mwaypoint=1/18 small_ramp_entry dist=0.454m, min_dist=0.454m, yaw_err=0.5deg, pose=(-0.012,1.101), goal=(-0.018,1.555), pose_frame=camera_init, goal_frame=camera_init, line_progress=1.126/1.580m (71%), line_remaining=0.454m, line_lateral=0.006m, override=[1,0.800,0.800][0m
[INFO] [1783994241.879614527] [stairs_manager]: [0;94mwaypoint=1/18 small_ramp_entry dist=0.381m, min_dist=0.381m, yaw_err=1.4deg, pose=(-0.020,1.174), goal=(-0.018,1.555), pose_frame=camera_init, goal_frame=camera_init, line_progress=1.199/1.580m (76%), line_remaining=0.381m, line_lateral=-0.002m, override=[1,0.800,0.800][0m
[INFO] [1783994242.979227832] [stairs_manager]: [0;94mwaypoint=1/18 small_ramp_entry dist=0.262m, min_dist=0.262m, yaw_err=4.0deg, pose=(-0.030,1.294), goal=(-0.018,1.555), pose_frame=camera_init, goal_frame=camera_init, line_progress=1.318/1.580m (83%), line_remaining=0.262m, line_lateral=-0.013m, override=[1,0.800,0.800][0m
[INFO] [1783994243.585541846] [stairs_manager]: [1;32m到点成功: waypoint[0]=small_ramp_entry, dist=0.199, min_dist=0.199, yaw_err=4.7deg, reason=distance_tolerance[0m
[INFO] [1783994243.586064117] [stairs_manager]: [1;35m发布模式: 0 (正常行走)[0m
[INFO] [1783994243.586555358] [stairs_manager]: [1;35m发布上坡步长滤波: True[0m
[INFO] [1783994243.586854726] [stairs_manager]: [1;35m发布路径修正profile: 0 (0=关闭, 1=普通, 2=上坡强修正, 3=强修正符号验证)[0m
[INFO] [1783994243.587141554] [stairs_manager]: [1;32m已到达 waypoint[0]=small_ramp_entry，切换模式为 0 (正常行走)，上坡滤波=True，路径修正profile=0，并锁存到下一个 waypoint。[0m
[INFO] [1783994243.587898343] [stairs_manager]: [1;35m发布模式: 0 (正常行走)[0m
[INFO] [1783994243.588182970] [stairs_manager]: [1;35m发布上坡步长滤波: False[0m
[INFO] [1783994243.588464694] [stairs_manager]: [1;35m发布路径修正profile: 0 (0=关闭, 1=普通, 2=上坡强修正, 3=强修正符号验证)[0m
[INFO] [1783994243.588774287] [stairs_manager]: [1;32m全部 waypoint 已完成，恢复为 mode=0，流程结束。[0m
[INFO] [1783994243.632232961] [stairs_manager]: obstacle_manager deactivated: reason=external_topic
