[INFO] [1783994226.708099223] [nav_executor]: NavExecutor 运行在 pose_controller 模式： goal=/goal_pose, pose=/Odometry, cmd_vel=/race_cmd_vel
[INFO] [1783994248.143746528] [nav_executor]: [1;36m收到导航目标: x=-0.009, y=3.536, frame=camera_init, backend=pose_controller[0m
[INFO] [1783994248.231927013] [nav_executor]: [0;94mpose_controller: dist=1.788m, pose=(-0.049,1.749), active=True[0m
[INFO] [1783994250.232966169] [nav_executor]: [0;94mpose_controller: dist=1.264m, pose=(-0.038,2.272), active=True[0m
[INFO] [1783994252.431995312] [nav_executor]: [0;94mpose_controller: dist=0.417m, pose=(0.001,3.119), active=True[0m
[INFO] [1783994254.631847857] [nav_executor]: [0;94mpose_controller: dist=0.296m, pose=(-0.083,3.249), active=True[0m
[INFO] [1783994256.634015830] [nav_executor]: [0;94mpose_controller: dist=0.348m, pose=(-0.237,3.273), active=True[0m
[INFO] [1783994258.833379251] [nav_executor]: [0;94mpose_controller: dist=0.360m, pose=(-0.257,3.275), active=True[0m
[INFO] [1783994261.032772655] [nav_executor]: [0;94mpose_controller: dist=0.392m, pose=(-0.293,3.266), active=True[0m
[INFO] [1783994263.231744405] [nav_executor]: [0;94mpose_controller: dist=0.571m, pose=(-0.510,3.263), active=True[0m
[INFO] [1783994265.431889879] [nav_executor]: [0;94mpose_controller: dist=0.875m, pose=(-0.834,3.247), active=True[0m
[INFO] [1783994267.431960066] [nav_executor]: [0;94mpose_controller: dist=1.139m, pose=(-1.112,3.254), active=True[0m
[INFO] [1783994269.631917745] [nav_executor]: [0;94mpose_controller: dist=1.471m, pose=(-1.445,3.221), active=True[0m
[INFO] [1783994271.632006308] [nav_executor]: [0;94mpose_controller: dist=1.681m, pose=(-1.661,3.228), active=True[0m
[INFO] [1783994273.831640072] [nav_executor]: [0;94mpose_controller: dist=1.998m, pose=(-1.984,3.238), active=True[0m
[INFO] [1783994275.831938454] [nav_executor]: [0;94mpose_controller: dist=2.277m, pose=(-2.265,3.237), active=True[0m
[INFO] [1783994277.833136759] [nav_executor]: [0;94mpose_controller: dist=2.512m, pose=(-2.499,3.213), active=True[0m
[INFO] [1783994280.032340285] [nav_executor]: [0;94mpose_controller: dist=2.843m, pose=(-2.836,3.238), active=True[0m
[INFO] [1783994282.232201432] [nav_executor]: [0;94mpose_controller: dist=3.068m, pose=(-3.063,3.244), active=True[0m
[INFO] [1783994284.232073473] [nav_executor]: [0;94mpose_controller: dist=3.268m, pose=(-3.259,3.194), active=True[0m
[INFO] [1783994286.232262556] [nav_executor]: [0;94mpose_controller: dist=3.490m, pose=(-3.483,3.207), active=True[0m
[INFO] [1783994288.232654616] [nav_executor]: [0;94mpose_controller: dist=3.730m, pose=(-3.726,3.229), active=True[0m
[INFO] [1783994290.431952511] [nav_executor]: [0;94mpose_controller: dist=4.011m, pose=(-4.006,3.207), active=True[0m
[INFO] [1783994292.432414083] [nav_executor]: [0;94mpose_controller: dist=4.240m, pose=(-4.235,3.199), active=True[0m
[INFO] [1783994294.631735474] [nav_executor]: [0;94mpose_controller: dist=4.161m, pose=(-4.157,3.211), active=True[0m
[INFO] [1783994296.631928958] [nav_executor]: [0;94mpose_controller: dist=4.162m, pose=(-4.157,3.198), active=True[0m
[INFO] [1783994298.831651635] [nav_executor]: [0;94mpose_controller: dist=4.104m, pose=(-4.087,3.081), active=True[0m
[INFO] [1783994300.831916325] [nav_executor]: [0;94mpose_controller: dist=4.165m, pose=(-4.052,2.537), active=True[0m
[INFO] [1783994303.031666158] [nav_executor]: [0;94mpose_controller: dist=4.380m, pose=(-3.897,1.519), active=True[0m
[INFO] [1783994305.231924389] [nav_executor]: [0;94mpose_controller: dist=4.574m, pose=(-4.455,2.462), active=True[0m
[INFO] [1783994307.431915565] [nav_executor]: [0;94mpose_controller: dist=4.181m, pose=(-4.151,2.976), active=True[0m
[INFO] [1783994309.631859005] [nav_executor]: [0;94mpose_controller: dist=4.174m, pose=(-4.161,3.116), active=True[0m
[INFO] [1783994311.831696558] [nav_executor]: [0;94mpose_controller: dist=4.198m, pose=(-4.184,3.099), active=True[0m
[INFO] [1783994314.031893830] [nav_executor]: [0;94mpose_controller: dist=4.216m, pose=(-4.201,3.090), active=True[0m
[INFO] [1783994316.031891561] [nav_executor]: [0;94mpose_controller: dist=4.225m, pose=(-4.210,3.096), active=True[0m
[INFO] [1783994318.032059545] [nav_executor]: [0;94mpose_controller: dist=4.246m, pose=(-4.231,3.094), active=True[0m
[INFO] [1783994320.231607939] [nav_executor]: [0;94mpose_controller: dist=4.226m, pose=(-4.212,3.100), active=True[0m
[INFO] [1783994322.231688798] [nav_executor]: [0;94mpose_controller: dist=4.219m, pose=(-4.205,3.096), active=True[0m
[INFO] [1783994324.231780132] [nav_executor]: [0;94mpose_controller: dist=4.197m, pose=(-4.180,3.081), active=True[0m
[INFO] [1783994326.431749424] [nav_executor]: [0;94mpose_controller: dist=4.190m, pose=(-4.177,3.111), active=True[0m
[INFO] [1783994328.431932717] [nav_executor]: [0;94mpose_controller: dist=4.163m, pose=(-4.149,3.102), active=True[0m
[INFO] [1783994330.431963530] [nav_executor]: [0;94mpose_controller: dist=4.194m, pose=(-4.164,2.963), active=True[0m
[INFO] [1783994332.631690301] [nav_executor]: [0;94mpose_controller: dist=4.682m, pose=(-4.150,1.352), active=True[0m
[INFO] [1783994334.831666061] [nav_executor]: [0;94mpose_controller: dist=5.220m, pose=(-4.047,0.228), active=True[0m
[INFO] [1783994336.831850280] [nav_executor]: [0;94mpose_controller: dist=5.419m, pose=(-3.919,-0.216), active=True[0m
[INFO] [1783994339.031640295] [nav_executor]: [0;94mpose_controller: dist=5.012m, pose=(-2.946,-0.524), active=True[0m
[INFO] [1783994341.031924192] [nav_executor]: [0;94mpose_controller: dist=5.056m, pose=(-2.823,-0.664), active=True[0m
[INFO] [1783994343.032477700] [nav_executor]: [0;94mpose_controller: dist=5.903m, pose=(-2.891,-1.616), active=True[0m
[INFO] [1783994345.232132276] [nav_executor]: [0;94mpose_controller: dist=6.220m, pose=(-3.080,-1.873), active=True[0m
[INFO] [1783994347.431936111] [nav_executor]: [0;94mpose_controller: dist=6.231m, pose=(-3.173,-1.832), active=True[0m
[INFO] [1783994349.631883016] [nav_executor]: [0;94mpose_controller: dist=6.083m, pose=(-3.288,-1.587), active=True[0m
[INFO] [1783994351.631932794] [nav_executor]: [0;94mpose_controller: dist=6.072m, pose=(-2.920,-1.792), active=True[0m
[INFO] [1783994353.831876253] [nav_executor]: [0;94mpose_controller: dist=6.536m, pose=(-2.552,-2.484), active=True[0m
[INFO] [1783994356.031817059] [nav_executor]: [0;94mpose_controller: dist=7.440m, pose=(-3.144,-3.211), active=True[0m
[INFO] [1783994358.031918442] [nav_executor]: [0;94mpose_controller: dist=8.962m, pose=(-4.377,-4.289), active=True[0m
[INFO] [1783994360.232006884] [nav_executor]: [0;94mpose_controller: dist=8.987m, pose=(-4.340,-4.338), active=True[0m
[INFO] [1783994362.432348800] [nav_executor]: [0;94mpose_controller: dist=8.851m, pose=(-4.235,-4.240), active=True[0m
[INFO] [1783994364.631901494] [nav_executor]: [0;94mpose_controller: dist=8.788m, pose=(-3.986,-4.300), active=True[0m
[INFO] [1783994366.632739924] [nav_executor]: [0;94mpose_controller: dist=8.794m, pose=(-4.039,-4.280), active=True[0m
[INFO] [1783994368.832135221] [nav_executor]: [0;94mpose_controller: dist=9.479m, pose=(-4.246,-4.943), active=True[0m
[INFO] [1783994371.031801334] [nav_executor]: [0;94mpose_controller: dist=9.638m, pose=(-4.259,-5.114), active=True[0m
[INFO] [1783994373.231693018] [nav_executor]: [0;94mpose_controller: dist=9.886m, pose=(-4.254,-5.391), active=True[0m
[INFO] [1783994375.233580703] [nav_executor]: [0;94mpose_controller: dist=10.081m, pose=(-4.245,-5.611), active=True[0m
[INFO] [1783994377.432069240] [nav_executor]: [0;94mpose_controller: dist=10.375m, pose=(-4.290,-5.914), active=True[0m
[INFO] [1783994379.431918991] [nav_executor]: [0;94mpose_controller: dist=10.621m, pose=(-4.316,-6.173), active=True[0m
[INFO] [1783994381.431979383] [nav_executor]: [0;94mpose_controller: dist=10.684m, pose=(-4.292,-6.251), active=True[0m
[INFO] [1783994383.631817393] [nav_executor]: [0;94mpose_controller: dist=10.571m, pose=(-4.118,-6.203), active=True[0m
[INFO] [1783994385.831941113] [nav_executor]: [0;94mpose_controller: dist=10.673m, pose=(-3.915,-6.396), active=True[0m
[INFO] [1783994387.831930951] [nav_executor]: [0;94mpose_controller: dist=10.959m, pose=(-3.934,-6.696), active=True[0m
[INFO] [1783994390.031769585] [nav_executor]: [0;94mpose_controller: dist=12.005m, pose=(-4.014,-7.781), active=True[0m
[INFO] [1783994392.231766874] [nav_executor]: [0;94mpose_controller: dist=12.491m, pose=(-4.049,-8.283), active=True[0m
[INFO] [1783994394.431892069] [nav_executor]: [0;94mpose_controller: dist=12.564m, pose=(-3.996,-8.379), active=True[0m
[INFO] [1783994396.431932411] [nav_executor]: [0;94mpose_controller: dist=12.835m, pose=(-3.814,-8.722), active=True[0m
[INFO] [1783994398.631815904] [nav_executor]: [0;94mpose_controller: dist=12.912m, pose=(-3.559,-8.878), active=True[0m
[INFO] [1783994400.631834424] [nav_executor]: [0;94mpose_controller: dist=12.854m, pose=(-3.474,-8.842), active=True[0m
[INFO] [1783994402.831701239] [nav_executor]: [0;94mpose_controller: dist=12.830m, pose=(-3.276,-8.870), active=True[0m
[INFO] [1783994404.832018595] [nav_executor]: [0;94mpose_controller: dist=12.680m, pose=(-2.875,-8.816), active=True[0m
[INFO] [1783994407.031930934] [nav_executor]: [0;94mpose_controller: dist=12.682m, pose=(-2.847,-8.824), active=True[0m
[INFO] [1783994409.231873774] [nav_executor]: [0;94mpose_controller: dist=12.682m, pose=(-2.835,-8.827), active=True[0m
[INFO] [1783994411.231926836] [nav_executor]: [0;94mpose_controller: dist=12.641m, pose=(-2.815,-8.789), active=True[0m
[INFO] [1783994413.431871244] [nav_executor]: [0;94mpose_controller: dist=12.560m, pose=(-2.345,-8.805), active=True[0m
[INFO] [1783994415.431955942] [nav_executor]: [0;94mpose_controller: dist=12.502m, pose=(-2.106,-8.789), active=True[0m
[INFO] [1783994415.799968041] [nav_executor]: 导航执行结束，reason=arrival_confirmed
[INFO] [1783994417.631792525] [nav_executor]: [0;94mpose_controller: dist=12.508m, pose=(-2.077,-8.800), active=False[0m
[INFO] [1783994419.831946420] [nav_executor]: [0;94mpose_controller: dist=12.597m, pose=(-2.096,-8.886), active=False[0m
[INFO] [1783994422.031873220] [nav_executor]: [0;94mpose_controller: dist=12.672m, pose=(-2.157,-8.952), active=False[0m
[INFO] [1783994424.232460976] [nav_executor]: [0;94mpose_controller: dist=12.738m, pose=(-2.045,-9.038), active=False[0m
[INFO] [1783994426.431882757] [nav_executor]: [0;94mpose_controller: dist=12.602m, pose=(-2.000,-8.907), active=False[0m
[INFO] [1783994428.431805648] [nav_executor]: [0;94mpose_controller: dist=12.586m, pose=(-1.870,-8.911), active=False[0m
[INFO] [1783994430.203272918] [nav_executor]: [1;36m收到导航目标: x=-1.180, y=-8.332, frame=camera_init, backend=pose_controller[0m
[INFO] [1783994430.431909282] [nav_executor]: [0;94mpose_controller: dist=0.760m, pose=(-1.804,-8.766), active=True[0m
[INFO] [1783994431.403002596] [nav_executor]: 导航执行结束，reason=arrival_confirmed
[INFO] [1783994432.631678020] [nav_executor]: [0;94mpose_controller: dist=0.323m, pose=(-0.874,-8.228), active=False[0m
[INFO] [1783994433.703192681] [nav_executor]: [1;36m收到导航目标: x=-0.536, y=-9.404, frame=camera_init, backend=pose_controller[0m
[INFO] [1783994434.631933118] [nav_executor]: [0;94mpose_controller: dist=0.694m, pose=(-0.618,-8.714), active=True[0m
[INFO] [1783994435.203462556] [nav_executor]: 导航执行结束，reason=arrival_confirmed
[INFO] [1783994436.631912548] [nav_executor]: [0;94mpose_controller: dist=0.526m, pose=(-0.013,-9.347), active=False[0m
[INFO] [1783994437.403984062] [nav_executor]: [1;36m收到导航目标: x=0.392, y=-8.778, frame=camera_init, backend=pose_controller[0m
[INFO] [1783994438.303209808] [nav_executor]: 导航执行结束，reason=arrival_confirmed
[INFO] [1783994438.832497687] [nav_executor]: [0;94mpose_controller: dist=0.111m, pose=(0.482,-8.843), active=False[0m
[INFO] [1783994440.603173479] [nav_executor]: [1;36m收到导航目标: x=-0.791, y=-8.067, frame=camera_init, backend=pose_controller[0m
[INFO] [1783994441.032074340] [nav_executor]: [0;94mpose_controller: dist=1.145m, pose=(0.258,-8.526), active=True[0m
[INFO] [1783994442.304265594] [nav_executor]: 导航执行结束，reason=arrival_confirmed
[INFO] [1783994443.031954251] [nav_executor]: [0;94mpose_controller: dist=0.270m, pose=(-0.874,-7.810), active=False[0m
[INFO] [1783994444.703567898] [nav_executor]: [1;36m收到导航目标: x=0.173, y=-7.005, frame=camera_init, backend=pose_controller[0m
[INFO] [1783994445.232062462] [nav_executor]: [0;94mpose_controller: dist=0.837m, pose=(-0.530,-7.461), active=True[0m
[INFO] [1783994446.103939511] [nav_executor]: 导航执行结束，reason=arrival_confirmed
[INFO] [1783994447.234160365] [nav_executor]: [0;94mpose_controller: dist=0.345m, pose=(0.322,-6.694), active=False[0m
[INFO] [1783994448.305173699] [nav_executor]: [1;36m收到导航目标: x=-0.273, y=-6.559, frame=camera_init, backend=pose_controller[0m
[INFO] [1783994448.904504741] [nav_executor]: 导航执行结束，reason=arrival_confirmed
[INFO] [1783994449.431939857] [nav_executor]: [0;94mpose_controller: dist=0.191m, pose=(-0.205,-6.381), active=False[0m
[INFO] [1783994451.631936562] [nav_executor]: [0;94mpose_controller: dist=0.894m, pose=(-0.054,-5.693), active=False[0m
[INFO] [1783994453.831623143] [nav_executor]: [0;94mpose_controller: dist=1.412m, pose=(-0.035,-5.167), active=False[0m
[INFO] [1783994455.831668731] [nav_executor]: [0;94mpose_controller: dist=2.147m, pose=(-0.033,-4.426), active=False[0m
[INFO] [1783994458.031588008] [nav_executor]: [0;94mpose_controller: dist=3.314m, pose=(-0.080,-3.251), active=False[0m
[INFO] [1783994460.031928120] [nav_executor]: [0;94mpose_controller: dist=3.484m, pose=(-0.073,-3.081), active=False[0m
[INFO] [1783994462.031895889] [nav_executor]: [0;94mpose_controller: dist=3.421m, pose=(-0.035,-3.147), active=False[0m
[INFO] [1783994464.231995267] [nav_executor]: [0;94mpose_controller: dist=3.398m, pose=(0.079,-3.180), active=False[0m
[INFO] [1783994466.231913060] [nav_executor]: [0;94mpose_controller: dist=3.510m, pose=(0.131,-3.073), active=False[0m
[INFO] [1783994468.431638175] [nav_executor]: [0;94mpose_controller: dist=3.732m, pose=(0.010,-2.838), active=False[0m
[INFO] [1783994470.431951888] [nav_executor]: [0;94mpose_controller: dist=4.459m, pose=(0.000,-2.109), active=False[0m
[INFO] [1783994472.631826545] [nav_executor]: [0;94mpose_controller: dist=5.172m, pose=(0.002,-1.394), active=False[0m
[INFO] [1783994474.632031430] [nav_executor]: [0;94mpose_controller: dist=5.503m, pose=(-0.027,-1.062), active=False[0m
[INFO] [1783994476.832073544] [nav_executor]: [0;94mpose_controller: dist=6.003m, pose=(-0.187,-0.557), active=False[0m
[INFO] [1783994479.031690084] [nav_executor]: [0;94mpose_controller: dist=5.992m, pose=(-0.160,-0.568), active=False[0m
[INFO] [1783994481.031695891] [nav_executor]: [0;94mpose_controller: dist=5.805m, pose=(0.269,-0.780), active=False[0m
[INFO] [1783994483.031998717] [nav_executor]: [0;94mpose_controller: dist=6.113m, pose=(1.513,-0.713), active=False[0m
[INFO] [1783994485.231942006] [nav_executor]: [0;94mpose_controller: dist=6.193m, pose=(1.682,-0.683), active=False[0m
[INFO] [1783994487.231920012] [nav_executor]: [0;94mpose_controller: dist=6.177m, pose=(1.662,-0.693), active=False[0m
[INFO] [1783994489.432012342] [nav_executor]: [0;94mpose_controller: dist=6.182m, pose=(1.657,-0.687), active=False[0m
[INFO] [1783994491.631690886] [nav_executor]: [0;94mpose_controller: dist=6.187m, pose=(1.665,-0.684), active=False[0m
[INFO] [1783994493.831612372] [nav_executor]: [0;94mpose_controller: dist=6.179m, pose=(1.656,-0.689), active=False[0m
[INFO] [1783994495.832042712] [nav_executor]: [0;94mpose_controller: dist=6.172m, pose=(1.652,-0.695), active=False[0m
[INFO] [1783994498.032659624] [nav_executor]: [0;94mpose_controller: dist=6.173m, pose=(1.663,-0.698), active=False[0m
[INFO] [1783994500.231720267] [nav_executor]: [0;94mpose_controller: dist=6.154m, pose=(1.671,-0.720), active=False[0m
[INFO] [1783994502.231858837] [nav_executor]: [0;94mpose_controller: dist=6.169m, pose=(1.655,-0.699), active=False[0m
[INFO] [1783994504.232102250] [nav_executor]: [0;94mpose_controller: dist=6.182m, pose=(1.662,-0.688), active=False[0m
[INFO] [1783994506.431766790] [nav_executor]: [0;94mpose_controller: dist=6.176m, pose=(1.660,-0.693), active=False[0m
[INFO] [1783994508.632225387] [nav_executor]: [0;94mpose_controller: dist=6.188m, pose=(1.672,-0.685), active=False[0m
[INFO] [1783994510.831967037] [nav_executor]: [0;94mpose_controller: dist=6.189m, pose=(1.664,-0.681), active=False[0m
[INFO] [1783994513.031715153] [nav_executor]: [0;94mpose_controller: dist=6.190m, pose=(1.685,-0.687), active=False[0m
[INFO] [1783994515.032151273] [nav_executor]: [0;94mpose_controller: dist=6.179m, pose=(1.660,-0.691), active=False[0m
[INFO] [1783994517.231743138] [nav_executor]: [0;94mpose_controller: dist=6.184m, pose=(1.661,-0.686), active=False[0m
[INFO] [1783994519.432623586] [nav_executor]: [0;94mpose_controller: dist=6.189m, pose=(1.667,-0.682), active=False[0m
[INFO] [1783994521.633945921] [nav_executor]: [0;94mpose_controller: dist=6.173m, pose=(1.670,-0.700), active=False[0m
[INFO] [1783994523.831966873] [nav_executor]: [0;94mpose_controller: dist=6.176m, pose=(1.666,-0.695), active=False[0m
[INFO] [1783994525.832928823] [nav_executor]: [0;94mpose_controller: dist=6.171m, pose=(1.652,-0.696), active=False[0m
[INFO] [1783994528.032611009] [nav_executor]: [0;94mpose_controller: dist=6.181m, pose=(1.665,-0.690), active=False[0m
[INFO] [1783994530.232032780] [nav_executor]: [0;94mpose_controller: dist=6.173m, pose=(1.679,-0.703), active=False[0m
[INFO] [1783994532.232224130] [nav_executor]: [0;94mpose_controller: dist=6.177m, pose=(1.657,-0.691), active=False[0m
[INFO] [1783994534.232573178] [nav_executor]: [0;94mpose_controller: dist=6.178m, pose=(1.664,-0.693), active=False[0m
[INFO] [1783994536.431942941] [nav_executor]: [0;94mpose_controller: dist=6.176m, pose=(1.654,-0.692), active=False[0m
[INFO] [1783994538.632214424] [nav_executor]: [0;94mpose_controller: dist=6.164m, pose=(1.666,-0.708), active=False[0m
[INFO] [1783994540.831942695] [nav_executor]: [0;94mpose_controller: dist=6.174m, pose=(1.662,-0.696), active=False[0m
[INFO] [1783994543.031802037] [nav_executor]: [0;94mpose_controller: dist=6.185m, pose=(1.662,-0.685), active=False[0m
[INFO] [1783994545.031916864] [nav_executor]: [0;94mpose_controller: dist=6.186m, pose=(1.661,-0.684), active=False[0m
[INFO] [1783994547.033588437] [nav_executor]: [0;94mpose_controller: dist=6.166m, pose=(1.674,-0.709), active=False[0m
[INFO] [1783994549.231943460] [nav_executor]: [0;94mpose_controller: dist=6.181m, pose=(1.667,-0.691), active=False[0m
[INFO] [1783994551.232100230] [nav_executor]: [0;94mpose_controller: dist=6.188m, pose=(1.650,-0.678), active=False[0m
[INFO] [1783994553.232360906] [nav_executor]: [0;94mpose_controller: dist=6.176m, pose=(1.646,-0.689), active=False[0m
[INFO] [1783994555.432901721] [nav_executor]: [0;94mpose_controller: dist=6.174m, pose=(1.657,-0.695), active=False[0m
[INFO] [1783994557.631683700] [nav_executor]: [0;94mpose_controller: dist=6.165m, pose=(1.648,-0.702), active=False[0m
[INFO] [1783994559.631973027] [nav_executor]: [0;94mpose_controller: dist=6.179m, pose=(1.664,-0.692), active=False[0m
[INFO] [1783994561.831959682] [nav_executor]: [0;94mpose_controller: dist=6.181m, pose=(1.667,-0.691), active=False[0m
[INFO] [1783994563.832223617] [nav_executor]: [0;94mpose_controller: dist=6.177m, pose=(1.668,-0.695), active=False[0m
[INFO] [1783994566.031973649] [nav_executor]: [0;94mpose_controller: dist=6.176m, pose=(1.657,-0.693), active=False[0m
[INFO] [1783994568.231852244] [nav_executor]: [0;94mpose_controller: dist=6.198m, pose=(1.665,-0.672), active=False[0m
[INFO] [1783994570.232389716] [nav_executor]: [0;94mpose_controller: dist=6.187m, pose=(1.673,-0.686), active=False[0m
[INFO] [1783994572.431780161] [nav_executor]: [0;94mpose_controller: dist=6.175m, pose=(1.672,-0.699), active=False[0m
[INFO] [1783994574.631871048] [nav_executor]: [0;94mpose_controller: dist=6.178m, pose=(1.665,-0.693), active=False[0m
[INFO] [1783994576.631845295] [nav_executor]: [0;94mpose_controller: dist=6.171m, pose=(1.669,-0.702), active=False[0m
[INFO] [1783994578.631973220] [nav_executor]: [0;94mpose_controller: dist=6.172m, pose=(1.658,-0.697), active=False[0m
[INFO] [1783994580.831922395] [nav_executor]: [0;94mpose_controller: dist=6.191m, pose=(1.667,-0.680), active=False[0m
[INFO] [1783994582.832291386] [nav_executor]: [0;94mpose_controller: dist=6.187m, pose=(1.652,-0.680), active=False[0m
[INFO] [1783994584.832713297] [nav_executor]: [0;94mpose_controller: dist=6.190m, pose=(1.666,-0.680), active=False[0m
[INFO] [1783994587.032054919] [nav_executor]: [0;94mpose_controller: dist=6.182m, pose=(1.659,-0.687), active=False[0m
[INFO] [1783994589.032098417] [nav_executor]: [0;94mpose_controller: dist=6.173m, pose=(1.663,-0.698), active=False[0m
[INFO] [1783994591.032417329] [nav_executor]: [0;94mpose_controller: dist=6.190m, pose=(1.674,-0.683), active=False[0m
[INFO] [1783994593.231991781] [nav_executor]: [0;94mpose_controller: dist=6.189m, pose=(1.659,-0.680), active=False[0m
[INFO] [1783994595.431809098] [nav_executor]: [0;94mpose_controller: dist=6.183m, pose=(1.661,-0.687), active=False[0m
[INFO] [1783994597.631770637] [nav_executor]: [0;94mpose_controller: dist=6.192m, pose=(1.657,-0.676), active=False[0m
[INFO] [1783994599.631970543] [nav_executor]: [0;94mpose_controller: dist=6.186m, pose=(1.657,-0.682), active=False[0m
[INFO] [1783994601.832109220] [nav_executor]: [0;94mpose_controller: dist=6.195m, pose=(1.657,-0.672), active=False[0m
[INFO] [1783994603.833811711] [nav_executor]: [0;94mpose_controller: dist=6.190m, pose=(1.660,-0.679), active=False[0m
[INFO] [1783994606.031843489] [nav_executor]: [0;94mpose_controller: dist=6.206m, pose=(1.654,-0.660), active=False[0m
[INFO] [1783994608.032131173] [nav_executor]: [0;94mpose_controller: dist=6.191m, pose=(1.653,-0.676), active=False[0m
[INFO] [1783994610.232396454] [nav_executor]: [0;94mpose_controller: dist=6.196m, pose=(1.650,-0.669), active=False[0m
[INFO] [1783994612.432313912] [nav_executor]: [0;94mpose_controller: dist=6.183m, pose=(1.667,-0.689), active=False[0m
[INFO] [1783994614.432824226] [nav_executor]: [0;94mpose_controller: dist=6.179m, pose=(1.661,-0.690), active=False[0m
[INFO] [1783994616.632290802] [nav_executor]: [0;94mpose_controller: dist=6.190m, pose=(1.649,-0.675), active=False[0m
[INFO] [1783994618.633685008] [nav_executor]: [0;94mpose_controller: dist=6.198m, pose=(1.660,-0.670), active=False[0m
[INFO] [1783994620.832005600] [nav_executor]: [0;94mpose_controller: dist=6.177m, pose=(1.651,-0.689), active=False[0m
[INFO] [1783994623.031982981] [nav_executor]: [0;94mpose_controller: dist=6.163m, pose=(1.659,-0.707), active=False[0m
[INFO] [1783994625.032588125] [nav_executor]: [0;94mpose_controller: dist=6.180m, pose=(1.662,-0.690), active=False[0m
[INFO] [1783994627.231812453] [nav_executor]: [0;94mpose_controller: dist=6.176m, pose=(1.645,-0.689), active=False[0m
[INFO] [1783994629.232269313] [nav_executor]: [0;94mpose_controller: dist=6.185m, pose=(1.650,-0.681), active=False[0m
[INFO] [1783994631.432800459] [nav_executor]: [0;94mpose_controller: dist=6.187m, pose=(1.663,-0.683), active=False[0m
[INFO] [1783994633.631924744] [nav_executor]: [0;94mpose_controller: dist=6.184m, pose=(1.661,-0.686), active=False[0m
[INFO] [1783994635.631985374] [nav_executor]: [0;94mpose_controller: dist=6.199m, pose=(1.662,-0.671), active=False[0m
[INFO] [1783994637.631863861] [nav_executor]: [0;94mpose_controller: dist=6.190m, pose=(1.674,-0.684), active=False[0m
[INFO] [1783994639.631902219] [nav_executor]: [0;94mpose_controller: dist=6.194m, pose=(1.651,-0.672), active=False[0m
[INFO] [1783994641.831919639] [nav_executor]: [0;94mpose_controller: dist=6.192m, pose=(1.647,-0.672), active=False[0m
[INFO] [1783994643.831946679] [nav_executor]: [0;94mpose_controller: dist=6.190m, pose=(1.659,-0.678), active=False[0m
[INFO] [1783994645.832698554] [nav_executor]: [0;94mpose_controller: dist=6.187m, pose=(1.652,-0.679), active=False[0m
[INFO] [1783994648.032391548] [nav_executor]: [0;94mpose_controller: dist=6.195m, pose=(1.664,-0.675), active=False[0m
[INFO] [1783994650.231909490] [nav_executor]: [0;94mpose_controller: dist=6.191m, pose=(1.648,-0.674), active=False[0m
[INFO] [1783994652.232139851] [nav_executor]: [0;94mpose_controller: dist=6.193m, pose=(1.658,-0.675), active=False[0m
[INFO] [1783994654.431930053] [nav_executor]: [0;94mpose_controller: dist=6.189m, pose=(1.661,-0.680), active=False[0m
[INFO] [1783994656.632225822] [nav_executor]: [0;94mpose_controller: dist=6.178m, pose=(1.659,-0.691), active=False[0m
[INFO] [1783994658.635811001] [nav_executor]: [0;94mpose_controller: dist=6.189m, pose=(1.696,-0.692), active=False[0m
[INFO] [1783994660.831986681] [nav_executor]: [0;94mpose_controller: dist=6.189m, pose=(1.658,-0.679), active=False[0m
[INFO] [1783994663.031726870] [nav_executor]: [0;94mpose_controller: dist=6.189m, pose=(1.658,-0.679), active=False[0m
[INFO] [1783994665.031927032] [nav_executor]: [0;94mpose_controller: dist=6.189m, pose=(1.658,-0.679), active=False[0m
[INFO] [1783994667.231900361] [nav_executor]: [0;94mpose_controller: dist=6.189m, pose=(1.658,-0.679), active=False[0m
[INFO] [1783994669.232120675] [nav_executor]: [0;94mpose_controller: dist=6.189m, pose=(1.658,-0.679), active=False[0m
[INFO] [1783994671.431937574] [nav_executor]: [0;94mpose_controller: dist=6.189m, pose=(1.658,-0.679), active=False[0m
[INFO] [1783994673.631707447] [nav_executor]: [0;94mpose_controller: dist=6.189m, pose=(1.658,-0.679), active=False[0m
[INFO] [1783994675.831660547] [nav_executor]: [0;94mpose_controller: dist=6.189m, pose=(1.658,-0.679), active=False[0m
[INFO] [1783994677.831693137] [nav_executor]: [0;94mpose_controller: dist=6.189m, pose=(1.658,-0.679), active=False[0m
