[INFO] [1783728916.598953516] [orange_hurdle_jump_test]: state=DETECTOR_ONLY
[INFO] [1783728916.599525835] [orange_hurdle_jump_test]: orange_hurdle_jump_test started: color=/camera/color/image_raw, depth=/camera/aligned_depth_to_color/image_raw, detector_only=True, serial=/dev/ttyUSB0@115200, trigger_distance=0.58m, walk=[0,1.000,1.000], stand=[0,0.000,0.000], jump=[4,0.000,0.000]
[INFO] [1783728916.719018441] [orange_hurdle_jump_test]: [1;95m触发状态更新: trigger=True[0m
[INFO] [1783728916.722016509] [orange_hurdle_jump_test]: [1;34m最近横栏: dist=0.186m, lateral=-0.001m, vertical=0.003m, pixel=(211.2,122.0), box=424x240, depth_px=209, candidates=1, trigger=True[0m
[INFO] [1783728916.925322502] [orange_hurdle_jump_test]: [1;34m最近横栏: dist=0.185m, lateral=-0.001m, vertical=0.001m, pixel=(211.3,118.7), box=424x240, depth_px=612, candidates=1, trigger=True[0m
[INFO] [1783728917.128835335] [orange_hurdle_jump_test]: [1;34m最近横栏: dist=0.186m, lateral=-0.001m, vertical=0.001m, pixel=(211.6,118.8), box=424x240, depth_px=673, candidates=1, trigger=True[0m
[INFO] [1783728917.394274533] [orange_hurdle_jump_test]: [1;34m最近横栏: dist=0.185m, lateral=-0.001m, vertical=0.001m, pixel=(211.8,119.2), box=424x240, depth_px=689, candidates=1, trigger=True[0m
[INFO] [1783728917.592962004] [orange_hurdle_jump_test]: [1;34m最近横栏: dist=0.186m, lateral=-0.002m, vertical=0.002m, pixel=(210.4,119.5), box=424x240, depth_px=696, candidates=1, trigger=True[0m
[INFO] [1783728917.859322399] [orange_hurdle_jump_test]: [1;34m最近横栏: dist=0.186m, lateral=-0.003m, vertical=0.002m, pixel=(208.2,120.2), box=424x240, depth_px=691, candidates=1, trigger=True[0m
[INFO] [1783728918.127387812] [orange_hurdle_jump_test]: [1;34m最近横栏: dist=0.186m, lateral=-0.002m, vertical=0.004m, pixel=(210.4,124.0), box=424x240, depth_px=705, candidates=1, trigger=True[0m
[INFO] [1783728918.395766971] [orange_hurdle_jump_test]: [1;34m最近横栏: dist=0.186m, lateral=0.004m, vertical=0.013m, pixel=(220.5,138.4), box=424x240, depth_px=594, candidates=1, trigger=True[0m
[INFO] [1783728918.659580130] [orange_hurdle_jump_test]: [1;34m最近横栏: dist=0.186m, lateral=-0.058m, vertical=0.050m, pixel=(119.7,198.5), box=242x112, depth_px=508, candidates=1, trigger=True[0m
[INFO] [1783728918.926752415] [orange_hurdle_jump_test]: [1;34m最近横栏: dist=0.185m, lateral=-0.063m, vertical=0.052m, pixel=(110.0,202.1), box=237x106, depth_px=480, candidates=1, trigger=True[0m
[INFO] [1783728919.126239948] [orange_hurdle_jump_test]: [1;34m最近横栏: dist=0.184m, lateral=-0.071m, vertical=0.052m, pixel=(96.5,203.2), box=221x106, depth_px=398, candidates=1, trigger=True[0m
[INFO] [1783728919.327989232] [orange_hurdle_jump_test]: [1;34m最近横栏: dist=0.183m, lateral=-0.071m, vertical=0.053m, pixel=(96.1,204.1), box=214x105, depth_px=354, candidates=1, trigger=True[0m
[INFO] [1783728919.593812624] [orange_hurdle_jump_test]: [1;34m最近横栏: dist=0.184m, lateral=-0.065m, vertical=0.054m, pixel=(106.4,205.3), box=220x104, depth_px=263, candidates=1, trigger=True[0m
[INFO] [1783728919.795868486] [orange_hurdle_jump_test]: [1;34m最近横栏: dist=0.184m, lateral=-0.065m, vertical=0.056m, pixel=(106.2,208.7), box=210x72, depth_px=77, candidates=1, trigger=True[0m
[INFO] [1783728920.060161794] [orange_hurdle_jump_test]: [1;34m最近横栏: dist=0.184m, lateral=-0.076m, vertical=0.053m, pixel=(88.8,204.7), box=144x73, depth_px=27, candidates=1, trigger=True[0m
[INFO] [1783728920.192475735] [orange_hurdle_jump_test]: [1;95m触发状态更新: trigger=False[0m
[INFO] [1783728920.260340403] [orange_hurdle_jump_test]: [0;33m未检测到有效橘色横栏: candidates=0, frame=55, mask_px=9969, contours=14, largest=area:4014,box:142x72,aspect:1.97,reject:depth_px:11, hsv_lower=[28, 40, 35], hsv_upper=[95, 255, 255][0m
[INFO] [1783728920.327631869] [orange_hurdle_jump_test]: [1;95m触发状态更新: trigger=True[0m
[INFO] [1783728920.392387600] [orange_hurdle_jump_test]: [1;95m触发状态更新: trigger=False[0m
[INFO] [1783728920.460485849] [orange_hurdle_jump_test]: [1;95m触发状态更新: trigger=True[0m
[INFO] [1783728920.462005223] [orange_hurdle_jump_test]: [1;34m最近横栏: dist=0.183m, lateral=-0.072m, vertical=0.046m, pixel=(93.8,192.2), box=142x50, depth_px=13, candidates=1, trigger=True[0m
[INFO] [1783728920.525768124] [orange_hurdle_jump_test]: [1;95m触发状态更新: trigger=False[0m
[INFO] [1783728920.660505548] [orange_hurdle_jump_test]: [0;33m未检测到有效橘色横栏: candidates=0, frame=61, mask_px=10616, contours=12, largest=area:3302,box:143x46,aspect:3.11,reject:depth_px:0, hsv_lower=[28, 40, 35], hsv_upper=[95, 255, 255][0m
[INFO] [1783728920.927781504] [orange_hurdle_jump_test]: [0;33m未检测到有效橘色横栏: candidates=0, frame=65, mask_px=8725, contours=9, largest=area:2826,box:137x37,aspect:3.70,reject:depth_px:0, hsv_lower=[28, 40, 35], hsv_upper=[95, 255, 255][0m
[INFO] [1783728921.148253949] [orange_hurdle_jump_test]: [0;33m未检测到有效橘色横栏: candidates=0, frame=68, mask_px=7095, contours=10, largest=area:3791,box:194x41,aspect:4.73,reject:depth_px:4, hsv_lower=[28, 40, 35], hsv_upper=[95, 255, 255][0m
[INFO] [1783728921.393917736] [orange_hurdle_jump_test]: [0;33m未检测到有效橘色横栏: candidates=0, frame=72, mask_px=5262, contours=3, largest=area:4702,box:190x68,aspect:2.79,reject:depth_px:0, hsv_lower=[28, 40, 35], hsv_upper=[95, 255, 255][0m
[INFO] [1783728921.595282147] [orange_hurdle_jump_test]: [0;33m未检测到有效橘色横栏: candidates=0, frame=75, mask_px=4695, contours=6, largest=area:3156,box:175x38,aspect:4.61,reject:depth_px:0, hsv_lower=[28, 40, 35], hsv_upper=[95, 255, 255][0m
[INFO] [1783728921.795000586] [orange_hurdle_jump_test]: [0;33m未检测到有效橘色横栏: candidates=0, frame=78, mask_px=4934, contours=3, largest=area:4498,box:182x68,aspect:2.68,reject:depth_px:0, hsv_lower=[28, 40, 35], hsv_upper=[95, 255, 255][0m
[INFO] [1783728922.060907137] [orange_hurdle_jump_test]: [0;33m未检测到有效橘色横栏: candidates=0, frame=82, mask_px=6616, contours=3, largest=area:6187,box:194x73,aspect:2.66,reject:depth_px:0, hsv_lower=[28, 40, 35], hsv_upper=[95, 255, 255][0m
[INFO] [1783728922.262136499] [orange_hurdle_jump_test]: [0;33m未检测到有效橘色横栏: candidates=0, frame=85, mask_px=6092, contours=3, largest=area:5550,box:164x71,aspect:2.31,reject:depth_px:0, hsv_lower=[28, 40, 35], hsv_upper=[95, 255, 255][0m
[INFO] [1783728922.461703914] [orange_hurdle_jump_test]: [0;33m未检测到有效橘色横栏: candidates=0, frame=88, mask_px=5033, contours=3, largest=area:4817,box:170x67,aspect:2.54,reject:depth_px:0, hsv_lower=[28, 40, 35], hsv_upper=[95, 255, 255][0m
[INFO] [1783728922.664455021] [orange_hurdle_jump_test]: [0;33m未检测到有效橘色横栏: candidates=0, frame=91, mask_px=6002, contours=3, largest=area:3980,box:100x61,aspect:1.64,reject:depth_px:0, hsv_lower=[28, 40, 35], hsv_upper=[95, 255, 255][0m
[INFO] [1783728922.929372684] [orange_hurdle_jump_test]: [0;33m未检测到有效橘色横栏: candidates=0, frame=95, mask_px=5137, contours=2, largest=area:4745,box:168x70,aspect:2.40,reject:depth_px:0, hsv_lower=[28, 40, 35], hsv_upper=[95, 255, 255][0m
[INFO] [1783728923.129171022] [orange_hurdle_jump_test]: [0;33m未检测到有效橘色横栏: candidates=0, frame=98, mask_px=5677, contours=4, largest=area:3754,box:86x61,aspect:1.41,reject:depth_px:0, hsv_lower=[28, 40, 35], hsv_upper=[95, 255, 255][0m
[INFO] [1783728923.396148784] [orange_hurdle_jump_test]: [0;33m未检测到有效橘色横栏: candidates=0, frame=102, mask_px=5114, contours=2, largest=area:4640,box:172x71,aspect:2.42,reject:depth_px:0, hsv_lower=[28, 40, 35], hsv_upper=[95, 255, 255][0m
[INFO] [1783728923.596880677] [orange_hurdle_jump_test]: [0;33m未检测到有效橘色横栏: candidates=0, frame=105, mask_px=4329, contours=3, largest=area:2815,box:78x51,aspect:1.53,reject:depth_px:0, hsv_lower=[28, 40, 35], hsv_upper=[95, 255, 255][0m
[INFO] [1783728923.796191363] [orange_hurdle_jump_test]: [0;33m未检测到有效橘色横栏: candidates=0, frame=108, mask_px=5605, contours=2, largest=area:5026,box:166x72,aspect:2.31,reject:depth_px:0, hsv_lower=[28, 40, 35], hsv_upper=[95, 255, 255][0m
[INFO] [1783728923.996474441] [orange_hurdle_jump_test]: [0;33m未检测到有效橘色横栏: candidates=0, frame=111, mask_px=4933, contours=4, largest=area:4484,box:150x72,aspect:2.08,reject:depth_px:0, hsv_lower=[28, 40, 35], hsv_upper=[95, 255, 255][0m
[INFO] [1783728924.196644543] [orange_hurdle_jump_test]: [0;33m未检测到有效橘色横栏: candidates=0, frame=114, mask_px=5139, contours=3, largest=area:3182,box:86x60,aspect:1.43,reject:depth_px:0, hsv_lower=[28, 40, 35], hsv_upper=[95, 255, 255][0m
[INFO] [1783728924.462585974] [orange_hurdle_jump_test]: [0;33m未检测到有效橘色横栏: candidates=0, frame=118, mask_px=5683, contours=3, largest=area:5204,box:164x72,aspect:2.28,reject:depth_px:0, hsv_lower=[28, 40, 35], hsv_upper=[95, 255, 255][0m
[INFO] [1783728924.663196294] [orange_hurdle_jump_test]: [0;33m未检测到有效橘色横栏: candidates=0, frame=121, mask_px=6001, contours=3, largest=area:5519,box:166x72,aspect:2.31,reject:depth_px:0, hsv_lower=[28, 40, 35], hsv_upper=[95, 255, 255][0m
[INFO] [1783728924.865000283] [orange_hurdle_jump_test]: [0;33m未检测到有效橘色横栏: candidates=0, frame=124, mask_px=5094, contours=4, largest=area:4606,box:148x70,aspect:2.11,reject:depth_px:0, hsv_lower=[28, 40, 35], hsv_upper=[95, 255, 255][0m
[INFO] [1783728925.063983636] [orange_hurdle_jump_test]: [0;33m未检测到有效橘色横栏: candidates=0, frame=127, mask_px=5491, contours=4, largest=area:4586,box:126x71,aspect:1.77,reject:depth_px:0, hsv_lower=[28, 40, 35], hsv_upper=[95, 255, 255][0m
[INFO] [1783728925.333724553] [orange_hurdle_jump_test]: [0;33m未检测到有效橘色横栏: candidates=0, frame=131, mask_px=5229, contours=4, largest=area:4786,box:166x70,aspect:2.37,reject:depth_px:0, hsv_lower=[28, 40, 35], hsv_upper=[95, 255, 255][0m
[INFO] [1783728925.597257794] [orange_hurdle_jump_test]: [0;33m未检测到有效橘色横栏: candidates=0, frame=135, mask_px=5501, contours=3, largest=area:4665,box:134x69,aspect:1.94,reject:depth_px:0, hsv_lower=[28, 40, 35], hsv_upper=[95, 255, 255][0m
[INFO] [1783728925.799227169] [orange_hurdle_jump_test]: [0;33m未检测到有效橘色横栏: candidates=0, frame=138, mask_px=5485, contours=5, largest=area:4636,box:126x70,aspect:1.80,reject:depth_px:0, hsv_lower=[28, 40, 35], hsv_upper=[95, 255, 255][0m
[INFO] [1783728925.998159072] [orange_hurdle_jump_test]: [0;33m未检测到有效橘色横栏: candidates=0, frame=141, mask_px=5349, contours=4, largest=area:4546,box:126x68,aspect:1.85,reject:depth_px:0, hsv_lower=[28, 40, 35], hsv_upper=[95, 255, 255][0m
[INFO] [1783728926.264250801] [orange_hurdle_jump_test]: [0;33m未检测到有效橘色横栏: candidates=0, frame=145, mask_px=5186, contours=2, largest=area:4734,box:150x73,aspect:2.05,reject:depth_px:0, hsv_lower=[28, 40, 35], hsv_upper=[95, 255, 255][0m
[INFO] [1783728926.464383899] [orange_hurdle_jump_test]: [0;33m未检测到有效橘色横栏: candidates=0, frame=148, mask_px=5537, contours=2, largest=area:5246,box:158x72,aspect:2.19,reject:depth_px:0, hsv_lower=[28, 40, 35], hsv_upper=[95, 255, 255][0m
[INFO] [1783728926.664502260] [orange_hurdle_jump_test]: [0;33m未检测到有效橘色横栏: candidates=0, frame=151, mask_px=5624, contours=2, largest=area:5182,box:160x72,aspect:2.22,reject:depth_px:0, hsv_lower=[28, 40, 35], hsv_upper=[95, 255, 255][0m
[INFO] [1783728926.866610298] [orange_hurdle_jump_test]: [0;33m未检测到有效橘色横栏: candidates=0, frame=154, mask_px=5035, contours=5, largest=area:4158,box:120x69,aspect:1.74,reject:depth_px:0, hsv_lower=[28, 40, 35], hsv_upper=[95, 255, 255][0m
[INFO] [1783728927.064852667] [orange_hurdle_jump_test]: [0;33m未检测到有效橘色横栏: candidates=0, frame=157, mask_px=5243, contours=3, largest=area:4627,box:166x71,aspect:2.34,reject:depth_px:0, hsv_lower=[28, 40, 35], hsv_upper=[95, 255, 255][0m
[INFO] [1783728927.265202124] [orange_hurdle_jump_test]: [0;33m未检测到有效橘色横栏: candidates=0, frame=160, mask_px=5020, contours=4, largest=area:4480,box:164x72,aspect:2.28,reject:depth_px:0, hsv_lower=[28, 40, 35], hsv_upper=[95, 255, 255][0m
[INFO] [1783728927.465266351] [orange_hurdle_jump_test]: [0;33m未检测到有效橘色横栏: candidates=0, frame=163, mask_px=5075, contours=4, largest=area:4100,box:130x69,aspect:1.88,reject:depth_px:0, hsv_lower=[28, 40, 35], hsv_upper=[95, 255, 255][0m
[INFO] [1783728927.665325958] [orange_hurdle_jump_test]: [0;33m未检测到有效橘色横栏: candidates=0, frame=166, mask_px=5344, contours=1, largest=area:5020,box:196x70,aspect:2.80,reject:depth_px:0, hsv_lower=[28, 40, 35], hsv_upper=[95, 255, 255][0m
[INFO] [1783728927.865532546] [orange_hurdle_jump_test]: [0;33m未检测到有效橘色横栏: candidates=0, frame=169, mask_px=4881, contours=4, largest=area:3249,box:88x60,aspect:1.47,reject:depth_px:0, hsv_lower=[28, 40, 35], hsv_upper=[95, 255, 255][0m
[INFO] [1783728928.132422347] [orange_hurdle_jump_test]: [0;33m未检测到有效橘色横栏: candidates=0, frame=173, mask_px=5266, contours=3, largest=area:4789,box:152x73,aspect:2.08,reject:depth_px:0, hsv_lower=[28, 40, 35], hsv_upper=[95, 255, 255][0m
[INFO] [1783728928.332697418] [orange_hurdle_jump_test]: [0;33m未检测到有效橘色横栏: candidates=0, frame=176, mask_px=5468, contours=3, largest=area:4954,box:162x72,aspect:2.25,reject:depth_px:0, hsv_lower=[28, 40, 35], hsv_upper=[95, 255, 255][0m
[INFO] [1783728928.532468629] [orange_hurdle_jump_test]: [0;33m未检测到有效橘色横栏: candidates=0, frame=179, mask_px=5549, contours=3, largest=area:4962,box:158x72,aspect:2.19,reject:depth_px:0, hsv_lower=[28, 40, 35], hsv_upper=[95, 255, 255][0m
[INFO] [1783728928.733413639] [orange_hurdle_jump_test]: [0;33m未检测到有效橘色横栏: candidates=0, frame=182, mask_px=5212, contours=4, largest=area:3469,box:90x61,aspect:1.48,reject:depth_px:0, hsv_lower=[28, 40, 35], hsv_upper=[95, 255, 255][0m
[INFO] [1783728928.934761347] [orange_hurdle_jump_test]: [0;33m未检测到有效橘色横栏: candidates=0, frame=185, mask_px=5236, contours=3, largest=area:3640,box:94x61,aspect:1.54,reject:depth_px:0, hsv_lower=[28, 40, 35], hsv_upper=[95, 255, 255][0m
[INFO] [1783728929.132607750] [orange_hurdle_jump_test]: [0;33m未检测到有效橘色横栏: candidates=0, frame=188, mask_px=5529, contours=5, largest=area:4569,box:128x69,aspect:1.86,reject:depth_px:0, hsv_lower=[28, 40, 35], hsv_upper=[95, 255, 255][0m
[INFO] [1783728929.333139401] [orange_hurdle_jump_test]: [0;33m未检测到有效橘色横栏: candidates=0, frame=191, mask_px=5092, contours=2, largest=area:4726,box:156x66,aspect:2.36,reject:depth_px:0, hsv_lower=[28, 40, 35], hsv_upper=[95, 255, 255][0m
[INFO] [1783728929.533621662] [orange_hurdle_jump_test]: [0;33m未检测到有效橘色横栏: candidates=0, frame=194, mask_px=5444, contours=2, largest=area:5212,box:192x73,aspect:2.63,reject:depth_px:0, hsv_lower=[28, 40, 35], hsv_upper=[95, 255, 255][0m
[INFO] [1783728929.734030407] [orange_hurdle_jump_test]: [0;33m未检测到有效橘色横栏: candidates=0, frame=197, mask_px=4755, contours=1, largest=area:4606,box:162x69,aspect:2.35,reject:depth_px:0, hsv_lower=[28, 40, 35], hsv_upper=[95, 255, 255][0m
[INFO] [1783728929.934165589] [orange_hurdle_jump_test]: [0;33m未检测到有效橘色横栏: candidates=0, frame=200, mask_px=5104, contours=3, largest=area:2968,box:90x61,aspect:1.48,reject:depth_px:0, hsv_lower=[28, 40, 35], hsv_upper=[95, 255, 255][0m
[INFO] [1783728930.134869709] [orange_hurdle_jump_test]: [0;33m未检测到有效橘色横栏: candidates=0, frame=203, mask_px=5091, contours=2, largest=area:4650,box:152x72,aspect:2.11,reject:depth_px:0, hsv_lower=[28, 40, 35], hsv_upper=[95, 255, 255][0m
[INFO] [1783728930.400694151] [orange_hurdle_jump_test]: [0;33m未检测到有效橘色横栏: candidates=0, frame=207, mask_px=5091, contours=4, largest=area:4058,box:126x65,aspect:1.94,reject:depth_px:0, hsv_lower=[28, 40, 35], hsv_upper=[95, 255, 255][0m
[INFO] [1783728930.600594110] [orange_hurdle_jump_test]: [0;33m未检测到有效橘色横栏: candidates=0, frame=210, mask_px=5030, contours=2, largest=area:4722,box:156x67,aspect:2.33,reject:depth_px:0, hsv_lower=[28, 40, 35], hsv_upper=[95, 255, 255][0m
[INFO] [1783728930.800946327] [orange_hurdle_jump_test]: [0;33m未检测到有效橘色横栏: candidates=0, frame=213, mask_px=4895, contours=4, largest=area:3256,box:86x61,aspect:1.41,reject:depth_px:0, hsv_lower=[28, 40, 35], hsv_upper=[95, 255, 255][0m
[INFO] [1783728931.001283743] [orange_hurdle_jump_test]: [0;33m未检测到有效橘色横栏: candidates=0, frame=216, mask_px=4802, contours=4, largest=area:3343,box:84x61,aspect:1.38,reject:depth_px:0, hsv_lower=[28, 40, 35], hsv_upper=[95, 255, 255][0m
[INFO] [1783728931.201976761] [orange_hurdle_jump_test]: [0;33m未检测到有效橘色横栏: candidates=0, frame=219, mask_px=5331, contours=2, largest=area:4768,box:162x72,aspect:2.25,reject:depth_px:0, hsv_lower=[28, 40, 35], hsv_upper=[95, 255, 255][0m
[INFO] [1783728931.401587836] [orange_hurdle_jump_test]: [0;33m未检测到有效橘色横栏: candidates=0, frame=222, mask_px=5502, contours=2, largest=area:4876,box:166x73,aspect:2.27,reject:depth_px:0, hsv_lower=[28, 40, 35], hsv_upper=[95, 255, 255][0m
[INFO] [1783728931.618622136] [orange_hurdle_jump_test]: [0;33m未检测到有效橘色横栏: candidates=0, frame=225, mask_px=4838, contours=6, largest=area:3418,box:94x56,aspect:1.68,reject:depth_px:0, hsv_lower=[28, 40, 35], hsv_upper=[95, 255, 255][0m
[INFO] [1783728931.868423663] [orange_hurdle_jump_test]: [0;33m未检测到有效橘色横栏: candidates=0, frame=229, mask_px=5028, contours=3, largest=area:4672,box:164x64,aspect:2.56,reject:depth_px:0, hsv_lower=[28, 40, 35], hsv_upper=[95, 255, 255][0m
[INFO] [1783728932.068771750] [orange_hurdle_jump_test]: [0;33m未检测到有效橘色横栏: candidates=0, frame=232, mask_px=5107, contours=3, largest=area:4714,box:164x72,aspect:2.28,reject:depth_px:0, hsv_lower=[28, 40, 35], hsv_upper=[95, 255, 255][0m
[INFO] [1783728932.335520474] [orange_hurdle_jump_test]: [0;33m未检测到有效橘色横栏: candidates=0, frame=236, mask_px=5066, contours=3, largest=area:4559,box:162x69,aspect:2.35,reject:depth_px:0, hsv_lower=[28, 40, 35], hsv_upper=[95, 255, 255][0m
[INFO] [1783728932.536640515] [orange_hurdle_jump_test]: [0;33m未检测到有效橘色横栏: candidates=0, frame=239, mask_px=4578, contours=4, largest=area:3789,box:130x70,aspect:1.86,reject:depth_px:0, hsv_lower=[28, 40, 35], hsv_upper=[95, 255, 255][0m
[INFO] [1783728932.801969644] [orange_hurdle_jump_test]: [0;33m未检测到有效橘色横栏: candidates=0, frame=243, mask_px=5210, contours=3, largest=area:4308,box:126x70,aspect:1.80,reject:depth_px:0, hsv_lower=[28, 40, 35], hsv_upper=[95, 255, 255][0m
[INFO] [1783728933.002582814] [orange_hurdle_jump_test]: [0;33m未检测到有效橘色横栏: candidates=0, frame=246, mask_px=4549, contours=3, largest=area:2888,box:76x61,aspect:1.25,reject:aspect, hsv_lower=[28, 40, 35], hsv_upper=[95, 255, 255][0m
[INFO] [1783728933.269246277] [orange_hurdle_jump_test]: [0;33m未检测到有效橘色横栏: candidates=0, frame=250, mask_px=5014, contours=4, largest=area:4577,box:160x72,aspect:2.22,reject:depth_px:0, hsv_lower=[28, 40, 35], hsv_upper=[95, 255, 255][0m
[INFO] [1783728933.472502104] [orange_hurdle_jump_test]: [0;33m未检测到有效橘色横栏: candidates=0, frame=253, mask_px=4765, contours=2, largest=area:4443,box:164x72,aspect:2.28,reject:depth_px:0, hsv_lower=[28, 40, 35], hsv_upper=[95, 255, 255][0m
[INFO] [1783728933.670631898] [orange_hurdle_jump_test]: [0;33m未检测到有效橘色横栏: candidates=0, frame=256, mask_px=4760, contours=2, largest=area:4484,box:164x65,aspect:2.52,reject:depth_px:0, hsv_lower=[28, 40, 35], hsv_upper=[95, 255, 255][0m
[INFO] [1783728933.936828572] [orange_hurdle_jump_test]: [0;33m未检测到有效橘色横栏: candidates=0, frame=260, mask_px=4778, contours=3, largest=area:3894,box:118x70,aspect:1.69,reject:depth_px:0, hsv_lower=[28, 40, 35], hsv_upper=[95, 255, 255][0m
[INFO] [1783728934.203678948] [orange_hurdle_jump_test]: [0;33m未检测到有效橘色横栏: candidates=0, frame=264, mask_px=4494, contours=7, largest=area:3006,box:90x61,aspect:1.48,reject:depth_px:0, hsv_lower=[28, 40, 35], hsv_upper=[95, 255, 255][0m
[INFO] [1783728934.404213371] [orange_hurdle_jump_test]: [0;33m未检测到有效橘色横栏: candidates=0, frame=267, mask_px=5332, contours=4, largest=area:4444,box:136x61,aspect:2.23,reject:depth_px:0, hsv_lower=[28, 40, 35], hsv_upper=[95, 255, 255][0m
[INFO] [1783728934.670996063] [orange_hurdle_jump_test]: [0;33m未检测到有效橘色横栏: candidates=0, frame=271, mask_px=5525, contours=3, largest=area:5124,box:166x72,aspect:2.31,reject:depth_px:0, hsv_lower=[28, 40, 35], hsv_upper=[95, 255, 255][0m
[INFO] [1783728934.871273183] [orange_hurdle_jump_test]: [0;33m未检测到有效橘色横栏: candidates=0, frame=274, mask_px=5387, contours=4, largest=area:3726,box:104x58,aspect:1.79,reject:depth_px:0, hsv_lower=[28, 40, 35], hsv_upper=[95, 255, 255][0m
[INFO] [1783728935.137386174] [orange_hurdle_jump_test]: [0;33m未检测到有效橘色横栏: candidates=0, frame=278, mask_px=5638, contours=3, largest=area:5277,box:172x71,aspect:2.42,reject:depth_px:0, hsv_lower=[28, 40, 35], hsv_upper=[95, 255, 255][0m
[INFO] [1783728935.338036628] [orange_hurdle_jump_test]: [0;33m未检测到有效橘色横栏: candidates=0, frame=281, mask_px=4225, contours=3, largest=area:2568,box:80x60,aspect:1.33,reject:depth_px:0, hsv_lower=[28, 40, 35], hsv_upper=[95, 255, 255][0m
[INFO] [1783728935.540536051] [orange_hurdle_jump_test]: [0;33m未检测到有效橘色横栏: candidates=0, frame=284, mask_px=3510, contours=4, largest=area:1838,box:76x57,aspect:1.33,reject:depth_px:0, hsv_lower=[28, 40, 35], hsv_upper=[95, 255, 255][0m
[INFO] [1783728935.752289028] [orange_hurdle_jump_test]: [0;33m未检测到有效橘色横栏: candidates=0, frame=287, mask_px=3460, contours=6, largest=area:1347,box:76x41,aspect:1.85,reject:depth_px:0, hsv_lower=[28, 40, 35], hsv_upper=[95, 255, 255][0m
[INFO] [1783728936.004449560] [orange_hurdle_jump_test]: [0;33m未检测到有效橘色横栏: candidates=0, frame=291, mask_px=3254, contours=5, largest=area:1587,box:78x33,aspect:2.36,reject:height, hsv_lower=[28, 40, 35], hsv_upper=[95, 255, 255][0m
[INFO] [1783728936.205770152] [orange_hurdle_jump_test]: [0;33m未检测到有效橘色横栏: candidates=0, frame=294, mask_px=3745, contours=4, largest=area:1989,box:84x39,aspect:2.15,reject:depth_px:0, hsv_lower=[28, 40, 35], hsv_upper=[95, 255, 255][0m
[INFO] [1783728936.472922751] [orange_hurdle_jump_test]: [0;33m未检测到有效橘色横栏: candidates=0, frame=298, mask_px=4140, contours=4, largest=area:1966,box:80x37,aspect:2.16,reject:depth_px:0, hsv_lower=[28, 40, 35], hsv_upper=[95, 255, 255][0m
[INFO] [1783728936.740107255] [orange_hurdle_jump_test]: [0;33m未检测到有效橘色横栏: candidates=0, frame=302, mask_px=3705, contours=6, largest=area:1794,box:80x36,aspect:2.22,reject:depth_px:0, hsv_lower=[28, 40, 35], hsv_upper=[95, 255, 255][0m
[INFO] [1783728936.939188444] [orange_hurdle_jump_test]: [0;33m未检测到有效橘色横栏: candidates=0, frame=305, mask_px=4466, contours=5, largest=area:2052,box:86x39,aspect:2.21,reject:depth_px:0, hsv_lower=[28, 40, 35], hsv_upper=[95, 255, 255][0m
[INFO] [1783728937.138494942] [orange_hurdle_jump_test]: [0;33m未检测到有效橘色横栏: candidates=0, frame=308, mask_px=3624, contours=3, largest=area:2388,box:74x61,aspect:1.21,reject:aspect, hsv_lower=[28, 40, 35], hsv_upper=[95, 255, 255][0m
[INFO] [1783728937.406303851] [orange_hurdle_jump_test]: [0;33m未检测到有效橘色横栏: candidates=0, frame=312, mask_px=5702, contours=1, largest=area:5336,box:195x72,aspect:2.71,reject:depth_px:1, hsv_lower=[28, 40, 35], hsv_upper=[95, 255, 255][0m
[INFO] [1783728937.605863209] [orange_hurdle_jump_test]: [0;33m未检测到有效橘色横栏: candidates=0, frame=315, mask_px=4108, contours=3, largest=area:3810,box:142x73,aspect:1.95,reject:depth_px:0, hsv_lower=[28, 40, 35], hsv_upper=[95, 255, 255][0m
[INFO] [1783728937.806288579] [orange_hurdle_jump_test]: [0;33m未检测到有效橘色横栏: candidates=0, frame=318, mask_px=4171, contours=4, largest=area:2674,box:82x61,aspect:1.34,reject:depth_px:0, hsv_lower=[28, 40, 35], hsv_upper=[95, 255, 255][0m
[INFO] [1783728938.006367093] [orange_hurdle_jump_test]: [0;33m未检测到有效橘色横栏: candidates=0, frame=321, mask_px=4248, contours=6, largest=area:3305,box:116x62,aspect:1.87,reject:depth_px:0, hsv_lower=[28, 40, 35], hsv_upper=[95, 255, 255][0m
[INFO] [1783728938.206560346] [orange_hurdle_jump_test]: [0;33m未检测到有效橘色横栏: candidates=0, frame=324, mask_px=4240, contours=3, largest=area:3014,box:90x66,aspect:1.36,reject:depth_px:0, hsv_lower=[28, 40, 35], hsv_upper=[95, 255, 255][0m
[INFO] [1783728938.406892349] [orange_hurdle_jump_test]: [0;33m未检测到有效橘色横栏: candidates=0, frame=327, mask_px=4287, contours=4, largest=area:3474,box:114x71,aspect:1.61,reject:depth_px:0, hsv_lower=[28, 40, 35], hsv_upper=[95, 255, 255][0m
[INFO] [1783728938.673569844] [orange_hurdle_jump_test]: [0;33m未检测到有效橘色横栏: candidates=0, frame=331, mask_px=4560, contours=2, largest=area:4285,box:146x71,aspect:2.06,reject:depth_px:0, hsv_lower=[28, 40, 35], hsv_upper=[95, 255, 255][0m
[INFO] [1783728938.873490861] [orange_hurdle_jump_test]: [0;33m未检测到有效橘色横栏: candidates=0, frame=334, mask_px=3980, contours=3, largest=area:3616,box:152x71,aspect:2.14,reject:depth_px:0, hsv_lower=[28, 40, 35], hsv_upper=[95, 255, 255][0m
[INFO] [1783728939.074296739] [orange_hurdle_jump_test]: [0;33m未检测到有效橘色横栏: candidates=0, frame=337, mask_px=4314, contours=4, largest=area:3678,box:144x72,aspect:2.00,reject:depth_px:0, hsv_lower=[28, 40, 35], hsv_upper=[95, 255, 255][0m
[INFO] [1783728939.274082918] [orange_hurdle_jump_test]: [0;33m未检测到有效橘色横栏: candidates=0, frame=340, mask_px=4530, contours=3, largest=area:3984,box:144x73,aspect:1.97,reject:depth_px:0, hsv_lower=[28, 40, 35], hsv_upper=[95, 255, 255][0m
[INFO] [1783728939.474907824] [orange_hurdle_jump_test]: [0;33m未检测到有效橘色横栏: candidates=0, frame=343, mask_px=4515, contours=2, largest=area:3950,box:141x72,aspect:1.96,reject:depth_px:0, hsv_lower=[28, 40, 35], hsv_upper=[95, 255, 255][0m
[INFO] [1783728939.675615106] [orange_hurdle_jump_test]: [0;33m未检测到有效橘色横栏: candidates=0, frame=346, mask_px=4527, contours=3, largest=area:4176,box:142x70,aspect:2.03,reject:depth_px:0, hsv_lower=[28, 40, 35], hsv_upper=[95, 255, 255][0m
[INFO] [1783728939.876609551] [orange_hurdle_jump_test]: [0;33m未检测到有效橘色横栏: candidates=0, frame=349, mask_px=4311, contours=2, largest=area:4064,box:145x72,aspect:2.01,reject:depth_px:0, hsv_lower=[28, 40, 35], hsv_upper=[95, 255, 255][0m
[INFO] [1783728940.141266300] [orange_hurdle_jump_test]: [0;33m未检测到有效橘色横栏: candidates=0, frame=353, mask_px=4533, contours=3, largest=area:4047,box:142x72,aspect:1.97,reject:depth_px:0, hsv_lower=[28, 40, 35], hsv_upper=[95, 255, 255][0m
[INFO] [1783728940.409113975] [orange_hurdle_jump_test]: [0;33m未检测到有效橘色横栏: candidates=0, frame=357, mask_px=4610, contours=2, largest=area:4124,box:142x71,aspect:2.00,reject:depth_px:0, hsv_lower=[28, 40, 35], hsv_upper=[95, 255, 255][0m
[INFO] [1783728940.675311123] [orange_hurdle_jump_test]: [0;33m未检测到有效橘色横栏: candidates=0, frame=361, mask_px=4481, contours=3, largest=area:3913,box:142x65,aspect:2.18,reject:depth_px:0, hsv_lower=[28, 40, 35], hsv_upper=[95, 255, 255][0m
[INFO] [1783728940.875518245] [orange_hurdle_jump_test]: [0;33m未检测到有效橘色横栏: candidates=0, frame=364, mask_px=5295, contours=3, largest=area:4906,box:148x73,aspect:2.03,reject:depth_px:0, hsv_lower=[28, 40, 35], hsv_upper=[95, 255, 255][0m
[INFO] [1783728941.141814956] [orange_hurdle_jump_test]: [0;33m未检测到有效橘色横栏: candidates=0, frame=368, mask_px=5190, contours=2, largest=area:4708,box:154x72,aspect:2.14,reject:depth_px:0, hsv_lower=[28, 40, 35], hsv_upper=[95, 255, 255][0m
[INFO] [1783728941.408814045] [orange_hurdle_jump_test]: [0;33m未检测到有效橘色横栏: candidates=0, frame=372, mask_px=4817, contours=2, largest=area:4460,box:142x72,aspect:1.97,reject:depth_px:0, hsv_lower=[28, 40, 35], hsv_upper=[95, 255, 255][0m
[INFO] [1783728941.608745343] [orange_hurdle_jump_test]: [0;33m未检测到有效橘色横栏: candidates=0, frame=375, mask_px=5114, contours=4, largest=area:4678,box:150x72,aspect:2.08,reject:depth_px:0, hsv_lower=[28, 40, 35], hsv_upper=[95, 255, 255][0m
[INFO] [1783728941.809366317] [orange_hurdle_jump_test]: [0;33m未检测到有效橘色横栏: candidates=0, frame=378, mask_px=4753, contours=2, largest=area:4461,box:148x72,aspect:2.06,reject:depth_px:0, hsv_lower=[28, 40, 35], hsv_upper=[95, 255, 255][0m
[INFO] [1783728942.009020499] [orange_hurdle_jump_test]: [0;33m未检测到有效橘色横栏: candidates=0, frame=381, mask_px=5199, contours=4, largest=area:4226,box:118x69,aspect:1.71,reject:depth_px:0, hsv_lower=[28, 40, 35], hsv_upper=[95, 255, 255][0m
[INFO] [1783728942.210035862] [orange_hurdle_jump_test]: [0;33m未检测到有效橘色横栏: candidates=0, frame=384, mask_px=4945, contours=2, largest=area:4616,box:148x71,aspect:2.08,reject:depth_px:0, hsv_lower=[28, 40, 35], hsv_upper=[95, 255, 255][0m
[INFO] [1783728942.410362306] [orange_hurdle_jump_test]: [0;33m未检测到有效橘色横栏: candidates=0, frame=387, mask_px=5023, contours=5, largest=area:4578,box:151x72,aspect:2.10,reject:depth_px:0, hsv_lower=[28, 40, 35], hsv_upper=[95, 255, 255][0m
[INFO] [1783728942.609896050] [orange_hurdle_jump_test]: [0;33m未检测到有效橘色横栏: candidates=0, frame=390, mask_px=5033, contours=3, largest=area:4544,box:149x72,aspect:2.07,reject:depth_px:0, hsv_lower=[28, 40, 35], hsv_upper=[95, 255, 255][0m
[INFO] [1783728942.877249412] [orange_hurdle_jump_test]: [0;33m未检测到有效橘色横栏: candidates=0, frame=394, mask_px=5118, contours=3, largest=area:4546,box:151x72,aspect:2.10,reject:depth_px:0, hsv_lower=[28, 40, 35], hsv_upper=[95, 255, 255][0m
[INFO] [1783728943.079303147] [orange_hurdle_jump_test]: [0;33m未检测到有效橘色横栏: candidates=0, frame=397, mask_px=5334, contours=2, largest=area:4790,box:146x72,aspect:2.03,reject:depth_px:0, hsv_lower=[28, 40, 35], hsv_upper=[95, 255, 255][0m
[INFO] [1783728943.344225789] [orange_hurdle_jump_test]: [0;33m未检测到有效橘色横栏: candidates=0, frame=401, mask_px=5012, contours=3, largest=area:4055,box:118x69,aspect:1.71,reject:depth_px:0, hsv_lower=[28, 40, 35], hsv_upper=[95, 255, 255][0m
[INFO] [1783728943.543778974] [orange_hurdle_jump_test]: [0;33m未检测到有效橘色横栏: candidates=0, frame=404, mask_px=4792, contours=1, largest=area:4479,box:149x72,aspect:2.07,reject:depth_px:0, hsv_lower=[28, 40, 35], hsv_upper=[95, 255, 255][0m
[INFO] [1783728943.743849506] [orange_hurdle_jump_test]: [0;33m未检测到有效橘色横栏: candidates=0, frame=407, mask_px=5159, contours=2, largest=area:4689,box:144x72,aspect:2.00,reject:depth_px:0, hsv_lower=[28, 40, 35], hsv_upper=[95, 255, 255][0m
[INFO] [1783728943.945354744] [orange_hurdle_jump_test]: [0;33m未检测到有效橘色横栏: candidates=0, frame=410, mask_px=5269, contours=3, largest=area:4836,box:146x72,aspect:2.03,reject:depth_px:0, hsv_lower=[28, 40, 35], hsv_upper=[95, 255, 255][0m
[INFO] [1783728944.144115054] [orange_hurdle_jump_test]: [0;33m未检测到有效橘色横栏: candidates=0, frame=413, mask_px=4789, contours=3, largest=area:4368,box:144x72,aspect:2.00,reject:depth_px:0, hsv_lower=[28, 40, 35], hsv_upper=[95, 255, 255][0m
[INFO] [1783728944.344225025] [orange_hurdle_jump_test]: [0;33m未检测到有效橘色横栏: candidates=0, frame=416, mask_px=5216, contours=3, largest=area:4544,box:156x73,aspect:2.14,reject:depth_px:0, hsv_lower=[28, 40, 35], hsv_upper=[95, 255, 255][0m
[INFO] [1783728944.545365010] [orange_hurdle_jump_test]: [0;33m未检测到有效橘色横栏: candidates=0, frame=419, mask_px=5111, contours=2, largest=area:4642,box:152x73,aspect:2.08,reject:depth_px:0, hsv_lower=[28, 40, 35], hsv_upper=[95, 255, 255][0m
[INFO] [1783728944.744917249] [orange_hurdle_jump_test]: [0;33m未检测到有效橘色横栏: candidates=0, frame=422, mask_px=5201, contours=4, largest=area:4134,box:122x63,aspect:1.94,reject:depth_px:0, hsv_lower=[28, 40, 35], hsv_upper=[95, 255, 255][0m
[INFO] [1783728944.944776362] [orange_hurdle_jump_test]: [0;33m未检测到有效橘色横栏: candidates=0, frame=425, mask_px=4933, contours=2, largest=area:4548,box:154x72,aspect:2.14,reject:depth_px:0, hsv_lower=[28, 40, 35], hsv_upper=[95, 255, 255][0m
[INFO] [1783728945.145771130] [orange_hurdle_jump_test]: [0;33m未检测到有效橘色横栏: candidates=0, frame=428, mask_px=4931, contours=3, largest=area:4592,box:152x70,aspect:2.17,reject:depth_px:0, hsv_lower=[28, 40, 35], hsv_upper=[95, 255, 255][0m
[INFO] [1783728945.411705709] [orange_hurdle_jump_test]: [0;33m未检测到有效橘色横栏: candidates=0, frame=432, mask_px=5090, contours=2, largest=area:4475,box:141x72,aspect:1.96,reject:depth_px:0, hsv_lower=[28, 40, 35], hsv_upper=[95, 255, 255][0m
[INFO] [1783728945.678808563] [orange_hurdle_jump_test]: [0;33m未检测到有效橘色横栏: candidates=0, frame=436, mask_px=5203, contours=3, largest=area:3420,box:84x69,aspect:1.22,reject:aspect, hsv_lower=[28, 40, 35], hsv_upper=[95, 255, 255][0m
[INFO] [1783728945.946004387] [orange_hurdle_jump_test]: [0;33m未检测到有效橘色横栏: candidates=0, frame=440, mask_px=5158, contours=2, largest=area:4525,box:155x73,aspect:2.12,reject:depth_px:0, hsv_lower=[28, 40, 35], hsv_upper=[95, 255, 255][0m
[INFO] [1783728946.148642345] [orange_hurdle_jump_test]: [0;33m未检测到有效橘色横栏: candidates=0, frame=443, mask_px=4868, contours=3, largest=area:4018,box:120x69,aspect:1.74,reject:depth_px:0, hsv_lower=[28, 40, 35], hsv_upper=[95, 255, 255][0m
[INFO] [1783728946.412162765] [orange_hurdle_jump_test]: [0;33m未检测到有效橘色横栏: candidates=0, frame=447, mask_px=4722, contours=2, largest=area:4272,box:149x72,aspect:2.07,reject:depth_px:0, hsv_lower=[28, 40, 35], hsv_upper=[95, 255, 255][0m
[INFO] [1783728946.612824922] [orange_hurdle_jump_test]: [0;33m未检测到有效橘色横栏: candidates=0, frame=450, mask_px=5200, contours=3, largest=area:4789,box:145x72,aspect:2.01,reject:depth_px:0, hsv_lower=[28, 40, 35], hsv_upper=[95, 255, 255][0m
[INFO] [1783728946.880075377] [orange_hurdle_jump_test]: [0;33m未检测到有效橘色横栏: candidates=0, frame=454, mask_px=5252, contours=4, largest=area:4768,box:146x72,aspect:2.03,reject:depth_px:0, hsv_lower=[28, 40, 35], hsv_upper=[95, 255, 255][0m
[INFO] [1783728947.146729236] [orange_hurdle_jump_test]: [0;33m未检测到有效橘色横栏: candidates=0, frame=458, mask_px=4897, contours=3, largest=area:4178,box:112x69,aspect:1.62,reject:depth_px:0, hsv_lower=[28, 40, 35], hsv_upper=[95, 255, 255][0m
[INFO] [1783728947.412968784] [orange_hurdle_jump_test]: [0;33m未检测到有效橘色横栏: candidates=0, frame=462, mask_px=4914, contours=2, largest=area:4324,box:156x72,aspect:2.17,reject:depth_px:0, hsv_lower=[28, 40, 35], hsv_upper=[95, 255, 255][0m
[INFO] [1783728947.613884987] [orange_hurdle_jump_test]: [0;33m未检测到有效橘色横栏: candidates=0, frame=465, mask_px=5013, contours=4, largest=area:4728,box:144x73,aspect:1.97,reject:depth_px:0, hsv_lower=[28, 40, 35], hsv_upper=[95, 255, 255][0m
[INFO] [1783728947.880286067] [orange_hurdle_jump_test]: [0;33m未检测到有效橘色横栏: candidates=0, frame=469, mask_px=5073, contours=3, largest=area:4606,box:152x71,aspect:2.14,reject:depth_px:0, hsv_lower=[28, 40, 35], hsv_upper=[95, 255, 255][0m
[INFO] [1783728948.081491191] [orange_hurdle_jump_test]: [0;33m未检测到有效橘色横栏: candidates=0, frame=472, mask_px=5255, contours=2, largest=area:4748,box:146x70,aspect:2.09,reject:depth_px:0, hsv_lower=[28, 40, 35], hsv_upper=[95, 255, 255][0m
[INFO] [1783728948.281317289] [orange_hurdle_jump_test]: [0;33m未检测到有效橘色横栏: candidates=0, frame=475, mask_px=5638, contours=2, largest=area:5278,box:201x71,aspect:2.83,reject:depth_px:0, hsv_lower=[28, 40, 35], hsv_upper=[95, 255, 255][0m
[INFO] [1783728948.482914906] [orange_hurdle_jump_test]: [0;33m未检测到有效橘色横栏: candidates=0, frame=478, mask_px=4553, contours=4, largest=area:3732,box:127x61,aspect:2.08,reject:depth_px:0, hsv_lower=[28, 40, 35], hsv_upper=[95, 255, 255][0m
[INFO] [1783728948.749715491] [orange_hurdle_jump_test]: [0;33m未检测到有效橘色横栏: candidates=0, frame=482, mask_px=4801, contours=2, largest=area:4490,box:146x72,aspect:2.03,reject:depth_px:0, hsv_lower=[28, 40, 35], hsv_upper=[95, 255, 255][0m
[INFO] [1783728949.014949224] [orange_hurdle_jump_test]: [0;33m未检测到有效橘色横栏: candidates=0, frame=486, mask_px=4630, contours=2, largest=area:4296,box:142x71,aspect:2.00,reject:depth_px:0, hsv_lower=[28, 40, 35], hsv_upper=[95, 255, 255][0m
[INFO] [1783728949.214343357] [orange_hurdle_jump_test]: [0;33m未检测到有效橘色横栏: candidates=0, frame=489, mask_px=5035, contours=2, largest=area:4762,box:144x73,aspect:1.97,reject:depth_px:0, hsv_lower=[28, 40, 35], hsv_upper=[95, 255, 255][0m
[INFO] [1783728949.414863664] [orange_hurdle_jump_test]: [0;33m未检测到有效橘色横栏: candidates=0, frame=492, mask_px=5010, contours=2, largest=area:4386,box:148x72,aspect:2.06,reject:depth_px:0, hsv_lower=[28, 40, 35], hsv_upper=[95, 255, 255][0m
[INFO] [1783728949.681922808] [orange_hurdle_jump_test]: [0;33m未检测到有效橘色横栏: candidates=0, frame=496, mask_px=4852, contours=3, largest=area:4498,box:150x71,aspect:2.11,reject:depth_px:0, hsv_lower=[28, 40, 35], hsv_upper=[95, 255, 255][0m
[INFO] [1783728949.883645238] [orange_hurdle_jump_test]: [0;33m未检测到有效橘色横栏: candidates=0, frame=499, mask_px=5017, contours=4, largest=area:4300,box:115x71,aspect:1.62,reject:depth_px:0, hsv_lower=[28, 40, 35], hsv_upper=[95, 255, 255][0m
[INFO] [1783728950.082186957] [orange_hurdle_jump_test]: [0;33m未检测到有效橘色横栏: candidates=0, frame=502, mask_px=5169, contours=2, largest=area:4728,box:154x72,aspect:2.14,reject:depth_px:0, hsv_lower=[28, 40, 35], hsv_upper=[95, 255, 255][0m
[INFO] [1783728950.283944424] [orange_hurdle_jump_test]: [0;33m未检测到有效橘色横栏: candidates=0, frame=505, mask_px=5336, contours=3, largest=area:4670,box:144x69,aspect:2.09,reject:depth_px:0, hsv_lower=[28, 40, 35], hsv_upper=[95, 255, 255][0m
[INFO] [1783728950.548613408] [orange_hurdle_jump_test]: [0;33m未检测到有效橘色横栏: candidates=0, frame=509, mask_px=4964, contours=2, largest=area:4338,box:152x71,aspect:2.14,reject:depth_px:0, hsv_lower=[28, 40, 35], hsv_upper=[95, 255, 255][0m
[INFO] [1783728950.748879439] [orange_hurdle_jump_test]: [0;33m未检测到有效橘色横栏: candidates=0, frame=512, mask_px=4741, contours=2, largest=area:4522,box:146x71,aspect:2.06,reject:depth_px:0, hsv_lower=[28, 40, 35], hsv_upper=[95, 255, 255][0m
[INFO] [1783728951.016239355] [orange_hurdle_jump_test]: [0;33m未检测到有效橘色横栏: candidates=0, frame=516, mask_px=4852, contours=3, largest=area:3802,box:109x66,aspect:1.65,reject:depth_px:0, hsv_lower=[28, 40, 35], hsv_upper=[95, 255, 255][0m
[INFO] [1783728951.215770370] [orange_hurdle_jump_test]: [0;33m未检测到有效橘色横栏: candidates=0, frame=519, mask_px=4857, contours=2, largest=area:4556,box:154x71,aspect:2.17,reject:depth_px:0, hsv_lower=[28, 40, 35], hsv_upper=[95, 255, 255][0m
[INFO] [1783728951.416313609] [orange_hurdle_jump_test]: [0;33m未检测到有效橘色横栏: candidates=0, frame=522, mask_px=5169, contours=3, largest=area:4760,box:162x72,aspect:2.25,reject:depth_px:0, hsv_lower=[28, 40, 35], hsv_upper=[95, 255, 255][0m
[INFO] [1783728951.684072654] [orange_hurdle_jump_test]: [0;33m未检测到有效橘色横栏: candidates=0, frame=526, mask_px=5324, contours=3, largest=area:4790,box:150x72,aspect:2.08,reject:depth_px:0, hsv_lower=[28, 40, 35], hsv_upper=[95, 255, 255][0m
[INFO] [1783728951.949590802] [orange_hurdle_jump_test]: [0;33m未检测到有效橘色横栏: candidates=0, frame=530, mask_px=4658, contours=5, largest=area:3842,box:112x71,aspect:1.58,reject:depth_px:0, hsv_lower=[28, 40, 35], hsv_upper=[95, 255, 255][0m
[INFO] [1783728952.150513771] [orange_hurdle_jump_test]: [0;33m未检测到有效橘色横栏: candidates=0, frame=533, mask_px=5237, contours=2, largest=area:4850,box:150x72,aspect:2.08,reject:depth_px:0, hsv_lower=[28, 40, 35], hsv_upper=[95, 255, 255][0m
[INFO] [1783728952.417136816] [orange_hurdle_jump_test]: [0;33m未检测到有效橘色横栏: candidates=0, frame=537, mask_px=5080, contours=4, largest=area:4634,box:144x71,aspect:2.03,reject:depth_px:0, hsv_lower=[28, 40, 35], hsv_upper=[95, 255, 255][0m
[INFO] [1783728952.617541711] [orange_hurdle_jump_test]: [0;33m未检测到有效橘色横栏: candidates=0, frame=540, mask_px=5031, contours=3, largest=area:4629,box:148x72,aspect:2.06,reject:depth_px:0, hsv_lower=[28, 40, 35], hsv_upper=[95, 255, 255][0m
[INFO] [1783728952.883911672] [orange_hurdle_jump_test]: [0;33m未检测到有效橘色横栏: candidates=0, frame=544, mask_px=4817, contours=3, largest=area:4034,box:122x64,aspect:1.91,reject:depth_px:0, hsv_lower=[28, 40, 35], hsv_upper=[95, 255, 255][0m
[INFO] [1783728953.084485532] [orange_hurdle_jump_test]: [0;33m未检测到有效橘色横栏: candidates=0, frame=547, mask_px=4907, contours=4, largest=area:4024,box:132x68,aspect:1.94,reject:depth_px:0, hsv_lower=[28, 40, 35], hsv_upper=[95, 255, 255][0m
[INFO] [1783728953.284950720] [orange_hurdle_jump_test]: [0;33m未检测到有效橘色横栏: candidates=0, frame=550, mask_px=4843, contours=5, largest=area:4194,box:150x73,aspect:2.05,reject:depth_px:0, hsv_lower=[28, 40, 35], hsv_upper=[95, 255, 255][0m
[INFO] [1783728953.551254399] [orange_hurdle_jump_test]: [0;33m未检测到有效橘色横栏: candidates=0, frame=554, mask_px=4865, contours=3, largest=area:3911,box:114x69,aspect:1.65,reject:depth_px:0, hsv_lower=[28, 40, 35], hsv_upper=[95, 255, 255][0m
[INFO] [1783728953.751490413] [orange_hurdle_jump_test]: [0;33m未检测到有效橘色横栏: candidates=0, frame=557, mask_px=4980, contours=3, largest=area:4538,box:146x73,aspect:2.00,reject:depth_px:0, hsv_lower=[28, 40, 35], hsv_upper=[95, 255, 255][0m
[INFO] [1783728953.951808140] [orange_hurdle_jump_test]: [0;33m未检测到有效橘色横栏: candidates=0, frame=560, mask_px=4654, contours=3, largest=area:4328,box:144x72,aspect:2.00,reject:depth_px:0, hsv_lower=[28, 40, 35], hsv_upper=[95, 255, 255][0m
[INFO] [1783728954.151326835] [orange_hurdle_jump_test]: [0;33m未检测到有效橘色横栏: candidates=0, frame=563, mask_px=4451, contours=5, largest=area:2945,box:76x62,aspect:1.23,reject:aspect, hsv_lower=[28, 40, 35], hsv_upper=[95, 255, 255][0m
[INFO] [1783728954.351327289] [orange_hurdle_jump_test]: [0;33m未检测到有效橘色横栏: candidates=0, frame=566, mask_px=4504, contours=4, largest=area:3708,box:96x69,aspect:1.39,reject:depth_px:0, hsv_lower=[28, 40, 35], hsv_upper=[95, 255, 255][0m
[INFO] [1783728954.553430456] [orange_hurdle_jump_test]: [0;33m未检测到有效橘色横栏: candidates=0, frame=569, mask_px=4177, contours=4, largest=area:3576,box:94x61,aspect:1.54,reject:depth_px:0, hsv_lower=[28, 40, 35], hsv_upper=[95, 255, 255][0m
[INFO] [1783728954.818109672] [orange_hurdle_jump_test]: [0;33m未检测到有效橘色横栏: candidates=0, frame=573, mask_px=4850, contours=3, largest=area:4063,box:114x61,aspect:1.87,reject:depth_px:0, hsv_lower=[28, 40, 35], hsv_upper=[95, 255, 255][0m
[INFO] [1783728955.019123253] [orange_hurdle_jump_test]: [0;33m未检测到有效橘色横栏: candidates=0, frame=576, mask_px=5019, contours=3, largest=area:4218,box:131x71,aspect:1.85,reject:depth_px:0, hsv_lower=[28, 40, 35], hsv_upper=[95, 255, 255][0m
[INFO] [1783728955.218921179] [orange_hurdle_jump_test]: [0;33m未检测到有效橘色横栏: candidates=0, frame=579, mask_px=4575, contours=5, largest=area:3196,box:76x61,aspect:1.25,reject:aspect, hsv_lower=[28, 40, 35], hsv_upper=[95, 255, 255][0m
[INFO] [1783728955.485939964] [orange_hurdle_jump_test]: [0;33m未检测到有效橘色横栏: candidates=0, frame=583, mask_px=4193, contours=2, largest=area:3950,box:144x72,aspect:2.00,reject:depth_px:0, hsv_lower=[28, 40, 35], hsv_upper=[95, 255, 255][0m
[INFO] [1783728955.752825930] [orange_hurdle_jump_test]: [0;33m未检测到有效橘色横栏: candidates=0, frame=587, mask_px=4997, contours=3, largest=area:4456,box:150x71,aspect:2.11,reject:depth_px:0, hsv_lower=[28, 40, 35], hsv_upper=[95, 255, 255][0m
[INFO] [1783728955.952598304] [orange_hurdle_jump_test]: [0;33m未检测到有效橘色横栏: candidates=0, frame=590, mask_px=4917, contours=1, largest=area:4667,box:200x71,aspect:2.82,reject:depth_px:0, hsv_lower=[28, 40, 35], hsv_upper=[95, 255, 255][0m
[INFO] [1783728956.152994113] [orange_hurdle_jump_test]: [0;33m未检测到有效橘色横栏: candidates=0, frame=593, mask_px=4748, contours=3, largest=area:4348,box:151x73,aspect:2.07,reject:depth_px:0, hsv_lower=[28, 40, 35], hsv_upper=[95, 255, 255][0m
[INFO] [1783728956.352750374] [orange_hurdle_jump_test]: [0;33m未检测到有效橘色横栏: candidates=0, frame=596, mask_px=4397, contours=4, largest=area:3905,box:109x69,aspect:1.58,reject:depth_px:0, hsv_lower=[28, 40, 35], hsv_upper=[95, 255, 255][0m
[INFO] [1783728956.553262611] [orange_hurdle_jump_test]: [0;33m未检测到有效橘色横栏: candidates=0, frame=599, mask_px=4515, contours=5, largest=area:3726,box:109x70,aspect:1.56,reject:depth_px:0, hsv_lower=[28, 40, 35], hsv_upper=[95, 255, 255][0m
[INFO] [1783728956.753537570] [orange_hurdle_jump_test]: [0;33m未检测到有效橘色横栏: candidates=0, frame=602, mask_px=4553, contours=4, largest=area:3802,box:126x69,aspect:1.83,reject:depth_px:0, hsv_lower=[28, 40, 35], hsv_upper=[95, 255, 255][0m
[INFO] [1783728956.955431895] [orange_hurdle_jump_test]: [0;33m未检测到有效橘色横栏: candidates=0, frame=605, mask_px=4759, contours=4, largest=area:3916,box:116x61,aspect:1.90,reject:depth_px:0, hsv_lower=[28, 40, 35], hsv_upper=[95, 255, 255][0m
[INFO] [1783728957.220110872] [orange_hurdle_jump_test]: [0;33m未检测到有效橘色横栏: candidates=0, frame=609, mask_px=4550, contours=4, largest=area:4046,box:142x73,aspect:1.95,reject:depth_px:0, hsv_lower=[28, 40, 35], hsv_upper=[95, 255, 255][0m
[INFO] [1783728957.422421468] [orange_hurdle_jump_test]: [0;33m未检测到有效橘色横栏: candidates=0, frame=612, mask_px=4697, contours=2, largest=area:4218,box:145x71,aspect:2.04,reject:depth_px:0, hsv_lower=[28, 40, 35], hsv_upper=[95, 255, 255][0m
[INFO] [1783728957.621892858] [orange_hurdle_jump_test]: [0;33m未检测到有效橘色横栏: candidates=0, frame=615, mask_px=4534, contours=5, largest=area:3822,box:118x61,aspect:1.93,reject:depth_px:0, hsv_lower=[28, 40, 35], hsv_upper=[95, 255, 255][0m
[INFO] [1783728957.821268689] [orange_hurdle_jump_test]: [0;33m未检测到有效橘色横栏: candidates=0, frame=618, mask_px=4827, contours=5, largest=area:4096,box:122x61,aspect:2.00,reject:depth_px:0, hsv_lower=[28, 40, 35], hsv_upper=[95, 255, 255][0m
[INFO] [1783728958.087528422] [orange_hurdle_jump_test]: [0;33m未检测到有效橘色横栏: candidates=0, frame=622, mask_px=4829, contours=4, largest=area:3965,box:114x60,aspect:1.90,reject:depth_px:0, hsv_lower=[28, 40, 35], hsv_upper=[95, 255, 255][0m
[INFO] [1783728958.288417524] [orange_hurdle_jump_test]: [0;33m未检测到有效橘色横栏: candidates=0, frame=625, mask_px=5053, contours=3, largest=area:4554,box:158x72,aspect:2.19,reject:depth_px:0, hsv_lower=[28, 40, 35], hsv_upper=[95, 255, 255][0m
[INFO] [1783728958.511251934] [orange_hurdle_jump_test]: [0;33m未检测到有效橘色横栏: candidates=0, frame=628, mask_px=4276, contours=6, largest=area:2772,box:86x56,aspect:1.54,reject:depth_px:0, hsv_lower=[28, 40, 35], hsv_upper=[95, 255, 255][0m
[INFO] [1783728958.754408724] [orange_hurdle_jump_test]: [0;33m未检测到有效橘色横栏: candidates=0, frame=632, mask_px=4599, contours=6, largest=area:3825,box:123x62,aspect:1.98,reject:depth_px:0, hsv_lower=[28, 40, 35], hsv_upper=[95, 255, 255][0m
[INFO] [1783728958.957155405] [orange_hurdle_jump_test]: [0;33m未检测到有效橘色横栏: candidates=0, frame=635, mask_px=4512, contours=3, largest=area:4164,box:148x72,aspect:2.06,reject:depth_px:0, hsv_lower=[28, 40, 35], hsv_upper=[95, 255, 255][0m
[INFO] [1783728959.224083204] [orange_hurdle_jump_test]: [0;33m未检测到有效橘色横栏: candidates=0, frame=639, mask_px=4842, contours=3, largest=area:4398,box:152x70,aspect:2.17,reject:depth_px:0, hsv_lower=[28, 40, 35], hsv_upper=[95, 255, 255][0m
[INFO] [1783728959.489976603] [orange_hurdle_jump_test]: [0;33m未检测到有效橘色横栏: candidates=0, frame=643, mask_px=5073, contours=4, largest=area:4576,box:147x64,aspect:2.30,reject:depth_px:0, hsv_lower=[28, 40, 35], hsv_upper=[95, 255, 255][0m
[INFO] [1783728959.755567772] [orange_hurdle_jump_test]: [0;33m未检测到有效橘色横栏: candidates=0, frame=647, mask_px=4931, contours=4, largest=area:3544,box:90x61,aspect:1.48,reject:depth_px:0, hsv_lower=[28, 40, 35], hsv_upper=[95, 255, 255][0m
[INFO] [1783728959.958023096] [orange_hurdle_jump_test]: [0;33m未检测到有效橘色横栏: candidates=0, frame=650, mask_px=4727, contours=4, largest=area:3059,box:84x61,aspect:1.38,reject:depth_px:0, hsv_lower=[28, 40, 35], hsv_upper=[95, 255, 255][0m
[INFO] [1783728960.222510932] [orange_hurdle_jump_test]: [0;33m未检测到有效橘色横栏: candidates=0, frame=654, mask_px=4605, contours=4, largest=area:4046,box:144x70,aspect:2.06,reject:depth_px:0, hsv_lower=[28, 40, 35], hsv_upper=[95, 255, 255][0m
[INFO] [1783728960.422118798] [orange_hurdle_jump_test]: [1;95m触发状态更新: trigger=True[0m
[INFO] [1783728960.423692581] [orange_hurdle_jump_test]: [1;34m最近横栏: dist=0.193m, lateral=-0.036m, vertical=0.056m, pixel=(156.3,204.1), box=206x73, depth_px=24, candidates=1, trigger=True[0m
[INFO] [1783728960.488226889] [orange_hurdle_jump_test]: [1;95m触发状态更新: trigger=False[0m
[INFO] [1783728960.624029208] [orange_hurdle_jump_test]: [0;33m未检测到有效橘色横栏: candidates=0, frame=660, mask_px=4823, contours=2, largest=area:4104,box:119x64,aspect:1.86,reject:depth_px:0, hsv_lower=[28, 40, 35], hsv_upper=[95, 255, 255][0m
[INFO] [1783728960.823506522] [orange_hurdle_jump_test]: [0;33m未检测到有效橘色横栏: candidates=0, frame=663, mask_px=5095, contours=4, largest=area:3548,box:92x62,aspect:1.48,reject:depth_px:0, hsv_lower=[28, 40, 35], hsv_upper=[95, 255, 255][0m
[INFO] [1783728961.023898564] [orange_hurdle_jump_test]: [0;33m未检测到有效橘色横栏: candidates=0, frame=666, mask_px=5295, contours=3, largest=area:4866,box:154x74,aspect:2.08,reject:depth_px:0, hsv_lower=[28, 40, 35], hsv_upper=[95, 255, 255][0m
