[INFO] [1784186857.678022064] [nav_executor]: NavExecutor 运行在 pose_controller 模式： goal=/goal_pose, pose=/Odometry, cmd_vel=/race_cmd_vel
[INFO] [1784186880.682077441] [nav_executor]: [1;36m收到导航目标: x=-0.053, y=3.627, frame=camera_init, backend=pose_controller[0m
[INFO] [1784186880.831870539] [nav_executor]: [0;94mpose_controller: dist=1.769m, pose=(0.027,1.860), active=True[0m
[INFO] [1784186882.831895643] [nav_executor]: [0;94mpose_controller: dist=1.217m, pose=(-0.001,2.411), active=True[0m
[INFO] [1784186885.031892357] [nav_executor]: [0;94mpose_controller: dist=0.356m, pose=(-0.029,3.271), active=True[0m
[INFO] [1784186887.032481255] [nav_executor]: [0;94mpose_controller: dist=0.363m, pose=(0.062,3.282), active=True[0m
[INFO] [1784186889.232281607] [nav_executor]: [0;94mpose_controller: dist=0.506m, pose=(0.324,3.289), active=True[0m
[INFO] [1784186891.432218463] [nav_executor]: [0;94mpose_controller: dist=0.760m, pose=(0.631,3.298), active=True[0m
[INFO] [1784186893.432436754] [nav_executor]: [0;94mpose_controller: dist=1.009m, pose=(0.912,3.334), active=True[0m
[INFO] [1784186895.432297033] [nav_executor]: [0;94mpose_controller: dist=1.299m, pose=(1.207,3.315), active=True[0m
[INFO] [1784186897.432434390] [nav_executor]: [0;94mpose_controller: dist=1.598m, pose=(1.515,3.319), active=True[0m
[INFO] [1784186899.632366885] [nav_executor]: [0;94mpose_controller: dist=1.884m, pose=(1.808,3.334), active=True[0m
[INFO] [1784186901.831914203] [nav_executor]: [0;94mpose_controller: dist=2.031m, pose=(1.958,3.344), active=True[0m
[INFO] [1784186903.831917924] [nav_executor]: [0;94mpose_controller: dist=2.055m, pose=(1.986,3.371), active=True[0m
[INFO] [1784186906.032140414] [nav_executor]: [0;94mpose_controller: dist=2.318m, pose=(2.250,3.360), active=True[0m
[INFO] [1784186908.032119583] [nav_executor]: [0;94mpose_controller: dist=2.623m, pose=(2.555,3.345), active=True[0m
[INFO] [1784186910.231901574] [nav_executor]: [0;94mpose_controller: dist=2.838m, pose=(2.773,3.368), active=True[0m
[INFO] [1784186912.232163654] [nav_executor]: [0;94mpose_controller: dist=3.123m, pose=(3.059,3.372), active=True[0m
[INFO] [1784186914.431887304] [nav_executor]: [0;94mpose_controller: dist=3.431m, pose=(3.370,3.388), active=True[0m
[INFO] [1784186916.431943446] [nav_executor]: [0;94mpose_controller: dist=3.717m, pose=(3.659,3.440), active=True[0m
[INFO] [1784186918.632080624] [nav_executor]: [0;94mpose_controller: dist=4.024m, pose=(3.967,3.464), active=True[0m
[INFO] [1784186920.633152523] [nav_executor]: [0;94mpose_controller: dist=4.135m, pose=(4.079,3.484), active=True[0m
[INFO] [1784186922.831969817] [nav_executor]: [0;94mpose_controller: dist=4.179m, pose=(4.125,3.572), active=True[0m
[INFO] [1784186925.031933875] [nav_executor]: [0;94mpose_controller: dist=4.303m, pose=(4.249,3.548), active=True[0m
[INFO] [1784186927.031936660] [nav_executor]: [0;94mpose_controller: dist=4.223m, pose=(4.134,3.081), active=True[0m
[INFO] [1784186929.231919163] [nav_executor]: [0;94mpose_controller: dist=4.185m, pose=(4.093,3.067), active=True[0m
[INFO] [1784186931.431901568] [nav_executor]: [0;94mpose_controller: dist=4.827m, pose=(4.733,3.002), active=True[0m
[INFO] [1784186933.431896387] [nav_executor]: [0;94mpose_controller: dist=4.230m, pose=(4.134,3.031), active=True[0m
[INFO] [1784186935.432152901] [nav_executor]: [0;94mpose_controller: dist=4.213m, pose=(4.116,3.018), active=True[0m
[INFO] [1784186937.631895810] [nav_executor]: [0;94mpose_controller: dist=4.300m, pose=(4.205,3.032), active=True[0m
[INFO] [1784186939.831945155] [nav_executor]: [0;94mpose_controller: dist=4.543m, pose=(4.387,2.668), active=True[0m
[INFO] [1784186942.031923719] [nav_executor]: [0;94mpose_controller: dist=4.403m, pose=(4.047,2.021), active=True[0m
[INFO] [1784186944.231921992] [nav_executor]: [0;94mpose_controller: dist=4.028m, pose=(3.931,3.033), active=True[0m
[INFO] [1784186946.232167281] [nav_executor]: [0;94mpose_controller: dist=4.207m, pose=(4.112,3.031), active=True[0m
[INFO] [1784186948.431902923] [nav_executor]: [0;94mpose_controller: dist=4.419m, pose=(4.325,3.034), active=True[0m
[INFO] [1784186950.631889336] [nav_executor]: [0;94mpose_controller: dist=4.878m, pose=(4.789,3.039), active=True[0m
[INFO] [1784186952.631913568] [nav_executor]: [0;94mpose_controller: dist=4.139m, pose=(4.046,3.058), active=True[0m
[INFO] [1784186954.831896088] [nav_executor]: [0;94mpose_controller: dist=4.128m, pose=(4.035,3.060), active=True[0m
[INFO] [1784186956.832563953] [nav_executor]: [0;94mpose_controller: dist=4.128m, pose=(4.035,3.058), active=True[0m
[INFO] [1784186959.031877312] [nav_executor]: [0;94mpose_controller: dist=4.122m, pose=(4.032,3.079), active=True[0m
[INFO] [1784186961.031902107] [nav_executor]: [0;94mpose_controller: dist=4.931m, pose=(4.840,3.016), active=True[0m
[INFO] [1784186963.031940017] [nav_executor]: [0;94mpose_controller: dist=4.214m, pose=(4.135,3.169), active=True[0m
[INFO] [1784186965.231932102] [nav_executor]: [0;94mpose_controller: dist=4.217m, pose=(4.138,3.165), active=True[0m
[INFO] [1784186967.232671395] [nav_executor]: [0;94mpose_controller: dist=4.225m, pose=(4.147,3.170), active=True[0m
[INFO] [1784186969.431889210] [nav_executor]: [0;94mpose_controller: dist=4.188m, pose=(4.108,3.162), active=True[0m
[INFO] [1784186971.431905409] [nav_executor]: [0;94mpose_controller: dist=4.192m, pose=(4.112,3.154), active=True[0m
[INFO] [1784186973.631897436] [nav_executor]: [0;94mpose_controller: dist=4.180m, pose=(4.101,3.159), active=True[0m
[INFO] [1784186975.831911740] [nav_executor]: [0;94mpose_controller: dist=4.192m, pose=(4.111,3.154), active=True[0m
[INFO] [1784186977.831914109] [nav_executor]: [0;94mpose_controller: dist=4.130m, pose=(4.050,3.157), active=True[0m
[INFO] [1784186979.832243096] [nav_executor]: [0;94mpose_controller: dist=2.295m, pose=(1.333,1.798), active=True[0m
[INFO] [1784186980.782286333] [nav_executor]: [1;36m收到导航目标: x=0.209, y=3.248, frame=camera_init, backend=pose_controller[0m
[INFO] [1784186981.832499283] [nav_executor]: [0;94mpose_controller: dist=1.715m, pose=(0.036,1.542), active=True[0m
[INFO] [1784186984.032346096] [nav_executor]: [0;94mpose_controller: dist=1.714m, pose=(0.015,1.545), active=True[0m
[INFO] [1784186986.033500304] [nav_executor]: [0;94mpose_controller: dist=1.283m, pose=(0.163,1.966), active=True[0m
[INFO] [1784186988.232300052] [nav_executor]: [0;94mpose_controller: dist=1.557m, pose=(0.052,1.699), active=True[0m
[INFO] [1784186990.233939825] [nav_executor]: [0;94mpose_controller: dist=1.566m, pose=(0.053,1.689), active=True[0m
[INFO] [1784186992.431976013] [nav_executor]: [0;94mpose_controller: dist=1.674m, pose=(1.288,1.968), active=True[0m
[INFO] [1784186994.631901991] [nav_executor]: [0;94mpose_controller: dist=4.108m, pose=(4.108,1.958), active=True[0m
[INFO] [1784186996.831992726] [nav_executor]: [0;94mpose_controller: dist=4.148m, pose=(4.130,1.895), active=True[0m
[INFO] [1784186998.831914452] [nav_executor]: [0;94mpose_controller: dist=3.821m, pose=(4.008,2.844), active=True[0m
[INFO] [1784187001.031886899] [nav_executor]: [0;94mpose_controller: dist=3.918m, pose=(4.123,3.084), active=True[0m
[INFO] [1784187003.031943362] [nav_executor]: [0;94mpose_controller: dist=3.913m, pose=(4.118,3.084), active=True[0m
[INFO] [1784187005.032157646] [nav_executor]: [0;94mpose_controller: dist=3.913m, pose=(4.118,3.069), active=True[0m
[INFO] [1784187007.232038781] [nav_executor]: [0;94mpose_controller: dist=3.922m, pose=(4.126,3.077), active=True[0m
[INFO] [1784187009.431925867] [nav_executor]: [0;94mpose_controller: dist=3.925m, pose=(4.128,3.043), active=True[0m
[INFO] [1784187011.431909307] [nav_executor]: [0;94mpose_controller: dist=3.931m, pose=(4.136,3.075), active=True[0m
