[INFO] [1783752848.472312007] [limit_bar_duck_test]: state=DETECTOR_ONLY
[INFO] [1783752848.472709400] [limit_bar_duck_test]: limit_bar_duck_test started: color=/camera/color/image_raw, depth=/camera/aligned_depth_to_color/image_raw, pose=/Odometry, detector_only=True, serial=/dev/ttyUSB0@115200, trigger_distance=0.80m, travel_distance=1.00m, walk=[0,0.500,0.500], duck_prepare=[2,0.000,0.000], duck_walk=[2,1.000,1.000]
[INFO] [1783752848.724680089] [limit_bar_duck_test]: 等待对齐深度图。
[INFO] [1783752848.725263565] [limit_bar_duck_test]: [1;95m触发状态更新: trigger=False[0m
[INFO] [1783752849.778543199] [limit_bar_duck_test]: [0;33m未检测到有效限高杆: candidates=0, frame=17, reason=orange_foreground_suppressed, orange=area=9823,box=190x118,bottom=1.00,ratios=(0.10,0.45,0.49), blue_hsv=[95, 100, 60]-[125, 255, 255], white_hsv=[0, 0, 120]-[180, 90, 255][0m
[INFO] [1783752850.791783180] [limit_bar_duck_test]: [0;33m未检测到有效限高杆: candidates=0, frame=32, reason=no_candidate, mask_px=blue:445,white:8829,combined:9625, component=roi_y=120:240,search_blue_px=445,contours=1,largest=area:454,box:16x35,aspect:0.46,roi_blue:445,roi_white:381,reject:area+width+aspect, line=blue_only(mask_px=465,lines=0,reject=no_hough_line); combined(mask_px=9625,lines=0,reject=no_hough_line), blue_hsv=[95, 100, 60]-[125, 255, 255], white_hsv=[0, 0, 120]-[180, 90, 255][0m
[INFO] [1783752851.780128920] [limit_bar_duck_test]: [0;33m未检测到有效限高杆: candidates=0, frame=47, reason=orange_foreground_suppressed, orange=area=18750,box=312x122,bottom=1.00,ratios=(0.18,0.74,0.51), blue_hsv=[95, 100, 60]-[125, 255, 255], white_hsv=[0, 0, 120]-[180, 90, 255][0m
[INFO] [1783752852.780685153] [limit_bar_duck_test]: [0;33m未检测到有效限高杆: candidates=0, frame=62, reason=orange_foreground_suppressed, orange=area=34214,box=408x120,bottom=1.00,ratios=(0.34,0.96,0.50), blue_hsv=[95, 100, 60]-[125, 255, 255], white_hsv=[0, 0, 120]-[180, 90, 255][0m
[INFO] [1783752853.782894278] [limit_bar_duck_test]: [0;33m未检测到有效限高杆: candidates=0, frame=77, reason=orange_foreground_suppressed, orange=area=24894,box=424x120,bottom=1.00,ratios=(0.24,1.00,0.50), blue_hsv=[95, 100, 60]-[125, 255, 255], white_hsv=[0, 0, 120]-[180, 90, 255][0m
[INFO] [1783752854.787201868] [limit_bar_duck_test]: [1;34m最近限高杆: dist=1.163m, lateral=-0.007m, vertical=0.185m, pixel=(211.5,165.0), size=424x126, source=component, line_len=424.0px, angle=0.0deg, depth_px=12380, blue_px=7144, white_px=27246, blue_ratio=0.21, candidates=1, trigger=False[0m
[INFO] [1783752855.785268143] [limit_bar_duck_test]: [1;34m最近限高杆: dist=1.179m, lateral=-0.007m, vertical=0.133m, pixel=(211.5,151.0), size=424x98, source=component, line_len=424.0px, angle=0.0deg, depth_px=8905, blue_px=5196, white_px=22010, blue_ratio=0.19, candidates=1, trigger=False[0m
[INFO] [1783752856.787915289] [limit_bar_duck_test]: [1;34m最近限高杆: dist=1.091m, lateral=-0.006m, vertical=0.155m, pixel=(211.5,160.0), size=424x117, source=component, line_len=424.0px, angle=0.0deg, depth_px=17435, blue_px=7415, white_px=27690, blue_ratio=0.21, candidates=1, trigger=False[0m
[INFO] [1783752857.854220209] [limit_bar_duck_test]: [1;34m最近限高杆: dist=1.217m, lateral=-0.019m, vertical=0.157m, pixel=(208.5,156.0), size=418x108, source=component, line_len=418.0px, angle=0.0deg, depth_px=13001, blue_px=6665, white_px=25957, blue_ratio=0.20, candidates=1, trigger=False[0m
[INFO] [1783752858.860501501] [limit_bar_duck_test]: [1;34m最近限高杆: dist=1.322m, lateral=0.219m, vertical=0.011m, pixel=(263.5,119.5), size=222x32, source=line, line_len=197.1px, angle=-2.0deg, depth_px=649, blue_px=1593, white_px=2419, blue_ratio=0.40, candidates=3, trigger=False[0m
[INFO] [1783752859.920873200] [limit_bar_duck_test]: [1;34m最近限高杆: dist=0.199m, lateral=-0.057m, vertical=0.005m, pixel=(126.0,125.0), size=211x25, source=line, line_len=186.0px, angle=0.0deg, depth_px=20, blue_px=1800, white_px=1427, blue_ratio=0.56, candidates=1, trigger=False[0m
[INFO] [1783752860.720023861] [limit_bar_duck_test]: [1;95m触发状态更新: trigger=True[0m
[INFO] [1783752860.790225886] [limit_bar_duck_test]: [1;95m触发状态更新: trigger=False[0m
[INFO] [1783752860.920064706] [limit_bar_duck_test]: [1;95m触发状态更新: trigger=True[0m
[INFO] [1783752860.921677985] [limit_bar_duck_test]: [1;34m最近限高杆: dist=0.193m, lateral=-0.001m, vertical=0.008m, pixel=(211.5,129.0), size=424x54, source=component, line_len=424.0px, angle=0.0deg, depth_px=194, blue_px=3168, white_px=10236, blue_ratio=0.24, candidates=1, trigger=True[0m
[INFO] [1783752860.986350175] [limit_bar_duck_test]: [1;95m触发状态更新: trigger=False[0m
[INFO] [1783752861.320528330] [limit_bar_duck_test]: [1;95m触发状态更新: trigger=True[0m
[INFO] [1783752861.389347473] [limit_bar_duck_test]: [1;95m触发状态更新: trigger=False[0m
[INFO] [1783752861.720611460] [limit_bar_duck_test]: [1;95m触发状态更新: trigger=True[0m
[INFO] [1783752861.794462901] [limit_bar_duck_test]: [1;95m触发状态更新: trigger=False[0m
[INFO] [1783752861.854511105] [limit_bar_duck_test]: [1;95m触发状态更新: trigger=True[0m
[INFO] [1783752861.922579274] [limit_bar_duck_test]: [1;95m触发状态更新: trigger=False[0m
[INFO] [1783752861.926586307] [limit_bar_duck_test]: [0;33m未检测到有效限高杆: candidates=0, frame=199, reason=no_candidate, mask_px=blue:4840,white:43933,combined:51108, component=roi_y=120:240,search_blue_px=2756,contours=3,largest=area:7402,box:424x26,aspect:16.31,roi_blue:4097,roi_white:11535,reject:depth_invalid(valid_px=0,min_px=12), line=blue_only(mask_px=3909,lines=0,reject=no_hough_line); combined(mask_px=51108,lines=1,best=len:173,angle:-1.0,band:198x28,blue:1056,white:1808,reject:depth_invalid(valid_px=0,min_px=12)), blue_hsv=[95, 100, 60]-[125, 255, 255], white_hsv=[0, 0, 120]-[180, 90, 255][0m
[INFO] [1783752861.987810321] [limit_bar_duck_test]: [1;95m触发状态更新: trigger=True[0m
[INFO] [1783752862.056173224] [limit_bar_duck_test]: [1;95m触发状态更新: trigger=False[0m
[INFO] [1783752862.853874895] [limit_bar_duck_test]: [1;95m触发状态更新: trigger=True[0m
[INFO] [1783752862.921901523] [limit_bar_duck_test]: [1;34m最近限高杆: dist=0.188m, lateral=-0.001m, vertical=0.009m, pixel=(211.5,131.0), size=424x59, source=component, line_len=424.0px, angle=0.0deg, depth_px=263, blue_px=5344, white_px=10983, blue_ratio=0.33, candidates=1, trigger=True[0m
[INFO] [1783752862.988141247] [limit_bar_duck_test]: [1;95m触发状态更新: trigger=False[0m
[INFO] [1783752863.057207559] [limit_bar_duck_test]: [1;95m触发状态更新: trigger=True[0m
[INFO] [1783752863.190260542] [limit_bar_duck_test]: [1;95m触发状态更新: trigger=False[0m
[INFO] [1783752863.923836060] [limit_bar_duck_test]: [1;34m最近限高杆: dist=1.048m, lateral=0.040m, vertical=0.049m, pixel=(225.0,131.0), size=397x59, source=component, line_len=397.0px, angle=0.0deg, depth_px=2090, blue_px=4440, white_px=11110, blue_ratio=0.29, candidates=1, trigger=False[0m
[INFO] [1783752864.923142303] [limit_bar_duck_test]: [1;34m最近限高杆: dist=1.179m, lateral=-0.241m, vertical=0.074m, pixel=(151.5,136.0), size=304x69, source=component, line_len=304.0px, angle=0.0deg, depth_px=2492, blue_px=3666, white_px=8067, blue_ratio=0.31, candidates=1, trigger=False[0m
[INFO] [1783752865.923636630] [limit_bar_duck_test]: [1;34m最近限高杆: dist=1.091m, lateral=-0.006m, vertical=0.155m, pixel=(211.5,160.0), size=424x116, source=component, line_len=424.0px, angle=0.0deg, depth_px=9081, blue_px=7631, white_px=22211, blue_ratio=0.26, candidates=1, trigger=False[0m
[INFO] [1783752866.858196645] [limit_bar_duck_test]: [1;95m触发状态更新: trigger=True[0m
[INFO] [1783752866.925526634] [limit_bar_duck_test]: [1;34m最近限高杆: dist=0.710m, lateral=-0.004m, vertical=0.061m, pixel=(211.5,143.0), size=424x83, source=component, line_len=424.0px, angle=0.0deg, depth_px=5616, blue_px=4788, white_px=17731, blue_ratio=0.21, candidates=1, trigger=True[0m
[INFO] [1783752866.990920158] [limit_bar_duck_test]: [1;95m触发状态更新: trigger=False[0m
[INFO] [1783752867.120766512] [limit_bar_duck_test]: [1;95m触发状态更新: trigger=True[0m
[INFO] [1783752867.448425051] [limit_bar_duck_test]: [1;95m触发状态更新: trigger=False[0m
[INFO] [1783752867.637742637] [limit_bar_duck_test]: [1;95m触发状态更新: trigger=True[0m
[INFO] [1783752867.961867344] [limit_bar_duck_test]: [1;34m最近限高杆: dist=0.520m, lateral=-0.003m, vertical=0.053m, pixel=(211.5,148.0), size=424x92, source=component, line_len=424.0px, angle=0.0deg, depth_px=6573, blue_px=4067, white_px=19864, blue_ratio=0.17, candidates=1, trigger=True[0m
[INFO] [1783752869.001744828] [limit_bar_duck_test]: [1;34m最近限高杆: dist=0.479m, lateral=-0.007m, vertical=-0.142m, pixel=(209.0,27.5), size=219x28, source=line, line_len=194.0px, angle=-0.9deg, depth_px=680, blue_px=1061, white_px=961, blue_ratio=0.52, candidates=2, trigger=True[0m
[INFO] [1783752869.129501285] [limit_bar_duck_test]: [1;95m触发状态更新: trigger=False[0m
[INFO] [1783752870.044215956] [limit_bar_duck_test]: [0;33m未检测到有效限高杆: candidates=0, frame=321, reason=orange_foreground_suppressed, orange=area=20532,box=415x90,bottom=1.00,ratios=(0.20,0.98,0.38), blue_hsv=[95, 100, 60]-[125, 255, 255], white_hsv=[0, 0, 120]-[180, 90, 255][0m
[INFO] [1783752871.089290451] [limit_bar_duck_test]: [0;33m未检测到有效限高杆: candidates=0, frame=337, reason=no_candidate, mask_px=blue:9906,white:39474,combined:51259, component=roi_y=120:240,search_blue_px=1175,contours=3,largest=area:946,box:86x28,aspect:3.07,roi_blue:2578,roi_white:4063,reject:area+width+aspect, line=blue_only(mask_px=10815,lines=0,reject=no_hough_line); combined(mask_px=51259,lines=0,reject=no_hough_line), blue_hsv=[95, 100, 60]-[125, 255, 255], white_hsv=[0, 0, 120]-[180, 90, 255][0m
[INFO] [1783752872.137966384] [limit_bar_duck_test]: [0;33m未检测到有效限高杆: candidates=0, frame=353, reason=no_candidate, mask_px=blue:9753,white:40883,combined:52285, component=roi_y=120:240,search_blue_px=961,contours=6,largest=area:908,box:76x23,aspect:3.30,roi_blue:1897,roi_white:3256,reject:area+width+aspect, line=blue_only(mask_px=10461,lines=0,reject=no_hough_line); combined(mask_px=52285,lines=0,reject=no_hough_line), blue_hsv=[95, 100, 60]-[125, 255, 255], white_hsv=[0, 0, 120]-[180, 90, 255][0m
[INFO] [1783752873.189640358] [limit_bar_duck_test]: [0;33m未检测到有效限高杆: candidates=0, frame=369, reason=no_candidate, mask_px=blue:9104,white:44495,combined:55799, component=roi_y=120:240,search_blue_px=736,contours=2,largest=area:1074,box:90x32,aspect:2.81,roi_blue:2007,roi_white:2910,reject:area+width+aspect, line=blue_only(mask_px=10242,lines=0,reject=no_hough_line); combined(mask_px=55799,lines=0,reject=no_hough_line), blue_hsv=[95, 100, 60]-[125, 255, 255], white_hsv=[0, 0, 120]-[180, 90, 255][0m
[INFO] [1783752874.241258370] [limit_bar_duck_test]: [0;33m未检测到有效限高杆: candidates=0, frame=385, reason=no_candidate, mask_px=blue:8973,white:41843,combined:53075, component=roi_y=120:240,search_blue_px=667,contours=4,largest=area:820,box:76x23,aspect:3.30,roi_blue:1064,roi_white:1927,reject:area+width+aspect, line=blue_only(mask_px=9991,lines=0,reject=no_hough_line); combined(mask_px=53075,lines=0,reject=no_hough_line), blue_hsv=[95, 100, 60]-[125, 255, 255], white_hsv=[0, 0, 120]-[180, 90, 255][0m
[INFO] [1783752875.296399789] [limit_bar_duck_test]: [0;33m未检测到有效限高杆: candidates=0, frame=401, reason=no_candidate, mask_px=blue:9031,white:38481,combined:49785, component=roi_y=120:240,search_blue_px=515,contours=7,largest=area:402,box:30x28,aspect:1.07,roi_blue:1633,roi_white:717,reject:area+width+aspect, line=blue_only(mask_px=10015,lines=0,reject=no_hough_line); combined(mask_px=49785,lines=0,reject=no_hough_line), blue_hsv=[95, 100, 60]-[125, 255, 255], white_hsv=[0, 0, 120]-[180, 90, 255][0m
[INFO] [1783752876.345642288] [limit_bar_duck_test]: [0;33m未检测到有效限高杆: candidates=0, frame=417, reason=orange_foreground_suppressed, orange=area=23840,box=424x92,bottom=1.00,ratios=(0.23,1.00,0.38), blue_hsv=[95, 100, 60]-[125, 255, 255], white_hsv=[0, 0, 120]-[180, 90, 255][0m
[INFO] [1783752877.403798468] [limit_bar_duck_test]: [0;33m未检测到有效限高杆: candidates=0, frame=433, reason=orange_foreground_suppressed, orange=area=20270,box=390x89,bottom=1.00,ratios=(0.20,0.92,0.37), blue_hsv=[95, 100, 60]-[125, 255, 255], white_hsv=[0, 0, 120]-[180, 90, 255][0m
[INFO] [1783752878.462192762] [limit_bar_duck_test]: [0;33m未检测到有效限高杆: candidates=0, frame=449, reason=orange_foreground_suppressed, orange=area=28939,box=424x103,bottom=1.00,ratios=(0.28,1.00,0.43), blue_hsv=[95, 100, 60]-[125, 255, 255], white_hsv=[0, 0, 120]-[180, 90, 255][0m
[INFO] [1783752879.521871861] [limit_bar_duck_test]: [0;33m未检测到有效限高杆: candidates=0, frame=465, reason=orange_foreground_suppressed, orange=area=31094,box=424x107,bottom=1.00,ratios=(0.31,1.00,0.45), blue_hsv=[95, 100, 60]-[125, 255, 255], white_hsv=[0, 0, 120]-[180, 90, 255][0m
[INFO] [1783752880.585249144] [limit_bar_duck_test]: [0;33m未检测到有效限高杆: candidates=0, frame=481, reason=orange_foreground_suppressed, orange=area=13945,box=196x100,bottom=1.00,ratios=(0.14,0.46,0.42), blue_hsv=[95, 100, 60]-[125, 255, 255], white_hsv=[0, 0, 120]-[180, 90, 255][0m
[INFO] [1783752881.114780885] [limit_bar_duck_test]: [1;95m触发状态更新: trigger=True[0m
[INFO] [1783752881.384338540] [limit_bar_duck_test]: [1;95m触发状态更新: trigger=False[0m
[INFO] [1783752881.515371351] [limit_bar_duck_test]: [1;95m触发状态更新: trigger=True[0m
[INFO] [1783752881.647624263] [limit_bar_duck_test]: [1;95m触发状态更新: trigger=False[0m
[INFO] [1783752881.652477457] [limit_bar_duck_test]: [0;33m未检测到有效限高杆: candidates=0, frame=497, reason=no_candidate, mask_px=blue:6904,white:43645,combined:53971, component=roi_y=120:240,search_blue_px=1703,contours=9,largest=area:1364,box:154x18,aspect:8.56,roi_blue:528,roi_white:3772,reject:area+width, line=blue_only(mask_px=7144,lines=0,reject=no_hough_line); combined(mask_px=53971,lines=0,reject=no_hough_line), blue_hsv=[95, 100, 60]-[125, 255, 255], white_hsv=[0, 0, 120]-[180, 90, 255][0m
[INFO] [1783752881.845671351] [limit_bar_duck_test]: [1;95m触发状态更新: trigger=True[0m
[INFO] [1783752882.045694838] [limit_bar_duck_test]: [1;95m触发状态更新: trigger=False[0m
[INFO] [1783752882.177876082] [limit_bar_duck_test]: [1;95m触发状态更新: trigger=True[0m
[INFO] [1783752882.248093300] [limit_bar_duck_test]: [1;95m触发状态更新: trigger=False[0m
[INFO] [1783752882.711192464] [limit_bar_duck_test]: [1;95m触发状态更新: trigger=True[0m
[INFO] [1783752882.712789720] [limit_bar_duck_test]: [1;34m最近限高杆: dist=0.304m, lateral=0.105m, vertical=-0.050m, pixel=(318.0,67.5), size=171x28, source=line, line_len=146.0px, angle=-1.2deg, depth_px=597, blue_px=301, white_px=960, blue_ratio=0.24, candidates=1, trigger=True[0m
[INFO] [1783752882.776345860] [limit_bar_duck_test]: [1;95m触发状态更新: trigger=False[0m
[INFO] [1783752883.771609107] [limit_bar_duck_test]: [1;34m最近限高杆: dist=0.188m, lateral=-0.001m, vertical=0.032m, pixel=(211.5,169.0), size=424x135, source=component, line_len=424.0px, angle=0.0deg, depth_px=18, blue_px=21137, white_px=9597, blue_ratio=0.69, candidates=1, trigger=False[0m
[INFO] [1783752884.568577661] [limit_bar_duck_test]: [1;95m触发状态更新: trigger=True[0m
[INFO] [1783752884.702239933] [limit_bar_duck_test]: [1;95m触发状态更新: trigger=False[0m
[INFO] [1783752884.837281172] [limit_bar_duck_test]: [1;34m最近限高杆: dist=0.194m, lateral=-0.056m, vertical=0.046m, pixel=(125.5,188.0), size=170x25, source=line, line_len=145.0px, angle=0.0deg, depth_px=52, blue_px=2476, white_px=693, blue_ratio=0.78, candidates=2, trigger=False[0m
[INFO] [1783752885.300682205] [limit_bar_duck_test]: [1;95m触发状态更新: trigger=True[0m
[INFO] [1783752885.366013814] [limit_bar_duck_test]: [1;95m触发状态更新: trigger=False[0m
[INFO] [1783752885.906617822] [limit_bar_duck_test]: [0;33m未检测到有效限高杆: candidates=0, frame=561, reason=no_candidate, mask_px=blue:29667,white:33126,combined:65822, component=roi_y=120:240,search_blue_px=24512,contours=3,largest=area:27599,box:424x120,aspect:3.53,roi_blue:27529,roi_white:11405,reject:aspect, line=blue_only(mask_px=29933,lines=1,best=len:167,angle:1.0,band:192x28,blue:3281,white:889,reject:depth_invalid(valid_px=7,min_px=12)); combined(mask_px=65822,lines=4,best=len:215,angle:4.0,band:239x40,blue:0,white:4564,reject:blue_px), blue_hsv=[95, 100, 60]-[125, 255, 255], white_hsv=[0, 0, 120]-[180, 90, 255][0m
[INFO] [1783752885.966228865] [limit_bar_duck_test]: [1;95m触发状态更新: trigger=True[0m
[INFO] [1783752886.032804723] [limit_bar_duck_test]: [1;95m触发状态更新: trigger=False[0m
[INFO] [1783752886.300925234] [limit_bar_duck_test]: [1;95m触发状态更新: trigger=True[0m
[INFO] [1783752886.363983533] [limit_bar_duck_test]: [1;95m触发状态更新: trigger=False[0m
[INFO] [1783752886.962823356] [limit_bar_duck_test]: [0;33m未检测到有效限高杆: candidates=0, frame=577, reason=orange_foreground_suppressed, orange=area=13504,box=392x79,bottom=1.00,ratios=(0.13,0.92,0.33), blue_hsv=[95, 100, 60]-[125, 255, 255], white_hsv=[0, 0, 120]-[180, 90, 255][0m
[INFO] [1783752887.429497628] [limit_bar_duck_test]: [1;95m触发状态更新: trigger=True[0m
[INFO] [1783752887.495492581] [limit_bar_duck_test]: [1;95m触发状态更新: trigger=False[0m
[INFO] [1783752888.028030850] [limit_bar_duck_test]: [0;33m未检测到有效限高杆: candidates=0, frame=593, reason=orange_foreground_suppressed, orange=area=13418,box=419x80,bottom=1.00,ratios=(0.13,0.99,0.33), blue_hsv=[95, 100, 60]-[125, 255, 255], white_hsv=[0, 0, 120]-[180, 90, 255][0m
[INFO] [1783752888.163835694] [limit_bar_duck_test]: [1;95m触发状态更新: trigger=True[0m
[INFO] [1783752888.227881400] [limit_bar_duck_test]: [1;95m触发状态更新: trigger=False[0m
[INFO] [1783752889.094126841] [limit_bar_duck_test]: [0;33m未检测到有效限高杆: candidates=0, frame=609, reason=orange_foreground_suppressed, orange=area=10720,box=388x86,bottom=1.00,ratios=(0.11,0.92,0.36), blue_hsv=[95, 100, 60]-[125, 255, 255], white_hsv=[0, 0, 120]-[180, 90, 255][0m
[INFO] [1783752889.561838742] [limit_bar_duck_test]: [1;95m触发状态更新: trigger=True[0m
[INFO] [1783752889.626079653] [limit_bar_duck_test]: [1;95m触发状态更新: trigger=False[0m
[INFO] [1783752890.161367495] [limit_bar_duck_test]: [0;33m未检测到有效限高杆: candidates=0, frame=625, reason=orange_foreground_suppressed, orange=area=10999,box=370x64,bottom=1.00,ratios=(0.11,0.87,0.27), blue_hsv=[95, 100, 60]-[125, 255, 255], white_hsv=[0, 0, 120]-[180, 90, 255][0m
[INFO] [1783752891.027879737] [limit_bar_duck_test]: [1;95m触发状态更新: trigger=True[0m
[INFO] [1783752891.095126594] [limit_bar_duck_test]: [1;95m触发状态更新: trigger=False[0m
[INFO] [1783752891.234213969] [limit_bar_duck_test]: [0;33m未检测到有效限高杆: candidates=0, frame=641, reason=no_candidate, mask_px=blue:26973,white:40741,combined:69665, component=roi_y=120:240,search_blue_px=20722,contours=1,largest=area:26004,box:248x120,aspect:2.07,roi_blue:23551,roi_white:10393,reject:aspect, line=blue_only(mask_px=28072,lines=1,best=len:168,angle:11.0,band:190x49,blue:5776,white:1282,reject:depth_invalid(valid_px=0,min_px=12)); combined(mask_px=69665,lines=2,best=len:252,angle:17.1,band:266x98,blue:2866,white:13761,reject:angle), blue_hsv=[95, 100, 60]-[125, 255, 255], white_hsv=[0, 0, 120]-[180, 90, 255][0m
[INFO] [1783752891.627413745] [limit_bar_duck_test]: [1;95m触发状态更新: trigger=True[0m
[INFO] [1783752891.695258983] [limit_bar_duck_test]: [1;95m触发状态更新: trigger=False[0m
[INFO] [1783752892.227826971] [limit_bar_duck_test]: [1;95m触发状态更新: trigger=True[0m
[INFO] [1783752892.295590478] [limit_bar_duck_test]: [1;34m最近限高杆: dist=0.639m, lateral=0.139m, vertical=0.223m, pixel=(279.0,222.5), size=301x45, source=line, line_len=289.7px, angle=-6.1deg, depth_px=6846, blue_px=8611, white_px=4839, blue_ratio=0.64, candidates=1, trigger=True[0m
[INFO] [1783752892.360169179] [limit_bar_duck_test]: [1;95m触发状态更新: trigger=False[0m
[INFO] [1783752892.559873232] [limit_bar_duck_test]: [1;95m触发状态更新: trigger=True[0m
[INFO] [1783752892.628291396] [limit_bar_duck_test]: [1;95m触发状态更新: trigger=False[0m
[INFO] [1783752892.696434357] [limit_bar_duck_test]: [1;95m触发状态更新: trigger=True[0m
[INFO] [1783752892.761052916] [limit_bar_duck_test]: [1;95m触发状态更新: trigger=False[0m
[INFO] [1783752893.357941621] [limit_bar_duck_test]: [0;33m未检测到有效限高杆: candidates=0, frame=673, reason=orange_foreground_suppressed, orange=area=46990,box=408x166,bottom=1.00,ratios=(0.46,0.96,0.69), blue_hsv=[95, 100, 60]-[125, 255, 255], white_hsv=[0, 0, 120]-[180, 90, 255][0m
[INFO] [1783752894.424451450] [limit_bar_duck_test]: [0;33m未检测到有效限高杆: candidates=0, frame=689, reason=orange_foreground_suppressed, orange=area=32498,box=404x123,bottom=1.00,ratios=(0.32,0.95,0.51), blue_hsv=[95, 100, 60]-[125, 255, 255], white_hsv=[0, 0, 120]-[180, 90, 255][0m
[INFO] [1783752895.424822036] [limit_bar_duck_test]: [0;33m未检测到有效限高杆: candidates=0, frame=704, reason=orange_foreground_suppressed, orange=area=20913,box=360x97,bottom=1.00,ratios=(0.21,0.85,0.40), blue_hsv=[95, 100, 60]-[125, 255, 255], white_hsv=[0, 0, 120]-[180, 90, 255][0m
[INFO] [1783752896.425335551] [limit_bar_duck_test]: [0;33m未检测到有效限高杆: candidates=0, frame=719, reason=orange_foreground_suppressed, orange=area=36804,box=406x151,bottom=1.00,ratios=(0.36,0.96,0.63), blue_hsv=[95, 100, 60]-[125, 255, 255], white_hsv=[0, 0, 120]-[180, 90, 255][0m
[INFO] [1783752897.425380107] [limit_bar_duck_test]: [0;33m未检测到有效限高杆: candidates=0, frame=734, reason=orange_foreground_suppressed, orange=area=15909,box=302x106,bottom=1.00,ratios=(0.16,0.71,0.44), blue_hsv=[95, 100, 60]-[125, 255, 255], white_hsv=[0, 0, 120]-[180, 90, 255][0m
[INFO] [1783752898.491738237] [limit_bar_duck_test]: [0;33m未检测到有效限高杆: candidates=0, frame=750, reason=orange_foreground_suppressed, orange=area=25948,box=404x96,bottom=1.00,ratios=(0.25,0.95,0.40), blue_hsv=[95, 100, 60]-[125, 255, 255], white_hsv=[0, 0, 120]-[180, 90, 255][0m
[INFO] [1783752899.558424447] [limit_bar_duck_test]: [0;33m未检测到有效限高杆: candidates=0, frame=766, reason=orange_foreground_suppressed, orange=area=25380,box=410x118,bottom=1.00,ratios=(0.25,0.97,0.49), blue_hsv=[95, 100, 60]-[125, 255, 255], white_hsv=[0, 0, 120]-[180, 90, 255][0m
[INFO] [1783752900.578055665] [limit_bar_duck_test]: [0;33m未检测到有效限高杆: candidates=0, frame=781, reason=no_candidate, mask_px=blue:6620,white:34351,combined:43831, component=roi_y=120:240,search_blue_px=5036,contours=4,largest=area:5680,box:190x70,aspect:2.71,roi_blue:5380,roi_white:12538,reject:aspect, line=blue_only(mask_px=6350,lines=0,reject=no_hough_line); combined(mask_px=43831,lines=1,best=len:256,angle:0.0,band:281x25,blue:0,white:3686,reject:blue_px), blue_hsv=[95, 100, 60]-[125, 255, 255], white_hsv=[0, 0, 120]-[180, 90, 255][0m
[INFO] [1783752901.115495565] [limit_bar_duck_test]: [1;95m触发状态更新: trigger=True[0m
[INFO] [1783752901.321530739] [limit_bar_duck_test]: [1;95m触发状态更新: trigger=False[0m
[INFO] [1783752901.454452566] [limit_bar_duck_test]: [1;95m触发状态更新: trigger=True[0m
[INFO] [1783752901.523285396] [limit_bar_duck_test]: [1;95m触发状态更新: trigger=False[0m
[INFO] [1783752901.590698134] [limit_bar_duck_test]: [1;34m最近限高杆: dist=1.272m, lateral=-0.008m, vertical=0.168m, pixel=(211.5,157.0), size=424x110, source=component, line_len=424.0px, angle=0.0deg, depth_px=6614, blue_px=8301, white_px=26239, blue_ratio=0.24, candidates=1, trigger=False[0m
[INFO] [1783752902.064779851] [limit_bar_duck_test]: [1;95m触发状态更新: trigger=True[0m
[INFO] [1783752902.137505913] [limit_bar_duck_test]: [1;95m触发状态更新: trigger=False[0m
[INFO] [1783752902.335789088] [limit_bar_duck_test]: [1;95m触发状态更新: trigger=True[0m
[INFO] [1783752902.407139854] [limit_bar_duck_test]: [1;95m触发状态更新: trigger=False[0m
[INFO] [1783752902.608715235] [limit_bar_duck_test]: [1;34m最近限高杆: dist=1.302m, lateral=-0.008m, vertical=0.138m, pixel=(211.5,149.0), size=424x94, source=component, line_len=424.0px, angle=0.0deg, depth_px=2088, blue_px=10129, white_px=18603, blue_ratio=0.35, candidates=1, trigger=False[0m
[INFO] [1783752903.625338151] [limit_bar_duck_test]: [1;34m最近限高杆: dist=1.204m, lateral=-0.007m, vertical=0.175m, pixel=(211.5,161.0), size=424x118, source=component, line_len=424.0px, angle=0.0deg, depth_px=5048, blue_px=10648, white_px=22519, blue_ratio=0.32, candidates=1, trigger=False[0m
[INFO] [1783752904.644202714] [limit_bar_duck_test]: [0;33m未检测到有效限高杆: candidates=0, frame=841, reason=no_candidate, mask_px=blue:14510,white:34347,combined:53149, component=roi_y=120:240,search_blue_px=13774,contours=6,largest=area:22040,box:424x120,aspect:3.53,roi_blue:14342,roi_white:27031,reject:aspect, line=blue_only(mask_px=15111,lines=0,reject=no_hough_line); combined(mask_px=53149,lines=0,reject=no_hough_line), blue_hsv=[95, 100, 60]-[125, 255, 255], white_hsv=[0, 0, 120]-[180, 90, 255][0m
[INFO] [1783752905.646086013] [limit_bar_duck_test]: [0;33m未检测到有效限高杆: candidates=0, frame=856, reason=orange_foreground_suppressed, orange=area=26500,box=424x193,bottom=0.80,ratios=(0.26,1.00,0.80), blue_hsv=[95, 100, 60]-[125, 255, 255], white_hsv=[0, 0, 120]-[180, 90, 255][0m
[INFO] [1783752906.659121960] [limit_bar_duck_test]: [0;33m未检测到有效限高杆: candidates=0, frame=871, reason=orange_foreground_suppressed, orange=area=12434,box=234x131,bottom=1.00,ratios=(0.12,0.55,0.55), blue_hsv=[95, 100, 60]-[125, 255, 255], white_hsv=[0, 0, 120]-[180, 90, 255][0m
[INFO] [1783752907.666059040] [limit_bar_duck_test]: [0;33m未检测到有效限高杆: candidates=0, frame=886, reason=orange_foreground_suppressed, orange=area=8379,box=306x113,bottom=1.00,ratios=(0.08,0.72,0.47), blue_hsv=[95, 100, 60]-[125, 255, 255], white_hsv=[0, 0, 120]-[180, 90, 255][0m
[INFO] [1783752908.673951459] [limit_bar_duck_test]: [0;33m未检测到有效限高杆: candidates=0, frame=901, reason=orange_foreground_suppressed, orange=area=12700,box=284x186,bottom=0.92,ratios=(0.12,0.67,0.78), blue_hsv=[95, 100, 60]-[125, 255, 255], white_hsv=[0, 0, 120]-[180, 90, 255][0m
[INFO] [1783752909.687159112] [limit_bar_duck_test]: [1;34m最近限高杆: dist=1.349m, lateral=0.014m, vertical=-0.078m, pixel=(216.5,99.5), size=232x32, source=line, line_len=207.1px, angle=-1.9deg, depth_px=1484, blue_px=1961, white_px=4577, blue_ratio=0.30, candidates=1, trigger=False[0m
[INFO] [1783752910.689274231] [limit_bar_duck_test]: [0;33m未检测到有效限高杆: candidates=0, frame=931, reason=orange_foreground_suppressed, orange=area=15804,box=340x97,bottom=1.00,ratios=(0.16,0.80,0.40), blue_hsv=[95, 100, 60]-[125, 255, 255], white_hsv=[0, 0, 120]-[180, 90, 255][0m
[INFO] [1783752911.696260670] [limit_bar_duck_test]: [1;34m最近限高杆: dist=1.088m, lateral=-0.006m, vertical=0.137m, pixel=(211.5,155.0), size=424x106, source=component, line_len=424.0px, angle=0.0deg, depth_px=5177, blue_px=13036, white_px=26027, blue_ratio=0.33, candidates=1, trigger=False[0m
[INFO] [1783752912.702004888] [limit_bar_duck_test]: [1;34m最近限高杆: dist=0.914m, lateral=0.393m, vertical=0.059m, pixel=(343.5,136.5), size=166x28, source=line, line_len=147.0px, angle=-1.2deg, depth_px=353, blue_px=1734, white_px=2212, blue_ratio=0.44, candidates=1, trigger=False[0m
[INFO] [1783752913.706852258] [limit_bar_duck_test]: [1;34m最近限高杆: dist=0.894m, lateral=0.410m, vertical=0.074m, pixel=(352.0,142.0), size=155x27, source=line, line_len=142.0px, angle=-0.8deg, depth_px=226, blue_px=1258, white_px=2216, blue_ratio=0.36, candidates=2, trigger=False[0m
[INFO] [1783752914.712288878] [limit_bar_duck_test]: [1;34m最近限高杆: dist=0.904m, lateral=0.411m, vertical=0.087m, pixel=(351.0,146.0), size=157x27, source=line, line_len=144.0px, angle=-0.8deg, depth_px=200, blue_px=1408, white_px=2253, blue_ratio=0.38, candidates=1, trigger=False[0m
[INFO] [1783752915.719626304] [limit_bar_duck_test]: [0;33m未检测到有效限高杆: candidates=0, frame=1006, reason=no_candidate, mask_px=blue:10473,white:44929,combined:59148, component=roi_y=120:240,search_blue_px=5606,contours=4,largest=area:5696,box:184x55,aspect:3.35,roi_blue:5893,roi_white:12039,reject:aspect, line=blue_only(mask_px=11789,lines=1,best=len:158,angle:-18.1,band:175x74,blue:4638,white:6108,reject:angle); combined(mask_px=59148,lines=0,reject=no_hough_line), blue_hsv=[95, 100, 60]-[125, 255, 255], white_hsv=[0, 0, 120]-[180, 90, 255][0m
[INFO] [1783752916.717429880] [limit_bar_duck_test]: [1;34m最近限高杆: dist=0.901m, lateral=-0.184m, vertical=0.093m, pixel=(151.5,148.0), size=304x92, source=component, line_len=304.0px, angle=0.0deg, depth_px=7034, blue_px=6282, white_px=13170, blue_ratio=0.32, candidates=1, trigger=False[0m
[INFO] [1783752917.720659584] [limit_bar_duck_test]: [1;34m最近限高杆: dist=0.894m, lateral=-0.005m, vertical=0.086m, pixel=(211.5,146.0), size=424x89, source=component, line_len=424.0px, angle=0.0deg, depth_px=6752, blue_px=8931, white_px=18775, blue_ratio=0.32, candidates=1, trigger=False[0m
[INFO] [1783752918.729457098] [limit_bar_duck_test]: [0;33m未检测到有效限高杆: candidates=0, frame=1051, reason=no_candidate, mask_px=blue:12133,white:40642,combined:55238, component=roi_y=120:240,search_blue_px=6824,contours=3,largest=area:6598,box:212x69,aspect:3.07,roi_blue:7445,roi_white:11966,reject:aspect, line=blue_only(mask_px=12675,lines=0,reject=no_hough_line); combined(mask_px=55238,lines=1,best=len:217,angle:18.9,band:222x95,blue:4485,white:3475,reject:angle), blue_hsv=[95, 100, 60]-[125, 255, 255], white_hsv=[0, 0, 120]-[180, 90, 255][0m
[INFO] [1783752919.732457507] [limit_bar_duck_test]: [0;33m未检测到有效限高杆: candidates=0, frame=1066, reason=no_candidate, mask_px=blue:11082,white:40850,combined:55125, component=roi_y=120:240,search_blue_px=5970,contours=5,largest=area:5976,box:220x58,aspect:3.79,roi_blue:6468,roi_white:10078,reject:aspect, line=blue_only(mask_px=12126,lines=0,reject=no_hough_line); combined(mask_px=55125,lines=1,best=len:154,angle:18.2,band:171x73,blue:2956,white:2181,reject:angle), blue_hsv=[95, 100, 60]-[125, 255, 255], white_hsv=[0, 0, 120]-[180, 90, 255][0m
[INFO] [1783752920.735216420] [limit_bar_duck_test]: [0;33m未检测到有效限高杆: candidates=0, frame=1081, reason=no_candidate, mask_px=blue:11360,white:39037,combined:52729, component=roi_y=120:240,search_blue_px=5803,contours=2,largest=area:5626,box:198x66,aspect:3.00,roi_blue:6493,roi_white:10973,reject:aspect, line=blue_only(mask_px=12277,lines=0,reject=no_hough_line); combined(mask_px=52729,lines=0,reject=no_hough_line), blue_hsv=[95, 100, 60]-[125, 255, 255], white_hsv=[0, 0, 120]-[180, 90, 255][0m
[INFO] [1783752921.738337503] [limit_bar_duck_test]: [0;33m未检测到有效限高杆: candidates=0, frame=1096, reason=no_candidate, mask_px=blue:12926,white:37637,combined:53419, component=roi_y=120:240,search_blue_px=7904,contours=4,largest=area:8408,box:223x71,aspect:3.14,roi_blue:8234,roi_white:11356,reject:aspect, line=blue_only(mask_px=13844,lines=0,reject=no_hough_line); combined(mask_px=53419,lines=0,reject=no_hough_line), blue_hsv=[95, 100, 60]-[125, 255, 255], white_hsv=[0, 0, 120]-[180, 90, 255][0m
[INFO] [1783752922.734635125] [limit_bar_duck_test]: [1;34m最近限高杆: dist=0.890m, lateral=0.171m, vertical=0.053m, pixel=(271.5,135.0), size=304x66, source=component, line_len=304.0px, angle=0.0deg, depth_px=385, blue_px=2978, white_px=7981, blue_ratio=0.27, candidates=1, trigger=False[0m
[INFO] [1783752923.334087061] [limit_bar_duck_test]: [1;95m触发状态更新: trigger=True[0m
[INFO] [1783752923.467836586] [limit_bar_duck_test]: [1;95m触发状态更新: trigger=False[0m
[INFO] [1783752923.535177528] [limit_bar_duck_test]: [1;95m触发状态更新: trigger=True[0m
[INFO] [1783752923.736833821] [limit_bar_duck_test]: [1;34m最近限高杆: dist=0.748m, lateral=-0.004m, vertical=0.047m, pixel=(211.5,136.0), size=424x69, source=component, line_len=424.0px, angle=0.0deg, depth_px=580, blue_px=3563, white_px=14446, blue_ratio=0.20, candidates=1, trigger=True[0m
[INFO] [1783752923.870579890] [limit_bar_duck_test]: [1;95m触发状态更新: trigger=False[0m
[INFO] [1783752923.936243221] [limit_bar_duck_test]: [1;95m触发状态更新: trigger=True[0m
[INFO] [1783752924.005691070] [limit_bar_duck_test]: [1;95m触发状态更新: trigger=False[0m
[INFO] [1783752924.135786054] [limit_bar_duck_test]: [1;95m触发状态更新: trigger=True[0m
[INFO] [1783752924.205376457] [limit_bar_duck_test]: [1;95m触发状态更新: trigger=False[0m
[INFO] [1783752924.269287982] [limit_bar_duck_test]: [1;95m触发状态更新: trigger=True[0m
[INFO] [1783752924.405857581] [limit_bar_duck_test]: [1;95m触发状态更新: trigger=False[0m
[INFO] [1783752924.536603761] [limit_bar_duck_test]: [1;95m触发状态更新: trigger=True[0m
[INFO] [1783752924.606157081] [limit_bar_duck_test]: [1;95m触发状态更新: trigger=False[0m
[INFO] [1783752924.742456865] [limit_bar_duck_test]: [0;33m未检测到有效限高杆: candidates=0, frame=1141, reason=no_candidate, mask_px=blue:3679,white:48838,combined:53503, component=roi_y=120:240,search_blue_px=1793,contours=7,largest=area:1648,box:244x28,aspect:8.71,roi_blue:1980,roi_white:11101,reject:area, line=blue_only(mask_px=3420,lines=2,best=len:203,angle:-3.9,band:228x39,blue:1741,white:3973,reject:depth_invalid(valid_px=0,min_px=12)); combined(mask_px=53503,lines=1,best=len:170,angle:-3.0,band:189x34,blue:24,white:1996,reject:blue_px), blue_hsv=[95, 100, 60]-[125, 255, 255], white_hsv=[0, 0, 120]-[180, 90, 255][0m
[INFO] [1783752925.746303579] [limit_bar_duck_test]: [0;33m未检测到有效限高杆: candidates=0, frame=1156, reason=no_candidate, mask_px=blue:2750,white:39108,combined:41744, component=roi_y=120:240,search_blue_px=641,contours=4,largest=area:393,box:92x13,aspect:7.08,roi_blue:519,roi_white:4248,reject:area+width+height, line=blue_only(mask_px=2502,lines=0,reject=no_hough_line); combined(mask_px=41744,lines=0,reject=no_hough_line), blue_hsv=[95, 100, 60]-[125, 255, 255], white_hsv=[0, 0, 120]-[180, 90, 255][0m
[INFO] [1783752926.747767466] [limit_bar_duck_test]: [0;33m未检测到有效限高杆: candidates=0, frame=1171, reason=no_candidate, mask_px=blue:2682,white:39210,combined:42345, component=roi_y=120:240,search_blue_px=559,contours=11,largest=area:418,box:40x14,aspect:2.86,roi_blue:757,roi_white:1324,reject:area+width+height+aspect, line=blue_only(mask_px=2599,lines=0,reject=no_hough_line); combined(mask_px=42345,lines=0,reject=no_hough_line), blue_hsv=[95, 100, 60]-[125, 255, 255], white_hsv=[0, 0, 120]-[180, 90, 255][0m
[INFO] [1783752927.748637966] [limit_bar_duck_test]: [0;33m未检测到有效限高杆: candidates=0, frame=1186, reason=no_candidate, mask_px=blue:2329,white:39797,combined:42689, component=roi_y=120:240,search_blue_px=338,contours=5,largest=area:211,box:69x7,aspect:9.86,roi_blue:258,roi_white:2597,reject:area+width+height, line=blue_only(mask_px=2345,lines=0,reject=no_hough_line); combined(mask_px=42689,lines=0,reject=no_hough_line), blue_hsv=[95, 100, 60]-[125, 255, 255], white_hsv=[0, 0, 120]-[180, 90, 255][0m
[INFO] [1783752928.751607012] [limit_bar_duck_test]: [0;33m未检测到有效限高杆: candidates=0, frame=1201, reason=no_candidate, mask_px=blue:3603,white:46012,combined:50124, component=roi_y=120:240,search_blue_px=1194,contours=5,largest=area:973,box:166x23,aspect:7.22,roi_blue:1372,roi_white:7747,reject:area+width, line=blue_only(mask_px=3397,lines=0,reject=no_hough_line); combined(mask_px=50124,lines=0,reject=no_hough_line), blue_hsv=[95, 100, 60]-[125, 255, 255], white_hsv=[0, 0, 120]-[180, 90, 255][0m
[INFO] [1783752929.145550061] [limit_bar_duck_test]: [1;95m触发状态更新: trigger=True[0m
[INFO] [1783752929.212090989] [limit_bar_duck_test]: [1;95m触发状态更新: trigger=False[0m
[INFO] [1783752929.678787999] [limit_bar_duck_test]: [1;95m触发状态更新: trigger=True[0m
[INFO] [1783752929.812752407] [limit_bar_duck_test]: [1;95m触发状态更新: trigger=False[0m
[INFO] [1783752929.814060313] [limit_bar_duck_test]: [1;34m最近限高杆: dist=0.191m, lateral=-0.001m, vertical=0.013m, pixel=(211.5,138.0), size=424x68, source=component, line_len=424.0px, angle=0.0deg, depth_px=61, blue_px=2913, white_px=13995, blue_ratio=0.17, candidates=1, trigger=False[0m
[INFO] [1783752929.879355234] [limit_bar_duck_test]: [1;95m触发状态更新: trigger=True[0m
[INFO] [1783752929.946613757] [limit_bar_duck_test]: [1;95m触发状态更新: trigger=False[0m
[INFO] [1783752930.014494430] [limit_bar_duck_test]: [1;95m触发状态更新: trigger=True[0m
[INFO] [1783752930.081288714] [limit_bar_duck_test]: [1;95m触发状态更新: trigger=False[0m
[INFO] [1783752930.214775403] [limit_bar_duck_test]: [1;95m触发状态更新: trigger=True[0m
[INFO] [1783752930.280569121] [limit_bar_duck_test]: [1;95m触发状态更新: trigger=False[0m
[INFO] [1783752930.413949049] [limit_bar_duck_test]: [1;95m触发状态更新: trigger=True[0m
[INFO] [1783752930.480391850] [limit_bar_duck_test]: [1;95m触发状态更新: trigger=False[0m
[INFO] [1783752930.681609163] [limit_bar_duck_test]: [1;95m触发状态更新: trigger=True[0m
[INFO] [1783752930.746994228] [limit_bar_duck_test]: [1;95m触发状态更新: trigger=False[0m
[INFO] [1783752930.814451732] [limit_bar_duck_test]: [1;95m触发状态更新: trigger=True[0m
[INFO] [1783752930.815770844] [limit_bar_duck_test]: [1;34m最近限高杆: dist=0.656m, lateral=-0.004m, vertical=0.044m, pixel=(211.5,137.0), size=424x71, source=component, line_len=424.0px, angle=0.0deg, depth_px=701, blue_px=3751, white_px=13327, blue_ratio=0.22, candidates=1, trigger=True[0m
[INFO] [1783752931.080449701] [limit_bar_duck_test]: [1;95m触发状态更新: trigger=False[0m
[INFO] [1783752931.148848029] [limit_bar_duck_test]: [1;95m触发状态更新: trigger=True[0m
[INFO] [1783752931.350027178] [limit_bar_duck_test]: [1;95m触发状态更新: trigger=False[0m
[INFO] [1783752931.485829592] [limit_bar_duck_test]: [1;95m触发状态更新: trigger=True[0m
[INFO] [1783752931.618628329] [limit_bar_duck_test]: [1;95m触发状态更新: trigger=False[0m
[INFO] [1783752931.822138028] [limit_bar_duck_test]: [0;33m未检测到有效限高杆: candidates=0, frame=1247, reason=no_candidate, mask_px=blue:8545,white:42223,combined:52246, component=roi_y=120:240,search_blue_px=4143,contours=8,largest=area:2305,box:107x41,aspect:2.61,roi_blue:3194,roi_white:4258,reject:width+aspect, line=blue_only(mask_px=8802,lines=1,best=len:149,angle:-0.8,band:174x27,blue:1685,white:2354,reject:depth_invalid(valid_px=0,min_px=12)); combined(mask_px=52246,lines=1,best=len:189,angle:-3.0,band:214x35,blue:1507,white:2152,reject:depth_invalid(valid_px=2,min_px=12)), blue_hsv=[95, 100, 60]-[125, 255, 255], white_hsv=[0, 0, 120]-[180, 90, 255][0m
[INFO] [1783752932.889892721] [limit_bar_duck_test]: [0;33m未检测到有效限高杆: candidates=0, frame=1263, reason=no_candidate, mask_px=blue:9816,white:42360,combined:54517, component=roi_y=120:240,search_blue_px=5244,contours=6,largest=area:3610,box:104x52,aspect:2.00,roi_blue:3988,roi_white:5365,reject:width+aspect, line=blue_only(mask_px=10211,lines=1,best=len:146,angle:0.0,band:171x25,blue:1695,white:1763,reject:depth_invalid(valid_px=0,min_px=12)); combined(mask_px=54517,lines=0,reject=no_hough_line), blue_hsv=[95, 100, 60]-[125, 255, 255], white_hsv=[0, 0, 120]-[180, 90, 255][0m
[INFO] [1783752933.216179357] [limit_bar_duck_test]: [1;95m触发状态更新: trigger=True[0m
[INFO] [1783752933.283979915] [limit_bar_duck_test]: [1;95m触发状态更新: trigger=False[0m
[INFO] [1783752933.349315737] [limit_bar_duck_test]: [1;95m触发状态更新: trigger=True[0m
[INFO] [1783752933.416782527] [limit_bar_duck_test]: [1;95m触发状态更新: trigger=False[0m
[INFO] [1783752933.882507956] [limit_bar_duck_test]: [1;95m触发状态更新: trigger=True[0m
[INFO] [1783752933.949298841] [limit_bar_duck_test]: [1;34m最近限高杆: dist=0.521m, lateral=0.083m, vertical=0.029m, pixel=(261.5,134.0), size=324x54, source=component, line_len=324.0px, angle=0.0deg, depth_px=219, blue_px=3210, white_px=7210, blue_ratio=0.31, candidates=1, trigger=True[0m
[INFO] [1783752934.081985702] [limit_bar_duck_test]: [1;95m触发状态更新: trigger=False[0m
[INFO] [1783752934.549402728] [limit_bar_duck_test]: [1;95m触发状态更新: trigger=True[0m
[INFO] [1783752934.681416243] [limit_bar_duck_test]: [1;95m触发状态更新: trigger=False[0m
[INFO] [1783752934.748500221] [limit_bar_duck_test]: [1;95m触发状态更新: trigger=True[0m
[INFO] [1783752934.884538384] [limit_bar_duck_test]: [1;95m触发状态更新: trigger=False[0m
[INFO] [1783752934.948741413] [limit_bar_duck_test]: [1;95m触发状态更新: trigger=True[0m
[INFO] [1783752934.950430075] [limit_bar_duck_test]: [1;34m最近限高杆: dist=0.193m, lateral=-0.001m, vertical=0.015m, pixel=(211.5,141.0), size=424x73, source=component, line_len=424.0px, angle=0.0deg, depth_px=160, blue_px=4279, white_px=15669, blue_ratio=0.21, candidates=1, trigger=True[0m
[INFO] [1783752935.082009211] [limit_bar_duck_test]: [1;95m触发状态更新: trigger=False[0m
[INFO] [1783752935.147667915] [limit_bar_duck_test]: [1;95m触发状态更新: trigger=True[0m
[INFO] [1783752935.217781740] [limit_bar_duck_test]: [1;95m触发状态更新: trigger=False[0m
[INFO] [1783752935.349419749] [limit_bar_duck_test]: [1;95m触发状态更新: trigger=True[0m
[INFO] [1783752935.416785641] [limit_bar_duck_test]: [1;95m触发状态更新: trigger=False[0m
[INFO] [1783752935.550576973] [limit_bar_duck_test]: [1;95m触发状态更新: trigger=True[0m
[INFO] [1783752935.616233327] [limit_bar_duck_test]: [1;95m触发状态更新: trigger=False[0m
[INFO] [1783752935.682423280] [limit_bar_duck_test]: [1;95m触发状态更新: trigger=True[0m
[INFO] [1783752935.749564046] [limit_bar_duck_test]: [1;95m触发状态更新: trigger=False[0m
[INFO] [1783752935.952041128] [limit_bar_duck_test]: [0;33m未检测到有效限高杆: candidates=0, frame=1309, reason=orange_foreground_suppressed, orange=area=26341,box=424x209,bottom=0.87,ratios=(0.26,1.00,0.87), blue_hsv=[95, 100, 60]-[125, 255, 255], white_hsv=[0, 0, 120]-[180, 90, 255][0m
[INFO] [1783752937.014608755] [limit_bar_duck_test]: [0;33m未检测到有效限高杆: candidates=0, frame=1325, reason=orange_foreground_suppressed, orange=area=21156,box=424x240,bottom=1.00,ratios=(0.21,1.00,1.00), blue_hsv=[95, 100, 60]-[125, 255, 255], white_hsv=[0, 0, 120]-[180, 90, 255][0m
[INFO] [1783752938.081729452] [limit_bar_duck_test]: [0;33m未检测到有效限高杆: candidates=0, frame=1341, reason=orange_foreground_suppressed, orange=orange_vertical=area=5804,box=85x240,bottom=1.00,ratios=(0.06,0.20,1.00),aspect=2.82, blue_hsv=[95, 100, 60]-[125, 255, 255], white_hsv=[0, 0, 120]-[180, 90, 255][0m
[INFO] [1783752939.148110156] [limit_bar_duck_test]: [0;33m未检测到有效限高杆: candidates=0, frame=1357, reason=orange_foreground_suppressed, orange=area=8722,box=173x240,bottom=1.00,ratios=(0.09,0.41,1.00), blue_hsv=[95, 100, 60]-[125, 255, 255], white_hsv=[0, 0, 120]-[180, 90, 255][0m
[INFO] [1783752940.216872795] [limit_bar_duck_test]: [1;34m最近限高杆: dist=0.894m, lateral=-0.005m, vertical=0.160m, pixel=(211.5,171.0), size=424x138, source=component, line_len=424.0px, angle=0.0deg, depth_px=17817, blue_px=24347, white_px=23552, blue_ratio=0.51, candidates=1, trigger=False[0m
[INFO] [1783752941.217848001] [limit_bar_duck_test]: [1;34m最近限高杆: dist=0.856m, lateral=-0.134m, vertical=0.313m, pixel=(166.0,227.5), size=299x34, source=line, line_len=274.7px, angle=4.0deg, depth_px=9236, blue_px=5797, white_px=3741, blue_ratio=0.61, candidates=2, trigger=False[0m
[INFO] [1783752941.682650862] [limit_bar_duck_test]: [1;95m触发状态更新: trigger=True[0m
[INFO] [1783752941.750891154] [limit_bar_duck_test]: [1;95m触发状态更新: trigger=False[0m
[INFO] [1783752942.214991454] [limit_bar_duck_test]: [0;33m未检测到有效限高杆: candidates=0, frame=1403, reason=orange_foreground_suppressed, orange=area=11676,box=250x91,bottom=1.00,ratios=(0.11,0.59,0.38), blue_hsv=[95, 100, 60]-[125, 255, 255], white_hsv=[0, 0, 120]-[180, 90, 255][0m
[INFO] [1783752943.215116693] [limit_bar_duck_test]: [0;33m未检测到有效限高杆: candidates=0, frame=1418, reason=orange_foreground_suppressed, orange=area=8910,box=380x129,bottom=1.00,ratios=(0.09,0.90,0.54), blue_hsv=[95, 100, 60]-[125, 255, 255], white_hsv=[0, 0, 120]-[180, 90, 255][0m
[INFO] [1783752944.215227427] [limit_bar_duck_test]: [0;33m未检测到有效限高杆: candidates=0, frame=1433, reason=orange_foreground_suppressed, orange=area=59210,box=424x240,bottom=1.00,ratios=(0.58,1.00,1.00), blue_hsv=[95, 100, 60]-[125, 255, 255], white_hsv=[0, 0, 120]-[180, 90, 255][0m
[INFO] [1783752945.216258968] [limit_bar_duck_test]: [0;33m未检测到有效限高杆: candidates=0, frame=1448, reason=orange_foreground_suppressed, orange=area=47537,box=424x240,bottom=1.00,ratios=(0.47,1.00,1.00), blue_hsv=[95, 100, 60]-[125, 255, 255], white_hsv=[0, 0, 120]-[180, 90, 255][0m
[INFO] [1783752946.221697281] [limit_bar_duck_test]: [0;33m未检测到有效限高杆: candidates=0, frame=1463, reason=no_candidate, mask_px=blue:1554,white:32327,combined:34414, component=roi_y=120:240,search_blue_px=488,contours=4,largest=area:898,box:183x24,aspect:7.62,roi_blue:783,roi_white:2826,reject:area, line=blue_only(mask_px=1463,lines=0,reject=no_hough_line); combined(mask_px=34414,lines=0,reject=no_hough_line), blue_hsv=[95, 100, 60]-[125, 255, 255], white_hsv=[0, 0, 120]-[180, 90, 255][0m
[INFO] [1783752946.750658979] [limit_bar_duck_test]: [1;95m触发状态更新: trigger=True[0m
[INFO] [1783752946.817391201] [limit_bar_duck_test]: [1;95m触发状态更新: trigger=False[0m
[INFO] [1783752947.221313177] [limit_bar_duck_test]: [0;33m未检测到有效限高杆: candidates=0, frame=1478, reason=no_candidate, mask_px=blue:2585,white:53578,combined:58792, component=roi_y=120:240,search_blue_px=778,contours=1,largest=area:3517,box:424x17,aspect:24.94,roi_blue:1103,roi_white:8642,reject:height, line=blue_only(mask_px=2530,lines=0,reject=no_hough_line); combined(mask_px=58792,lines=1,best=len:143,angle:2.0,band:161x30,blue:13,white:2435,reject:blue_px), blue_hsv=[95, 100, 60]-[125, 255, 255], white_hsv=[0, 0, 120]-[180, 90, 255][0m
[INFO] [1783752948.222353775] [limit_bar_duck_test]: [0;33m未检测到有效限高杆: candidates=0, frame=1493, reason=no_candidate, mask_px=blue:4890,white:47770,combined:54187, component=roi_y=120:240,search_blue_px=999,contours=4,largest=area:678,box:164x12,aspect:13.67,roi_blue:1617,roi_white:4738,reject:area+width+height, line=blue_only(mask_px=4978,lines=0,reject=no_hough_line); combined(mask_px=54187,lines=0,reject=no_hough_line), blue_hsv=[95, 100, 60]-[125, 255, 255], white_hsv=[0, 0, 120]-[180, 90, 255][0m
[INFO] [1783752949.218944069] [limit_bar_duck_test]: [1;34m最近限高杆: dist=1.322m, lateral=-0.272m, vertical=0.158m, pixel=(151.0,153.0), size=303x83, source=component, line_len=303.0px, angle=0.0deg, depth_px=2410, blue_px=3745, white_px=13142, blue_ratio=0.22, candidates=1, trigger=False[0m
[INFO] [1783752950.218661168] [limit_bar_duck_test]: [0;33m未检测到有效限高杆: candidates=0, frame=1523, reason=orange_foreground_suppressed, orange=area=9916,box=218x240,bottom=1.00,ratios=(0.10,0.51,1.00), blue_hsv=[95, 100, 60]-[125, 255, 255], white_hsv=[0, 0, 120]-[180, 90, 255][0m
[INFO] [1783752951.286794476] [limit_bar_duck_test]: [1;34m最近限高杆: dist=0.997m, lateral=-0.006m, vertical=0.185m, pixel=(211.5,173.0), size=424x115, source=component, line_len=424.0px, angle=0.0deg, depth_px=10999, blue_px=14426, white_px=24368, blue_ratio=0.37, candidates=1, trigger=False[0m
[INFO] [1783752952.294726306] [limit_bar_duck_test]: [0;33m未检测到有效限高杆: candidates=0, frame=1554, reason=no_candidate, mask_px=blue:31316,white:20141,combined:52317, component=roi_y=120:240,search_blue_px=29543,contours=4,largest=area:30236,box:424x118,aspect:3.59,roi_blue:29976,roi_white:17605,reject:aspect, line=blue_only(mask_px=30977,lines=4,best=len:271,angle:-5.1,band:295x49,blue:7341,white:4012,reject:depth_invalid(valid_px=0,min_px=12)); combined(mask_px=52317,lines=0,reject=no_hough_line), blue_hsv=[95, 100, 60]-[125, 255, 255], white_hsv=[0, 0, 120]-[180, 90, 255][0m
[INFO] [1783752952.487683267] [limit_bar_duck_test]: [1;95m触发状态更新: trigger=True[0m
[INFO] [1783752952.554525216] [limit_bar_duck_test]: [1;95m触发状态更新: trigger=False[0m
[INFO] [1783752953.294374983] [limit_bar_duck_test]: [0;33m未检测到有效限高杆: candidates=0, frame=1569, reason=no_candidate, mask_px=blue:5065,white:45143,combined:51613, component=roi_y=120:240,search_blue_px=1405,contours=5,largest=area:1726,box:76x48,aspect:1.58,roi_blue:1902,roi_white:6378,reject:area+width+aspect, line=blue_only(mask_px=5474,lines=0,reject=no_hough_line); combined(mask_px=51613,lines=1,best=len:168,angle:-18.0,band:178x77,blue:1818,white:2224,reject:angle), blue_hsv=[95, 100, 60]-[125, 255, 255], white_hsv=[0, 0, 120]-[180, 90, 255][0m
[INFO] [1783752954.359677672] [limit_bar_duck_test]: [0;33m未检测到有效限高杆: candidates=0, frame=1585, reason=no_candidate, mask_px=blue:2508,white:46086,combined:50100, component=roi_y=120:240,search_blue_px=334,contours=5,largest=area:760,box:143x13,aspect:11.00,roi_blue:673,roi_white:5111,reject:area+width+height, line=blue_only(mask_px=2495,lines=0,reject=no_hough_line); combined(mask_px=50100,lines=0,reject=no_hough_line), blue_hsv=[95, 100, 60]-[125, 255, 255], white_hsv=[0, 0, 120]-[180, 90, 255][0m
[INFO] [1783752955.360647874] [limit_bar_duck_test]: [0;33m未检测到有效限高杆: candidates=0, frame=1600, reason=no_candidate, mask_px=blue:3793,white:49105,combined:54343, component=roi_y=120:240,search_blue_px=60,contours=6,largest=area:136,box:17x10,aspect:1.70,roi_blue:256,roi_white:6564,reject:area+width+height+aspect, line=blue_only(mask_px=3744,lines=0,reject=no_hough_line); combined(mask_px=54343,lines=0,reject=no_hough_line), blue_hsv=[95, 100, 60]-[125, 255, 255], white_hsv=[0, 0, 120]-[180, 90, 255][0m
[INFO] [1783752956.362987626] [limit_bar_duck_test]: [0;33m未检测到有效限高杆: candidates=0, frame=1615, reason=no_candidate, mask_px=blue:6630,white:37306,combined:45123, component=roi_y=120:240,search_blue_px=1368,contours=6,largest=area:1370,box:76x30,aspect:2.53,roi_blue:1346,roi_white:2305,reject:area+width+aspect, line=blue_only(mask_px=7043,lines=1,best=len:241,angle:0.0,band:266x25,blue:2399,white:582,reject:depth_invalid(valid_px=0,min_px=12)); combined(mask_px=45123,lines=2,best=len:155,angle:-1.1,band:180x28,blue:0,white:2758,reject:blue_px), blue_hsv=[95, 100, 60]-[125, 255, 255], white_hsv=[0, 0, 120]-[180, 90, 255][0m
[INFO] [1783752957.361355325] [limit_bar_duck_test]: [0;33m未检测到有效限高杆: candidates=0, frame=1630, reason=no_candidate, mask_px=blue:5567,white:34988,combined:41312, component=roi_y=120:240,search_blue_px=1429,contours=9,largest=area:1327,box:62x37,aspect:1.68,roi_blue:1380,roi_white:2415,reject:area+width+aspect, line=blue_only(mask_px=5716,lines=0,reject=no_hough_line); combined(mask_px=41312,lines=1,best=len:180,angle:-2.9,band:205x34,blue:0,white:3793,reject:blue_px), blue_hsv=[95, 100, 60]-[125, 255, 255], white_hsv=[0, 0, 120]-[180, 90, 255][0m
[INFO] [1783752958.359625767] [limit_bar_duck_test]: [1;34m最近限高杆: dist=0.919m, lateral=0.010m, vertical=-0.054m, pixel=(216.5,99.0), size=218x35, source=line, line_len=193.3px, angle=3.0deg, depth_px=46, blue_px=2289, white_px=881, blue_ratio=0.72, candidates=1, trigger=False[0m
[INFO] [1783752959.358518230] [limit_bar_duck_test]: [0;33m未检测到有效限高杆: candidates=0, frame=1660, reason=orange_foreground_suppressed, orange=area=21984,box=421x126,bottom=1.00,ratios=(0.22,0.99,0.53), blue_hsv=[95, 100, 60]-[125, 255, 255], white_hsv=[0, 0, 120]-[180, 90, 255][0m
[INFO] [1783752960.364258952] [limit_bar_duck_test]: [0;33m未检测到有效限高杆: candidates=0, frame=1675, reason=no_candidate, mask_px=blue:1623,white:27058,combined:31640, component=roi_y=120:240,search_blue_px=0,contours=0,reject=no_blue_component, line=blue_only(mask_px=1794,lines=0,reject=no_hough_line); combined(mask_px=31640,lines=0,reject=no_hough_line), blue_hsv=[95, 100, 60]-[125, 255, 255], white_hsv=[0, 0, 120]-[180, 90, 255][0m
[INFO] [1783752961.359364266] [limit_bar_duck_test]: [0;33m未检测到有效限高杆: candidates=0, frame=1690, reason=orange_foreground_suppressed, orange=area=11691,box=301x65,bottom=1.00,ratios=(0.11,0.71,0.27), blue_hsv=[95, 100, 60]-[125, 255, 255], white_hsv=[0, 0, 120]-[180, 90, 255][0m
[INFO] [1783752962.360997982] [limit_bar_duck_test]: [0;33m未检测到有效限高杆: candidates=0, frame=1705, reason=orange_foreground_suppressed, orange=area=99682,box=424x240,bottom=1.00,ratios=(0.98,1.00,1.00), blue_hsv=[95, 100, 60]-[125, 255, 255], white_hsv=[0, 0, 120]-[180, 90, 255][0m
[INFO] [1783752963.372816139] [limit_bar_duck_test]: [0;33m未检测到有效限高杆: candidates=0, frame=1720, reason=no_candidate, mask_px=blue:5026,white:37665,combined:43731, component=roi_y=120:240,search_blue_px=1388,contours=5,largest=area:1824,box:90x45,aspect:2.00,roi_blue:1572,roi_white:2961,reject:width+aspect, line=blue_only(mask_px=5006,lines=0,reject=no_hough_line); combined(mask_px=43731,lines=4,best=len:208,angle:-1.1,band:233x29,blue:44,white:2123,reject:depth_invalid(valid_px=0,min_px=12)), blue_hsv=[95, 100, 60]-[125, 255, 255], white_hsv=[0, 0, 120]-[180, 90, 255][0m
[INFO] [1783752964.370859860] [limit_bar_duck_test]: [0;33m未检测到有效限高杆: candidates=0, frame=1735, reason=no_candidate, mask_px=blue:4912,white:41261,combined:47511, component=roi_y=120:240,search_blue_px=1155,contours=5,largest=area:1388,box:98x42,aspect:2.33,roi_blue:1223,roi_white:3522,reject:area+width+aspect, line=blue_only(mask_px=4841,lines=0,reject=no_hough_line); combined(mask_px=47511,lines=2,best=len:173,angle:0.0,band:198x25,blue:11,white:1445,reject:blue_px), blue_hsv=[95, 100, 60]-[125, 255, 255], white_hsv=[0, 0, 120]-[180, 90, 255][0m
[INFO] [1783752965.371229722] [limit_bar_duck_test]: [0;33m未检测到有效限高杆: candidates=0, frame=1750, reason=no_candidate, mask_px=blue:5666,white:33716,combined:40980, component=roi_y=120:240,search_blue_px=3172,contours=4,largest=area:3184,box:270x22,aspect:12.27,roi_blue:3714,roi_white:3129,reject:depth_invalid(valid_px=0,min_px=12), line=blue_only(mask_px=5891,lines=0,reject=no_hough_line); combined(mask_px=40980,lines=3,best=len:221,angle:-2.1,band:246x33,blue:0,white:4197,reject:blue_px), blue_hsv=[95, 100, 60]-[125, 255, 255], white_hsv=[0, 0, 120]-[180, 90, 255][0m
[INFO] [1783752966.364996448] [limit_bar_duck_test]: [0;33m未检测到有效限高杆: candidates=0, frame=1765, reason=orange_foreground_suppressed, orange=area=14782,box=364x91,bottom=1.00,ratios=(0.15,0.86,0.38), blue_hsv=[95, 100, 60]-[125, 255, 255], white_hsv=[0, 0, 120]-[180, 90, 255][0m
[INFO] [1783752967.367734160] [limit_bar_duck_test]: [0;33m未检测到有效限高杆: candidates=0, frame=1780, reason=orange_foreground_suppressed, orange=area=8456,box=226x45,bottom=0.86,ratios=(0.08,0.53,0.19), blue_hsv=[95, 100, 60]-[125, 255, 255], white_hsv=[0, 0, 120]-[180, 90, 255][0m
[INFO] [1783752968.365750536] [limit_bar_duck_test]: [0;33m未检测到有效限高杆: candidates=0, frame=1795, reason=orange_foreground_suppressed, orange=area=15644,box=368x53,bottom=0.94,ratios=(0.15,0.87,0.22), blue_hsv=[95, 100, 60]-[125, 255, 255], white_hsv=[0, 0, 120]-[180, 90, 255][0m
[INFO] [1783752969.367293048] [limit_bar_duck_test]: [0;33m未检测到有效限高杆: candidates=0, frame=1810, reason=orange_foreground_suppressed, orange=area=16964,box=385x52,bottom=0.94,ratios=(0.17,0.91,0.22), blue_hsv=[95, 100, 60]-[125, 255, 255], white_hsv=[0, 0, 120]-[180, 90, 255][0m
[INFO] [1783752970.367273362] [limit_bar_duck_test]: [0;33m未检测到有效限高杆: candidates=0, frame=1825, reason=orange_foreground_suppressed, orange=area=17690,box=388x56,bottom=0.96,ratios=(0.17,0.92,0.23), blue_hsv=[95, 100, 60]-[125, 255, 255], white_hsv=[0, 0, 120]-[180, 90, 255][0m
[INFO] [1783752971.368211987] [limit_bar_duck_test]: [0;33m未检测到有效限高杆: candidates=0, frame=1840, reason=orange_foreground_suppressed, orange=area=15766,box=358x69,bottom=1.00,ratios=(0.15,0.84,0.29), blue_hsv=[95, 100, 60]-[125, 255, 255], white_hsv=[0, 0, 120]-[180, 90, 255][0m
[INFO] [1783752972.377257909] [limit_bar_duck_test]: [0;33m未检测到有效限高杆: candidates=0, frame=1855, reason=no_candidate, mask_px=blue:4832,white:33660,combined:41424, component=roi_y=120:240,search_blue_px=1326,contours=3,largest=area:3457,box:174x24,aspect:7.25,roi_blue:2781,roi_white:6151,reject:width, line=blue_only(mask_px=5122,lines=0,reject=no_hough_line); combined(mask_px=41424,lines=4,best=len:220,angle:-1.0,band:245x29,blue:0,white:3519,reject:blue_px), blue_hsv=[95, 100, 60]-[125, 255, 255], white_hsv=[0, 0, 120]-[180, 90, 255][0m
[INFO] [1783752973.369779178] [limit_bar_duck_test]: [0;33m未检测到有效限高杆: candidates=0, frame=1870, reason=orange_foreground_suppressed, orange=area=28626,box=424x84,bottom=1.00,ratios=(0.28,1.00,0.35), blue_hsv=[95, 100, 60]-[125, 255, 255], white_hsv=[0, 0, 120]-[180, 90, 255][0m
[INFO] [1783752974.371148736] [limit_bar_duck_test]: [0;33m未检测到有效限高杆: candidates=0, frame=1885, reason=orange_foreground_suppressed, orange=area=22196,box=424x73,bottom=1.00,ratios=(0.22,1.00,0.30), blue_hsv=[95, 100, 60]-[125, 255, 255], white_hsv=[0, 0, 120]-[180, 90, 255][0m
[INFO] [1783752975.381106936] [limit_bar_duck_test]: [0;33m未检测到有效限高杆: candidates=0, frame=1900, reason=no_candidate, mask_px=blue:18012,white:29440,combined:50181, component=roi_y=120:240,search_blue_px=11775,contours=2,largest=area:16278,box:424x120,aspect:3.53,roi_blue:13919,roi_white:21325,reject:aspect, line=blue_only(mask_px=18571,lines=0,reject=no_hough_line); combined(mask_px=50181,lines=0,reject=no_hough_line), blue_hsv=[95, 100, 60]-[125, 255, 255], white_hsv=[0, 0, 120]-[180, 90, 255][0m
[INFO] [1783752976.381491522] [limit_bar_duck_test]: [0;33m未检测到有效限高杆: candidates=0, frame=1915, reason=no_candidate, mask_px=blue:17265,white:35214,combined:55823, component=roi_y=120:240,search_blue_px=10794,contours=4,largest=area:11230,box:220x120,aspect:1.83,roi_blue:10086,roi_white:15574,reject:aspect, line=blue_only(mask_px=18007,lines=0,reject=no_hough_line); combined(mask_px=55823,lines=2,best=len:236,angle:-40.0,band:206x177,blue:6468,white:10910,reject:angle), blue_hsv=[95, 100, 60]-[125, 255, 255], white_hsv=[0, 0, 120]-[180, 90, 255][0m
[INFO] [1783752977.381816892] [limit_bar_duck_test]: [0;33m未检测到有效限高杆: candidates=0, frame=1930, reason=no_candidate, mask_px=blue:17226,white:31915,combined:52344, component=roi_y=120:240,search_blue_px=11195,contours=4,largest=area:15780,box:402x120,aspect:3.35,roi_blue:13631,roi_white:21167,reject:aspect, line=blue_only(mask_px=17668,lines=0,reject=no_hough_line); combined(mask_px=52344,lines=1,best=len:179,angle:1.0,band:192x28,blue:94,white:2458,reject:depth_invalid(valid_px=0,min_px=12)), blue_hsv=[95, 100, 60]-[125, 255, 255], white_hsv=[0, 0, 120]-[180, 90, 255][0m
[INFO] [1783752978.383291594] [limit_bar_duck_test]: [0;33m未检测到有效限高杆: candidates=0, frame=1945, reason=no_candidate, mask_px=blue:15584,white:33892,combined:53730, component=roi_y=120:240,search_blue_px=10527,contours=2,largest=area:15112,box:402x120,aspect:3.35,roi_blue:12346,roi_white:22724,reject:aspect, line=blue_only(mask_px=16035,lines=0,reject=no_hough_line); combined(mask_px=53730,lines=1,best=len:158,angle:20.7,band:168x70,blue:8,white:5023,reject:angle+blue_px), blue_hsv=[95, 100, 60]-[125, 255, 255], white_hsv=[0, 0, 120]-[180, 90, 255][0m
[INFO] [1783752979.385913095] [limit_bar_duck_test]: [0;33m未检测到有效限高杆: candidates=0, frame=1960, reason=no_candidate, mask_px=blue:15706,white:33457,combined:53102, component=roi_y=120:240,search_blue_px=10546,contours=2,largest=area:14969,box:402x120,aspect:3.35,roi_blue:12429,roi_white:22528,reject:aspect, line=blue_only(mask_px=16031,lines=0,reject=no_hough_line); combined(mask_px=53102,lines=0,reject=no_hough_line), blue_hsv=[95, 100, 60]-[125, 255, 255], white_hsv=[0, 0, 120]-[180, 90, 255][0m
[INFO] [1783752980.387205217] [limit_bar_duck_test]: [0;33m未检测到有效限高杆: candidates=0, frame=1975, reason=no_candidate, mask_px=blue:15361,white:33694,combined:53088, component=roi_y=120:240,search_blue_px=10383,contours=2,largest=area:14596,box:402x120,aspect:3.35,roi_blue:12208,roi_white:22208,reject:aspect, line=blue_only(mask_px=15776,lines=1,best=len:149,angle:1.9,band:174x30,blue:2282,white:1171,reject:depth_invalid(valid_px=0,min_px=12)); combined(mask_px=53088,lines=0,reject=no_hough_line), blue_hsv=[95, 100, 60]-[125, 255, 255], white_hsv=[0, 0, 120]-[180, 90, 255][0m
[INFO] [1783752981.382742763] [limit_bar_duck_test]: [1;34m最近限高杆: dist=1.263m, lateral=0.504m, vertical=0.307m, pixel=(334.0,190.5), size=191x28, source=line, line_len=178.0px, angle=1.0deg, depth_px=540, blue_px=83, white_px=1946, blue_ratio=0.04, candidates=1, trigger=False[0m
[INFO] [1783752982.456492958] [limit_bar_duck_test]: [0;33m未检测到有效限高杆: candidates=0, frame=2006, reason=no_candidate, mask_px=blue:15695,white:32720,combined:52629, component=roi_y=120:240,search_blue_px=10470,contours=2,largest=area:14787,box:402x120,aspect:3.35,roi_blue:12377,roi_white:21490,reject:aspect, line=blue_only(mask_px=16078,lines=0,reject=no_hough_line); combined(mask_px=52629,lines=1,best=len:141,angle:-6.9,band:165x42,blue:24,white:1941,reject:blue_px), blue_hsv=[95, 100, 60]-[125, 255, 255], white_hsv=[0, 0, 120]-[180, 90, 255][0m
[INFO] [1783752983.528503541] [limit_bar_duck_test]: [0;33m未检测到有效限高杆: candidates=0, frame=2022, reason=no_candidate, mask_px=blue:16108,white:31232,combined:51888, component=roi_y=120:240,search_blue_px=10619,contours=2,largest=area:15154,box:402x120,aspect:3.35,roi_blue:12591,roi_white:20893,reject:aspect, line=blue_only(mask_px=16332,lines=0,reject=no_hough_line); combined(mask_px=51888,lines=2,best=len:188,angle:-6.7,band:212x47,blue:556,white:2019,reject:depth_invalid(valid_px=0,min_px=12)), blue_hsv=[95, 100, 60]-[125, 255, 255], white_hsv=[0, 0, 120]-[180, 90, 255][0m
[INFO] [1783752984.589496010] [limit_bar_duck_test]: [0;33m未检测到有效限高杆: candidates=0, frame=2038, reason=no_candidate, mask_px=blue:16152,white:30965,combined:51544, component=roi_y=120:240,search_blue_px=10759,contours=3,largest=area:14975,box:402x120,aspect:3.35,roi_blue:12664,roi_white:19551,reject:aspect, line=blue_only(mask_px=16325,lines=0,reject=no_hough_line); combined(mask_px=51544,lines=0,reject=no_hough_line), blue_hsv=[95, 100, 60]-[125, 255, 255], white_hsv=[0, 0, 120]-[180, 90, 255][0m
[INFO] [1783752985.592180668] [limit_bar_duck_test]: [0;33m未检测到有效限高杆: candidates=0, frame=2053, reason=no_candidate, mask_px=blue:15613,white:32897,combined:52921, component=roi_y=120:240,search_blue_px=10553,contours=4,largest=area:15250,box:402x120,aspect:3.35,roi_blue:12345,roi_white:20032,reject:aspect, line=blue_only(mask_px=15934,lines=1,best=len:157,angle:-26.9,band:165x96,blue:3382,white:2538,reject:angle); combined(mask_px=52921,lines=0,reject=no_hough_line), blue_hsv=[95, 100, 60]-[125, 255, 255], white_hsv=[0, 0, 120]-[180, 90, 255][0m
[INFO] [1783752986.591365158] [limit_bar_duck_test]: [0;33m未检测到有效限高杆: candidates=0, frame=2068, reason=no_candidate, mask_px=blue:16315,white:33722,combined:54252, component=roi_y=120:240,search_blue_px=12597,contours=3,largest=area:26480,box:424x120,aspect:3.53,roi_blue:15023,roi_white:17073,reject:aspect, line=blue_only(mask_px=16447,lines=1,best=len:148,angle:-16.8,band:167x68,blue:4604,white:1883,reject:angle); combined(mask_px=54252,lines=0,reject=no_hough_line), blue_hsv=[95, 100, 60]-[125, 255, 255], white_hsv=[0, 0, 120]-[180, 90, 255][0m
[INFO] [1783752987.658591142] [limit_bar_duck_test]: [0;33m未检测到有效限高杆: candidates=0, frame=2084, reason=no_candidate, mask_px=blue:11375,white:39664,combined:54287, component=roi_y=120:240,search_blue_px=8834,contours=5,largest=area:18548,box:392x120,aspect:3.27,roi_blue:10392,roi_white:22280,reject:aspect, line=blue_only(mask_px=11395,lines=0,reject=no_hough_line); combined(mask_px=54287,lines=0,reject=no_hough_line), blue_hsv=[95, 100, 60]-[125, 255, 255], white_hsv=[0, 0, 120]-[180, 90, 255][0m
[INFO] [1783752988.654732019] [limit_bar_duck_test]: [0;33m未检测到有效限高杆: candidates=0, frame=2099, reason=orange_foreground_suppressed, orange=area=10010,box=213x75,bottom=0.97,ratios=(0.10,0.50,0.31), blue_hsv=[95, 100, 60]-[125, 255, 255], white_hsv=[0, 0, 120]-[180, 90, 255][0m
[INFO] [1783752989.724533951] [limit_bar_duck_test]: [0;33m未检测到有效限高杆: candidates=0, frame=2115, reason=no_candidate, mask_px=blue:14243,white:19621,combined:34546, component=roi_y=120:240,search_blue_px=13622,contours=3,largest=area:7890,box:151x63,aspect:2.40,roi_blue:7973,roi_white:5669,reject:width+aspect, line=blue_only(mask_px=14137,lines=0,reject=no_hough_line); combined(mask_px=34546,lines=0,reject=no_hough_line), blue_hsv=[95, 100, 60]-[125, 255, 255], white_hsv=[0, 0, 120]-[180, 90, 255][0m
[INFO] [1783752989.787303514] [limit_bar_duck_test]: [1;95m触发状态更新: trigger=True[0m
[INFO] [1783752989.919934115] [limit_bar_duck_test]: [1;95m触发状态更新: trigger=False[0m
[INFO] [1783752990.254801392] [limit_bar_duck_test]: [1;95m触发状态更新: trigger=True[0m
[INFO] [1783752990.719922835] [limit_bar_duck_test]: [1;95m触发状态更新: trigger=False[0m
[INFO] [1783752990.787490968] [limit_bar_duck_test]: [0;33m未检测到有效限高杆: candidates=0, frame=2131, reason=orange_foreground_suppressed, orange=area=12972,box=282x72,bottom=1.00,ratios=(0.13,0.67,0.30), blue_hsv=[95, 100, 60]-[125, 255, 255], white_hsv=[0, 0, 120]-[180, 90, 255][0m
[INFO] [1783752991.788089377] [limit_bar_duck_test]: [0;33m未检测到有效限高杆: candidates=0, frame=2146, reason=orange_foreground_suppressed, orange=area=17428,box=333x82,bottom=1.00,ratios=(0.17,0.79,0.34), blue_hsv=[95, 100, 60]-[125, 255, 255], white_hsv=[0, 0, 120]-[180, 90, 255][0m
[INFO] [1783752992.389918170] [limit_bar_duck_test]: [1;95m触发状态更新: trigger=True[0m
[INFO] [1783752992.792054139] [limit_bar_duck_test]: [1;34m最近限高杆: dist=0.194m, lateral=0.002m, vertical=0.015m, pixel=(216.5,140.0), size=414x70, source=component, line_len=414.0px, angle=0.0deg, depth_px=146, blue_px=4737, white_px=11618, blue_ratio=0.29, candidates=1, trigger=True[0m
[INFO] [1783752993.790510507] [limit_bar_duck_test]: [1;34m最近限高杆: dist=0.194m, lateral=0.002m, vertical=0.014m, pixel=(216.5,138.0), size=414x73, source=component, line_len=414.0px, angle=0.0deg, depth_px=135, blue_px=5089, white_px=11480, blue_ratio=0.31, candidates=1, trigger=True[0m
[INFO] [1783752994.792255705] [limit_bar_duck_test]: [1;34m最近限高杆: dist=0.196m, lateral=0.002m, vertical=0.018m, pixel=(216.5,144.0), size=414x58, source=component, line_len=414.0px, angle=0.0deg, depth_px=132, blue_px=4826, white_px=10805, blue_ratio=0.31, candidates=1, trigger=True[0m
[INFO] [1783752995.591517352] [limit_bar_duck_test]: [1;95m触发状态更新: trigger=False[0m
[INFO] [1783752995.725798288] [limit_bar_duck_test]: [1;95m触发状态更新: trigger=True[0m
[INFO] [1783752995.792911093] [limit_bar_duck_test]: [1;95m触发状态更新: trigger=False[0m
[INFO] [1783752995.794342477] [limit_bar_duck_test]: [1;34m最近限高杆: dist=0.198m, lateral=0.002m, vertical=0.014m, pixel=(216.5,139.0), size=414x71, source=component, line_len=414.0px, angle=0.0deg, depth_px=114, blue_px=5521, white_px=11277, blue_ratio=0.33, candidates=1, trigger=False[0m
[INFO] [1783752995.993556264] [limit_bar_duck_test]: [1;95m触发状态更新: trigger=True[0m
[INFO] [1783752996.125934550] [limit_bar_duck_test]: [1;95m触发状态更新: trigger=False[0m
[INFO] [1783752996.201585007] [limit_bar_duck_test]: [1;95m触发状态更新: trigger=True[0m
[INFO] [1783752996.794221412] [limit_bar_duck_test]: [1;34m最近限高杆: dist=0.196m, lateral=0.002m, vertical=0.014m, pixel=(216.5,139.0), size=414x71, source=component, line_len=414.0px, angle=0.0deg, depth_px=127, blue_px=5556, white_px=11301, blue_ratio=0.33, candidates=1, trigger=True[0m
[INFO] [1783752997.126710997] [limit_bar_duck_test]: [1;95m触发状态更新: trigger=False[0m
[INFO] [1783752997.595264262] [limit_bar_duck_test]: [1;95m触发状态更新: trigger=True[0m
[INFO] [1783752997.661229068] [limit_bar_duck_test]: [1;95m触发状态更新: trigger=False[0m
[INFO] [1783752997.796641416] [limit_bar_duck_test]: [1;34m最近限高杆: dist=0.200m, lateral=0.002m, vertical=0.019m, pixel=(216.5,146.0), size=414x58, source=component, line_len=414.0px, angle=0.0deg, depth_px=118, blue_px=4951, white_px=10819, blue_ratio=0.31, candidates=1, trigger=False[0m
[INFO] [1783752998.661407675] [limit_bar_duck_test]: [1;95m触发状态更新: trigger=True[0m
[INFO] [1783752998.795465140] [limit_bar_duck_test]: [1;34m最近限高杆: dist=0.197m, lateral=0.002m, vertical=0.014m, pixel=(217.0,139.0), size=413x74, source=component, line_len=413.0px, angle=0.0deg, depth_px=134, blue_px=5176, white_px=11936, blue_ratio=0.30, candidates=1, trigger=True[0m
[INFO] [1783752998.861702081] [limit_bar_duck_test]: [1;95m触发状态更新: trigger=False[0m
[INFO] [1783752999.262256012] [limit_bar_duck_test]: [1;95m触发状态更新: trigger=True[0m
[INFO] [1783752999.595243162] [limit_bar_duck_test]: [1;95m触发状态更新: trigger=False[0m
[INFO] [1783752999.795252579] [limit_bar_duck_test]: [1;95m触发状态更新: trigger=True[0m
[INFO] [1783752999.796914119] [limit_bar_duck_test]: [1;34m最近限高杆: dist=0.195m, lateral=0.002m, vertical=0.020m, pixel=(217.0,148.0), size=413x57, source=component, line_len=413.0px, angle=0.0deg, depth_px=126, blue_px=4523, white_px=10871, blue_ratio=0.29, candidates=1, trigger=True[0m
[INFO] [1783753000.528423778] [limit_bar_duck_test]: [1;95m触发状态更新: trigger=False[0m
[INFO] [1783753000.795898220] [limit_bar_duck_test]: [1;34m最近限高杆: dist=0.194m, lateral=0.002m, vertical=0.022m, pixel=(217.0,152.0), size=413x54, source=component, line_len=413.0px, angle=0.0deg, depth_px=69, blue_px=4514, white_px=9948, blue_ratio=0.31, candidates=1, trigger=False[0m
[INFO] [1783753001.796505463] [limit_bar_duck_test]: [1;95m触发状态更新: trigger=True[0m
[INFO] [1783753001.797950041] [limit_bar_duck_test]: [1;34m最近限高杆: dist=0.196m, lateral=0.002m, vertical=0.014m, pixel=(216.5,139.0), size=414x74, source=component, line_len=414.0px, angle=0.0deg, depth_px=124, blue_px=4715, white_px=12104, blue_ratio=0.28, candidates=1, trigger=True[0m
[INFO] [1783753001.996101336] [limit_bar_duck_test]: [1;95m触发状态更新: trigger=False[0m
[INFO] [1783753002.062305045] [limit_bar_duck_test]: [1;95m触发状态更新: trigger=True[0m
[INFO] [1783753002.263293490] [limit_bar_duck_test]: [1;95m触发状态更新: trigger=False[0m
[INFO] [1783753002.329821611] [limit_bar_duck_test]: [1;95m触发状态更新: trigger=True[0m
[INFO] [1783753002.462673695] [limit_bar_duck_test]: [1;95m触发状态更新: trigger=False[0m
[INFO] [1783753002.595927196] [limit_bar_duck_test]: [1;95m触发状态更新: trigger=True[0m
[INFO] [1783753002.663240770] [limit_bar_duck_test]: [1;95m触发状态更新: trigger=False[0m
[INFO] [1783753002.797773399] [limit_bar_duck_test]: [1;34m最近限高杆: dist=0.196m, lateral=0.002m, vertical=0.014m, pixel=(216.5,139.0), size=414x74, source=component, line_len=414.0px, angle=0.0deg, depth_px=106, blue_px=5213, white_px=11655, blue_ratio=0.31, candidates=1, trigger=False[0m
[INFO] [1783753003.798274481] [limit_bar_duck_test]: [1;34m最近限高杆: dist=0.197m, lateral=0.002m, vertical=0.015m, pixel=(216.5,140.0), size=414x70, source=component, line_len=414.0px, angle=0.0deg, depth_px=104, blue_px=5061, white_px=11437, blue_ratio=0.31, candidates=1, trigger=False[0m
[INFO] [1783753004.798766879] [limit_bar_duck_test]: [1;34m最近限高杆: dist=0.196m, lateral=0.002m, vertical=0.014m, pixel=(216.5,138.0), size=414x73, source=component, line_len=414.0px, angle=0.0deg, depth_px=104, blue_px=5601, white_px=11410, blue_ratio=0.33, candidates=1, trigger=False[0m
[INFO] [1783753005.800361351] [limit_bar_duck_test]: [1;34m最近限高杆: dist=0.195m, lateral=0.002m, vertical=0.014m, pixel=(216.5,139.0), size=414x74, source=component, line_len=414.0px, angle=0.0deg, depth_px=102, blue_px=5399, white_px=11526, blue_ratio=0.32, candidates=1, trigger=False[0m
[INFO] [1783753006.799656896] [limit_bar_duck_test]: [1;34m最近限高杆: dist=0.198m, lateral=0.002m, vertical=0.014m, pixel=(216.5,139.0), size=414x74, source=component, line_len=414.0px, angle=0.0deg, depth_px=95, blue_px=5644, white_px=11390, blue_ratio=0.33, candidates=1, trigger=False[0m
[INFO] [1783753007.802103680] [limit_bar_duck_test]: [1;34m最近限高杆: dist=0.197m, lateral=0.002m, vertical=0.014m, pixel=(216.5,139.0), size=414x74, source=component, line_len=414.0px, angle=0.0deg, depth_px=97, blue_px=5598, white_px=11463, blue_ratio=0.33, candidates=1, trigger=False[0m
[INFO] [1783753008.802937192] [limit_bar_duck_test]: [1;34m最近限高杆: dist=1.217m, lateral=0.013m, vertical=0.089m, pixel=(216.5,139.0), size=414x74, source=component, line_len=414.0px, angle=0.0deg, depth_px=92, blue_px=5663, white_px=11456, blue_ratio=0.33, candidates=1, trigger=False[0m
[INFO] [1783753009.803403352] [limit_bar_duck_test]: [1;34m最近限高杆: dist=0.198m, lateral=0.002m, vertical=0.020m, pixel=(216.5,147.0), size=414x58, source=component, line_len=414.0px, angle=0.0deg, depth_px=102, blue_px=4924, white_px=10722, blue_ratio=0.31, candidates=1, trigger=False[0m
[INFO] [1783753010.803845510] [limit_bar_duck_test]: [1;34m最近限高杆: dist=0.195m, lateral=0.002m, vertical=0.014m, pixel=(216.5,139.0), size=414x74, source=component, line_len=414.0px, angle=0.0deg, depth_px=101, blue_px=5609, white_px=11476, blue_ratio=0.33, candidates=1, trigger=False[0m
[INFO] [1783753011.805363148] [limit_bar_duck_test]: [1;34m最近限高杆: dist=0.195m, lateral=0.002m, vertical=0.019m, pixel=(216.5,147.0), size=414x58, source=component, line_len=414.0px, angle=0.0deg, depth_px=101, blue_px=4930, white_px=10696, blue_ratio=0.32, candidates=1, trigger=False[0m
[INFO] [1783753012.804878641] [limit_bar_duck_test]: [1;34m最近限高杆: dist=0.195m, lateral=0.002m, vertical=0.014m, pixel=(216.5,139.0), size=414x74, source=component, line_len=414.0px, angle=0.0deg, depth_px=101, blue_px=5648, white_px=11516, blue_ratio=0.33, candidates=1, trigger=False[0m
[INFO] [1783753013.806196379] [limit_bar_duck_test]: [1;34m最近限高杆: dist=1.200m, lateral=0.013m, vertical=0.119m, pixel=(216.5,147.0), size=414x58, source=component, line_len=414.0px, angle=0.0deg, depth_px=102, blue_px=4817, white_px=10785, blue_ratio=0.31, candidates=1, trigger=False[0m
[INFO] [1783753014.805907486] [limit_bar_duck_test]: [1;34m最近限高杆: dist=0.197m, lateral=0.002m, vertical=0.020m, pixel=(216.5,147.0), size=414x58, source=component, line_len=414.0px, angle=0.0deg, depth_px=102, blue_px=4951, white_px=10731, blue_ratio=0.32, candidates=1, trigger=False[0m
[INFO] [1783753015.808324280] [limit_bar_duck_test]: [1;34m最近限高杆: dist=0.199m, lateral=0.002m, vertical=0.015m, pixel=(216.5,139.0), size=414x70, source=component, line_len=414.0px, angle=0.0deg, depth_px=111, blue_px=5067, white_px=11410, blue_ratio=0.31, candidates=1, trigger=False[0m
[INFO] [1783753016.273712227] [limit_bar_duck_test]: [1;95m触发状态更新: trigger=True[0m
[INFO] [1783753016.340075960] [limit_bar_duck_test]: [1;95m触发状态更新: trigger=False[0m
[INFO] [1783753016.406884742] [limit_bar_duck_test]: [1;95m触发状态更新: trigger=True[0m
[INFO] [1783753016.473296024] [limit_bar_duck_test]: [1;95m触发状态更新: trigger=False[0m
[INFO] [1783753016.673122596] [limit_bar_duck_test]: [1;95m触发状态更新: trigger=True[0m
[INFO] [1783753016.739585829] [limit_bar_duck_test]: [1;95m触发状态更新: trigger=False[0m
[INFO] [1783753016.806887463] [limit_bar_duck_test]: [1;34m最近限高杆: dist=0.197m, lateral=0.002m, vertical=0.014m, pixel=(216.5,138.0), size=414x70, source=component, line_len=414.0px, angle=0.0deg, depth_px=117, blue_px=5561, white_px=11076, blue_ratio=0.33, candidates=1, trigger=False[0m
[INFO] [1783753017.806872325] [limit_bar_duck_test]: [1;95m触发状态更新: trigger=True[0m
[INFO] [1783753017.808471870] [limit_bar_duck_test]: [1;34m最近限高杆: dist=0.196m, lateral=0.002m, vertical=0.014m, pixel=(216.5,138.0), size=414x71, source=component, line_len=414.0px, angle=0.0deg, depth_px=120, blue_px=5512, white_px=11406, blue_ratio=0.33, candidates=1, trigger=True[0m
[INFO] [1783753017.941810733] [limit_bar_duck_test]: [1;95m触发状态更新: trigger=False[0m
[INFO] [1783753018.207217163] [limit_bar_duck_test]: [1;95m触发状态更新: trigger=True[0m
                                                                                                                                                                                                                                                                                                                                                                                                                                                                                                                                                                                                                                                                                                                                                                                                                                                                                                                                                                                                                                                                                                                                                                                                                                                                                                                                                                                                                                                                                                                                                                                                                                                                                                                                                                                                                                                                 