[INFO] [1783729368.413437996] [stairs_manager]: obstacle_manager inactive on startup: start_waypoint_index=0, stop_after_waypoint_index=0
[INFO] [1783729394.904781577] [stairs_manager]: [1;35m发布模式: 1 (下坡)[0m
[INFO] [1783729394.905089826] [stairs_manager]: [1;35m发布上坡步长滤波: False[0m
[INFO] [1783729394.905344901] [stairs_manager]: [1;35m发布路径修正profile: 1 (0=关闭, 1=普通, 2=上坡强修正, 3=强修正符号验证)[0m
[INFO] [1783729394.905628056] [stairs_manager]: obstacle_manager activated: reason=external_topic, start_waypoint_index=0, stop_after_waypoint_index=0, inherit_previous_waypoint_segment_state=False
[INFO] [1783729394.940561429] [stairs_manager]: 解析机身相对 waypoint[0]=small_ramp_entry: source=(0.014,-0.004,-0.0deg), anchor=(0.014,-0.004,current_pose), body_offset=(forward=1.580, left=0.000), yaw_mode=delta, yaw_delta=0.0deg, ref_yaw_source=current, ref_yaw=-0.0deg, target=(0.015,1.576,-0.0deg), frame=camera_init
[INFO] [1783729394.941281978] [stairs_manager]: [1;35m发布路径修正profile: 0 (0=关闭, 1=普通, 2=上坡强修正, 3=强修正符号验证)[0m
[INFO] [1783729394.941840756] [stairs_manager]: [1;36m发送直驱覆盖点[1/18](attempt=1): small_ramp_entry -> x=0.015, y=1.576, yaw=-0.0° (body_relative forward=1.580, left=0.000, yaw_mode=delta, yaw_delta=0.0°, source=(0.014,-0.004,-0.0°), anchor=(0.014,-0.004,current_pose), ref_yaw_source=current, ref_yaw=-0.0°), frame=camera_init, path_reference=/serial_path_reference, override=[1,0.800,0.800], 到点后锁存模式=0, note=下坡结束点：这一段固定发送 mode=1,left=0.8,right=0.8 下楼梯；到点后立即切回正常行走，不再额外停顿。[0m
[INFO] [1783729395.040113655] [stairs_manager]: [0;94mwaypoint=1/18 small_ramp_entry dist=1.588m, min_dist=1.587m, yaw_err=0.0deg, pose=(0.012,-0.012), goal=(0.015,1.576), pose_frame=camera_init, goal_frame=camera_init, line_progress=-0.008/1.580m (-0%), line_remaining=1.588m, line_lateral=-0.002m, override=[1,0.800,0.800][0m
[INFO] [1783729396.040123622] [stairs_manager]: [0;94mwaypoint=1/18 small_ramp_entry dist=1.446m, min_dist=1.446m, yaw_err=0.8deg, pose=(0.020,0.130), goal=(0.015,1.576), pose_frame=camera_init, goal_frame=camera_init, line_progress=0.134/1.580m (8%), line_remaining=1.446m, line_lateral=0.006m, override=[1,0.800,0.800][0m
[INFO] [1783729397.040138166] [stairs_manager]: [0;94mwaypoint=1/18 small_ramp_entry dist=1.319m, min_dist=1.316m, yaw_err=0.3deg, pose=(-0.004,0.257), goal=(0.015,1.576), pose_frame=camera_init, goal_frame=camera_init, line_progress=0.262/1.580m (17%), line_remaining=1.318m, line_lateral=-0.018m, override=[1,0.800,0.800][0m
[INFO] [1783729398.140167832] [stairs_manager]: [0;94mwaypoint=1/18 small_ramp_entry dist=1.003m, min_dist=1.000m, yaw_err=3.7deg, pose=(-0.013,0.573), goal=(0.015,1.576), pose_frame=camera_init, goal_frame=camera_init, line_progress=0.577/1.580m (37%), line_remaining=1.003m, line_lateral=-0.027m, override=[1,0.800,0.800][0m
[INFO] [1783729399.240133163] [stairs_manager]: [0;94mwaypoint=1/18 small_ramp_entry dist=0.976m, min_dist=0.966m, yaw_err=1.2deg, pose=(0.005,0.600), goal=(0.015,1.576), pose_frame=camera_init, goal_frame=camera_init, line_progress=0.604/1.580m (38%), line_remaining=0.976m, line_lateral=-0.009m, override=[1,0.800,0.800][0m
[INFO] [1783729400.340092280] [stairs_manager]: [0;94mwaypoint=1/18 small_ramp_entry dist=0.752m, min_dist=0.719m, yaw_err=0.7deg, pose=(-0.022,0.824), goal=(0.015,1.576), pose_frame=camera_init, goal_frame=camera_init, line_progress=0.829/1.580m (52%), line_remaining=0.751m, line_lateral=-0.036m, override=[1,0.800,0.800][0m
[INFO] [1783729401.340121688] [stairs_manager]: [0;94mwaypoint=1/18 small_ramp_entry dist=0.671m, min_dist=0.671m, yaw_err=4.6deg, pose=(0.008,0.905), goal=(0.015,1.576), pose_frame=camera_init, goal_frame=camera_init, line_progress=0.909/1.580m (58%), line_remaining=0.671m, line_lateral=-0.006m, override=[1,0.800,0.800][0m
[INFO] [1783729402.340115110] [stairs_manager]: [0;94mwaypoint=1/18 small_ramp_entry dist=0.393m, min_dist=0.392m, yaw_err=0.6deg, pose=(0.014,1.182), goal=(0.015,1.576), pose_frame=camera_init, goal_frame=camera_init, line_progress=1.187/1.580m (75%), line_remaining=0.393m, line_lateral=-0.001m, override=[1,0.800,0.800][0m
[INFO] [1783729403.440077074] [stairs_manager]: [0;94mwaypoint=1/18 small_ramp_entry dist=0.344m, min_dist=0.344m, yaw_err=3.0deg, pose=(0.044,1.233), goal=(0.015,1.576), pose_frame=camera_init, goal_frame=camera_init, line_progress=1.238/1.580m (78%), line_remaining=0.342m, line_lateral=0.029m, override=[1,0.800,0.800][0m
[INFO] [1783729404.440116095] [stairs_manager]: [0;94mwaypoint=1/18 small_ramp_entry dist=0.211m, min_dist=0.205m, yaw_err=3.7deg, pose=(0.037,1.366), goal=(0.015,1.576), pose_frame=camera_init, goal_frame=camera_init, line_progress=1.371/1.580m (87%), line_remaining=0.209m, line_lateral=0.022m, override=[1,0.800,0.800][0m
[INFO] [1783729405.019038019] [stairs_manager]: [1;32m到点成功: waypoint[0]=small_ramp_entry, dist=0.195, min_dist=0.195, yaw_err=1.5deg, reason=distance_tolerance[0m
[INFO] [1783729405.019620623] [stairs_manager]: [1;35m发布模式: 0 (正常行走)[0m
[INFO] [1783729405.020138014] [stairs_manager]: [1;35m发布上坡步长滤波: True[0m
[INFO] [1783729405.020594017] [stairs_manager]: [1;35m发布路径修正profile: 0 (0=关闭, 1=普通, 2=上坡强修正, 3=强修正符号验证)[0m
[INFO] [1783729405.021067464] [stairs_manager]: [1;32m已到达 waypoint[0]=small_ramp_entry，切换模式为 0 (正常行走)，上坡滤波=True，路径修正profile=0，并锁存到下一个 waypoint。[0m
[INFO] [1783729405.023518993] [stairs_manager]: [1;35m发布模式: 0 (正常行走)[0m
[INFO] [1783729405.024008721] [stairs_manager]: [1;35m发布上坡步长滤波: False[0m
[INFO] [1783729405.024394101] [stairs_manager]: [1;35m发布路径修正profile: 0 (0=关闭, 1=普通, 2=上坡强修正, 3=强修正符号验证)[0m
[INFO] [1783729405.024735763] [stairs_manager]: [1;32m全部 waypoint 已完成，恢复为 mode=0，流程结束。[0m
[INFO] [1783729405.069206928] [stairs_manager]: obstacle_manager deactivated: reason=external_topic
