[INFO] [1784182855.037885991] [slope_manager]: obstacle_manager inactive on startup: start_waypoint_index=1, stop_after_waypoint_index=-1
[INFO] [1784182880.543090518] [slope_manager]: [1;35m发布模式: 7 (未知模式)[0m
[INFO] [1784182880.543439314] [slope_manager]: [1;35m发布上坡步长滤波: True[0m
[INFO] [1784182880.543789131] [slope_manager]: [1;35m发布路径修正profile: 0 (0=关闭, 1=普通, 2=上坡强修正, 3=强修正符号验证)[0m
[INFO] [1784182880.544103527] [slope_manager]: 启动时继承上一 waypoint 段状态: source=small_ramp_entry, mode=7, uphill_step_floor=True, path_correction_profile=0, mode_source=inherited_segment_mode_override
[INFO] [1784182880.544429876] [slope_manager]: obstacle_manager activated: reason=external_topic, start_waypoint_index=1, stop_after_waypoint_index=-1, inherit_previous_waypoint_segment_state=True
[INFO] [1784182880.610247615] [slope_manager]: 解析机身相对 waypoint[1]=platform_center: source=(0.017,1.891,0.6deg), anchor=(0.017,1.891,startup_fallback_locked_yaw:small_ramp_entry, ref_frame=camera_init), body_offset=(forward=1.740, slope_align_duration_bonus=0.000m duration=0.53s<=1.00s/2.50s, left=0.080, pose_x_switch=near_right pose_x=0.017 matched(x>=0.000 and x<=0.050)), yaw_mode=absolute, yaw_delta=0.0deg, ref_yaw_source=target_yaw, ref_yaw=0.0deg, target=(-0.063,3.631,0.0deg), frame=camera_init
[INFO] [1784182880.610969799] [slope_manager]: [1;36m发送目标点[2/19](attempt=1): platform_center -> x=-0.063, y=3.631, yaw=0.0° (body_relative forward=1.740, left=0.080, yaw_mode=absolute, yaw_delta=0.0°, source=(0.017,1.891,0.6°), anchor=(0.017,1.891,startup_fallback_locked_yaw:small_ramp_entry, ref_frame=camera_init), ref_yaw_source=target_yaw, ref_yaw=0.0°), frame=camera_init, 到点后锁存模式=0, note=平台中心接近点：这一段先只管到位置，到点后额外停 0.3 秒稳住机身，再由下一个同点位转向点完成 90 度自旋。[0m
[INFO] [1784182880.710627901] [slope_manager]: [0;94mwaypoint=2/19 platform_center dist=1.745m, min_dist=1.740m, yaw_err=1.6deg, pose=(0.012,1.888), goal=(-0.063,3.631), pose_frame=camera_init, goal_frame=camera_init, line_progress=-0.003/1.742m (-0%), line_remaining=1.745m, line_lateral=-0.005m[0m
[INFO] [1784182881.710963334] [slope_manager]: [0;94mwaypoint=2/19 platform_center dist=1.547m, min_dist=1.547m, yaw_err=0.0deg, pose=(0.013,2.085), goal=(-0.063,3.631), pose_frame=camera_init, goal_frame=camera_init, line_progress=0.194/1.742m (11%), line_remaining=1.547m, line_lateral=0.005m[0m
[INFO] [1784182882.711825123] [slope_manager]: [0;94mwaypoint=2/19 platform_center dist=1.234m, min_dist=1.234m, yaw_err=0.4deg, pose=(-0.000,2.398), goal=(-0.063,3.631), pose_frame=camera_init, goal_frame=camera_init, line_progress=0.508/1.742m (29%), line_remaining=1.234m, line_lateral=0.006m[0m
[INFO] [1784182883.809967535] [slope_manager]: [0;94mwaypoint=2/19 platform_center dist=0.773m, min_dist=0.773m, yaw_err=2.0deg, pose=(-0.001,2.860), goal=(-0.063,3.631), pose_frame=camera_init, goal_frame=camera_init, line_progress=0.970/1.742m (56%), line_remaining=0.772m, line_lateral=0.027m[0m
[INFO] [1784182884.910135508] [slope_manager]: [0;94mwaypoint=2/19 platform_center dist=0.445m, min_dist=0.440m, yaw_err=1.4deg, pose=(0.002,3.190), goal=(-0.063,3.631), pose_frame=camera_init, goal_frame=camera_init, line_progress=1.299/1.742m (75%), line_remaining=0.443m, line_lateral=0.044m[0m
[INFO] [1784182885.123432505] [slope_manager]: [1;32m到点成功: waypoint[1]=platform_center, dist=0.375, min_dist=0.375, yaw_err=0.2deg, reason=distance_tolerance[0m
[INFO] [1784182885.123915712] [slope_manager]: [1;35m发布模式: 0 (正常行走)[0m
[INFO] [1784182885.124378595] [slope_manager]: [1;35m发布上坡步长滤波: False[0m
[INFO] [1784182885.124867426] [slope_manager]: [1;35m发布路径修正profile: 0 (0=关闭, 1=普通, 2=上坡强修正, 3=强修正符号验证)[0m
[INFO] [1784182885.125300134] [slope_manager]: [1;32m已到达 waypoint[1]=platform_center，切换模式为 0 (正常行走)，上坡滤波=False，路径修正profile=0，并锁存到下一个 waypoint。[0m
[INFO] [1784182885.125716709] [slope_manager]: waypoint[1]=platform_center 到点后等待 0.30s，再切换到下一个目标。
[INFO] [1784182885.426357399] [slope_manager]: [1;36m切换到下一个 waypoint: 3 / 19[0m
[INFO] [1784182885.427080654] [slope_manager]: 解析机身相对 waypoint[2]=platform_center_spin: source=(0.008,3.344,-0.0deg), anchor=(0.008,3.344,current_pose), body_offset=(forward=0.000, left=0.000), yaw_mode=previous_target_delta, yaw_delta=-83.0deg, ref_yaw_source=current, ref_yaw=-0.0deg, target=(0.008,3.344,-83.0deg), frame=camera_init
[INFO] [1784182885.427675684] [slope_manager]: [1;36m发送直驱覆盖点[3/19](attempt=1): platform_center_spin -> x=0.008, y=3.344, yaw=-83.0° (body_relative forward=0.000, left=0.000, yaw_mode=previous_target_delta, yaw_delta=-83.0°, source=(0.008,3.344,-0.0°), anchor=(0.008,3.344,current_pose), ref_yaw_source=current, ref_yaw=-0.0°), frame=camera_init, override=[6,0.500,-0.400], 到点后锁存模式=2, note=镜像平台中心原地转向点：位置基本不变，反方向转到 -87 度附近后再继续；mode=6 实机对对称反向步敏感，使用非对称模板避免反向/抽搐。[0m
[INFO] [1784182885.910488685] [slope_manager]: [0;94mwaypoint=3/19 platform_center_spin dist=0.042m, min_dist=0.001m, yaw_err=61.6deg, pose=(0.029,3.380), goal=(0.008,3.344), pose_frame=camera_init, goal_frame=camera_init, override=[6,0.500,-0.400][0m
[INFO] [1784182886.763020177] [slope_manager]: [1;32m到点成功: waypoint[2]=platform_center_spin, dist=0.060, min_dist=0.001, yaw_err=1.3deg, reason=distance_tolerance[0m
[INFO] [1784182886.763419775] [slope_manager]: [1;35m发布模式: 2 (趴下)[0m
[INFO] [1784182886.763757631] [slope_manager]: [1;35m发布上坡步长滤波: False[0m
[INFO] [1784182886.764074785] [slope_manager]: [1;35m发布路径修正profile: 0 (0=关闭, 1=普通, 2=上坡强修正, 3=强修正符号验证)[0m
[INFO] [1784182886.764383714] [slope_manager]: [1;32m已到达 waypoint[2]=platform_center_spin，切换模式为 2 (趴下)，上坡滤波=False，路径修正profile=0，并锁存到下一个 waypoint。[0m
[INFO] [1784182886.764789852] [slope_manager]: waypoint[2]=platform_center_spin 到点后立即执行额外动作序列。
[INFO] [1784182886.765091758] [slope_manager]: [1;35m发布模式: 2 (趴下)[0m
[INFO] [1784182886.765500263] [slope_manager]: [0;94m执行到点后额外动作: waypoint=platform_center_spin, mode=2 (趴下), hold=1.00s, override=[2,0.000,0.000], note=平台自旋到点后先用低速 [2,0.2,0.2] 进入趴下，避免残留 /cmd_vel yaw 在切到 wall_jump_prep 前继续转动。[0m
[INFO] [1784182887.766049930] [slope_manager]: [1;36m切换到下一个 waypoint: 4 / 19[0m
[INFO] [1784182887.766588143] [slope_manager]: 解析机身相对 waypoint[3]=crouch_yaw_settle: source=(0.086,3.266,-88.9deg), anchor=(0.086,3.266,current_pose), body_offset=(forward=0.000, left=0.000), yaw_mode=absolute, yaw_delta=0.0deg, ref_yaw_source=target_yaw, ref_yaw=-90.0deg, target=(0.086,3.266,-90.0deg), frame=camera_init
[INFO] [1784182887.767088074] [slope_manager]: [1;36m发送直驱覆盖点[4/19](attempt=1): crouch_yaw_settle -> x=0.086, y=3.266, yaw=-90.0° (body_relative forward=0.000, left=0.000, yaw_mode=absolute, yaw_delta=0.0°, source=(0.086,3.266,-88.9°), anchor=(0.086,3.266,current_pose), ref_yaw_source=target_yaw, ref_yaw=-90.0°), frame=camera_init, override=[2,0.200,0.200], yaw_corr=0.000,yaw_err=-1.1deg, 到点后锁存模式=2, note=趴下前先低速强回正；10deg 左右 yaw_err 会把 [2,0.20,0.20] 修成约 [2,-0.25,0.65] 或反向，收准后再进入 wall_jump_prep。[0m
[INFO] [1784182887.773989093] [slope_manager]: [1;32m到点成功: waypoint[3]=crouch_yaw_settle, dist=0.006, min_dist=0.006, yaw_err=0.9deg, reason=distance_tolerance[0m
[INFO] [1784182887.774361656] [slope_manager]: [1;35m发布模式: 2 (趴下)[0m
[INFO] [1784182887.774687026] [slope_manager]: [1;35m发布上坡步长滤波: False[0m
[INFO] [1784182887.774991938] [slope_manager]: [1;35m发布路径修正profile: 0 (0=关闭, 1=普通, 2=上坡强修正, 3=强修正符号验证)[0m
[INFO] [1784182887.775265125] [slope_manager]: [1;32m已到达 waypoint[3]=crouch_yaw_settle，切换模式为 2 (趴下)，上坡滤波=False，路径修正profile=0，并锁存到下一个 waypoint。[0m
[INFO] [1784182887.775553420] [slope_manager]: waypoint[3]=crouch_yaw_settle 到点后等待 0.30s，再切换到下一个目标。
[INFO] [1784182888.076531531] [slope_manager]: [1;35m发布模式: 2 (趴下)[0m
[INFO] [1784182888.077030271] [slope_manager]: waypoint[3]=crouch_yaw_settle 启用局部定位稳定门控：expected=(0.086,3.266), 需要连续稳定 0.25s 后再切换到下一个目标。
[INFO] [1784182888.127772888] [slope_manager]: 等待局部定位稳定: waypoint[3]=crouch_yaw_settle, pose=(0.178,3.267), expected=(0.086,3.266), err=0.092/0.300m, bounds_ok=True, yaw_ok=True, stable=0.05/0.25s
[INFO] [1784182888.731815665] [slope_manager]: 局部定位稳定门控通过: waypoint[3]=crouch_yaw_settle, pose=(0.328,3.264), expected=(0.086,3.266), err=0.242m, stable=0.30s。
[INFO] [1784182888.732256197] [slope_manager]: [1;36m切换到下一个 waypoint: 5 / 19[0m
[INFO] [1784182888.732685149] [slope_manager]: 解析机身相对 waypoint[4]=wall_jump_prep: source=(0.328,3.264,-90.3deg), anchor=(0.092,3.267,previous_arrival:crouch_yaw_settle), body_offset=(forward=4.130, previous_pose_x_switch=near_right source=platform_center[1], left=0.000, left_previous_pose_x_switch=near_right source=platform_center[1]), yaw_mode=absolute, yaw_delta=0.0deg, ref_yaw_source=target_yaw, ref_yaw=-90.0deg, target=(4.222,3.267,-90.0deg), frame=camera_init
[INFO] [1784182888.733140603] [slope_manager]: [1;35m发布路径修正profile: 0 (0=关闭, 1=普通, 2=上坡强修正, 3=强修正符号验证)[0m
[INFO] [1784182888.733520561] [slope_manager]: [1;36m发送直驱覆盖点[5/19](attempt=1): wall_jump_prep -> x=4.222, y=3.267, yaw=-90.0° (body_relative forward=4.130, left=0.000, yaw_mode=absolute, yaw_delta=0.0°, source=(0.328,3.264,-90.3°), anchor=(0.092,3.267,previous_arrival:crouch_yaw_settle), ref_yaw_source=target_yaw, ref_yaw=-90.0°), frame=camera_init, path_reference=/serial_path_reference, override=[2,1.000,1.000], line_corr=progress_skip,lat=0.000,progress=0.00, 到点后锁存模式=2, note=第4点：这一段不走 Nav2，直接固定发送 mode=2,left=1,right=1 趴下前进，并给串口桥参考线做横向/yaw 修正。到点后先趴下停止，再站立停止；本版本不执行 mode=3 小跳，站稳后先进入 wall_post_stand_yaw_align，再推进到后续自旋点。rollback: 恢复 post_arrival_mode_sequence 中注释的小跳两段。[0m
[INFO] [1784182888.787437594] [slope_manager]: AprilTag TF update: waypoint[4]=wall_jump_prep, tf=camera_color_optical_frame->base, xyz=(0.215,0.026,4.463), rpy=(165.4,17.6,-4.7)deg, stamp_lag_at_rx=0.08s, stale_limit=0.80s
[INFO] [1784182888.810106703] [slope_manager]: [0;94mwaypoint=5/19 wall_jump_prep dist=3.887m, min_dist=3.887m, yaw_err=0.3deg, pose=(0.336,3.269), goal=(4.222,3.267), pose_frame=camera_init, goal_frame=camera_init, line_progress=0.007/3.894m (0%), line_remaining=3.887m, line_lateral=-0.005m, apriltag_gate=blocked:z_gate(filtered_z=4.463m>0.700m, below=0/1<1, raw_z=4.463m, filtered_z=4.463m, threshold=0.700m, below=0/1, required=1/3, tf=camera_color_optical_frame->base, stamp_age=0.10s, stamp_lag_at_rx=0.08s), override=[2,1.000,1.000], line_corr=progress_skip,lat=-0.005,progress=0.00[0m
[INFO] [1784182889.810999423] [slope_manager]: [0;94mwaypoint=5/19 wall_jump_prep dist=3.833m, min_dist=3.833m, yaw_err=0.8deg, pose=(0.389,3.281), goal=(4.222,3.267), pose_frame=camera_init, goal_frame=camera_init, line_progress=0.061/3.894m (2%), line_remaining=3.833m, line_lateral=-0.017m, apriltag_gate=blocked:z_gate(filtered_z=4.474m>0.700m, below=0/3<1, raw_z=4.438m, filtered_z=4.474m, threshold=0.700m, below=0/3, required=1/3, tf=camera_color_optical_frame->base, stamp_age=0.16s, stamp_lag_at_rx=0.08s), override=[2,1.000,1.000], line_corr=progress_skip,lat=-0.017,progress=0.02[0m
[INFO] [1784182889.921092085] [slope_manager]: AprilTag TF update: waypoint[4]=wall_jump_prep, tf=camera_color_optical_frame->base, xyz=(0.157,0.171,4.430), rpy=(-170.9,-12.3,-3.9)deg, stamp_lag_at_rx=0.07s, stale_limit=0.80s
[INFO] [1784182890.810053157] [slope_manager]: direct_step yaw recovery 触发: waypoint[4]=wall_jump_prep, yaw_err=2.7deg >= 2.0deg, lat=0.007m, progress=0.06。暂停基准线修正，只做趴下姿态回正。
[INFO] [1784182890.910618553] [slope_manager]: [0;94mwaypoint=5/19 wall_jump_prep dist=3.672m, min_dist=3.662m, yaw_err=1.7deg, pose=(0.550,3.266), goal=(4.222,3.267), pose_frame=camera_init, goal_frame=camera_init, line_progress=0.221/3.894m (6%), line_remaining=3.672m, line_lateral=-0.002m, apriltag_gate=blocked:z_gate(filtered_z=4.313m>0.700m, below=0/3<1, raw_z=4.238m, filtered_z=4.313m, threshold=0.700m, below=0/3, required=1/3, tf=camera_color_optical_frame->base, stamp_age=0.13s, stamp_lag_at_rx=0.07s), override=[2,-0.034,0.034], yaw_recovery=active,yaw_err=1.7deg,turn=0.034,lat=-0.002,progress=0.06[0m
[INFO] [1784182890.986674024] [slope_manager]: AprilTag TF update: waypoint[4]=wall_jump_prep, tf=camera_color_optical_frame->base, xyz=(0.067,0.122,4.263), rpy=(164.1,13.4,-4.4)deg, stamp_lag_at_rx=0.07s, stale_limit=0.80s
[INFO] [1784182891.510096069] [slope_manager]: direct_step yaw recovery 完成: waypoint[4]=wall_jump_prep, yaw_err=0.9deg <= 1.0deg，恢复基准线修正。
[INFO] [1784182892.010156844] [slope_manager]: [0;94mwaypoint=5/19 wall_jump_prep dist=3.602m, min_dist=3.594m, yaw_err=1.8deg, pose=(0.620,3.256), goal=(4.222,3.267), pose_frame=camera_init, goal_frame=camera_init, line_progress=0.292/3.894m (7%), line_remaining=3.602m, line_lateral=0.009m, apriltag_gate=blocked:z_gate(filtered_z=4.274m>0.700m, below=0/3<1, raw_z=4.311m, filtered_z=4.274m, threshold=0.700m, below=0/3, required=1/3, tf=camera_color_optical_frame->base, stamp_age=0.43s, stamp_lag_at_rx=0.07s), override=[2,1.000,1.000], line_corr=0.000,lat=0.009[0m
[INFO] [1784182892.657474068] [slope_manager]: AprilTag TF update: waypoint[4]=wall_jump_prep, tf=camera_color_optical_frame->base, xyz=(0.131,0.129,4.069), rpy=(162.1,15.1,-3.1)deg, stamp_lag_at_rx=0.08s, stale_limit=0.80s
[INFO] [1784182893.010371065] [slope_manager]: direct_step yaw recovery 触发: waypoint[4]=wall_jump_prep, yaw_err=3.1deg >= 2.0deg, lat=0.016m, progress=0.13。暂停基准线修正，只做趴下姿态回正。
[INFO] [1784182893.010970766] [slope_manager]: [0;94mwaypoint=5/19 wall_jump_prep dist=3.375m, min_dist=3.375m, yaw_err=3.1deg, pose=(0.847,3.249), goal=(4.222,3.267), pose_frame=camera_init, goal_frame=camera_init, line_progress=0.519/3.894m (13%), line_remaining=3.375m, line_lateral=0.016m, apriltag_gate=blocked:z_gate(filtered_z=4.069m>0.700m, below=0/3<1, raw_z=4.036m, filtered_z=4.069m, threshold=0.700m, below=0/3, required=1/3, tf=camera_color_optical_frame->base, stamp_age=0.10s, stamp_lag_at_rx=0.07s), override=[2,-0.109,0.109], yaw_recovery=active,yaw_err=3.1deg,turn=0.109,lat=0.016,progress=0.13[0m
[INFO] [1784182893.858310498] [slope_manager]: AprilTag TF update: waypoint[4]=wall_jump_prep, tf=camera_color_optical_frame->base, xyz=(0.016,0.108,3.949), rpy=(164.6,11.0,-4.6)deg, stamp_lag_at_rx=0.08s, stale_limit=0.80s
[INFO] [1784182894.110353160] [slope_manager]: [0;94mwaypoint=5/19 wall_jump_prep dist=3.335m, min_dist=3.322m, yaw_err=2.4deg, pose=(0.887,3.248), goal=(4.222,3.267), pose_frame=camera_init, goal_frame=camera_init, line_progress=0.558/3.894m (14%), line_remaining=3.335m, line_lateral=0.016m, apriltag_gate=blocked:z_gate(filtered_z=3.955m>0.700m, below=0/3<1, raw_z=3.955m, filtered_z=3.955m, threshold=0.700m, below=0/3, required=1/3, tf=camera_color_optical_frame->base, stamp_age=0.26s, stamp_lag_at_rx=0.07s), override=[2,-0.072,0.072], yaw_recovery=active,yaw_err=2.4deg,turn=0.072,lat=0.016,progress=0.14[0m
[INFO] [1784182895.055803094] [slope_manager]: AprilTag TF update: waypoint[4]=wall_jump_prep, tf=camera_color_optical_frame->base, xyz=(0.133,0.132,3.951), rpy=(165.5,11.3,-4.1)deg, stamp_lag_at_rx=0.07s, stale_limit=0.80s
[WARN] [1784182895.110110430] [slope_manager]: [1;33mdirect_step yaw recovery 超时退出: waypoint[4]=wall_jump_prep, yaw_err=1.3deg, timeout=2.00s，恢复基准线趴走。[0m
[INFO] [1784182895.110792221] [slope_manager]: [0;94mwaypoint=5/19 wall_jump_prep dist=3.306m, min_dist=3.300m, yaw_err=1.3deg, pose=(0.916,3.247), goal=(4.222,3.267), pose_frame=camera_init, goal_frame=camera_init, line_progress=0.587/3.894m (15%), line_remaining=3.306m, line_lateral=0.018m, apriltag_gate=blocked:z_gate(filtered_z=3.951m>0.700m, below=0/3<1, raw_z=3.951m, filtered_z=3.951m, threshold=0.700m, below=0/3, required=1/3, tf=camera_color_optical_frame->base, stamp_age=0.13s, stamp_lag_at_rx=0.07s), override=[2,1.000,1.000], line_corr=0.000,lat=0.018[0m
[INFO] [1784182896.127778727] [slope_manager]: AprilTag TF update: waypoint[4]=wall_jump_prep, tf=camera_color_optical_frame->base, xyz=(0.142,0.147,3.831), rpy=(165.5,9.5,-4.9)deg, stamp_lag_at_rx=0.08s, stale_limit=0.80s
[INFO] [1784182896.209947711] [slope_manager]: [0;94mwaypoint=5/19 wall_jump_prep dist=3.184m, min_dist=3.183m, yaw_err=1.9deg, pose=(1.038,3.241), goal=(4.222,3.267), pose_frame=camera_init, goal_frame=camera_init, line_progress=0.709/3.894m (18%), line_remaining=3.184m, line_lateral=0.024m, apriltag_gate=blocked:z_gate(filtered_z=3.831m>0.700m, below=0/1<1, raw_z=3.831m, filtered_z=3.831m, threshold=0.700m, below=0/1, required=1/3, tf=camera_color_optical_frame->base, stamp_age=0.16s, stamp_lag_at_rx=0.08s), override=[2,0.996,1.000], line_corr=-0.004,lat=0.024,progress=0.18[0m
[INFO] [1784182897.210312773] [slope_manager]: [0;94mwaypoint=5/19 wall_jump_prep dist=3.086m, min_dist=3.086m, yaw_err=0.7deg, pose=(1.136,3.275), goal=(4.222,3.267), pose_frame=camera_init, goal_frame=camera_init, line_progress=0.807/3.894m (21%), line_remaining=3.086m, line_lateral=-0.010m, apriltag_gate=blocked:z_gate(filtered_z=3.759m>0.700m, below=0/1<1, raw_z=3.759m, filtered_z=3.759m, threshold=0.700m, below=0/1, required=1/3, tf=camera_color_optical_frame->base, stamp_age=0.56s, stamp_lag_at_rx=0.08s), override=[2,1.000,1.000], line_corr=0.000,lat=-0.010[0m
[INFO] [1784182897.324633472] [slope_manager]: AprilTag TF update: waypoint[4]=wall_jump_prep, tf=camera_color_optical_frame->base, xyz=(0.203,0.178,3.693), rpy=(164.4,14.7,-3.2)deg, stamp_lag_at_rx=0.07s, stale_limit=0.80s
[INFO] [1784182898.310148876] [slope_manager]: [0;94mwaypoint=5/19 wall_jump_prep dist=2.943m, min_dist=2.931m, yaw_err=3.7deg, pose=(1.280,3.277), goal=(4.222,3.267), pose_frame=camera_init, goal_frame=camera_init, line_progress=0.951/3.894m (24%), line_remaining=2.943m, line_lateral=-0.013m, apriltag_gate=blocked:z_gate(filtered_z=3.555m>0.700m, below=0/3<1, raw_z=3.555m, filtered_z=3.555m, threshold=0.700m, below=0/3, required=1/3, tf=camera_color_optical_frame->base, stamp_age=0.12s, stamp_lag_at_rx=0.07s), override=[2,1.000,1.000], line_corr=0.000,lat=-0.013[0m
[INFO] [1784182898.327245580] [slope_manager]: AprilTag TF update: waypoint[4]=wall_jump_prep, tf=camera_color_optical_frame->base, xyz=(0.030,0.202,3.564), rpy=(-171.7,-12.4,-0.7)deg, stamp_lag_at_rx=0.07s, stale_limit=0.80s
[INFO] [1784182898.410134587] [slope_manager]: direct_step yaw recovery 触发: waypoint[4]=wall_jump_prep, yaw_err=3.7deg >= 2.0deg, lat=-0.006m, progress=0.25。暂停基准线修正，只做趴下姿态回正。
[INFO] [1784182899.310195725] [slope_manager]: [0;94mwaypoint=5/19 wall_jump_prep dist=2.821m, min_dist=2.806m, yaw_err=4.1deg, pose=(1.401,3.249), goal=(4.222,3.267), pose_frame=camera_init, goal_frame=camera_init, line_progress=1.073/3.894m (28%), line_remaining=2.821m, line_lateral=0.016m, apriltag_gate=blocked:z_gate(filtered_z=3.485m>0.700m, below=0/3<1, raw_z=3.494m, filtered_z=3.485m, threshold=0.700m, below=0/3, required=1/3, tf=camera_color_optical_frame->base, stamp_age=0.12s, stamp_lag_at_rx=0.08s), override=[2,-0.160,0.160], yaw_recovery=active,yaw_err=4.1deg,turn=0.160,lat=0.016,progress=0.28[0m
[INFO] [1784182899.462866136] [slope_manager]: AprilTag TF update: waypoint[4]=wall_jump_prep, tf=camera_color_optical_frame->base, xyz=(-0.008,0.128,3.489), rpy=(166.5,5.3,-4.2)deg, stamp_lag_at_rx=0.08s, stale_limit=0.80s
[INFO] [1784182900.409897020] [slope_manager]: [0;94mwaypoint=5/19 wall_jump_prep dist=2.829m, min_dist=2.802m, yaw_err=2.2deg, pose=(1.393,3.264), goal=(4.222,3.267), pose_frame=camera_init, goal_frame=camera_init, line_progress=1.064/3.894m (27%), line_remaining=2.829m, line_lateral=0.001m, apriltag_gate=blocked:z_gate(filtered_z=3.475m>0.700m, below=0/3<1, raw_z=3.486m, filtered_z=3.475m, threshold=0.700m, below=0/3, required=1/3, tf=camera_color_optical_frame->base, stamp_age=0.09s, stamp_lag_at_rx=0.07s), override=[2,-0.064,0.064], yaw_recovery=active,yaw_err=2.2deg,turn=0.064,lat=0.001,progress=0.27[0m
[WARN] [1784182900.510334389] [slope_manager]: [1;33mdirect_step yaw recovery 超时退出: waypoint[4]=wall_jump_prep, yaw_err=1.9deg, timeout=2.00s，恢复基准线趴走。[0m
[INFO] [1784182900.526266742] [slope_manager]: AprilTag TF update: waypoint[4]=wall_jump_prep, tf=camera_color_optical_frame->base, xyz=(0.117,0.189,3.486), rpy=(179.9,-7.1,-2.9)deg, stamp_lag_at_rx=0.07s, stale_limit=0.80s
[INFO] [1784182901.410010946] [slope_manager]: [0;94mwaypoint=5/19 wall_jump_prep dist=2.806m, min_dist=2.790m, yaw_err=0.7deg, pose=(1.416,3.264), goal=(4.222,3.267), pose_frame=camera_init, goal_frame=camera_init, line_progress=1.088/3.894m (28%), line_remaining=2.806m, line_lateral=0.001m, apriltag_gate=blocked:z_gate(filtered_z=3.461m>0.700m, below=0/2<1, raw_z=3.443m, filtered_z=3.461m, threshold=0.700m, below=0/2, required=1/3, tf=camera_color_optical_frame->base, stamp_age=0.69s, stamp_lag_at_rx=0.07s), override=[2,1.000,1.000], line_corr=0.000,lat=0.001[0m
