[INFO] [1784186858.152503912] [upstairs_detector]: state=DETECTING
[INFO] [1784186858.153236712] [upstairs_detector]: upstairs_detector started: color=/camera/color/image_raw, depth=/camera/aligned_depth_to_color/image_raw, target_band_from_bottom=1, trigger_distance=0.61m, hsv=[30, 40, 30]-[100, 255, 255]
[INFO] [1784186858.162934438] [upstairs_detector]: [1;95m触发状态更新: trigger=False[0m
[INFO] [1784186858.165358793] [upstairs_detector]: [0;33m未检测到有效上台阶: bands=0, target_band_from_bottom=1, mask_px=24459, frame=1, hsv=[30, 40, 30]-[100, 255, 255][0m
[INFO] [1784186859.210288891] [upstairs_detector]: [0;33m未检测到有效上台阶: bands=0, target_band_from_bottom=1, mask_px=31733, frame=17, hsv=[30, 40, 30]-[100, 255, 255][0m
[INFO] [1784186860.273974603] [upstairs_detector]: [0;33m未检测到有效上台阶: bands=0, target_band_from_bottom=1, mask_px=23972, frame=33, hsv=[30, 40, 30]-[100, 255, 255][0m
[INFO] [1784186861.274592986] [upstairs_detector]: [0;33m未检测到有效上台阶: bands=0, target_band_from_bottom=1, mask_px=14087, frame=48, hsv=[30, 40, 30]-[100, 255, 255][0m
[INFO] [1784186862.274260623] [upstairs_detector]: [0;33m未检测到有效上台阶: bands=0, target_band_from_bottom=1, mask_px=4973, frame=63, hsv=[30, 40, 30]-[100, 255, 255][0m
[INFO] [1784186863.275738481] [upstairs_detector]: [0;33m未检测到有效上台阶: bands=0, target_band_from_bottom=1, mask_px=4482, frame=78, hsv=[30, 40, 30]-[100, 255, 255][0m
[INFO] [1784186864.276243604] [upstairs_detector]: [0;33m未检测到有效上台阶: bands=0, target_band_from_bottom=1, mask_px=4016, frame=93, hsv=[30, 40, 30]-[100, 255, 255][0m
[INFO] [1784186865.279584606] [upstairs_detector]: [0;33m未检测到有效上台阶: bands=0, target_band_from_bottom=1, mask_px=3912, frame=108, hsv=[30, 40, 30]-[100, 255, 255][0m
[INFO] [1784186866.278038033] [upstairs_detector]: [0;33m未检测到有效上台阶: bands=0, target_band_from_bottom=1, mask_px=3873, frame=123, hsv=[30, 40, 30]-[100, 255, 255][0m
[INFO] [1784186867.277453631] [upstairs_detector]: [0;33m未检测到有效上台阶: bands=0, target_band_from_bottom=1, mask_px=3947, frame=138, hsv=[30, 40, 30]-[100, 255, 255][0m
[INFO] [1784186868.278515336] [upstairs_detector]: [0;33m未检测到有效上台阶: bands=0, target_band_from_bottom=1, mask_px=1459, frame=153, hsv=[30, 40, 30]-[100, 255, 255][0m
[INFO] [1784186869.282570580] [upstairs_detector]: [0;33m未检测到有效上台阶: bands=0, target_band_from_bottom=1, mask_px=9023, frame=168, hsv=[30, 40, 30]-[100, 255, 255][0m
[INFO] [1784186870.347121916] [upstairs_detector]: [0;33m未检测到有效上台阶: bands=0, target_band_from_bottom=1, mask_px=1987, frame=184, hsv=[30, 40, 30]-[100, 255, 255][0m
[INFO] [1784186871.348321796] [upstairs_detector]: [0;33m未检测到有效上台阶: bands=0, target_band_from_bottom=1, mask_px=4215, frame=199, hsv=[30, 40, 30]-[100, 255, 255][0m
[INFO] [1784186872.349407425] [upstairs_detector]: [0;33m未检测到有效上台阶: bands=0, target_band_from_bottom=1, mask_px=0, frame=214, hsv=[30, 40, 30]-[100, 255, 255][0m
[INFO] [1784186873.349929411] [upstairs_detector]: [0;33m未检测到有效上台阶: bands=0, target_band_from_bottom=1, mask_px=3422, frame=229, hsv=[30, 40, 30]-[100, 255, 255][0m
[INFO] [1784186874.351340071] [upstairs_detector]: [0;33m未检测到有效上台阶: bands=0, target_band_from_bottom=1, mask_px=5020, frame=244, hsv=[30, 40, 30]-[100, 255, 255][0m
[INFO] [1784186875.417779333] [upstairs_detector]: [0;33m未检测到有效上台阶: bands=0, target_band_from_bottom=1, mask_px=3750, frame=260, hsv=[30, 40, 30]-[100, 255, 255][0m
[INFO] [1784186876.418859196] [upstairs_detector]: [0;33m未检测到有效上台阶: bands=0, target_band_from_bottom=1, mask_px=834, frame=275, hsv=[30, 40, 30]-[100, 255, 255][0m
[INFO] [1784186877.420072661] [upstairs_detector]: [0;33m未检测到有效上台阶: bands=0, target_band_from_bottom=1, mask_px=538, frame=290, hsv=[30, 40, 30]-[100, 255, 255][0m
[INFO] [1784186878.422420590] [upstairs_detector]: [0;33m未检测到有效上台阶: bands=0, target_band_from_bottom=1, mask_px=1194, frame=305, hsv=[30, 40, 30]-[100, 255, 255][0m
[INFO] [1784186879.489591940] [upstairs_detector]: [0;33m未检测到有效上台阶: bands=0, target_band_from_bottom=1, mask_px=1345, frame=321, hsv=[30, 40, 30]-[100, 255, 255][0m
[INFO] [1784186880.488760790] [upstairs_detector]: [0;33m未检测到有效上台阶: bands=0, target_band_from_bottom=1, mask_px=6762, frame=336, hsv=[30, 40, 30]-[100, 255, 255][0m
[INFO] [1784186881.490115641] [upstairs_detector]: [0;33m未检测到有效上台阶: bands=0, target_band_from_bottom=1, mask_px=4334, frame=351, hsv=[30, 40, 30]-[100, 255, 255][0m
[INFO] [1784186882.489264810] [upstairs_detector]: [0;33m未检测到有效上台阶: bands=0, target_band_from_bottom=1, mask_px=2366, frame=366, hsv=[30, 40, 30]-[100, 255, 255][0m
[INFO] [1784186883.489641604] [upstairs_detector]: [0;33m未检测到有效上台阶: bands=0, target_band_from_bottom=1, mask_px=4601, frame=381, hsv=[30, 40, 30]-[100, 255, 255][0m
[INFO] [1784186884.491088088] [upstairs_detector]: [0;33m未检测到有效上台阶: bands=0, target_band_from_bottom=1, mask_px=4757, frame=396, hsv=[30, 40, 30]-[100, 255, 255][0m
[INFO] [1784186885.491671683] [upstairs_detector]: [0;33m未检测到有效上台阶: bands=0, target_band_from_bottom=1, mask_px=4206, frame=411, hsv=[30, 40, 30]-[100, 255, 255][0m
[INFO] [1784186886.506336953] [upstairs_detector]: [1;34m最近上台阶: dist=1.003m, band_from_bottom=1, lateral=0.210m, vertical=0.312m, pixel=(276.7,211.1), box=424x62, area=16556, depth_px=13643, bands=1, trigger=False[0m
[INFO] [1784186887.506525984] [upstairs_detector]: [1;34m最近上台阶: dist=0.665m, band_from_bottom=1, lateral=0.068m, vertical=0.223m, pixel=(244.2,218.3), box=424x55, area=15337, depth_px=14739, bands=1, trigger=False[0m
[INFO] [1784186887.702190390] [upstairs_detector]: [1;95m触发状态更新: trigger=True[0m
[INFO] [1784186888.095530650] [upstairs_detector]: [1;95m触发状态更新: trigger=False[0m
[INFO] [1784186888.502669722] [upstairs_detector]: [1;34m最近上台阶: dist=0.894m, band_from_bottom=1, lateral=0.095m, vertical=0.194m, pixel=(245.5,182.6), box=424x16, area=4752, depth_px=4233, bands=1, trigger=False[0m
[INFO] [1784186889.563599188] [upstairs_detector]: [0;33m未检测到有效上台阶: bands=0, target_band_from_bottom=1, mask_px=4774, frame=472, hsv=[30, 40, 30]-[100, 255, 255][0m
[INFO] [1784186890.568338261] [upstairs_detector]: [1;34m最近上台阶: dist=0.753m, band_from_bottom=1, lateral=0.092m, vertical=0.214m, pixel=(250.2,203.0), box=424x19, area=6062, depth_px=5605, bands=1, trigger=False[0m
[INFO] [1784186891.565311158] [upstairs_detector]: [1;95m触发状态更新: trigger=True[0m
[INFO] [1784186891.632516799] [upstairs_detector]: [1;34m最近上台阶: dist=0.588m, band_from_bottom=1, lateral=0.059m, vertical=0.220m, pixel=(243.6,230.2), box=418x19, area=6048, depth_px=4666, bands=1, trigger=True[0m
[INFO] [1784186892.301081335] [upstairs_detector]: [1;95m触发状态更新: trigger=False[0m
[INFO] [1784186892.631282349] [upstairs_detector]: [0;33m未检测到有效上台阶: bands=0, target_band_from_bottom=1, mask_px=2002, frame=518, hsv=[30, 40, 30]-[100, 255, 255][0m
[INFO] [1784186893.633472360] [upstairs_detector]: [0;33m未检测到有效上台阶: bands=0, target_band_from_bottom=1, mask_px=4445, frame=533, hsv=[30, 40, 30]-[100, 255, 255][0m
[INFO] [1784186894.637809909] [upstairs_detector]: [1;34m最近上台阶: dist=0.741m, band_from_bottom=1, lateral=0.057m, vertical=0.209m, pixel=(236.4,202.4), box=424x15, area=4435, depth_px=3727, bands=1, trigger=False[0m
[INFO] [1784186895.170658646] [upstairs_detector]: [1;95m触发状态更新: trigger=True[0m
[INFO] [1784186895.635181424] [upstairs_detector]: [0;33m未检测到有效上台阶: bands=0, target_band_from_bottom=1, mask_px=5098, frame=563, hsv=[30, 40, 30]-[100, 255, 255][0m
[INFO] [1784186895.767410953] [upstairs_detector]: [1;95m触发状态更新: trigger=False[0m
[INFO] [1784186896.634530379] [upstairs_detector]: [0;33m未检测到有效上台阶: bands=0, target_band_from_bottom=1, mask_px=3497, frame=578, hsv=[30, 40, 30]-[100, 255, 255][0m
[INFO] [1784186897.635865686] [upstairs_detector]: [1;34m最近上台阶: dist=0.826m, band_from_bottom=1, lateral=0.084m, vertical=0.214m, pixel=(244.2,195.5), box=424x16, area=4573, depth_px=4016, bands=1, trigger=False[0m
[INFO] [1784186898.641842661] [upstairs_detector]: [1;34m最近上台阶: dist=0.689m, band_from_bottom=1, lateral=0.073m, vertical=0.209m, pixel=(245.3,208.9), box=424x18, area=6060, depth_px=5356, bands=1, trigger=False[0m
[INFO] [1784186899.240053069] [upstairs_detector]: [1;95m触发状态更新: trigger=True[0m
[INFO] [1784186899.639475206] [upstairs_detector]: [0;33m未检测到有效上台阶: bands=0, target_band_from_bottom=1, mask_px=7090, frame=623, hsv=[30, 40, 30]-[100, 255, 255][0m
[INFO] [1784186900.037196166] [upstairs_detector]: [1;95m触发状态更新: trigger=False[0m
[INFO] [1784186900.639434044] [upstairs_detector]: [0;33m未检测到有效上台阶: bands=0, target_band_from_bottom=1, mask_px=4460, frame=638, hsv=[30, 40, 30]-[100, 255, 255][0m
[INFO] [1784186901.641904425] [upstairs_detector]: [1;34m最近上台阶: dist=0.980m, band_from_bottom=1, lateral=0.048m, vertical=0.217m, pixel=(228.0,184.0), box=386x15, area=2824, depth_px=2621, bands=1, trigger=False[0m
[INFO] [1784186902.640974165] [upstairs_detector]: [0;33m未检测到有效上台阶: bands=0, target_band_from_bottom=1, mask_px=4736, frame=668, hsv=[30, 40, 30]-[100, 255, 255][0m
[INFO] [1784186903.640737868] [upstairs_detector]: [0;33m未检测到有效上台阶: bands=0, target_band_from_bottom=1, mask_px=4812, frame=683, hsv=[30, 40, 30]-[100, 255, 255][0m
[INFO] [1784186904.644045368] [upstairs_detector]: [1;34m最近上台阶: dist=0.834m, band_from_bottom=1, lateral=0.098m, vertical=0.211m, pixel=(248.9,193.4), box=424x16, area=4895, depth_px=4013, bands=1, trigger=False[0m
[INFO] [1784186905.042220652] [upstairs_detector]: [1;95m触发状态更新: trigger=True[0m
[INFO] [1784186905.241904608] [upstairs_detector]: [1;95m触发状态更新: trigger=False[0m
[INFO] [1784186905.644201228] [upstairs_detector]: [1;34m最近上台阶: dist=0.739m, band_from_bottom=1, lateral=0.017m, vertical=0.216m, pixel=(220.1,205.5), box=398x16, area=5110, depth_px=4849, bands=1, trigger=False[0m
[INFO] [1784186906.444972131] [upstairs_detector]: [1;95m触发状态更新: trigger=True[0m
[INFO] [1784186906.646860875] [upstairs_detector]: [1;34m最近上台阶: dist=0.558m, band_from_bottom=1, lateral=0.080m, vertical=0.206m, pixel=(256.5,228.6), box=424x25, area=6936, depth_px=5677, bands=1, trigger=True[0m
[INFO] [1784186906.909170617] [upstairs_detector]: [1;95m触发状态更新: trigger=False[0m
[INFO] [1784186907.246765928] [upstairs_detector]: [1;95m触发状态更新: trigger=True[0m
[INFO] [1784186907.648512031] [upstairs_detector]: [1;95m触发状态更新: trigger=False[0m
[INFO] [1784186907.651058547] [upstairs_detector]: [1;34m最近上台阶: dist=0.977m, band_from_bottom=1, lateral=0.153m, vertical=0.202m, pixel=(260.6,179.6), box=424x14, area=4033, depth_px=3296, bands=1, trigger=False[0m
[INFO] [1784186908.653554542] [upstairs_detector]: [1;95m触发状态更新: trigger=True[0m
[INFO] [1784186908.655488893] [upstairs_detector]: [1;34m最近上台阶: dist=0.572m, band_from_bottom=1, lateral=0.137m, vertical=0.190m, pixel=(285.9,217.5), box=424x24, area=4051, depth_px=2910, bands=2, trigger=True[0m
[INFO] [1784186908.914441397] [upstairs_detector]: [1;95m触发状态更新: trigger=False[0m
[INFO] [1784186908.984501102] [upstairs_detector]: [1;95m触发状态更新: trigger=True[0m
[INFO] [1784186909.656106449] [upstairs_detector]: [1;34m最近上台阶: dist=0.521m, band_from_bottom=1, lateral=-0.018m, vertical=0.185m, pixel=(202.9,224.6), box=424x20, area=3939, depth_px=3008, bands=2, trigger=True[0m
[INFO] [1784186910.519630294] [upstairs_detector]: [1;95m触发状态更新: trigger=False[0m
[INFO] [1784186910.658175101] [upstairs_detector]: [1;34m最近上台阶: dist=0.640m, band_from_bottom=1, lateral=0.074m, vertical=0.186m, pixel=(248.5,205.1), box=424x79, area=20476, depth_px=17087, bands=1, trigger=False[0m
[INFO] [1784186911.456197558] [upstairs_detector]: [1;95m触发状态更新: trigger=True[0m
[INFO] [1784186911.655686666] [upstairs_detector]: [1;95m触发状态更新: trigger=False[0m
[INFO] [1784186911.656845537] [upstairs_detector]: [1;34m最近上台阶: dist=0.673m, band_from_bottom=1, lateral=0.088m, vertical=0.187m, pixel=(252.9,201.1), box=424x80, area=25946, depth_px=21419, bands=1, trigger=False[0m
[INFO] [1784186912.055937076] [upstairs_detector]: [1;95m触发状态更新: trigger=True[0m
[INFO] [1784186912.321734262] [upstairs_detector]: [1;95m触发状态更新: trigger=False[0m
[INFO] [1784186912.722024835] [upstairs_detector]: [1;95m触发状态更新: trigger=True[0m
[INFO] [1784186912.723115462] [upstairs_detector]: [1;34m最近上台阶: dist=0.600m, band_from_bottom=1, lateral=0.061m, vertical=0.167m, pixel=(244.3,201.2), box=424x80, area=22808, depth_px=19183, bands=1, trigger=True[0m
[INFO] [1784186912.920200985] [upstairs_detector]: [1;95m触发状态更新: trigger=False[0m
[INFO] [1784186913.723865173] [upstairs_detector]: [1;34m最近上台阶: dist=0.635m, band_from_bottom=1, lateral=0.095m, vertical=0.180m, pixel=(258.6,202.5), box=424x76, area=23892, depth_px=22179, bands=1, trigger=False[0m
[INFO] [1784186913.994912811] [upstairs_detector]: [1;95m触发状态更新: trigger=True[0m
[INFO] [1784186914.259194890] [upstairs_detector]: [1;95m触发状态更新: trigger=False[0m
[INFO] [1784186914.457747578] [upstairs_detector]: [1;95m触发状态更新: trigger=True[0m
[INFO] [1784186914.787671782] [upstairs_detector]: [1;34m最近上台阶: dist=0.657m, band_from_bottom=1, lateral=0.111m, vertical=0.202m, pixel=(264.3,210.1), box=424x61, area=18380, depth_px=14948, bands=1, trigger=True[0m
[INFO] [1784186914.857026148] [upstairs_detector]: [1;95m触发状态更新: trigger=False[0m
[INFO] [1784186915.188025294] [upstairs_detector]: [1;95m触发状态更新: trigger=True[0m
[INFO] [1784186915.789046058] [upstairs_detector]: [1;34m最近上台阶: dist=0.571m, band_from_bottom=1, lateral=0.077m, vertical=0.176m, pixel=(254.2,210.4), box=424x60, area=17084, depth_px=13959, bands=1, trigger=True[0m
[INFO] [1784186916.790627299] [upstairs_detector]: [1;34m最近上台阶: dist=0.560m, band_from_bottom=1, lateral=0.108m, vertical=0.183m, pixel=(271.8,215.9), box=424x49, area=13985, depth_px=12462, bands=1, trigger=True[0m
[INFO] [1784186917.786392903] [upstairs_detector]: [1;34m最近上台阶: dist=0.510m, band_from_bottom=1, lateral=0.066m, vertical=0.177m, pixel=(252.3,222.0), box=424x35, area=9024, depth_px=7888, bands=1, trigger=True[0m
[INFO] [1784186918.788918529] [upstairs_detector]: [0;33m未检测到有效上台阶: bands=0, target_band_from_bottom=1, mask_px=4461, frame=910, hsv=[30, 40, 30]-[100, 255, 255][0m
[INFO] [1784186918.920870309] [upstairs_detector]: [1;95m触发状态更新: trigger=False[0m
[INFO] [1784186919.388594218] [upstairs_detector]: [1;95m触发状态更新: trigger=True[0m
[INFO] [1784186919.788893911] [upstairs_detector]: [1;34m最近上台阶: dist=0.375m, band_from_bottom=1, lateral=0.071m, vertical=0.141m, pixel=(270.9,230.7), box=238x19, area=3040, depth_px=2950, bands=1, trigger=True[0m
[INFO] [1784186920.584345142] [upstairs_detector]: [1;95m触发状态更新: trigger=False[0m
[INFO] [1784186920.721278957] [upstairs_detector]: [1;95m触发状态更新: trigger=True[0m
[INFO] [1784186920.790741755] [upstairs_detector]: [1;34m最近上台阶: dist=0.359m, band_from_bottom=1, lateral=0.051m, vertical=0.126m, pixel=(256.6,222.8), box=424x37, area=8371, depth_px=7417, bands=1, trigger=True[0m
[INFO] [1784186921.188577264] [upstairs_detector]: [1;95m触发状态更新: trigger=False[0m
[INFO] [1784186921.453723977] [upstairs_detector]: [1;95m触发状态更新: trigger=True[0m
[INFO] [1784186921.651852212] [upstairs_detector]: [1;95m触发状态更新: trigger=False[0m
[INFO] [1784186921.788651328] [upstairs_detector]: [0;33m未检测到有效上台阶: bands=0, target_band_from_bottom=1, mask_px=1264, frame=955, hsv=[30, 40, 30]-[100, 255, 255][0m
[INFO] [1784186922.121122568] [upstairs_detector]: [1;95m触发状态更新: trigger=True[0m
[INFO] [1784186922.585973868] [upstairs_detector]: [1;95m触发状态更新: trigger=False[0m
[INFO] [1784186922.721097173] [upstairs_detector]: [1;95m触发状态更新: trigger=True[0m
[INFO] [1784186922.790436661] [upstairs_detector]: [1;34m最近上台阶: dist=0.292m, band_from_bottom=1, lateral=0.030m, vertical=0.111m, pixel=(244.5,231.6), box=250x17, area=2865, depth_px=2841, bands=1, trigger=True[0m
[INFO] [1784186923.051857049] [upstairs_detector]: [1;95m触发状态更新: trigger=False[0m
[INFO] [1784186923.322560219] [upstairs_detector]: [1;95m触发状态更新: trigger=True[0m
[INFO] [1784186923.589092413] [upstairs_detector]: [1;95m触发状态更新: trigger=False[0m
[INFO] [1784186923.787647190] [upstairs_detector]: [0;33m未检测到有效上台阶: bands=0, target_band_from_bottom=1, mask_px=1486, frame=985, hsv=[30, 40, 30]-[100, 255, 255][0m
[INFO] [1784186924.787664546] [upstairs_detector]: [0;33m未检测到有效上台阶: bands=0, target_band_from_bottom=1, mask_px=1856, frame=1000, hsv=[30, 40, 30]-[100, 255, 255][0m
[INFO] [1784186925.788016529] [upstairs_detector]: [0;33m未检测到有效上台阶: bands=0, target_band_from_bottom=1, mask_px=1304, frame=1015, hsv=[30, 40, 30]-[100, 255, 255][0m
[INFO] [1784186926.790182956] [upstairs_detector]: [0;33m未检测到有效上台阶: bands=0, target_band_from_bottom=1, mask_px=4979, frame=1030, hsv=[30, 40, 30]-[100, 255, 255][0m
[INFO] [1784186927.856097683] [upstairs_detector]: [0;33m未检测到有效上台阶: bands=0, target_band_from_bottom=1, mask_px=78, frame=1046, hsv=[30, 40, 30]-[100, 255, 255][0m
[INFO] [1784186928.857224233] [upstairs_detector]: [0;33m未检测到有效上台阶: bands=0, target_band_from_bottom=1, mask_px=1279, frame=1061, hsv=[30, 40, 30]-[100, 255, 255][0m
[INFO] [1784186929.858237252] [upstairs_detector]: [0;33m未检测到有效上台阶: bands=0, target_band_from_bottom=1, mask_px=3131, frame=1076, hsv=[30, 40, 30]-[100, 255, 255][0m
[INFO] [1784186930.859808445] [upstairs_detector]: [0;33m未检测到有效上台阶: bands=0, target_band_from_bottom=1, mask_px=0, frame=1091, hsv=[30, 40, 30]-[100, 255, 255][0m
[INFO] [1784186931.859420246] [upstairs_detector]: [0;33m未检测到有效上台阶: bands=0, target_band_from_bottom=1, mask_px=953, frame=1106, hsv=[30, 40, 30]-[100, 255, 255][0m
[INFO] [1784186932.860079880] [upstairs_detector]: [0;33m未检测到有效上台阶: bands=0, target_band_from_bottom=1, mask_px=1760, frame=1121, hsv=[30, 40, 30]-[100, 255, 255][0m
[INFO] [1784186933.861442052] [upstairs_detector]: [0;33m未检测到有效上台阶: bands=0, target_band_from_bottom=1, mask_px=713, frame=1136, hsv=[30, 40, 30]-[100, 255, 255][0m
[INFO] [1784186934.861444397] [upstairs_detector]: [0;33m未检测到有效上台阶: bands=0, target_band_from_bottom=1, mask_px=1245, frame=1151, hsv=[30, 40, 30]-[100, 255, 255][0m
[INFO] [1784186935.865652804] [upstairs_detector]: [0;33m未检测到有效上台阶: bands=0, target_band_from_bottom=1, mask_px=1111, frame=1166, hsv=[30, 40, 30]-[100, 255, 255][0m
[INFO] [1784186936.866893964] [upstairs_detector]: [0;33m未检测到有效上台阶: bands=0, target_band_from_bottom=1, mask_px=660, frame=1181, hsv=[30, 40, 30]-[100, 255, 255][0m
[INFO] [1784186937.931224965] [upstairs_detector]: [0;33m未检测到有效上台阶: bands=0, target_band_from_bottom=1, mask_px=1100, frame=1197, hsv=[30, 40, 30]-[100, 255, 255][0m
[INFO] [1784186938.931896101] [upstairs_detector]: [0;33m未检测到有效上台阶: bands=0, target_band_from_bottom=1, mask_px=2848, frame=1212, hsv=[30, 40, 30]-[100, 255, 255][0m
[INFO] [1784186939.935183491] [upstairs_detector]: [0;33m未检测到有效上台阶: bands=0, target_band_from_bottom=1, mask_px=4956, frame=1227, hsv=[30, 40, 30]-[100, 255, 255][0m
[INFO] [1784186940.932594263] [upstairs_detector]: [0;33m未检测到有效上台阶: bands=0, target_band_from_bottom=1, mask_px=10874, frame=1242, hsv=[30, 40, 30]-[100, 255, 255][0m
[INFO] [1784186941.933557628] [upstairs_detector]: [0;33m未检测到有效上台阶: bands=0, target_band_from_bottom=1, mask_px=8508, frame=1257, hsv=[30, 40, 30]-[100, 255, 255][0m
[INFO] [1784186942.940829762] [upstairs_detector]: [1;34m最近上台阶: dist=1.258m, band_from_bottom=1, lateral=0.252m, vertical=0.456m, pixel=(273.8,226.7), box=422x26, area=5183, depth_px=3628, bands=1, trigger=False[0m
[INFO] [1784186943.934182683] [upstairs_detector]: [0;33m未检测到有效上台阶: bands=0, target_band_from_bottom=1, mask_px=126, frame=1287, hsv=[30, 40, 30]-[100, 255, 255][0m
[INFO] [1784186944.935282995] [upstairs_detector]: [0;33m未检测到有效上台阶: bands=0, target_band_from_bottom=1, mask_px=282, frame=1302, hsv=[30, 40, 30]-[100, 255, 255][0m
[INFO] [1784186945.939331909] [upstairs_detector]: [0;33m未检测到有效上台阶: bands=0, target_band_from_bottom=1, mask_px=519, frame=1317, hsv=[30, 40, 30]-[100, 255, 255][0m
[INFO] [1784186947.003373103] [upstairs_detector]: [0;33m未检测到有效上台阶: bands=0, target_band_from_bottom=1, mask_px=2590, frame=1333, hsv=[30, 40, 30]-[100, 255, 255][0m
[INFO] [1784186948.004892121] [upstairs_detector]: [0;33m未检测到有效上台阶: bands=0, target_band_from_bottom=1, mask_px=1217, frame=1348, hsv=[30, 40, 30]-[100, 255, 255][0m
[INFO] [1784186949.005267449] [upstairs_detector]: [0;33m未检测到有效上台阶: bands=0, target_band_from_bottom=1, mask_px=2175, frame=1363, hsv=[30, 40, 30]-[100, 255, 255][0m
[INFO] [1784186950.006401178] [upstairs_detector]: [0;33m未检测到有效上台阶: bands=0, target_band_from_bottom=1, mask_px=222, frame=1378, hsv=[30, 40, 30]-[100, 255, 255][0m
[INFO] [1784186951.008919203] [upstairs_detector]: [0;33m未检测到有效上台阶: bands=0, target_band_from_bottom=1, mask_px=30, frame=1393, hsv=[30, 40, 30]-[100, 255, 255][0m
[INFO] [1784186952.073414389] [upstairs_detector]: [0;33m未检测到有效上台阶: bands=0, target_band_from_bottom=1, mask_px=542, frame=1409, hsv=[30, 40, 30]-[100, 255, 255][0m
[INFO] [1784186953.074523020] [upstairs_detector]: [0;33m未检测到有效上台阶: bands=0, target_band_from_bottom=1, mask_px=469, frame=1424, hsv=[30, 40, 30]-[100, 255, 255][0m
[INFO] [1784186954.075142161] [upstairs_detector]: [0;33m未检测到有效上台阶: bands=0, target_band_from_bottom=1, mask_px=1081, frame=1439, hsv=[30, 40, 30]-[100, 255, 255][0m
[INFO] [1784186955.078648511] [upstairs_detector]: [0;33m未检测到有效上台阶: bands=0, target_band_from_bottom=1, mask_px=940, frame=1454, hsv=[30, 40, 30]-[100, 255, 255][0m
[INFO] [1784186956.076838854] [upstairs_detector]: [0;33m未检测到有效上台阶: bands=0, target_band_from_bottom=1, mask_px=1129, frame=1469, hsv=[30, 40, 30]-[100, 255, 255][0m
[INFO] [1784186957.077739993] [upstairs_detector]: [0;33m未检测到有效上台阶: bands=0, target_band_from_bottom=1, mask_px=1172, frame=1484, hsv=[30, 40, 30]-[100, 255, 255][0m
[INFO] [1784186958.078154958] [upstairs_detector]: [0;33m未检测到有效上台阶: bands=0, target_band_from_bottom=1, mask_px=1230, frame=1499, hsv=[30, 40, 30]-[100, 255, 255][0m
[INFO] [1784186959.078812421] [upstairs_detector]: [0;33m未检测到有效上台阶: bands=0, target_band_from_bottom=1, mask_px=1238, frame=1514, hsv=[30, 40, 30]-[100, 255, 255][0m
[INFO] [1784186960.080788443] [upstairs_detector]: [0;33m未检测到有效上台阶: bands=0, target_band_from_bottom=1, mask_px=379, frame=1529, hsv=[30, 40, 30]-[100, 255, 255][0m
[INFO] [1784186961.149189209] [upstairs_detector]: [0;33m未检测到有效上台阶: bands=0, target_band_from_bottom=1, mask_px=1481, frame=1545, hsv=[30, 40, 30]-[100, 255, 255][0m
[INFO] [1784186962.215277592] [upstairs_detector]: [0;33m未检测到有效上台阶: bands=0, target_band_from_bottom=1, mask_px=114, frame=1561, hsv=[30, 40, 30]-[100, 255, 255][0m
[INFO] [1784186963.215434065] [upstairs_detector]: [0;33m未检测到有效上台阶: bands=0, target_band_from_bottom=1, mask_px=132, frame=1576, hsv=[30, 40, 30]-[100, 255, 255][0m
[INFO] [1784186964.219443903] [upstairs_detector]: [0;33m未检测到有效上台阶: bands=0, target_band_from_bottom=1, mask_px=331, frame=1591, hsv=[30, 40, 30]-[100, 255, 255][0m
[INFO] [1784186965.218233966] [upstairs_detector]: [0;33m未检测到有效上台阶: bands=0, target_band_from_bottom=1, mask_px=559, frame=1606, hsv=[30, 40, 30]-[100, 255, 255][0m
[INFO] [1784186966.219282689] [upstairs_detector]: [0;33m未检测到有效上台阶: bands=0, target_band_from_bottom=1, mask_px=479, frame=1621, hsv=[30, 40, 30]-[100, 255, 255][0m
[INFO] [1784186967.219282527] [upstairs_detector]: [0;33m未检测到有效上台阶: bands=0, target_band_from_bottom=1, mask_px=176, frame=1636, hsv=[30, 40, 30]-[100, 255, 255][0m
[INFO] [1784186968.220909672] [upstairs_detector]: [0;33m未检测到有效上台阶: bands=0, target_band_from_bottom=1, mask_px=397, frame=1651, hsv=[30, 40, 30]-[100, 255, 255][0m
[INFO] [1784186969.221708214] [upstairs_detector]: [0;33m未检测到有效上台阶: bands=0, target_band_from_bottom=1, mask_px=665, frame=1666, hsv=[30, 40, 30]-[100, 255, 255][0m
[INFO] [1784186970.221024480] [upstairs_detector]: [0;33m未检测到有效上台阶: bands=0, target_band_from_bottom=1, mask_px=515, frame=1681, hsv=[30, 40, 30]-[100, 255, 255][0m
[INFO] [1784186971.221183203] [upstairs_detector]: [0;33m未检测到有效上台阶: bands=0, target_band_from_bottom=1, mask_px=473, frame=1696, hsv=[30, 40, 30]-[100, 255, 255][0m
[INFO] [1784186972.221660088] [upstairs_detector]: [0;33m未检测到有效上台阶: bands=0, target_band_from_bottom=1, mask_px=849, frame=1711, hsv=[30, 40, 30]-[100, 255, 255][0m
[INFO] [1784186973.222515594] [upstairs_detector]: [0;33m未检测到有效上台阶: bands=0, target_band_from_bottom=1, mask_px=453, frame=1726, hsv=[30, 40, 30]-[100, 255, 255][0m
[INFO] [1784186974.223192032] [upstairs_detector]: [0;33m未检测到有效上台阶: bands=0, target_band_from_bottom=1, mask_px=424, frame=1741, hsv=[30, 40, 30]-[100, 255, 255][0m
[INFO] [1784186975.223953019] [upstairs_detector]: [0;33m未检测到有效上台阶: bands=0, target_band_from_bottom=1, mask_px=479, frame=1756, hsv=[30, 40, 30]-[100, 255, 255][0m
[INFO] [1784186976.224882470] [upstairs_detector]: [0;33m未检测到有效上台阶: bands=0, target_band_from_bottom=1, mask_px=421, frame=1771, hsv=[30, 40, 30]-[100, 255, 255][0m
[INFO] [1784186977.226171264] [upstairs_detector]: [0;33m未检测到有效上台阶: bands=0, target_band_from_bottom=1, mask_px=332, frame=1786, hsv=[30, 40, 30]-[100, 255, 255][0m
[INFO] [1784186978.225952972] [upstairs_detector]: [0;33m未检测到有效上台阶: bands=0, target_band_from_bottom=1, mask_px=5110, frame=1801, hsv=[30, 40, 30]-[100, 255, 255][0m
[INFO] [1784186979.227658416] [upstairs_detector]: [0;33m未检测到有效上台阶: bands=0, target_band_from_bottom=1, mask_px=11392, frame=1816, hsv=[30, 40, 30]-[100, 255, 255][0m
[INFO] [1784186980.230996319] [upstairs_detector]: [0;33m未检测到有效上台阶: bands=0, target_band_from_bottom=1, mask_px=16029, frame=1831, hsv=[30, 40, 30]-[100, 255, 255][0m
[INFO] [1784186981.238802770] [upstairs_detector]: [1;34m最近上台阶: dist=0.876m, band_from_bottom=1, lateral=0.178m, vertical=0.278m, pixel=(274.7,212.9), box=424x59, area=11476, depth_px=8886, bands=1, trigger=False[0m
[INFO] [1784186982.230449948] [upstairs_detector]: [0;33m未检测到有效上台阶: bands=0, target_band_from_bottom=1, mask_px=5433, frame=1861, hsv=[30, 40, 30]-[100, 255, 255][0m
[INFO] [1784186983.232731610] [upstairs_detector]: [0;33m未检测到有效上台阶: bands=0, target_band_from_bottom=1, mask_px=1117, frame=1876, hsv=[30, 40, 30]-[100, 255, 255][0m
[INFO] [1784186984.230775588] [upstairs_detector]: [0;33m未检测到有效上台阶: bands=0, target_band_from_bottom=1, mask_px=684, frame=1891, hsv=[30, 40, 30]-[100, 255, 255][0m
[INFO] [1784186985.231554422] [upstairs_detector]: [0;33m未检测到有效上台阶: bands=0, target_band_from_bottom=1, mask_px=2837, frame=1906, hsv=[30, 40, 30]-[100, 255, 255][0m
[INFO] [1784186986.237656516] [upstairs_detector]: [1;34m最近上台阶: dist=1.282m, band_from_bottom=1, lateral=0.122m, vertical=0.447m, pixel=(242.1,222.5), box=424x35, area=11829, depth_px=7971, bands=1, trigger=False[0m
[INFO] [1784186987.242000960] [upstairs_detector]: [1;34m最近上台阶: dist=1.091m, band_from_bottom=1, lateral=-0.028m, vertical=0.296m, pixel=(205.5,198.9), box=424x35, area=5528, depth_px=4273, bands=1, trigger=False[0m
[INFO] [1784186988.241142579] [upstairs_detector]: [1;34m最近上台阶: dist=0.845m, band_from_bottom=1, lateral=0.110m, vertical=0.306m, pixel=(252.6,226.4), box=424x27, area=4226, depth_px=4029, bands=1, trigger=False[0m
[INFO] [1784186989.243400650] [upstairs_detector]: [1;34m最近上台阶: dist=0.947m, band_from_bottom=1, lateral=0.129m, vertical=0.297m, pixel=(254.6,211.9), box=424x58, area=9431, depth_px=7485, bands=1, trigger=False[0m
[INFO] [1784186990.247344225] [upstairs_detector]: [1;34m最近上台阶: dist=0.994m, band_from_bottom=1, lateral=0.107m, vertical=0.309m, pixel=(245.8,211.1), box=424x61, area=12378, depth_px=9881, bands=1, trigger=False[0m
[INFO] [1784186991.240385778] [upstairs_detector]: [1;34m最近上台阶: dist=1.143m, band_from_bottom=1, lateral=0.322m, vertical=0.400m, pixel=(298.7,222.8), box=424x25, area=3976, depth_px=2749, bands=1, trigger=False[0m
[INFO] [1784186992.238290368] [upstairs_detector]: [0;33m未检测到有效上台阶: bands=0, target_band_from_bottom=1, mask_px=7406, frame=2011, hsv=[30, 40, 30]-[100, 255, 255][0m
[INFO] [1784186993.238413696] [upstairs_detector]: [0;33m未检测到有效上台阶: bands=0, target_band_from_bottom=1, mask_px=22141, frame=2026, hsv=[30, 40, 30]-[100, 255, 255][0m
[INFO] [1784186994.238881399] [upstairs_detector]: [0;33m未检测到有效上台阶: bands=0, target_band_from_bottom=1, mask_px=15128, frame=2041, hsv=[30, 40, 30]-[100, 255, 255][0m
[INFO] [1784186995.244772101] [upstairs_detector]: [1;34m最近上台阶: dist=1.041m, band_from_bottom=1, lateral=0.212m, vertical=0.341m, pixel=(274.8,216.2), box=424x47, area=12166, depth_px=9085, bands=1, trigger=False[0m
[INFO] [1784186996.248859121] [upstairs_detector]: [1;34m最近上台阶: dist=0.958m, band_from_bottom=1, lateral=0.225m, vertical=0.320m, pixel=(284.5,218.0), box=424x44, area=9939, depth_px=7754, bands=1, trigger=False[0m
[INFO] [1784186997.247273495] [upstairs_detector]: [1;34m最近上台阶: dist=0.952m, band_from_bottom=1, lateral=0.209m, vertical=0.316m, pixel=(279.8,217.5), box=424x45, area=10715, depth_px=8378, bands=1, trigger=False[0m
[INFO] [1784186998.243767780] [upstairs_detector]: [0;33m未检测到有效上台阶: bands=0, target_band_from_bottom=1, mask_px=14218, frame=2101, hsv=[30, 40, 30]-[100, 255, 255][0m
[INFO] [1784186999.242057287] [upstairs_detector]: [0;33m未检测到有效上台阶: bands=0, target_band_from_bottom=1, mask_px=3003, frame=2116, hsv=[30, 40, 30]-[100, 255, 255][0m
[INFO] [1784187000.242900509] [upstairs_detector]: [0;33m未检测到有效上台阶: bands=0, target_band_from_bottom=1, mask_px=0, frame=2131, hsv=[30, 40, 30]-[100, 255, 255][0m
[INFO] [1784187001.243340345] [upstairs_detector]: [0;33m未检测到有效上台阶: bands=0, target_band_from_bottom=1, mask_px=478, frame=2146, hsv=[30, 40, 30]-[100, 255, 255][0m
[INFO] [1784187002.245788750] [upstairs_detector]: [0;33m未检测到有效上台阶: bands=0, target_band_from_bottom=1, mask_px=459, frame=2161, hsv=[30, 40, 30]-[100, 255, 255][0m
[INFO] [1784187003.246431326] [upstairs_detector]: [0;33m未检测到有效上台阶: bands=0, target_band_from_bottom=1, mask_px=1796, frame=2176, hsv=[30, 40, 30]-[100, 255, 255][0m
[INFO] [1784187004.312321138] [upstairs_detector]: [0;33m未检测到有效上台阶: bands=0, target_band_from_bottom=1, mask_px=1879, frame=2192, hsv=[30, 40, 30]-[100, 255, 255][0m
[INFO] [1784187005.314407302] [upstairs_detector]: [0;33m未检测到有效上台阶: bands=0, target_band_from_bottom=1, mask_px=1581, frame=2207, hsv=[30, 40, 30]-[100, 255, 255][0m
[INFO] [1784187006.379979941] [upstairs_detector]: [0;33m未检测到有效上台阶: bands=0, target_band_from_bottom=1, mask_px=1513, frame=2223, hsv=[30, 40, 30]-[100, 255, 255][0m
[INFO] [1784187007.381806405] [upstairs_detector]: [0;33m未检测到有效上台阶: bands=0, target_band_from_bottom=1, mask_px=1967, frame=2238, hsv=[30, 40, 30]-[100, 255, 255][0m
[INFO] [1784187008.449358624] [upstairs_detector]: [0;33m未检测到有效上台阶: bands=0, target_band_from_bottom=1, mask_px=1544, frame=2254, hsv=[30, 40, 30]-[100, 255, 255][0m
[INFO] [1784187009.449872729] [upstairs_detector]: [0;33m未检测到有效上台阶: bands=0, target_band_from_bottom=1, mask_px=1713, frame=2269, hsv=[30, 40, 30]-[100, 255, 255][0m
[INFO] [1784187010.456661553] [upstairs_detector]: [0;33m未检测到有效上台阶: bands=0, target_band_from_bottom=1, mask_px=1614, frame=2284, hsv=[30, 40, 30]-[100, 255, 255][0m
[INFO] [1784187011.452351476] [upstairs_detector]: [0;33m未检测到有效上台阶: bands=0, target_band_from_bottom=1, mask_px=1450, frame=2299, hsv=[30, 40, 30]-[100, 255, 255][0m
[INFO] [1784187012.453002671] [upstairs_detector]: [0;33m未检测到有效上台阶: bands=0, target_band_from_bottom=1, mask_px=1233, frame=2314, hsv=[30, 40, 30]-[100, 255, 255][0m
