[INFO] [1783729368.528384704] [orange_pole_relative_nav]: state=INACTIVE
[INFO] [1783729368.528923588] [orange_pole_relative_nav]: orange_pole_relative_nav inactive on startup.
[INFO] [1783729368.545011992] [orange_pole_relative_nav]: 稳定触发版已启用: samples>=3, window=5, max_age=0.45s, dist_spread<=0.080m, lat_spread<=0.080m, timeout=0.35s, hold_override=True [0,0.180,0.180], drift_comp=True
[INFO] [1783729535.736414430] [orange_pole_relative_nav]: state=WAITING_APRILTAG_TRIGGER
[INFO] [1783729535.736961168] [orange_pole_relative_nav]: 等待绕杆触发: trigger_source=apriltag, HSV nearest=/orange_pole_detector/nearest, trigger=/orange_pole_detector/trigger, distance<=1.45m, AprilTag id=14, tf=camera_color_optical_frame->role, detections=/apriltag/detections, first_forward_mode=0, forward_mode=6, turn_mode=6, offsets=[(0.0, 1.08), (0.168, 0.139), (0.676, 0.593), (-0.157, 0.2), (-1.494, 0.762), (0.298, 0.154), (0.536, 0.707), (0.255, -0.215), (0.594, -1.358), (0.26, 0.114), (1.08, 1.409), (0.278, -0.182), (0.398, -0.687), (0.209, 0.048)], reference=locked_route_frame, goal_yaw_mode=waypoint
[INFO] [1783729535.737461665] [orange_pole_relative_nav]: state=PRE_ALIGN_YAW_POSE_PITCH
[INFO] [1783729535.737784353] [orange_pole_relative_nav]: 绕杆前 AprilTag 预对齐进入 PRE_ALIGN_YAW_POSE_PITCH: reason=apriltag_route_start, pre_align_active=True, pre_align_phase=PRE_ALIGN_YAW_POSE_PITCH, tag_source=live, raw_tag_x=-0.054m, center_x=-0.049m, tag_z=0.727m, raw_pitch_err_deg=+1.08, pitch_err_deg=+1.08, pitch_filter=1/5, yaw_err_deg=+nan, base_yaw=+nandeg, side_yaw=+nandeg, shift_m=0.000, along_m=0.000, remaining_m=0.000, backup_retry=0/1, allow_original_route=False
[INFO] [1783729535.751151035] [orange_pole_relative_nav]: HEARTBEAT state=PRE_ALIGN_YAW_POSE_PITCH, triggered=False, trigger_source=apriltag, route_source=none, reference=locked_route_frame, route_frame_ready=False, route_finished=False, route_failed=False, active_goal=False, direct_override=False, forward_override=False, forward_tracking=False, waypoint=1/14, pole_age=none, pole_stale=False, trigger_age=none, detector_trigger=False, nearest=(none), apriltag_det=(tag36h11:14,match=true,raw=1,margin=66.3,hamming=0,center=(191,154),age=0.11s), apriltag_tf=(camera_color_optical_frame->role, xyz=(-0.054,+0.090,+0.727)m, age=0.11s), pre_align=(pre_align_active=True, pre_align_phase=PRE_ALIGN_YAW_POSE_PITCH, tag_source=live, raw_tag_x=-0.054m, center_x=-0.049m, tag_z=0.727m, raw_pitch_err_deg=+1.08, pitch_err_deg=+1.08, pitch_filter=1/5, yaw_err_deg=+nan, base_yaw=+nandeg, side_yaw=+nandeg, shift_m=0.000, along_m=0.000, remaining_m=0.000, backup_retry=0/1, allow_original_route=False)
[INFO] [1783729535.780123651] [orange_pole_relative_nav]: 绕杆前 AprilTag 预对齐进行中，忽略重复 route start: reason=AprilTag ID 14 TF ready, source=apriltag, pre_align_active=True, pre_align_phase=PRE_ALIGN_YAW_POSE_PITCH, tag_source=live, raw_tag_x=-0.050m, center_x=-0.045m, tag_z=0.730m, raw_pitch_err_deg=-3.54, pitch_err_deg=-3.54, pitch_filter=2/5, yaw_err_deg=+nan, base_yaw=+nandeg, side_yaw=+nandeg, shift_m=0.000, along_m=0.000, remaining_m=0.000, backup_retry=0/1, allow_original_route=False
[INFO] [1783729535.851376386] [orange_pole_relative_nav]: 绕杆前预对齐: phase=PRE_ALIGN_YAW_POSE_PITCH, 绕杆前角度对齐中: source=live_tag_filtered metric=pose_pitch raw_tag_x=-0.051m center_x=-0.046m tag_z=0.725m pitch_err=-3.54/2.00deg target_pitch=+0.00deg control_sign=-1.0 control_err=+3.54deg fine_turn=True override=[6,-0.025,+0.050], pre_align_active=True, pre_align_phase=PRE_ALIGN_YAW_POSE_PITCH, tag_source=live, raw_tag_x=-0.051m, center_x=-0.046m, tag_z=0.725m, raw_pitch_err_deg=-3.63, pitch_err_deg=-3.54, pitch_filter=3/5, yaw_err_deg=+nan, base_yaw=+nandeg, side_yaw=+nandeg, shift_m=0.000, along_m=0.000, remaining_m=0.000, backup_retry=0/1, allow_original_route=False
[INFO] [1783729536.251161292] [orange_pole_relative_nav]: state=PRE_VERIFY_TAG
[INFO] [1783729536.251484369] [orange_pole_relative_nav]: 绕杆前 AprilTag 预对齐进入 PRE_VERIFY_TAG: reason=lateral_already_ok center_x=-0.030m raw_tag_x=-0.035m frozen_center_x=-0.030m frozen_raw_tag_x=-0.035m source=live_tag_filtered, pre_align_active=True, pre_align_phase=PRE_VERIFY_TAG, tag_source=live_lateral_frozen, raw_tag_x=-0.035m, center_x=-0.030m, tag_z=0.717m, raw_pitch_err_deg=-0.55, pitch_err_deg=-0.55, pitch_filter=5/5, yaw_err_deg=+0.00, base_yaw=-91.4deg, side_yaw=+nandeg, shift_m=0.030, along_m=0.000, remaining_m=0.030, backup_retry=0/1, allow_original_route=False
[INFO] [1783729536.451360056] [orange_pole_relative_nav]: 绕杆前预对齐: phase=PRE_VERIFY_TAG, verify source=live_tag_lateral_frozen raw_tag_x=-0.035m center_x=-0.030m tag_z=0.717m pitch_err=-0.55deg/2.00deg lateral_err(center_x)=-0.030m/0.050m camera_left_offset=+0.005m yaw_err=-0.23deg/2.00deg min_tag_z=0.000m entry_gate=tag_z<=0.590m (target=0.550+tol=0.040; min_safe=0.000) pitch_ok=True lateral_ok=True lateral_gate_ok=True lateral_shift_done=True yaw_ok=True distance_ok=True entry_z_ok=False failed=['entry_z'] next=entry_forward entry_z_reason=entry_tag_z_too_far 0.717>0.590 override=[0,0.000,0.000], pre_align_active=True, pre_align_phase=PRE_VERIFY_TAG, tag_source=live_lateral_frozen, raw_tag_x=-0.035m, center_x=-0.030m, tag_z=0.717m, raw_pitch_err_deg=-0.55, pitch_err_deg=-0.55, pitch_filter=5/5, yaw_err_deg=-0.23, base_yaw=-91.4deg, side_yaw=+nandeg, shift_m=0.030, along_m=0.000, remaining_m=0.030, backup_retry=0/1, allow_original_route=False
[INFO] [1783729536.451889489] [orange_pole_relative_nav]: state=PRE_ENTRY_FORWARD
[INFO] [1783729536.452407681] [orange_pole_relative_nav]: 绕杆前 AprilTag 预对齐进入 PRE_ENTRY_FORWARD: reason=entry_tag_z_too_far 0.717>0.590; source=live_tag_lateral_frozen; entry_gate=tag_z<=0.590m (target=0.550+tol=0.040; min_safe=0.000), pre_align_active=True, pre_align_phase=PRE_ENTRY_FORWARD, tag_source=live_lateral_frozen, raw_tag_x=-0.035m, center_x=-0.030m, tag_z=0.717m, raw_pitch_err_deg=-0.55, pitch_err_deg=-0.55, pitch_filter=5/5, yaw_err_deg=-0.23, base_yaw=-91.4deg, side_yaw=+nandeg, shift_m=0.030, along_m=0.000, remaining_m=0.030, backup_retry=0/1, allow_original_route=False
[INFO] [1783729536.651565807] [orange_pole_relative_nav]: 绕杆前预对齐: phase=PRE_ENTRY_FORWARD, entry_forward target_z=0.550m entry_gate=tag_z<=0.590m (target=0.550+tol=0.040; min_safe=0.000) est_tag_z=0.703m remaining_z=0.113m along_m=0.014/0.400m yaw_corr=+0.000 override=[0,+0.300,+0.300], pre_align_active=True, pre_align_phase=PRE_ENTRY_FORWARD, tag_source=live_lateral_frozen, raw_tag_x=-0.035m, center_x=-0.030m, tag_z=0.711m, raw_pitch_err_deg=-0.55, pitch_err_deg=-0.55, pitch_filter=5/5, yaw_err_deg=+0.10, base_yaw=-91.4deg, side_yaw=+nandeg, shift_m=0.030, along_m=0.000, remaining_m=0.030, backup_retry=0/1, allow_original_route=False
[INFO] [1783729537.351200244] [orange_pole_relative_nav]: state=PRE_FINAL_YAW_POSE_PITCH
[INFO] [1783729537.351726425] [orange_pole_relative_nav]: 绕杆前 AprilTag 预对齐进入 PRE_FINAL_YAW_POSE_PITCH: reason=entry_forward_done est_tag_z=0.575m along=0.143m entry_reason=entry_tag_z_reached tag_z=0.575<=0.590 target=0.550+tol=0.040; final_pose_pitch_check_before_verify, pre_align_active=True, pre_align_phase=PRE_FINAL_YAW_POSE_PITCH, tag_source=live_lateral_frozen, raw_tag_x=-0.035m, center_x=-0.030m, tag_z=0.592m, raw_pitch_err_deg=-0.55, pitch_err_deg=-0.55, pitch_filter=5/5, yaw_err_deg=-0.22, base_yaw=-91.4deg, side_yaw=+nandeg, shift_m=0.030, along_m=0.000, remaining_m=0.030, backup_retry=0/1, allow_original_route=False
[INFO] [1783729537.551239165] [orange_pole_relative_nav]: 绕杆前预对齐: phase=PRE_FINAL_YAW_POSE_PITCH, 绕杆前最终角度修正保持: source=live_tag_lateral_frozen pitch_err=-0.55/2.00deg yaw_err=-0.11/2.00deg raw_tag_x=-0.035m center_x=-0.030m tag_z=0.531m hold=0.00/0.20s next=PRE_VERIFY_TAG override=[0,0.000,0.000], pre_align_active=True, pre_align_phase=PRE_FINAL_YAW_POSE_PITCH, tag_source=live_lateral_frozen, raw_tag_x=-0.035m, center_x=-0.030m, tag_z=0.531m, raw_pitch_err_deg=-0.55, pitch_err_deg=-0.55, pitch_filter=5/5, yaw_err_deg=-0.11, base_yaw=-91.4deg, side_yaw=+nandeg, shift_m=0.030, along_m=0.000, remaining_m=0.030, backup_retry=0/1, allow_original_route=False
[INFO] [1783729537.651171441] [orange_pole_relative_nav]: 绕杆前预对齐: phase=PRE_FINAL_YAW_POSE_PITCH, 绕杆前最终角度修正保持: source=live_tag_lateral_frozen pitch_err=-0.55/3.50deg yaw_err=-0.44/3.50deg raw_tag_x=-0.035m center_x=-0.030m tag_z=0.509m hold=0.10/0.20s next=PRE_VERIFY_TAG override=[0,0.000,0.000], pre_align_active=True, pre_align_phase=PRE_FINAL_YAW_POSE_PITCH, tag_source=live_lateral_frozen, raw_tag_x=-0.035m, center_x=-0.030m, tag_z=0.509m, raw_pitch_err_deg=-0.55, pitch_err_deg=-0.55, pitch_filter=5/5, yaw_err_deg=-0.44, base_yaw=-91.4deg, side_yaw=+nandeg, shift_m=0.030, along_m=0.000, remaining_m=0.030, backup_retry=0/1, allow_original_route=False
[INFO] [1783729537.751177466] [orange_pole_relative_nav]: 绕杆前预对齐: phase=PRE_FINAL_YAW_POSE_PITCH, 绕杆前最终角度修正保持: source=live_tag_lateral_frozen pitch_err=-0.55/3.50deg yaw_err=-0.12/3.50deg raw_tag_x=-0.035m center_x=-0.030m tag_z=0.499m hold=0.20/0.20s next=PRE_VERIFY_TAG override=[0,0.000,0.000], pre_align_active=True, pre_align_phase=PRE_FINAL_YAW_POSE_PITCH, tag_source=live_lateral_frozen, raw_tag_x=-0.035m, center_x=-0.030m, tag_z=0.499m, raw_pitch_err_deg=-0.55, pitch_err_deg=-0.55, pitch_filter=5/5, yaw_err_deg=-0.12, base_yaw=-91.4deg, side_yaw=+nandeg, shift_m=0.030, along_m=0.000, remaining_m=0.030, backup_retry=0/1, allow_original_route=False
[INFO] [1783729537.780635731] [orange_pole_relative_nav]: 绕杆前 AprilTag 预对齐进行中，忽略重复 route start: reason=AprilTag ID 14 detection trigger: tag36h11:14,match=true,raw=1,margin=58.3,hamming=0,center=(196,157),age=0.08s, source=apriltag, pre_align_active=True, pre_align_phase=PRE_FINAL_YAW_POSE_PITCH, tag_source=live_lateral_frozen, raw_tag_x=-0.035m, center_x=-0.030m, tag_z=0.495m, raw_pitch_err_deg=-0.55, pitch_err_deg=-0.55, pitch_filter=5/5, yaw_err_deg=-0.18, base_yaw=-91.4deg, side_yaw=+nandeg, shift_m=0.030, along_m=0.000, remaining_m=0.030, backup_retry=0/1, allow_original_route=False
[INFO] [1783729537.851208625] [orange_pole_relative_nav]: 绕杆前预对齐: phase=PRE_FINAL_YAW_POSE_PITCH, 绕杆前最终角度修正保持: source=live_tag_lateral_frozen pitch_err=-0.55/3.50deg yaw_err=-0.26/3.50deg raw_tag_x=-0.035m center_x=-0.030m tag_z=0.493m hold=0.30/0.20s next=PRE_VERIFY_TAG override=[0,0.000,0.000], pre_align_active=True, pre_align_phase=PRE_FINAL_YAW_POSE_PITCH, tag_source=live_lateral_frozen, raw_tag_x=-0.035m, center_x=-0.030m, tag_z=0.493m, raw_pitch_err_deg=-0.55, pitch_err_deg=-0.55, pitch_filter=5/5, yaw_err_deg=-0.26, base_yaw=-91.4deg, side_yaw=+nandeg, shift_m=0.030, along_m=0.000, remaining_m=0.030, backup_retry=0/1, allow_original_route=False
[INFO] [1783729537.851553010] [orange_pole_relative_nav]: state=PRE_VERIFY_TAG
[INFO] [1783729537.851866860] [orange_pole_relative_nav]: 绕杆前 AprilTag 预对齐进入 PRE_VERIFY_TAG: reason=final_pose_pitch_aligned, pre_align_active=True, pre_align_phase=PRE_VERIFY_TAG, tag_source=live_lateral_frozen, raw_tag_x=-0.035m, center_x=-0.030m, tag_z=0.493m, raw_pitch_err_deg=-0.55, pitch_err_deg=-0.55, pitch_filter=5/5, yaw_err_deg=-0.26, base_yaw=-91.4deg, side_yaw=+nandeg, shift_m=0.030, along_m=0.000, remaining_m=0.030, backup_retry=0/1, allow_original_route=False
[INFO] [1783729538.051237391] [orange_pole_relative_nav]: 绕杆前预对齐: phase=PRE_VERIFY_TAG, verify source=live_tag_lateral_frozen raw_tag_x=-0.035m center_x=-0.030m tag_z=0.496m pitch_err=-0.55deg/2.00deg lateral_err(center_x)=-0.030m/0.050m camera_left_offset=+0.005m yaw_err=-0.37deg/2.00deg min_tag_z=0.000m entry_gate=tag_z<=0.590m (target=0.550+tol=0.040; min_safe=0.000) pitch_ok=True lateral_ok=True lateral_gate_ok=True lateral_shift_done=True yaw_ok=True distance_ok=True entry_z_ok=True failed=['none'] next=start_original_route entry_z_reason=entry_tag_z_reached tag_z=0.496<=0.590 target=0.550+tol=0.040 override=[0,0.000,0.000], pre_align_active=True, pre_align_phase=PRE_VERIFY_TAG, tag_source=live_lateral_frozen, raw_tag_x=-0.035m, center_x=-0.030m, tag_z=0.496m, raw_pitch_err_deg=-0.55, pitch_err_deg=-0.55, pitch_filter=5/5, yaw_err_deg=-0.37, base_yaw=-91.4deg, side_yaw=+nandeg, shift_m=0.030, along_m=0.000, remaining_m=0.030, backup_retry=0/1, allow_original_route=False
[INFO] [1783729538.051702113] [orange_pole_relative_nav]: 绕杆前 AprilTag 预对齐完成，准备从修正后的当前位置重新锁定 route anchor: pre_align_active=False, pre_align_phase=none, tag_source=live_lateral_frozen, raw_tag_x=-0.035m, center_x=-0.030m, tag_z=0.496m, raw_pitch_err_deg=-0.55, pitch_err_deg=-0.55, pitch_filter=5/5, yaw_err_deg=-0.37, base_yaw=-91.4deg, side_yaw=+nandeg, shift_m=0.030, along_m=0.000, remaining_m=0.030, backup_retry=0/1, allow_original_route=True
[INFO] [1783729538.052115336] [orange_pole_relative_nav]: external activate: fresh cached AprilTag tag36h11:14,match=true,raw=1,margin=66.3,hamming=0,center=(191,154),age=0.10s + pole_pre_align_done, trigger_source=apriltag, first_forward_mode=0, forward_mode=6, turn_mode=6
[INFO] [1783729538.052432975] [orange_pole_relative_nav]: 锁定 AprilTag 绕杆 route frame: pose=(-1.817,-8.871), yaw=-91.1deg, frame=camera_init, reference_mode=locked_route_frame
[INFO] [1783729538.052792194] [orange_pole_relative_nav]: state=NAVIGATING
[INFO] [1783729538.053097389] [orange_pole_relative_nav]: 跳过零位移机身相对目标点[1/14]: body_offset=(forward=0.00, left=0.00), goal=(-1.817,-8.871), 直接进入下一点，避免 mode=0 默认步态脉冲, forward_override_configured=True
[INFO] [1783729538.053531975] [orange_pole_relative_nav]: 到达 AprilTag 绕杆目标点[1/14]: dist=0.000m, reason=zero_body_relative_waypoint_skipped
[INFO] [1783729538.054279145] [orange_pole_relative_nav]: state=TURN_PRIMITIVE_IN_PLACE
[INFO] [1783729538.054692465] [orange_pole_relative_nav]: 开始 HSV 绕杆原地转向[2/14]: target=(-1.817,-8.871), target_yaw=-51.1deg, direction=ccw, yaw_mode=locked_route_frame delta=40.0deg, target_turn=40.0deg, completion_yaw_tol=6.0deg, completion_progress_tol=3.0deg, in_place_override=[6,-0.200,0.650]
[INFO] [1783729538.151244865] [orange_pole_relative_nav]: turn_in_place waypoint=2/14 yaw_err=39.8deg turn_progress=0.2/40.0deg remaining=39.8deg overshoot=0.0deg progress_done=False yaw_done=False slow_turn=False overshoot_guard=False pose=(-1.802,-8.890)
[INFO] [1783729538.851284645] [orange_pole_relative_nav]: state=TURN_PRIMITIVE_SETTLE
[INFO] [1783729538.851631826] [orange_pole_relative_nav]: 转向完成，进入停稳确认: waypoint=2/14, settle=0.12s, yaw_tol=15.0deg, reason=turn_in_place turn_progress=39.8/40.0deg yaw_err=0.2deg
[INFO] [1783729539.051409116] [orange_pole_relative_nav]: 到达 AprilTag 绕杆目标点[2/14]: dist=0.000m, reason=turn_in_place turn_progress=39.8/40.0deg yaw_err=0.2deg settle=0.20s
[INFO] [1783729539.051805368] [orange_pole_relative_nav]: state=ARRIVED_WAIT_NEXT
[INFO] [1783729539.351575680] [orange_pole_relative_nav]: state=FORWARD_TRACKING_NAVIGATING
[INFO] [1783729539.352110409] [orange_pole_relative_nav]: 启动 locked route 前进纠偏[3/14]: route_origin=(-1.817,-8.871), route_yaw=-91.1deg, frame=camera_init, start=(-1.817,-8.871), goal=(-1.133,-8.318), segment_delta=(0.684,0.553), base=[0.500,0.500], gain_lat=0.04, gain_yaw=0.45, arrival_lat_tol=0.00m, along=0.185m remaining=0.695m lateral=-0.029m yaw_err=-8.1deg corr=-0.064 override=[6,0.564,0.436]
[INFO] [1783729540.151858545] [orange_pole_relative_nav]: forward_tracking waypoint=3/14 route_origin=(-1.817,-8.871) route_yaw=-91.1deg start=(-1.817,-8.871) goal=(-1.133,-8.318) pose=(-1.454,-8.525) dist=0.382m along=0.500m remaining=0.380m lateral=-0.041m yaw_err=-0.7deg gain_lat=0.04 arrival_lat_tol=0.00m corr=-0.006 override=[6,+0.506,+0.494]
[INFO] [1783729540.351584697] [orange_pole_relative_nav]: 到达 AprilTag 绕杆目标点[3/14]: dist=0.202m, reason=forward_tracking_remaining=0.197m<0.20m along=0.683/0.880m lateral=0.047m lat_tol=0.000m
[INFO] [1783729540.352398409] [orange_pole_relative_nav]: state=TURN_PRIMITIVE_IN_PLACE
[INFO] [1783729540.353007187] [orange_pole_relative_nav]: 开始 HSV 绕杆原地转向[4/14]: target=(-1.133,-8.318), target_yaw=-150.1deg, direction=cw, yaw_mode=locked_route_frame delta=-99.0deg, target_turn=99.1deg, completion_yaw_tol=6.0deg, completion_progress_tol=3.0deg, in_place_override=[6,0.650,-0.200]
[INFO] [1783729540.851169542] [orange_pole_relative_nav]: HEARTBEAT state=TURN_PRIMITIVE_IN_PLACE, triggered=True, trigger_source=apriltag, route_source=apriltag, reference=locked_route_frame, route_frame_ready=True, route_finished=False, route_failed=False, active_goal=True, direct_override=True, forward_override=False, forward_tracking=False, waypoint=4/14, pole_age=0.74s, pole_stale=False, trigger_age=0.01s, detector_trigger=False, nearest=(dist=1.064m, lateral=-0.640m, vertical=0.274m, pixel=(31.2,194.9), box=23x54, depth_px=646), apriltag_det=(target_id=14,match=false,raw=0,age=0.08s), apriltag_tf=(camera_color_optical_frame->role, xyz=(-0.022,+0.083,+0.501)m, age=2.75s), pre_align=(pre_align_active=False, pre_align_phase=none, tag_source=locked, raw_tag_x=-0.035m, center_x=-0.030m, tag_z=0.001m, raw_pitch_err_deg=-0.55, pitch_err_deg=-0.55, pitch_filter=5/5, yaw_err_deg=-14.75, base_yaw=-91.4deg, side_yaw=+nandeg, shift_m=0.030, along_m=0.000, remaining_m=0.030, backup_retry=0/1, allow_original_route=True)
[INFO] [1783729541.951233622] [orange_pole_relative_nav]: state=TURN_PRIMITIVE_SETTLE
[INFO] [1783729541.951537348] [orange_pole_relative_nav]: 转向完成，进入停稳确认: waypoint=4/14, settle=0.12s, yaw_tol=15.0deg, reason=turn_in_place turn_progress=98.0/99.1deg yaw_err=1.1deg
[INFO] [1783729542.151343183] [orange_pole_relative_nav]: 到达 AprilTag 绕杆目标点[4/14]: dist=0.000m, reason=turn_in_place turn_progress=98.0/99.1deg yaw_err=1.1deg settle=0.20s
[INFO] [1783729542.151711943] [orange_pole_relative_nav]: state=ARRIVED_WAIT_NEXT
[INFO] [1783729542.451618543] [orange_pole_relative_nav]: state=FORWARD_TRACKING_NAVIGATING
[INFO] [1783729542.452121584] [orange_pole_relative_nav]: 启动 locked route 前进纠偏[5/14]: route_origin=(-1.817,-8.871), route_yaw=-91.1deg, frame=camera_init, start=(-1.133,-8.318), goal=(-0.509,-9.401), segment_delta=(0.624,-1.083), base=[0.500,0.500], gain_lat=0.04, gain_yaw=0.45, arrival_lat_tol=0.00m, along=0.287m remaining=0.963m lateral=-0.246m yaw_err=+0.8deg corr=-0.003 override=[6,0.503,0.497]
[INFO] [1783729542.551269093] [orange_pole_relative_nav]: forward_tracking waypoint=5/14 route_origin=(-1.817,-8.871) route_yaw=-91.1deg start=(-1.133,-8.318) goal=(-0.509,-9.401) pose=(-0.787,-8.447) dist=0.994m along=0.284m remaining=0.966m lateral=-0.236m yaw_err=+0.6deg gain_lat=0.04 arrival_lat_tol=0.00m corr=-0.004 override=[6,+0.504,+0.496]
[INFO] [1783729543.951400847] [orange_pole_relative_nav]: 到达 AprilTag 绕杆目标点[5/14]: dist=0.246m, reason=forward_tracking_remaining=0.118m<0.20m along=1.132/1.250m lateral=0.216m lat_tol=0.000m
[INFO] [1783729543.952206398] [orange_pole_relative_nav]: state=TURN_PRIMITIVE_IN_PLACE
[INFO] [1783729543.952646031] [orange_pole_relative_nav]: 开始 HSV 绕杆原地转向[6/14]: target=(-0.509,-9.401), target_yaw=-57.1deg, direction=ccw, yaw_mode=locked_route_frame delta=93.0deg, target_turn=97.1deg, completion_yaw_tol=6.0deg, completion_progress_tol=3.0deg, in_place_override=[6,-0.200,0.650]
[INFO] [1783729544.551350988] [orange_pole_relative_nav]: turn_in_place waypoint=6/14 yaw_err=65.7deg turn_progress=31.4/97.1deg remaining=65.7deg overshoot=0.0deg progress_done=False yaw_done=False slow_turn=False overshoot_guard=False pose=(-0.163,-9.448)
[INFO] [1783729545.551579129] [orange_pole_relative_nav]: state=TURN_PRIMITIVE_SETTLE
[INFO] [1783729545.551926805] [orange_pole_relative_nav]: 转向完成，进入停稳确认: waypoint=6/14, settle=0.12s, yaw_tol=15.0deg, reason=turn_in_place turn_progress=97.4/97.1deg yaw_err=0.2deg
[INFO] [1783729545.751255550] [orange_pole_relative_nav]: 到达 AprilTag 绕杆目标点[6/14]: dist=0.000m, reason=turn_in_place turn_progress=97.4/97.1deg yaw_err=0.2deg settle=0.20s
[INFO] [1783729545.751600751] [orange_pole_relative_nav]: state=ARRIVED_WAIT_NEXT
[INFO] [1783729545.851350261] [orange_pole_relative_nav]: HEARTBEAT state=ARRIVED_WAIT_NEXT, triggered=True, trigger_source=apriltag, route_source=apriltag, reference=locked_route_frame, route_frame_ready=True, route_finished=False, route_failed=False, active_goal=False, direct_override=False, forward_override=False, forward_tracking=False, waypoint=7/14, pole_age=1.47s, pole_stale=True, trigger_age=0.00s, detector_trigger=False, nearest=(dist=0.714m, lateral=0.464m, vertical=-0.002m, pixel=(410.0,116.2), box=30x87, depth_px=1435), apriltag_det=(target_id=14,match=false,raw=0,age=0.14s), apriltag_tf=(camera_color_optical_frame->role, xyz=(-0.022,+0.083,+0.501)m, age=7.75s), pre_align=(pre_align_active=False, pre_align_phase=none, tag_source=locked, raw_tag_x=-0.035m, center_x=-0.030m, tag_z=0.001m, raw_pitch_err_deg=-0.55, pitch_err_deg=-0.55, pitch_filter=5/5, yaw_err_deg=-41.26, base_yaw=-91.4deg, side_yaw=+nandeg, shift_m=0.030, along_m=0.000, remaining_m=0.030, backup_retry=0/1, allow_original_route=True)
[INFO] [1783729546.051960771] [orange_pole_relative_nav]: state=FORWARD_TRACKING_NAVIGATING
[INFO] [1783729546.052615734] [orange_pole_relative_nav]: 启动 locked route 前进纠偏[7/14]: route_origin=(-1.817,-8.871), route_yaw=-91.1deg, frame=camera_init, start=(-0.509,-9.401), goal=(0.456,-8.776), segment_delta=(0.965,0.625), base=[0.500,0.500], gain_lat=0.20, gain_yaw=0.45, arrival_lat_tol=0.00m, along=0.537m remaining=0.613m lateral=+0.296m yaw_err=-8.0deg corr=-0.008 override=[6,0.508,0.492]
[INFO] [1783729546.651610709] [orange_pole_relative_nav]: forward_tracking waypoint=7/14 route_origin=(-1.817,-8.871) route_yaw=-91.1deg start=(-0.509,-9.401) goal=(0.456,-8.776) pose=(0.200,-9.263) dist=0.550m along=0.670m remaining=0.480m lateral=+0.269m yaw_err=-8.7deg gain_lat=0.20 arrival_lat_tol=0.00m corr=-0.019 override=[6,+0.519,+0.481]
[INFO] [1783729547.051921140] [orange_pole_relative_nav]: 到达 AprilTag 绕杆目标点[7/14]: dist=0.293m, reason=forward_tracking_remaining=0.187m<0.20m along=0.963/1.150m lateral=0.226m lat_tol=0.000m
[INFO] [1783729547.055986831] [orange_pole_relative_nav]: state=TURN_PRIMITIVE_IN_PLACE
[INFO] [1783729547.056302448] [orange_pole_relative_nav]: 开始 HSV 绕杆原地转向[8/14]: target=(0.456,-8.776), target_yaw=52.9deg, direction=ccw, yaw_mode=locked_route_frame delta=110.0deg, target_turn=104.4deg, completion_yaw_tol=6.0deg, completion_progress_tol=3.0deg, in_place_override=[6,-0.200,0.650]
[INFO] [1783729548.651896961] [orange_pole_relative_nav]: turn_in_place waypoint=8/14 yaw_err=15.9deg turn_progress=89.1/104.4deg remaining=15.3deg overshoot=0.0deg progress_done=False yaw_done=False slow_turn=False overshoot_guard=False pose=(0.561,-8.559)
[INFO] [1783729548.853519109] [orange_pole_relative_nav]: state=TURN_PRIMITIVE_SETTLE
[INFO] [1783729548.854037970] [orange_pole_relative_nav]: 转向完成，进入停稳确认: waypoint=8/14, settle=0.12s, yaw_tol=15.0deg, reason=turn_in_place turn_progress=101.5/104.4deg yaw_err=3.5deg
[INFO] [1783729549.051760944] [orange_pole_relative_nav]: 到达 AprilTag 绕杆目标点[8/14]: dist=0.000m, reason=turn_in_place turn_progress=101.5/104.4deg yaw_err=3.5deg settle=0.20s
[INFO] [1783729549.052275611] [orange_pole_relative_nav]: state=ARRIVED_WAIT_NEXT
[INFO] [1783729549.351577412] [orange_pole_relative_nav]: state=FORWARD_TRACKING_NAVIGATING
[INFO] [1783729549.352039851] [orange_pole_relative_nav]: 启动 locked route 前进纠偏[9/14]: route_origin=(-1.817,-8.871), route_yaw=-91.1deg, frame=camera_init, start=(0.456,-8.776), goal=(-0.645,-7.944), segment_delta=(-1.101,0.831), base=[0.500,0.500], gain_lat=0.04, gain_yaw=0.45, arrival_lat_tol=0.00m, along=0.158m remaining=1.222m lateral=+0.163m yaw_err=-5.0deg corr=-0.034 override=[6,0.534,0.466]
[INFO] [1783729550.652009838] [orange_pole_relative_nav]: forward_tracking waypoint=9/14 route_origin=(-1.817,-8.871) route_yaw=-91.1deg start=(0.456,-8.776) goal=(-0.645,-7.944) pose=(-0.155,-8.165) dist=0.538m along=0.856m remaining=0.524m lateral=+0.119m yaw_err=-0.2deg gain_lat=0.04 arrival_lat_tol=0.00m corr=+0.002 override=[6,+0.498,+0.502]
[INFO] [1783729550.851927128] [orange_pole_relative_nav]: HEARTBEAT state=FORWARD_TRACKING_NAVIGATING, triggered=True, trigger_source=apriltag, route_source=apriltag, reference=locked_route_frame, route_frame_ready=True, route_finished=False, route_failed=False, active_goal=True, direct_override=False, forward_override=False, forward_tracking=True, waypoint=9/14, pole_age=0.73s, pole_stale=False, trigger_age=0.06s, detector_trigger=False, nearest=(dist=0.530m, lateral=0.360m, vertical=-0.045m, pixel=(418.7,91.2), box=16x240, depth_px=1107), apriltag_det=(target_id=14,match=false,raw=0,age=0.13s), apriltag_tf=(camera_color_optical_frame->role, xyz=(-0.022,+0.083,+0.501)m, age=12.75s), pre_align=(pre_align_active=False, pre_align_phase=none, tag_source=locked, raw_tag_x=-0.035m, center_x=-0.030m, tag_z=0.001m, raw_pitch_err_deg=-0.55, pitch_err_deg=-0.55, pitch_filter=5/5, yaw_err_deg=-144.40, base_yaw=-91.4deg, side_yaw=+nandeg, shift_m=0.030, along_m=0.000, remaining_m=0.030, backup_retry=0/1, allow_original_route=True)
[INFO] [1783729551.151574574] [orange_pole_relative_nav]: 到达 AprilTag 绕杆目标点[9/14]: dist=0.136m, reason=forward_tracking_remaining=0.078m<0.20m along=1.302/1.380m lateral=0.111m lat_tol=0.000m
[INFO] [1783729551.152350808] [orange_pole_relative_nav]: state=TURN_PRIMITIVE_IN_PLACE
[INFO] [1783729551.152785757] [orange_pole_relative_nav]: 开始 HSV 绕杆原地转向[10/14]: target=(-0.645,-7.944), target_yaw=-57.1deg, direction=cw, yaw_mode=locked_route_frame delta=-110.0deg, target_turn=110.1deg, completion_yaw_tol=6.0deg, completion_progress_tol=3.0deg, in_place_override=[6,0.650,-0.200]
[INFO] [1783729552.751234367] [orange_pole_relative_nav]: turn_in_place waypoint=10/14 yaw_err=24.1deg turn_progress=86.1/110.1deg remaining=24.1deg overshoot=0.0deg progress_done=False yaw_done=False slow_turn=False overshoot_guard=False pose=(-0.653,-7.403)
[INFO] [1783729553.151285731] [orange_pole_relative_nav]: state=TURN_PRIMITIVE_SETTLE
[INFO] [1783729553.151597835] [orange_pole_relative_nav]: 转向完成，进入停稳确认: waypoint=10/14, settle=0.12s, yaw_tol=15.0deg, reason=turn_in_place turn_progress=112.3/110.1deg yaw_err=2.1deg
[INFO] [1783729553.351302844] [orange_pole_relative_nav]: 到达 AprilTag 绕杆目标点[10/14]: dist=0.000m, reason=turn_in_place turn_progress=112.3/110.1deg yaw_err=2.1deg settle=0.20s
[INFO] [1783729553.351683148] [orange_pole_relative_nav]: state=ARRIVED_WAIT_NEXT
[INFO] [1783729553.651679441] [orange_pole_relative_nav]: state=FORWARD_TRACKING_NAVIGATING
[INFO] [1783729553.652169568] [orange_pole_relative_nav]: 启动 locked route 前进纠偏[11/14]: route_origin=(-1.817,-8.871), route_yaw=-91.1deg, frame=camera_init, start=(-0.645,-7.944), goal=(0.259,-6.894), segment_delta=(0.904,1.051), base=[0.500,0.500], gain_lat=0.04, gain_yaw=0.45, arrival_lat_tol=0.00m, along=0.525m remaining=0.861m lateral=-0.304m yaw_err=+9.6deg corr=+0.064 override=[6,0.436,0.564]
[INFO] [1783729554.751662328] [orange_pole_relative_nav]: forward_tracking waypoint=11/14 route_origin=(-1.817,-8.871) route_yaw=-91.1deg start=(-0.645,-7.944) goal=(0.259,-6.894) pose=(-0.086,-7.155) dist=0.433m along=0.963m remaining=0.423m lateral=-0.091m yaw_err=+8.4deg gain_lat=0.04 arrival_lat_tol=0.00m corr=+0.063 override=[6,+0.437,+0.563]
[INFO] [1783729555.152256374] [orange_pole_relative_nav]: 到达 AprilTag 绕杆目标点[11/14]: dist=0.155m, reason=forward_tracking_remaining=0.150m<0.20m along=1.236/1.386m lateral=0.038m lat_tol=0.000m
[INFO] [1783729555.153117663] [orange_pole_relative_nav]: state=TURN_PRIMITIVE_IN_PLACE
[INFO] [1783729555.153562764] [orange_pole_relative_nav]: 开始 HSV 绕杆原地转向[12/14]: target=(0.259,-6.894), target_yaw=54.9deg, direction=ccw, yaw_mode=locked_route_frame delta=112.0deg, target_turn=118.3deg, completion_yaw_tol=6.0deg, completion_progress_tol=3.0deg, in_place_override=[6,-0.200,0.650]
[INFO] [1783729555.951894043] [orange_pole_relative_nav]: HEARTBEAT state=TURN_PRIMITIVE_IN_PLACE, triggered=True, trigger_source=apriltag, route_source=apriltag, reference=locked_route_frame, route_frame_ready=True, route_finished=False, route_failed=False, active_goal=True, direct_override=True, forward_override=False, forward_tracking=False, waypoint=12/14, pole_age=1.69s, pole_stale=True, trigger_age=0.03s, detector_trigger=False, nearest=(dist=0.447m, lateral=-0.267m, vertical=-0.051m, pixel=(32.7,82.1), box=40x166, depth_px=2598), apriltag_det=(target_id=14,match=false,raw=0,age=0.10s), apriltag_tf=(camera_color_optical_frame->role, xyz=(-0.022,+0.083,+0.501)m, age=17.85s), pre_align=(pre_align_active=False, pre_align_phase=none, tag_source=locked, raw_tag_x=-0.035m, center_x=-0.030m, tag_z=0.001m, raw_pitch_err_deg=-0.55, pitch_err_deg=-0.55, pitch_filter=5/5, yaw_err_deg=-70.35, base_yaw=-91.4deg, side_yaw=+nandeg, shift_m=0.030, along_m=0.000, remaining_m=0.030, backup_retry=0/1, allow_original_route=True)
[INFO] [1783729556.851419834] [orange_pole_relative_nav]: turn_in_place waypoint=12/14 yaw_err=19.9deg turn_progress=98.4/118.3deg remaining=19.9deg overshoot=0.0deg progress_done=False yaw_done=False slow_turn=False overshoot_guard=False pose=(0.400,-6.508)
[INFO] [1783729557.251331804] [orange_pole_relative_nav]: state=TURN_PRIMITIVE_SETTLE
[INFO] [1783729557.251625949] [orange_pole_relative_nav]: 转向完成，进入停稳确认: waypoint=12/14, settle=0.12s, yaw_tol=15.0deg, reason=turn_in_place turn_progress=120.2/118.3deg yaw_err=1.9deg
[INFO] [1783729557.451273882] [orange_pole_relative_nav]: 到达 AprilTag 绕杆目标点[12/14]: dist=0.000m, reason=turn_in_place turn_progress=120.2/118.3deg yaw_err=1.9deg settle=0.20s
[INFO] [1783729557.451610143] [orange_pole_relative_nav]: state=ARRIVED_WAIT_NEXT
[INFO] [1783729557.751700666] [orange_pole_relative_nav]: state=FORWARD_TRACKING_NAVIGATING
[INFO] [1783729557.752230674] [orange_pole_relative_nav]: 启动 locked route 前进纠偏[13/14]: route_origin=(-1.817,-8.871), route_yaw=-91.1deg, frame=camera_init, start=(0.259,-6.894), goal=(-0.257,-6.532), segment_delta=(-0.516,0.362), base=[0.500,0.500], gain_lat=0.28, gain_yaw=0.45, arrival_lat_tol=0.00m, along=0.227m remaining=0.403m lateral=+0.364m yaw_err=-10.2deg corr=+0.016 override=[6,0.484,0.516]
[INFO] [1783729558.551392556] [orange_pole_relative_nav]: 到达 AprilTag 绕杆目标点[13/14]: dist=0.320m, reason=forward_tracking_remaining=0.129m<0.20m along=0.501/0.630m lateral=0.293m lat_tol=0.000m
[INFO] [1783729558.552118453] [orange_pole_relative_nav]: state=TURN_PRIMITIVE_IN_PLACE
[INFO] [1783729558.552561874] [orange_pole_relative_nav]: 开始 HSV 绕杆原地转向[14/14]: target=(-0.257,-6.532), target_yaw=6.9deg, direction=cw, yaw_mode=locked_route_frame delta=-48.0deg, target_turn=59.4deg, completion_yaw_tol=6.0deg, completion_progress_tol=3.0deg, in_place_override=[6,0.650,-0.200]
[INFO] [1783729558.951474048] [orange_pole_relative_nav]: turn_in_place waypoint=14/14 yaw_err=40.2deg turn_progress=19.3/59.4deg remaining=40.2deg overshoot=0.0deg progress_done=False yaw_done=False slow_turn=False overshoot_guard=False pose=(-0.193,-6.262)
[INFO] [1783729559.651478033] [orange_pole_relative_nav]: state=TURN_PRIMITIVE_SETTLE
[INFO] [1783729559.651970842] [orange_pole_relative_nav]: 转向完成，进入停稳确认: waypoint=14/14, settle=0.12s, yaw_tol=15.0deg, reason=turn_in_place turn_progress=60.0/59.4deg yaw_err=0.6deg
[INFO] [1783729559.851396449] [orange_pole_relative_nav]: 到达 AprilTag 绕杆目标点[14/14]: dist=0.000m, reason=turn_in_place turn_progress=60.0/59.4deg yaw_err=0.6deg settle=0.20s
[INFO] [1783729559.851959439] [orange_pole_relative_nav]: state=FINISHED
[INFO] [1783729559.852353883] [orange_pole_relative_nav]: AprilTag 触发的相对目标点已全部完成。
[INFO] [1783729559.902758794] [orange_pole_relative_nav]: state=INACTIVE
[INFO] [1783729559.903094778] [orange_pole_relative_nav]: orange_pole_relative_nav deactivated: reason=external_topic
