[INFO] [1783994864.645599921] [slope_manager]: obstacle_manager inactive on startup: start_waypoint_index=1, stop_after_waypoint_index=-1
[INFO] [1783994895.852343647] [slope_manager]: [1;35m发布模式: 7 (未知模式)[0m
[INFO] [1783994895.852628733] [slope_manager]: [1;35m发布上坡步长滤波: True[0m
[INFO] [1783994895.852881332] [slope_manager]: [1;35m发布路径修正profile: 0 (0=关闭, 1=普通, 2=上坡强修正, 3=强修正符号验证)[0m
[INFO] [1783994895.853139989] [slope_manager]: 启动时继承上一 waypoint 段状态: source=small_ramp_entry, mode=7, uphill_step_floor=True, path_correction_profile=0, mode_source=inherited_segment_mode_override
[INFO] [1783994895.853432124] [slope_manager]: obstacle_manager activated: reason=external_topic, start_waypoint_index=1, stop_after_waypoint_index=-1, inherit_previous_waypoint_segment_state=True
[INFO] [1783994895.917152700] [slope_manager]: 解析机身相对 waypoint[1]=platform_center: source=(-0.603,1.583,-0.2deg), anchor=(-0.603,1.583,startup_fallback_locked_yaw:small_ramp_entry, ref_frame=camera_init), body_offset=(forward=1.810, slope_align_duration_bonus=+0.040m duration=1.40s>1.00s, left=-0.070, pose_x_switch=left pose_x=-0.603 matched(x<-0.150)), yaw_mode=route_absolute, yaw_delta=0.0deg, ref_yaw_source=target_yaw, ref_yaw=0.0deg, target=(-0.533,3.393,0.0deg), frame=camera_init
[INFO] [1783994895.917948822] [slope_manager]: [1;36m发送目标点[2/18](attempt=1): platform_center -> x=-0.533, y=3.393, yaw=0.0° (body_relative forward=1.810, left=-0.070, yaw_mode=route_absolute, yaw_delta=0.0°, source=(-0.603,1.583,-0.2°), anchor=(-0.603,1.583,startup_fallback_locked_yaw:small_ramp_entry, ref_frame=camera_init), ref_yaw_source=target_yaw, ref_yaw=0.0°), frame=camera_init, 到点后锁存模式=0, note=平台中心接近点：这一段先只管到位置，到点后额外停 0.3 秒稳住机身，再由下一个同点位转向点完成 90 度自旋。[0m
[INFO] [1783994896.017103294] [slope_manager]: [0;94mwaypoint=2/18 platform_center dist=1.820m, min_dist=1.811m, yaw_err=0.3deg, pose=(-0.613,1.574), goal=(-0.533,3.393), pose_frame=camera_init, goal_frame=camera_init, line_progress=-0.009/1.811m (-0%), line_remaining=1.820m, line_lateral=-0.010m[0m
[INFO] [1783994897.017631391] [slope_manager]: [0;94mwaypoint=2/18 platform_center dist=1.810m, min_dist=1.808m, yaw_err=0.1deg, pose=(-0.613,1.584), goal=(-0.533,3.393), pose_frame=camera_init, goal_frame=camera_init, line_progress=0.001/1.811m (0%), line_remaining=1.810m, line_lateral=-0.010m[0m
[INFO] [1783994898.116720391] [slope_manager]: [0;94mwaypoint=2/18 platform_center dist=2.151m, min_dist=1.798m, yaw_err=50.7deg, pose=(-0.149,1.276), goal=(-0.533,3.393), pose_frame=camera_init, goal_frame=camera_init, line_progress=-0.289/1.811m (-16%), line_remaining=2.100m, line_lateral=0.466m[0m
[INFO] [1783994899.116769375] [slope_manager]: [0;94mwaypoint=2/18 platform_center dist=3.000m, min_dist=1.798m, yaw_err=61.6deg, pose=(0.248,0.496), goal=(-0.533,3.393), pose_frame=camera_init, goal_frame=camera_init, line_progress=-1.053/1.811m (-58%), line_remaining=2.865m, line_lateral=0.893m[0m
[INFO] [1783994900.116809813] [slope_manager]: [0;94mwaypoint=2/18 platform_center dist=3.466m, min_dist=1.798m, yaw_err=11.9deg, pose=(-0.008,-0.033), goal=(-0.533,3.393), pose_frame=camera_init, goal_frame=camera_init, line_progress=-1.591/1.811m (-88%), line_remaining=3.403m, line_lateral=0.657m[0m
[INFO] [1783994901.117064429] [slope_manager]: [0;94mwaypoint=2/18 platform_center dist=3.459m, min_dist=1.798m, yaw_err=11.5deg, pose=(-0.157,-0.046), goal=(-0.533,3.393), pose_frame=camera_init, goal_frame=camera_init, line_progress=-1.610/1.811m (-89%), line_remaining=3.422m, line_lateral=0.509m[0m
[INFO] [1783994902.217129023] [slope_manager]: [0;94mwaypoint=2/18 platform_center dist=3.444m, min_dist=1.798m, yaw_err=11.6deg, pose=(-0.141,-0.029), goal=(-0.533,3.393), pose_frame=camera_init, goal_frame=camera_init, line_progress=-1.593/1.811m (-88%), line_remaining=3.404m, line_lateral=0.524m[0m
[INFO] [1783994903.316916511] [slope_manager]: [0;94mwaypoint=2/18 platform_center dist=3.442m, min_dist=1.798m, yaw_err=11.7deg, pose=(-0.143,-0.027), goal=(-0.533,3.393), pose_frame=camera_init, goal_frame=camera_init, line_progress=-1.591/1.811m (-88%), line_remaining=3.402m, line_lateral=0.522m[0m
[INFO] [1783994904.316989806] [slope_manager]: [0;94mwaypoint=2/18 platform_center dist=3.444m, min_dist=1.798m, yaw_err=11.6deg, pose=(-0.159,-0.031), goal=(-0.533,3.393), pose_frame=camera_init, goal_frame=camera_init, line_progress=-1.596/1.811m (-88%), line_remaining=3.407m, line_lateral=0.506m[0m
[INFO] [1783994905.417230598] [slope_manager]: [0;94mwaypoint=2/18 platform_center dist=3.402m, min_dist=1.798m, yaw_err=4.2deg, pose=(-0.053,0.024), goal=(-0.533,3.393), pose_frame=camera_init, goal_frame=camera_init, line_progress=-1.536/1.811m (-85%), line_remaining=3.347m, line_lateral=0.610m[0m
[INFO] [1783994906.516918167] [slope_manager]: [0;94mwaypoint=2/18 platform_center dist=2.252m, min_dist=1.798m, yaw_err=37.2deg, pose=(0.205,1.265), goal=(-0.533,3.393), pose_frame=camera_init, goal_frame=camera_init, line_progress=-0.286/1.811m (-16%), line_remaining=2.097m, line_lateral=0.820m[0m
[INFO] [1783994907.517585923] [slope_manager]: [0;94mwaypoint=2/18 platform_center dist=1.941m, min_dist=1.798m, yaw_err=15.1deg, pose=(-0.429,1.454), goal=(-0.533,3.393), pose_frame=camera_init, goal_frame=camera_init, line_progress=-0.122/1.811m (-7%), line_remaining=1.933m, line_lateral=0.179m[0m
[INFO] [1783994908.617115692] [slope_manager]: [0;94mwaypoint=2/18 platform_center dist=2.017m, min_dist=1.798m, yaw_err=13.4deg, pose=(-0.478,1.377), goal=(-0.533,3.393), pose_frame=camera_init, goal_frame=camera_init, line_progress=-0.201/1.811m (-11%), line_remaining=2.012m, line_lateral=0.133m[0m
[INFO] [1783994909.617262882] [slope_manager]: [0;94mwaypoint=2/18 platform_center dist=2.043m, min_dist=1.798m, yaw_err=11.9deg, pose=(-0.427,1.353), goal=(-0.533,3.393), pose_frame=camera_init, goal_frame=camera_init, line_progress=-0.223/1.811m (-12%), line_remaining=2.034m, line_lateral=0.185m[0m
[INFO] [1783994910.716847157] [slope_manager]: [0;94mwaypoint=2/18 platform_center dist=2.041m, min_dist=1.798m, yaw_err=11.9deg, pose=(-0.426,1.355), goal=(-0.533,3.393), pose_frame=camera_init, goal_frame=camera_init, line_progress=-0.221/1.811m (-12%), line_remaining=2.032m, line_lateral=0.186m[0m
[INFO] [1783994910.860133699] [slope_manager]: obstacle_manager deactivated: reason=external_topic
[INFO] [1783994913.985805797] [slope_manager]: [1;35m发布模式: 7 (未知模式)[0m
[INFO] [1783994913.986303632] [slope_manager]: [1;35m发布上坡步长滤波: True[0m
[INFO] [1783994913.986724051] [slope_manager]: [1;35m发布路径修正profile: 0 (0=关闭, 1=普通, 2=上坡强修正, 3=强修正符号验证)[0m
[INFO] [1783994913.987177259] [slope_manager]: 启动时继承上一 waypoint 段状态: source=small_ramp_entry, mode=7, uphill_step_floor=True, path_correction_profile=0, mode_source=inherited_segment_mode_override
[INFO] [1783994913.987651477] [slope_manager]: obstacle_manager activated: reason=external_topic, start_waypoint_index=1, stop_after_waypoint_index=-1, inherit_previous_waypoint_segment_state=True
[INFO] [1783994914.017460794] [slope_manager]: 解析机身相对 waypoint[1]=platform_center: source=(-0.570,1.602,13.8deg), anchor=(-0.570,1.602,startup_fallback_locked_yaw:small_ramp_entry, ref_frame=camera_init), body_offset=(forward=1.810, slope_align_duration_bonus=+0.040m duration=1.87s>1.00s, left=-0.070, pose_x_switch=left pose_x=-0.570 matched(x<-0.150)), yaw_mode=route_absolute, yaw_delta=0.0deg, ref_yaw_source=target_yaw, ref_yaw=12.0deg, target=(-0.877,3.387,12.0deg), frame=camera_init
[INFO] [1783994914.018188786] [slope_manager]: [1;36m发送目标点[2/18](attempt=1): platform_center -> x=-0.877, y=3.387, yaw=12.0° (body_relative forward=1.810, left=-0.070, yaw_mode=route_absolute, yaw_delta=0.0°, source=(-0.570,1.602,13.8°), anchor=(-0.570,1.602,startup_fallback_locked_yaw:small_ramp_entry, ref_frame=camera_init), ref_yaw_source=target_yaw, ref_yaw=12.0°), frame=camera_init, 到点后锁存模式=0, note=平台中心接近点：这一段先只管到位置，到点后额外停 0.3 秒稳住机身，再由下一个同点位转向点完成 90 度自旋。[0m
[INFO] [1783994914.116869372] [slope_manager]: [0;94mwaypoint=2/18 platform_center dist=1.821m, min_dist=1.814m, yaw_err=0.4deg, pose=(-0.568,1.592), goal=(-0.877,3.387), pose_frame=camera_init, goal_frame=camera_init, line_progress=-0.010/1.811m (-1%), line_remaining=1.821m, line_lateral=0.000m[0m
[INFO] [1783994915.116918449] [slope_manager]: [0;94mwaypoint=2/18 platform_center dist=1.567m, min_dist=1.567m, yaw_err=1.7deg, pose=(-0.604,1.845), goal=(-0.877,3.387), pose_frame=camera_init, goal_frame=camera_init, line_progress=0.244/1.811m (13%), line_remaining=1.567m, line_lateral=0.007m[0m
[INFO] [1783994916.216873836] [slope_manager]: [0;94mwaypoint=2/18 platform_center dist=1.233m, min_dist=1.233m, yaw_err=2.8deg, pose=(-0.679,2.171), goal=(-0.877,3.387), pose_frame=camera_init, goal_frame=camera_init, line_progress=0.578/1.811m (32%), line_remaining=1.233m, line_lateral=-0.011m[0m
[INFO] [1783994917.316775666] [slope_manager]: [0;94mwaypoint=2/18 platform_center dist=0.858m, min_dist=0.858m, yaw_err=3.8deg, pose=(-0.730,2.542), goal=(-0.877,3.387), pose_frame=camera_init, goal_frame=camera_init, line_progress=0.953/1.811m (53%), line_remaining=0.858m, line_lateral=0.001m[0m
[INFO] [1783994918.316998006] [slope_manager]: [0;94mwaypoint=2/18 platform_center dist=0.437m, min_dist=0.437m, yaw_err=4.0deg, pose=(-0.808,2.955), goal=(-0.877,3.387), pose_frame=camera_init, goal_frame=camera_init, line_progress=1.374/1.811m (76%), line_remaining=0.437m, line_lateral=-0.005m[0m
[INFO] [1783994918.608869784] [slope_manager]: [1;32m到点成功: waypoint[1]=platform_center, dist=0.375, min_dist=0.375, yaw_err=4.3deg, reason=distance_tolerance[0m
[INFO] [1783994918.609377107] [slope_manager]: [1;35m发布模式: 0 (正常行走)[0m
[INFO] [1783994918.609864512] [slope_manager]: [1;35m发布上坡步长滤波: False[0m
[INFO] [1783994918.610321100] [slope_manager]: [1;35m发布路径修正profile: 0 (0=关闭, 1=普通, 2=上坡强修正, 3=强修正符号验证)[0m
[INFO] [1783994918.610763187] [slope_manager]: [1;32m已到达 waypoint[1]=platform_center，切换模式为 0 (正常行走)，上坡滤波=False，路径修正profile=0，并锁存到下一个 waypoint。[0m
[INFO] [1783994918.611216119] [slope_manager]: waypoint[1]=platform_center 到点后等待 0.30s，再切换到下一个目标。
[INFO] [1783994918.912223225] [slope_manager]: [1;36m切换到下一个 waypoint: 3 / 18[0m
[INFO] [1783994918.913077624] [slope_manager]: 解析机身相对 waypoint[2]=platform_center_spin: source=(-0.821,3.061,6.5deg), anchor=(-0.821,3.061,current_pose), body_offset=(forward=0.000, left=0.000), yaw_mode=previous_target_delta, yaw_delta=83.0deg, ref_yaw_source=current, ref_yaw=6.5deg, target=(-0.821,3.061,95.0deg), frame=camera_init
[INFO] [1783994918.913884508] [slope_manager]: [1;36m发送直驱覆盖点[3/18](attempt=1): platform_center_spin -> x=-0.821, y=3.061, yaw=95.0° (body_relative forward=0.000, left=0.000, yaw_mode=previous_target_delta, yaw_delta=83.0°, source=(-0.821,3.061,6.5°), anchor=(-0.821,3.061,current_pose), ref_yaw_source=current, ref_yaw=6.5°), frame=camera_init, override=[6,-0.400,0.500], 到点后锁存模式=2, note=普通平台中心原地转向点：位置基本不变，转到 +83 度附近后再继续；mode=6 实机对对称反向步敏感，使用非对称模板避免反向/抽搐。[0m
[INFO] [1783994919.416928025] [slope_manager]: [0;94mwaypoint=3/18 platform_center_spin dist=0.049m, min_dist=0.000m, yaw_err=61.3deg, pose=(-0.835,3.108), goal=(-0.821,3.061), pose_frame=camera_init, goal_frame=camera_init, override=[6,-0.400,0.500][0m
[INFO] [1783994920.099295669] [slope_manager]: [1;32m到点成功: waypoint[2]=platform_center_spin, dist=0.079, min_dist=0.000, yaw_err=2.2deg, reason=distance_tolerance[0m
[INFO] [1783994920.099702002] [slope_manager]: [1;35m发布模式: 2 (趴下)[0m
[INFO] [1783994920.100097233] [slope_manager]: [1;35m发布上坡步长滤波: False[0m
[INFO] [1783994920.100423027] [slope_manager]: [1;35m发布路径修正profile: 0 (0=关闭, 1=普通, 2=上坡强修正, 3=强修正符号验证)[0m
[INFO] [1783994920.100830855] [slope_manager]: [1;32m已到达 waypoint[2]=platform_center_spin，切换模式为 2 (趴下)，上坡滤波=False，路径修正profile=0，并锁存到下一个 waypoint。[0m
[INFO] [1783994920.101217261] [slope_manager]: waypoint[2]=platform_center_spin 到点后立即执行额外动作序列。
[INFO] [1783994920.101552378] [slope_manager]: [1;35m发布模式: 2 (趴下)[0m
[INFO] [1783994920.102142685] [slope_manager]: [0;94m执行到点后额外动作: waypoint=platform_center_spin, mode=2 (趴下), hold=1.00s, override=[2,0.000,0.000], note=平台自旋到点后先用低速 [2,0.2,0.2] 进入趴下，避免残留 /cmd_vel yaw 在切到 wall_jump_prep 前继续转动。[0m
[INFO] [1783994921.103035419] [slope_manager]: [1;36m切换到下一个 waypoint: 4 / 18[0m
[INFO] [1783994921.103603143] [slope_manager]: 解析机身相对 waypoint[3]=crouch_yaw_settle: source=(-0.884,2.982,98.6deg), anchor=(-0.884,2.982,current_pose), body_offset=(forward=0.000, left=0.000), yaw_mode=route_absolute, yaw_delta=0.0deg, ref_yaw_source=target_yaw, ref_yaw=102.0deg, target=(-0.884,2.982,102.0deg), frame=camera_init
[INFO] [1783994921.104192138] [slope_manager]: [1;36m发送直驱覆盖点[4/18](attempt=1): crouch_yaw_settle -> x=-0.884, y=2.982, yaw=102.0° (body_relative forward=0.000, left=0.000, yaw_mode=route_absolute, yaw_delta=0.0°, source=(-0.884,2.982,98.6°), anchor=(-0.884,2.982,current_pose), ref_yaw_source=target_yaw, ref_yaw=102.0°), frame=camera_init, override=[2,0.008,0.392], yaw_corr=0.192,yaw_err=3.4deg, 到点后锁存模式=2, note=趴下前先低速强回正；10deg 左右 yaw_err 会把 [2,0.20,0.20] 修成约 [2,-0.25,0.65] 或反向，收准后再进入 wall_jump_prep。[0m
[INFO] [1783994921.116969539] [slope_manager]: [0;94mwaypoint=4/18 crouch_yaw_settle dist=0.000m, min_dist=0.000m, yaw_err=3.4deg, pose=(-0.884,2.982), goal=(-0.884,2.982), pose_frame=camera_init, goal_frame=camera_init, override=[2,0.008,0.392], yaw_corr=0.192,yaw_err=3.4deg[0m
[INFO] [1783994922.216958974] [slope_manager]: [0;94mwaypoint=4/18 crouch_yaw_settle dist=0.216m, min_dist=0.000m, yaw_err=3.6deg, pose=(-1.098,2.952), goal=(-0.884,2.982), pose_frame=camera_init, goal_frame=camera_init, override=[2,-0.027,0.427], yaw_corr=0.227,yaw_err=3.6deg[0m
[INFO] [1783994923.217241635] [slope_manager]: [0;94mwaypoint=4/18 crouch_yaw_settle dist=0.176m, min_dist=0.000m, yaw_err=4.1deg, pose=(-1.060,2.967), goal=(-0.884,2.982), pose_frame=camera_init, goal_frame=camera_init, override=[2,-0.089,0.489], yaw_corr=0.289,yaw_err=4.1deg[0m
[INFO] [1783994923.530934276] [slope_manager]: [1;32m到点成功: waypoint[3]=crouch_yaw_settle, dist=0.202, min_dist=0.000, yaw_err=3.0deg, reason=distance_tolerance[0m
[INFO] [1783994923.531374283] [slope_manager]: [1;35m发布模式: 2 (趴下)[0m
[INFO] [1783994923.531939146] [slope_manager]: [1;35m发布上坡步长滤波: False[0m
[INFO] [1783994923.532248928] [slope_manager]: [1;35m发布路径修正profile: 0 (0=关闭, 1=普通, 2=上坡强修正, 3=强修正符号验证)[0m
[INFO] [1783994923.532522775] [slope_manager]: [1;32m已到达 waypoint[3]=crouch_yaw_settle，切换模式为 2 (趴下)，上坡滤波=False，路径修正profile=0，并锁存到下一个 waypoint。[0m
[INFO] [1783994923.532848040] [slope_manager]: waypoint[3]=crouch_yaw_settle 到点后等待 0.30s，再切换到下一个目标。
[INFO] [1783994923.833684607] [slope_manager]: [1;35m发布模式: 2 (趴下)[0m
[INFO] [1783994923.834405698] [slope_manager]: waypoint[3]=crouch_yaw_settle 启用局部定位稳定门控：expected=(-0.884,2.982), 需要连续稳定 0.25s 后再切换到下一个目标。
[INFO] [1783994923.885335150] [slope_manager]: 等待局部定位稳定: waypoint[3]=crouch_yaw_settle, pose=(-1.075,2.948), expected=(-0.884,2.982), err=0.193/0.300m, bounds_ok=True, yaw_ok=True, stable=0.05/0.25s
[INFO] [1783994924.089110894] [slope_manager]: 局部定位稳定门控通过: waypoint[3]=crouch_yaw_settle, pose=(-1.074,2.952), expected=(-0.884,2.982), err=0.192m, stable=0.25s。
[INFO] [1783994924.089761177] [slope_manager]: [1;36m切换到下一个 waypoint: 5 / 18[0m
[INFO] [1783994924.090404051] [slope_manager]: 解析机身相对 waypoint[4]=wall_jump_prep: source=(-1.074,2.952,98.3deg), anchor=(-1.085,2.957,previous_arrival:crouch_yaw_settle), body_offset=(forward=4.100, previous_pose_x_switch=left source=platform_center[1], left=-0.050, left_previous_pose_x_switch=left source=platform_center[1]), yaw_mode=route_absolute, yaw_delta=0.0deg, ref_yaw_source=target_yaw, ref_yaw=102.0deg, target=(-5.107,2.155,102.0deg), frame=camera_init
[INFO] [1783994924.091109803] [slope_manager]: [1;35m发布路径修正profile: 0 (0=关闭, 1=普通, 2=上坡强修正, 3=强修正符号验证)[0m
[INFO] [1783994924.091704555] [slope_manager]: [1;36m发送直驱覆盖点[5/18](attempt=1): wall_jump_prep -> x=-5.107, y=2.155, yaw=102.0° (body_relative forward=4.100, left=-0.050, yaw_mode=route_absolute, yaw_delta=0.0°, source=(-1.074,2.952,98.3°), anchor=(-1.085,2.957,previous_arrival:crouch_yaw_settle), ref_yaw_source=target_yaw, ref_yaw=102.0°), frame=camera_init, path_reference=/serial_path_reference, override=[2,1.000,1.000], 到点后锁存模式=2, note=第4点：这一段不走 Nav2，直接固定发送 mode=2,left=1,right=1 趴下前进，并给串口桥参考线做横向/yaw 修正。到点后先趴下停止，再站立停止；本版本不执行 mode=3 小跳，直接推进到第5个自旋点。rollback: 恢复 post_arrival_mode_sequence 中注释的小跳两段。[0m
[INFO] [1783994924.132184895] [slope_manager]: AprilTag TF update: waypoint[4]=wall_jump_prep, tf=camera_color_optical_frame->base, xyz=(-0.220,0.115,4.488), rpy=(-171.1,-7.3,-2.9)deg, stamp_lag_at_rx=0.10s, stale_limit=0.80s
[INFO] [1783994924.317018495] [slope_manager]: [0;94mwaypoint=5/18 wall_jump_prep dist=4.102m, min_dist=4.096m, yaw_err=3.7deg, pose=(-1.082,2.949), goal=(-5.107,2.155), pose_frame=camera_init, goal_frame=camera_init, line_progress=0.008/4.110m (0%), line_remaining=4.102m, line_lateral=-0.002m, apriltag_gate=blocked:z_gate(filtered_z=4.478m>0.700m, below=0/3<1, raw_z=4.478m, filtered_z=4.478m, threshold=0.700m, below=0/3, required=1/3, tf=camera_color_optical_frame->base, stamp_age=0.15s, stamp_lag_at_rx=0.10s), override=[2,1.000,1.000][0m
[INFO] [1783994924.616830192] [slope_manager]: direct_step yaw recovery 触发: waypoint[4]=wall_jump_prep, yaw_err=3.6deg >= 3.0deg, lat=0.000m, progress=0.00。暂停基准线修正，只做趴下姿态回正。
[INFO] [1783994925.204889934] [slope_manager]: AprilTag TF update: waypoint[4]=wall_jump_prep, tf=camera_color_optical_frame->base, xyz=(-0.244,0.084,4.492), rpy=(-171.8,-10.4,-4.2)deg, stamp_lag_at_rx=0.09s, stale_limit=0.80s
[INFO] [1783994925.417128266] [slope_manager]: [0;94mwaypoint=5/18 wall_jump_prep dist=4.103m, min_dist=4.088m, yaw_err=3.2deg, pose=(-1.082,2.954), goal=(-5.107,2.155), pose_frame=camera_init, goal_frame=camera_init, line_progress=0.007/4.110m (0%), line_remaining=4.103m, line_lateral=0.004m, apriltag_gate=blocked:z_gate(filtered_z=4.477m>0.700m, below=0/3<1, raw_z=4.492m, filtered_z=4.477m, threshold=0.700m, below=0/3, required=1/3, tf=camera_color_optical_frame->base, stamp_age=0.30s, stamp_lag_at_rx=0.09s), override=[2,-0.064,0.064], yaw_recovery=active,yaw_err=3.2deg,turn=0.064,lat=0.004,progress=0.00[0m
[INFO] [1783994926.117250979] [slope_manager]: direct_step yaw recovery 完成: waypoint[4]=wall_jump_prep, yaw_err=1.9deg <= 2.0deg，恢复基准线修正。
[INFO] [1783994926.210790182] [slope_manager]: AprilTag TF update: waypoint[4]=wall_jump_prep, tf=camera_color_optical_frame->base, xyz=(-0.059,0.145,4.506), rpy=(176.0,-17.1,-2.6)deg, stamp_lag_at_rx=0.08s, stale_limit=0.80s
[INFO] [1783994926.517032554] [slope_manager]: [0;94mwaypoint=5/18 wall_jump_prep dist=4.078m, min_dist=4.077m, yaw_err=0.5deg, pose=(-1.106,2.946), goal=(-5.107,2.155), pose_frame=camera_init, goal_frame=camera_init, line_progress=0.032/4.110m (1%), line_remaining=4.078m, line_lateral=0.000m, apriltag_gate=blocked:z_gate(filtered_z=4.506m>0.700m, below=0/3<1, raw_z=4.498m, filtered_z=4.506m, threshold=0.700m, below=0/3, required=1/3, tf=camera_color_optical_frame->base, stamp_age=0.12s, stamp_lag_at_rx=0.08s), override=[2,1.000,1.000][0m
[INFO] [1783994927.214684707] [slope_manager]: AprilTag TF update: waypoint[4]=wall_jump_prep, tf=camera_color_optical_frame->base, xyz=(0.043,0.126,4.363), rpy=(-173.2,-15.5,-0.7)deg, stamp_lag_at_rx=0.07s, stale_limit=0.80s
[INFO] [1783994927.517048600] [slope_manager]: [0;94mwaypoint=5/18 wall_jump_prep dist=3.939m, min_dist=3.929m, yaw_err=1.0deg, pose=(-1.241,2.909), goal=(-5.107,2.155), pose_frame=camera_init, goal_frame=camera_init, line_progress=0.171/4.110m (4%), line_remaining=3.939m, line_lateral=-0.010m, apriltag_gate=blocked:z_gate(filtered_z=4.363m>0.700m, below=0/1<1, raw_z=4.363m, filtered_z=4.363m, threshold=0.700m, below=0/1, required=1/3, tf=camera_color_optical_frame->base, stamp_age=0.37s, stamp_lag_at_rx=0.07s), override=[2,1.000,1.000][0m
[INFO] [1783994928.354557388] [slope_manager]: AprilTag TF update: waypoint[4]=wall_jump_prep, tf=camera_color_optical_frame->base, xyz=(0.034,0.092,4.265), rpy=(-177.3,-12.8,-2.0)deg, stamp_lag_at_rx=0.07s, stale_limit=0.80s
[INFO] [1783994928.617732504] [slope_manager]: [0;94mwaypoint=5/18 wall_jump_prep dist=3.760m, min_dist=3.759m, yaw_err=0.2deg, pose=(-1.413,2.860), goal=(-5.107,2.155), pose_frame=camera_init, goal_frame=camera_init, line_progress=0.350/4.110m (9%), line_remaining=3.760m, line_lateral=-0.025m, apriltag_gate=blocked:z_gate(filtered_z=4.274m>0.700m, below=0/2<1, raw_z=4.265m, filtered_z=4.274m, threshold=0.700m, below=0/2, required=1/3, tf=camera_color_optical_frame->base, stamp_age=0.33s, stamp_lag_at_rx=0.07s), override=[2,1.000,1.000][0m
[INFO] [1783994929.360817776] [slope_manager]: AprilTag TF update: waypoint[4]=wall_jump_prep, tf=camera_color_optical_frame->base, xyz=(-0.042,0.053,4.059), rpy=(-173.3,-15.0,-3.6)deg, stamp_lag_at_rx=0.06s, stale_limit=0.80s
[INFO] [1783994929.717054585] [slope_manager]: [0;94mwaypoint=5/18 wall_jump_prep dist=3.597m, min_dist=3.586m, yaw_err=1.6deg, pose=(-1.573,2.831), goal=(-5.107,2.155), pose_frame=camera_init, goal_frame=camera_init, line_progress=0.513/4.110m (12%), line_remaining=3.597m, line_lateral=-0.022m, apriltag_gate=blocked:z_gate(filtered_z=4.059m>0.700m, below=0/3<1, raw_z=4.038m, filtered_z=4.059m, threshold=0.700m, below=0/3, required=1/3, tf=camera_color_optical_frame->base, stamp_age=0.15s, stamp_lag_at_rx=0.06s), override=[2,1.000,1.000][0m
[INFO] [1783994930.562050766] [slope_manager]: AprilTag TF update: waypoint[4]=wall_jump_prep, tf=camera_color_optical_frame->base, xyz=(-0.086,0.097,3.912), rpy=(-174.1,-11.3,-3.3)deg, stamp_lag_at_rx=0.06s, stale_limit=0.80s
[INFO] [1783994930.717108868] [slope_manager]: [0;94mwaypoint=5/18 wall_jump_prep dist=3.431m, min_dist=3.431m, yaw_err=3.3deg, pose=(-1.738,2.810), goal=(-5.107,2.155), pose_frame=camera_init, goal_frame=camera_init, line_progress=0.679/4.110m (17%), line_remaining=3.431m, line_lateral=-0.011m, apriltag_gate=blocked:z_gate(filtered_z=3.938m>0.700m, below=0/2<1, raw_z=3.912m, filtered_z=3.938m, threshold=0.700m, below=0/2, required=1/3, tf=camera_color_optical_frame->base, stamp_age=0.21s, stamp_lag_at_rx=0.06s), override=[2,1.000,1.000][0m
[INFO] [1783994931.565445083] [slope_manager]: AprilTag TF update: waypoint[4]=wall_jump_prep, tf=camera_color_optical_frame->base, xyz=(0.002,0.098,3.804), rpy=(177.4,-8.2,-1.2)deg, stamp_lag_at_rx=0.05s, stale_limit=0.80s
[INFO] [1783994931.817058384] [slope_manager]: [0;94mwaypoint=5/18 wall_jump_prep dist=3.273m, min_dist=3.269m, yaw_err=0.8deg, pose=(-1.891,2.762), goal=(-5.107,2.155), pose_frame=camera_init, goal_frame=camera_init, line_progress=0.838/4.110m (20%), line_remaining=3.272m, line_lateral=-0.028m, apriltag_gate=blocked:z_gate(filtered_z=3.784m>0.700m, below=0/3<1, raw_z=3.784m, filtered_z=3.784m, threshold=0.700m, below=0/3, required=1/3, tf=camera_color_optical_frame->base, stamp_age=0.11s, stamp_lag_at_rx=0.05s), override=[2,1.000,1.000][0m
[INFO] [1783994932.767973820] [slope_manager]: AprilTag TF update: waypoint[4]=wall_jump_prep, tf=camera_color_optical_frame->base, xyz=(0.098,0.130,3.610), rpy=(175.9,-8.7,-0.6)deg, stamp_lag_at_rx=0.05s, stale_limit=0.80s
[INFO] [1783994932.817252504] [slope_manager]: [0;94mwaypoint=5/18 wall_jump_prep dist=3.121m, min_dist=3.121m, yaw_err=0.2deg, pose=(-2.037,2.723), goal=(-5.107,2.155), pose_frame=camera_init, goal_frame=camera_init, line_progress=0.989/4.110m (24%), line_remaining=3.121m, line_lateral=-0.038m, apriltag_gate=blocked:z_gate(filtered_z=3.638m>0.700m, below=0/3<1, raw_z=3.610m, filtered_z=3.638m, threshold=0.700m, below=0/3, required=1/3, tf=camera_color_optical_frame->base, stamp_age=0.10s, stamp_lag_at_rx=0.05s), override=[2,1.000,1.000][0m
[INFO] [1783994933.916967277] [slope_manager]: [0;94mwaypoint=5/18 wall_jump_prep dist=2.963m, min_dist=2.963m, yaw_err=0.7deg, pose=(-2.196,2.710), goal=(-5.107,2.155), pose_frame=camera_init, goal_frame=camera_init, line_progress=1.147/4.110m (28%), line_remaining=2.963m, line_lateral=-0.020m, apriltag_gate=blocked:z_gate(filtered_z=3.510m>0.700m, below=0/3<1, raw_z=3.501m, filtered_z=3.510m, threshold=0.700m, below=0/3, required=1/3, tf=camera_color_optical_frame->base, stamp_age=0.34s, stamp_lag_at_rx=0.06s), override=[2,1.000,1.000][0m
[INFO] [1783994934.106280516] [slope_manager]: AprilTag TF update: waypoint[4]=wall_jump_prep, tf=camera_color_optical_frame->base, xyz=(0.029,0.152,3.376), rpy=(-172.1,-14.9,-3.1)deg, stamp_lag_at_rx=0.06s, stale_limit=0.80s
[INFO] [1783994934.917068933] [slope_manager]: [0;94mwaypoint=5/18 wall_jump_prep dist=2.813m, min_dist=2.813m, yaw_err=0.2deg, pose=(-2.346,2.698), goal=(-5.107,2.155), pose_frame=camera_init, goal_frame=camera_init, line_progress=1.297/4.110m (32%), line_remaining=2.813m, line_lateral=-0.002m, apriltag_gate=blocked:z_gate(filtered_z=3.326m>0.700m, below=0/3<1, raw_z=3.326m, filtered_z=3.326m, threshold=0.700m, below=0/3, required=1/3, tf=camera_color_optical_frame->base, stamp_age=0.27s, stamp_lag_at_rx=0.06s), override=[2,1.000,1.000][0m
[INFO] [1783994935.374700260] [slope_manager]: AprilTag TF update: waypoint[4]=wall_jump_prep, tf=camera_color_optical_frame->base, xyz=(-0.003,0.108,3.276), rpy=(-172.2,-2.2,-2.6)deg, stamp_lag_at_rx=0.06s, stale_limit=0.80s
[INFO] [1783994936.016968300] [slope_manager]: [0;94mwaypoint=5/18 wall_jump_prep dist=2.591m, min_dist=2.591m, yaw_err=4.9deg, pose=(-2.562,2.643), goal=(-5.107,2.155), pose_frame=camera_init, goal_frame=camera_init, line_progress=1.519/4.110m (37%), line_remaining=2.591m, line_lateral=-0.015m, apriltag_gate=blocked:z_gate(filtered_z=3.109m>0.700m, below=0/3<1, raw_z=3.089m, filtered_z=3.109m, threshold=0.700m, below=0/3, required=1/3, tf=camera_color_optical_frame->base, stamp_age=0.10s, stamp_lag_at_rx=0.06s), override=[2,1.000,1.000][0m
[INFO] [1783994936.316807309] [slope_manager]: direct_step yaw recovery 触发: waypoint[4]=wall_jump_prep, yaw_err=5.8deg >= 3.0deg, lat=-0.003m, progress=0.38。暂停基准线修正，只做趴下姿态回正。
[INFO] [1783994936.715110996] [slope_manager]: AprilTag TF update: waypoint[4]=wall_jump_prep, tf=camera_color_optical_frame->base, xyz=(-0.185,0.124,3.033), rpy=(-174.8,-9.6,-3.4)deg, stamp_lag_at_rx=0.06s, stale_limit=0.80s
[INFO] [1783994937.116973820] [slope_manager]: [0;94mwaypoint=5/18 wall_jump_prep dist=2.531m, min_dist=2.496m, yaw_err=3.2deg, pose=(-2.621,2.633), goal=(-5.107,2.155), pose_frame=camera_init, goal_frame=camera_init, line_progress=1.579/4.110m (38%), line_remaining=2.531m, line_lateral=-0.014m, apriltag_gate=blocked:z_gate(filtered_z=3.036m>0.700m, below=0/3<1, raw_z=3.036m, filtered_z=3.036m, threshold=0.700m, below=0/3, required=1/3, tf=camera_color_optical_frame->base, stamp_age=0.13s, stamp_lag_at_rx=0.06s), override=[2,-0.060,0.060], yaw_recovery=active,yaw_err=3.2deg,turn=0.060,lat=-0.014,progress=0.38[0m
[INFO] [1783994937.616784977] [slope_manager]: direct_step yaw recovery 完成: waypoint[4]=wall_jump_prep, yaw_err=2.0deg <= 2.0deg，恢复基准线修正。
[INFO] [1783994937.716427245] [slope_manager]: AprilTag TF update: waypoint[4]=wall_jump_prep, tf=camera_color_optical_frame->base, xyz=(-0.033,0.091,3.022), rpy=(-177.8,-3.8,-3.7)deg, stamp_lag_at_rx=0.07s, stale_limit=0.80s
[INFO] [1783994938.117636677] [slope_manager]: [0;94mwaypoint=5/18 wall_jump_prep dist=2.503m, min_dist=2.496m, yaw_err=2.7deg, pose=(-2.647,2.621), goal=(-5.107,2.155), pose_frame=camera_init, goal_frame=camera_init, line_progress=1.607/4.110m (39%), line_remaining=2.503m, line_lateral=-0.020m, apriltag_gate=blocked:z_gate(filtered_z=3.012m>0.700m, below=0/3<1, raw_z=2.993m, filtered_z=3.012m, threshold=0.700m, below=0/3, required=1/3, tf=camera_color_optical_frame->base, stamp_age=0.13s, stamp_lag_at_rx=0.07s), override=[2,1.000,1.000][0m
[INFO] [1783994938.718113684] [slope_manager]: AprilTag TF update: waypoint[4]=wall_jump_prep, tf=camera_color_optical_frame->base, xyz=(-0.023,0.092,2.913), rpy=(-176.4,-9.6,-0.8)deg, stamp_lag_at_rx=0.07s, stale_limit=0.80s
[INFO] [1783994939.216926155] [slope_manager]: [0;94mwaypoint=5/18 wall_jump_prep dist=2.340m, min_dist=2.340m, yaw_err=2.4deg, pose=(-2.804,2.571), goal=(-5.107,2.155), pose_frame=camera_init, goal_frame=camera_init, line_progress=1.770/4.110m (43%), line_remaining=2.340m, line_lateral=-0.038m, apriltag_gate=blocked:z_gate(filtered_z=2.902m>0.700m, below=0/3<1, raw_z=2.854m, filtered_z=2.902m, threshold=0.700m, below=0/3, required=1/3, tf=camera_color_optical_frame->base, stamp_age=0.16s, stamp_lag_at_rx=0.07s), override=[2,1.000,1.000][0m
[INFO] [1783994939.920662327] [slope_manager]: AprilTag TF update: waypoint[4]=wall_jump_prep, tf=camera_color_optical_frame->base, xyz=(0.081,0.092,2.766), rpy=(175.0,-7.3,-3.7)deg, stamp_lag_at_rx=0.07s, stale_limit=0.80s
[INFO] [1783994940.217025010] [slope_manager]: [0;94mwaypoint=5/18 wall_jump_prep dist=2.223m, min_dist=2.223m, yaw_err=1.0deg, pose=(-2.921,2.563), goal=(-5.107,2.155), pose_frame=camera_init, goal_frame=camera_init, line_progress=1.887/4.110m (46%), line_remaining=2.223m, line_lateral=-0.024m, apriltag_gate=blocked:z_gate(filtered_z=2.767m>0.700m, below=0/2<1, raw_z=2.767m, filtered_z=2.767m, threshold=0.700m, below=0/2, required=1/3, tf=camera_color_optical_frame->base, stamp_age=0.30s, stamp_lag_at_rx=0.07s), override=[2,1.000,1.000][0m
[INFO] [1783994940.921880669] [slope_manager]: AprilTag TF update: waypoint[4]=wall_jump_prep, tf=camera_color_optical_frame->base, xyz=(-0.061,0.140,2.593), rpy=(-178.9,-3.3,-2.8)deg, stamp_lag_at_rx=0.07s, stale_limit=0.80s
[INFO] [1783994941.217020531] [slope_manager]: [0;94mwaypoint=5/18 wall_jump_prep dist=2.026m, min_dist=2.024m, yaw_err=2.4deg, pose=(-3.117,2.540), goal=(-5.107,2.155), pose_frame=camera_init, goal_frame=camera_init, line_progress=2.084/4.110m (51%), line_remaining=2.026m, line_lateral=-0.008m, apriltag_gate=blocked:z_gate(filtered_z=2.538m>0.700m, below=0/3<1, raw_z=2.509m, filtered_z=2.538m, threshold=0.700m, below=0/3, required=1/3, tf=camera_color_optical_frame->base, stamp_age=0.10s, stamp_lag_at_rx=0.07s), override=[2,1.000,1.000][0m
[INFO] [1783994941.926757523] [slope_manager]: AprilTag TF update: waypoint[4]=wall_jump_prep, tf=camera_color_optical_frame->base, xyz=(-0.028,0.142,2.455), rpy=(-174.7,0.3,-3.9)deg, stamp_lag_at_rx=0.07s, stale_limit=0.80s
[INFO] [1783994942.217047999] [slope_manager]: [0;94mwaypoint=5/18 wall_jump_prep dist=1.912m, min_dist=1.910m, yaw_err=2.2deg, pose=(-3.227,2.506), goal=(-5.107,2.155), pose_frame=camera_init, goal_frame=camera_init, line_progress=2.198/4.110m (53%), line_remaining=1.912m, line_lateral=-0.020m, apriltag_gate=blocked:z_gate(filtered_z=2.408m>0.700m, below=0/3<1, raw_z=2.404m, filtered_z=2.408m, threshold=0.700m, below=0/3, required=1/3, tf=camera_color_optical_frame->base, stamp_age=0.09s, stamp_lag_at_rx=0.07s), override=[2,1.000,1.000][0m
[INFO] [1783994942.997857390] [slope_manager]: AprilTag TF update: waypoint[4]=wall_jump_prep, tf=camera_color_optical_frame->base, xyz=(-0.028,0.100,2.268), rpy=(-173.8,-9.0,-4.1)deg, stamp_lag_at_rx=0.07s, stale_limit=0.80s
[INFO] [1783994943.316939525] [slope_manager]: [0;94mwaypoint=5/18 wall_jump_prep dist=1.723m, min_dist=1.723m, yaw_err=1.2deg, pose=(-3.412,2.466), goal=(-5.107,2.155), pose_frame=camera_init, goal_frame=camera_init, line_progress=2.387/4.110m (58%), line_remaining=1.723m, line_lateral=-0.024m, apriltag_gate=blocked:z_gate(filtered_z=2.269m>0.700m, below=0/3<1, raw_z=2.269m, filtered_z=2.269m, threshold=0.700m, below=0/3, required=1/3, tf=camera_color_optical_frame->base, stamp_age=0.26s, stamp_lag_at_rx=0.07s), override=[2,1.000,1.000][0m
[INFO] [1783994944.059325110] [slope_manager]: AprilTag TF update: waypoint[4]=wall_jump_prep, tf=camera_color_optical_frame->base, xyz=(0.024,0.133,2.114), rpy=(-178.2,-6.1,-2.7)deg, stamp_lag_at_rx=0.07s, stale_limit=0.80s
[INFO] [1783994944.317014447] [slope_manager]: [0;94mwaypoint=5/18 wall_jump_prep dist=1.553m, min_dist=1.553m, yaw_err=1.5deg, pose=(-3.578,2.428), goal=(-5.107,2.155), pose_frame=camera_init, goal_frame=camera_init, line_progress=2.558/4.110m (62%), line_remaining=1.552m, line_lateral=-0.029m, apriltag_gate=blocked:z_gate(filtered_z=2.118m>0.700m, below=0/3<1, raw_z=2.131m, filtered_z=2.118m, threshold=0.700m, below=0/3, required=1/3, tf=camera_color_optical_frame->base, stamp_age=0.26s, stamp_lag_at_rx=0.07s), override=[2,1.000,1.000][0m
[INFO] [1783994945.264546834] [slope_manager]: AprilTag TF update: waypoint[4]=wall_jump_prep, tf=camera_color_optical_frame->base, xyz=(0.110,0.080,1.890), rpy=(178.9,-2.5,-3.6)deg, stamp_lag_at_rx=0.07s, stale_limit=0.80s
[INFO] [1783994945.417015272] [slope_manager]: [0;94mwaypoint=5/18 wall_jump_prep dist=1.380m, min_dist=1.380m, yaw_err=0.8deg, pose=(-3.750,2.407), goal=(-5.107,2.155), pose_frame=camera_init, goal_frame=camera_init, line_progress=2.730/4.110m (66%), line_remaining=1.380m, line_lateral=-0.017m, apriltag_gate=blocked:z_gate(filtered_z=1.887m>0.700m, below=0/3<1, raw_z=1.887m, filtered_z=1.887m, threshold=0.700m, below=0/3, required=1/3, tf=camera_color_optical_frame->base, stamp_age=0.09s, stamp_lag_at_rx=0.07s), override=[2,1.000,1.000][0m
[INFO] [1783994946.333418955] [slope_manager]: AprilTag TF update: waypoint[4]=wall_jump_prep, tf=camera_color_optical_frame->base, xyz=(0.038,0.161,1.753), rpy=(169.3,-3.5,-3.4)deg, stamp_lag_at_rx=0.07s, stale_limit=0.80s
[INFO] [1783994946.517007029] [slope_manager]: [0;94mwaypoint=5/18 wall_jump_prep dist=1.216m, min_dist=1.216m, yaw_err=0.4deg, pose=(-3.911,2.377), goal=(-5.107,2.155), pose_frame=camera_init, goal_frame=camera_init, line_progress=2.894/4.110m (70%), line_remaining=1.216m, line_lateral=-0.015m, apriltag_gate=blocked:z_gate(filtered_z=1.764m>0.700m, below=0/3<1, raw_z=1.753m, filtered_z=1.764m, threshold=0.700m, below=0/3, required=1/3, tf=camera_color_optical_frame->base, stamp_age=0.26s, stamp_lag_at_rx=0.07s), override=[2,1.000,1.000][0m
[INFO] [1783994947.465310944] [slope_manager]: AprilTag TF update: waypoint[4]=wall_jump_prep, tf=camera_color_optical_frame->base, xyz=(0.095,0.095,1.649), rpy=(178.2,2.6,-3.9)deg, stamp_lag_at_rx=0.07s, stale_limit=0.80s
[INFO] [1783994947.616997777] [slope_manager]: [0;94mwaypoint=5/18 wall_jump_prep dist=1.112m, min_dist=1.112m, yaw_err=0.7deg, pose=(-4.014,2.366), goal=(-5.107,2.155), pose_frame=camera_init, goal_frame=camera_init, line_progress=2.998/4.110m (73%), line_remaining=1.112m, line_lateral=-0.005m, apriltag_gate=blocked:z_gate(filtered_z=1.632m>0.700m, below=0/3<1, raw_z=1.625m, filtered_z=1.632m, threshold=0.700m, below=0/3, required=1/3, tf=camera_color_optical_frame->base, stamp_age=0.09s, stamp_lag_at_rx=0.07s), override=[2,1.000,1.000][0m
[INFO] [1783994948.467336073] [slope_manager]: AprilTag TF update: waypoint[4]=wall_jump_prep, tf=camera_color_optical_frame->base, xyz=(0.194,0.120,1.402), rpy=(-177.2,8.7,-1.8)deg, stamp_lag_at_rx=0.07s, stale_limit=0.80s
[INFO] [1783994948.516816313] [slope_manager]: direct_step yaw recovery 触发: waypoint[4]=wall_jump_prep, yaw_err=5.6deg >= 3.0deg, lat=-0.017m, progress=0.78。暂停基准线修正，只做趴下姿态回正。
[INFO] [1783994948.617049414] [slope_manager]: [0;94mwaypoint=5/18 wall_jump_prep dist=0.898m, min_dist=0.898m, yaw_err=5.0deg, pose=(-4.222,2.313), goal=(-5.107,2.155), pose_frame=camera_init, goal_frame=camera_init, line_progress=3.212/4.110m (78%), line_remaining=0.898m, line_lateral=-0.017m, apriltag_gate=blocked:z_gate(filtered_z=1.402m>0.700m, below=0/3<1, raw_z=1.384m, filtered_z=1.402m, threshold=0.700m, below=0/3, required=1/3, tf=camera_color_optical_frame->base, stamp_age=0.09s, stamp_lag_at_rx=0.07s), override=[2,0.157,-0.157], yaw_recovery=active,yaw_err=-5.0deg,turn=0.157,lat=-0.017,progress=0.78[0m
[INFO] [1783994949.468460263] [slope_manager]: AprilTag TF update: waypoint[4]=wall_jump_prep, tf=camera_color_optical_frame->base, xyz=(0.147,0.105,1.377), rpy=(179.9,3.0,-2.9)deg, stamp_lag_at_rx=0.07s, stale_limit=0.80s
[INFO] [1783994949.716986107] [slope_manager]: [0;94mwaypoint=5/18 wall_jump_prep dist=0.896m, min_dist=0.883m, yaw_err=3.2deg, pose=(-4.225,2.319), goal=(-5.107,2.155), pose_frame=camera_init, goal_frame=camera_init, line_progress=3.214/4.110m (78%), line_remaining=0.896m, line_lateral=-0.010m, apriltag_gate=blocked:z_gate(filtered_z=1.375m>0.700m, below=0/3<1, raw_z=1.371m, filtered_z=1.375m, threshold=0.700m, below=0/3, required=1/3, tf=camera_color_optical_frame->base, stamp_age=0.12s, stamp_lag_at_rx=0.07s), override=[2,0.064,-0.064], yaw_recovery=active,yaw_err=-3.2deg,turn=0.064,lat=-0.010,progress=0.78[0m
[INFO] [1783994950.471613044] [slope_manager]: AprilTag TF update: waypoint[4]=wall_jump_prep, tf=camera_color_optical_frame->base, xyz=(0.106,0.103,1.375), rpy=(-178.2,-1.6,-2.2)deg, stamp_lag_at_rx=0.07s, stale_limit=0.80s
[INFO] [1783994950.717007347] [slope_manager]: [0;94mwaypoint=5/18 wall_jump_prep dist=0.883m, min_dist=0.876m, yaw_err=2.0deg, pose=(-4.239,2.320), goal=(-5.107,2.155), pose_frame=camera_init, goal_frame=camera_init, line_progress=3.227/4.110m (79%), line_remaining=0.883m, line_lateral=-0.006m, apriltag_gate=blocked:z_gate(filtered_z=1.368m>0.700m, below=0/3<1, raw_z=1.368m, filtered_z=1.368m, threshold=0.700m, below=0/3, required=1/3, tf=camera_color_optical_frame->base, stamp_age=0.12s, stamp_lag_at_rx=0.07s), override=[2,0.001,-0.001], yaw_recovery=active,yaw_err=-2.0deg,turn=0.001,lat=-0.006,progress=0.79[0m
[INFO] [1783994950.816829226] [slope_manager]: direct_step yaw recovery 完成: waypoint[4]=wall_jump_prep, yaw_err=1.6deg <= 2.0deg，恢复基准线修正。
[INFO] [1783994951.474410683] [slope_manager]: AprilTag TF update: waypoint[4]=wall_jump_prep, tf=camera_color_optical_frame->base, xyz=(0.093,0.095,1.304), rpy=(-179.3,-4.3,-2.3)deg, stamp_lag_at_rx=0.07s, stale_limit=0.80s
[INFO] [1783994951.717102315] [slope_manager]: [0;94mwaypoint=5/18 wall_jump_prep dist=0.786m, min_dist=0.786m, yaw_err=2.4deg, pose=(-4.332,2.291), goal=(-5.107,2.155), pose_frame=camera_init, goal_frame=camera_init, line_progress=3.324/4.110m (81%), line_remaining=0.786m, line_lateral=-0.017m, apriltag_gate=blocked:z_gate(filtered_z=1.296m>0.700m, below=0/3<1, raw_z=1.319m, filtered_z=1.296m, threshold=0.700m, below=0/3, required=1/3, tf=camera_color_optical_frame->base, stamp_age=0.12s, stamp_lag_at_rx=0.07s), override=[2,1.000,1.000][0m
[INFO] [1783994952.474879598] [slope_manager]: AprilTag TF update: waypoint[4]=wall_jump_prep, tf=camera_color_optical_frame->base, xyz=(0.086,0.096,1.169), rpy=(175.1,1.0,-2.1)deg, stamp_lag_at_rx=0.07s, stale_limit=0.80s
[INFO] [1783994952.817031732] [slope_manager]: [0;94mwaypoint=5/18 wall_jump_prep dist=0.653m, min_dist=0.632m, yaw_err=0.6deg, pose=(-4.462,2.260), goal=(-5.107,2.155), pose_frame=camera_init, goal_frame=camera_init, line_progress=3.457/4.110m (84%), line_remaining=0.653m, line_lateral=-0.022m, apriltag_gate=blocked:z_gate(filtered_z=1.140m>0.700m, below=0/3<1, raw_z=1.119m, filtered_z=1.140m, threshold=0.700m, below=0/3, required=1/3, tf=camera_color_optical_frame->base, stamp_age=0.08s, stamp_lag_at_rx=0.07s), override=[2,1.000,1.000][0m
[INFO] [1783994953.475973739] [slope_manager]: AprilTag TF update: waypoint[4]=wall_jump_prep, tf=camera_color_optical_frame->base, xyz=(0.099,0.125,1.016), rpy=(173.9,0.5,-2.0)deg, stamp_lag_at_rx=0.07s, stale_limit=0.80s
[INFO] [1783994953.916937649] [slope_manager]: [0;94mwaypoint=5/18 wall_jump_prep dist=0.444m, min_dist=0.444m, yaw_err=6.3deg, pose=(-4.665,2.210), goal=(-5.107,2.155), pose_frame=camera_init, goal_frame=camera_init, line_progress=3.667/4.110m (89%), line_remaining=0.443m, line_lateral=-0.032m, apriltag_gate=blocked:z_gate(filtered_z=0.937m>0.700m, below=0/3<1, raw_z=0.927m, filtered_z=0.937m, threshold=0.700m, below=0/3, required=1/3, tf=camera_color_optical_frame->base, stamp_age=0.18s, stamp_lag_at_rx=0.07s), override=[2,1.000,1.000][0m
[INFO] [1783994954.116795418] [slope_manager]: direct_step yaw recovery 触发: waypoint[4]=wall_jump_prep, yaw_err=6.6deg >= 3.0deg, lat=-0.057m, progress=0.89。暂停基准线修正，只做趴下姿态回正。
[INFO] [1783994954.478681454] [slope_manager]: AprilTag TF update: waypoint[4]=wall_jump_prep, tf=camera_color_optical_frame->base, xyz=(0.216,0.107,0.864), rpy=(-178.9,8.8,-2.7)deg, stamp_lag_at_rx=0.07s, stale_limit=0.80s
[INFO] [1783994955.016909761] [slope_manager]: [0;94mwaypoint=5/18 wall_jump_prep dist=0.417m, min_dist=0.379m, yaw_err=6.6deg, pose=(-4.691,2.190), goal=(-5.107,2.155), pose_frame=camera_init, goal_frame=camera_init, line_progress=3.696/4.110m (90%), line_remaining=0.414m, line_lateral=-0.046m, apriltag_gate=blocked:z_gate(filtered_z=0.860m>0.700m, below=0/3<1, raw_z=0.863m, filtered_z=0.860m, threshold=0.700m, below=0/3, required=1/3, tf=camera_color_optical_frame->base, stamp_age=0.08s, stamp_lag_at_rx=0.07s), override=[2,0.240,-0.240], yaw_recovery=active,yaw_err=-6.6deg,turn=0.240,lat=-0.046,progress=0.90[0m
[INFO] [1783994955.480517880] [slope_manager]: AprilTag TF update: waypoint[4]=wall_jump_prep, tf=camera_color_optical_frame->base, xyz=(0.156,0.105,0.854), rpy=(-179.6,6.7,-2.4)deg, stamp_lag_at_rx=0.07s, stale_limit=0.80s
[INFO] [1783994956.016956270] [slope_manager]: [0;94mwaypoint=5/18 wall_jump_prep dist=0.394m, min_dist=0.379m, yaw_err=3.4deg, pose=(-4.714,2.188), goal=(-5.107,2.155), pose_frame=camera_init, goal_frame=camera_init, line_progress=3.719/4.110m (90%), line_remaining=0.391m, line_lateral=-0.044m, apriltag_gate=blocked:z_gate(filtered_z=0.850m>0.700m, below=0/3<1, raw_z=0.860m, filtered_z=0.850m, threshold=0.700m, below=0/3, required=1/3, tf=camera_color_optical_frame->base, stamp_age=0.08s, stamp_lag_at_rx=0.07s), override=[2,0.074,-0.074], yaw_recovery=active,yaw_err=-3.4deg,turn=0.074,lat=-0.044,progress=0.90[0m
[INFO] [1783994956.546565836] [slope_manager]: AprilTag TF update: waypoint[4]=wall_jump_prep, tf=camera_color_optical_frame->base, xyz=(0.120,0.112,0.845), rpy=(179.0,2.6,-2.0)deg, stamp_lag_at_rx=0.07s, stale_limit=0.80s
[INFO] [1783994956.716800999] [slope_manager]: direct_step yaw recovery 完成: waypoint[4]=wall_jump_prep, yaw_err=1.9deg <= 2.0deg，恢复基准线修正。
[INFO] [1783994957.016980054] [slope_manager]: [0;94mwaypoint=5/18 wall_jump_prep dist=0.345m, min_dist=0.345m, yaw_err=4.4deg, pose=(-4.764,2.191), goal=(-5.107,2.155), pose_frame=camera_init, goal_frame=camera_init, line_progress=3.767/4.110m (92%), line_remaining=0.343m, line_lateral=-0.031m, apriltag_gate=blocked:z_gate(filtered_z=0.854m>0.700m, below=0/3<1, raw_z=0.870m, filtered_z=0.854m, threshold=0.700m, below=0/3, required=1/3, tf=camera_color_optical_frame->base, stamp_age=0.14s, stamp_lag_at_rx=0.07s), override=[2,1.000,1.000][0m
[INFO] [1783994957.516855462] [slope_manager]: direct_step yaw recovery 触发: waypoint[4]=wall_jump_prep, yaw_err=5.2deg >= 3.0deg, lat=-0.057m, progress=0.94。暂停基准线修正，只做趴下姿态回正。
[INFO] [1783994957.548572739] [slope_manager]: AprilTag TF update: waypoint[4]=wall_jump_prep, tf=camera_color_optical_frame->base, xyz=(0.145,0.102,0.681), rpy=(178.7,1.1,-3.2)deg, stamp_lag_at_rx=0.07s, stale_limit=0.80s
[INFO] [1783994957.617059475] [slope_manager]: [1;32m到点成功: waypoint[4]=wall_jump_prep, dist=0.218, min_dist=0.218, yaw_err=4.7deg, reason=apriltag_z_threshold(raw_z=0.689m, filtered_z=0.689m<=0.700m, below=2/3 required=1, hold=0.00s, stamp_age=0.07s, rx_age=0.00s, stamp_lag_at_rx=0.07s, tf=camera_color_optical_frame->base)[0m
[INFO] [1783994957.617533126] [slope_manager]: [1;35m发布模式: 2 (趴下)[0m
[INFO] [1783994957.617982510] [slope_manager]: [1;35m发布上坡步长滤波: False[0m
[INFO] [1783994957.618371984] [slope_manager]: [1;35m发布路径修正profile: 0 (0=关闭, 1=普通, 2=上坡强修正, 3=强修正符号验证)[0m
[INFO] [1783994957.618831944] [slope_manager]: [1;32m已到达 waypoint[4]=wall_jump_prep，切换模式为 2 (趴下)，上坡滤波=False，路径修正profile=0，并锁存到下一个 waypoint。[0m
[INFO] [1783994957.619243729] [slope_manager]: waypoint[4]=wall_jump_prep 到点后立即执行额外动作序列。
[INFO] [1783994957.619650270] [slope_manager]: [1;35m发布模式: 2 (趴下)[0m
[INFO] [1783994957.620151429] [slope_manager]: AprilTag 站立前距离过近，先后退保护: waypoint[4]=wall_jump_prep, z=0.689m < trigger=0.730m, target=0.730m, override=[2,-0.200,-0.200]。
[INFO] [1783994957.700817737] [slope_manager]: AprilTag 站立前后退中: z=0.663m, target=0.730m, elapsed=0.08/4.00s, override=[2,-0.200,-0.200]。
[INFO] [1783994958.023065891] [slope_manager]: AprilTag 站立前后退中: z=0.657m, target=0.730m, elapsed=0.40/4.00s, override=[2,-0.200,-0.200]。
[INFO] [1783994958.346126212] [slope_manager]: AprilTag 站立前后退中: z=0.680m, target=0.730m, elapsed=0.73/4.00s, override=[2,-0.200,-0.200]。
[INFO] [1783994958.548965750] [slope_manager]: AprilTag TF update: waypoint[4]=wall_jump_prep, tf=camera_color_optical_frame->base, xyz=(0.137,0.107,0.689), rpy=(-178.6,5.1,-2.6)deg, stamp_lag_at_rx=0.07s, stale_limit=0.80s
[INFO] [1783994958.668412091] [slope_manager]: AprilTag 站立前后退中: z=0.691m, target=0.730m, elapsed=1.05/4.00s, override=[2,-0.200,-0.200]。
[INFO] [1783994958.990659512] [slope_manager]: AprilTag 站立前后退中: z=0.708m, target=0.730m, elapsed=1.37/4.00s, override=[2,-0.200,-0.200]。
[INFO] [1783994959.312998112] [slope_manager]: AprilTag 站立前后退中: z=0.723m, target=0.730m, elapsed=1.69/4.00s, override=[2,-0.200,-0.200]。
[INFO] [1783994959.474215077] [slope_manager]: AprilTag 站立前后退保护完成: z=0.732m >= target=0.730m, 继续执行站立序列。
[INFO] [1783994959.474618496] [slope_manager]: [1;35m发布模式: 2 (趴下)[0m
[INFO] [1783994959.475079450] [slope_manager]: [0;94m执行到点后额外动作: waypoint=wall_jump_prep, mode=2 (趴下), hold=1.00s, override=[2,0.000,0.000], note=趴下通过到点后先保持趴下停止 0.6 秒，固定发送 mode=2,left=0,right=0，避免直接站立导致机身晃动。[0m
[INFO] [1783994959.553988717] [slope_manager]: AprilTag TF update: waypoint[4]=wall_jump_prep, tf=camera_color_optical_frame->base, xyz=(0.139,0.105,0.737), rpy=(178.6,7.2,-3.1)deg, stamp_lag_at_rx=0.07s, stale_limit=0.80s
[INFO] [1783994960.475840886] [slope_manager]: [1;35m发布模式: 0 (正常行走)[0m
[INFO] [1783994960.476270043] [slope_manager]: [0;94m执行到点后额外动作: waypoint=wall_jump_prep, mode=0 (正常行走), hold=1.50s, override=[0,0.000,0.000], note=趴下停稳后原地站立 1.跳5 秒，固定发送 mode=0,left=0,right=0；本版本不跳，随后直接进入第5点自旋。[0m
[INFO] [1783994960.556526918] [slope_manager]: AprilTag TF update: waypoint[4]=wall_jump_prep, tf=camera_color_optical_frame->base, xyz=(0.138,0.107,0.739), rpy=(179.2,6.8,-2.9)deg, stamp_lag_at_rx=0.08s, stale_limit=0.80s
[INFO] [1783994961.557727092] [slope_manager]: AprilTag TF update: waypoint[4]=wall_jump_prep, tf=camera_color_optical_frame->base, xyz=(0.173,0.200,0.740), rpy=(172.3,7.4,-3.4)deg, stamp_lag_at_rx=0.08s, stale_limit=0.80s
[INFO] [1783994961.977081580] [slope_manager]: [1;35m发布模式: 0 (正常行走)[0m
[INFO] [1783994961.977564748] [slope_manager]: waypoint[4]=wall_jump_prep 启用局部定位稳定门控：expected=(-4.807,2.154), 需要连续稳定 0.30s 后再切换到下一个目标。
[INFO] [1783994962.028293361] [slope_manager]: 等待局部定位稳定: waypoint[4]=wall_jump_prep, pose=(-4.831,2.162), expected=(-4.831,2.162), err=0.000/0.400m, bounds_ok=True, yaw_ok=True, stable=0.05/0.30s
[INFO] [1783994962.329839334] [slope_manager]: 局部定位稳定门控通过: waypoint[4]=wall_jump_prep, pose=(-4.811,2.175), expected=(-4.811,2.175), err=0.000m, stable=0.35s。
[INFO] [1783994962.330410141] [slope_manager]: [1;36m切换到下一个 waypoint: 6 / 18[0m
[INFO] [1783994962.330924776] [slope_manager]: 解析机身相对 waypoint[5]=turn_180_spin: source=(-4.811,2.175,108.7deg), anchor=(-4.811,2.175,current_pose), body_offset=(forward=0.000, left=0.000), yaw_mode=previous_target_delta, yaw_delta=76.0deg, ref_yaw_source=current, ref_yaw=108.7deg, target=(-4.811,2.175,178.0deg), frame=camera_init
[INFO] [1783994962.331455010] [slope_manager]: [1;36m发送直驱覆盖点[6/18](attempt=1): turn_180_spin -> x=-4.811, y=2.175, yaw=178.0° (body_relative forward=0.000, left=0.000, yaw_mode=previous_target_delta, yaw_delta=76.0°, source=(-4.811,2.175,108.7°), anchor=(-4.811,2.175,current_pose), ref_yaw_source=current, ref_yaw=108.7°), frame=camera_init, override=[6,-0.350,0.600], 到点后锁存模式=0, note=普通第5点：跳完后不再走 Nav2 接近，直接在当前点执行反向固定自旋覆盖（mode=6,left=0.6,right=-0.35）完成转向。转完后进入 turn_180_yaw_settle，若姿态未收准则原地补正。[0m
[INFO] [1783994962.418723509] [slope_manager]: [0;94mwaypoint=6/18 turn_180_spin dist=0.007m, min_dist=0.003m, yaw_err=68.6deg, pose=(-4.811,2.168), goal=(-4.811,2.175), pose_frame=camera_init, goal_frame=camera_init, override=[6,-0.350,0.600][0m
[INFO] [1783994963.379263669] [slope_manager]: [1;32m到点成功: waypoint[5]=turn_180_spin, dist=0.161, min_dist=0.003, yaw_err=1.9deg, reason=distance_tolerance[0m
[INFO] [1783994963.379627125] [slope_manager]: [1;35m发布模式: 0 (正常行走)[0m
[INFO] [1783994963.379945180] [slope_manager]: [1;35m发布上坡步长滤波: False[0m
[INFO] [1783994963.380234088] [slope_manager]: [1;35m发布路径修正profile: 2 (0=关闭, 1=普通, 2=上坡强修正, 3=强修正符号验证)[0m
[INFO] [1783994963.380519807] [slope_manager]: [1;32m已到达 waypoint[5]=turn_180_spin，切换模式为 0 (正常行走)，上坡滤波=False，路径修正profile=2，并锁存到下一个 waypoint。[0m
[INFO] [1783994963.380883000] [slope_manager]: waypoint[5]=turn_180_spin 到点后零步长保持: override=[0,0.000,0.000]，持续 0.45s。
[INFO] [1783994963.381160430] [slope_manager]: waypoint[5]=turn_180_spin 到点后等待 0.45s，再切换到下一个目标。
[INFO] [1783994963.832130753] [slope_manager]: [1;35m发布模式: 0 (正常行走)[0m
[INFO] [1783994963.832558897] [slope_manager]: waypoint[5]=turn_180_spin 启用局部定位稳定门控：expected=(-4.811,2.175), 需要连续稳定 0.80s 后再切换到下一个目标。
[INFO] [1783994963.883396551] [slope_manager]: 等待局部定位稳定: waypoint[5]=turn_180_spin, pose=(-4.699,2.007), expected=(-4.811,2.175), err=0.202/0.350m, bounds_ok=True, yaw_ok=True, stable=0.05/0.80s
[INFO] [1783994964.692106731] [slope_manager]: 局部定位稳定门控通过: waypoint[5]=turn_180_spin, pose=(-4.709,2.008), expected=(-4.811,2.175), err=0.196m, stable=0.86s。
[INFO] [1783994964.692730379] [slope_manager]: [1;36m切换到下一个 waypoint: 7 / 18[0m
[INFO] [1783994964.694130891] [slope_manager]: 解析机身相对 waypoint[6]=turn_180_yaw_settle: source=(-4.709,2.008,-175.2deg), anchor=(-4.709,2.008,current_pose), body_offset=(forward=0.000, left=0.000), yaw_mode=bridge_reference_delta, yaw_delta=0.0deg, ref_yaw_source=target_yaw, ref_yaw=-168.0deg, target=(-4.709,2.008,-168.0deg), frame=camera_init
[INFO] [1783994964.695011442] [slope_manager]: [1;36m发送直驱覆盖点[7/18](attempt=1): turn_180_yaw_settle -> x=-4.709, y=2.008, yaw=-168.0° (body_relative forward=0.000, left=0.000, yaw_mode=bridge_reference_delta, yaw_delta=0.0°, source=(-4.709,2.008,-175.2°), anchor=(-4.709,2.008,current_pose), ref_yaw_source=target_yaw, ref_yaw=-168.0°), frame=camera_init, override=[6,-0.150,0.200], yaw_dir=ccw,yaw_err=7.2deg, 到点后锁存模式=0, note=转身后姿态粗补正点：同点位 mode=6 零基础步长，按 yaw_err 方向使用非对称固定差速先补到 -180deg 附近；随后进入 bridge_tag_yaw_lock，用 bridge tag pose_pitch 精锁过桥角。[0m
[INFO] [1783994964.717037426] [slope_manager]: [0;94mwaypoint=7/18 turn_180_yaw_settle dist=0.011m, min_dist=0.011m, yaw_err=7.0deg, pose=(-4.704,2.017), goal=(-4.709,2.008), pose_frame=camera_init, goal_frame=camera_init, override=[6,-0.150,0.200], yaw_dir=ccw,yaw_err=7.0deg[0m
[INFO] [1783994965.126507350] [slope_manager]: [1;32m到点成功: waypoint[6]=turn_180_yaw_settle, dist=0.010, min_dist=0.001, yaw_err=0.8deg, reason=distance_tolerance[0m
[INFO] [1783994965.127031186] [slope_manager]: [1;35m发布模式: 0 (正常行走)[0m
[INFO] [1783994965.127475394] [slope_manager]: [1;35m发布上坡步长滤波: False[0m
[INFO] [1783994965.127855108] [slope_manager]: [1;35m发布路径修正profile: 2 (0=关闭, 1=普通, 2=上坡强修正, 3=强修正符号验证)[0m
[INFO] [1783994965.128157165] [slope_manager]: [1;32m已到达 waypoint[6]=turn_180_yaw_settle，切换模式为 0 (正常行走)，上坡滤波=False，路径修正profile=2，并锁存到下一个 waypoint。[0m
[INFO] [1783994965.128440757] [slope_manager]: waypoint[6]=turn_180_yaw_settle 到点后零步长保持: override=[0,0.000,0.000]，持续 0.10s。
[INFO] [1783994965.128693550] [slope_manager]: waypoint[6]=turn_180_yaw_settle 到点后等待 0.10s，再切换到下一个目标。
[INFO] [1783994965.229697876] [slope_manager]: [1;36m切换到下一个 waypoint: 8 / 18[0m
[INFO] [1783994965.230766582] [slope_manager]: 解析机身相对 waypoint[7]=bridge_entry: source=(-4.692,2.010,-165.6deg), anchor=(-4.709,2.008,waypoint_target:turn_180_yaw_settle), body_offset=(forward=1.150, left=0.000), yaw_mode=previous_target, yaw_delta=0.0deg, ref_yaw_source=target_yaw, ref_yaw=-168.0deg, target=(-4.470,0.883,-168.0deg), frame=camera_init
[INFO] [1783994965.231481478] [slope_manager]: [1;35m发布路径修正profile: 2 (0=关闭, 1=普通, 2=上坡强修正, 3=强修正符号验证)[0m
[INFO] [1783994965.232064513] [slope_manager]: [1;36m发送直驱覆盖点[8/18](attempt=1): bridge_entry -> x=-4.470, y=0.883, yaw=-168.0° (body_relative forward=1.150, left=0.000, yaw_mode=previous_target, yaw_delta=0.0°, source=(-4.692,2.010,-165.6°), anchor=(-4.709,2.008,waypoint_target:turn_180_yaw_settle), ref_yaw_source=target_yaw, ref_yaw=-168.0°), frame=camera_init, path_reference=/serial_path_reference, override=[0,0.250,0.250], ramp=0.00,elapsed=0.00/0.90s, 到点后锁存模式=0, note=过桥前点：当前 bridge_tag_yaw_lock 关闭，沿 turn_180_yaw_settle 的目标点和目标 yaw 固定直驱到桥入口；本点不再同点位自旋修姿态，到点后直接进入 bridge_exit。[0m
[INFO] [1783994965.817007243] [slope_manager]: [0;94mwaypoint=8/18 bridge_entry dist=1.043m, min_dist=1.043m, yaw_err=0.4deg, pose=(-4.661,1.909), goal=(-4.470,0.883), pose_frame=camera_init, goal_frame=camera_init, line_progress=0.106/1.149m (9%), line_remaining=1.043m, line_lateral=-0.011m, override=[0,0.646,0.646], ramp=0.72,elapsed=0.59/0.90s[0m
[INFO] [1783994966.816995884] [slope_manager]: [0;94mwaypoint=8/18 bridge_entry dist=0.372m, min_dist=0.372m, yaw_err=0.4deg, pose=(-4.545,1.247), goal=(-4.470,0.883), pose_frame=camera_init, goal_frame=camera_init, line_progress=0.777/1.149m (68%), line_remaining=0.372m, line_lateral=0.003m, override=[0,0.800,0.800], ramp=1.00,elapsed=1.59/0.90s[0m
[INFO] [1783994966.979287302] [slope_manager]: [1;32m到点成功: waypoint[7]=bridge_entry, dist=0.245, min_dist=0.245, yaw_err=0.7deg, reason=distance_tolerance[0m
[INFO] [1783994966.979766923] [slope_manager]: [1;35m发布模式: 0 (正常行走)[0m
[INFO] [1783994966.980237836] [slope_manager]: [1;35m发布上坡步长滤波: False[0m
[INFO] [1783994966.980677543] [slope_manager]: [1;35m发布路径修正profile: 2 (0=关闭, 1=普通, 2=上坡强修正, 3=强修正符号验证)[0m
[INFO] [1783994966.980975688] [slope_manager]: [1;32m已到达 waypoint[7]=bridge_entry，切换模式为 0 (正常行走)，上坡滤波=False，路径修正profile=2，并锁存到下一个 waypoint。[0m
[INFO] [1783994966.981903011] [slope_manager]: [1;36m切换到下一个 waypoint: 9 / 18[0m
[INFO] [1783994966.982367642] [slope_manager]: 解析机身相对 waypoint[8]=bridge_exit: source=(-4.511,1.124,-168.7deg), anchor=(-4.511,1.124,current_pose), body_offset=(forward=2.250, apriltag_z_comp=-0.050m tag_z=1.068m neutral=1.240m near=(1.100m,-0.050m) far=(1.500m,+0.030m) tf_age=1.16s source=compensation_cache, left=0.000), yaw_mode=previous_target, yaw_delta=0.0deg, ref_yaw_source=target_yaw, ref_yaw=-168.0deg, target=(-4.044,-1.077,-168.0deg), frame=camera_init
[INFO] [1783994966.982764269] [slope_manager]: [1;35m发布路径修正profile: 2 (0=关闭, 1=普通, 2=上坡强修正, 3=强修正符号验证)[0m
[INFO] [1783994966.983193719] [slope_manager]: [1;36m发送直驱覆盖点[9/18](attempt=1): bridge_exit -> x=-4.044, y=-1.077, yaw=-168.0° (body_relative forward=2.250, left=0.000, yaw_mode=previous_target, yaw_delta=0.0°, source=(-4.511,1.124,-168.7°), anchor=(-4.511,1.124,current_pose), ref_yaw_source=target_yaw, ref_yaw=-168.0°), frame=camera_init, path_reference=/serial_path_reference, override=[0,0.800,0.800], 到点后锁存模式=0, note=过桥后点：固定直驱前进过完桥后先停稳 0.1 秒，再进入同点位 45 度原地转向，避免直接边走边大角度调头导致下斜坡卡位。[0m
[INFO] [1783994967.916985644] [slope_manager]: [0;94mwaypoint=9/18 bridge_exit dist=1.977m, min_dist=1.934m, yaw_err=0.5deg, pose=(-4.400,0.868), goal=(-4.044,-1.077), pose_frame=camera_init, goal_frame=camera_init, line_progress=0.274/2.250m (12%), line_remaining=1.976m, line_lateral=-0.056m, override=[0,0.800,0.800][0m
[INFO] [1783994969.017006623] [slope_manager]: [0;94mwaypoint=9/18 bridge_exit dist=2.100m, min_dist=1.934m, yaw_err=1.7deg, pose=(-4.522,0.968), goal=(-4.044,-1.077), pose_frame=camera_init, goal_frame=camera_init, line_progress=0.151/2.250m (7%), line_remaining=2.099m, line_lateral=0.043m, override=[0,0.800,0.800][0m
[INFO] [1783994970.017526674] [slope_manager]: [0;94mwaypoint=9/18 bridge_exit dist=2.294m, min_dist=1.934m, yaw_err=8.8deg, pose=(-4.732,1.112), goal=(-4.044,-1.077), pose_frame=camera_init, goal_frame=camera_init, line_progress=-0.034/2.250m (-1%), line_remaining=2.284m, line_lateral=0.218m, override=[0,0.800,0.800][0m
[INFO] [1783994971.117029126] [slope_manager]: [0;94mwaypoint=9/18 bridge_exit dist=2.886m, min_dist=1.934m, yaw_err=4.1deg, pose=(-4.740,1.724), goal=(-4.044,-1.077), pose_frame=camera_init, goal_frame=camera_init, line_progress=-0.634/2.250m (-28%), line_remaining=2.884m, line_lateral=0.099m, override=[0,0.800,0.800][0m
[INFO] [1783994972.216953660] [slope_manager]: [0;94mwaypoint=9/18 bridge_exit dist=2.910m, min_dist=1.934m, yaw_err=3.5deg, pose=(-4.756,1.745), goal=(-4.044,-1.077), pose_frame=camera_init, goal_frame=camera_init, line_progress=-0.658/2.250m (-29%), line_remaining=2.908m, line_lateral=0.110m, override=[0,0.800,0.800][0m
[INFO] [1783994973.217084916] [slope_manager]: [0;94mwaypoint=9/18 bridge_exit dist=3.103m, min_dist=1.934m, yaw_err=0.2deg, pose=(-4.783,1.937), goal=(-4.044,-1.077), pose_frame=camera_init, goal_frame=camera_init, line_progress=-0.852/2.250m (-38%), line_remaining=3.102m, line_lateral=0.097m, override=[0,0.800,0.800][0m
[INFO] [1783994974.316949181] [slope_manager]: [0;94mwaypoint=9/18 bridge_exit dist=3.258m, min_dist=1.934m, yaw_err=0.8deg, pose=(-4.862,2.077), goal=(-4.044,-1.077), pose_frame=camera_init, goal_frame=camera_init, line_progress=-1.005/2.250m (-45%), line_remaining=3.255m, line_lateral=0.146m, override=[0,0.800,0.800][0m
[INFO] [1783994975.317008461] [slope_manager]: [0;94mwaypoint=9/18 bridge_exit dist=3.318m, min_dist=1.934m, yaw_err=0.7deg, pose=(-4.881,2.134), goal=(-4.044,-1.077), pose_frame=camera_init, goal_frame=camera_init, line_progress=-1.064/2.250m (-47%), line_remaining=3.314m, line_lateral=0.152m, override=[0,0.800,0.800][0m
[INFO] [1783994976.316993791] [slope_manager]: [0;94mwaypoint=9/18 bridge_exit dist=3.303m, min_dist=1.934m, yaw_err=0.3deg, pose=(-4.874,2.121), goal=(-4.044,-1.077), pose_frame=camera_init, goal_frame=camera_init, line_progress=-1.050/2.250m (-47%), line_remaining=3.300m, line_lateral=0.148m, override=[0,0.800,0.800][0m
[INFO] [1783994977.317032052] [slope_manager]: [0;94mwaypoint=9/18 bridge_exit dist=3.304m, min_dist=1.934m, yaw_err=0.8deg, pose=(-4.840,2.130), goal=(-4.044,-1.077), pose_frame=camera_init, goal_frame=camera_init, line_progress=-1.052/2.250m (-47%), line_remaining=3.302m, line_lateral=0.113m, override=[0,0.800,0.800][0m
[INFO] [1783994978.416965734] [slope_manager]: [0;94mwaypoint=9/18 bridge_exit dist=3.313m, min_dist=1.934m, yaw_err=0.5deg, pose=(-4.846,2.138), goal=(-4.044,-1.077), pose_frame=camera_init, goal_frame=camera_init, line_progress=-1.061/2.250m (-47%), line_remaining=3.311m, line_lateral=0.117m, override=[0,0.800,0.800][0m
[INFO] [1783994979.516863039] [slope_manager]: [0;94mwaypoint=9/18 bridge_exit dist=3.331m, min_dist=1.934m, yaw_err=0.7deg, pose=(-4.854,2.155), goal=(-4.044,-1.077), pose_frame=camera_init, goal_frame=camera_init, line_progress=-1.079/2.250m (-48%), line_remaining=3.329m, line_lateral=0.121m, override=[0,0.800,0.800][0m
[INFO] [1783994980.072492824] [slope_manager]: [1;35m发布模式: 7 (未知模式)[0m
[INFO] [1783994980.072827981] [slope_manager]: [1;35m发布上坡步长滤波: False[0m
[INFO] [1783994980.073111229] [slope_manager]: [1;35m发布路径修正profile: 2 (0=关闭, 1=普通, 2=上坡强修正, 3=强修正符号验证)[0m
[INFO] [1783994980.073413349] [slope_manager]: 启动时继承上一 waypoint 段状态: source=turn_180_spin, mode=7, uphill_step_floor=False, path_correction_profile=2, mode_source=inherited_segment_mode_override
[INFO] [1783994980.073718430] [slope_manager]: 按外部请求从 waypoint[6]=turn_180_yaw_settle 重新启动流程。
[INFO] [1783994980.116948100] [slope_manager]: 解析机身相对 waypoint[6]=turn_180_yaw_settle: source=(-4.842,2.136,-167.3deg), anchor=(-4.842,2.136,current_pose), body_offset=(forward=0.000, left=0.000), yaw_mode=bridge_reference_delta, yaw_delta=0.0deg, ref_yaw_source=target_yaw, ref_yaw=-167.4deg, target=(-4.842,2.136,-167.4deg), frame=camera_init
[INFO] [1783994980.117499718] [slope_manager]: [1;36m发送直驱覆盖点[7/18](attempt=1): turn_180_yaw_settle -> x=-4.842, y=2.136, yaw=-167.4° (body_relative forward=0.000, left=0.000, yaw_mode=bridge_reference_delta, yaw_delta=0.0°, source=(-4.842,2.136,-167.3°), anchor=(-4.842,2.136,current_pose), ref_yaw_source=target_yaw, ref_yaw=-167.4°), frame=camera_init, override=[6,0.000,0.000], yaw_dir=hold,yaw_err=-0.0deg, 到点后锁存模式=0, note=转身后姿态粗补正点：同点位 mode=6 零基础步长，按 yaw_err 方向使用非对称固定差速先补到 -180deg 附近；随后进入 bridge_tag_yaw_lock，用 bridge tag pose_pitch 精锁过桥角。[0m
[INFO] [1783994980.139077615] [slope_manager]: [1;32m到点成功: waypoint[6]=turn_180_yaw_settle, dist=0.007, min_dist=0.007, yaw_err=0.0deg, reason=distance_tolerance[0m
[INFO] [1783994980.139575282] [slope_manager]: [1;35m发布模式: 0 (正常行走)[0m
[INFO] [1783994980.140028200] [slope_manager]: [1;35m发布上坡步长滤波: False[0m
[INFO] [1783994980.140477334] [slope_manager]: [1;35m发布路径修正profile: 2 (0=关闭, 1=普通, 2=上坡强修正, 3=强修正符号验证)[0m
[INFO] [1783994980.140747128] [slope_manager]: [1;32m已到达 waypoint[6]=turn_180_yaw_settle，切换模式为 0 (正常行走)，上坡滤波=False，路径修正profile=2，并锁存到下一个 waypoint。[0m
[INFO] [1783994980.141014720] [slope_manager]: waypoint[6]=turn_180_yaw_settle 到点后零步长保持: override=[0,0.000,0.000]，持续 0.10s。
[INFO] [1783994980.141248543] [slope_manager]: waypoint[6]=turn_180_yaw_settle 到点后等待 0.10s，再切换到下一个目标。
[INFO] [1783994980.242667238] [slope_manager]: [1;36m切换到下一个 waypoint: 8 / 18[0m
[INFO] [1783994980.243512089] [slope_manager]: 解析机身相对 waypoint[7]=bridge_entry: source=(-4.843,2.135,-166.8deg), anchor=(-4.842,2.136,waypoint_target:turn_180_yaw_settle), body_offset=(forward=1.150, left=0.000), yaw_mode=previous_target, yaw_delta=0.0deg, ref_yaw_source=target_yaw, ref_yaw=-167.4deg, target=(-4.590,1.014,-167.4deg), frame=camera_init
[INFO] [1783994980.244827596] [slope_manager]: [1;35m发布路径修正profile: 2 (0=关闭, 1=普通, 2=上坡强修正, 3=强修正符号验证)[0m
[INFO] [1783994980.245549704] [slope_manager]: [1;36m发送直驱覆盖点[8/18](attempt=1): bridge_entry -> x=-4.590, y=1.014, yaw=-167.4° (body_relative forward=1.150, left=0.000, yaw_mode=previous_target, yaw_delta=0.0°, source=(-4.843,2.135,-166.8°), anchor=(-4.842,2.136,waypoint_target:turn_180_yaw_settle), ref_yaw_source=target_yaw, ref_yaw=-167.4°), frame=camera_init, path_reference=/serial_path_reference, override=[0,0.250,0.250], ramp=0.00,elapsed=0.00/0.90s, 到点后锁存模式=0, note=过桥前点：当前 bridge_tag_yaw_lock 关闭，沿 turn_180_yaw_settle 的目标点和目标 yaw 固定直驱到桥入口；本点不再同点位自旋修姿态，到点后直接进入 bridge_exit。[0m
[INFO] [1783994980.517017841] [slope_manager]: [0;94mwaypoint=8/18 bridge_entry dist=1.131m, min_dist=1.131m, yaw_err=0.9deg, pose=(-4.829,2.119), goal=(-4.590,1.014), pose_frame=camera_init, goal_frame=camera_init, line_progress=0.019/1.150m (2%), line_remaining=1.131m, line_lateral=-0.010m, override=[0,0.371,0.371], ramp=0.22,elapsed=0.27/0.90s[0m
[INFO] [1783994981.616879578] [slope_manager]: [0;94mwaypoint=8/18 bridge_entry dist=0.529m, min_dist=0.529m, yaw_err=1.1deg, pose=(-4.702,1.531), goal=(-4.590,1.014), pose_frame=camera_init, goal_frame=camera_init, line_progress=0.621/1.150m (54%), line_remaining=0.529m, line_lateral=-0.005m, override=[0,0.800,0.800], ramp=1.00,elapsed=1.37/0.90s[0m
[INFO] [1783994981.977805056] [slope_manager]: [1;32m到点成功: waypoint[7]=bridge_entry, dist=0.230, min_dist=0.230, yaw_err=0.6deg, reason=distance_tolerance[0m
[INFO] [1783994981.978318044] [slope_manager]: [1;35m发布模式: 0 (正常行走)[0m
[INFO] [1783994981.979398768] [slope_manager]: [1;35m发布上坡步长滤波: False[0m
[INFO] [1783994981.980077958] [slope_manager]: [1;35m发布路径修正profile: 2 (0=关闭, 1=普通, 2=上坡强修正, 3=强修正符号验证)[0m
[INFO] [1783994981.980526537] [slope_manager]: [1;32m已到达 waypoint[7]=bridge_entry，切换模式为 0 (正常行走)，上坡滤波=False，路径修正profile=2，并锁存到下一个 waypoint。[0m
[INFO] [1783994981.982604970] [slope_manager]: [1;36m切换到下一个 waypoint: 9 / 18[0m
[INFO] [1783994981.983479351] [slope_manager]: 解析机身相对 waypoint[8]=bridge_exit: source=(-4.651,1.235,-167.9deg), anchor=(-4.651,1.235,current_pose), body_offset=(forward=2.259, apriltag_z_comp=-0.041m tag_z=1.125m neutral=1.240m near=(1.100m,-0.050m) far=(1.500m,+0.030m) tf_age=1.01s source=compensation_cache, left=0.000), yaw_mode=previous_target, yaw_delta=0.0deg, ref_yaw_source=target_yaw, ref_yaw=-167.4deg, target=(-4.157,-0.968,-167.4deg), frame=camera_init
[INFO] [1783994981.984181918] [slope_manager]: [1;35m发布路径修正profile: 2 (0=关闭, 1=普通, 2=上坡强修正, 3=强修正符号验证)[0m
[INFO] [1783994981.984832070] [slope_manager]: [1;36m发送直驱覆盖点[9/18](attempt=1): bridge_exit -> x=-4.157, y=-0.968, yaw=-167.4° (body_relative forward=2.259, left=0.000, yaw_mode=previous_target, yaw_delta=0.0°, source=(-4.651,1.235,-167.9°), anchor=(-4.651,1.235,current_pose), ref_yaw_source=target_yaw, ref_yaw=-167.4°), frame=camera_init, path_reference=/serial_path_reference, override=[0,0.800,0.800], 到点后锁存模式=0, note=过桥后点：固定直驱前进过完桥后先停稳 0.1 秒，再进入同点位 45 度原地转向，避免直接边走边大角度调头导致下斜坡卡位。[0m
[INFO] [1783994982.616921534] [slope_manager]: [0;94mwaypoint=9/18 bridge_exit dist=1.809m, min_dist=1.809m, yaw_err=0.6deg, pose=(-4.551,0.797), goal=(-4.157,-0.968), pose_frame=camera_init, goal_frame=camera_init, line_progress=0.450/2.259m (20%), line_remaining=1.809m, line_lateral=-0.002m, override=[0,0.800,0.800][0m
[INFO] [1783994983.716990397] [slope_manager]: [0;94mwaypoint=9/18 bridge_exit dist=0.990m, min_dist=0.990m, yaw_err=0.7deg, pose=(-4.409,-0.011), goal=(-4.157,-0.968), pose_frame=camera_init, goal_frame=camera_init, line_progress=1.269/2.259m (56%), line_remaining=0.989m, line_lateral=0.036m, override=[0,0.800,0.800][0m
[INFO] [1783994984.717416724] [slope_manager]: [0;94mwaypoint=9/18 bridge_exit dist=0.248m, min_dist=0.248m, yaw_err=2.7deg, pose=(-4.265,-0.746), goal=(-4.157,-0.968), pose_frame=camera_init, goal_frame=camera_init, line_progress=2.018/2.259m (89%), line_remaining=0.241m, line_lateral=0.057m, override=[0,0.800,0.800][0m
[INFO] [1783994984.798645407] [slope_manager]: [1;32m到点成功: waypoint[8]=bridge_exit, dist=0.183, min_dist=0.183, yaw_err=1.7deg, reason=distance_tolerance[0m
[INFO] [1783994984.798980186] [slope_manager]: [1;35m发布模式: 0 (正常行走)[0m
[INFO] [1783994984.799301109] [slope_manager]: [1;35m发布上坡步长滤波: False[0m
[INFO] [1783994984.799583051] [slope_manager]: [1;35m发布路径修正profile: 2 (0=关闭, 1=普通, 2=上坡强修正, 3=强修正符号验证)[0m
[INFO] [1783994984.799866653] [slope_manager]: [1;32m已到达 waypoint[8]=bridge_exit，切换模式为 0 (正常行走)，上坡滤波=False，路径修正profile=2，并锁存到下一个 waypoint。[0m
[INFO] [1783994984.800173551] [slope_manager]: waypoint[8]=bridge_exit 到点后零步长保持: override=[0,0.000,0.000]，持续 0.10s。
[INFO] [1783994984.800441796] [slope_manager]: waypoint[8]=bridge_exit 到点后等待 0.10s，再切换到下一个目标。
[INFO] [1783994984.901031790] [slope_manager]: [1;36m切换到下一个 waypoint: 10 / 18[0m
[INFO] [1783994984.901587554] [slope_manager]: 解析机身相对 waypoint[9]=bridge_exit_ccw_45_spin: source=(-4.270,-0.915,-170.4deg), anchor=(-4.270,-0.915,current_pose), body_offset=(forward=0.000, left=0.000), yaw_mode=bridge_reference_delta, yaw_delta=52.0deg, ref_yaw_source=current, ref_yaw=-170.4deg, target=(-4.270,-0.915,-115.4deg), frame=camera_init
[INFO] [1783994984.902100144] [slope_manager]: [1;36m发送直驱覆盖点[10/18](attempt=1): bridge_exit_ccw_45_spin -> x=-4.270, y=-0.915, yaw=-115.4° (body_relative forward=0.000, left=0.000, yaw_mode=bridge_reference_delta, yaw_delta=52.0°, source=(-4.270,-0.915,-170.4°), anchor=(-4.270,-0.915,current_pose), ref_yaw_source=current, ref_yaw=-170.4°), frame=camera_init, override=[6,-0.400,0.850], 到点后锁存模式=0, note=普通第3个自旋点：过桥后同点位原地顺时针约45度，让 base_link 朝向普通侧下斜坡目标方向，再开始走最终下坡段。[0m
[INFO] [1783994985.601031427] [slope_manager]: [1;32m到点成功: waypoint[9]=bridge_exit_ccw_45_spin, dist=0.252, min_dist=0.000, yaw_err=5.0deg, reason=distance_memory_with_yaw[0m
[INFO] [1783994985.601542712] [slope_manager]: [1;35m发布模式: 0 (正常行走)[0m
[INFO] [1783994985.601848314] [slope_manager]: [1;35m发布上坡步长滤波: False[0m
[INFO] [1783994985.602179147] [slope_manager]: [1;35m发布路径修正profile: 0 (0=关闭, 1=普通, 2=上坡强修正, 3=强修正符号验证)[0m
[INFO] [1783994985.602550477] [slope_manager]: [1;32m已到达 waypoint[9]=bridge_exit_ccw_45_spin，切换模式为 0 (正常行走)，上坡滤波=False，路径修正profile=0，并锁存到下一个 waypoint。[0m
[INFO] [1783994985.603000816] [slope_manager]: waypoint[9]=bridge_exit_ccw_45_spin 到点后零步长保持: override=[0,0.000,0.000]，持续 0.10s。
[INFO] [1783994985.603419186] [slope_manager]: waypoint[9]=bridge_exit_ccw_45_spin 到点后等待 0.10s，再切换到下一个目标。
[INFO] [1783994985.703999392] [slope_manager]: [1;36m切换到下一个 waypoint: 11 / 18[0m
[INFO] [1783994985.704492669] [slope_manager]: 解析机身相对 waypoint[10]=final_descent_approach: source=(-4.133,-1.129,-111.4deg), anchor=(-4.133,-1.129,current_pose), body_offset=(forward=0.720, left=0.000), yaw_mode=delta, yaw_delta=0.0deg, ref_yaw_source=current, ref_yaw=-111.4deg, target=(-3.463,-1.392,-111.4deg), frame=camera_init
[INFO] [1783994985.705032237] [slope_manager]: [1;35m发布路径修正profile: 2 (0=关闭, 1=普通, 2=上坡强修正, 3=强修正符号验证)[0m
[INFO] [1783994985.705404661] [slope_manager]: [1;36m发送直驱覆盖点[11/18](attempt=1): final_descent_approach -> x=-3.463, y=-1.392, yaw=-111.4° (body_relative forward=0.720, left=0.000, yaw_mode=delta, yaw_delta=0.0°, source=(-4.133,-1.129,-111.4°), anchor=(-4.133,-1.129,current_pose), ref_yaw_source=current, ref_yaw=-111.4°), frame=camera_init, path_reference=/serial_path_reference, override=[7,0.800,0.800], 到点后锁存模式=0, note=普通最终位置第一段接近点：mode=7 固定直驱前进；只按起点到当前 pose 的净位移达到 0.60m 判定到点，再进入下一个自旋点。[0m
[INFO] [1783994985.718979550] [slope_manager]: [0;94mwaypoint=11/18 final_descent_approach dist=0.720m, min_dist=0.720m, yaw_err=0.0deg, pose=(-4.133,-1.129), goal=(-3.463,-1.392), pose_frame=camera_init, goal_frame=camera_init, line_progress=0.000/0.720m (0%), line_remaining=0.720m, line_lateral=-0.000m, travel=0.000/0.720m, override=[7,0.800,0.800][0m
[INFO] [1783994986.817029292] [slope_manager]: [0;94mwaypoint=11/18 final_descent_approach dist=0.226m, min_dist=0.226m, yaw_err=6.4deg, pose=(-3.617,-1.227), goal=(-3.463,-1.392), pose_frame=camera_init, goal_frame=camera_init, line_progress=0.516/0.720m (72%), line_remaining=0.204m, line_lateral=-0.097m, travel=0.525/0.720m, override=[7,0.800,0.800][0m
[INFO] [1783994987.150281695] [slope_manager]: [1;32m到点成功: waypoint[10]=final_descent_approach, dist=0.146, min_dist=0.140, yaw_err=6.5deg, reason=travel_distance(0.725>=0.720m)[0m
[INFO] [1783994987.150607686] [slope_manager]: [1;35m发布模式: 0 (正常行走)[0m
[INFO] [1783994987.150935396] [slope_manager]: [1;35m发布上坡步长滤波: False[0m
[INFO] [1783994987.151226420] [slope_manager]: [1;35m发布路径修正profile: 2 (0=关闭, 1=普通, 2=上坡强修正, 3=强修正符号验证)[0m
[INFO] [1783994987.151522945] [slope_manager]: [1;32m已到达 waypoint[10]=final_descent_approach，切换模式为 0 (正常行走)，上坡滤波=False，路径修正profile=2，并锁存到下一个 waypoint。[0m
[INFO] [1783994987.151983927] [slope_manager]: waypoint[10]=final_descent_approach 到点后等待 0.10s，再切换到下一个目标。
[INFO] [1783994987.252988146] [slope_manager]: [1;36m切换到下一个 waypoint: 12 / 18[0m
[INFO] [1783994987.253814687] [slope_manager]: 解析机身相对 waypoint[11]=final_descent_mid_spin: source=(-3.362,-1.267,-104.6deg), anchor=(-3.362,-1.267,current_pose), body_offset=(forward=0.000, left=0.000), yaw_mode=bridge_reference_delta, yaw_delta=0.0deg, ref_yaw_source=current, ref_yaw=-104.6deg, target=(-3.362,-1.267,-167.4deg), frame=camera_init
[INFO] [1783994987.254636417] [slope_manager]: [1;36m发送直驱覆盖点[12/18](attempt=1): final_descent_mid_spin -> x=-3.362, y=-1.267, yaw=-167.4° (body_relative forward=0.000, left=0.000, yaw_mode=bridge_reference_delta, yaw_delta=0.0°, source=(-3.362,-1.267,-104.6°), anchor=(-3.362,-1.267,current_pose), ref_yaw_source=current, ref_yaw=-104.6°), frame=camera_init, override=[7,0.700,-0.600], 到点后锁存模式=0, note=普通最终段新增自旋点：mode=7，left=0.40,right=0.50，相对当前姿态自旋约100度。[0m
[INFO] [1783994987.917407100] [slope_manager]: [0;94mwaypoint=12/18 final_descent_mid_spin dist=0.233m, min_dist=0.012m, yaw_err=43.3deg, pose=(-3.129,-1.272), goal=(-3.362,-1.267), pose_frame=camera_init, goal_frame=camera_init, override=[7,0.700,-0.600][0m
[INFO] [1783994988.932582119] [slope_manager]: [1;32m到点成功: waypoint[11]=final_descent_mid_spin, dist=0.294, min_dist=0.012, yaw_err=4.6deg, reason=distance_memory_with_yaw[0m
[INFO] [1783994988.932908606] [slope_manager]: [1;35m发布模式: 0 (正常行走)[0m
[INFO] [1783994988.933192904] [slope_manager]: [1;35m发布上坡步长滤波: False[0m
[INFO] [1783994988.933483337] [slope_manager]: [1;35m发布路径修正profile: 0 (0=关闭, 1=普通, 2=上坡强修正, 3=强修正符号验证)[0m
[INFO] [1783994988.933787971] [slope_manager]: [1;32m已到达 waypoint[11]=final_descent_mid_spin，切换模式为 0 (正常行走)，上坡滤波=False，路径修正profile=0，并锁存到下一个 waypoint。[0m
[INFO] [1783994988.934088593] [slope_manager]: waypoint[11]=final_descent_mid_spin 到点后等待 0.10s，再切换到下一个目标。
[INFO] [1783994989.034757910] [slope_manager]: [1;36m切换到下一个 waypoint: 13 / 18[0m
[INFO] [1783994989.035462552] [slope_manager]: 解析机身相对 waypoint[12]=final_descent_second_approach: source=(-3.084,-1.320,-168.3deg), anchor=(-3.084,-1.320,current_pose), body_offset=(forward=1.000, left=0.000), yaw_mode=delta, yaw_delta=0.0deg, ref_yaw_source=current, ref_yaw=-168.3deg, target=(-2.881,-2.299,-168.3deg), frame=camera_init
[INFO] [1783994989.036167002] [slope_manager]: [1;35m发布路径修正profile: 2 (0=关闭, 1=普通, 2=上坡强修正, 3=强修正符号验证)[0m
[INFO] [1783994989.036615794] [slope_manager]: [1;36m发送直驱覆盖点[13/18](attempt=1): final_descent_second_approach -> x=-2.881, y=-2.299, yaw=-168.3° (body_relative forward=1.000, left=0.000, yaw_mode=delta, yaw_delta=0.0°, source=(-3.084,-1.320,-168.3°), anchor=(-3.084,-1.320,current_pose), ref_yaw_source=current, ref_yaw=-168.3°), frame=camera_init, path_reference=/serial_path_reference, override=[7,1.000,0.600], 到点后锁存模式=0, note=普通最终位置第二段接近点：mode=7 固定直驱前进；本点只按起点到当前 pose 的净位移达到 body_forward_m 判定到点，随后进入顺时针自旋点。[0m
[INFO] [1783994989.117016523] [slope_manager]: [0;94mwaypoint=13/18 final_descent_second_approach dist=0.992m, min_dist=0.992m, yaw_err=1.9deg, pose=(-3.081,-1.327), goal=(-2.881,-2.299), pose_frame=camera_init, goal_frame=camera_init, line_progress=0.008/1.000m (1%), line_remaining=0.992m, line_lateral=-0.002m, travel=0.008/1.000m, override=[7,1.000,0.600][0m
[INFO] [1783994990.217012746] [slope_manager]: [0;94mwaypoint=13/18 final_descent_second_approach dist=0.571m, min_dist=0.571m, yaw_err=6.1deg, pose=(-2.975,-1.735), goal=(-2.881,-2.299), pose_frame=camera_init, goal_frame=camera_init, line_progress=0.429/1.000m (43%), line_remaining=0.571m, line_lateral=-0.022m, travel=0.430/1.000m, override=[7,1.000,0.600][0m
[INFO] [1783994991.217025765] [slope_manager]: [0;94mwaypoint=13/18 final_descent_second_approach dist=0.117m, min_dist=0.117m, yaw_err=12.2deg, pose=(-2.920,-2.189), goal=(-2.881,-2.299), pose_frame=camera_init, goal_frame=camera_init, line_progress=0.884/1.000m (88%), line_remaining=0.116m, line_lateral=0.016m, travel=0.884/1.000m, override=[7,1.000,0.600][0m
[INFO] [1783994991.454025557] [slope_manager]: [1;32m到点成功: waypoint[12]=final_descent_second_approach, dist=0.015, min_dist=0.015, yaw_err=15.2deg, reason=travel_distance(1.001>=1.000m)[0m
[INFO] [1783994991.454466267] [slope_manager]: [1;35m发布模式: 0 (正常行走)[0m
[INFO] [1783994991.454929405] [slope_manager]: [1;35m发布上坡步长滤波: False[0m
[INFO] [1783994991.455340353] [slope_manager]: [1;35m发布路径修正profile: 2 (0=关闭, 1=普通, 2=上坡强修正, 3=强修正符号验证)[0m
[INFO] [1783994991.455791444] [slope_manager]: [1;32m已到达 waypoint[12]=final_descent_second_approach，切换模式为 0 (正常行走)，上坡滤波=False，路径修正profile=2，并锁存到下一个 waypoint。[0m
[INFO] [1783994991.456260241] [slope_manager]: waypoint[12]=final_descent_second_approach 到点后等待 0.10s，再切换到下一个目标。
[INFO] [1783994991.557005231] [slope_manager]: [1;36m切换到下一个 waypoint: 14 / 18[0m
[INFO] [1783994991.557666467] [slope_manager]: 解析机身相对 waypoint[13]=final_descent_second_spin: source=(-2.911,-2.350,176.6deg), anchor=(-2.911,-2.350,current_pose), body_offset=(forward=0.000, left=0.000), yaw_mode=bridge_reference_delta, yaw_delta=-90.0deg, ref_yaw_source=current, ref_yaw=176.6deg, target=(-2.911,-2.350,102.6deg), frame=camera_init
[INFO] [1783994991.558238692] [slope_manager]: [1;36m发送直驱覆盖点[14/18](attempt=1): final_descent_second_spin -> x=-2.911, y=-2.350, yaw=102.6° (body_relative forward=0.000, left=0.000, yaw_mode=bridge_reference_delta, yaw_delta=-90.0°, source=(-2.911,-2.350,176.6°), anchor=(-2.911,-2.350,current_pose), ref_yaw_source=current, ref_yaw=176.6°), frame=camera_init, override=[7,0.900,0.000], 到点后锁存模式=0, note=普通最终段第二个自旋点：mode=7，顺时针自旋；按目标 yaw 容差到点，沿用旧的 0.20/0.65 步长量级。[0m
[INFO] [1783994992.316983161] [slope_manager]: [0;94mwaypoint=14/18 final_descent_second_spin dist=0.153m, min_dist=0.020m, yaw_err=58.9deg, pose=(-2.933,-2.501), goal=(-2.911,-2.350), pose_frame=camera_init, goal_frame=camera_init, override=[7,0.900,0.000][0m
[INFO] [1783994993.317026754] [slope_manager]: [0;94mwaypoint=14/18 final_descent_second_spin dist=0.285m, min_dist=0.020m, yaw_err=36.1deg, pose=(-3.056,-2.595), goal=(-2.911,-2.350), pose_frame=camera_init, goal_frame=camera_init, override=[7,0.900,0.000][0m
[INFO] [1783994994.417123466] [slope_manager]: [0;94mwaypoint=14/18 final_descent_second_spin dist=0.299m, min_dist=0.020m, yaw_err=16.4deg, pose=(-3.087,-2.592), goal=(-2.911,-2.350), pose_frame=camera_init, goal_frame=camera_init, override=[7,0.900,0.000][0m
[INFO] [1783994994.731139437] [slope_manager]: [1;32m到点成功: waypoint[13]=final_descent_second_spin, dist=0.292, min_dist=0.020, yaw_err=4.8deg, reason=distance_memory_with_yaw[0m
[INFO] [1783994994.731622214] [slope_manager]: [1;35m发布模式: 0 (正常行走)[0m
[INFO] [1783994994.732079348] [slope_manager]: [1;35m发布上坡步长滤波: False[0m
[INFO] [1783994994.732744244] [slope_manager]: [1;35m发布路径修正profile: 0 (0=关闭, 1=普通, 2=上坡强修正, 3=强修正符号验证)[0m
[INFO] [1783994994.733244829] [slope_manager]: [1;32m已到达 waypoint[13]=final_descent_second_spin，切换模式为 0 (正常行走)，上坡滤波=False，路径修正profile=0，并锁存到下一个 waypoint。[0m
[INFO] [1783994994.733692670] [slope_manager]: waypoint[13]=final_descent_second_spin 到点后等待 0.10s，再切换到下一个目标。
[INFO] [1783994994.834348943] [slope_manager]: [1;36m切换到下一个 waypoint: 15 / 18[0m
[INFO] [1783994994.834893873] [slope_manager]: 解析机身相对 waypoint[14]=final_descent_second_spin_extra_approach: source=(-3.145,-2.581,106.0deg), anchor=(-3.145,-2.581,current_pose), body_offset=(forward=0.350, left=0.000), yaw_mode=delta, yaw_delta=0.0deg, ref_yaw_source=current, ref_yaw=106.0deg, target=(-3.482,-2.677,106.0deg), frame=camera_init
[INFO] [1783994994.835381154] [slope_manager]: [1;35m发布路径修正profile: 2 (0=关闭, 1=普通, 2=上坡强修正, 3=强修正符号验证)[0m
[INFO] [1783994994.835801645] [slope_manager]: [1;36m发送直驱覆盖点[15/18](attempt=1): final_descent_second_spin_extra_approach -> x=-3.482, y=-2.677, yaw=106.0° (body_relative forward=0.350, left=0.000, yaw_mode=delta, yaw_delta=0.0°, source=(-3.145,-2.581,106.0°), anchor=(-3.145,-2.581,current_pose), ref_yaw_source=current, ref_yaw=106.0°), frame=camera_init, path_reference=/serial_path_reference, override=[7,0.800,0.800], 到点后锁存模式=0, note=普通最终段第二个自旋后新增直驱点：mode=7，left=0.75,right=0.50，固定直驱前进0.8m。[0m
[INFO] [1783994995.417008473] [slope_manager]: [0;94mwaypoint=15/18 final_descent_second_spin_extra_approach dist=0.142m, min_dist=0.142m, yaw_err=11.3deg, pose=(-3.370,-2.588), goal=(-3.482,-2.677), pose_frame=camera_init, goal_frame=camera_init, line_progress=0.219/0.350m (62%), line_remaining=0.131m, line_lateral=0.055m, travel=0.226/0.350m, override=[7,0.800,0.800][0m
[INFO] [1783994995.636824964] [slope_manager]: [1;32m到点成功: waypoint[14]=final_descent_second_spin_extra_approach, dist=0.063, min_dist=0.063, yaw_err=7.8deg, reason=travel_distance(0.362>=0.350m)[0m
[INFO] [1783994995.637290614] [slope_manager]: [1;35m发布模式: 0 (正常行走)[0m
[INFO] [1783994995.637659428] [slope_manager]: [1;35m发布上坡步长滤波: False[0m
[INFO] [1783994995.637965205] [slope_manager]: [1;35m发布路径修正profile: 2 (0=关闭, 1=普通, 2=上坡强修正, 3=强修正符号验证)[0m
[INFO] [1783994995.638255456] [slope_manager]: [1;32m已到达 waypoint[14]=final_descent_second_spin_extra_approach，切换模式为 0 (正常行走)，上坡滤波=False，路径修正profile=2，并锁存到下一个 waypoint。[0m
[INFO] [1783994995.638572772] [slope_manager]: waypoint[14]=final_descent_second_spin_extra_approach 到点后等待 0.10s，再切换到下一个目标。
[INFO] [1783994995.739205478] [slope_manager]: [1;36m切换到下一个 waypoint: 16 / 18[0m
[INFO] [1783994995.739732983] [slope_manager]: 解析机身相对 waypoint[15]=final_descent_second_spin_extra_spin: source=(-3.566,-2.620,98.4deg), anchor=(-3.566,-2.620,current_pose), body_offset=(forward=0.000, left=0.000), yaw_mode=bridge_reference_delta, yaw_delta=0.0deg, ref_yaw_source=current, ref_yaw=98.4deg, target=(-3.566,-2.620,-167.4deg), frame=camera_init
[INFO] [1783994995.740216912] [slope_manager]: [1;36m发送直驱覆盖点[16/18](attempt=1): final_descent_second_spin_extra_spin -> x=-3.566, y=-2.620, yaw=-167.4° (body_relative forward=0.000, left=0.000, yaw_mode=bridge_reference_delta, yaw_delta=0.0°, source=(-3.566,-2.620,98.4°), anchor=(-3.566,-2.620,current_pose), ref_yaw_source=current, ref_yaw=98.4°), frame=camera_init, override=[7,-0.600,0.700], 到点后锁存模式=0, note=普通最终段第二个自旋后新增自旋点：mode=7，left=-0.25,right=0.70，相对当前姿态自旋100度。[0m
[INFO] [1783994996.517022689] [slope_manager]: [0;94mwaypoint=16/18 final_descent_second_spin_extra_spin dist=0.235m, min_dist=0.025m, yaw_err=75.2deg, pose=(-3.800,-2.645), goal=(-3.566,-2.620), pose_frame=camera_init, goal_frame=camera_init, override=[7,-0.600,0.700][0m
[INFO] [1783994997.616961762] [slope_manager]: [0;94mwaypoint=16/18 final_descent_second_spin_extra_spin dist=0.315m, min_dist=0.025m, yaw_err=31.7deg, pose=(-3.863,-2.728), goal=(-3.566,-2.620), pose_frame=camera_init, goal_frame=camera_init, override=[7,-0.600,0.700][0m
[INFO] [1783994998.287806713] [slope_manager]: [1;32m到点成功: waypoint[15]=final_descent_second_spin_extra_spin, dist=0.345, min_dist=0.025, yaw_err=4.9deg, reason=distance_memory_with_yaw[0m
[INFO] [1783994998.288181647] [slope_manager]: [1;35m发布模式: 0 (正常行走)[0m
[INFO] [1783994998.288512278] [slope_manager]: [1;35m发布上坡步长滤波: False[0m
[INFO] [1783994998.288800242] [slope_manager]: [1;35m发布路径修正profile: 0 (0=关闭, 1=普通, 2=上坡强修正, 3=强修正符号验证)[0m
[INFO] [1783994998.289057851] [slope_manager]: [1;32m已到达 waypoint[15]=final_descent_second_spin_extra_spin，切换模式为 0 (正常行走)，上坡滤波=False，路径修正profile=0，并锁存到下一个 waypoint。[0m
[INFO] [1783994998.289342364] [slope_manager]: waypoint[15]=final_descent_second_spin_extra_spin 到点后等待 0.10s，再切换到下一个目标。
[INFO] [1783994998.389914559] [slope_manager]: [1;36m切换到下一个 waypoint: 17 / 18[0m
[INFO] [1783994998.390645844] [slope_manager]: 解析机身相对 waypoint[16]=final_descent_third_approach: source=(-3.889,-2.718,-166.1deg), anchor=(-3.889,-2.718,current_pose), body_offset=(forward=1.900, left=0.000), yaw_mode=delta, yaw_delta=0.0deg, ref_yaw_source=current, ref_yaw=-166.1deg, target=(-3.434,-4.563,-166.1deg), frame=camera_init
[INFO] [1783994998.391118898] [slope_manager]: [1;35m发布路径修正profile: 2 (0=关闭, 1=普通, 2=上坡强修正, 3=强修正符号验证)[0m
[INFO] [1783994998.391569548] [slope_manager]: [1;36m发送直驱覆盖点[17/18](attempt=1): final_descent_third_approach -> x=-3.434, y=-4.563, yaw=-166.1° (body_relative forward=1.900, left=0.000, yaw_mode=delta, yaw_delta=0.0°, source=(-3.889,-2.718,-166.1°), anchor=(-3.889,-2.718,current_pose), ref_yaw_source=current, ref_yaw=-166.1°), frame=camera_init, path_reference=/serial_path_reference, override=[7,0.800,1.000], yaw_corr=0.000,yaw_err=0.0deg, 到点后锁存模式=0, note=普通最终位置第三段接近点：mode=7，left=0.50,right=0.70，固定直驱前进并叠加小幅姿态修正；本点只按起点到当前 pose 的净位移达到 body_forward_m 判定到点，随后进入最终朝向点。[0m
[INFO] [1783994998.617036374] [slope_manager]: [0;94mwaypoint=17/18 final_descent_third_approach dist=1.835m, min_dist=1.835m, yaw_err=5.1deg, pose=(-3.875,-2.782), goal=(-3.434,-4.563), pose_frame=camera_init, goal_frame=camera_init, line_progress=0.065/1.900m (3%), line_remaining=1.835m, line_lateral=0.001m, travel=0.065/1.900m, override=[7,0.824,0.976], yaw_corr=0.024,yaw_err=-5.1deg[0m
[INFO] [1783994999.717034211] [slope_manager]: [0;94mwaypoint=17/18 final_descent_third_approach dist=1.325m, min_dist=1.325m, yaw_err=3.0deg, pose=(-3.750,-3.276), goal=(-3.434,-4.563), pose_frame=camera_init, goal_frame=camera_init, line_progress=0.575/1.900m (30%), line_remaining=1.325m, line_lateral=-0.001m, travel=0.575/1.900m, override=[7,0.808,0.992], yaw_corr=0.008,yaw_err=-3.0deg[0m
[INFO] [1783995000.816969483] [slope_manager]: [0;94mwaypoint=17/18 final_descent_third_approach dist=0.755m, min_dist=0.755m, yaw_err=4.3deg, pose=(-3.665,-3.844), goal=(-3.434,-4.563), pose_frame=camera_init, goal_frame=camera_init, line_progress=1.146/1.900m (60%), line_remaining=0.754m, line_lateral=0.052m, travel=1.148/1.900m, override=[7,0.818,0.982], yaw_corr=0.018,yaw_err=-4.3deg[0m
[INFO] [1783995001.816990610] [slope_manager]: [0;94mwaypoint=17/18 final_descent_third_approach dist=0.233m, min_dist=0.233m, yaw_err=5.3deg, pose=(-3.523,-4.348), goal=(-3.434,-4.563), pose_frame=camera_init, goal_frame=camera_init, line_progress=1.670/1.900m (88%), line_remaining=0.230m, line_lateral=0.035m, travel=1.670/1.900m, override=[7,0.826,0.974], yaw_corr=0.026,yaw_err=-5.3deg[0m
[INFO] [1783995002.177551376] [slope_manager]: [1;32m到点成功: waypoint[16]=final_descent_third_approach, dist=0.045, min_dist=0.045, yaw_err=5.1deg, reason=travel_distance(1.904>=1.900m)[0m
[INFO] [1783995002.178000039] [slope_manager]: [1;35m发布模式: 0 (正常行走)[0m
[INFO] [1783995002.178343812] [slope_manager]: [1;35m发布上坡步长滤波: False[0m
[INFO] [1783995002.178629943] [slope_manager]: [1;35m发布路径修正profile: 2 (0=关闭, 1=普通, 2=上坡强修正, 3=强修正符号验证)[0m
[INFO] [1783995002.178894038] [slope_manager]: [1;32m已到达 waypoint[16]=final_descent_third_approach，切换模式为 0 (正常行走)，上坡滤波=False，路径修正profile=2，并锁存到下一个 waypoint。[0m
[INFO] [1783995002.179159659] [slope_manager]: waypoint[16]=final_descent_third_approach 到点后等待 0.10s，再切换到下一个目标。
[INFO] [1783995002.279935642] [slope_manager]: [1;36m切换到下一个 waypoint: 18 / 18[0m
[INFO] [1783995002.280437589] [slope_manager]: 解析机身相对 waypoint[17]=final_heading_align: source=(-3.461,-4.603,-162.0deg), anchor=(-3.461,-4.603,current_pose), body_offset=(forward=0.000, left=0.000), yaw_mode=waypoint_arrival, yaw_delta=0.0deg, ref_yaw_source=target_yaw, ref_yaw=-167.9deg, target=(-3.461,-4.603,-167.9deg), frame=camera_init
[INFO] [1783995002.280911305] [slope_manager]: [1;36m发送直驱覆盖点[18/18](attempt=1): final_heading_align -> x=-3.461, y=-4.603, yaw=-167.9° (body_relative forward=0.000, left=0.000, yaw_mode=waypoint_arrival, yaw_delta=0.0°, source=(-3.461,-4.603,-162.0°), anchor=(-3.461,-4.603,current_pose), ref_yaw_source=target_yaw, ref_yaw=-167.9°), frame=camera_init, override=[6,0.400,-0.200], yaw_dir=cw,yaw_err=-5.9deg, 到点后锁存模式=0, note=普通最终朝向调整点：不再写死角度，引用 bridge_entry 到点时的实际 yaw；2026-07-06 日志显示 yaw_err<0 时 [-0.20,0.40] 会越修越大，改为 yaw_err<0 用 [0.40,-0.20]，yaw_err>0 用 [-0.20,0.40]。[0m
[INFO] [1783995002.647458439] [slope_manager]: [1;32m到点成功: waypoint[17]=final_heading_align, dist=0.282, min_dist=0.010, yaw_err=2.8deg, reason=distance_memory_with_yaw[0m
[INFO] [1783995002.647987491] [slope_manager]: [1;35m发布模式: 0 (正常行走)[0m
[INFO] [1783995002.648410125] [slope_manager]: [1;35m发布上坡步长滤波: False[0m
[INFO] [1783995002.648790758] [slope_manager]: [1;35m发布路径修正profile: 0 (0=关闭, 1=普通, 2=上坡强修正, 3=强修正符号验证)[0m
[INFO] [1783995002.649188947] [slope_manager]: [1;32m已到达 waypoint[17]=final_heading_align，切换模式为 0 (正常行走)，上坡滤波=False，路径修正profile=0，并锁存到下一个 waypoint。[0m
[INFO] [1783995002.650531062] [slope_manager]: [1;35m发布模式: 0 (正常行走)[0m
[INFO] [1783995002.650828467] [slope_manager]: [1;35m发布上坡步长滤波: False[0m
[INFO] [1783995002.651108958] [slope_manager]: [1;35m发布路径修正profile: 0 (0=关闭, 1=普通, 2=上坡强修正, 3=强修正符号验证)[0m
[INFO] [1783995002.651426511] [slope_manager]: [1;32m全部 waypoint 已完成，恢复为 mode=0，流程结束。[0m
[INFO] [1783995002.718773255] [slope_manager]: obstacle_manager deactivated: reason=external_topic
