[INFO] [1783998429.867572268] [slope_manager]: obstacle_manager inactive on startup: start_waypoint_index=1, stop_after_waypoint_index=-1
[INFO] [1783998459.719072926] [slope_manager]: [1;35m发布模式: 7 (未知模式)[0m
[INFO] [1783998459.719401430] [slope_manager]: [1;35m发布上坡步长滤波: True[0m
[INFO] [1783998459.719692422] [slope_manager]: [1;35m发布路径修正profile: 0 (0=关闭, 1=普通, 2=上坡强修正, 3=强修正符号验证)[0m
[INFO] [1783998459.719991919] [slope_manager]: 启动时继承上一 waypoint 段状态: source=small_ramp_entry, mode=7, uphill_step_floor=True, path_correction_profile=0, mode_source=inherited_segment_mode_override
[INFO] [1783998459.720395355] [slope_manager]: obstacle_manager activated: reason=external_topic, start_waypoint_index=1, stop_after_waypoint_index=-1, inherit_previous_waypoint_segment_state=True
[INFO] [1783998459.739997909] [slope_manager]: 解析机身相对 waypoint[1]=platform_center: source=(-0.090,1.527,-0.0deg), anchor=(-0.090,1.527,startup_fallback_locked_yaw:small_ramp_entry, ref_frame=camera_init), body_offset=(forward=1.770, slope_align_duration_bonus=0.000m duration=0.63s<=1.00s/2.00s, left=-0.040, pose_x_switch=near_left pose_x=-0.090 matched(x>=-0.100 and x<=-0.050)), yaw_mode=route_absolute, yaw_delta=0.0deg, ref_yaw_source=target_yaw, ref_yaw=0.0deg, target=(-0.050,3.297,0.0deg), frame=camera_init
[INFO] [1783998459.740562307] [slope_manager]: [1;36m发送目标点[2/18](attempt=1): platform_center -> x=-0.050, y=3.297, yaw=0.0° (body_relative forward=1.770, left=-0.040, yaw_mode=route_absolute, yaw_delta=0.0°, source=(-0.090,1.527,-0.0°), anchor=(-0.090,1.527,startup_fallback_locked_yaw:small_ramp_entry, ref_frame=camera_init), ref_yaw_source=target_yaw, ref_yaw=0.0°), frame=camera_init, 到点后锁存模式=0, note=平台中心接近点：这一段先只管到位置，到点后额外停 0.3 秒稳住机身，再由下一个同点位转向点完成 90 度自旋。[0m
[INFO] [1783998459.839850650] [slope_manager]: [0;94mwaypoint=2/18 platform_center dist=1.784m, min_dist=1.762m, yaw_err=0.3deg, pose=(-0.089,1.514), goal=(-0.050,3.297), pose_frame=camera_init, goal_frame=camera_init, line_progress=-0.013/1.770m (-1%), line_remaining=1.784m, line_lateral=0.001m[0m
[INFO] [1783998460.840632808] [slope_manager]: [0;94mwaypoint=2/18 platform_center dist=1.538m, min_dist=1.538m, yaw_err=1.1deg, pose=(-0.065,1.759), goal=(-0.050,3.297), pose_frame=camera_init, goal_frame=camera_init, line_progress=0.233/1.770m (13%), line_remaining=1.538m, line_lateral=0.020m[0m
[INFO] [1783998461.939812407] [slope_manager]: [0;94mwaypoint=2/18 platform_center dist=1.206m, min_dist=1.198m, yaw_err=2.0deg, pose=(-0.060,2.091), goal=(-0.050,3.297), pose_frame=camera_init, goal_frame=camera_init, line_progress=0.565/1.770m (32%), line_remaining=1.206m, line_lateral=0.017m[0m
[INFO] [1783998463.039752379] [slope_manager]: [0;94mwaypoint=2/18 platform_center dist=0.733m, min_dist=0.733m, yaw_err=0.1deg, pose=(-0.063,2.564), goal=(-0.050,3.297), pose_frame=camera_init, goal_frame=camera_init, line_progress=1.037/1.770m (59%), line_remaining=0.733m, line_lateral=0.003m[0m
[INFO] [1783998464.039782861] [slope_manager]: [0;94mwaypoint=2/18 platform_center dist=0.466m, min_dist=0.447m, yaw_err=0.8deg, pose=(-0.066,2.831), goal=(-0.050,3.297), pose_frame=camera_init, goal_frame=camera_init, line_progress=1.305/1.770m (74%), line_remaining=0.466m, line_lateral=-0.006m[0m
[INFO] [1783998464.263631326] [slope_manager]: [1;32m到点成功: waypoint[1]=platform_center, dist=0.374, min_dist=0.374, yaw_err=1.5deg, reason=distance_tolerance[0m
[INFO] [1783998464.264211365] [slope_manager]: [1;35m发布模式: 0 (正常行走)[0m
[INFO] [1783998464.264792308] [slope_manager]: [1;35m发布上坡步长滤波: False[0m
[INFO] [1783998464.265300098] [slope_manager]: [1;35m发布路径修正profile: 0 (0=关闭, 1=普通, 2=上坡强修正, 3=强修正符号验证)[0m
[INFO] [1783998464.265659006] [slope_manager]: [1;32m已到达 waypoint[1]=platform_center，切换模式为 0 (正常行走)，上坡滤波=False，路径修正profile=0，并锁存到下一个 waypoint。[0m
[INFO] [1783998464.265993168] [slope_manager]: waypoint[1]=platform_center 到点后等待 0.30s，再切换到下一个目标。
[INFO] [1783998464.566645521] [slope_manager]: [1;36m切换到下一个 waypoint: 3 / 18[0m
[INFO] [1783998464.567198457] [slope_manager]: 解析机身相对 waypoint[2]=platform_center_spin: source=(-0.061,3.044,-1.5deg), anchor=(-0.061,3.044,current_pose), body_offset=(forward=0.000, left=0.000), yaw_mode=previous_target_delta, yaw_delta=83.0deg, ref_yaw_source=current, ref_yaw=-1.5deg, target=(-0.061,3.044,83.0deg), frame=camera_init
[INFO] [1783998464.567758762] [slope_manager]: [1;36m发送直驱覆盖点[3/18](attempt=1): platform_center_spin -> x=-0.061, y=3.044, yaw=83.0° (body_relative forward=0.000, left=0.000, yaw_mode=previous_target_delta, yaw_delta=83.0°, source=(-0.061,3.044,-1.5°), anchor=(-0.061,3.044,current_pose), ref_yaw_source=current, ref_yaw=-1.5°), frame=camera_init, override=[6,-0.400,0.500], 到点后锁存模式=2, note=普通平台中心原地转向点：位置基本不变，转到 +83 度附近后再继续；mode=6 实机对对称反向步敏感，使用非对称模板避免反向/抽搐。[0m
[INFO] [1783998465.040239883] [slope_manager]: [0;94mwaypoint=3/18 platform_center_spin dist=0.057m, min_dist=0.004m, yaw_err=64.6deg, pose=(-0.111,3.071), goal=(-0.061,3.044), pose_frame=camera_init, goal_frame=camera_init, override=[6,-0.400,0.500][0m
[INFO] [1783998466.062046607] [slope_manager]: [1;32m到点成功: waypoint[2]=platform_center_spin, dist=0.110, min_dist=0.004, yaw_err=2.2deg, reason=distance_tolerance[0m
[INFO] [1783998466.062376769] [slope_manager]: [1;35m发布模式: 2 (趴下)[0m
[INFO] [1783998466.062670174] [slope_manager]: [1;35m发布上坡步长滤波: False[0m
[INFO] [1783998466.062960360] [slope_manager]: [1;35m发布路径修正profile: 0 (0=关闭, 1=普通, 2=上坡强修正, 3=强修正符号验证)[0m
[INFO] [1783998466.063210753] [slope_manager]: [1;32m已到达 waypoint[2]=platform_center_spin，切换模式为 2 (趴下)，上坡滤波=False，路径修正profile=0，并锁存到下一个 waypoint。[0m
[INFO] [1783998466.063482513] [slope_manager]: waypoint[2]=platform_center_spin 到点后立即执行额外动作序列。
[INFO] [1783998466.063770191] [slope_manager]: [1;35m发布模式: 2 (趴下)[0m
[INFO] [1783998466.064155442] [slope_manager]: [0;94m执行到点后额外动作: waypoint=platform_center_spin, mode=2 (趴下), hold=1.00s, override=[2,0.000,0.000], note=平台自旋到点后先用低速 [2,0.2,0.2] 进入趴下，避免残留 /cmd_vel yaw 在切到 wall_jump_prep 前继续转动。[0m
[INFO] [1783998467.064691502] [slope_manager]: [1;36m切换到下一个 waypoint: 4 / 18[0m
[INFO] [1783998467.065202895] [slope_manager]: 解析机身相对 waypoint[3]=crouch_yaw_settle: source=(-0.157,2.987,83.3deg), anchor=(-0.157,2.987,current_pose), body_offset=(forward=0.000, left=0.000), yaw_mode=route_absolute, yaw_delta=0.0deg, ref_yaw_source=target_yaw, ref_yaw=90.0deg, target=(-0.157,2.987,90.0deg), frame=camera_init
[INFO] [1783998467.065691332] [slope_manager]: [1;36m发送直驱覆盖点[4/18](attempt=1): crouch_yaw_settle -> x=-0.157, y=2.987, yaw=90.0° (body_relative forward=0.000, left=0.000, yaw_mode=route_absolute, yaw_delta=0.0°, source=(-0.157,2.987,83.3°), anchor=(-0.157,2.987,current_pose), ref_yaw_source=target_yaw, ref_yaw=90.0°), frame=camera_init, override=[2,-0.250,0.650], yaw_corr=0.450,yaw_err=6.7deg, 到点后锁存模式=2, note=趴下前先低速强回正；10deg 左右 yaw_err 会把 [2,0.20,0.20] 修成约 [2,-0.25,0.65] 或反向，收准后再进入 wall_jump_prep。[0m
[INFO] [1783998467.140579472] [slope_manager]: [0;94mwaypoint=4/18 crouch_yaw_settle dist=0.029m, min_dist=0.015m, yaw_err=6.6deg, pose=(-0.182,2.972), goal=(-0.157,2.987), pose_frame=camera_init, goal_frame=camera_init, override=[2,-0.250,0.650], yaw_corr=0.450,yaw_err=6.6deg[0m
[INFO] [1783998468.239967129] [slope_manager]: [0;94mwaypoint=4/18 crouch_yaw_settle dist=0.244m, min_dist=0.015m, yaw_err=6.7deg, pose=(-0.400,3.000), goal=(-0.157,2.987), pose_frame=camera_init, goal_frame=camera_init, override=[2,-0.250,0.650], yaw_corr=0.450,yaw_err=6.7deg[0m
[INFO] [1783998469.240393498] [slope_manager]: [0;94mwaypoint=4/18 crouch_yaw_settle dist=0.216m, min_dist=0.015m, yaw_err=4.7deg, pose=(-0.372,3.006), goal=(-0.157,2.987), pose_frame=camera_init, goal_frame=camera_init, override=[2,-0.180,0.580], yaw_corr=0.380,yaw_err=4.7deg[0m
[INFO] [1783998469.889794149] [slope_manager]: [1;32m到点成功: waypoint[3]=crouch_yaw_settle, dist=0.214, min_dist=0.015, yaw_err=2.9deg, reason=distance_tolerance[0m
[INFO] [1783998469.890147751] [slope_manager]: [1;35m发布模式: 2 (趴下)[0m
[INFO] [1783998469.890465962] [slope_manager]: [1;35m发布上坡步长滤波: False[0m
[INFO] [1783998469.890833421] [slope_manager]: [1;35m发布路径修正profile: 0 (0=关闭, 1=普通, 2=上坡强修正, 3=强修正符号验证)[0m
[INFO] [1783998469.891252773] [slope_manager]: [1;32m已到达 waypoint[3]=crouch_yaw_settle，切换模式为 2 (趴下)，上坡滤波=False，路径修正profile=0，并锁存到下一个 waypoint。[0m
[INFO] [1783998469.891689491] [slope_manager]: waypoint[3]=crouch_yaw_settle 到点后等待 0.30s，再切换到下一个目标。
[INFO] [1783998470.192369656] [slope_manager]: [1;35m发布模式: 2 (趴下)[0m
[INFO] [1783998470.192885202] [slope_manager]: waypoint[3]=crouch_yaw_settle 启用局部定位稳定门控：expected=(-0.157,2.987), 需要连续稳定 0.25s 后再切换到下一个目标。
[INFO] [1783998470.243709421] [slope_manager]: 等待局部定位稳定: waypoint[3]=crouch_yaw_settle, pose=(-0.358,2.999), expected=(-0.157,2.987), err=0.201/0.300m, bounds_ok=True, yaw_ok=True, stable=0.05/0.25s
[INFO] [1783998470.444868133] [slope_manager]: 局部定位稳定门控通过: waypoint[3]=crouch_yaw_settle, pose=(-0.362,2.993), expected=(-0.157,2.987), err=0.206m, stable=0.25s。
[INFO] [1783998470.445409192] [slope_manager]: [1;36m切换到下一个 waypoint: 5 / 18[0m
[INFO] [1783998470.445929438] [slope_manager]: 解析机身相对 waypoint[4]=wall_jump_prep: source=(-0.362,2.993,86.4deg), anchor=(-0.371,2.998,previous_arrival:crouch_yaw_settle), body_offset=(forward=4.100, previous_pose_x_switch=near_left source=platform_center[1], left=-0.050, left_previous_pose_x_switch=near_left source=platform_center[1]), yaw_mode=route_absolute, yaw_delta=0.0deg, ref_yaw_source=target_yaw, ref_yaw=90.0deg, target=(-4.471,3.048,90.0deg), frame=camera_init
[INFO] [1783998470.446394878] [slope_manager]: [1;35m发布路径修正profile: 0 (0=关闭, 1=普通, 2=上坡强修正, 3=强修正符号验证)[0m
[INFO] [1783998470.446797756] [slope_manager]: [1;36m发送直驱覆盖点[5/18](attempt=1): wall_jump_prep -> x=-4.471, y=3.048, yaw=90.0° (body_relative forward=4.100, left=-0.050, yaw_mode=route_absolute, yaw_delta=0.0°, source=(-0.362,2.993,86.4°), anchor=(-0.371,2.998,previous_arrival:crouch_yaw_settle), ref_yaw_source=target_yaw, ref_yaw=90.0°), frame=camera_init, path_reference=/serial_path_reference, override=[2,1.000,1.000], 到点后锁存模式=2, note=第4点：这一段不走 Nav2，直接固定发送 mode=2,left=1,right=1 趴下前进，并给串口桥参考线做横向/yaw 修正。到点后先趴下停止，再站立停止；本版本不执行 mode=3 小跳，直接推进到第5个自旋点。rollback: 恢复 post_arrival_mode_sequence 中注释的小跳两段。[0m
[INFO] [1783998470.497799254] [slope_manager]: AprilTag TF update: waypoint[4]=wall_jump_prep, tf=camera_color_optical_frame->base, xyz=(-0.473,0.079,4.578), rpy=(-177.8,-18.6,-2.9)deg, stamp_lag_at_rx=0.09s, stale_limit=0.80s
[INFO] [1783998470.539969919] [slope_manager]: [0;94mwaypoint=5/18 wall_jump_prep dist=4.101m, min_dist=4.101m, yaw_err=3.6deg, pose=(-0.369,3.001), goal=(-4.471,3.048), pose_frame=camera_init, goal_frame=camera_init, line_progress=0.007/4.109m (0%), line_remaining=4.101m, line_lateral=0.008m, apriltag_gate=blocked:z_gate(filtered_z=4.578m>0.700m, below=0/1<1, raw_z=4.578m, filtered_z=4.578m, threshold=0.700m, below=0/1, required=1/3, tf=camera_color_optical_frame->base, stamp_age=0.14s, stamp_lag_at_rx=0.09s), override=[2,1.000,1.000][0m
[INFO] [1783998471.540059271] [slope_manager]: [0;94mwaypoint=5/18 wall_jump_prep dist=4.019m, min_dist=4.019m, yaw_err=4.5deg, pose=(-0.452,2.993), goal=(-4.471,3.048), pose_frame=camera_init, goal_frame=camera_init, line_progress=0.089/4.109m (2%), line_remaining=4.019m, line_lateral=-0.002m, apriltag_gate=blocked:z_gate(filtered_z=4.477m>0.700m, below=0/3<1, raw_z=4.445m, filtered_z=4.477m, threshold=0.700m, below=0/3, required=1/3, tf=camera_color_optical_frame->base, stamp_age=0.16s, stamp_lag_at_rx=0.11s), override=[2,1.000,1.000][0m
[INFO] [1783998471.555760201] [slope_manager]: AprilTag TF update: waypoint[4]=wall_jump_prep, tf=camera_color_optical_frame->base, xyz=(-0.563,0.050,4.548), rpy=(-178.8,-17.7,-2.9)deg, stamp_lag_at_rx=0.11s, stale_limit=0.80s
[INFO] [1783998471.639840233] [slope_manager]: direct_step yaw recovery 触发: waypoint[4]=wall_jump_prep, yaw_err=4.5deg >= 3.0deg, lat=0.007m, progress=0.02。暂停基准线修正，只做趴下姿态回正。
[INFO] [1783998472.540606462] [slope_manager]: [0;94mwaypoint=5/18 wall_jump_prep dist=3.990m, min_dist=3.971m, yaw_err=3.7deg, pose=(-0.481,3.014), goal=(-4.471,3.048), pose_frame=camera_init, goal_frame=camera_init, line_progress=0.118/4.109m (3%), line_remaining=3.990m, line_lateral=0.019m, apriltag_gate=blocked:z_gate(filtered_z=4.444m>0.700m, below=0/3<1, raw_z=4.433m, filtered_z=4.444m, threshold=0.700m, below=0/3, required=1/3, tf=camera_color_optical_frame->base, stamp_age=0.18s, stamp_lag_at_rx=0.12s), override=[2,-0.090,0.090], yaw_recovery=active,yaw_err=3.7deg,turn=0.090,lat=0.019,progress=0.03[0m
[INFO] [1783998472.610691251] [slope_manager]: AprilTag TF update: waypoint[4]=wall_jump_prep, tf=camera_color_optical_frame->base, xyz=(-0.475,0.101,4.450), rpy=(-178.7,-19.5,-3.7)deg, stamp_lag_at_rx=0.12s, stale_limit=0.80s
[INFO] [1783998473.440196028] [slope_manager]: direct_step yaw recovery 完成: waypoint[4]=wall_jump_prep, yaw_err=1.6deg <= 2.0deg，恢复基准线修正。
[INFO] [1783998473.640081810] [slope_manager]: [0;94mwaypoint=5/18 wall_jump_prep dist=3.952m, min_dist=3.939m, yaw_err=1.8deg, pose=(-0.519,2.988), goal=(-4.471,3.048), pose_frame=camera_init, goal_frame=camera_init, line_progress=0.156/4.109m (4%), line_remaining=3.952m, line_lateral=-0.007m, apriltag_gate=blocked:z_gate(filtered_z=4.421m>0.700m, below=0/3<1, raw_z=4.469m, filtered_z=4.421m, threshold=0.700m, below=0/3, required=1/3, tf=camera_color_optical_frame->base, stamp_age=0.16s, stamp_lag_at_rx=0.13s), override=[2,1.000,1.000][0m
[INFO] [1783998473.669398212] [slope_manager]: AprilTag TF update: waypoint[4]=wall_jump_prep, tf=camera_color_optical_frame->base, xyz=(-0.296,0.127,4.413), rpy=(179.1,-23.9,-2.0)deg, stamp_lag_at_rx=0.13s, stale_limit=0.80s
[INFO] [1783998474.740066468] [slope_manager]: [0;94mwaypoint=5/18 wall_jump_prep dist=3.775m, min_dist=3.775m, yaw_err=1.7deg, pose=(-0.696,2.993), goal=(-4.471,3.048), pose_frame=camera_init, goal_frame=camera_init, line_progress=0.334/4.109m (8%), line_remaining=3.775m, line_lateral=-0.005m, apriltag_gate=blocked:z_gate(filtered_z=4.275m>0.700m, below=0/3<1, raw_z=4.227m, filtered_z=4.275m, threshold=0.700m, below=0/3, required=1/3, tf=camera_color_optical_frame->base, stamp_age=0.20s, stamp_lag_at_rx=0.13s), override=[2,1.000,1.000][0m
[INFO] [1783998474.795046268] [slope_manager]: AprilTag TF update: waypoint[4]=wall_jump_prep, tf=camera_color_optical_frame->base, xyz=(-0.293,0.094,4.266), rpy=(-178.9,-14.1,-2.8)deg, stamp_lag_at_rx=0.13s, stale_limit=0.80s
[INFO] [1783998475.840092259] [slope_manager]: [0;94mwaypoint=5/18 wall_jump_prep dist=3.603m, min_dist=3.603m, yaw_err=2.3deg, pose=(-0.868,2.994), goal=(-4.471,3.048), pose_frame=camera_init, goal_frame=camera_init, line_progress=0.506/4.109m (12%), line_remaining=3.603m, line_lateral=-0.005m, apriltag_gate=blocked:z_gate(filtered_z=4.129m>0.700m, below=0/3<1, raw_z=4.089m, filtered_z=4.129m, threshold=0.700m, below=0/3, required=1/3, tf=camera_color_optical_frame->base, stamp_age=0.24s, stamp_lag_at_rx=0.12s), override=[2,1.000,1.000][0m
[INFO] [1783998475.925968621] [slope_manager]: AprilTag TF update: waypoint[4]=wall_jump_prep, tf=camera_color_optical_frame->base, xyz=(-0.270,0.065,4.070), rpy=(-179.9,-19.5,-5.0)deg, stamp_lag_at_rx=0.12s, stale_limit=0.80s
[INFO] [1783998476.840145335] [slope_manager]: [0;94mwaypoint=5/18 wall_jump_prep dist=3.500m, min_dist=3.500m, yaw_err=2.2deg, pose=(-0.971,3.018), goal=(-4.471,3.048), pose_frame=camera_init, goal_frame=camera_init, line_progress=0.609/4.109m (15%), line_remaining=3.500m, line_lateral=0.017m, apriltag_gate=blocked:z_gate(filtered_z=3.961m>0.700m, below=0/3<1, raw_z=3.934m, filtered_z=3.961m, threshold=0.700m, below=0/3, required=1/3, tf=camera_color_optical_frame->base, stamp_age=0.17s, stamp_lag_at_rx=0.12s), override=[2,1.000,1.000][0m
[INFO] [1783998476.984984831] [slope_manager]: AprilTag TF update: waypoint[4]=wall_jump_prep, tf=camera_color_optical_frame->base, xyz=(-0.364,0.135,3.891), rpy=(-172.6,-19.3,-3.2)deg, stamp_lag_at_rx=0.11s, stale_limit=0.80s
[INFO] [1783998477.940021644] [slope_manager]: [0;94mwaypoint=5/18 wall_jump_prep dist=3.330m, min_dist=3.330m, yaw_err=2.8deg, pose=(-1.140,3.007), goal=(-4.471,3.048), pose_frame=camera_init, goal_frame=camera_init, line_progress=0.778/4.109m (19%), line_remaining=3.330m, line_lateral=0.003m, apriltag_gate=blocked:z_gate(filtered_z=3.796m>0.700m, below=0/3<1, raw_z=3.796m, filtered_z=3.796m, threshold=0.700m, below=0/3, required=1/3, tf=camera_color_optical_frame->base, stamp_age=0.13s, stamp_lag_at_rx=0.11s), override=[2,1.000,1.000][0m
[INFO] [1783998478.053160363] [slope_manager]: AprilTag TF update: waypoint[4]=wall_jump_prep, tf=camera_color_optical_frame->base, xyz=(-0.304,0.108,3.814), rpy=(169.3,-12.0,-2.6)deg, stamp_lag_at_rx=0.11s, stale_limit=0.80s
[INFO] [1783998478.840139768] [slope_manager]: direct_step yaw recovery 触发: waypoint[4]=wall_jump_prep, yaw_err=5.1deg >= 3.0deg, lat=0.019m, progress=0.24。暂停基准线修正，只做趴下姿态回正。
[INFO] [1783998479.041027154] [slope_manager]: [0;94mwaypoint=5/18 wall_jump_prep dist=3.062m, min_dist=3.062m, yaw_err=3.9deg, pose=(-1.409,3.036), goal=(-4.471,3.048), pose_frame=camera_init, goal_frame=camera_init, line_progress=1.047/4.109m (25%), line_remaining=3.061m, line_lateral=0.028m, apriltag_gate=blocked:z_gate(filtered_z=3.582m>0.700m, below=0/3<1, raw_z=3.610m, filtered_z=3.582m, threshold=0.700m, below=0/3, required=1/3, tf=camera_color_optical_frame->base, stamp_age=0.23s, stamp_lag_at_rx=0.11s), override=[2,-0.099,0.099], yaw_recovery=active,yaw_err=3.9deg,turn=0.099,lat=0.028,progress=0.25[0m
[INFO] [1783998479.113868226] [slope_manager]: AprilTag TF update: waypoint[4]=wall_jump_prep, tf=camera_color_optical_frame->base, xyz=(-0.441,0.043,3.532), rpy=(169.5,-10.2,-4.2)deg, stamp_lag_at_rx=0.11s, stale_limit=0.80s
[INFO] [1783998480.041248262] [slope_manager]: [0;94mwaypoint=5/18 wall_jump_prep dist=3.012m, min_dist=3.003m, yaw_err=2.4deg, pose=(-1.458,3.061), goal=(-4.471,3.048), pose_frame=camera_init, goal_frame=camera_init, line_progress=1.097/4.109m (27%), line_remaining=3.012m, line_lateral=0.053m, apriltag_gate=blocked:z_gate(filtered_z=3.502m>0.700m, below=0/3<1, raw_z=3.490m, filtered_z=3.502m, threshold=0.700m, below=0/3, required=1/3, tf=camera_color_optical_frame->base, stamp_age=0.16s, stamp_lag_at_rx=0.10s), override=[2,-0.020,0.020], yaw_recovery=active,yaw_err=2.4deg,turn=0.020,lat=0.053,progress=0.27[0m
[INFO] [1783998480.240288454] [slope_manager]: direct_step yaw recovery 完成: waypoint[4]=wall_jump_prep, yaw_err=1.7deg <= 2.0deg，恢复基准线修正。
[INFO] [1783998480.245752279] [slope_manager]: AprilTag TF update: waypoint[4]=wall_jump_prep, tf=camera_color_optical_frame->base, xyz=(-0.337,0.091,3.475), rpy=(176.5,-17.0,-3.5)deg, stamp_lag_at_rx=0.10s, stale_limit=0.80s
[INFO] [1783998481.141092380] [slope_manager]: [0;94mwaypoint=5/18 wall_jump_prep dist=2.924m, min_dist=2.923m, yaw_err=3.9deg, pose=(-1.546,3.044), goal=(-4.471,3.048), pose_frame=camera_init, goal_frame=camera_init, line_progress=1.185/4.109m (29%), line_remaining=2.924m, line_lateral=0.035m, apriltag_gate=blocked:z_gate(filtered_z=3.402m>0.700m, below=0/3<1, raw_z=3.454m, filtered_z=3.402m, threshold=0.700m, below=0/3, required=1/3, tf=camera_color_optical_frame->base, stamp_age=0.13s, stamp_lag_at_rx=0.10s), override=[2,1.000,1.000][0m
[INFO] [1783998481.574997955] [slope_manager]: AprilTag TF update: waypoint[4]=wall_jump_prep, tf=camera_color_optical_frame->base, xyz=(-0.697,0.051,3.363), rpy=(-170.6,-21.5,-4.0)deg, stamp_lag_at_rx=0.10s, stale_limit=0.80s
[INFO] [1783998481.641870703] [slope_manager]: direct_step yaw recovery 触发: waypoint[4]=wall_jump_prep, yaw_err=8.2deg >= 3.0deg, lat=-0.010m, progress=0.28。暂停基准线修正，只做趴下姿态回正。
[INFO] [1783998482.240514223] [slope_manager]: [0;94mwaypoint=5/18 wall_jump_prep dist=2.927m, min_dist=2.913m, yaw_err=7.4deg, pose=(-1.544,3.018), goal=(-4.471,3.048), pose_frame=camera_init, goal_frame=camera_init, line_progress=1.182/4.109m (29%), line_remaining=2.927m, line_lateral=0.009m, apriltag_gate=blocked:z_gate(filtered_z=3.333m>0.700m, below=0/3<1, raw_z=3.333m, filtered_z=3.333m, threshold=0.700m, below=0/3, required=1/3, tf=camera_color_optical_frame->base, stamp_age=0.16s, stamp_lag_at_rx=0.10s), override=[2,-0.240,0.240], yaw_recovery=active,yaw_err=7.4deg,turn=0.240,lat=0.009,progress=0.29[0m
[INFO] [1783998482.778207188] [slope_manager]: AprilTag TF update: waypoint[4]=wall_jump_prep, tf=camera_color_optical_frame->base, xyz=(-0.523,0.104,3.340), rpy=(179.9,-15.6,-4.1)deg, stamp_lag_at_rx=0.10s, stale_limit=0.80s
[INFO] [1783998483.340154436] [slope_manager]: [0;94mwaypoint=5/18 wall_jump_prep dist=2.866m, min_dist=2.847m, yaw_err=3.2deg, pose=(-1.605,2.999), goal=(-4.471,3.048), pose_frame=camera_init, goal_frame=camera_init, line_progress=1.243/4.109m (30%), line_remaining=2.866m, line_lateral=-0.011m, apriltag_gate=blocked:z_gate(filtered_z=3.338m>0.700m, below=0/3<1, raw_z=3.324m, filtered_z=3.338m, threshold=0.700m, below=0/3, required=1/3, tf=camera_color_optical_frame->base, stamp_age=0.13s, stamp_lag_at_rx=0.10s), override=[2,-0.064,0.064], yaw_recovery=active,yaw_err=3.2deg,turn=0.064,lat=-0.011,progress=0.30[0m
[INFO] [1783998483.740243454] [slope_manager]: direct_step yaw recovery 完成: waypoint[4]=wall_jump_prep, yaw_err=1.8deg <= 2.0deg，恢复基准线修正。
[INFO] [1783998483.838775814] [slope_manager]: AprilTag TF update: waypoint[4]=wall_jump_prep, tf=camera_color_optical_frame->base, xyz=(-0.290,0.124,3.320), rpy=(-173.8,-14.7,-5.2)deg, stamp_lag_at_rx=0.09s, stale_limit=0.80s
[INFO] [1783998484.340161546] [slope_manager]: [0;94mwaypoint=5/18 wall_jump_prep dist=2.821m, min_dist=2.816m, yaw_err=0.4deg, pose=(-1.650,2.991), goal=(-4.471,3.048), pose_frame=camera_init, goal_frame=camera_init, line_progress=1.287/4.109m (31%), line_remaining=2.821m, line_lateral=-0.019m, apriltag_gate=blocked:z_gate(filtered_z=3.326m>0.700m, below=0/3<1, raw_z=3.326m, filtered_z=3.326m, threshold=0.700m, below=0/3, required=1/3, tf=camera_color_optical_frame->base, stamp_age=0.12s, stamp_lag_at_rx=0.09s), override=[2,1.000,1.000][0m
[INFO] [1783998484.909100952] [slope_manager]: AprilTag TF update: waypoint[4]=wall_jump_prep, tf=camera_color_optical_frame->base, xyz=(-0.183,0.116,3.233), rpy=(178.5,-10.8,-3.8)deg, stamp_lag_at_rx=0.09s, stale_limit=0.80s
[INFO] [1783998485.340969614] [slope_manager]: [0;94mwaypoint=5/18 wall_jump_prep dist=2.658m, min_dist=2.658m, yaw_err=1.7deg, pose=(-1.813,3.012), goal=(-4.471,3.048), pose_frame=camera_init, goal_frame=camera_init, line_progress=1.450/4.109m (35%), line_remaining=2.658m, line_lateral=-0.001m, apriltag_gate=blocked:z_gate(filtered_z=3.213m>0.700m, below=0/3<1, raw_z=3.160m, filtered_z=3.213m, threshold=0.700m, below=0/3, required=1/3, tf=camera_color_optical_frame->base, stamp_age=0.12s, stamp_lag_at_rx=0.09s), override=[2,1.000,1.000][0m
[INFO] [1783998485.975152445] [slope_manager]: AprilTag TF update: waypoint[4]=wall_jump_prep, tf=camera_color_optical_frame->base, xyz=(-0.286,0.106,3.050), rpy=(-174.1,-15.9,-2.4)deg, stamp_lag_at_rx=0.09s, stale_limit=0.80s
[INFO] [1783998486.440353317] [slope_manager]: [0;94mwaypoint=5/18 wall_jump_prep dist=2.511m, min_dist=2.511m, yaw_err=3.3deg, pose=(-1.960,3.010), goal=(-4.471,3.048), pose_frame=camera_init, goal_frame=camera_init, line_progress=1.597/4.109m (39%), line_remaining=2.511m, line_lateral=-0.005m, apriltag_gate=blocked:z_gate(filtered_z=3.037m>0.700m, below=0/3<1, raw_z=3.046m, filtered_z=3.037m, threshold=0.700m, below=0/3, required=1/3, tf=camera_color_optical_frame->base, stamp_age=0.09s, stamp_lag_at_rx=0.08s), override=[2,1.000,1.000][0m
[INFO] [1783998487.037268745] [slope_manager]: AprilTag TF update: waypoint[4]=wall_jump_prep, tf=camera_color_optical_frame->base, xyz=(-0.389,0.144,2.958), rpy=(-167.5,-11.4,-4.0)deg, stamp_lag_at_rx=0.09s, stale_limit=0.80s
[INFO] [1783998487.340078552] [slope_manager]: direct_step yaw recovery 触发: waypoint[4]=wall_jump_prep, yaw_err=3.6deg >= 3.0deg, lat=0.006m, progress=0.41。暂停基准线修正，只做趴下姿态回正。
[INFO] [1783998487.540165943] [slope_manager]: direct_step yaw recovery 完成: waypoint[4]=wall_jump_prep, yaw_err=1.4deg <= 2.0deg，恢复基准线修正。
[INFO] [1783998487.540924209] [slope_manager]: [0;94mwaypoint=5/18 wall_jump_prep dist=2.392m, min_dist=2.373m, yaw_err=1.4deg, pose=(-2.079,3.023), goal=(-4.471,3.048), pose_frame=camera_init, goal_frame=camera_init, line_progress=1.716/4.109m (42%), line_remaining=2.392m, line_lateral=0.007m, apriltag_gate=blocked:z_gate(filtered_z=2.897m>0.700m, below=0/3<1, raw_z=2.897m, filtered_z=2.897m, threshold=0.700m, below=0/3, required=1/3, tf=camera_color_optical_frame->base, stamp_age=0.12s, stamp_lag_at_rx=0.09s), override=[2,1.000,1.000][0m
[INFO] [1783998488.172061285] [slope_manager]: AprilTag TF update: waypoint[4]=wall_jump_prep, tf=camera_color_optical_frame->base, xyz=(-0.363,0.100,2.842), rpy=(174.9,-16.0,-2.4)deg, stamp_lag_at_rx=0.09s, stale_limit=0.80s
[INFO] [1783998488.640018641] [slope_manager]: [0;94mwaypoint=5/18 wall_jump_prep dist=2.308m, min_dist=2.303m, yaw_err=2.4deg, pose=(-2.163,3.015), goal=(-4.471,3.048), pose_frame=camera_init, goal_frame=camera_init, line_progress=1.800/4.109m (44%), line_remaining=2.308m, line_lateral=-0.002m, apriltag_gate=blocked:z_gate(filtered_z=2.814m>0.700m, below=0/3<1, raw_z=2.818m, filtered_z=2.814m, threshold=0.700m, below=0/3, required=1/3, tf=camera_color_optical_frame->base, stamp_age=0.22s, stamp_lag_at_rx=0.09s), override=[2,1.000,1.000][0m
[INFO] [1783998489.236858438] [slope_manager]: AprilTag TF update: waypoint[4]=wall_jump_prep, tf=camera_color_optical_frame->base, xyz=(-0.393,0.104,2.693), rpy=(174.7,-18.7,-3.7)deg, stamp_lag_at_rx=0.08s, stale_limit=0.80s
[INFO] [1783998489.339880899] [slope_manager]: direct_step yaw recovery 触发: waypoint[4]=wall_jump_prep, yaw_err=3.3deg >= 3.0deg, lat=-0.007m, progress=0.47。暂停基准线修正，只做趴下姿态回正。
[INFO] [1783998489.640091785] [slope_manager]: [0;94mwaypoint=5/18 wall_jump_prep dist=2.142m, min_dist=2.124m, yaw_err=5.2deg, pose=(-2.329,3.048), goal=(-4.471,3.048), pose_frame=camera_init, goal_frame=camera_init, line_progress=1.967/4.109m (48%), line_remaining=2.141m, line_lateral=0.029m, apriltag_gate=blocked:z_gate(filtered_z=2.653m>0.700m, below=0/3<1, raw_z=2.613m, filtered_z=2.653m, threshold=0.700m, below=0/3, required=1/3, tf=camera_color_optical_frame->base, stamp_age=0.09s, stamp_lag_at_rx=0.08s), override=[2,-0.165,0.165], yaw_recovery=active,yaw_err=5.2deg,turn=0.165,lat=0.029,progress=0.48[0m
[INFO] [1783998490.302916775] [slope_manager]: AprilTag TF update: waypoint[4]=wall_jump_prep, tf=camera_color_optical_frame->base, xyz=(-0.323,0.124,2.592), rpy=(170.6,-14.6,-3.6)deg, stamp_lag_at_rx=0.08s, stale_limit=0.80s
[INFO] [1783998490.339884849] [slope_manager]: direct_step yaw recovery 完成: waypoint[4]=wall_jump_prep, yaw_err=1.6deg <= 2.0deg，恢复基准线修正。
[INFO] [1783998490.740100188] [slope_manager]: [0;94mwaypoint=5/18 wall_jump_prep dist=2.048m, min_dist=2.048m, yaw_err=0.5deg, pose=(-2.422,3.044), goal=(-4.471,3.048), pose_frame=camera_init, goal_frame=camera_init, line_progress=2.060/4.109m (50%), line_remaining=2.048m, line_lateral=0.023m, apriltag_gate=blocked:z_gate(filtered_z=2.540m>0.700m, below=0/3<1, raw_z=2.540m, filtered_z=2.540m, threshold=0.700m, below=0/3, required=1/3, tf=camera_color_optical_frame->base, stamp_age=0.12s, stamp_lag_at_rx=0.08s), override=[2,1.000,1.000][0m
[INFO] [1783998491.305121289] [slope_manager]: AprilTag TF update: waypoint[4]=wall_jump_prep, tf=camera_color_optical_frame->base, xyz=(-0.117,0.080,2.414), rpy=(-174.6,-0.7,-1.8)deg, stamp_lag_at_rx=0.08s, stale_limit=0.80s
[INFO] [1783998491.740157819] [slope_manager]: [0;94mwaypoint=5/18 wall_jump_prep dist=1.856m, min_dist=1.845m, yaw_err=1.6deg, pose=(-2.614,3.020), goal=(-4.471,3.048), pose_frame=camera_init, goal_frame=camera_init, line_progress=2.252/4.109m (55%), line_remaining=1.856m, line_lateral=-0.003m, apriltag_gate=blocked:z_gate(filtered_z=2.377m>0.700m, below=0/3<1, raw_z=2.349m, filtered_z=2.377m, threshold=0.700m, below=0/3, required=1/3, tf=camera_color_optical_frame->base, stamp_age=0.12s, stamp_lag_at_rx=0.08s), override=[2,1.000,1.000][0m
[INFO] [1783998492.368294309] [slope_manager]: AprilTag TF update: waypoint[4]=wall_jump_prep, tf=camera_color_optical_frame->base, xyz=(-0.131,0.191,2.300), rpy=(170.4,-2.6,-2.6)deg, stamp_lag_at_rx=0.08s, stale_limit=0.80s
[INFO] [1783998492.840292760] [slope_manager]: [0;94mwaypoint=5/18 wall_jump_prep dist=1.691m, min_dist=1.691m, yaw_err=2.4deg, pose=(-2.779,3.034), goal=(-4.471,3.048), pose_frame=camera_init, goal_frame=camera_init, line_progress=2.417/4.109m (59%), line_remaining=1.691m, line_lateral=0.008m, apriltag_gate=blocked:z_gate(filtered_z=2.269m>0.700m, below=0/3<1, raw_z=2.269m, filtered_z=2.269m, threshold=0.700m, below=0/3, required=1/3, tf=camera_color_optical_frame->base, stamp_age=0.35s, stamp_lag_at_rx=0.08s), override=[2,1.000,1.000][0m
[INFO] [1783998493.422903164] [slope_manager]: AprilTag TF update: waypoint[4]=wall_jump_prep, tf=camera_color_optical_frame->base, xyz=(-0.073,0.117,2.131), rpy=(172.4,-9.5,-3.7)deg, stamp_lag_at_rx=0.07s, stale_limit=0.80s
[INFO] [1783998493.539883970] [slope_manager]: direct_step yaw recovery 触发: waypoint[4]=wall_jump_prep, yaw_err=3.8deg >= 3.0deg, lat=-0.004m, progress=0.61。暂停基准线修正，只做趴下姿态回正。
[INFO] [1783998493.941956206] [slope_manager]: [0;94mwaypoint=5/18 wall_jump_prep dist=1.559m, min_dist=1.558m, yaw_err=3.6deg, pose=(-2.912,3.013), goal=(-4.471,3.048), pose_frame=camera_init, goal_frame=camera_init, line_progress=2.549/4.109m (62%), line_remaining=1.559m, line_lateral=-0.014m, apriltag_gate=blocked:z_gate(filtered_z=2.110m>0.700m, below=0/3<1, raw_z=2.076m, filtered_z=2.110m, threshold=0.700m, below=0/3, required=1/3, tf=camera_color_optical_frame->base, stamp_age=0.12s, stamp_lag_at_rx=0.06s), override=[2,0.083,-0.083], yaw_recovery=active,yaw_err=-3.6deg,turn=0.083,lat=-0.014,progress=0.62[0m
[INFO] [1783998494.341745200] [slope_manager]: direct_step yaw recovery 完成: waypoint[4]=wall_jump_prep, yaw_err=1.8deg <= 2.0deg，恢复基准线修正。
[INFO] [1783998494.476064120] [slope_manager]: AprilTag TF update: waypoint[4]=wall_jump_prep, tf=camera_color_optical_frame->base, xyz=(-0.148,0.110,2.056), rpy=(178.6,-9.6,-2.9)deg, stamp_lag_at_rx=0.06s, stale_limit=0.80s
[INFO] [1783998495.040069557] [slope_manager]: [0;94mwaypoint=5/18 wall_jump_prep dist=1.418m, min_dist=1.418m, yaw_err=1.3deg, pose=(-3.053,3.013), goal=(-4.471,3.048), pose_frame=camera_init, goal_frame=camera_init, line_progress=2.691/4.109m (65%), line_remaining=1.417m, line_lateral=-0.017m, apriltag_gate=blocked:z_gate(filtered_z=1.954m>0.700m, below=0/3<1, raw_z=1.931m, filtered_z=1.954m, threshold=0.700m, below=0/3, required=1/3, tf=camera_color_optical_frame->base, stamp_age=0.09s, stamp_lag_at_rx=0.05s), override=[2,1.000,1.000][0m
[INFO] [1783998495.601832072] [slope_manager]: AprilTag TF update: waypoint[4]=wall_jump_prep, tf=camera_color_optical_frame->base, xyz=(-0.290,0.069,1.867), rpy=(-179.4,0.2,-2.8)deg, stamp_lag_at_rx=0.06s, stale_limit=0.80s
[INFO] [1783998496.140054513] [slope_manager]: [0;94mwaypoint=5/18 wall_jump_prep dist=1.288m, min_dist=1.286m, yaw_err=1.8deg, pose=(-3.183,3.021), goal=(-4.471,3.048), pose_frame=camera_init, goal_frame=camera_init, line_progress=2.821/4.109m (69%), line_remaining=1.288m, line_lateral=-0.010m, apriltag_gate=blocked:z_gate(filtered_z=1.812m>0.700m, below=0/3<1, raw_z=1.811m, filtered_z=1.812m, threshold=0.700m, below=0/3, required=1/3, tf=camera_color_optical_frame->base, stamp_age=0.13s, stamp_lag_at_rx=0.05s), override=[2,1.000,1.000][0m
[INFO] [1783998496.660076641] [slope_manager]: AprilTag TF update: waypoint[4]=wall_jump_prep, tf=camera_color_optical_frame->base, xyz=(-0.074,0.122,1.845), rpy=(-177.7,3.1,-3.4)deg, stamp_lag_at_rx=0.05s, stale_limit=0.80s
[INFO] [1783998497.039923798] [slope_manager]: direct_step yaw recovery 触发: waypoint[4]=wall_jump_prep, yaw_err=4.6deg >= 3.0deg, lat=0.001m, progress=0.69。暂停基准线修正，只做趴下姿态回正。
[INFO] [1783998497.140100549] [slope_manager]: [0;94mwaypoint=5/18 wall_jump_prep dist=1.233m, min_dist=1.202m, yaw_err=5.5deg, pose=(-3.239,3.006), goal=(-4.471,3.048), pose_frame=camera_init, goal_frame=camera_init, line_progress=2.876/4.109m (70%), line_remaining=1.232m, line_lateral=-0.026m, apriltag_gate=blocked:z_gate(filtered_z=1.809m>0.700m, below=0/3<1, raw_z=1.807m, filtered_z=1.809m, threshold=0.700m, below=0/3, required=1/3, tf=camera_color_optical_frame->base, stamp_age=0.27s, stamp_lag_at_rx=0.05s), override=[2,0.186,-0.186], yaw_recovery=active,yaw_err=-5.5deg,turn=0.186,lat=-0.026,progress=0.70[0m
[INFO] [1783998497.719826183] [slope_manager]: AprilTag TF update: waypoint[4]=wall_jump_prep, tf=camera_color_optical_frame->base, xyz=(-0.134,0.105,1.724), rpy=(-174.9,-19.3,-1.8)deg, stamp_lag_at_rx=0.06s, stale_limit=0.80s
[INFO] [1783998497.939908519] [slope_manager]: direct_step yaw recovery 完成: waypoint[4]=wall_jump_prep, yaw_err=2.0deg <= 2.0deg，恢复基准线修正。
[INFO] [1783998498.239953110] [slope_manager]: [0;94mwaypoint=5/18 wall_jump_prep dist=1.159m, min_dist=1.157m, yaw_err=0.4deg, pose=(-3.311,3.031), goal=(-4.471,3.048), pose_frame=camera_init, goal_frame=camera_init, line_progress=2.949/4.109m (72%), line_remaining=1.159m, line_lateral=-0.002m, apriltag_gate=blocked:z_gate(filtered_z=1.706m>0.700m, below=0/3<1, raw_z=1.684m, filtered_z=1.706m, threshold=0.700m, below=0/3, required=1/3, tf=camera_color_optical_frame->base, stamp_age=0.11s, stamp_lag_at_rx=0.06s), override=[2,1.000,1.000][0m
[INFO] [1783998498.779050105] [slope_manager]: AprilTag TF update: waypoint[4]=wall_jump_prep, tf=camera_color_optical_frame->base, xyz=(-0.186,0.099,1.611), rpy=(175.3,0.6,-3.7)deg, stamp_lag_at_rx=0.06s, stale_limit=0.80s
[INFO] [1783998499.240825875] [slope_manager]: [0;94mwaypoint=5/18 wall_jump_prep dist=1.032m, min_dist=1.032m, yaw_err=1.4deg, pose=(-3.439,3.031), goal=(-4.471,3.048), pose_frame=camera_init, goal_frame=camera_init, line_progress=3.077/4.109m (75%), line_remaining=1.032m, line_lateral=-0.003m, apriltag_gate=blocked:z_gate(filtered_z=1.562m>0.700m, below=0/3<1, raw_z=1.564m, filtered_z=1.562m, threshold=0.700m, below=0/3, required=1/3, tf=camera_color_optical_frame->base, stamp_age=0.12s, stamp_lag_at_rx=0.06s), override=[2,1.000,1.000][0m
[INFO] [1783998499.908120682] [slope_manager]: AprilTag TF update: waypoint[4]=wall_jump_prep, tf=camera_color_optical_frame->base, xyz=(-0.171,0.103,1.466), rpy=(179.9,-10.8,-3.8)deg, stamp_lag_at_rx=0.06s, stale_limit=0.80s
[INFO] [1783998500.340212563] [slope_manager]: [0;94mwaypoint=5/18 wall_jump_prep dist=0.888m, min_dist=0.888m, yaw_err=1.5deg, pose=(-3.583,3.044), goal=(-4.471,3.048), pose_frame=camera_init, goal_frame=camera_init, line_progress=3.221/4.109m (78%), line_remaining=0.888m, line_lateral=0.007m, apriltag_gate=blocked:z_gate(filtered_z=1.409m>0.700m, below=0/3<1, raw_z=1.401m, filtered_z=1.409m, threshold=0.700m, below=0/3, required=1/3, tf=camera_color_optical_frame->base, stamp_age=0.10s, stamp_lag_at_rx=0.07s), override=[2,1.000,1.000][0m
[INFO] [1783998500.970745635] [slope_manager]: AprilTag TF update: waypoint[4]=wall_jump_prep, tf=camera_color_optical_frame->base, xyz=(-0.194,0.104,1.317), rpy=(178.2,-3.5,-3.7)deg, stamp_lag_at_rx=0.07s, stale_limit=0.80s
[INFO] [1783998501.340252217] [slope_manager]: [0;94mwaypoint=5/18 wall_jump_prep dist=0.739m, min_dist=0.739m, yaw_err=1.6deg, pose=(-3.732,3.014), goal=(-4.471,3.048), pose_frame=camera_init, goal_frame=camera_init, line_progress=3.370/4.109m (82%), line_remaining=0.739m, line_lateral=-0.025m, apriltag_gate=blocked:z_gate(filtered_z=1.297m>0.700m, below=0/3<1, raw_z=1.286m, filtered_z=1.297m, threshold=0.700m, below=0/3, required=1/3, tf=camera_color_optical_frame->base, stamp_age=0.17s, stamp_lag_at_rx=0.07s), override=[2,1.000,1.000][0m
[INFO] [1783998502.102423856] [slope_manager]: AprilTag TF update: waypoint[4]=wall_jump_prep, tf=camera_color_optical_frame->base, xyz=(-0.191,0.103,1.212), rpy=(-178.8,1.9,-3.8)deg, stamp_lag_at_rx=0.07s, stale_limit=0.80s
[INFO] [1783998502.439954271] [slope_manager]: [0;94mwaypoint=5/18 wall_jump_prep dist=0.616m, min_dist=0.616m, yaw_err=3.5deg, pose=(-3.856,3.009), goal=(-4.471,3.048), pose_frame=camera_init, goal_frame=camera_init, line_progress=3.494/4.109m (85%), line_remaining=0.615m, line_lateral=-0.032m, apriltag_gate=blocked:z_gate(filtered_z=1.144m>0.700m, below=0/3<1, raw_z=1.135m, filtered_z=1.144m, threshold=0.700m, below=0/3, required=1/3, tf=camera_color_optical_frame->base, stamp_age=0.08s, stamp_lag_at_rx=0.07s), override=[2,1.000,1.000][0m
[INFO] [1783998503.440043015] [slope_manager]: [0;94mwaypoint=5/18 wall_jump_prep dist=0.413m, min_dist=0.390m, yaw_err=4.1deg, pose=(-4.058,3.028), goal=(-4.471,3.048), pose_frame=camera_init, goal_frame=camera_init, line_progress=3.696/4.109m (90%), line_remaining=0.412m, line_lateral=-0.015m, apriltag_gate=blocked:z_gate(filtered_z=1.031m>0.700m, below=0/3<1, raw_z=1.016m, filtered_z=1.031m, threshold=0.700m, below=0/3, required=1/3, tf=camera_color_optical_frame->base, stamp_age=0.42s, stamp_lag_at_rx=0.08s), override=[2,1.000,1.000][0m
[INFO] [1783998503.498949480] [slope_manager]: AprilTag TF update: waypoint[4]=wall_jump_prep, tf=camera_color_optical_frame->base, xyz=(-0.287,0.118,0.854), rpy=(179.1,-5.7,-2.8)deg, stamp_lag_at_rx=0.08s, stale_limit=0.80s
[INFO] [1783998504.540012644] [slope_manager]: [0;94mwaypoint=5/18 wall_jump_prep dist=0.214m, min_dist=0.214m, yaw_err=4.0deg, pose=(-4.256,3.048), goal=(-4.471,3.048), pose_frame=camera_init, goal_frame=camera_init, line_progress=3.894/4.109m (95%), line_remaining=0.214m, line_lateral=0.003m, apriltag_gate=blocked:z_gate(filtered_z=0.735m>0.700m, below=0/3<1, raw_z=0.724m, filtered_z=0.735m, threshold=0.700m, below=0/3, required=1/3, tf=camera_color_optical_frame->base, stamp_age=0.26s, stamp_lag_at_rx=0.08s), override=[2,1.000,1.000][0m
[INFO] [1783998504.963738500] [slope_manager]: AprilTag TF update: waypoint[4]=wall_jump_prep, tf=camera_color_optical_frame->base, xyz=(-0.280,0.090,0.631), rpy=(179.8,-4.2,-3.1)deg, stamp_lag_at_rx=0.09s, stale_limit=0.80s
[INFO] [1783998505.040178451] [slope_manager]: [1;32m到点成功: waypoint[4]=wall_jump_prep, dist=0.160, min_dist=0.154, yaw_err=3.0deg, reason=apriltag_z_threshold(raw_z=0.631m, filtered_z=0.677m<=0.700m, below=1/2 required=1, hold=0.00s, stamp_age=0.16s, rx_age=0.08s, stamp_lag_at_rx=0.09s, tf=camera_color_optical_frame->base)[0m
[INFO] [1783998505.040521552] [slope_manager]: [1;35m发布模式: 2 (趴下)[0m
[INFO] [1783998505.040823728] [slope_manager]: [1;35m发布上坡步长滤波: False[0m
[INFO] [1783998505.041105642] [slope_manager]: [1;35m发布路径修正profile: 0 (0=关闭, 1=普通, 2=上坡强修正, 3=强修正符号验证)[0m
[INFO] [1783998505.041403387] [slope_manager]: [1;32m已到达 waypoint[4]=wall_jump_prep，切换模式为 2 (趴下)，上坡滤波=False，路径修正profile=0，并锁存到下一个 waypoint。[0m
[INFO] [1783998505.041695162] [slope_manager]: waypoint[4]=wall_jump_prep 到点后立即执行额外动作序列。
[INFO] [1783998505.042132557] [slope_manager]: [1;35m发布模式: 2 (趴下)[0m
[INFO] [1783998505.042674078] [slope_manager]: AprilTag 站立前距离过近，先后退保护: waypoint[4]=wall_jump_prep, z=0.631m < trigger=0.730m, target=0.730m, override=[2,-0.200,-0.200]。
[INFO] [1783998505.123367136] [slope_manager]: AprilTag 站立前后退中: z=0.631m, target=0.730m, elapsed=0.08/4.00s, override=[2,-0.200,-0.200]。
[INFO] [1783998505.445593018] [slope_manager]: AprilTag 站立前后退中: z=0.631m, target=0.730m, elapsed=0.40/4.00s, override=[2,-0.200,-0.200]。
[INFO] [1783998505.768693333] [slope_manager]: AprilTag 站立前后退中: z=unknown, target=0.730m, elapsed=0.73/4.00s, override=[2,-0.200,-0.200]。
[INFO] [1783998506.091409302] [slope_manager]: AprilTag 站立前后退中: z=unknown, target=0.730m, elapsed=1.05/4.00s, override=[2,-0.200,-0.200]。
[INFO] [1783998506.413824548] [slope_manager]: AprilTag 站立前后退中: z=unknown, target=0.730m, elapsed=1.37/4.00s, override=[2,-0.200,-0.200]。
[INFO] [1783998506.735696753] [slope_manager]: AprilTag 站立前后退中: z=unknown, target=0.730m, elapsed=1.69/4.00s, override=[2,-0.200,-0.200]。
[INFO] [1783998507.058248669] [slope_manager]: AprilTag 站立前后退中: z=unknown, target=0.730m, elapsed=2.02/4.00s, override=[2,-0.200,-0.200]。
[INFO] [1783998507.380953600] [slope_manager]: AprilTag 站立前后退中: z=unknown, target=0.730m, elapsed=2.34/4.00s, override=[2,-0.200,-0.200]。
[INFO] [1783998507.703025499] [slope_manager]: AprilTag 站立前后退中: z=unknown, target=0.730m, elapsed=2.66/4.00s, override=[2,-0.200,-0.200]。
[INFO] [1783998508.025163764] [slope_manager]: AprilTag 站立前后退中: z=unknown, target=0.730m, elapsed=2.98/4.00s, override=[2,-0.200,-0.200]。
[INFO] [1783998508.348367796] [slope_manager]: AprilTag 站立前后退中: z=unknown, target=0.730m, elapsed=3.31/4.00s, override=[2,-0.200,-0.200]。
[INFO] [1783998508.670677089] [slope_manager]: AprilTag 站立前后退中: z=unknown, target=0.730m, elapsed=3.63/4.00s, override=[2,-0.200,-0.200]。
[INFO] [1783998508.993167049] [slope_manager]: AprilTag 站立前后退中: z=unknown, target=0.730m, elapsed=3.95/4.00s, override=[2,-0.200,-0.200]。
[WARN] [1783998509.074071606] [slope_manager]: [1;33mAprilTag 站立前后退保护超时: z=unknown, target=0.730m, timeout=4.00s，继续执行站立序列。[0m
[INFO] [1783998509.074493912] [slope_manager]: [1;35m发布模式: 2 (趴下)[0m
[INFO] [1783998509.074911321] [slope_manager]: [0;94m执行到点后额外动作: waypoint=wall_jump_prep, mode=2 (趴下), hold=1.00s, override=[2,0.000,0.000], note=趴下通过到点后先保持趴下停止 0.6 秒，固定发送 mode=2,left=0,right=0，避免直接站立导致机身晃动。[0m
[INFO] [1783998510.075657848] [slope_manager]: [1;35m发布模式: 0 (正常行走)[0m
[INFO] [1783998510.076148978] [slope_manager]: [0;94m执行到点后额外动作: waypoint=wall_jump_prep, mode=0 (正常行走), hold=1.50s, override=[0,0.000,0.000], note=趴下停稳后原地站立 1.跳5 秒，固定发送 mode=0,left=0,right=0；本版本不跳，随后直接进入第5点自旋。[0m
[INFO] [1783998510.220017203] [slope_manager]: AprilTag TF update: waypoint[4]=wall_jump_prep, tf=camera_color_optical_frame->base, xyz=(-0.298,0.108,0.721), rpy=(-177.0,2.0,-4.6)deg, stamp_lag_at_rx=0.08s, stale_limit=0.80s
[INFO] [1783998511.576983173] [slope_manager]: [1;35m发布模式: 0 (正常行走)[0m
[INFO] [1783998511.577507432] [slope_manager]: waypoint[4]=wall_jump_prep 启用局部定位稳定门控：expected=(-4.257,3.040), 需要连续稳定 0.30s 后再切换到下一个目标。
[INFO] [1783998511.628328265] [slope_manager]: 等待局部定位稳定: waypoint[4]=wall_jump_prep, pose=(-4.255,3.051), expected=(-4.255,3.051), err=0.000/0.400m, bounds_ok=True, yaw_ok=True, stable=0.05/0.30s
[INFO] [1783998511.929945810] [slope_manager]: 局部定位稳定门控通过: waypoint[4]=wall_jump_prep, pose=(-4.274,3.013), expected=(-4.274,3.013), err=0.000m, stable=0.35s。
[INFO] [1783998511.930374792] [slope_manager]: [1;36m切换到下一个 waypoint: 6 / 18[0m
[INFO] [1783998511.930816821] [slope_manager]: 解析机身相对 waypoint[5]=turn_180_spin: source=(-4.274,3.013,85.9deg), anchor=(-4.274,3.013,current_pose), body_offset=(forward=0.000, left=0.000), yaw_mode=previous_target_delta, yaw_delta=76.0deg, ref_yaw_source=current, ref_yaw=85.9deg, target=(-4.274,3.013,166.0deg), frame=camera_init
[INFO] [1783998511.931283369] [slope_manager]: [1;36m发送直驱覆盖点[6/18](attempt=1): turn_180_spin -> x=-4.274, y=3.013, yaw=166.0° (body_relative forward=0.000, left=0.000, yaw_mode=previous_target_delta, yaw_delta=76.0°, source=(-4.274,3.013,85.9°), anchor=(-4.274,3.013,current_pose), ref_yaw_source=current, ref_yaw=85.9°), frame=camera_init, override=[6,-0.350,0.600], 到点后锁存模式=0, note=普通第5点：跳完后不再走 Nav2 接近，直接在当前点执行反向固定自旋覆盖（mode=6,left=0.6,right=-0.35）完成转向。转完后进入 turn_180_yaw_settle，若姿态未收准则原地补正。[0m
[INFO] [1783998511.940692042] [slope_manager]: [0;94mwaypoint=6/18 turn_180_spin dist=0.006m, min_dist=0.006m, yaw_err=79.5deg, pose=(-4.271,3.018), goal=(-4.274,3.013), pose_frame=camera_init, goal_frame=camera_init, override=[6,-0.350,0.600][0m
[INFO] [1783998513.039994420] [slope_manager]: [0;94mwaypoint=6/18 turn_180_spin dist=0.116m, min_dist=0.002m, yaw_err=26.0deg, pose=(-4.296,2.900), goal=(-4.274,3.013), pose_frame=camera_init, goal_frame=camera_init, override=[6,-0.350,0.600][0m
[INFO] [1783998513.467856068] [slope_manager]: [1;32m到点成功: waypoint[5]=turn_180_spin, dist=0.165, min_dist=0.002, yaw_err=2.3deg, reason=distance_tolerance[0m
[INFO] [1783998513.468380263] [slope_manager]: [1;35m发布模式: 0 (正常行走)[0m
[INFO] [1783998513.468733208] [slope_manager]: [1;35m发布上坡步长滤波: False[0m
[INFO] [1783998513.469060788] [slope_manager]: [1;35m发布路径修正profile: 2 (0=关闭, 1=普通, 2=上坡强修正, 3=强修正符号验证)[0m
[INFO] [1783998513.469327793] [slope_manager]: [1;32m已到达 waypoint[5]=turn_180_spin，切换模式为 0 (正常行走)，上坡滤波=False，路径修正profile=2，并锁存到下一个 waypoint。[0m
[INFO] [1783998513.469595708] [slope_manager]: waypoint[5]=turn_180_spin 到点后零步长保持: override=[0,0.000,0.000]，持续 0.45s。
[INFO] [1783998513.469845012] [slope_manager]: waypoint[5]=turn_180_spin 到点后等待 0.45s，再切换到下一个目标。
[INFO] [1783998513.920709301] [slope_manager]: [1;35m发布模式: 0 (正常行走)[0m
[INFO] [1783998513.921156924] [slope_manager]: waypoint[5]=turn_180_spin 启用局部定位稳定门控：expected=(-4.274,3.013), 需要连续稳定 0.80s 后再切换到下一个目标。
[INFO] [1783998513.971969316] [slope_manager]: 等待局部定位稳定: waypoint[5]=turn_180_spin, pose=(-4.274,2.788), expected=(-4.274,3.013), err=0.226/0.350m, bounds_ok=True, yaw_ok=True, stable=0.05/0.80s
[INFO] [1783998514.775925793] [slope_manager]: 局部定位稳定门控通过: waypoint[5]=turn_180_spin, pose=(-4.284,2.788), expected=(-4.274,3.013), err=0.226m, stable=0.85s。
[INFO] [1783998514.776371340] [slope_manager]: [1;36m切换到下一个 waypoint: 7 / 18[0m
[INFO] [1783998514.776817886] [slope_manager]: 解析机身相对 waypoint[6]=turn_180_yaw_settle: source=(-4.284,2.788,172.6deg), anchor=(-4.284,2.788,current_pose), body_offset=(forward=0.000, left=0.000), yaw_mode=bridge_reference_delta, yaw_delta=0.0deg, ref_yaw_source=target_yaw, ref_yaw=180.0deg, target=(-4.284,2.788,180.0deg), frame=camera_init
[INFO] [1783998514.777304886] [slope_manager]: [1;36m发送直驱覆盖点[7/18](attempt=1): turn_180_yaw_settle -> x=-4.284, y=2.788, yaw=180.0° (body_relative forward=0.000, left=0.000, yaw_mode=bridge_reference_delta, yaw_delta=0.0°, source=(-4.284,2.788,172.6°), anchor=(-4.284,2.788,current_pose), ref_yaw_source=target_yaw, ref_yaw=180.0°), frame=camera_init, override=[6,-0.150,0.200], yaw_dir=ccw,yaw_err=7.4deg, 到点后锁存模式=0, note=转身后姿态粗补正点：同点位 mode=6 零基础步长，按 yaw_err 方向使用非对称固定差速先补到 -180deg 附近；随后进入 bridge_tag_yaw_lock，用 bridge tag pose_pitch 精锁过桥角。[0m
[INFO] [1783998514.840073551] [slope_manager]: [0;94mwaypoint=7/18 turn_180_yaw_settle dist=0.015m, min_dist=0.011m, yaw_err=7.3deg, pose=(-4.268,2.787), goal=(-4.284,2.788), pose_frame=camera_init, goal_frame=camera_init, override=[6,-0.150,0.200], yaw_dir=ccw,yaw_err=7.3deg[0m
[INFO] [1783998515.109577990] [slope_manager]: [1;32m到点成功: waypoint[6]=turn_180_yaw_settle, dist=0.031, min_dist=0.006, yaw_err=1.5deg, reason=distance_tolerance[0m
[INFO] [1783998515.110008838] [slope_manager]: [1;35m发布模式: 0 (正常行走)[0m
[INFO] [1783998515.110401163] [slope_manager]: [1;35m发布上坡步长滤波: False[0m
[INFO] [1783998515.110733487] [slope_manager]: [1;35m发布路径修正profile: 2 (0=关闭, 1=普通, 2=上坡强修正, 3=强修正符号验证)[0m
[INFO] [1783998515.111036436] [slope_manager]: [1;32m已到达 waypoint[6]=turn_180_yaw_settle，切换模式为 0 (正常行走)，上坡滤波=False，路径修正profile=2，并锁存到下一个 waypoint。[0m
[INFO] [1783998515.111349126] [slope_manager]: waypoint[6]=turn_180_yaw_settle 到点后零步长保持: override=[0,0.000,0.000]，持续 0.10s。
[INFO] [1783998515.111635761] [slope_manager]: waypoint[6]=turn_180_yaw_settle 到点后等待 0.10s，再切换到下一个目标。
[INFO] [1783998515.212695055] [slope_manager]: [1;36m切换到下一个 waypoint: 8 / 18[0m
[INFO] [1783998515.213479279] [slope_manager]: 解析机身相对 waypoint[7]=bridge_entry: source=(-4.248,2.795,-178.7deg), anchor=(-4.284,2.788,waypoint_target:turn_180_yaw_settle), body_offset=(forward=1.150, left=0.000), yaw_mode=previous_target, yaw_delta=0.0deg, ref_yaw_source=target_yaw, ref_yaw=180.0deg, target=(-4.284,1.638,180.0deg), frame=camera_init
[INFO] [1783998515.214080865] [slope_manager]: [1;35m发布路径修正profile: 2 (0=关闭, 1=普通, 2=上坡强修正, 3=强修正符号验证)[0m
[INFO] [1783998515.214728142] [slope_manager]: [1;36m发送直驱覆盖点[8/18](attempt=1): bridge_entry -> x=-4.284, y=1.638, yaw=180.0° (body_relative forward=1.150, left=0.000, yaw_mode=previous_target, yaw_delta=0.0°, source=(-4.248,2.795,-178.7°), anchor=(-4.284,2.788,waypoint_target:turn_180_yaw_settle), ref_yaw_source=target_yaw, ref_yaw=180.0°), frame=camera_init, path_reference=/serial_path_reference, override=[0,0.250,0.250], ramp=0.00,elapsed=0.00/0.90s, 到点后锁存模式=0, note=过桥前点：当前 bridge_tag_yaw_lock 关闭，沿 turn_180_yaw_settle 的目标点和目标 yaw 固定直驱到桥入口；本点不再同点位自旋修姿态，到点后直接进入 bridge_exit。[0m
[INFO] [1783998515.840101939] [slope_manager]: [0;94mwaypoint=8/18 bridge_entry dist=1.038m, min_dist=1.038m, yaw_err=1.5deg, pose=(-4.248,2.675), goal=(-4.284,1.638), pose_frame=camera_init, goal_frame=camera_init, line_progress=0.120/1.158m (10%), line_remaining=1.038m, line_lateral=-0.004m, override=[0,0.678,0.678], ramp=0.78,elapsed=0.63/0.90s[0m
[INFO] [1783998516.840425568] [slope_manager]: [0;94mwaypoint=8/18 bridge_entry dist=0.359m, min_dist=0.359m, yaw_err=0.8deg, pose=(-4.231,1.992), goal=(-4.284,1.638), pose_frame=camera_init, goal_frame=camera_init, line_progress=0.802/1.158m (69%), line_remaining=0.356m, line_lateral=-0.041m, override=[0,0.800,0.800], ramp=1.00,elapsed=1.63/0.90s[0m
[INFO] [1783998517.013052748] [slope_manager]: [1;32m到点成功: waypoint[7]=bridge_entry, dist=0.248, min_dist=0.248, yaw_err=0.2deg, reason=distance_tolerance[0m
[INFO] [1783998517.013549358] [slope_manager]: [1;35m发布模式: 0 (正常行走)[0m
[INFO] [1783998517.014233375] [slope_manager]: [1;35m发布上坡步长滤波: False[0m
[INFO] [1783998517.015555558] [slope_manager]: [1;35m发布路径修正profile: 2 (0=关闭, 1=普通, 2=上坡强修正, 3=强修正符号验证)[0m
[INFO] [1783998517.016067189] [slope_manager]: [1;32m已到达 waypoint[7]=bridge_entry，切换模式为 0 (正常行走)，上坡滤波=False，路径修正profile=2，并锁存到下一个 waypoint。[0m
[INFO] [1783998517.018313112] [slope_manager]: [1;36m切换到下一个 waypoint: 9 / 18[0m
[INFO] [1783998517.019242469] [slope_manager]: 解析机身相对 waypoint[8]=bridge_exit: source=(-4.249,1.884,179.8deg), anchor=(-4.249,1.884,current_pose), body_offset=(forward=2.250, apriltag_z_comp=-0.050m tag_z=1.034m neutral=1.240m near=(1.100m,-0.050m) far=(1.500m,+0.030m) tf_age=0.68s source=compensation_cache, left=0.000), yaw_mode=previous_target, yaw_delta=0.0deg, ref_yaw_source=target_yaw, ref_yaw=180.0deg, target=(-4.249,-0.366,180.0deg), frame=camera_init
[INFO] [1783998517.020060208] [slope_manager]: [1;35m发布路径修正profile: 2 (0=关闭, 1=普通, 2=上坡强修正, 3=强修正符号验证)[0m
[INFO] [1783998517.020803163] [slope_manager]: [1;36m发送直驱覆盖点[9/18](attempt=1): bridge_exit -> x=-4.249, y=-0.366, yaw=180.0° (body_relative forward=2.250, left=0.000, yaw_mode=previous_target, yaw_delta=0.0°, source=(-4.249,1.884,179.8°), anchor=(-4.249,1.884,current_pose), ref_yaw_source=target_yaw, ref_yaw=180.0°), frame=camera_init, path_reference=/serial_path_reference, override=[0,0.800,0.800], 到点后锁存模式=0, note=过桥后点：固定直驱前进过完桥后先停稳 0.1 秒，再进入同点位 45 度原地转向，避免直接边走边大角度调头导致下斜坡卡位。[0m
[INFO] [1783998517.940038905] [slope_manager]: [0;94mwaypoint=9/18 bridge_exit dist=1.535m, min_dist=1.535m, yaw_err=0.5deg, pose=(-4.227,1.168), goal=(-4.249,-0.366), pose_frame=camera_init, goal_frame=camera_init, line_progress=0.715/2.250m (32%), line_remaining=1.535m, line_lateral=-0.022m, override=[0,0.800,0.800][0m
[INFO] [1783998518.940104392] [slope_manager]: [0;94mwaypoint=9/18 bridge_exit dist=0.831m, min_dist=0.831m, yaw_err=3.2deg, pose=(-4.244,0.465), goal=(-4.249,-0.366), pose_frame=camera_init, goal_frame=camera_init, line_progress=1.419/2.250m (63%), line_remaining=0.831m, line_lateral=-0.005m, override=[0,0.800,0.800][0m
[INFO] [1783998519.040003509] [slope_manager]: direct_step yaw recovery 触发: waypoint[8]=bridge_exit, yaw_err=4.0deg >= 3.0deg, lat=0.002m, progress=0.66。暂停基准线修正，只做趴下姿态回正。
[INFO] [1783998519.940117246] [slope_manager]: [0;94mwaypoint=9/18 bridge_exit dist=0.788m, min_dist=0.517m, yaw_err=0.4deg, pose=(-4.702,0.279), goal=(-4.249,-0.366), pose_frame=camera_init, goal_frame=camera_init, line_progress=1.605/2.250m (71%), line_remaining=0.645m, line_lateral=0.453m, override=[0,0.025,0.025], yaw_recovery=active,yaw_err=0.4deg,turn=0.000,lat=0.453,progress=0.71[0m
[INFO] [1783998521.040060069] [slope_manager]: [0;94mwaypoint=9/18 bridge_exit dist=1.141m, min_dist=0.517m, yaw_err=173.4deg, pose=(-5.240,0.199), goal=(-4.249,-0.366), pose_frame=camera_init, goal_frame=camera_init, line_progress=1.685/2.250m (75%), line_remaining=0.565m, line_lateral=0.991m, override=[0,0.200,-0.150], yaw_recovery=active,yaw_err=-173.4deg,turn=0.175,lat=0.991,progress=0.75[0m
[INFO] [1783998522.040061282] [slope_manager]: [0;94mwaypoint=9/18 bridge_exit dist=1.150m, min_dist=0.517m, yaw_err=172.8deg, pose=(-5.259,0.183), goal=(-4.249,-0.366), pose_frame=camera_init, goal_frame=camera_init, line_progress=1.701/2.250m (76%), line_remaining=0.549m, line_lateral=1.010m, override=[0,0.200,-0.150], yaw_recovery=active,yaw_err=-172.8deg,turn=0.175,lat=1.010,progress=0.76[0m
[WARN] [1783998522.139968778] [slope_manager]: [1;33mdirect_step yaw recovery 超时退出: waypoint[8]=bridge_exit, yaw_err=172.4deg, timeout=3.00s，恢复基准线趴走。[0m
[INFO] [1783998522.540014031] [slope_manager]: direct_step yaw recovery 触发: waypoint[8]=bridge_exit, yaw_err=139.3deg >= 3.0deg, lat=0.879m, progress=0.65。暂停基准线修正，只做趴下姿态回正。
[INFO] [1783998523.139987403] [slope_manager]: [0;94mwaypoint=9/18 bridge_exit dist=1.646m, min_dist=0.517m, yaw_err=19.3deg, pose=(-4.788,1.189), goal=(-4.249,-0.366), pose_frame=camera_init, goal_frame=camera_init, line_progress=0.695/2.250m (31%), line_remaining=1.555m, line_lateral=0.539m, override=[0,0.200,-0.150], yaw_recovery=active,yaw_err=-19.3deg,turn=0.175,lat=0.539,progress=0.31[0m
[INFO] [1783998524.140113643] [slope_manager]: [0;94mwaypoint=9/18 bridge_exit dist=2.890m, min_dist=0.517m, yaw_err=1.7deg, pose=(-4.192,2.523), goal=(-4.249,-0.366), pose_frame=camera_init, goal_frame=camera_init, line_progress=-0.639/2.250m (-28%), line_remaining=2.889m, line_lateral=-0.057m, override=[0,0.061,-0.011], yaw_recovery=active,yaw_err=-1.7deg,turn=0.036,lat=-0.057,progress=-0.28[0m
[INFO] [1783998525.240054594] [slope_manager]: [0;94mwaypoint=9/18 bridge_exit dist=2.858m, min_dist=0.517m, yaw_err=24.1deg, pose=(-4.268,2.492), goal=(-4.249,-0.366), pose_frame=camera_init, goal_frame=camera_init, line_progress=-0.608/2.250m (-27%), line_remaining=2.858m, line_lateral=0.019m, override=[0,0.200,-0.150], yaw_recovery=active,yaw_err=-24.1deg,turn=0.175,lat=0.019,progress=-0.27[0m
[WARN] [1783998525.640031497] [slope_manager]: [1;33mdirect_step yaw recovery 超时退出: waypoint[8]=bridge_exit, yaw_err=23.1deg, timeout=3.00s，恢复基准线趴走。[0m
[INFO] [1783998526.240200584] [slope_manager]: [0;94mwaypoint=9/18 bridge_exit dist=2.822m, min_dist=0.517m, yaw_err=5.0deg, pose=(-4.217,2.456), goal=(-4.249,-0.366), pose_frame=camera_init, goal_frame=camera_init, line_progress=-0.572/2.250m (-25%), line_remaining=2.822m, line_lateral=-0.032m, override=[0,0.800,0.800][0m
[INFO] [1783998527.339977495] [slope_manager]: [0;94mwaypoint=9/18 bridge_exit dist=2.967m, min_dist=0.517m, yaw_err=0.7deg, pose=(-4.254,2.601), goal=(-4.249,-0.366), pose_frame=camera_init, goal_frame=camera_init, line_progress=-0.717/2.250m (-32%), line_remaining=2.967m, line_lateral=0.005m, override=[0,0.800,0.800][0m
[INFO] [1783998528.340148365] [slope_manager]: [0;94mwaypoint=9/18 bridge_exit dist=2.985m, min_dist=0.517m, yaw_err=1.4deg, pose=(-4.216,2.619), goal=(-4.249,-0.366), pose_frame=camera_init, goal_frame=camera_init, line_progress=-0.735/2.250m (-33%), line_remaining=2.985m, line_lateral=-0.033m, override=[0,0.800,0.800][0m
[INFO] [1783998529.439991855] [slope_manager]: [0;94mwaypoint=9/18 bridge_exit dist=2.995m, min_dist=0.517m, yaw_err=0.2deg, pose=(-4.223,2.628), goal=(-4.249,-0.366), pose_frame=camera_init, goal_frame=camera_init, line_progress=-0.744/2.250m (-33%), line_remaining=2.994m, line_lateral=-0.026m, override=[0,0.800,0.800][0m
[INFO] [1783998530.440356730] [slope_manager]: [0;94mwaypoint=9/18 bridge_exit dist=2.999m, min_dist=0.517m, yaw_err=1.4deg, pose=(-4.217,2.632), goal=(-4.249,-0.366), pose_frame=camera_init, goal_frame=camera_init, line_progress=-0.749/2.250m (-33%), line_remaining=2.999m, line_lateral=-0.032m, override=[0,0.800,0.800][0m
[INFO] [1783998531.539969942] [slope_manager]: [0;94mwaypoint=9/18 bridge_exit dist=2.998m, min_dist=0.517m, yaw_err=2.3deg, pose=(-4.213,2.631), goal=(-4.249,-0.366), pose_frame=camera_init, goal_frame=camera_init, line_progress=-0.748/2.250m (-33%), line_remaining=2.998m, line_lateral=-0.036m, override=[0,0.800,0.800][0m
[INFO] [1783998532.540303994] [slope_manager]: [0;94mwaypoint=9/18 bridge_exit dist=2.995m, min_dist=0.517m, yaw_err=2.0deg, pose=(-4.214,2.629), goal=(-4.249,-0.366), pose_frame=camera_init, goal_frame=camera_init, line_progress=-0.745/2.250m (-33%), line_remaining=2.995m, line_lateral=-0.035m, override=[0,0.800,0.800][0m
[INFO] [1783998533.541133068] [slope_manager]: [0;94mwaypoint=9/18 bridge_exit dist=2.992m, min_dist=0.517m, yaw_err=1.9deg, pose=(-4.215,2.625), goal=(-4.249,-0.366), pose_frame=camera_init, goal_frame=camera_init, line_progress=-0.741/2.250m (-33%), line_remaining=2.991m, line_lateral=-0.034m, override=[0,0.800,0.800][0m
[INFO] [1783998534.640103392] [slope_manager]: [0;94mwaypoint=9/18 bridge_exit dist=2.981m, min_dist=0.517m, yaw_err=1.9deg, pose=(-4.221,2.614), goal=(-4.249,-0.366), pose_frame=camera_init, goal_frame=camera_init, line_progress=-0.731/2.250m (-32%), line_remaining=2.981m, line_lateral=-0.028m, override=[0,0.800,0.800][0m
[INFO] [1783998535.640187973] [slope_manager]: [0;94mwaypoint=9/18 bridge_exit dist=2.986m, min_dist=0.517m, yaw_err=2.0deg, pose=(-4.232,2.620), goal=(-4.249,-0.366), pose_frame=camera_init, goal_frame=camera_init, line_progress=-0.736/2.250m (-33%), line_remaining=2.986m, line_lateral=-0.017m, override=[0,0.800,0.800][0m
[INFO] [1783998536.363398658] [slope_manager]: [1;35m发布模式: 7 (未知模式)[0m
[INFO] [1783998536.363906652] [slope_manager]: [1;35m发布上坡步长滤波: False[0m
[INFO] [1783998536.364370178] [slope_manager]: [1;35m发布路径修正profile: 2 (0=关闭, 1=普通, 2=上坡强修正, 3=强修正符号验证)[0m
[INFO] [1783998536.364737774] [slope_manager]: 启动时继承上一 waypoint 段状态: source=turn_180_spin, mode=7, uphill_step_floor=False, path_correction_profile=2, mode_source=inherited_segment_mode_override
[INFO] [1783998536.365154796] [slope_manager]: 按外部请求从 waypoint[6]=turn_180_yaw_settle 重新启动流程。
[INFO] [1783998536.440080248] [slope_manager]: 解析机身相对 waypoint[6]=turn_180_yaw_settle: source=(-4.211,2.621,-178.2deg), anchor=(-4.211,2.621,current_pose), body_offset=(forward=0.000, left=0.000), yaw_mode=bridge_reference_delta, yaw_delta=0.0deg, ref_yaw_source=target_yaw, ref_yaw=-178.0deg, target=(-4.211,2.621,-178.0deg), frame=camera_init
[INFO] [1783998536.440765182] [slope_manager]: [1;36m发送直驱覆盖点[7/18](attempt=1): turn_180_yaw_settle -> x=-4.211, y=2.621, yaw=-178.0° (body_relative forward=0.000, left=0.000, yaw_mode=bridge_reference_delta, yaw_delta=0.0°, source=(-4.211,2.621,-178.2°), anchor=(-4.211,2.621,current_pose), ref_yaw_source=target_yaw, ref_yaw=-178.0°), frame=camera_init, override=[6,0.000,0.000], yaw_dir=hold,yaw_err=0.2deg, 到点后锁存模式=0, note=转身后姿态粗补正点：同点位 mode=6 零基础步长，按 yaw_err 方向使用非对称固定差速先补到 -180deg 附近；随后进入 bridge_tag_yaw_lock，用 bridge tag pose_pitch 精锁过桥角。[0m
[INFO] [1783998536.448879535] [slope_manager]: [1;32m到点成功: waypoint[6]=turn_180_yaw_settle, dist=0.001, min_dist=0.001, yaw_err=0.2deg, reason=distance_tolerance[0m
[INFO] [1783998536.449360820] [slope_manager]: [1;35m发布模式: 0 (正常行走)[0m
[INFO] [1783998536.449812737] [slope_manager]: [1;35m发布上坡步长滤波: False[0m
[INFO] [1783998536.450279803] [slope_manager]: [1;35m发布路径修正profile: 2 (0=关闭, 1=普通, 2=上坡强修正, 3=强修正符号验证)[0m
[INFO] [1783998536.450660152] [slope_manager]: [1;32m已到达 waypoint[6]=turn_180_yaw_settle，切换模式为 0 (正常行走)，上坡滤波=False，路径修正profile=2，并锁存到下一个 waypoint。[0m
[INFO] [1783998536.451056889] [slope_manager]: waypoint[6]=turn_180_yaw_settle 到点后零步长保持: override=[0,0.000,0.000]，持续 0.10s。
[INFO] [1783998536.451479766] [slope_manager]: waypoint[6]=turn_180_yaw_settle 到点后等待 0.10s，再切换到下一个目标。
[INFO] [1783998536.552451169] [slope_manager]: [1;36m切换到下一个 waypoint: 8 / 18[0m
[INFO] [1783998536.553353047] [slope_manager]: 解析机身相对 waypoint[7]=bridge_entry: source=(-4.218,2.630,-178.3deg), anchor=(-4.211,2.621,waypoint_target:turn_180_yaw_settle), body_offset=(forward=1.150, left=0.000), yaw_mode=previous_target, yaw_delta=0.0deg, ref_yaw_source=target_yaw, ref_yaw=-178.0deg, target=(-4.171,1.472,-178.0deg), frame=camera_init
[INFO] [1783998536.554808986] [slope_manager]: [1;35m发布路径修正profile: 2 (0=关闭, 1=普通, 2=上坡强修正, 3=强修正符号验证)[0m
[INFO] [1783998536.555545759] [slope_manager]: [1;36m发送直驱覆盖点[8/18](attempt=1): bridge_entry -> x=-4.171, y=1.472, yaw=-178.0° (body_relative forward=1.150, left=0.000, yaw_mode=previous_target, yaw_delta=0.0°, source=(-4.218,2.630,-178.3°), anchor=(-4.211,2.621,waypoint_target:turn_180_yaw_settle), ref_yaw_source=target_yaw, ref_yaw=-178.0°), frame=camera_init, path_reference=/serial_path_reference, override=[0,0.250,0.250], ramp=0.00,elapsed=0.00/0.90s, 到点后锁存模式=0, note=过桥前点：当前 bridge_tag_yaw_lock 关闭，沿 turn_180_yaw_settle 的目标点和目标 yaw 固定直驱到桥入口；本点不再同点位自旋修姿态，到点后直接进入 bridge_exit。[0m
[INFO] [1783998536.740136038] [slope_manager]: [0;94mwaypoint=8/18 bridge_entry dist=1.145m, min_dist=1.145m, yaw_err=0.2deg, pose=(-4.216,2.617), goal=(-4.171,1.472), pose_frame=camera_init, goal_frame=camera_init, line_progress=0.014/1.159m (1%), line_remaining=1.145m, line_lateral=-0.002m, override=[0,0.311,0.311], ramp=0.11,elapsed=0.19/0.90s[0m
[INFO] [1783998537.840036196] [slope_manager]: [0;94mwaypoint=8/18 bridge_entry dist=0.601m, min_dist=0.601m, yaw_err=0.6deg, pose=(-4.192,2.073), goal=(-4.171,1.472), pose_frame=camera_init, goal_frame=camera_init, line_progress=0.558/1.159m (48%), line_remaining=0.601m, line_lateral=-0.004m, override=[0,0.800,0.800], ramp=1.00,elapsed=1.29/0.90s[0m
[INFO] [1783998538.293253440] [slope_manager]: [1;32m到点成功: waypoint[7]=bridge_entry, dist=0.243, min_dist=0.243, yaw_err=0.4deg, reason=distance_tolerance[0m
[INFO] [1783998538.293944021] [slope_manager]: [1;35m发布模式: 0 (正常行走)[0m
[INFO] [1783998538.294609965] [slope_manager]: [1;35m发布上坡步长滤波: False[0m
[INFO] [1783998538.295292966] [slope_manager]: [1;35m发布路径修正profile: 2 (0=关闭, 1=普通, 2=上坡强修正, 3=强修正符号验证)[0m
[INFO] [1783998538.295785067] [slope_manager]: [1;32m已到达 waypoint[7]=bridge_entry，切换模式为 0 (正常行走)，上坡滤波=False，路径修正profile=2，并锁存到下一个 waypoint。[0m
[INFO] [1783998538.298363411] [slope_manager]: [1;36m切换到下一个 waypoint: 9 / 18[0m
[INFO] [1783998538.299054330] [slope_manager]: 解析机身相对 waypoint[8]=bridge_exit: source=(-4.189,1.714,-178.4deg), anchor=(-4.189,1.714,current_pose), body_offset=(forward=2.250, apriltag_z_comp=-0.050m tag_z=0.831m neutral=1.240m near=(1.100m,-0.050m) far=(1.500m,+0.030m) tf_age=0.74s source=compensation_cache, left=0.000), yaw_mode=previous_target, yaw_delta=0.0deg, ref_yaw_source=target_yaw, ref_yaw=-178.0deg, target=(-4.111,-0.534,-178.0deg), frame=camera_init
[INFO] [1783998538.300941840] [slope_manager]: [1;35m发布路径修正profile: 2 (0=关闭, 1=普通, 2=上坡强修正, 3=强修正符号验证)[0m
[INFO] [1783998538.301615236] [slope_manager]: [1;36m发送直驱覆盖点[9/18](attempt=1): bridge_exit -> x=-4.111, y=-0.534, yaw=-178.0° (body_relative forward=2.250, left=0.000, yaw_mode=previous_target, yaw_delta=0.0°, source=(-4.189,1.714,-178.4°), anchor=(-4.189,1.714,current_pose), ref_yaw_source=target_yaw, ref_yaw=-178.0°), frame=camera_init, path_reference=/serial_path_reference, override=[0,0.800,0.800], 到点后锁存模式=0, note=过桥后点：固定直驱前进过完桥后先停稳 0.1 秒，再进入同点位 45 度原地转向，避免直接边走边大角度调头导致下斜坡卡位。[0m
[INFO] [1783998538.840195826] [slope_manager]: [0;94mwaypoint=9/18 bridge_exit dist=1.890m, min_dist=1.890m, yaw_err=1.0deg, pose=(-4.178,1.354), goal=(-4.111,-0.534), pose_frame=camera_init, goal_frame=camera_init, line_progress=0.360/2.250m (16%), line_remaining=1.890m, line_lateral=0.001m, override=[0,0.800,0.800][0m
[INFO] [1783998539.940765038] [slope_manager]: [0;94mwaypoint=9/18 bridge_exit dist=1.033m, min_dist=1.033m, yaw_err=1.7deg, pose=(-4.158,0.498), goal=(-4.111,-0.534), pose_frame=camera_init, goal_frame=camera_init, line_progress=1.217/2.250m (54%), line_remaining=1.033m, line_lateral=0.011m, override=[0,0.800,0.800][0m
[INFO] [1783998541.040027220] [slope_manager]: [0;94mwaypoint=9/18 bridge_exit dist=0.286m, min_dist=0.286m, yaw_err=3.0deg, pose=(-4.159,-0.253), goal=(-4.111,-0.534), pose_frame=camera_init, goal_frame=camera_init, line_progress=1.967/2.250m (87%), line_remaining=0.283m, line_lateral=0.038m, override=[0,0.800,0.800][0m
[INFO] [1783998541.161793763] [slope_manager]: [1;32m到点成功: waypoint[8]=bridge_exit, dist=0.190, min_dist=0.190, yaw_err=2.9deg, reason=distance_tolerance[0m
[INFO] [1783998541.162214135] [slope_manager]: [1;35m发布模式: 0 (正常行走)[0m
[INFO] [1783998541.162526050] [slope_manager]: [1;35m发布上坡步长滤波: False[0m
[INFO] [1783998541.163110203] [slope_manager]: [1;35m发布路径修正profile: 2 (0=关闭, 1=普通, 2=上坡强修正, 3=强修正符号验证)[0m
[INFO] [1783998541.163611307] [slope_manager]: [1;32m已到达 waypoint[8]=bridge_exit，切换模式为 0 (正常行走)，上坡滤波=False，路径修正profile=2，并锁存到下一个 waypoint。[0m
[INFO] [1783998541.164125958] [slope_manager]: waypoint[8]=bridge_exit 到点后零步长保持: override=[0,0.000,0.000]，持续 0.10s。
[INFO] [1783998541.164582908] [slope_manager]: waypoint[8]=bridge_exit 到点后等待 0.10s，再切换到下一个目标。
[INFO] [1783998541.265216289] [slope_manager]: [1;36m切换到下一个 waypoint: 10 / 18[0m
[INFO] [1783998541.265743122] [slope_manager]: 解析机身相对 waypoint[9]=bridge_exit_ccw_45_spin: source=(-4.166,-0.431,178.4deg), anchor=(-4.166,-0.431,current_pose), body_offset=(forward=0.000, left=0.000), yaw_mode=bridge_reference_delta, yaw_delta=52.0deg, ref_yaw_source=current, ref_yaw=178.4deg, target=(-4.166,-0.431,-126.0deg), frame=camera_init
[INFO] [1783998541.266184468] [slope_manager]: [1;36m发送直驱覆盖点[10/18](attempt=1): bridge_exit_ccw_45_spin -> x=-4.166, y=-0.431, yaw=-126.0° (body_relative forward=0.000, left=0.000, yaw_mode=bridge_reference_delta, yaw_delta=52.0°, source=(-4.166,-0.431,178.4°), anchor=(-4.166,-0.431,current_pose), ref_yaw_source=current, ref_yaw=178.4°), frame=camera_init, override=[6,-0.400,0.850], 到点后锁存模式=0, note=普通第3个自旋点：过桥后同点位原地顺时针约45度，让 base_link 朝向普通侧下斜坡目标方向，再开始走最终下坡段。[0m
[INFO] [1783998542.014940371] [slope_manager]: [1;32m到点成功: waypoint[9]=bridge_exit_ccw_45_spin, dist=0.294, min_dist=0.014, yaw_err=4.7deg, reason=distance_memory_with_yaw[0m
[INFO] [1783998542.015239643] [slope_manager]: [1;35m发布模式: 0 (正常行走)[0m
[INFO] [1783998542.015500323] [slope_manager]: [1;35m发布上坡步长滤波: False[0m
[INFO] [1783998542.015803969] [slope_manager]: [1;35m发布路径修正profile: 0 (0=关闭, 1=普通, 2=上坡强修正, 3=强修正符号验证)[0m
[INFO] [1783998542.016067988] [slope_manager]: [1;32m已到达 waypoint[9]=bridge_exit_ccw_45_spin，切换模式为 0 (正常行走)，上坡滤波=False，路径修正profile=0，并锁存到下一个 waypoint。[0m
[INFO] [1783998542.016345355] [slope_manager]: waypoint[9]=bridge_exit_ccw_45_spin 到点后零步长保持: override=[0,0.000,0.000]，持续 0.10s。
[INFO] [1783998542.016611056] [slope_manager]: waypoint[9]=bridge_exit_ccw_45_spin 到点后等待 0.10s，再切换到下一个目标。
[INFO] [1783998542.117243314] [slope_manager]: [1;36m切换到下一个 waypoint: 11 / 18[0m
[INFO] [1783998542.117913222] [slope_manager]: 解析机身相对 waypoint[10]=final_descent_approach: source=(-4.031,-0.708,-123.1deg), anchor=(-4.031,-0.708,current_pose), body_offset=(forward=0.720, left=0.000), yaw_mode=delta, yaw_delta=0.0deg, ref_yaw_source=current, ref_yaw=-123.1deg, target=(-3.428,-1.101,-123.1deg), frame=camera_init
[INFO] [1783998542.118584345] [slope_manager]: [1;35m发布路径修正profile: 2 (0=关闭, 1=普通, 2=上坡强修正, 3=强修正符号验证)[0m
[INFO] [1783998542.119056633] [slope_manager]: [1;36m发送直驱覆盖点[11/18](attempt=1): final_descent_approach -> x=-3.428, y=-1.101, yaw=-123.1° (body_relative forward=0.720, left=0.000, yaw_mode=delta, yaw_delta=0.0°, source=(-4.031,-0.708,-123.1°), anchor=(-4.031,-0.708,current_pose), ref_yaw_source=current, ref_yaw=-123.1°), frame=camera_init, path_reference=/serial_path_reference, override=[7,0.800,0.800], 到点后锁存模式=0, note=普通最终位置第一段接近点：mode=7 固定直驱前进；只按起点到当前 pose 的净位移达到 0.60m 判定到点，再进入下一个自旋点。[0m
[INFO] [1783998542.140119292] [slope_manager]: [0;94mwaypoint=11/18 final_descent_approach dist=0.720m, min_dist=0.720m, yaw_err=0.0deg, pose=(-4.031,-0.708), goal=(-3.428,-1.101), pose_frame=camera_init, goal_frame=camera_init, line_progress=0.000/0.720m (0%), line_remaining=0.720m, line_lateral=-0.000m, travel=0.000/0.720m, override=[7,0.800,0.800][0m
[INFO] [1783998543.240325194] [slope_manager]: [0;94mwaypoint=11/18 final_descent_approach dist=0.282m, min_dist=0.282m, yaw_err=5.1deg, pose=(-3.628,-0.903), goal=(-3.428,-1.101), pose_frame=camera_init, goal_frame=camera_init, line_progress=0.444/0.720m (62%), line_remaining=0.276m, line_lateral=-0.056m, travel=0.447/0.720m, override=[7,0.800,0.800][0m
[INFO] [1783998543.715956158] [slope_manager]: [1;32m到点成功: waypoint[10]=final_descent_approach, dist=0.124, min_dist=0.113, yaw_err=4.8deg, reason=travel_distance(0.724>=0.720m)[0m
[INFO] [1783998543.716475881] [slope_manager]: [1;35m发布模式: 0 (正常行走)[0m
[INFO] [1783998543.716912132] [slope_manager]: [1;35m发布上坡步长滤波: False[0m
[INFO] [1783998543.717174055] [slope_manager]: [1;35m发布路径修正profile: 2 (0=关闭, 1=普通, 2=上坡强修正, 3=强修正符号验证)[0m
[INFO] [1783998543.717421342] [slope_manager]: [1;32m已到达 waypoint[10]=final_descent_approach，切换模式为 0 (正常行走)，上坡滤波=False，路径修正profile=2，并锁存到下一个 waypoint。[0m
[INFO] [1783998543.717676862] [slope_manager]: waypoint[10]=final_descent_approach 到点后等待 0.10s，再切换到下一个目标。
[INFO] [1783998543.818583422] [slope_manager]: [1;36m切换到下一个 waypoint: 12 / 18[0m
[INFO] [1783998543.819259667] [slope_manager]: 解析机身相对 waypoint[11]=final_descent_mid_spin: source=(-3.323,-1.007,-117.5deg), anchor=(-3.323,-1.007,current_pose), body_offset=(forward=0.000, left=0.000), yaw_mode=bridge_reference_delta, yaw_delta=0.0deg, ref_yaw_source=current, ref_yaw=-117.5deg, target=(-3.323,-1.007,-178.0deg), frame=camera_init
[INFO] [1783998543.819755927] [slope_manager]: [1;36m发送直驱覆盖点[12/18](attempt=1): final_descent_mid_spin -> x=-3.323, y=-1.007, yaw=-178.0° (body_relative forward=0.000, left=0.000, yaw_mode=bridge_reference_delta, yaw_delta=0.0°, source=(-3.323,-1.007,-117.5°), anchor=(-3.323,-1.007,current_pose), ref_yaw_source=current, ref_yaw=-117.5°), frame=camera_init, override=[7,0.700,-0.600], 到点后锁存模式=0, note=普通最终段新增自旋点：mode=7，left=0.40,right=0.50，相对当前姿态自旋约100度。[0m
[INFO] [1783998544.241041112] [slope_manager]: [0;94mwaypoint=12/18 final_descent_mid_spin dist=0.118m, min_dist=0.000m, yaw_err=54.3deg, pose=(-3.221,-1.066), goal=(-3.323,-1.007), pose_frame=camera_init, goal_frame=camera_init, override=[7,0.700,-0.600][0m
[INFO] [1783998545.241294292] [slope_manager]: [0;94mwaypoint=12/18 final_descent_mid_spin dist=0.210m, min_dist=0.000m, yaw_err=15.0deg, pose=(-3.137,-1.103), goal=(-3.323,-1.007), pose_frame=camera_init, goal_frame=camera_init, override=[7,0.700,-0.600][0m
[INFO] [1783998545.564787928] [slope_manager]: [1;32m到点成功: waypoint[11]=final_descent_mid_spin, dist=0.225, min_dist=0.000, yaw_err=4.3deg, reason=distance_memory_with_yaw[0m
[INFO] [1783998545.565087160] [slope_manager]: [1;35m发布模式: 0 (正常行走)[0m
[INFO] [1783998545.565363303] [slope_manager]: [1;35m发布上坡步长滤波: False[0m
[INFO] [1783998545.565639697] [slope_manager]: [1;35m发布路径修正profile: 0 (0=关闭, 1=普通, 2=上坡强修正, 3=强修正符号验证)[0m
[INFO] [1783998545.565896420] [slope_manager]: [1;32m已到达 waypoint[11]=final_descent_mid_spin，切换模式为 0 (正常行走)，上坡滤波=False，路径修正profile=0，并锁存到下一个 waypoint。[0m
[INFO] [1783998545.566157225] [slope_manager]: waypoint[11]=final_descent_mid_spin 到点后等待 0.10s，再切换到下一个目标。
[INFO] [1783998545.666815019] [slope_manager]: [1;36m切换到下一个 waypoint: 13 / 18[0m
[INFO] [1783998545.667340191] [slope_manager]: 解析机身相对 waypoint[12]=final_descent_second_approach: source=(-3.126,-1.124,-177.6deg), anchor=(-3.126,-1.124,current_pose), body_offset=(forward=1.000, left=0.000), yaw_mode=delta, yaw_delta=0.0deg, ref_yaw_source=current, ref_yaw=-177.6deg, target=(-3.084,-2.124,-177.6deg), frame=camera_init
[INFO] [1783998545.667815456] [slope_manager]: [1;35m发布路径修正profile: 2 (0=关闭, 1=普通, 2=上坡强修正, 3=强修正符号验证)[0m
[INFO] [1783998545.668182533] [slope_manager]: [1;36m发送直驱覆盖点[13/18](attempt=1): final_descent_second_approach -> x=-3.084, y=-2.124, yaw=-177.6° (body_relative forward=1.000, left=0.000, yaw_mode=delta, yaw_delta=0.0°, source=(-3.126,-1.124,-177.6°), anchor=(-3.126,-1.124,current_pose), ref_yaw_source=current, ref_yaw=-177.6°), frame=camera_init, path_reference=/serial_path_reference, override=[7,1.000,0.600], 到点后锁存模式=0, note=普通最终位置第二段接近点：mode=7 固定直驱前进；本点只按起点到当前 pose 的净位移达到 body_forward_m 判定到点，随后进入顺时针自旋点。[0m
[INFO] [1783998546.340077678] [slope_manager]: [0;94mwaypoint=13/18 final_descent_second_approach dist=0.844m, min_dist=0.844m, yaw_err=4.1deg, pose=(-3.102,-1.280), goal=(-3.084,-2.124), pose_frame=camera_init, goal_frame=camera_init, line_progress=0.156/1.000m (16%), line_remaining=0.844m, line_lateral=-0.017m, travel=0.157/1.000m, override=[7,1.000,0.600][0m
[INFO] [1783998547.440067031] [slope_manager]: [0;94mwaypoint=13/18 final_descent_second_approach dist=0.323m, min_dist=0.323m, yaw_err=12.5deg, pose=(-3.123,-1.803), goal=(-3.084,-2.124), pose_frame=camera_init, goal_frame=camera_init, line_progress=0.678/1.000m (68%), line_remaining=0.322m, line_lateral=0.026m, travel=0.679/1.000m, override=[7,1.000,0.600][0m
[INFO] [1783998548.159696197] [slope_manager]: [1;32m到点成功: waypoint[12]=final_descent_second_approach, dist=0.084, min_dist=0.081, yaw_err=17.8deg, reason=travel_distance(1.011>=1.000m)[0m
[INFO] [1783998548.160036804] [slope_manager]: [1;35m发布模式: 0 (正常行走)[0m
[INFO] [1783998548.160362023] [slope_manager]: [1;35m发布上坡步长滤波: False[0m
[INFO] [1783998548.160697267] [slope_manager]: [1;35m发布路径修正profile: 2 (0=关闭, 1=普通, 2=上坡强修正, 3=强修正符号验证)[0m
[INFO] [1783998548.161135125] [slope_manager]: [1;32m已到达 waypoint[12]=final_descent_second_approach，切换模式为 0 (正常行走)，上坡滤波=False，路径修正profile=2，并锁存到下一个 waypoint。[0m
[INFO] [1783998548.161627169] [slope_manager]: waypoint[12]=final_descent_second_approach 到点后等待 0.10s，再切换到下一个目标。
[INFO] [1783998548.263495895] [slope_manager]: [1;36m切换到下一个 waypoint: 14 / 18[0m
[INFO] [1783998548.264168138] [slope_manager]: 解析机身相对 waypoint[13]=final_descent_second_spin: source=(-3.186,-2.168,163.9deg), anchor=(-3.186,-2.168,current_pose), body_offset=(forward=0.000, left=0.000), yaw_mode=bridge_reference_delta, yaw_delta=-90.0deg, ref_yaw_source=current, ref_yaw=163.9deg, target=(-3.186,-2.168,92.0deg), frame=camera_init
[INFO] [1783998548.264801433] [slope_manager]: [1;36m发送直驱覆盖点[14/18](attempt=1): final_descent_second_spin -> x=-3.186, y=-2.168, yaw=92.0° (body_relative forward=0.000, left=0.000, yaw_mode=bridge_reference_delta, yaw_delta=-90.0°, source=(-3.186,-2.168,163.9°), anchor=(-3.186,-2.168,current_pose), ref_yaw_source=current, ref_yaw=163.9°), frame=camera_init, override=[7,0.900,0.000], 到点后锁存模式=0, note=普通最终段第二个自旋点：mode=7，顺时针自旋；按目标 yaw 容差到点，沿用旧的 0.20/0.65 步长量级。[0m
[INFO] [1783998548.540153379] [slope_manager]: [0;94mwaypoint=14/18 final_descent_second_spin dist=0.089m, min_dist=0.007m, yaw_err=67.3deg, pose=(-3.187,-2.257), goal=(-3.186,-2.168), pose_frame=camera_init, goal_frame=camera_init, override=[7,0.900,0.000][0m
[INFO] [1783998549.540237236] [slope_manager]: [0;94mwaypoint=14/18 final_descent_second_spin dist=0.222m, min_dist=0.007m, yaw_err=42.5deg, pose=(-3.324,-2.342), goal=(-3.186,-2.168), pose_frame=camera_init, goal_frame=camera_init, override=[7,0.900,0.000][0m
[INFO] [1783998550.640088394] [slope_manager]: [0;94mwaypoint=14/18 final_descent_second_spin dist=0.197m, min_dist=0.007m, yaw_err=23.5deg, pose=(-3.307,-2.324), goal=(-3.186,-2.168), pose_frame=camera_init, goal_frame=camera_init, override=[7,0.900,0.000][0m
[INFO] [1783998551.262774105] [slope_manager]: [1;32m到点成功: waypoint[13]=final_descent_second_spin, dist=0.224, min_dist=0.007, yaw_err=4.4deg, reason=distance_memory_with_yaw[0m
[INFO] [1783998551.263244934] [slope_manager]: [1;35m发布模式: 0 (正常行走)[0m
[INFO] [1783998551.263668210] [slope_manager]: [1;35m发布上坡步长滤波: False[0m
[INFO] [1783998551.264061494] [slope_manager]: [1;35m发布路径修正profile: 0 (0=关闭, 1=普通, 2=上坡强修正, 3=强修正符号验证)[0m
[INFO] [1783998551.264412674] [slope_manager]: [1;32m已到达 waypoint[13]=final_descent_second_spin，切换模式为 0 (正常行走)，上坡滤波=False，路径修正profile=0，并锁存到下一个 waypoint。[0m
[INFO] [1783998551.264699160] [slope_manager]: waypoint[13]=final_descent_second_spin 到点后等待 0.10s，再切换到下一个目标。
[INFO] [1783998551.365375115] [slope_manager]: [1;36m切换到下一个 waypoint: 15 / 18[0m
[INFO] [1783998551.365891652] [slope_manager]: 解析机身相对 waypoint[14]=final_descent_second_spin_extra_approach: source=(-3.403,-2.294,94.3deg), anchor=(-3.403,-2.294,current_pose), body_offset=(forward=0.350, left=0.000), yaw_mode=delta, yaw_delta=0.0deg, ref_yaw_source=current, ref_yaw=94.3deg, target=(-3.752,-2.321,94.3deg), frame=camera_init
[INFO] [1783998551.366475057] [slope_manager]: [1;35m发布路径修正profile: 2 (0=关闭, 1=普通, 2=上坡强修正, 3=强修正符号验证)[0m
[INFO] [1783998551.366891900] [slope_manager]: [1;36m发送直驱覆盖点[15/18](attempt=1): final_descent_second_spin_extra_approach -> x=-3.752, y=-2.321, yaw=94.3° (body_relative forward=0.350, left=0.000, yaw_mode=delta, yaw_delta=0.0°, source=(-3.403,-2.294,94.3°), anchor=(-3.403,-2.294,current_pose), ref_yaw_source=current, ref_yaw=94.3°), frame=camera_init, path_reference=/serial_path_reference, override=[7,0.800,0.800], 到点后锁存模式=0, note=普通最终段第二个自旋后新增直驱点：mode=7，left=0.75,right=0.50，固定直驱前进0.8m。[0m
[INFO] [1783998551.640251408] [slope_manager]: [0;94mwaypoint=15/18 final_descent_second_spin_extra_approach dist=0.296m, min_dist=0.296m, yaw_err=5.1deg, pose=(-3.459,-2.281), goal=(-3.752,-2.321), pose_frame=camera_init, goal_frame=camera_init, line_progress=0.054/0.350m (15%), line_remaining=0.296m, line_lateral=0.017m, travel=0.057/0.350m, override=[7,0.800,0.800][0m
[INFO] [1783998552.161102574] [slope_manager]: [1;32m到点成功: waypoint[14]=final_descent_second_spin_extra_approach, dist=0.038, min_dist=0.029, yaw_err=2.5deg, reason=travel_distance(0.374>=0.350m)[0m
[INFO] [1783998552.161519669] [slope_manager]: [1;35m发布模式: 0 (正常行走)[0m
[INFO] [1783998552.161909578] [slope_manager]: [1;35m发布上坡步长滤波: False[0m
[INFO] [1783998552.162241569] [slope_manager]: [1;35m发布路径修正profile: 2 (0=关闭, 1=普通, 2=上坡强修正, 3=强修正符号验证)[0m
[INFO] [1783998552.162520930] [slope_manager]: [1;32m已到达 waypoint[14]=final_descent_second_spin_extra_approach，切换模式为 0 (正常行走)，上坡滤波=False，路径修正profile=2，并锁存到下一个 waypoint。[0m
[INFO] [1783998552.162822506] [slope_manager]: waypoint[14]=final_descent_second_spin_extra_approach 到点后等待 0.10s，再切换到下一个目标。
[INFO] [1783998552.263444606] [slope_manager]: [1;36m切换到下一个 waypoint: 16 / 18[0m
[INFO] [1783998552.263948145] [slope_manager]: 解析机身相对 waypoint[15]=final_descent_second_spin_extra_spin: source=(-3.843,-2.300,91.9deg), anchor=(-3.843,-2.300,current_pose), body_offset=(forward=0.000, left=0.000), yaw_mode=bridge_reference_delta, yaw_delta=-2.0deg, ref_yaw_source=current, ref_yaw=91.9deg, target=(-3.843,-2.300,180.0deg), frame=camera_init
[INFO] [1783998552.264407825] [slope_manager]: [1;36m发送直驱覆盖点[16/18](attempt=1): final_descent_second_spin_extra_spin -> x=-3.843, y=-2.300, yaw=180.0° (body_relative forward=0.000, left=0.000, yaw_mode=bridge_reference_delta, yaw_delta=-2.0°, source=(-3.843,-2.300,91.9°), anchor=(-3.843,-2.300,current_pose), ref_yaw_source=current, ref_yaw=91.9°), frame=camera_init, override=[7,-0.600,0.700], 到点后锁存模式=0, note=普通最终段第二个自旋后新增自旋点：mode=7，left=-0.25,right=0.70，相对当前姿态自旋100度。[0m
[INFO] [1783998552.740021056] [slope_manager]: [0;94mwaypoint=16/18 final_descent_second_spin_extra_spin dist=0.169m, min_dist=0.007m, yaw_err=75.5deg, pose=(-4.011,-2.312), goal=(-3.843,-2.300), pose_frame=camera_init, goal_frame=camera_init, override=[7,-0.600,0.700][0m
[INFO] [1783998553.740038450] [slope_manager]: [0;94mwaypoint=16/18 final_descent_second_spin_extra_spin dist=0.226m, min_dist=0.007m, yaw_err=39.9deg, pose=(-4.068,-2.324), goal=(-3.843,-2.300), pose_frame=camera_init, goal_frame=camera_init, override=[7,-0.600,0.700][0m
[INFO] [1783998554.740279898] [slope_manager]: [0;94mwaypoint=16/18 final_descent_second_spin_extra_spin dist=0.320m, min_dist=0.007m, yaw_err=6.1deg, pose=(-4.135,-2.431), goal=(-3.843,-2.300), pose_frame=camera_init, goal_frame=camera_init, override=[7,-0.600,0.700][0m
[INFO] [1783998554.801519243] [slope_manager]: [1;32m到点成功: waypoint[15]=final_descent_second_spin_extra_spin, dist=0.324, min_dist=0.007, yaw_err=4.8deg, reason=distance_memory_with_yaw[0m
[INFO] [1783998554.802004266] [slope_manager]: [1;35m发布模式: 0 (正常行走)[0m
[INFO] [1783998554.802380199] [slope_manager]: [1;35m发布上坡步长滤波: False[0m
[INFO] [1783998554.802731728] [slope_manager]: [1;35m发布路径修正profile: 0 (0=关闭, 1=普通, 2=上坡强修正, 3=强修正符号验证)[0m
[INFO] [1783998554.803065760] [slope_manager]: [1;32m已到达 waypoint[15]=final_descent_second_spin_extra_spin，切换模式为 0 (正常行走)，上坡滤波=False，路径修正profile=0，并锁存到下一个 waypoint。[0m
[INFO] [1783998554.803345373] [slope_manager]: waypoint[15]=final_descent_second_spin_extra_spin 到点后等待 0.10s，再切换到下一个目标。
[INFO] [1783998554.904005334] [slope_manager]: [1;36m切换到下一个 waypoint: 17 / 18[0m
[INFO] [1783998554.904549358] [slope_manager]: 解析机身相对 waypoint[16]=final_descent_third_approach: source=(-4.147,-2.434,175.5deg), anchor=(-4.147,-2.434,current_pose), body_offset=(forward=1.900, left=0.000), yaw_mode=delta, yaw_delta=0.0deg, ref_yaw_source=current, ref_yaw=175.5deg, target=(-4.297,-4.329,175.5deg), frame=camera_init
[INFO] [1783998554.905064604] [slope_manager]: [1;35m发布路径修正profile: 2 (0=关闭, 1=普通, 2=上坡强修正, 3=强修正符号验证)[0m
[INFO] [1783998554.905468048] [slope_manager]: [1;36m发送直驱覆盖点[17/18](attempt=1): final_descent_third_approach -> x=-4.297, y=-4.329, yaw=175.5° (body_relative forward=1.900, left=0.000, yaw_mode=delta, yaw_delta=0.0°, source=(-4.147,-2.434,175.5°), anchor=(-4.147,-2.434,current_pose), ref_yaw_source=current, ref_yaw=175.5°), frame=camera_init, path_reference=/serial_path_reference, override=[7,0.800,1.000], yaw_corr=0.000,yaw_err=0.0deg, 到点后锁存模式=0, note=普通最终位置第三段接近点：mode=7，left=0.50,right=0.70，固定直驱前进并叠加小幅姿态修正；本点只按起点到当前 pose 的净位移达到 body_forward_m 判定到点，随后进入最终朝向点。[0m
[INFO] [1783998555.740142047] [slope_manager]: [0;94mwaypoint=17/18 final_descent_third_approach dist=1.624m, min_dist=1.624m, yaw_err=3.5deg, pose=(-4.146,-2.711), goal=(-4.297,-4.329), pose_frame=camera_init, goal_frame=camera_init, line_progress=0.276/1.900m (15%), line_remaining=1.624m, line_lateral=-0.022m, travel=0.277/1.900m, override=[7,0.811,0.989], yaw_corr=0.011,yaw_err=-3.5deg[0m
[INFO] [1783998556.840071659] [slope_manager]: [0;94mwaypoint=17/18 final_descent_third_approach dist=0.996m, min_dist=0.996m, yaw_err=3.7deg, pose=(-4.214,-3.335), goal=(-4.297,-4.329), pose_frame=camera_init, goal_frame=camera_init, line_progress=0.904/1.900m (48%), line_remaining=0.996m, line_lateral=-0.004m, travel=0.904/1.900m, override=[7,0.813,0.987], yaw_corr=0.013,yaw_err=-3.7deg[0m
[INFO] [1783998557.940320396] [slope_manager]: [0;94mwaypoint=17/18 final_descent_third_approach dist=0.382m, min_dist=0.382m, yaw_err=2.8deg, pose=(-4.263,-3.948), goal=(-4.297,-4.329), pose_frame=camera_init, goal_frame=camera_init, line_progress=1.518/1.900m (80%), line_remaining=0.382m, line_lateral=-0.004m, travel=1.518/1.900m, override=[7,0.807,0.993], yaw_corr=0.007,yaw_err=-2.8deg[0m
[INFO] [1783998558.600922852] [slope_manager]: [1;32m到点成功: waypoint[16]=final_descent_third_approach, dist=0.070, min_dist=0.060, yaw_err=3.9deg, reason=travel_distance(1.910>=1.900m)[0m
[INFO] [1783998558.601378378] [slope_manager]: [1;35m发布模式: 0 (正常行走)[0m
[INFO] [1783998558.601871059] [slope_manager]: [1;35m发布上坡步长滤波: False[0m
[INFO] [1783998558.602251598] [slope_manager]: [1;35m发布路径修正profile: 2 (0=关闭, 1=普通, 2=上坡强修正, 3=强修正符号验证)[0m
[INFO] [1783998558.602580316] [slope_manager]: [1;32m已到达 waypoint[16]=final_descent_third_approach，切换模式为 0 (正常行走)，上坡滤波=False，路径修正profile=2，并锁存到下一个 waypoint。[0m
[INFO] [1783998558.602881504] [slope_manager]: waypoint[16]=final_descent_third_approach 到点后等待 0.10s，再切换到下一个目标。
[INFO] [1783998558.703568971] [slope_manager]: [1;36m切换到下一个 waypoint: 18 / 18[0m
[INFO] [1783998558.704317478] [slope_manager]: 解析机身相对 waypoint[17]=final_heading_align: source=(-4.228,-4.369,177.7deg), anchor=(-4.228,-4.369,current_pose), body_offset=(forward=0.000, left=0.000), yaw_mode=waypoint_arrival, yaw_delta=0.0deg, ref_yaw_source=target_yaw, ref_yaw=-178.4deg, target=(-4.228,-4.369,-178.4deg), frame=camera_init
[INFO] [1783998558.705065047] [slope_manager]: [1;36m发送直驱覆盖点[18/18](attempt=1): final_heading_align -> x=-4.228, y=-4.369, yaw=-178.4° (body_relative forward=0.000, left=0.000, yaw_mode=waypoint_arrival, yaw_delta=0.0°, source=(-4.228,-4.369,177.7°), anchor=(-4.228,-4.369,current_pose), ref_yaw_source=target_yaw, ref_yaw=-178.4°), frame=camera_init, override=[6,-0.200,0.400], yaw_dir=ccw,yaw_err=3.9deg, 到点后锁存模式=0, note=普通最终朝向调整点：不再写死角度，引用 bridge_entry 到点时的实际 yaw；2026-07-06 日志显示 yaw_err<0 时 [-0.20,0.40] 会越修越大，改为 yaw_err<0 用 [0.40,-0.20]，yaw_err>0 用 [-0.20,0.40]。[0m
[INFO] [1783998558.759589054] [slope_manager]: [1;32m到点成功: waypoint[17]=final_heading_align, dist=0.024, min_dist=0.008, yaw_err=2.9deg, reason=distance_tolerance[0m
[INFO] [1783998558.759933889] [slope_manager]: [1;35m发布模式: 0 (正常行走)[0m
[INFO] [1783998558.760302923] [slope_manager]: [1;35m发布上坡步长滤波: False[0m
[INFO] [1783998558.760647487] [slope_manager]: [1;35m发布路径修正profile: 0 (0=关闭, 1=普通, 2=上坡强修正, 3=强修正符号验证)[0m
[INFO] [1783998558.760971589] [slope_manager]: [1;32m已到达 waypoint[17]=final_heading_align，切换模式为 0 (正常行走)，上坡滤波=False，路径修正profile=0，并锁存到下一个 waypoint。[0m
[INFO] [1783998558.762159662] [slope_manager]: [1;35m发布模式: 0 (正常行走)[0m
[INFO] [1783998558.762452044] [slope_manager]: [1;35m发布上坡步长滤波: False[0m
[INFO] [1783998558.762728612] [slope_manager]: [1;35m发布路径修正profile: 0 (0=关闭, 1=普通, 2=上坡强修正, 3=强修正符号验证)[0m
[INFO] [1783998558.763024073] [slope_manager]: [1;32m全部 waypoint 已完成，恢复为 mode=0，流程结束。[0m
[INFO] [1783998558.818663958] [slope_manager]: obstacle_manager deactivated: reason=external_topic
