[INFO] [1783753069.053681774] [upstairs_detector]: state=DETECTING
[INFO] [1783753069.055362243] [upstairs_detector]: upstairs_detector started: color=/camera/color/image_raw, depth=/camera/aligned_depth_to_color/image_raw, target_band_from_bottom=1, trigger_distance=0.66m, hsv=[30, 40, 30]-[100, 255, 255]
[INFO] [1783753069.230831604] [upstairs_detector]: [1;95m触发状态更新: trigger=False[0m
[INFO] [1783753069.234067649] [upstairs_detector]: [0;33m未检测到有效上台阶: bands=0, target_band_from_bottom=1, mask_px=33902, frame=1, hsv=[30, 40, 30]-[100, 255, 255][0m
[INFO] [1783753070.285701021] [upstairs_detector]: [1;34m最近上台阶: dist=1.044m, band_from_bottom=1, lateral=0.035m, vertical=0.323m, pixel=(223.6,210.5), box=402x58, area=23148, depth_px=13826, bands=1, trigger=False[0m
[INFO] [1783753071.284855350] [upstairs_detector]: [1;34m最近上台阶: dist=1.019m, band_from_bottom=1, lateral=0.249m, vertical=0.308m, pixel=(287.1,208.3), box=424x57, area=9306, depth_px=8747, bands=1, trigger=False[0m
[INFO] [1783753072.281783296] [upstairs_detector]: [0;33m未检测到有效上台阶: bands=0, target_band_from_bottom=1, mask_px=9809, frame=47, hsv=[30, 40, 30]-[100, 255, 255][0m
[INFO] [1783753073.287806313] [upstairs_detector]: [1;34m最近上台阶: dist=0.992m, band_from_bottom=1, lateral=0.179m, vertical=0.311m, pixel=(267.9,211.9), box=424x46, area=8885, depth_px=8675, bands=1, trigger=False[0m
[INFO] [1783753074.280635969] [upstairs_detector]: [0;33m未检测到有效上台阶: bands=0, target_band_from_bottom=1, mask_px=3816, frame=77, hsv=[30, 40, 30]-[100, 255, 255][0m
[INFO] [1783753075.280566681] [upstairs_detector]: [0;33m未检测到有效上台阶: bands=0, target_band_from_bottom=1, mask_px=2730, frame=92, hsv=[30, 40, 30]-[100, 255, 255][0m
[INFO] [1783753076.281086669] [upstairs_detector]: [0;33m未检测到有效上台阶: bands=0, target_band_from_bottom=1, mask_px=2046, frame=107, hsv=[30, 40, 30]-[100, 255, 255][0m
[INFO] [1783753077.281889096] [upstairs_detector]: [0;33m未检测到有效上台阶: bands=0, target_band_from_bottom=1, mask_px=1251, frame=122, hsv=[30, 40, 30]-[100, 255, 255][0m
[INFO] [1783753078.282411717] [upstairs_detector]: [0;33m未检测到有效上台阶: bands=0, target_band_from_bottom=1, mask_px=1643, frame=137, hsv=[30, 40, 30]-[100, 255, 255][0m
[INFO] [1783753079.285170690] [upstairs_detector]: [0;33m未检测到有效上台阶: bands=0, target_band_from_bottom=1, mask_px=2112, frame=152, hsv=[30, 40, 30]-[100, 255, 255][0m
[INFO] [1783753080.284163313] [upstairs_detector]: [0;33m未检测到有效上台阶: bands=0, target_band_from_bottom=1, mask_px=1719, frame=167, hsv=[30, 40, 30]-[100, 255, 255][0m
[INFO] [1783753081.285713451] [upstairs_detector]: [0;33m未检测到有效上台阶: bands=0, target_band_from_bottom=1, mask_px=808, frame=182, hsv=[30, 40, 30]-[100, 255, 255][0m
[INFO] [1783753082.287515658] [upstairs_detector]: [0;33m未检测到有效上台阶: bands=0, target_band_from_bottom=1, mask_px=302, frame=197, hsv=[30, 40, 30]-[100, 255, 255][0m
[INFO] [1783753083.285932108] [upstairs_detector]: [0;33m未检测到有效上台阶: bands=0, target_band_from_bottom=1, mask_px=436, frame=212, hsv=[30, 40, 30]-[100, 255, 255][0m
[INFO] [1783753084.291350349] [upstairs_detector]: [0;33m未检测到有效上台阶: bands=0, target_band_from_bottom=1, mask_px=572, frame=227, hsv=[30, 40, 30]-[100, 255, 255][0m
[INFO] [1783753085.336644758] [upstairs_detector]: [0;33m未检测到有效上台阶: bands=0, target_band_from_bottom=1, mask_px=606, frame=251, hsv=[30, 40, 30]-[100, 255, 255][0m
[INFO] [1783753086.339170451] [upstairs_detector]: [0;33m未检测到有效上台阶: bands=0, target_band_from_bottom=1, mask_px=587, frame=266, hsv=[30, 40, 30]-[100, 255, 255][0m
[INFO] [1783753087.339969361] [upstairs_detector]: [0;33m未检测到有效上台阶: bands=0, target_band_from_bottom=1, mask_px=1162, frame=281, hsv=[30, 40, 30]-[100, 255, 255][0m
[INFO] [1783753088.404997174] [upstairs_detector]: [0;33m未检测到有效上台阶: bands=0, target_band_from_bottom=1, mask_px=2054, frame=297, hsv=[30, 40, 30]-[100, 255, 255][0m
[INFO] [1783753089.407182880] [upstairs_detector]: [0;33m未检测到有效上台阶: bands=0, target_band_from_bottom=1, mask_px=2343, frame=312, hsv=[30, 40, 30]-[100, 255, 255][0m
[INFO] [1783753090.482027522] [upstairs_detector]: [0;33m未检测到有效上台阶: bands=0, target_band_from_bottom=1, mask_px=1633, frame=328, hsv=[30, 40, 30]-[100, 255, 255][0m
[INFO] [1783753091.541551614] [upstairs_detector]: [0;33m未检测到有效上台阶: bands=0, target_band_from_bottom=1, mask_px=1683, frame=344, hsv=[30, 40, 30]-[100, 255, 255][0m
[INFO] [1783753092.541719484] [upstairs_detector]: [0;33m未检测到有效上台阶: bands=0, target_band_from_bottom=1, mask_px=2740, frame=359, hsv=[30, 40, 30]-[100, 255, 255][0m
[INFO] [1783753093.542040105] [upstairs_detector]: [0;33m未检测到有效上台阶: bands=0, target_band_from_bottom=1, mask_px=2405, frame=374, hsv=[30, 40, 30]-[100, 255, 255][0m
[INFO] [1783753094.542919931] [upstairs_detector]: [0;33m未检测到有效上台阶: bands=0, target_band_from_bottom=1, mask_px=2907, frame=389, hsv=[30, 40, 30]-[100, 255, 255][0m
[INFO] [1783753095.543697936] [upstairs_detector]: [0;33m未检测到有效上台阶: bands=0, target_band_from_bottom=1, mask_px=3173, frame=404, hsv=[30, 40, 30]-[100, 255, 255][0m
[INFO] [1783753096.544578858] [upstairs_detector]: [0;33m未检测到有效上台阶: bands=0, target_band_from_bottom=1, mask_px=2740, frame=419, hsv=[30, 40, 30]-[100, 255, 255][0m
[INFO] [1783753097.545383312] [upstairs_detector]: [0;33m未检测到有效上台阶: bands=0, target_band_from_bottom=1, mask_px=2888, frame=434, hsv=[30, 40, 30]-[100, 255, 255][0m
[INFO] [1783753098.545809390] [upstairs_detector]: [0;33m未检测到有效上台阶: bands=0, target_band_from_bottom=1, mask_px=2893, frame=449, hsv=[30, 40, 30]-[100, 255, 255][0m
[INFO] [1783753099.546812225] [upstairs_detector]: [0;33m未检测到有效上台阶: bands=0, target_band_from_bottom=1, mask_px=2769, frame=464, hsv=[30, 40, 30]-[100, 255, 255][0m
[INFO] [1783753100.547712848] [upstairs_detector]: [0;33m未检测到有效上台阶: bands=0, target_band_from_bottom=1, mask_px=3058, frame=479, hsv=[30, 40, 30]-[100, 255, 255][0m
[INFO] [1783753101.548401527] [upstairs_detector]: [0;33m未检测到有效上台阶: bands=0, target_band_from_bottom=1, mask_px=3265, frame=494, hsv=[30, 40, 30]-[100, 255, 255][0m
[INFO] [1783753102.549110372] [upstairs_detector]: [0;33m未检测到有效上台阶: bands=0, target_band_from_bottom=1, mask_px=3081, frame=509, hsv=[30, 40, 30]-[100, 255, 255][0m
[INFO] [1783753103.551973704] [upstairs_detector]: [0;33m未检测到有效上台阶: bands=0, target_band_from_bottom=1, mask_px=3655, frame=524, hsv=[30, 40, 30]-[100, 255, 255][0m
[INFO] [1783753104.551398016] [upstairs_detector]: [0;33m未检测到有效上台阶: bands=0, target_band_from_bottom=1, mask_px=4227, frame=539, hsv=[30, 40, 30]-[100, 255, 255][0m
[INFO] [1783753105.552770913] [upstairs_detector]: [0;33m未检测到有效上台阶: bands=0, target_band_from_bottom=1, mask_px=12129, frame=554, hsv=[30, 40, 30]-[100, 255, 255][0m
[INFO] [1783753106.574544281] [upstairs_detector]: [1;34m最近上台阶: dist=1.213m, band_from_bottom=1, lateral=-0.180m, vertical=0.412m, pixel=(168.5,219.7), box=358x40, area=10746, depth_px=5748, bands=1, trigger=False[0m
[INFO] [1783753107.161104337] [upstairs_detector]: [1;95m触发状态更新: trigger=True[0m
[INFO] [1783753107.420419245] [upstairs_detector]: [1;95m触发状态更新: trigger=False[0m
[INFO] [1783753107.620852557] [upstairs_detector]: [0;33m未检测到有效上台阶: bands=0, target_band_from_bottom=1, mask_px=5141, frame=585, hsv=[30, 40, 30]-[100, 255, 255][0m
[INFO] [1783753108.621498660] [upstairs_detector]: [0;33m未检测到有效上台阶: bands=0, target_band_from_bottom=1, mask_px=1670, frame=600, hsv=[30, 40, 30]-[100, 255, 255][0m
[INFO] [1783753109.620629861] [ups