[INFO] [1784182918.396937731] [upstairs_detector]: state=DETECTING
[INFO] [1784182918.397522060] [upstairs_detector]: upstairs_detector started: color=/camera/color/image_raw, depth=/camera/aligned_depth_to_color/image_raw, target_band_from_bottom=1, trigger_distance=0.62m, hsv=[30, 40, 30]-[100, 255, 255]
[INFO] [1784182918.511313209] [upstairs_detector]: 等待对齐深度图。
[INFO] [1784182918.513001426] [upstairs_detector]: [1;95m触发状态更新: trigger=False[0m
[INFO] [1784182918.842830379] [upstairs_detector]: [1;95m触发状态更新: trigger=True[0m
[INFO] [1784182919.048739007] [upstairs_detector]: [1;95m触发状态更新: trigger=False[0m
[INFO] [1784182919.581334438] [upstairs_detector]: [1;34m最近上台阶: dist=0.977m, band_from_bottom=1, lateral=0.005m, vertical=0.308m, pixel=(214.9,212.4), box=424x55, area=22854, depth_px=16737, bands=1, trigger=False[0m
[INFO] [1784182920.583105027] [upstairs_detector]: [1;34m最近上台阶: dist=0.986m, band_from_bottom=1, lateral=0.105m, vertical=0.311m, pixel=(245.6,212.5), box=410x54, area=18699, depth_px=15522, bands=1, trigger=False[0m
[INFO] [1784182921.582472639] [upstairs_detector]: [1;34m最近上台阶: dist=0.972m, band_from_bottom=1, lateral=0.219m, vertical=0.320m, pixel=(281.4,216.5), box=398x50, area=12864, depth_px=11270, bands=1, trigger=False[0m
[INFO] [1784182922.583049240] [upstairs_detector]: [1;34m最近上台阶: dist=0.969m, band_from_bottom=1, lateral=0.247m, vertical=0.320m, pixel=(290.6,216.9), box=318x50, area=12229, depth_px=11105, bands=1, trigger=False[0m
[INFO] [1784182923.582113368] [upstairs_detector]: [1;34m最近上台阶: dist=0.969m, band_from_bottom=1, lateral=0.269m, vertical=0.319m, pixel=(297.2,216.7), box=320x51, area=11690, depth_px=10949, bands=1, trigger=False[0m
[INFO] [1784182924.584180296] [upstairs_detector]: [1;34m最近上台阶: dist=0.963m, band_from_bottom=1, lateral=0.284m, vertical=0.320m, pixel=(302.7,217.5), box=302x50, area=9629, depth_px=8989, bands=1, trigger=False[0m
[INFO] [1784182925.584600762] [upstairs_detector]: [1;34m最近上台阶: dist=0.966m, band_from_bottom=1, lateral=0.305m, vertical=0.315m, pixel=(308.8,215.8), box=306x51, area=10264, depth_px=9543, bands=1, trigger=False[0m
[INFO] [1784182926.584770117] [upstairs_detector]: [1;34m最近上台阶: dist=0.947m, band_from_bottom=1, lateral=0.217m, vertical=0.355m, pixel=(282.8,230.3), box=298x18, area=4796, depth_px=4796, bands=2, trigger=False[0m
[INFO] [1784182927.597651816] [upstairs_detector]: [1;34m最近上台阶: dist=0.969m, band_from_bottom=1, lateral=0.289m, vertical=0.319m, pixel=(303.6,216.5), box=306x51, area=10459, depth_px=9664, bands=1, trigger=False[0m
[INFO] [1784182928.655062097] [upstairs_detector]: [1;34m最近上台阶: dist=0.969m, band_from_bottom=1, lateral=0.298m, vertical=0.317m, pixel=(306.4,215.8), box=304x51, area=10257, depth_px=9459, bands=1, trigger=False[0m
[INFO] [1784182929.656206354] [upstairs_detector]: [1;34m最近上台阶: dist=0.944m, band_from_bottom=1, lateral=0.221m, vertical=0.354m, pixel=(284.0,230.3), box=306x18, area=4534, depth_px=4523, bands=2, trigger=False[0m
[INFO] [1784182930.656215534] [upstairs_detector]: [1;34m最近上台阶: dist=0.944m, band_from_bottom=1, lateral=0.214m, vertical=0.354m, pixel=(281.9,230.4), box=302x18, area=4503, depth_px=4488, bands=2, trigger=False[0m
[INFO] [1784182931.692587099] [upstairs_detector]: [1;34m最近上台阶: dist=0.947m, band_from_bottom=1, lateral=0.213m, vertical=0.355m, pixel=(281.4,230.4), box=296x18, area=4766, depth_px=4763, bands=2, trigger=False[0m
[INFO] [1784182932.726179163] [upstairs_detector]: [1;34m最近上台阶: dist=0.980m, band_from_bottom=1, lateral=0.294m, vertical=0.319m, pixel=(304.2,215.4), box=306x51, area=10089, depth_px=9259, bands=1, trigger=False[0m
[INFO] [1784182933.718900719] [upstairs_detector]: [0;33m未检测到有效上台阶: bands=0, target_band_from_bottom=1, mask_px=2361, frame=230, hsv=[30, 40, 30]-[100, 255, 255][0m
[INFO] [1784182934.719674963] [upstairs_detector]: [0;33m未检测到有效上台阶: bands=0, target_band_from_bottom=1, mask_px=5111, frame=245, hsv=[30, 40, 30]-[100, 255, 255][0m
[INFO] [1784182935.721490081] [upstairs_detector]: [0;33m未检测到有效上台阶: bands=0, target_band_from_bottom=1, mask_px=1088, frame=260, hsv=[30, 40, 30]-[100, 255, 255][0m
[INFO] [1784182936.723256035] [upstairs_detector]: [0;33m未检测到有效上台阶: bands=0, target_band_from_bottom=1, mask_px=7698, frame=275, hsv=[30, 40, 30]-[100, 255, 255][0m
[INFO] [1784182937.726616844] [upstairs_detector]: [1;34m最近上台阶: dist=0.808m, band_from_bottom=1, lateral=0.324m, vertical=0.282m, pixel=(334.5,222.7), box=202x22, area=3334, depth_px=3334, bands=1, trigger=False[0m
[INFO] [1784182938.724567605] [upstairs_detector]: [0;33m未检测到有效上台阶: bands=0, target_band_from_bottom=1, mask_px=565, frame=305, hsv=[30, 40, 30]-[100, 255, 255][0m
[INFO] [1784182939.724901289] [upstairs_detector]: [0;33m未检测到有效上台阶: bands=0, target_band_from_bottom=1, mask_px=1270, frame=320, hsv=[30, 40, 30]-[100, 255, 255][0m
[INFO] [1784182940.725394823] [upstairs_detector]: [0;33m未检测到有效上台阶: bands=0, target_band_from_bottom=1, mask_px=1470, frame=335, hsv=[30, 40, 30]-[100, 255, 255][0m
[INFO] [1784182941.726629957] [upstairs_detector]: [0;33m未检测到有效上台阶: bands=0, target_band_from_bottom=1, mask_px=3608, frame=350, hsv=[30, 40, 30]-[100, 255, 255][0m
[INFO] [1784182942.727118526] [upstairs_detector]: [0;33m未检测到有效上台阶: bands=0, target_band_from_bottom=1, mask_px=1044, frame=365, hsv=[30, 40, 30]-[100, 255, 255][0m
[INFO] [1784182943.728698973] [upstairs_detector]: [0;33m未检测到有效上台阶: bands=0, target_band_from_bottom=1, mask_px=772, frame=380, hsv=[30, 40, 30]-[100, 255, 255][0m
[INFO] [1784182944.795211729] [upstairs_detector]: [0;33m未检测到有效上台阶: bands=0, target_band_from_bottom=1, mask_px=3211, frame=396, hsv=[30, 40, 30]-[100, 255, 255][0m
[INFO] [1784182945.796849874] [upstairs_detector]: [0;33m未检测到有效上台阶: bands=0, target_band_from_bottom=1, mask_px=1636, frame=411, hsv=[30, 40, 30]-[100, 255, 255][0m
[INFO] [1784182946.796863865] [upstairs_detector]: [0;33m未检测到有效上台阶: bands=0, target_band_from_bottom=1, mask_px=472, frame=426, hsv=[30, 40, 30]-[100, 255, 255][0m
[INFO] [1784182947.797254028] [upstairs_detector]: [0;33m未检测到有效上台阶: bands=0, target_band_from_bottom=1, mask_px=2358, frame=441, hsv=[30, 40, 30]-[100, 255, 255][0m
[INFO] [1784182948.805535946] [upstairs_detector]: [1;34m最近上台阶: dist=0.899m, band_from_bottom=1, lateral=0.111m, vertical=0.268m, pixel=(250.8,207.1), box=374x67, area=13964, depth_px=13964, bands=1, trigger=False[0m
[INFO] [1784182949.799551226] [upstairs_detector]: [0;33m未检测到有效上台阶: bands=0, target_band_from_bottom=1, mask_px=5464, frame=471, hsv=[30, 40, 30]-[100, 255, 255][0m
[INFO] [1784182950.800450613] [upstairs_detector]: [0;33m未检测到有效上台阶: bands=0, target_band_from_bottom=1, mask_px=0, frame=486, hsv=[30, 40, 30]-[100, 255, 255][0m
[INFO] [1784182951.800858800] [upstairs_detector]: [0;33m未检测到有效上台阶: bands=0, target_band_from_bottom=1, mask_px=1157, frame=501, hsv=[30, 40, 30]-[100, 255, 255][0m
[INFO] [1784182952.804841342] [upstairs_detector]: [0;33m未检测到有效上台阶: bands=0, target_band_from_bottom=1, mask_px=694, frame=516, hsv=[30, 40, 30]-[100, 255, 255][0m
[INFO] [1784182953.802319058] [upstairs_detector]: [0;33m未检测到有效上台阶: bands=0, target_band_from_bottom=1, mask_px=1685, frame=531, hsv=[30, 40, 30]-[100, 255, 255][0m
[INFO] [1784182954.802724271] [upstairs_detector]: [0;33m未检测到有效上台阶: bands=0, target_band_from_bottom=1, mask_px=2742, frame=546, hsv=[30, 40, 30]-[100, 255, 255][0m
[INFO] [1784182955.804267468] [upstairs_detector]: [0;33m未检测到有效上台阶: bands=0, target_band_from_bottom=1, mask_px=2467, frame=561, hsv=[30, 40, 30]-[100, 255, 255][0m
[INFO] [1784182956.804977029] [upstairs_detector]: [0;33m未检测到有效上台阶: bands=0, target_band_from_bottom=1, mask_px=1398, frame=576, hsv=[30, 40, 30]-[100, 255, 255][0m
[INFO] [1784182957.807037514] [upstairs_detector]: [0;33m未检测到有效上台阶: bands=0, target_band_from_bottom=1, mask_px=1928, frame=591, hsv=[30, 40, 30]-[100, 255, 255][0m
[INFO] [1784182958.873504215] [upstairs_detector]: [0;33m未检测到有效上台阶: bands=0, target_band_from_bottom=1, mask_px=2355, frame=607, hsv=[30, 40, 30]-[100, 255, 255][0m
[INFO] [1784182959.876513231] [upstairs_detector]: [0;33m未检测到有效上台阶: bands=0, target_band_from_bottom=1, mask_px=1860, frame=622, hsv=[30, 40, 30]-[100, 255, 255][0m
[INFO] [1784182960.874864408] [upstairs_detector]: [0;33m未检测到有效上台阶: bands=0, target_band_from_bottom=1, mask_px=4064, frame=637, hsv=[30, 40, 30]-[100, 255, 255][0m
[INFO] [1784182961.876356112] [upstairs_detector]: [0;33m未检测到有效上台阶: bands=0, target_band_from_bottom=1, mask_px=4688, frame=652, hsv=[30, 40, 30]-[100, 255, 255][0m
[INFO] [1784182962.945790172] [upstairs_detector]: [0;33m未检测到有效上台阶: bands=0, target_band_from_bottom=1, mask_px=5449, frame=668, hsv=[30, 40, 30]-[100, 255, 255][0m
[INFO] [1784182963.943374907] [upstairs_detector]: [0;33m未检测到有效上台阶: bands=0, target_band_from_bottom=1, mask_px=4325, frame=683, hsv=[30, 40, 30]-[100, 255, 255][0m
