[INFO] [1784090646.300246786] [stairs_manager]: obstacle_manager inactive on startup: start_waypoint_index=0, stop_after_waypoint_index=0
[INFO] [1784090651.959167263] [stairs_manager]: [1;35m发布模式: 1 (下坡)[0m
[INFO] [1784090651.959521295] [stairs_manager]: [1;35m发布上坡步长滤波: False[0m
[INFO] [1784090651.959884284] [stairs_manager]: [1;35m发布路径修正profile: 1 (0=关闭, 1=普通, 2=上坡强修正, 3=强修正符号验证)[0m
[INFO] [1784090651.960233707] [stairs_manager]: obstacle_manager activated: reason=external_topic, start_waypoint_index=0, stop_after_waypoint_index=0, inherit_previous_waypoint_segment_state=False
[INFO] [1784090652.000333621] [stairs_manager]: 解析机身相对 waypoint[0]=small_ramp_entry: source=(-0.083,0.040,-0.2deg), anchor=(-0.083,0.040,current_pose), body_offset=(forward=1.580, left=0.000), yaw_mode=delta, yaw_delta=0.0deg, ref_yaw_source=current, ref_yaw=-0.2deg, target=(-0.079,1.620,-0.2deg), frame=camera_init
[INFO] [1784090652.000886996] [stairs_manager]: [1;35m发布路径修正profile: 0 (0=关闭, 1=普通, 2=上坡强修正, 3=强修正符号验证)[0m
[INFO] [1784090652.001459918] [stairs_manager]: [1;36m发送直驱覆盖点[1/19](attempt=1): small_ramp_entry -> x=-0.079, y=1.620, yaw=-0.2° (body_relative forward=1.580, left=0.000, yaw_mode=delta, yaw_delta=0.0°, source=(-0.083,0.040,-0.2°), anchor=(-0.083,0.040,current_pose), ref_yaw_source=current, ref_yaw=-0.2°), frame=camera_init, path_reference=/serial_path_reference, override=[1,0.800,0.800], 到点后锁存模式=0, note=下坡结束点：这一段固定发送 mode=1,left=0.8,right=0.8 下楼梯；到点后立即切回正常行走，不再额外停顿。[0m
[INFO] [1784090652.099763722] [stairs_manager]: [0;94mwaypoint=1/19 small_ramp_entry dist=1.589m, min_dist=1.579m, yaw_err=0.3deg, pose=(-0.083,0.032), goal=(-0.079,1.620), pose_frame=camera_init, goal_frame=camera_init, line_progress=-0.009/1.580m (-1%), line_remaining=1.589m, line_lateral=0.000m, override=[1,0.800,0.800][0m
[INFO] [1784090653.199435982] [stairs_manager]: [0;94mwaypoint=1/19 small_ramp_entry dist=1.366m, min_dist=1.366m, yaw_err=0.5deg, pose=(-0.086,0.254), goal=(-0.079,1.620), pose_frame=camera_init, goal_frame=camera_init, line_progress=0.214/1.580m (14%), line_remaining=1.366m, line_lateral=-0.004m, override=[1,0.800,0.800][0m
[INFO] [1784090654.299441626] [stairs_manager]: [0;94mwaypoint=1/19 small_ramp_entry dist=1.248m, min_dist=1.248m, yaw_err=0.7deg, pose=(-0.074,0.373), goal=(-0.079,1.620), pose_frame=camera_init, goal_frame=camera_init, line_progress=0.332/1.580m (21%), line_remaining=1.248m, line_lateral=0.009m, override=[1,0.800,0.800][0m
[INFO] [1784090655.299934164] [stairs_manager]: [0;94mwaypoint=1/19 small_ramp_entry dist=1.071m, min_dist=1.006m, yaw_err=3.5deg, pose=(-0.081,0.549), goal=(-0.079,1.620), pose_frame=camera_init, goal_frame=camera_init, line_progress=0.509/1.580m (32%), line_remaining=1.071m, line_lateral=0.001m, override=[1,0.800,0.800][0m
[INFO] [1784090656.399388942] [stairs_manager]: [0;94mwaypoint=1/19 small_ramp_entry dist=0.875m, min_dist=0.875m, yaw_err=4.4deg, pose=(-0.053,0.746), goal=(-0.079,1.620), pose_frame=camera_init, goal_frame=camera_init, line_progress=0.706/1.580m (45%), line_remaining=0.874m, line_lateral=0.028m, override=[1,0.800,0.800][0m
[INFO] [1784090657.399834891] [stairs_manager]: [0;94mwaypoint=1/19 small_ramp_entry dist=0.722m, min_dist=0.696m, yaw_err=0.4deg, pose=(-0.058,0.899), goal=(-0.079,1.620), pose_frame=camera_init, goal_frame=camera_init, line_progress=0.858/1.580m (54%), line_remaining=0.722m, line_lateral=0.023m, override=[1,0.800,0.800][0m
[INFO] [1784090658.499424988] [stairs_manager]: [0;94mwaypoint=1/19 small_ramp_entry dist=0.436m, min_dist=0.436m, yaw_err=1.2deg, pose=(-0.076,1.184), goal=(-0.079,1.620), pose_frame=camera_init, goal_frame=camera_init, line_progress=1.144/1.580m (72%), line_remaining=0.436m, line_lateral=0.004m, override=[1,0.800,0.800][0m
[INFO] [1784090659.499673329] [stairs_manager]: [0;94mwaypoint=1/19 small_ramp_entry dist=0.370m, min_dist=0.355m, yaw_err=2.2deg, pose=(-0.056,1.251), goal=(-0.079,1.620), pose_frame=camera_init, goal_frame=camera_init, line_progress=1.211/1.580m (77%), line_remaining=0.369m, line_lateral=0.023m, override=[1,0.800,0.800][0m
[INFO] [1784090660.499707367] [stairs_manager]: [0;94mwaypoint=1/19 small_ramp_entry dist=0.248m, min_dist=0.248m, yaw_err=2.8deg, pose=(-0.057,1.373), goal=(-0.079,1.620), pose_frame=camera_init, goal_frame=camera_init, line_progress=1.333/1.580m (84%), line_remaining=0.247m, line_lateral=0.022m, override=[1,0.800,0.800][0m
[INFO] [1784090660.883398880] [stairs_manager]: [1;32m到点成功: waypoint[0]=small_ramp_entry, dist=0.191, min_dist=0.191, yaw_err=1.7deg, reason=distance_tolerance[0m
[INFO] [1784090660.883825051] [stairs_manager]: [1;35m发布模式: 0 (正常行走)[0m
[INFO] [1784090660.884188125] [stairs_manager]: [1;35m发布上坡步长滤波: True[0m
[INFO] [1784090660.884486305] [stairs_manager]: [1;35m发布路径修正profile: 0 (0=关闭, 1=普通, 2=上坡强修正, 3=强修正符号验证)[0m
[INFO] [1784090660.884794880] [stairs_manager]: [1;32m已到达 waypoint[0]=small_ramp_entry，切换模式为 0 (正常行走)，上坡滤波=True，路径修正profile=0，并锁存到下一个 waypoint。[0m
[INFO] [1784090660.885657803] [stairs_manager]: [1;35m发布模式: 0 (正常行走)[0m
[INFO] [1784090660.885983607] [stairs_manager]: [1;35m发布上坡步长滤波: False[0m
[INFO] [1784090660.886264155] [stairs_manager]: [1;35m发布路径修正profile: 0 (0=关闭, 1=普通, 2=上坡强修正, 3=强修正符号验证)[0m
[INFO] [1784090660.886547190] [stairs_manager]: [1;32m全部 waypoint 已完成，恢复为 mode=0，流程结束。[0m
[INFO] [1784090660.937875128] [stairs_manager]: obstacle_manager deactivated: reason=external_topic
