[INFO] [1783994227.496650012] [obstacle_race_supervisor]: state=WAIT_START
[INFO] [1783994227.497036999] [obstacle_race_supervisor]: 初始化完成，等待电控串口 [start] 信号后开始下楼梯流程。
[INFO] [1783994233.195934727] [obstacle_race_supervisor]: state=STAIRS_ACTIVE
[INFO] [1783994233.196351927] [obstacle_race_supervisor]: 收到电控串口 [start]，开始固定下楼梯分支。
[INFO] [1783994243.597885537] [obstacle_race_supervisor]: state=SLOPE_ALIGN
[INFO] [1783994243.598313630] [obstacle_race_supervisor]: 进入斜坡前 yaw 对齐: reason=stairs_finished, target=0.0deg, tolerance=1.5deg, hold=0.50s。
[INFO] [1783994243.631999634] [obstacle_race_supervisor]: 上台阶 AprilTag 已检测但暂未进入分支: tf_samples=0/1, latest_tf_age=none, det_age=none, ids=none, tf_topic_age=0.00s, last_tf_children=[camera_init->body], expected_tf=camera_color_optical_frame->upstairs。
[INFO] [1783994243.632590388] [obstacle_race_supervisor]: 斜坡前 yaw 对齐中: yaw_err=-5.7deg, direction=cw_fine, override=[6,0.100,-0.050]。
[INFO] [1783994244.132776315] [obstacle_race_supervisor]: 上台阶 AprilTag 已检测但暂未进入分支: tf_samples=0/1, latest_tf_age=none, det_age=none, ids=none, tf_topic_age=0.04s, last_tf_children=[camera_link->camera_color_frame,camera_color_frame->camera_color_optical_frame], expected_tf=camera_color_optical_frame->upstairs。
[INFO] [1783994244.133323065] [obstacle_race_supervisor]: 斜坡前 yaw 对齐中: yaw_err=-6.8deg, direction=cw, override=[6,0.280,-0.120]。
[INFO] [1783994244.664884964] [obstacle_race_supervisor]: 上台阶 AprilTag 已检测但暂未进入分支: tf_samples=0/1, latest_tf_age=none, det_age=none, ids=none, tf_topic_age=0.00s, last_tf_children=[camera_link->camera_color_frame,camera_color_frame->camera_color_optical_frame], expected_tf=camera_color_optical_frame->upstairs。
[INFO] [1783994244.665539043] [obstacle_race_supervisor]: 斜坡前 yaw 对齐保持中: yaw_err=0.9deg, stable=0.13/0.50s。
[INFO] [1783994245.167112480] [obstacle_race_supervisor]: 上台阶 AprilTag 已检测但暂未进入分支: tf_samples=0/1, latest_tf_age=none, det_age=none, ids=none, tf_topic_age=0.01s, last_tf_children=[camera_init->body], expected_tf=camera_color_optical_frame->upstairs。
[INFO] [1783994245.167778663] [obstacle_race_supervisor]: 斜坡前 yaw 对齐保持中: yaw_err=1.0deg, stable=0.00/0.50s。
[INFO] [1783994245.697934396] [obstacle_race_supervisor]: 上台阶 AprilTag 已检测但暂未进入分支: tf_samples=0/1, latest_tf_age=none, det_age=none, ids=none, tf_topic_age=0.00s, last_tf_children=[camera_link->camera_color_frame,camera_color_frame->camera_color_optical_frame], expected_tf=camera_color_optical_frame->upstairs。
[INFO] [1783994245.698480752] [obstacle_race_supervisor]: 斜坡前 yaw 对齐保持中: yaw_err=-1.3deg, stable=0.00/0.50s。
[INFO] [1783994246.198980872] [obstacle_race_supervisor]: 上台阶 AprilTag 已检测但暂未进入分支: tf_samples=0/1, latest_tf_age=none, det_age=none, ids=none, tf_topic_age=0.01s, last_tf_children=[camera_init->body], expected_tf=camera_color_optical_frame->upstairs。
[INFO] [1783994246.199615568] [obstacle_race_supervisor]: 斜坡前 yaw 对齐完成: yaw_err=-1.1deg, stable=0.50s。
[INFO] [1783994246.200245004] [obstacle_race_supervisor]: 锁存斜坡对齐参考: target_yaw=0.0deg, pose_yaw=1.1deg, pose=(-0.046,1.411), align_duration=2.60s, frame=camera_init。
[INFO] [1783994246.200846847] [obstacle_race_supervisor]: 发布斜坡路线 0deg 基准: yaw=0.0deg, pose=(-0.046,1.411), frame=camera_init。
[INFO] [1783994246.201507546] [obstacle_race_supervisor]: state=POST_STAIRS_SLOPE_APPROACH
[INFO] [1783994246.201861952] [obstacle_race_supervisor]: 进入固定斜坡入口前进: distance=0.00m, override=[0,0.500,0.500], yaw_target=0.0deg, yaw_correction=True。
[INFO] [1783994246.231707714] [obstacle_race_supervisor]: 固定斜坡入口前进起点=(-0.049,1.408)。
[INFO] [1783994246.232226826] [obstacle_race_supervisor]: 固定斜坡入口前进完成: travel=0.000m >= 0.000m, yaw_err=-1.0deg, target=0.0deg。
[INFO] [1783994246.232615974] [obstacle_race_supervisor]: state=SEARCH
[INFO] [1783994246.232926462] [obstacle_race_supervisor]: 进入搜索模式: reason=post_stairs_entry_done, walk=[0,0.500,0.500]。
[INFO] [1783994246.265698314] [obstacle_race_supervisor]: 搜索中 yaw_err=0.0deg, override=[0,0.500,0.500]。
[INFO] [1783994246.266389009] [obstacle_race_supervisor]: 限高杆 AprilTag 已检测但暂未进入分支: tf_samples=0/1, latest_tf_age=none, det_age=none, ids=none, expected_tf=camera_color_optical_frame->limit_bar_right。
[INFO] [1783994246.266998381] [obstacle_race_supervisor]: 高墙 AprilTag 已检测但暂未进入分支: tf_samples=0/1, latest_tf_age=none, det_age=none, ids=none, expected_tf=camera_color_optical_frame->hurdle_right。
[INFO] [1783994246.731954286] [obstacle_race_supervisor]: 上台阶 AprilTag 已检测但暂未进入分支: tf_samples=0/1, latest_tf_age=none, det_age=none, ids=none, tf_topic_age=0.01s, last_tf_children=[camera_init->body], expected_tf=camera_color_optical_frame->upstairs。
[INFO] [1783994246.798686945] [obstacle_race_supervisor]: 限高杆 AprilTag 已检测但暂未进入分支: tf_samples=0/1, latest_tf_age=none, det_age=none, ids=none, expected_tf=camera_color_optical_frame->limit_bar_right。
[INFO] [1783994246.799253299] [obstacle_race_supervisor]: 高墙 AprilTag 已检测但暂未进入分支: tf_samples=0/1, latest_tf_age=none, det_age=none, ids=none, expected_tf=camera_color_optical_frame->hurdle_right。
[INFO] [1783994247.164898771] [obstacle_race_supervisor]: 斜坡 roll 候选: roll=8.2deg, hold=0.00/0.30s。
[INFO] [1783994247.231837365] [obstacle_race_supervisor]: 上台阶 AprilTag 已检测但暂未进入分支: tf_samples=0/1, latest_tf_age=none, det_age=none, ids=none, tf_topic_age=0.00s, last_tf_children=[camera_link->camera_color_frame,camera_color_frame->camera_color_optical_frame], expected_tf=camera_color_optical_frame->upstairs。
[INFO] [1783994247.299318795] [obstacle_race_supervisor]: 搜索中 yaw_err=0.0deg, override=[0,0.500,0.500]。
[INFO] [1783994247.299811944] [obstacle_race_supervisor]: 限高杆 AprilTag 已检测但暂未进入分支: tf_samples=0/1, latest_tf_age=none, det_age=none, ids=none, expected_tf=camera_color_optical_frame->limit_bar_right。
[INFO] [1783994247.300394209] [obstacle_race_supervisor]: 高墙 AprilTag 已检测但暂未进入分支: tf_samples=0/1, latest_tf_age=none, det_age=none, ids=none, expected_tf=camera_color_optical_frame->hurdle_right。
[INFO] [1783994247.432723863] [obstacle_race_supervisor]: 斜坡 roll 候选: roll=10.0deg, hold=0.27/0.30s。
[INFO] [1783994247.465379336] [obstacle_race_supervisor]: 斜坡 roll 触发: roll=10.8deg >= 8.0deg, hold=0.30s。
[INFO] [1783994247.466222941] [obstacle_race_supervisor]: state=SLOPE_ALIGN
[INFO] [1783994247.466616242] [obstacle_race_supervisor]: 进入斜坡前 yaw 对齐: reason=slope_roll_detected, target=0.0deg, tolerance=1.5deg, hold=0.50s。
[INFO] [1783994247.498556126] [obstacle_race_supervisor]: 斜坡前 yaw 对齐保持中: yaw_err=-0.0deg, stable=0.00/0.50s。
[INFO] [1783994247.765295649] [obstacle_race_supervisor]: 上台阶 AprilTag 已检测但暂未进入分支: tf_samples=0/1, latest_tf_age=none, det_age=none, ids=none, tf_topic_age=0.00s, last_tf_children=[camera_link->camera_color_frame,camera_color_frame->camera_color_optical_frame], expected_tf=camera_color_optical_frame->upstairs。
[INFO] [1783994248.031530322] [obstacle_race_supervisor]: 斜坡前 yaw 对齐完成: yaw_err=0.6deg, stable=0.53s。
[INFO] [1783994248.032142330] [obstacle_race_supervisor]: 锁存斜坡对齐参考: target_yaw=0.0deg, pose_yaw=-0.6deg, pose=(-0.048,1.768), align_duration=0.57s, frame=camera_init。
[INFO] [1783994248.032670482] [obstacle_race_supervisor]: 发布斜坡路线 0deg 基准: yaw=0.0deg, pose=(-0.048,1.768), frame=camera_init。
[INFO] [1783994248.033105380] [obstacle_race_supervisor]: state=SLOPE_ACTIVE
[INFO] [1783994248.033545660] [obstacle_race_supervisor]: 按 Odometry roll 进入斜坡木桥分支: roll=10.8deg, threshold=8.0deg。
[INFO] [1783994329.543951343] [obstacle_race_supervisor]: 发布入桥重试方向基准: yaw=-179.5deg, pose=(-4.166,3.106), frame=camera_init。
[INFO] [1783994329.544484154] [obstacle_race_supervisor]: 收到电控 [start] 入桥重试信号: 当前 slope waypoint=bridge_exit，锁存桥方向基准=-179.5deg，保持原入桥重试流程并从 turn_180_yaw_settle 重新启动。
[INFO] [1783994357.664742695] [obstacle_race_supervisor]: state=SEARCH
[INFO] [1783994357.665212222] [obstacle_race_supervisor]: 进入搜索模式: reason=slope_done, walk=[0,0.500,0.500]。
[INFO] [1783994357.697977257] [obstacle_race_supervisor]: 搜索中 yaw_err=0.0deg, override=[0,0.500,0.500]。
[INFO] [1783994357.998030836] [obstacle_race_supervisor]: 上台阶 AprilTag 已检测但暂未进入分支: tf_samples=0/1, latest_tf_age=none, det_age=none, ids=12, tf_topic_age=0.00s, last_tf_children=[camera_init->body], expected_tf=camera_color_optical_frame->upstairs。
[INFO] [1783994357.998400282] [obstacle_race_supervisor]: 限高杆 AprilTag 已锁定但距离未到触发线: reason=distance_not_reached, samples=2, tag_x=0.155m, tag_z=1.478m > trigger=1.400m, over_by=0.078m, center_x=-0.305m, tag_to_center=-0.460m, target_id=12。
[INFO] [1783994357.998673598] [obstacle_race_supervisor]: 限高杆 AprilTag 保护斜坡抢占: samples=2, tag_x=0.155m, tag_z=1.478m, trigger=1.400m, guard=1.850m, center_x=-0.305m，继续搜索等待触发线，不进入斜坡 yaw 对齐。
[INFO] [1783994357.998999031] [obstacle_race_supervisor]: 高墙 AprilTag 已检测但暂未进入分支: tf_samples=0/1, latest_tf_age=none, det_age=none, ids=12, expected_tf=camera_color_optical_frame->hurdle_right。
[INFO] [1783994358.098359280] [obstacle_race_supervisor]: 限高杆 AprilTag 对中锁存: samples=3, tag_x=0.205m, tag_z=1.365m, center_x=-0.255m, yaw_offset=10.6deg, target_yaw=-168.0deg。
[INFO] [1783994358.098803355] [obstacle_race_supervisor]: state=LIMIT_BAR_ALIGN
[INFO] [1783994358.099107201] [obstacle_race_supervisor]: 进入限高杆分支: reason=limit_bar_detected, dist=1.365m，锁存趴走 yaw 基准=-168.0deg(limit_tag tag_x=0.205m,tag_z=1.365m,center_x=-0.255m,center_z=1.365m,offset=10.6deg)，先按 pose_pitch 视觉预对齐 tag。
[INFO] [1783994358.131557284] [obstacle_race_supervisor]: 限高杆 AprilTag 姿态预对齐目标锁定: metric=pose_pitch, tag_x=0.235m, tag_z=1.346m, measured=18.2deg, target=0.0deg, raw_err=18.2deg, control_delta=-18.2deg, rpy=(-177.4,18.2,-0.2)deg, lock_source=latest, lock_samples=3, lock_metric=18.2deg, latest_pose_pitch=18.2deg, odom_yaw0=-178.6deg, target_yaw=163.2deg。
[INFO] [1783994358.132068794] [obstacle_race_supervisor]: 限高杆 AprilTag 姿态预对齐中: metric=pose_pitch, measured=18.2deg, target=0.0deg, visual_err=18.2deg, yaw_err=-18.2deg, feedback=visual, direction=cw, hold=0.00/0.15s, override=[6,0.220,-0.120]。
[INFO] [1783994358.664711430] [obstacle_race_supervisor]: 限高杆 AprilTag 姿态预对齐中: metric=pose_pitch, measured=12.9deg, target=0.0deg, visual_err=12.9deg, yaw_err=-17.3deg, feedback=visual, direction=cw, hold=0.00/0.15s, override=[6,0.178,-0.097]。
[INFO] [1783994359.198052894] [obstacle_race_supervisor]: 限高杆 AprilTag 姿态预对齐中: metric=pose_pitch, measured=12.9deg, target=0.0deg, visual_err=12.9deg, yaw_err=-4.5deg, feedback=visual, direction=cw, hold=0.00/0.15s, override=[6,0.178,-0.097]。
[INFO] [1783994359.298371419] [obstacle_race_supervisor]: 限高杆 AprilTag 姿态预对齐完成: reason=tag_lost_after_target_lock, target_yaw=163.2deg, yaw_err=-2.3deg, yaw_source=pre_align_target_yaw, shift_source=pre_align_target_lock, center_x=-0.225m。
[INFO] [1783994359.298805383] [obstacle_race_supervisor]: state=LIMIT_BAR_LATERAL_SHIFT
[INFO] [1783994359.299115686] [obstacle_race_supervisor]: 限高杆横向补偿计划锁定: center_x=-0.225m, center_z=1.346m, base_yaw=163.2deg, side_delta=+90.0deg, side_yaw=-106.8deg, shift=0.225m(raw=0.225m, requested=0.225m, clipped=False), deadband=0.060m, skip_lateral=False, forward_component=0.000m, final_forward=0.846m, target_dist=0.500m。
[INFO] [1783994359.331242053] [obstacle_race_supervisor]: 限高杆横向补偿中: phase=align_out/align_out, target_yaw=-106.8deg, pose_yaw=165.1deg, yaw_err=88.1deg, along=unknown, raw_along=unknown, remaining=0.000m, walk_yaw_corr=0.000, override=[6,-0.120,0.220]。
[INFO] [1783994359.831754418] [obstacle_race_supervisor]: 限高杆横向补偿中: phase=align_out/align_out, target_yaw=-106.8deg, pose_yaw=171.2deg, yaw_err=82.0deg, along=unknown, raw_along=unknown, remaining=0.000m, walk_yaw_corr=0.000, override=[6,-0.120,0.220]。
[INFO] [1783994360.364628144] [obstacle_race_supervisor]: 限高杆横向补偿中: phase=align_out/align_out, target_yaw=-106.8deg, pose_yaw=-174.3deg, yaw_err=67.5deg, along=unknown, raw_along=unknown, remaining=0.000m, walk_yaw_corr=0.000, override=[6,-0.120,0.220]。
[INFO] [1783994360.864941476] [obstacle_race_supervisor]: 限高杆横向补偿中: phase=align_out/align_out, target_yaw=-106.8deg, pose_yaw=-160.9deg, yaw_err=54.1deg, along=unknown, raw_along=unknown, remaining=0.000m, walk_yaw_corr=0.000, override=[6,-0.120,0.220]。
[INFO] [1783994361.365146958] [obstacle_race_supervisor]: 限高杆横向补偿中: phase=align_out/align_out, target_yaw=-106.8deg, pose_yaw=-148.5deg, yaw_err=41.7deg, along=unknown, raw_along=unknown, remaining=0.000m, walk_yaw_corr=0.000, override=[6,-0.120,0.220]。
[INFO] [1783994361.897888323] [obstacle_race_supervisor]: 限高杆横向补偿中: phase=align_out/align_out, target_yaw=-106.8deg, pose_yaw=-130.8deg, yaw_err=24.0deg, along=unknown, raw_along=unknown, remaining=0.000m, walk_yaw_corr=0.000, override=[6,-0.120,0.220]。
[INFO] [1783994362.398165127] [obstacle_race_supervisor]: 限高杆横向补偿中: phase=align_out/align_out, target_yaw=-106.8deg, pose_yaw=-116.3deg, yaw_err=9.5deg, along=unknown, raw_along=unknown, remaining=0.000m, walk_yaw_corr=0.000, override=[6,-0.072,0.131]。
[INFO] [1783994362.797977718] [obstacle_race_supervisor]: 限高杆横向补偿: 已转到斜向 yaw=-106.8deg，开始斜向移动 shift=0.225m；锁定初始 tag 计划，不再用旋转后的最新 tag 重算方向。
[INFO] [1783994362.898791255] [obstacle_race_supervisor]: 限高杆横向补偿中: phase=shift/shift, target_yaw=-106.8deg, pose_yaw=-107.0deg, yaw_err=0.2deg, along=0.000m, raw_along=0.000m, remaining=0.225m, walk_yaw_corr=0.000, override=[0,0.500,0.500]。
[INFO] [1783994363.398295525] [obstacle_race_supervisor]: 限高杆横向补偿: 斜向移动完成 along=0.174m(raw=0.174m)，开始转回基准 yaw=163.2deg。
[INFO] [1783994363.432423452] [obstacle_race_supervisor]: 限高杆横向补偿中: phase=align_back/align_back, target_yaw=163.2deg, pose_yaw=-104.4deg, yaw_err=-92.4deg, along=unknown, raw_along=unknown, remaining=0.000m, walk_yaw_corr=0.000, override=[6,0.220,-0.120]。
[INFO] [1783994363.965008842] [obstacle_race_supervisor]: 限高杆横向补偿中: phase=align_back/align_back, target_yaw=163.2deg, pose_yaw=-117.6deg, yaw_err=-79.2deg, along=unknown, raw_along=unknown, remaining=0.000m, walk_yaw_corr=0.000, override=[6,0.220,-0.120]。
[INFO] [1783994364.465255158] [obstacle_race_supervisor]: 限高杆横向补偿中: phase=align_back/align_back, target_yaw=163.2deg, pose_yaw=-133.9deg, yaw_err=-62.9deg, along=unknown, raw_along=unknown, remaining=0.000m, walk_yaw_corr=0.000, override=[6,0.220,-0.120]。
[INFO] [1783994364.965731929] [obstacle_race_supervisor]: 限高杆横向补偿中: phase=align_back/align_back, target_yaw=163.2deg, pose_yaw=-146.9deg, yaw_err=-49.9deg, along=unknown, raw_along=unknown, remaining=0.000m, walk_yaw_corr=0.000, override=[6,0.220,-0.120]。
[INFO] [1783994365.498651669] [obstacle_race_supervisor]: 限高杆横向补偿中: phase=align_back/align_back, target_yaw=163.2deg, pose_yaw=-161.5deg, yaw_err=-35.4deg, along=unknown, raw_along=unknown, remaining=0.000m, walk_yaw_corr=0.000, override=[6,0.220,-0.120]。
[INFO] [1783994365.999087915] [obstacle_race_supervisor]: 限高杆横向补偿中: phase=align_back/align_back, target_yaw=163.2deg, pose_yaw=-175.2deg, yaw_err=-21.6deg, along=unknown, raw_along=unknown, remaining=0.000m, walk_yaw_corr=0.000, override=[6,0.220,-0.120]。
[INFO] [1783994366.531416909] [obstacle_race_supervisor]: 限高杆横向补偿中: phase=align_back/align_back, target_yaw=163.2deg, pose_yaw=171.2deg, yaw_err=-8.0deg, along=unknown, raw_along=unknown, remaining=0.000m, walk_yaw_corr=0.000, override=[6,0.111,-0.060]。
[INFO] [1783994366.997838946] [obstacle_race_supervisor]: 限高杆横向补偿: 已转回基准 yaw=163.2deg，开始前进到趴下阈值 final_forward=0.846m。
[INFO] [1783994367.031813672] [obstacle_race_supervisor]: 限高杆横向补偿中: phase=final_forward/final_forward, target_yaw=163.2deg, pose_yaw=163.9deg, yaw_err=-0.7deg, along=-0.009m, raw_along=-0.009m, remaining=0.855m, walk_yaw_corr=0.000, override=[0,0.500,0.500]。
[INFO] [1783994367.565399840] [obstacle_race_supervisor]: 限高杆横向补偿中: phase=final_forward/final_forward, target_yaw=163.2deg, pose_yaw=161.0deg, yaw_err=2.2deg, along=0.090m, raw_along=0.090m, remaining=0.756m, walk_yaw_corr=0.011, override=[0,0.489,0.511]。
[INFO] [1783994368.098625815] [obstacle_race_supervisor]: 限高杆横向补偿中: phase=final_forward/final_forward, target_yaw=163.2deg, pose_yaw=162.0deg, yaw_err=1.1deg, along=0.353m, raw_along=0.353m, remaining=0.493m, walk_yaw_corr=0.000, override=[0,0.500,0.500]。
[INFO] [1783994368.631803996] [obstacle_race_supervisor]: 限高杆横向补偿中: phase=final_forward/final_forward, target_yaw=163.2deg, pose_yaw=161.9deg, yaw_err=1.3deg, along=0.584m, raw_along=0.584m, remaining=0.262m, walk_yaw_corr=0.000, override=[0,0.500,0.500]。
[INFO] [1783994369.032189128] [obstacle_race_supervisor]: 限高杆最终前进完成: final_along=0.791m(raw=0.791m), remaining=0.055m，趴下前开始对齐全局 yaw=180.0deg。
[INFO] [1783994369.165222376] [obstacle_race_supervisor]: 限高杆横向补偿中: phase=pre_duck_global_yaw_align/pre_duck_global_yaw_align, target_yaw=180.0deg, pose_yaw=161.5deg, yaw_err=18.5deg, along=unknown, raw_along=unknown, remaining=0.000m, walk_yaw_corr=0.000, override=[6,-0.060,0.110]。
[INFO] [1783994369.698232543] [obstacle_race_supervisor]: 限高杆横向补偿中: phase=pre_duck_global_yaw_align/pre_duck_global_yaw_align, target_yaw=180.0deg, pose_yaw=168.8deg, yaw_err=11.2deg, along=unknown, raw_along=unknown, remaining=0.000m, walk_yaw_corr=0.000, override=[6,-0.060,0.110]。
[INFO] [1783994370.198002796] [obstacle_race_supervisor]: 限高杆横向补偿中: phase=pre_duck_global_yaw_align/pre_duck_global_yaw_align, target_yaw=180.0deg, pose_yaw=177.2deg, yaw_err=2.8deg, along=unknown, raw_along=unknown, remaining=0.000m, walk_yaw_corr=0.000, override=[6,-0.060,0.110]。
[INFO] [1783994370.731501183] [obstacle_race_supervisor]: 限高杆横向补偿中: phase=pre_duck_global_yaw_align/pre_duck_global_yaw_hold, target_yaw=180.0deg, pose_yaw=-179.0deg, yaw_err=-1.0deg, along=unknown, raw_along=unknown, remaining=0.000m, walk_yaw_corr=0.000, override=[0,0.000,0.000]。
[INFO] [1783994370.775424771] [obstacle_race_supervisor]: 沙坑 AprilTag TF 已接收: frame=camera_color_optical_frame->object, samples=1/1, raw_dist=2.092m, stable_dist=2.092m, lateral=0.385m, rpy=(-131.8,33.8,-5.9)deg, trigger=0.650m, priority=2.200m, target_id=10。
[INFO] [1783994370.864682114] [obstacle_race_supervisor]: 限高杆最终前进后全局 yaw 对齐完成: target_yaw=180.0deg, yaw_err=0.6deg, stable=0.13s，进入趴下流程。
[INFO] [1783994370.865214952] [obstacle_race_supervisor]: state=LIMIT_BAR_PREPARE
[INFO] [1783994370.865607914] [obstacle_race_supervisor]: 进入限高杆分支: reason=limit_bar_detected, dist=0.484m，锁存趴走 yaw 基准=180.0deg(limit_bar_pre_duck_global_yaw)，持续 [2,0.000,0.000] 趴下等待 0.0s，再持续 [2,0.900,0.900] 通过。
[INFO] [1783994370.897952894] [obstacle_race_supervisor]: state=LIMIT_BAR_DUCK
[INFO] [1783994370.898345190] [obstacle_race_supervisor]: 限高杆趴下等待完成，开始按锁存 yaw 方向投影距离 1.12m 通过，起点=(-4.259,-5.117), yaw_ref=180.0deg(limit_bar_pre_duck_global_yaw)。
[INFO] [1783994370.931476998] [obstacle_race_supervisor]: 限高杆趴走中: along=0.001/1.120m, pose=(-4.256,-5.118), start=(-4.259,-5.117), yaw_ref=180.0deg(limit_bar_pre_duck_global_yaw), yaw_err=0.5deg, yaw_corr=0.011, override=[2,0.889,0.911], timeout_left=14.0s。
[INFO] [1783994371.374738656] [obstacle_race_supervisor]: 沙坑 AprilTag TF 已接收: frame=camera_color_optical_frame->object, samples=3/1, raw_dist=2.051m, stable_dist=2.051m, lateral=0.349m, rpy=(119.0,-13.2,-1.3)deg, trigger=0.650m, priority=2.200m, target_id=10。
[INFO] [1783994371.931708711] [obstacle_race_supervisor]: 限高杆趴走中: along=0.063/1.120m, pose=(-4.250,-5.180), start=(-4.259,-5.117), yaw_ref=180.0deg(limit_bar_pre_duck_global_yaw), yaw_err=0.8deg, yaw_corr=0.016, override=[2,0.884,0.916], timeout_left=13.0s。
[INFO] [1783994372.846289817] [obstacle_race_supervisor]: 沙坑 AprilTag TF 已接收: frame=camera_color_optical_frame->object, samples=1/1, raw_dist=1.764m, stable_dist=1.764m, lateral=0.303m, rpy=(120.2,-14.4,-1.6)deg, trigger=0.650m, priority=2.200m, target_id=10。
[INFO] [1783994372.932624016] [obstacle_race_supervisor]: 限高杆趴走中: along=0.271/1.120m, pose=(-4.252,-5.389), start=(-4.259,-5.117), yaw_ref=180.0deg(limit_bar_pre_duck_global_yaw), yaw_err=1.4deg, yaw_corr=0.028, override=[2,0.872,0.928], timeout_left=12.0s。
[INFO] [1783994373.844892066] [obstacle_race_supervisor]: 沙坑 AprilTag TF 已接收: frame=camera_color_optical_frame->object, samples=1/1, raw_dist=1.741m, stable_dist=1.741m, lateral=0.292m, rpy=(120.1,-15.0,-1.9)deg, trigger=0.650m, priority=2.200m, target_id=10。
[INFO] [1783994373.964782732] [obstacle_race_supervisor]: 限高杆趴走中: along=0.334/1.120m, pose=(-4.254,-5.452), start=(-4.259,-5.117), yaw_ref=180.0deg(limit_bar_pre_duck_global_yaw), yaw_err=1.7deg, yaw_corr=0.036, override=[2,0.864,0.936], timeout_left=10.9s。
[INFO] [1783994374.998084868] [obstacle_race_supervisor]: 限高杆趴走中: along=0.468/1.120m, pose=(-4.257,-5.585), start=(-4.259,-5.117), yaw_ref=180.0deg(limit_bar_pre_duck_global_yaw), yaw_err=2.2deg, yaw_corr=0.045, override=[2,0.855,0.945], timeout_left=9.9s。
[INFO] [1783994375.176864294] [obstacle_race_supervisor]: 沙坑 AprilTag TF 已接收: frame=camera_color_optical_frame->object, samples=1/1, raw_dist=1.550m, stable_dist=1.550m, lateral=0.291m, rpy=(119.9,-15.8,-1.7)deg, trigger=0.650m, priority=2.200m, target_id=10。
[INFO] [1783994375.197995679] [obstacle_race_supervisor]: 沙坑前预修正叠加已禁用: source=limit_bar_duck, tag_dist=1.550m, tag_x=+0.291m, target=+0.000m, x_err=+0.291m；横向修正统一交给独立折线预修正。
[INFO] [1783994375.779311249] [obstacle_race_supervisor]: 沙坑 AprilTag TF 已接收: frame=camera_color_optical_frame->object, samples=3/1, raw_dist=1.465m, stable_dist=1.550m, lateral=0.289m, rpy=(119.8,-15.8,-1.5)deg, trigger=0.650m, priority=2.200m, target_id=10。
[INFO] [1783994375.998143161] [obstacle_race_supervisor]: 限高杆趴走中: along=0.628/1.120m, pose=(-4.260,-5.745), start=(-4.259,-5.117), yaw_ref=180.0deg(limit_bar_pre_duck_global_yaw), yaw_err=2.6deg, yaw_corr=0.054, override=[2,0.846,0.954], timeout_left=8.9s, sandpit_overlay_disabled=limit_bar_duck: tag_dist=1.465m, tag_x=+0.287m。
[INFO] [1783994376.998363436] [obstacle_race_supervisor]: 限高杆趴走中: along=0.753/1.120m, pose=(-4.267,-5.870), start=(-4.259,-5.117), yaw_ref=180.0deg(limit_bar_pre_duck_global_yaw), yaw_err=2.6deg, yaw_corr=0.054, override=[2,0.846,0.954], timeout_left=7.9s, sandpit_overlay_disabled=limit_bar_duck: tag_dist=1.409m, tag_x=+0.283m。
[INFO] [1783994378.031717378] [obstacle_race_supervisor]: 限高杆趴走中: along=0.882/1.120m, pose=(-4.287,-6.000), start=(-4.259,-5.117), yaw_ref=180.0deg(limit_bar_pre_duck_global_yaw), yaw_err=4.2deg, yaw_corr=0.087, override=[2,0.813,0.987], timeout_left=6.9s。
[INFO] [1783994378.582227288] [obstacle_race_supervisor]: 沙坑 AprilTag TF 已接收: frame=camera_color_optical_frame->object, samples=1/1, raw_dist=1.098m, stable_dist=1.098m, lateral=-0.208m, rpy=(172.5,1.9,-0.1)deg, trigger=0.650m, priority=2.200m, target_id=10。
[INFO] [1783994378.598151015] [obstacle_race_supervisor]: 沙坑前预修正叠加已禁用: source=limit_bar_duck, tag_dist=1.098m, tag_x=-0.208m, target=+0.000m, x_err=-0.208m；横向修正统一交给独立折线预修正。
[INFO] [1783994379.064862780] [obstacle_race_supervisor]: 限高杆趴走中: along=0.882/1.120m, pose=(-4.287,-6.000), start=(-4.259,-5.117), yaw_ref=180.0deg(limit_bar_pre_duck_global_yaw), yaw_err=4.2deg, yaw_corr=0.087, override=[2,0.813,0.987], timeout_left=5.8s, sandpit_overlay_disabled=limit_bar_duck: tag_dist=1.063m, tag_x=-0.201m。
[INFO] [1783994379.115014417] [obstacle_race_supervisor]: 沙坑 AprilTag TF 已接收: frame=camera_color_optical_frame->object, samples=9/1, raw_dist=1.013m, stable_dist=1.053m, lateral=-0.202m, rpy=(159.6,-5.9,-0.6)deg, trigger=0.650m, priority=2.200m, target_id=10。
[INFO] [1783994379.649813125] [obstacle_race_supervisor]: 沙坑 AprilTag TF 已接收: frame=camera_color_optical_frame->object, samples=13/1, raw_dist=0.943m, stable_dist=0.986m, lateral=-0.204m, rpy=(164.6,-3.6,-1.6)deg, trigger=0.650m, priority=2.200m, target_id=10。
[INFO] [1783994379.698241792] [obstacle_race_supervisor]: state=LIMIT_BAR_WAIT_RESUME
[INFO] [1783994379.698529131] [obstacle_race_supervisor]: 限高杆通过距离满足: along=1.131m >= 1.120m，持续站起停止并等待 1.0s。
[INFO] [1783994380.183148034] [obstacle_race_supervisor]: 沙坑 AprilTag TF 已接收: frame=camera_color_optical_frame->object, samples=10/1, raw_dist=0.860m, stable_dist=0.897m, lateral=-0.209m, rpy=(169.2,-7.0,-0.7)deg, trigger=0.650m, priority=2.200m, target_id=10。
[INFO] [1783994380.717775793] [obstacle_race_supervisor]: 沙坑 AprilTag TF 已接收: frame=camera_color_optical_frame->object, samples=12/1, raw_dist=0.868m, stable_dist=0.861m, lateral=-0.215m, rpy=(176.1,0.1,-0.9)deg, trigger=0.650m, priority=2.200m, target_id=10。
[INFO] [1783994380.731612011] [obstacle_race_supervisor]: state=LIMIT_BAR_POST_RESUME_ALIGN
[INFO] [1783994380.731995564] [obstacle_race_supervisor]: 限高杆站起后 yaw 复对齐开始: target=180.0deg(limit_bar_pre_duck_global_yaw), pose_yaw=176.7deg, tolerance=1.0deg。
[INFO] [1783994380.764675977] [obstacle_race_supervisor]: 限高杆站起后 yaw 复对齐中: yaw_err=2.5deg, direction=ccw, target=180.0deg(limit_bar_pre_duck_global_yaw), override=[6,-0.060,0.110], timeout_left=1.97s。
[INFO] [1783994381.064899398] [obstacle_race_supervisor]: 限高杆站起后 yaw 复对齐中: yaw_err=1.2deg, direction=ccw, target=180.0deg(limit_bar_pre_duck_global_yaw), override=[6,-0.060,0.110], timeout_left=1.67s。
[INFO] [1783994381.314657812] [obstacle_race_supervisor]: 沙坑 AprilTag TF 已接收: frame=camera_color_optical_frame->object, samples=8/1, raw_dist=0.934m, stable_dist=0.867m, lateral=-0.198m, rpy=(171.4,0.9,-0.3)deg, trigger=0.650m, priority=2.200m, target_id=10。
[INFO] [1783994381.364885626] [obstacle_race_supervisor]: 限高杆站起后 yaw 复对齐中: yaw_err=-2.3deg, direction=cw, target=180.0deg(limit_bar_pre_duck_global_yaw), override=[6,0.110,-0.060], timeout_left=1.37s。
[INFO] [1783994381.698206846] [obstacle_race_supervisor]: 限高杆站起后 yaw 复对齐保持中: yaw_err=-0.1deg, stable=0.00/0.30s。
[INFO] [1783994381.851419927] [obstacle_race_supervisor]: 沙坑 AprilTag TF 已接收: frame=camera_color_optical_frame->object, samples=9/1, raw_dist=0.958m, stable_dist=0.940m, lateral=-0.101m, rpy=(172.2,-0.4,-0.5)deg, trigger=0.650m, priority=2.200m, target_id=10。
[INFO] [1783994381.998267848] [obstacle_race_supervisor]: 限高杆站起后 yaw 复对齐完成: yaw_err=0.1deg, stable=0.30s, target=180.0deg(limit_bar_pre_duck_global_yaw)。
[INFO] [1783994381.998864553] [obstacle_race_supervisor]: 限高杆完成后直接进入沙坑前预修正: reason=limit_bar_done，避免 SEARCH 前进步抢先执行。
[INFO] [1783994381.999354532] [obstacle_race_supervisor]: state=SANDPIT_PRE_ALIGN
[INFO] [1783994381.999654850] [obstacle_race_supervisor]: 进入沙坑前 AprilTag 预修正: reason=limit_bar_done_sandpit_pre_align, id=10, samples=10, dist=0.941m <= 1.600m, handoff=0.650m, tag_x=-0.108m, target_x=+0.000m, x_err=-0.108m, center=-6.6deg, pose_pitch=-1.6deg, pose_err=-1.6deg, correction=lateral, mode=0。
[INFO] [1783994382.031703782] [obstacle_race_supervisor]: 沙坑前折线预修正计划锁定: tag_x_err=-0.108m, center=-6.6deg, base_yaw=-179.8deg, side_delta=+90.0deg, side_yaw=-89.8deg, angle_mode=normal, shift=0.108m(raw=0.108m, requested=0.108m, clipped=False)。
[INFO] [1783994382.032351655] [obstacle_race_supervisor]: 沙坑前折线预修正中: phase=align_out/align_out, samples=10, dist=0.941m, tag_x=-0.108m, center=-6.6deg, target_yaw=-89.8deg, pose_yaw=-179.8deg, yaw_err=90.0deg, along=unknown, raw_along=unknown, remaining=0.000m, yaw_corr=0.000, override=[6,-0.350,0.600]。
[INFO] [1783994382.531814668] [obstacle_race_supervisor]: 沙坑前折线预修正中: phase=align_out/align_out, samples=6, dist=0.949m, tag_x=-0.125m, center=-7.5deg, target_yaw=-89.8deg, pose_yaw=-153.2deg, yaw_err=63.4deg, along=unknown, raw_along=unknown, remaining=0.000m, yaw_corr=0.000, override=[6,-0.350,0.600]。
[INFO] [1783994383.064712900] [obstacle_race_supervisor]: 沙坑前折线预修正中: phase=align_out/align_out, samples=0, dist=0.950m, tag_x=-0.109m, center=+0.0deg, target_yaw=-89.8deg, pose_yaw=-119.8deg, yaw_err=30.0deg, along=unknown, raw_along=unknown, remaining=0.000m, yaw_corr=0.000, override=[6,-0.350,0.600]。
[INFO] [1783994383.564915611] [obstacle_race_supervisor]: 沙坑前折线预修正: 已转到斜向 yaw=-89.8deg，yaw_err=2.8deg，开始直走 0.108m。
[INFO] [1783994383.598074255] [obstacle_race_supervisor]: 沙坑前折线预修正中: phase=shift/shift, samples=0, dist=0.950m, tag_x=-0.109m, center=+0.0deg, target_yaw=-89.8deg, pose_yaw=-91.9deg, yaw_err=2.1deg, along=0.011m, raw_along=-0.010m, remaining=0.097m, yaw_corr=0.000, override=[0,0.220,0.220]。
[INFO] [1783994384.098278385] [obstacle_race_supervisor]: 沙坑前折线预修正中: phase=shift/shift, samples=0, dist=0.950m, tag_x=-0.109m, center=+0.0deg, target_yaw=-89.8deg, pose_yaw=-89.5deg, yaw_err=-0.3deg, along=0.036m, raw_along=0.035m, remaining=0.072m, yaw_corr=0.000, override=[0,0.220,0.220]。
[INFO] [1783994384.231639959] [obstacle_race_supervisor]: 沙坑前折线预修正: 斜向移动完成 along=0.089m(raw=0.088m)，开始转回基准 yaw=-179.8deg。
[INFO] [1783994384.631795000] [obstacle_race_supervisor]: 沙坑前折线预修正中: phase=align_back/align_back, samples=0, dist=0.950m, tag_x=-0.109m, center=+0.0deg, target_yaw=-179.8deg, pose_yaw=-97.7deg, yaw_err=-82.1deg, along=unknown, raw_along=unknown, remaining=0.000m, yaw_corr=0.000, override=[6,0.600,-0.300]。
[INFO] [1783994385.164787947] [obstacle_race_supervisor]: 沙坑前折线预修正中: phase=align_back/align_back, samples=0, dist=0.950m, tag_x=-0.109m, center=+0.0deg, target_yaw=-179.8deg, pose_yaw=-135.4deg, yaw_err=-44.4deg, along=unknown, raw_along=unknown, remaining=0.000m, yaw_corr=0.000, override=[6,0.600,-0.300]。
[INFO] [1783994385.698142341] [obstacle_race_supervisor]: 沙坑前折线预修正中: phase=align_back/align_back, samples=0, dist=0.950m, tag_x=-0.109m, center=+0.0deg, target_yaw=-179.8deg, pose_yaw=-166.5deg, yaw_err=-13.3deg, along=unknown, raw_along=unknown, remaining=0.000m, yaw_corr=0.000, override=[6,0.320,-0.160]。
[INFO] [1783994385.923948790] [obstacle_race_supervisor]: 沙坑 AprilTag TF 已接收: frame=camera_color_optical_frame->object, samples=1/1, raw_dist=0.742m, stable_dist=0.742m, lateral=0.372m, rpy=(172.7,6.2,-0.6)deg, trigger=0.650m, priority=2.200m, target_id=10。
[INFO] [1783994386.131423039] [obstacle_race_supervisor]: 沙坑前折线预修正完成: yaw_err=-3.0deg, tag_x=+0.343m, dist=0.743m；继续按 ID10 距离进入原沙坑流程。
[INFO] [1783994386.198315300] [obstacle_race_supervisor]: 沙坑前预修正中: samples=4, dist=0.743m -> 0.650m, tag_x=+0.343m target=+0.000m, x_err=+0.343m, center=+24.8deg, locked=approach, elapsed=4.2s, override=[0,0.350,0.350]。
[INFO] [1783994386.452495814] [obstacle_race_supervisor]: 沙坑 AprilTag TF 已接收: frame=camera_color_optical_frame->object, samples=6/1, raw_dist=0.755m, stable_dist=0.749m, lateral=0.325m, rpy=(163.4,-1.5,-0.6)deg, trigger=0.650m, priority=2.200m, target_id=10。
[INFO] [1783994386.731423288] [obstacle_race_supervisor]: 沙坑前预修正中: samples=7, dist=0.743m -> 0.650m, tag_x=+0.257m target=+0.000m, x_err=+0.257m, center=+19.1deg, locked=approach, elapsed=4.7s, override=[0,0.350,0.350]。
[INFO] [1783994386.991638110] [obstacle_race_supervisor]: 沙坑 AprilTag TF 已接收: frame=camera_color_optical_frame->object, samples=8/1, raw_dist=0.592m, stable_dist=0.682m, lateral=0.224m, rpy=(167.7,1.9,-0.6)deg, trigger=0.650m, priority=2.200m, target_id=10。
[INFO] [1783994387.131470809] [obstacle_race_supervisor]: 沙坑前预修正到达原触发线: dist=0.634m <= 0.650m，切入原沙坑流程。
[INFO] [1783994387.132030684] [obstacle_race_supervisor]: state=SANDPIT_BYPASS
[INFO] [1783994387.132315981] [obstacle_race_supervisor]: 进入砂坑穿越: reason=sandpit_pre_align_handoff, tag_dist=0.634m <= 0.650m，entry_yaw=178.9deg，phases=22。
[INFO] [1783994387.132636312] [obstacle_race_supervisor]: 砂坑穿越 phase 1/22: 角度对齐，target_yaw=180.0deg, yaw_err=1.1deg。
[INFO] [1783994387.365101961] [obstacle_race_supervisor]: 砂坑穿越 phase 1/22 完成: turn_progress=0.1/1.1deg, yaw_err=1.7deg, stable=0.20s
[INFO] [1783994387.365509056] [obstacle_race_supervisor]: 砂坑穿越 phase 2/22: 沿当前机身前方直走 0.00m，mode=0, 起点=(-3.927,-6.704), yaw_ref=178.3deg。
[INFO] [1783994387.398136253] [obstacle_race_supervisor]: 砂坑穿越 phase 2/22 完成: walk_progress=0.022/0.000m, elapsed=0.03s>=min=0.00s
[INFO] [1783994387.398570524] [obstacle_race_supervisor]: 砂坑穿越 phase 3/22: 稳定等待 0.30s。
[INFO] [1783994387.431535582] [obstacle_race_supervisor]: 砂坑穿越等待中: phase=3/22, remain=0.3s, override=[0,0.000,0.000]。
[INFO] [1783994387.526163607] [obstacle_race_supervisor]: 沙坑 AprilTag TF 已接收: frame=camera_color_optical_frame->object, samples=12/1, raw_dist=0.452m, stable_dist=0.557m, lateral=0.224m, rpy=(172.4,-1.4,-0.7)deg, trigger=0.650m, priority=2.200m, target_id=10。
[INFO] [1783994387.731593163] [obstacle_race_supervisor]: 砂坑穿越 phase 3/22 完成: wait_done
[INFO] [1783994387.732203888] [obstacle_race_supervisor]: 砂坑穿越 phase 4/22: 发送电控一次性命令 [4,0.000,0.000]，随后等待 0.30s。
[INFO] [1783994387.764933347] [obstacle_race_supervisor]: 砂坑穿越等待中: phase=4/22, remain=0.3s, override=[0,0.000,0.000]。
[INFO] [1783994387.777994326] [obstacle_race_supervisor]: 收到电控 [jumping] 回包，已确认起跳，停止重发 step_once。
[INFO] [1783994388.056216651] [obstacle_race_supervisor]: 沙坑 AprilTag TF 已接收: frame=camera_color_optical_frame->object, samples=12/1, raw_dist=0.462m, stable_dist=0.465m, lateral=0.226m, rpy=(167.7,3.6,-1.3)deg, trigger=0.650m, priority=2.200m, target_id=10。
[INFO] [1783994388.064873861] [obstacle_race_supervisor]: 砂坑穿越 phase 4/22 完成: wait_done
[INFO] [1783994388.065353487] [obstacle_race_supervisor]: 砂坑穿越 phase 5/22: 等待电控 [jumping/finish] 回包，期间保持 [0,0,0]；若 0.3s 未收到回包，重发上一次 step_once 最多 2 次。
[INFO] [1783994388.098237664] [obstacle_race_supervisor]: 砂坑穿越等待回包: phase=5/22, jumping=True, finish=False, timeout_left=none, override=[0,0.000,0.000]。
[INFO] [1783994389.520472505] [obstacle_race_supervisor]: 收到电控 [finish] 回包，继续执行砂坑穿越后半段。
[INFO] [1783994389.531615213] [obstacle_race_supervisor]: 砂坑穿越 phase 5/22 完成: finish_signal_received
[INFO] [1783994389.532007862] [obstacle_race_supervisor]: 砂坑穿越 phase 6/22: 稳定等待 0.40s。
[INFO] [1783994389.564876139] [obstacle_race_supervisor]: 砂坑穿越等待中: phase=6/22, remain=0.4s, override=[0,0.000,0.000]。
[INFO] [1783994389.931709100] [obstacle_race_supervisor]: 砂坑穿越 phase 6/22 完成: wait_done
[INFO] [1783994389.932206279] [obstacle_race_supervisor]: 砂坑穿越 phase 7/22: 沿当前机身前方直走 0.35m，mode=10, 起点=(-3.988,-7.791), yaw_ref=-172.3deg。
[INFO] [1783994389.964761100] [obstacle_race_supervisor]: 砂坑穿越直走中: phase=7/22, progress=0.003/0.350m, yaw_err=0.0deg, yaw_corr=0.000, override=[10,0.900,0.900], elapsed=0.03/2.00s, dist_gate=False。
[INFO] [1783994390.497951583] [obstacle_race_supervisor]: 砂坑穿越直走中: phase=7/22, progress=0.039/0.350m, yaw_err=0.0deg, yaw_corr=0.000, override=[10,0.900,0.900], elapsed=0.57/2.00s, dist_gate=False。
[INFO] [1783994390.998586251] [obstacle_race_supervisor]: 砂坑穿越直走中: phase=7/22, progress=0.107/0.350m, yaw_err=0.0deg, yaw_corr=0.000, override=[10,0.900,0.900], elapsed=1.07/2.00s, dist_gate=False。
[INFO] [1783994391.531587625] [obstacle_race_supervisor]: 砂坑穿越直走中: phase=7/22, progress=0.261/0.350m, yaw_err=16.6deg, yaw_corr=0.083, override=[10,0.817,0.983], elapsed=1.60/2.00s, dist_gate=False。
[INFO] [1783994391.998070642] [obstacle_race_supervisor]: 砂坑穿越 phase 7/22 完成: walk_progress=0.361/0.350m, elapsed=2.07s>=min=2.00s
[INFO] [1783994391.998546781] [obstacle_race_supervisor]: 砂坑穿越 phase 8/22: 逆时针转 40.0deg, target_yaw=-150.9deg。
[INFO] [1783994392.031657053] [obstacle_race_supervisor]: 砂坑穿越转向中: phase=8/22, turn_progress=0.7/40.0deg, progress_done=False, yaw_err=39.3deg, yaw_done=False, direction=ccw, override=[7,-0.700,0.800]。
[INFO] [1783994392.564877527] [obstacle_race_supervisor]: 砂坑穿越转向中: phase=8/22, turn_progress=10.8/40.0deg, progress_done=False, yaw_err=31.1deg, yaw_done=False, direction=ccw, override=[7,-0.700,0.800]。
[INFO] [1783994393.064843697] [obstacle_race_supervisor]: 砂坑穿越转向中: phase=8/22, turn_progress=28.3/40.0deg, progress_done=False, yaw_err=13.5deg, yaw_done=False, direction=ccw, override=[7,-0.700,0.800]。
[INFO] [1783994393.431555035] [obstacle_race_supervisor]: 砂坑穿越 phase 8/22 完成: turn_progress=41.8/40.0deg, yaw_err=0.0deg, stable=0.10s
[INFO] [1783994393.432162261] [obstacle_race_supervisor]: 砂坑穿越 phase 9/22: 发送电控一次性命令 [11,0.000,0.000]，随后等待 0.00s。
[INFO] [1783994393.445288426] [obstacle_race_supervisor]: 收到电控 [jumping] 回包，已确认起跳，停止重发 step_once。
[INFO] [1783994393.465045499] [obstacle_race_supervisor]: 砂坑穿越 phase 9/22 完成: wait_done
[INFO] [1783994393.465807222] [obstacle_race_supervisor]: 砂坑穿越 phase 10/22: 等待电控 [jumping/finish] 回包，期间保持 [0,0,0]；若 3.0s 未收到回包，重发上一次 step_once 最多 1 次。
[INFO] [1783994393.498281211] [obstacle_race_supervisor]: 砂坑穿越等待回包: phase=10/22, jumping=True, finish=False, timeout_left=none, override=[0,0.000,0.000]。
[INFO] [1783994395.371603057] [obstacle_race_supervisor]: 收到电控 [finish] 回包，继续执行砂坑穿越后半段。
[INFO] [1783994395.398200670] [obstacle_race_supervisor]: 砂坑穿越 phase 10/22 完成: finish_signal_received
[INFO] [1783994395.398696467] [obstacle_race_supervisor]: 砂坑穿越 phase 11/22: 角度对齐，target_yaw=-145.9deg, yaw_err=-1.0deg。
[INFO] [1783994395.631513324] [obstacle_race_supervisor]: 砂坑穿越 phase 11/22 完成: turn_progress=0.9/1.0deg, yaw_err=-0.7deg, stable=0.20s
[INFO] [1783994395.631998617] [obstacle_race_supervisor]: 砂坑穿越 phase 12/22: 沿当前机身前方直走 0.20m，mode=0, 起点=(-3.825,-8.638), yaw_ref=-150.9deg。
[INFO] [1783994395.664742053] [obstacle_race_supervisor]: 砂坑穿越直走中: phase=12/22, progress=0.006/0.200m, yaw_err=-5.8deg, yaw_corr=0.017, override=[0,0.817,0.783]。
[INFO] [1783994396.164819810] [obstacle_race_supervisor]: 砂坑穿越直走中: phase=12/22, progress=0.054/0.200m, yaw_err=-6.9deg, yaw_corr=0.024, override=[0,0.824,0.776]。
[INFO] [1783994396.631410683] [obstacle_race_supervisor]: 砂坑穿越 phase 12/22 完成: walk_timeout progress=0.094m/0.200m
[INFO] [1783994396.631999022] [obstacle_race_supervisor]: 砂坑穿越 phase 13/22: 发送电控一次性命令 [11,0.000,0.000]，随后等待 0.00s。
[INFO] [1783994396.664665835] [obstacle_race_supervisor]: 砂坑穿越 phase 13/22 完成: wait_done
[INFO] [1783994396.665122703] [obstacle_race_supervisor]: 砂坑穿越 phase 14/22: 等待电控 [jumping/finish] 回包，期间保持 [0,0,0]；若 3.0s 未收到回包，重发上一次 step_once 最多 1 次。
[INFO] [1783994396.667845753] [obstacle_race_supervisor]: 收到电控 [jumping] 回包，已确认起跳，停止重发 step_once。
[INFO] [1783994396.698504066] [obstacle_race_supervisor]: 砂坑穿越等待回包: phase=14/22, jumping=True, finish=False, timeout_left=none, override=[0,0.000,0.000]。
[INFO] [1783994398.595690427] [obstacle_race_supervisor]: 收到电控 [finish] 回包，继续执行砂坑穿越后半段。
[INFO] [1783994398.598544171] [obstacle_race_supervisor]: 砂坑穿越 phase 14/22 完成: finish_signal_received
[INFO] [1783994398.599026440] [obstacle_race_supervisor]: 砂坑穿越 phase 15/22: 逆时针转 90.0deg, target_yaw=-90.0deg。
[INFO] [1783994398.631409665] [obstacle_race_supervisor]: 砂坑穿越转向中: phase=15/22, turn_progress=0.1/36.0deg, progress_done=True, yaw_err=35.9deg, yaw_done=False, direction=ccw, override=[6,-0.600,0.600]。
[INFO] [1783994399.132142358] [obstacle_race_supervisor]: 砂坑穿越转向中: phase=15/22, turn_progress=9.8/36.0deg, progress_done=True, yaw_err=27.6deg, yaw_done=False, direction=ccw, override=[6,-0.600,0.600]。
[INFO] [1783994399.665401725] [obstacle_race_supervisor]: 砂坑穿越转向中: phase=15/22, turn_progress=34.0/36.0deg, progress_done=True, yaw_err=3.4deg, yaw_done=False, direction=ccw, override=[6,-0.600,0.600]。
[INFO] [1783994400.198267088] [obstacle_race_supervisor]: 砂坑穿越转向中: phase=15/22, turn_progress=45.7/36.0deg, progress_done=True, yaw_err=6.8deg, yaw_done=False, direction=ccw, override=[6,-0.600,0.600]。
[INFO] [1783994400.698446998] [obstacle_race_supervisor]: 砂坑穿越转向中: phase=15/22, turn_progress=61.6/36.0deg, progress_done=True, yaw_err=-3.2deg, yaw_done=False, direction=cw, override=[6,0.600,-0.600]。
[INFO] [1783994401.133353447] [obstacle_race_supervisor]: 砂坑穿越 phase 15/22 完成: turn_timeout progress=69.7/36.0deg yaw_err=4.5deg
[INFO] [1783994401.133989425] [obstacle_race_supervisor]: 砂坑穿越 phase 16/22: 沿当前机身前方直走 0.66m，mode=0, 起点=(-3.473,-8.845), yaw_ref=-90.0deg。
[INFO] [1783994401.164750923] [obstacle_race_supervisor]: 砂坑穿越直走中: phase=16/22, progress=-0.028/0.660m, yaw_err=0.0deg, yaw_corr=0.000, override=[0,0.700,0.700]。
[INFO] [1783994401.665220066] [obstacle_race_supervisor]: 砂坑穿越直走 yaw 保护: phase=16/22, progress=-0.016/0.660m, yaw_err=-8.4deg, direction=cw, override=[6,0.280,-0.120]；对齐后继续直走。
[INFO] [1783994402.165310335] [obstacle_race_supervisor]: 砂坑穿越直走中: phase=16/22, progress=0.068/0.660m, yaw_err=0.0deg, yaw_corr=0.000, override=[0,0.700,0.700]。
[INFO] [1783994402.666035545] [obstacle_race_supervisor]: 砂坑穿越直走中: phase=16/22, progress=0.142/0.660m, yaw_err=0.0deg, yaw_corr=0.000, override=[0,0.700,0.700]。
[INFO] [1783994403.199216457] [obstacle_race_supervisor]: 砂坑穿越直走中: phase=16/22, progress=0.248/0.660m, yaw_err=6.5deg, yaw_corr=0.003, override=[0,0.697,0.703]。
[INFO] [1783994403.733137323] [obstacle_race_supervisor]: 砂坑穿越直走中: phase=16/22, progress=0.406/0.660m, yaw_err=0.0deg, yaw_corr=0.000, override=[0,0.700,0.700]。
[INFO] [1783994404.265266913] [obstacle_race_supervisor]: 砂坑穿越直走中: phase=16/22, progress=0.560/0.660m, yaw_err=0.0deg, yaw_corr=0.000, override=[0,0.700,0.700]。
[INFO] [1783994404.798679126] [obstacle_race_supervisor]: 砂坑穿越直走中: phase=16/22, progress=0.593/0.660m, yaw_err=-6.1deg, yaw_corr=0.001, override=[0,0.701,0.699]。
[INFO] [1783994405.298962604] [obstacle_race_supervisor]: 砂坑穿越直走中: phase=16/22, progress=0.618/0.660m, yaw_err=-6.2deg, yaw_corr=0.001, override=[0,0.701,0.699]。
[INFO] [1783994405.799092984] [obstacle_race_supervisor]: 砂坑穿越直走中: phase=16/22, progress=0.613/0.660m, yaw_err=0.0deg, yaw_corr=0.000, override=[0,0.700,0.700]。
[INFO] [1783994406.332017765] [obstacle_race_supervisor]: 砂坑穿越直走中: phase=16/22, progress=0.623/0.660m, yaw_err=0.0deg, yaw_corr=0.000, override=[0,0.700,0.700]。
[INFO] [1783994406.865519389] [obstacle_race_supervisor]: 砂坑穿越直走中: phase=16/22, progress=0.639/0.660m, yaw_err=0.0deg, yaw_corr=0.000, override=[0,0.700,0.700]。
[INFO] [1783994407.898285297] [obstacle_race_supervisor]: 砂坑穿越直走中: phase=16/22, progress=0.642/0.660m, yaw_err=0.0deg, yaw_corr=0.000, override=[0,0.700,0.700]。
[INFO] [1783994408.431259735] [obstacle_race_supervisor]: 砂坑穿越直走中: phase=16/22, progress=0.653/0.660m, yaw_err=0.0deg, yaw_corr=0.000, override=[0,0.700,0.700]。
[INFO] [1783994408.964689653] [obstacle_race_supervisor]: 砂坑穿越直走中: phase=16/22, progress=0.637/0.660m, yaw_err=0.0deg, yaw_corr=0.000, override=[0,0.700,0.700]。
[INFO] [1783994409.464934638] [obstacle_race_supervisor]: 砂坑穿越直走中: phase=16/22, progress=0.650/0.660m, yaw_err=0.0deg, yaw_corr=0.000, override=[0,0.700,0.700]。
[INFO] [1783994409.997998862] [obstacle_race_supervisor]: 砂坑穿越直走中: phase=16/22, progress=0.639/0.660m, yaw_err=0.0deg, yaw_corr=0.000, override=[0,0.700,0.700]。
[INFO] [1783994410.431352384] [obstacle_race_supervisor]: 砂坑穿越 phase 16/22 完成: walk_timeout progress=0.649m/0.660m
[INFO] [1783994410.431962280] [obstacle_race_supervisor]: 砂坑穿越 phase 17/22: 发送电控一次性命令 [9,0.000,0.000]，随后等待 0.00s。
[INFO] [1783994410.447105384] [obstacle_race_supervisor]: 收到电控 [jumping] 回包，已确认起跳，停止重发 step_once。
[INFO] [1783994410.464828835] [obstacle_race_supervisor]: 砂坑穿越 phase 17/22 完成: wait_done
[INFO] [1783994410.465266112] [obstacle_race_supervisor]: 砂坑穿越 phase 18/22: 等待电控 [jumping/finish] 回包，期间保持 [0,0,0]；若 3.0s 未收到回包，重发上一次 step_once 最多 1 次。
[INFO] [1783994410.498200825] [obstacle_race_supervisor]: 砂坑穿越等待回包: phase=18/22, jumping=True, finish=False, timeout_left=none, override=[0,0.000,0.000]。
[INFO] [1783994412.262060695] [obstacle_race_supervisor]: 收到电控 [finish] 回包，继续执行砂坑穿越后半段。
[INFO] [1783994412.264573129] [obstacle_race_supervisor]: 砂坑穿越 phase 18/22 完成: finish_signal_received
[INFO] [1783994412.264885808] [obstacle_race_supervisor]: 砂坑穿越 phase 19/22: 沿当前机身前方直走 0.20m，mode=0, 起点=(-2.578,-8.819), yaw_ref=-90.0deg。
[INFO] [1783994412.297957793] [obstacle_race_supervisor]: 砂坑穿越直走中: phase=19/22, progress=0.018/0.200m, yaw_err=0.0deg, yaw_corr=0.000, override=[0,0.500,0.500]。
[INFO] [1783994412.764519608] [obstacle_race_supervisor]: 砂坑穿越 phase 19/22 完成: walk_progress=0.200/0.200m, elapsed=0.50s>=min=0.00s
[INFO] [1783994412.764957273] [obstacle_race_supervisor]: 砂坑穿越 phase 20/22: 发送电控一次性命令 [9,0.000,0.000]，随后等待 0.00s。
[INFO] [1783994412.780658868] [obstacle_race_supervisor]: 收到电控 [jumping] 回包，已确认起跳，停止重发 step_once。
[INFO] [1783994412.798151930] [obstacle_race_supervisor]: 砂坑穿越 phase 20/22 完成: wait_done
[INFO] [1783994412.798615238] [obstacle_race_supervisor]: 砂坑穿越 phase 21/22: 等待电控 [jumping/finish] 回包，期间保持 [0,0,0]；若 3.0s 未收到回包，重发上一次 step_once 最多 1 次。
[INFO] [1783994412.831959221] [obstacle_race_supervisor]: 砂坑穿越等待回包: phase=21/22, jumping=True, finish=False, timeout_left=none, override=[0,0.000,0.000]。
[INFO] [1783994414.633567020] [obstacle_race_supervisor]: 收到电控 [finish] 回包，继续执行砂坑穿越后半段。
[INFO] [1783994414.664739319] [obstacle_race_supervisor]: 砂坑穿越 phase 21/22 完成: finish_signal_received
[INFO] [1783994414.665102006] [obstacle_race_supervisor]: 砂坑穿越 phase 22/22: 角度对齐，target_yaw=-93.0deg, yaw_err=-4.5deg。
[INFO] [1783994414.698088691] [obstacle_race_supervisor]: 砂坑穿越转向中: phase=22/22, turn_progress=0.1/4.5deg, progress_done=True, yaw_err=-4.4deg, yaw_done=False, direction=cw_fine, override=[6,0.200,-0.080]。
[INFO] [1783994415.264859462] [obstacle_race_supervisor]: 砂坑穿越转向中: phase=22/22, turn_progress=7.1/4.5deg, progress_done=True, yaw_err=2.7deg, yaw_done=False, direction=ccw_fine, override=[6,-0.080,0.200]。
[INFO] [1783994415.764898443] [obstacle_race_supervisor]: 砂坑穿越 phase 22/22 完成: turn_progress=9.6/4.5deg, yaw_err=-1.5deg, stable=0.23s
[INFO] [1783994415.765465138] [obstacle_race_supervisor]: 砂坑穿越完成，返回搜索模式继续寻找后续障碍。
[INFO] [1783994415.765943174] [obstacle_race_supervisor]: 继承沙坑阶段 ID14 锁存进入 SEARCH: latched_dist=0.730m, odom_approach=0.000m, est_dist=0.733m, age=0.02/20.00s。
[INFO] [1783994415.766257040] [obstacle_race_supervisor]: state=SEARCH
[INFO] [1783994415.766488596] [obstacle_race_supervisor]: 进入搜索模式: reason=sandpit_traverse_done, walk=[0,0.500,0.500]。
[INFO] [1783994415.798265670] [obstacle_race_supervisor]: 搜索中 yaw_err=0.0deg, override=[0,0.500,0.500]。
[INFO] [1783994415.798634210] [obstacle_race_supervisor]: 上台阶 AprilTag 已检测但暂未进入分支: tf_samples=0/1, latest_tf_age=none, det_age=none, ids=14, tf_topic_age=0.00s, last_tf_children=[camera_init->body], expected_tf=camera_color_optical_frame->upstairs。
[INFO] [1783994415.798967404] [obstacle_race_supervisor]: 高墙 AprilTag 已检测但暂未进入分支: tf_samples=0/1, latest_tf_age=none, det_age=none, ids=14, expected_tf=camera_color_optical_frame->hurdle_right。
[INFO] [1783994415.799456181] [obstacle_race_supervisor]: state=POLE_ACTIVE
[INFO] [1783994415.799868399] [obstacle_race_supervisor]: 进入绕杆分支: reason=pole_apriltag_detected(id=14,tf=camera_color_optical_frame->role,source=fresh_tf), dist=0.858m, pole_tag_dist=0.730m, retry_failures=0/2。
[INFO] [1783994447.042018015] [obstacle_race_supervisor]: 高墙 AprilTag TF 已接收: frame=camera_color_optical_frame->hurdle_right, tag_x=-0.344m, tag_y=0.106m, tag_z=2.634m, rpy=(-165.1,2.1,-3.2)deg, samples=1, target_id=31。
[INFO] [1783994450.231240863] [obstacle_race_supervisor]: state=SEARCH
[INFO] [1783994450.231564158] [obstacle_race_supervisor]: 进入搜索模式: reason=pole_done, walk=[0,0.500,0.500]。
[INFO] [1783994450.264709074] [obstacle_race_supervisor]: 搜索中 yaw_err=0.0deg, override=[0,0.500,0.500]。
[INFO] [1783994450.446339755] [obstacle_race_supervisor]: 高墙 AprilTag TF 已接收: frame=camera_color_optical_frame->hurdle_right, tag_x=0.007m, tag_y=0.147m, tag_z=2.270m, rpy=(171.6,14.3,-4.7)deg, samples=1, target_id=31。
[INFO] [1783994450.531678584] [obstacle_race_supervisor]: 上台阶 AprilTag 已检测但暂未进入分支: tf_samples=0/1, latest_tf_age=none, det_age=none, ids=none, tf_topic_age=0.01s, last_tf_children=[camera_link->camera_color_frame,camera_color_frame->camera_color_optical_frame], expected_tf=camera_color_optical_frame->upstairs。
[INFO] [1783994450.532177661] [obstacle_race_supervisor]: 高墙 AprilTag 已锁定但距离未到触发线: samples=1, tag_x=0.007m, tag_z=2.270m > trigger=1.700m, center_x=-0.353m, target_id=31。
[INFO] [1783994450.532606061] [obstacle_race_supervisor]: 高墙 AprilTag ID31 已检测，等待 TF/距离确认期间抑制斜坡抢占: ids=none, det_age=0.09s, expected_tf=camera_color_optical_frame->hurdle_right。
[INFO] [1783994451.064817829] [obstacle_race_supervisor]: 上台阶 AprilTag 已检测但暂未进入分支: tf_samples=0/1, latest_tf_age=none, det_age=none, ids=none, tf_topic_age=0.01s, last_tf_children=[camera_link->camera_color_frame,camera_color_frame->camera_color_optical_frame], expected_tf=camera_color_optical_frame->upstairs。
[INFO] [1783994451.065321886] [obstacle_race_supervisor]: 高墙 AprilTag 已检测但暂未进入分支: tf_samples=0/1, latest_tf_age=none, det_age=0.62s, ids=none, expected_tf=camera_color_optical_frame->hurdle_right。
[INFO] [1783994451.264806360] [obstacle_race_supervisor]: 搜索中 yaw_err=0.0deg, override=[0,0.500,0.500]。
[INFO] [1783994451.441175074] [obstacle_race_supervisor]: 高墙 AprilTag TF 已接收: frame=camera_color_optical_frame->hurdle_right, tag_x=0.075m, tag_y=0.092m, tag_z=1.887m, rpy=(169.6,16.9,-5.9)deg, samples=1, target_id=31。
[INFO] [1783994451.464684537] [obstacle_race_supervisor]: 高墙 AprilTag ID31 已检测，等待 TF/距离确认期间抑制斜坡抢占: ids=31, det_age=0.02s, expected_tf=camera_color_optical_frame->hurdle_right。
[INFO] [1783994451.564671940] [obstacle_race_supervisor]: 上台阶 AprilTag 已检测但暂未进入分支: tf_samples=0/1, latest_tf_age=none, det_age=none, ids=none, tf_topic_age=0.01s, last_tf_children=[camera_link->camera_color_frame,camera_color_frame->camera_color_optical_frame], expected_tf=camera_color_optical_frame->upstairs。
[INFO] [1783994451.565025867] [obstacle_race_supervisor]: 高墙 AprilTag 已锁定但距离未到触发线: samples=1, tag_x=0.075m, tag_z=1.887m > trigger=1.700m, center_x=-0.285m, target_id=31。
[INFO] [1783994451.998213498] [obstacle_race_supervisor]: 高墙 AprilTag 保护斜坡抢占: samples=3, tag_x=0.033m, tag_z=1.753m, trigger=1.700m, guard=1.850m, center_x=-0.327m，继续搜索等待触发线，不进入斜坡 yaw 对齐。
[INFO] [1783994452.064863756] [obstacle_race_supervisor]: 上台阶 AprilTag 已检测但暂未进入分支: tf_samples=0/1, latest_tf_age=none, det_age=none, ids=none, tf_topic_age=0.01s, last_tf_children=[camera_link->camera_color_frame,camera_color_frame->camera_color_optical_frame], expected_tf=camera_color_optical_frame->upstairs。
[INFO] [1783994452.065355838] [obstacle_race_supervisor]: 高墙 AprilTag 已锁定但距离未到触发线: samples=3, tag_x=0.033m, tag_z=1.753m > trigger=1.700m, center_x=-0.327m, target_id=31。
[INFO] [1783994452.231626393] [obstacle_race_supervisor]: 高墙 AprilTag 初始锁定: source=trigger, tag_x=0.033m, tag_z=1.687m, center_x=-0.327m，后续横向补偿不再重算 tag。
[INFO] [1783994452.232075235] [obstacle_race_supervisor]: 高墙 AprilTag 对中锁存: source=initial_locked, samples=1, tag_x=0.033m, tag_z=1.687m, center_x=-0.327m, lateral_yaw_offset=11.0deg, yaw_offset=10.4deg, target_yaw=0.0deg。
[INFO] [1783994452.232523935] [obstacle_race_supervisor]: state=HURDLE_TAG_ALIGN
[INFO] [1783994452.232803984] [obstacle_race_supervisor]: 进入高墙 AprilTag 对中分支: reason=hurdle_detected, dist=1.687m，锁存起跳 yaw 基准=0.0deg(hurdle_tag tag_x=0.033m,tag_z=1.687m,center_x=-0.327m,center_z=1.687m,yaw_source=fixed_absolute=0.0deg,offset=10.4deg)，先按 fixed_absolute_yaw 视觉预对齐 tag，再复用限高杆横向补偿流程。
[INFO] [1783994452.264645829] [obstacle_race_supervisor]: 高墙 AprilTag 姿态预对齐目标锁定: metric=fixed_absolute_yaw, tag_x=0.033m, tag_z=1.687m, measured=-10.4deg, target=0.0deg, raw_err=-10.4deg, control_delta=10.4deg, rpy=(178.8,-15.1,-2.6)deg, lock_source=latest, lock_samples=1, lock_metric=-15.1deg, latest_pose_pitch=-15.1deg, odom_yaw0=-10.4deg, target_yaw=0.0deg。
[INFO] [1783994452.265119252] [obstacle_race_supervisor]: 高墙 AprilTag 姿态预对齐中: metric=fixed_absolute_yaw, measured=-10.4deg, target=0.0deg, visual_err=-10.4deg, yaw_err=10.4deg, feedback=odom, direction=ccw, hold=0.00/0.10s, override=[6,-0.079,0.144]。
[INFO] [1783994452.443497063] [obstacle_race_supervisor]: 高墙 AprilTag TF 已接收: frame=camera_color_optical_frame->hurdle_right, tag_x=0.029m, tag_y=0.106m, tag_z=1.421m, rpy=(-178.4,-14.1,-2.8)deg, samples=1, target_id=31。
[INFO] [1783994452.798038677] [obstacle_race_supervisor]: 高墙 AprilTag 姿态预对齐中: metric=fixed_absolute_yaw, measured=-5.8deg, target=0.0deg, visual_err=-5.8deg, yaw_err=5.8deg, feedback=odom, direction=ccw, hold=0.00/0.10s, override=[6,-0.054,0.099]。
[INFO] [1783994452.977410622] [obstacle_race_supervisor]: 高墙 AprilTag TF 已接收: frame=camera_color_optical_frame->hurdle_right, tag_x=0.219m, tag_y=0.111m, tag_z=1.329m, rpy=(177.1,-8.8,-1.6)deg, samples=3, target_id=31。
[INFO] [1783994453.297977712] [obstacle_race_supervisor]: 高墙 AprilTag 姿态预对齐完成: metric=fixed_absolute_yaw, current_measured=1.5deg, current_raw_err=1.5deg, forward_yaw=0.0deg, initial_ref_yaw=0.0deg, base_yaw=0.0deg, tag_x=0.273m, tag_z=1.321m, shift_source=current_aligned_tag, shift_tag_x=0.273m, shift_tag_z=1.321m, center_x=-0.087m。
[INFO] [1783994453.298918090] [obstacle_race_supervisor]: state=LIMIT_BAR_LATERAL_SHIFT
[INFO] [1783994453.299234907] [obstacle_race_supervisor]: 高墙横向补偿计划锁定: center_x=-0.087m, center_z=1.321m, base_yaw=0.0deg, side_delta=+0.0deg, side_yaw=0.0deg, shift=0.000m(raw=0.000m, requested=0.000m, clipped=False), deadband=0.100m, skip_lateral=False, forward_component=0.000m, final_forward=0.821m, target_dist=0.500m。
[INFO] [1783994453.331263589] [obstacle_race_supervisor]: 高墙横向补偿中: phase=final_forward/final_forward, target_yaw=0.0deg, pose_yaw=1.7deg, yaw_err=-1.7deg, along=-0.002m, raw_along=-0.002m, remaining=0.822m, walk_yaw_corr=0.003, override=[0,0.503,0.497]。
[INFO] [1783994453.510945590] [obstacle_race_supervisor]: 高墙 AprilTag TF 已接收: frame=camera_color_optical_frame->hurdle_right, tag_x=0.376m, tag_y=0.125m, tag_z=1.313m, rpy=(176.9,-0.3,-2.0)deg, samples=3, target_id=31。
[INFO] [1783994453.831476119] [obstacle_race_supervisor]: 高墙横向补偿中: phase=final_forward/final_forward, target_yaw=0.0deg, pose_yaw=3.3deg, yaw_err=-3.3deg, along=0.135m, raw_along=0.135m, remaining=0.686m, walk_yaw_corr=0.028, override=[0,0.528,0.472]。
[INFO] [1783994454.045628259] [obstacle_race_supervisor]: 高墙 AprilTag TF 已接收: frame=camera_color_optical_frame->hurdle_right, tag_x=0.400m, tag_y=0.102m, tag_z=1.103m, rpy=(-179.9,1.6,-2.5)deg, samples=2, target_id=31。
[INFO] [1783994454.332324162] [obstacle_race_supervisor]: 高墙横向补偿中: phase=final_forward/final_forward, target_yaw=0.0deg, pose_yaw=2.0deg, yaw_err=-2.0deg, along=0.335m, raw_along=0.335m, remaining=0.486m, walk_yaw_corr=0.008, override=[0,0.508,0.492]。
[INFO] [1783994454.580430277] [obstacle_race_supervisor]: 高墙 AprilTag TF 已接收: frame=camera_color_optical_frame->hurdle_right, tag_x=0.404m, tag_y=0.111m, tag_z=0.825m, rpy=(-176.8,-3.3,-1.7)deg, samples=2, target_id=31。
[INFO] [1783994454.864710738] [obstacle_race_supervisor]: 高墙横向补偿中: phase=final_forward/final_forward, target_yaw=0.0deg, pose_yaw=1.9deg, yaw_err=-1.9deg, along=0.604m, raw_along=0.604m, remaining=0.216m, walk_yaw_corr=0.006, override=[0,0.506,0.494]。
[INFO] [1783994455.198554255] [obstacle_race_supervisor]: 高墙横向补偿完成: final_along=0.779m(raw=0.779m), yaw_err=-1.4deg, visual_dist=0.614m <= 0.650m, visual_yaw_gate=6.0deg，进入起跳等待。
[INFO] [1783994455.198976136] [obstacle_race_supervisor]: state=HURDLE_WAIT_JUMP
[INFO] [1783994455.199256847] [obstacle_race_supervisor]: 进入高墙跳跃分支: reason=hurdle_detected, dist=0.717m，entry_yaw=1.4deg，持续停止等待 0.4s 后起跳。
[INFO] [1783994455.631681957] [obstacle_race_supervisor]: state=HURDLE_WAIT_RESUME
[INFO] [1783994455.632126181] [obstacle_race_supervisor]: 跳跃指令重复发送 5 次，等待 3.0s 后恢复搜索前行。
[INFO] [1783994456.849247859] [obstacle_race_supervisor]: 上台阶 AprilTag TF 已接收: frame=camera_color_optical_frame->upstairs, tag_x=0.485m, tag_y=0.177m, tag_z=2.462m, rpy=(161.8,-6.8,-0.3)deg, samples=1, target_id=18。
[INFO] [1783994458.049437539] [obstacle_race_supervisor]: 上台阶 AprilTag TF 已接收: frame=camera_color_optical_frame->upstairs, tag_x=0.639m, tag_y=0.104m, tag_z=1.587m, rpy=(165.7,8.1,-2.3)deg, samples=1, target_id=18。
[INFO] [1783994458.584726155] [obstacle_race_supervisor]: 上台阶 AprilTag TF 已接收: frame=camera_color_optical_frame->upstairs, tag_x=0.654m, tag_y=0.058m, tag_z=1.567m, rpy=(163.9,5.5,-3.3)deg, samples=4, target_id=18。
[INFO] [1783994458.631991853] [obstacle_race_supervisor]: state=HURDLE_POST_ALIGN
[INFO] [1783994458.632470702] [obstacle_race_supervisor]: 进入高墙后 yaw 对齐: target=0.0deg, tolerance=2.0deg, hold=0.20s。
[INFO] [1783994458.664748914] [obstacle_race_supervisor]: 高墙后 yaw 对齐中: yaw_err=-6.4deg, direction=cw, override=[6,0.280,-0.120]。
[INFO] [1783994459.164777741] [obstacle_race_supervisor]: 高墙后 yaw 对齐保持中: yaw_err=1.6deg, stable=0.20/0.20s。
[INFO] [1783994459.182638975] [obstacle_race_supervisor]: 上台阶 AprilTag TF 已接收: frame=camera_color_optical_frame->upstairs, tag_x=0.422m, tag_y=0.065m, tag_z=1.638m, rpy=(167.9,-1.2,-0.8)deg, samples=5, target_id=18。
[INFO] [1783994459.197986391] [obstacle_race_supervisor]: 高墙后 yaw 对齐完成: yaw_err=2.0deg, stable=0.23s，进入搜索。
[INFO] [1783994459.198329023] [obstacle_race_supervisor]: state=SEARCH
[INFO] [1783994459.198687022] [obstacle_race_supervisor]: 进入搜索模式: reason=hurdle_done_aligned, walk=[0,0.500,0.500]。
[INFO] [1783994459.231730343] [obstacle_race_supervisor]: 搜索中 yaw_err=0.0deg, override=[0,0.500,0.500]。
[INFO] [1783994459.498073544] [obstacle_race_supervisor]: 上台阶 AprilTag 分支触发条件满足: reason=tag_z_within_trigger, samples=4/1, tag_x=0.411m, tag_z=1.648m, trigger_distance=1.700m, inside_by=0.052m, center_x=0.101m, tag_to_center=-0.310m, target_id=18, expected_tf=camera_color_optical_frame->upstairs, completed=False。
[INFO] [1783994459.498430806] [obstacle_race_supervisor]: 上台阶 AprilTag 对中锁存: samples=4, tag_x=0.411m, tag_z=1.648m, center_x=0.101m, lateral_yaw_offset=-3.5deg, yaw_offset=2.3deg, target_yaw=0.0deg, yaw_source=fixed_absolute=0.0deg。
[INFO] [1783994459.498875609] [obstacle_race_supervisor]: state=UPSTAIRS_TAG_ALIGN
[INFO] [1783994459.499166780] [obstacle_race_supervisor]: 进入上台阶 AprilTag 对中分支: reason=upstairs_detected, dist=1.648m，锁存上台阶 yaw 基准=0.0deg(upstairs_tag tag_x=0.411m,tag_z=1.648m,center_x=0.101m,center_z=1.648m,yaw_source=fixed_absolute=0.0deg,offset=2.3deg)，先按 odom 绝对 0.0deg 做航向预对齐，再复用限高杆/高墙横向补偿流程。
[INFO] [1783994459.531325918] [obstacle_race_supervisor]: 上台阶 AprilTag 姿态预对齐目标锁定: metric=fixed_absolute_yaw, tag_x=0.399m, tag_z=1.646m, measured=-2.3deg, target=0.0deg, raw_err=-2.3deg, control_delta=2.3deg, rpy=(164.9,1.2,-1.1)deg, lock_source=latest, lock_samples=4, lock_metric=1.2deg, latest_pose_pitch=1.2deg, odom_yaw0=-2.3deg, target_yaw=0.0deg。
[INFO] [1783994459.531779356] [obstacle_race_supervisor]: 上台阶 AprilTag 姿态预对齐中: metric=fixed_absolute_yaw, measured=-2.3deg, target=0.0deg, visual_err=-2.3deg, yaw_err=2.3deg, feedback=odom, direction=ccw, hold=0.00/0.10s, override=[6,-0.054,0.099]。
[INFO] [1783994459.916873895] [obstacle_race_supervisor]: 上台阶 AprilTag TF 已接收: frame=camera_color_optical_frame->upstairs, tag_x=0.467m, tag_y=0.013m, tag_z=1.485m, rpy=(165.9,-0.2,-0.3)deg, samples=2, target_id=18。
[INFO] [1783994459.964704517] [obstacle_race_supervisor]: 上台阶 AprilTag 姿态预对齐完成: metric=fixed_absolute_yaw, current_measured=1.0deg, current_raw_err=1.0deg, forward_yaw=0.0deg, initial_ref_yaw=0.0deg, base_yaw=0.0deg, tag_x=0.467m, tag_z=1.485m, shift_source=current_aligned_tag, shift_tag_x=0.467m, shift_tag_z=1.485m, center_x=0.157m。
[INFO] [1783994459.965011502] [obstacle_race_supervisor]: state=LIMIT_BAR_LATERAL_SHIFT
[INFO] [1783994459.965293027] [obstacle_race_supervisor]: 上台阶横向补偿计划锁定: center_x=+0.157m, center_z=1.485m, base_yaw=0.0deg, side_delta=-90.0deg, side_yaw=-90.0deg, shift=0.126m(raw=0.157m, requested=0.126m, clipped=False), deadband=0.120m, skip_lateral=False, forward_component=0.000m, final_forward=0.965m, target_dist=0.520m。
[INFO] [1783994459.998145886] [obstacle_race_supervisor]: 上台阶横向补偿中: phase=align_out/align_out, target_yaw=-90.0deg, pose_yaw=1.3deg, yaw_err=-91.3deg, along=unknown, raw_along=unknown, remaining=0.000m, walk_yaw_corr=0.000, override=[6,0.220,-0.120]。
[INFO] [1783994460.531386851] [obstacle_race_supervisor]: 上台阶横向补偿中: phase=align_out/align_out, target_yaw=-90.0deg, pose_yaw=-12.3deg, yaw_err=-77.7deg, along=unknown, raw_along=unknown, remaining=0.000m, walk_yaw_corr=0.000, override=[6,0.220,-0.120]。
[INFO] [1783994461.031427249] [obstacle_race_supervisor]: 上台阶横向补偿中: phase=align_out/align_out, target_yaw=-90.0deg, pose_yaw=-24.1deg, yaw_err=-65.9deg, along=unknown, raw_along=unknown, remaining=0.000m, walk_yaw_corr=0.000, override=[6,0.220,-0.120]。
[INFO] [1783994461.531724449] [obstacle_race_supervisor]: 上台阶横向补偿中: phase=align_out/align_out, target_yaw=-90.0deg, pose_yaw=-39.5deg, yaw_err=-50.5deg, along=unknown, raw_along=unknown, remaining=0.000m, walk_yaw_corr=0.000, override=[6,0.220,-0.120]。
[INFO] [1783994462.064744421] [obstacle_race_supervisor]: 上台阶横向补偿中: phase=align_out/align_out, target_yaw=-90.0deg, pose_yaw=-53.3deg, yaw_err=-36.7deg, along=unknown, raw_along=unknown, remaining=0.000m, walk_yaw_corr=0.000, override=[6,0.220,-0.120]。
[INFO] [1783994462.564814909] [obstacle_race_supervisor]: 上台阶横向补偿中: phase=align_out/align_out, target_yaw=-90.0deg, pose_yaw=-66.2deg, yaw_err=-23.8deg, along=unknown, raw_along=unknown, remaining=0.000m, walk_yaw_corr=0.000, override=[6,0.220,-0.120]。
[INFO] [1783994463.064958868] [obstacle_race_supervisor]: 上台阶横向补偿中: phase=align_out/align_out, target_yaw=-90.0deg, pose_yaw=-79.1deg, yaw_err=-10.9deg, along=unknown, raw_along=unknown, remaining=0.000m, walk_yaw_corr=0.000, override=[6,0.151,-0.082]。
[INFO] [1783994463.564923982] [obstacle_race_supervisor]: 上台阶横向补偿中: phase=align_out/align_out, target_yaw=-90.0deg, pose_yaw=-87.4deg, yaw_err=-2.6deg, along=unknown, raw_along=unknown, remaining=0.000m, walk_yaw_corr=0.000, override=[6,0.099,-0.054]。
[INFO] [1783994463.664901577] [obstacle_race_supervisor]: 上台阶横向补偿: 已转到斜向 yaw=-90.0deg，开始斜向移动 shift=0.126m；锁定初始 tag 计划，不再用旋转后的最新 tag 重算方向。
[INFO] [1783994464.065002145] [obstacle_race_supervisor]: 上台阶横向补偿中: phase=shift/shift, target_yaw=-90.0deg, pose_yaw=-91.5deg, yaw_err=1.5deg, along=0.039m, raw_along=0.039m, remaining=0.087m, walk_yaw_corr=0.000, override=[0,0.500,0.500]。
[INFO] [1783994464.197856180] [obstacle_race_supervisor]: 上台阶横向补偿: 斜向移动完成 along=0.087m(raw=0.087m)，开始转回基准 yaw=0.0deg。
[INFO] [1783994464.598159677] [obstacle_race_supervisor]: 上台阶横向补偿中: phase=align_back/align_back, target_yaw=0.0deg, pose_yaw=-84.6deg, yaw_err=84.6deg, along=unknown, raw_along=unknown, remaining=0.000m, walk_yaw_corr=0.000, override=[6,-0.120,0.220]。
[INFO] [1783994465.098988014] [obstacle_race_supervisor]: 上台阶横向补偿中: phase=align_back/align_back, target_yaw=0.0deg, pose_yaw=-70.4deg, yaw_err=70.4deg, along=unknown, raw_along=unknown, remaining=0.000m, walk_yaw_corr=0.000, override=[6,-0.120,0.220]。
[INFO] [1783994465.631533637] [obstacle_race_supervisor]: 上台阶横向补偿中: phase=align_back/align_back, target_yaw=0.0deg, pose_yaw=-55.3deg, yaw_err=55.3deg, along=unknown, raw_along=unknown, remaining=0.000m, walk_yaw_corr=0.000, override=[6,-0.120,0.220]。
[INFO] [1783994466.131710556] [obstacle_race_supervisor]: 上台阶横向补偿中: phase=align_back/align_back, target_yaw=0.0deg, pose_yaw=-40.5deg, yaw_err=40.5deg, along=unknown, raw_along=unknown, remaining=0.000m, walk_yaw_corr=0.000, override=[6,-0.120,0.220]。
[INFO] [1783994466.664943314] [obstacle_race_supervisor]: 上台阶横向补偿中: phase=align_back/align_back, target_yaw=0.0deg, pose_yaw=-24.5deg, yaw_err=24.5deg, along=unknown, raw_along=unknown, remaining=0.000m, walk_yaw_corr=0.000, override=[6,-0.120,0.220]。
[INFO] [1783994466.922354974] [obstacle_race_supervisor]: 上台阶 AprilTag TF 已接收: frame=camera_color_optical_frame->upstairs, tag_x=-0.185m, tag_y=0.069m, tag_z=1.419m, rpy=(168.3,-18.1,-0.7)deg, samples=1, target_id=18。
[INFO] [1783994467.198204297] [obstacle_race_supervisor]: 上台阶横向补偿中: phase=align_back/align_back, target_yaw=0.0deg, pose_yaw=-8.4deg, yaw_err=8.4deg, along=unknown, raw_along=unknown, remaining=0.000m, walk_yaw_corr=0.000, override=[6,-0.064,0.117]。
[INFO] [1783994467.456227548] [obstacle_race_supervisor]: 上台阶 AprilTag TF 已接收: frame=camera_color_optical_frame->upstairs, tag_x=0.192m, tag_y=0.061m, tag_z=1.442m, rpy=(-179.0,17.5,-2.8)deg, samples=3, target_id=18。
[INFO] [1783994467.698056292] [obstacle_race_supervisor]: 上台阶横向补偿中: phase=align_back/align_back, target_yaw=0.0deg, pose_yaw=-2.1deg, yaw_err=2.1deg, along=unknown, raw_along=unknown, remaining=0.000m, walk_yaw_corr=0.000, override=[6,-0.054,0.099]。
[INFO] [1783994467.731194648] [obstacle_race_supervisor]: 上台阶横向补偿: 已转回基准 yaw=0.0deg，live_tag_x=+0.194m, live_tag_z=1.435m, live_center_x=-0.116m, vision_yaw_corr=+0.0deg, target_yaw_if_live=0.0deg, 开始前进到上台阶阈值 final_forward=0.965m。
[INFO] [1783994468.231288355] [obstacle_race_supervisor]: 上台阶横向补偿中: phase=final_forward/final_forward, target_yaw=0.0deg, pose_yaw=0.9deg, yaw_err=-0.9deg, along=0.070m, raw_along=0.070m, remaining=0.895m, walk_yaw_corr=0.000, upstairs_final_ready=False(source=visual_no_fresh_tag, trigger=false), live_center_x=none, vision_yaw_corr=none, target_yaw_if_live=none, override=[0,0.500,0.500]。
[INFO] [1783994468.524446246] [obstacle_race_supervisor]: 上台阶 AprilTag TF 已接收: frame=camera_color_optical_frame->upstairs, tag_x=0.354m, tag_y=0.036m, tag_z=1.210m, rpy=(165.1,1.2,-0.8)deg, samples=1, target_id=18。
[INFO] [1783994468.765029081] [obstacle_race_supervisor]: 上台阶横向补偿中: phase=final_forward/final_forward, target_yaw=0.0deg, pose_yaw=0.0deg, yaw_err=-0.0deg, along=0.296m, raw_along=0.296m, remaining=0.669m, walk_yaw_corr=0.000, upstairs_final_ready=False(source=live_tag, tag_z=1.183m>0.570m, visual=trigger=false), live_tag_x=+0.347m, live_tag_z=1.183m, live_center_x=+0.037m, vision_yaw_corr=+0.0deg, target_yaw_if_live=0.0deg, override=[0,0.500,0.500]。
[INFO] [1783994469.298068124] [obstacle_race_supervisor]: 上台阶横向补偿中: phase=final_forward/final_forward, target_yaw=0.0deg, pose_yaw=0.3deg, yaw_err=-0.3deg, along=0.580m, raw_along=0.580m, remaining=0.385m, walk_yaw_corr=0.000, upstairs_final_ready=False(source=live_tag, tag_z=1.055m>0.570m, visual=trigger=false), live_tag_x=+0.341m, live_tag_z=1.055m, live_center_x=+0.031m, vision_yaw_corr=+0.0deg, target_yaw_if_live=0.0deg, override=[0,0.500,0.500]。
[INFO] [1783994469.393354732] [obstacle_race_supervisor]: 上台阶 AprilTag TF 已接收: frame=camera_color_optical_frame->upstairs, tag_x=0.377m, tag_y=0.034m, tag_z=0.819m, rpy=(169.1,6.3,-2.3)deg, samples=2, target_id=18。
[INFO] [1783994469.798594162] [obstacle_race_supervisor]: 上台阶横向补偿中: phase=final_forward/upstairs_final_slow, target_yaw=0.0deg, pose_yaw=-0.9deg, yaw_err=0.9deg, along=0.808m, raw_along=0.808m, remaining=0.157m, walk_yaw_corr=0.000, upstairs_final_ready=False(source=live_tag, tag_z=0.728m>0.570m, visual=dist=0.596m>0.570m), live_tag_x=+0.362m, live_tag_z=0.728m, live_center_x=+0.052m, vision_yaw_corr=+0.0deg, target_yaw_if_live=0.0deg, override=[0,0.300,0.300]。
[INFO] [1783994469.864602635] [obstacle_race_supervisor]: 上台阶横向补偿完成: final_along=0.823m(raw=0.823m), yaw_err=0.3deg <= 1.0deg, remaining=0.142m, distance_ready=True(source=visual_with_live_tag, trigger=true, dist=0.537m, threshold=0.570m, tag_z=0.728m>0.570m), live_tag_x=+0.362m, live_tag_z=0.728m, live_center_x=+0.052m, vision_yaw_corr=+0.0deg, target_yaw_if_live=0.0deg，直接进入上台阶 step_once。
[INFO] [1783994469.864992931] [obstacle_race_supervisor]: state=DONE
[INFO] [1783994469.865764828] [obstacle_race_supervisor]: 进入上台阶分支: reason=upstairs_detected, latest_tag_dist=0.728m, target_dist=0.520m, planned_final_forward=0.965m, actual_final_along=0.823m(raw=0.823m), remaining=0.142m，已向电控发送一次 step_once=[5,0.000,0.000]；若 1.0s 内未收到 [jumping]，最多重发 3 次。总状态机结束。
[INFO] [1783994469.896004731] [obstacle_race_supervisor]: 收到电控 [jumping] 回包，已确认上台阶动作，停止重发 step_once。
