[INFO] [1783910573.202162833] [stairs_manager]: obstacle_manager inactive on startup: start_waypoint_index=0, stop_after_waypoint_index=0
[INFO] [1783910577.386052610] [stairs_manager]: [1;35m发布模式: 1 (下坡)[0m
[INFO] [1783910577.386470136] [stairs_manager]: [1;35m发布上坡步长滤波: False[0m
[INFO] [1783910577.386803384] [stairs_manager]: [1;35m发布路径修正profile: 1 (0=关闭, 1=普通, 2=上坡强修正, 3=强修正符号验证)[0m
[INFO] [1783910577.387160099] [stairs_manager]: obstacle_manager activated: reason=external_topic, start_waypoint_index=0, stop_after_waypoint_index=0, inherit_previous_waypoint_segment_state=False
[INFO] [1783910577.387987870] [stairs_manager]: 解析机身相对 waypoint[0]=small_ramp_entry: source=(0.042,0.007,-1.5deg), anchor=(0.042,0.007,current_pose), body_offset=(forward=1.580, left=0.000), yaw_mode=delta, yaw_delta=0.0deg, ref_yaw_source=current, ref_yaw=-1.5deg, target=(0.082,1.587,-1.5deg), frame=camera_init
[INFO] [1783910577.388471443] [stairs_manager]: [1;35m发布路径修正profile: 0 (0=关闭, 1=普通, 2=上坡强修正, 3=强修正符号验证)[0m
[INFO] [1783910577.388853253] [stairs_manager]: [1;36m发送直驱覆盖点[1/18](attempt=1): small_ramp_entry -> x=0.082, y=1.587, yaw=-1.5° (body_relative forward=1.580, left=0.000, yaw_mode=delta, yaw_delta=0.0°, source=(0.042,0.007,-1.5°), anchor=(0.042,0.007,current_pose), ref_yaw_source=current, ref_yaw=-1.5°), frame=camera_init, path_reference=/serial_path_reference, override=[1,0.800,0.800], 到点后锁存模式=0, note=下坡结束点：这一段固定发送 mode=1,left=0.8,right=0.8 下楼梯；到点后立即切回正常行走，不再额外停顿。[0m
[INFO] [1783910577.487751819] [stairs_manager]: [0;94mwaypoint=1/18 small_ramp_entry dist=1.567m, min_dist=1.567m, yaw_err=0.0deg, pose=(0.042,0.020), goal=(0.082,1.587), pose_frame=camera_init, goal_frame=camera_init, line_progress=0.013/1.580m (1%), line_remaining=1.567m, line_lateral=-0.001m, override=[1,0.800,0.800][0m
[INFO] [1783910578.488023377] [stairs_manager]: [0;94mwaypoint=1/18 small_ramp_entry dist=1.447m, min_dist=1.447m, yaw_err=0.7deg, pose=(0.061,0.140), goal=(0.082,1.587), pose_frame=camera_init, goal_frame=camera_init, line_progress=0.133/1.580m (8%), line_remaining=1.447m, line_lateral=0.016m, override=[1,0.800,0.800][0m
[INFO] [1783910579.587774484] [stairs_manager]: [0;94mwaypoint=1/18 small_ramp_entry dist=1.288m, min_dist=1.288m, yaw_err=2.2deg, pose=(0.037,0.299), goal=(0.082,1.587), pose_frame=camera_init, goal_frame=camera_init, line_progress=0.292/1.580m (18%), line_remaining=1.288m, line_lateral=-0.012m, override=[1,0.800,0.800][0m
[INFO] [1783910580.590637307] [stairs_manager]: [0;94mwaypoint=1/18 small_ramp_entry dist=1.006m, min_dist=0.978m, yaw_err=1.8deg, pose=(0.010,0.583), goal=(0.082,1.587), pose_frame=camera_init, goal_frame=camera_init, line_progress=0.575/1.580m (36%), line_remaining=1.005m, line_lateral=-0.047m, override=[1,0.800,0.800][0m
[INFO] [1783910581.687748756] [stairs_manager]: [0;94mwaypoint=1/18 small_ramp_entry dist=0.967m, min_dist=0.967m, yaw_err=1.5deg, pose=(0.036,0.620), goal=(0.082,1.587), pose_frame=camera_init, goal_frame=camera_init, line_progress=0.613/1.580m (39%), line_remaining=0.967m, line_lateral=-0.022m, override=[1,0.800,0.800][0m
[INFO] [1783910582.687761807] [stairs_manager]: [0;94mwaypoint=1/18 small_ramp_entry dist=0.714m, min_dist=0.714m, yaw_err=3.3deg, pose=(0.028,0.875), goal=(0.082,1.587), pose_frame=camera_init, goal_frame=camera_init, line_progress=0.867/1.580m (55%), line_remaining=0.713m, line_lateral=-0.037m, override=[1,0.800,0.800][0m
[INFO] [1783910583.688084105] [stairs_manager]: [0;94mwaypoint=1/18 small_ramp_entry dist=0.656m, min_dist=0.656m, yaw_err=2.5deg, pose=(0.034,0.933), goal=(0.082,1.587), pose_frame=camera_init, goal_frame=camera_init, line_progress=0.925/1.580m (59%), line_remaining=0.655m, line_lateral=-0.032m, override=[1,0.800,0.800][0m
[INFO] [1783910584.698383892] [stairs_manager]: [0;94mwaypoint=1/18 small_ramp_entry dist=0.456m, min_dist=0.436m, yaw_err=3.0deg, pose=(0.063,1.132), goal=(0.082,1.587), pose_frame=camera_init, goal_frame=camera_init, line_progress=1.124/1.580m (71%), line_remaining=0.456m, line_lateral=-0.008m, override=[1,0.800,0.800][0m
[INFO] [1783910585.787733487] [stairs_manager]: [0;94mwaypoint=1/18 small_ramp_entry dist=0.339m, min_dist=0.338m, yaw_err=4.8deg, pose=(0.040,1.251), goal=(0.082,1.587), pose_frame=camera_init, goal_frame=camera_init, line_progress=1.243/1.580m (79%), line_remaining=0.337m, line_lateral=-0.034m, override=[1,0.800,0.800][0m
[INFO] [1783910586.887662531] [stairs_manager]: [0;94mwaypoint=1/18 small_ramp_entry dist=0.212m, min_dist=0.209m, yaw_err=4.1deg, pose=(0.071,1.375), goal=(0.082,1.587), pose_frame=camera_init, goal_frame=camera_init, line_progress=1.368/1.580m (87%), line_remaining=0.212m, line_lateral=-0.006m, override=[1,0.800,0.800][0m
[INFO] [1783910587.048568527] [stairs_manager]: [1;32m到点成功: waypoint[0]=small_ramp_entry, dist=0.193, min_dist=0.193, yaw_err=4.5deg, reason=distance_tolerance[0m
[INFO] [1783910587.048943951] [stairs_manager]: [1;35m发布模式: 0 (正常行走)[0m
[INFO] [1783910587.049302736] [stairs_manager]: [1;35m发布上坡步长滤波: True[0m
[INFO] [1783910587.049639331] [stairs_manager]: [1;35m发布路径修正profile: 0 (0=关闭, 1=普通, 2=上坡强修正, 3=强修正符号验证)[0m
[INFO] [1783910587.049928110] [stairs_manager]: [1;32m已到达 waypoint[0]=small_ramp_entry，切换模式为 0 (正常行走)，上坡滤波=True，路径修正profile=0，并锁存到下一个 waypoint。[0m
[INFO] [1783910587.050707725] [stairs_manager]: [1;35m发布模式: 0 (正常行走)[0m
[INFO] [1783910587.050975319] [stairs_manager]: [1;35m发布上坡步长滤波: False[0m
[INFO] [1783910587.051239532] [stairs_manager]: [1;35m发布路径修正profile: 0 (0=关闭, 1=普通, 2=上坡强修正, 3=强修正符号验证)[0m
[INFO] [1783910587.051538571] [stairs_manager]: [1;32m全部 waypoint 已完成，恢复为 mode=0，流程结束。[0m
[INFO] [1783910587.106649675] [stairs_manager]: obstacle_manager deactivated: reason=external_topic
