[INFO] [1783729368.333003207] [slope_manager]: obstacle_manager inactive on startup: start_waypoint_index=1, stop_after_waypoint_index=-1
[INFO] [1783729407.402882671] [slope_manager]: [1;35m发布模式: 7 (未知模式)[0m
[INFO] [1783729407.403199033] [slope_manager]: [1;35m发布上坡步长滤波: True[0m
[INFO] [1783729407.403458350] [slope_manager]: [1;35m发布路径修正profile: 0 (0=关闭, 1=普通, 2=上坡强修正, 3=强修正符号验证)[0m
[INFO] [1783729407.403728884] [slope_manager]: 启动时继承上一 waypoint 段状态: source=small_ramp_entry, mode=7, uphill_step_floor=True, path_correction_profile=0, mode_source=inherited_segment_mode_override
[INFO] [1783729407.404032505] [slope_manager]: obstacle_manager activated: reason=external_topic, start_waypoint_index=1, stop_after_waypoint_index=-1, inherit_previous_waypoint_segment_state=True
[INFO] [1783729407.410934283] [slope_manager]: 解析机身相对 waypoint[1]=platform_center: source=(0.043,1.779,-0.5deg), anchor=(0.043,1.779,startup_fallback_locked_yaw:small_ramp_entry, ref_frame=camera_init), body_offset=(forward=1.730, left=-0.030, pose_x_switch=near_right pose_x=0.043 matched(x>=0.000 and x<=0.050)), yaw_mode=previous_target, yaw_delta=0.0deg, ref_yaw_source=previous_target, ref_yaw=0.0deg, target=(0.073,3.509,0.0deg), frame=camera_init
[INFO] [1783729407.411576865] [slope_manager]: [1;36m发送目标点[2/18](attempt=1): platform_center -> x=0.073, y=3.509, yaw=0.0° (body_relative forward=1.730, left=-0.030, yaw_mode=previous_target, yaw_delta=0.0°, source=(0.043,1.779,-0.5°), anchor=(0.043,1.779,startup_fallback_locked_yaw:small_ramp_entry, ref_frame=camera_init), ref_yaw_source=previous_target, ref_yaw=0.0°), frame=camera_init, 到点后锁存模式=0, note=平台中心接近点：这一段先只管到位置，到点后额外停 0.3 秒稳住机身，再由下一个同点位转向点完成 90 度自旋。[0m
[INFO] [1783729407.510801027] [slope_manager]: [0;94mwaypoint=2/18 platform_center dist=1.699m, min_dist=1.699m, yaw_err=0.2deg, pose=(0.048,1.810), goal=(0.073,3.509), pose_frame=camera_init, goal_frame=camera_init, line_progress=0.032/1.730m (2%), line_remaining=1.699m, line_lateral=0.004m[0m
[INFO] [1783729408.610792222] [slope_manager]: [0;94mwaypoint=2/18 platform_center dist=1.402m, min_dist=1.402m, yaw_err=1.7deg, pose=(0.058,2.107), goal=(0.073,3.509), pose_frame=camera_init, goal_frame=camera_init, line_progress=0.328/1.730m (19%), line_remaining=1.402m, line_lateral=0.009m[0m
[INFO] [1783729409.610800761] [slope_manager]: [0;94mwaypoint=2/18 platform_center dist=1.063m, min_dist=1.063m, yaw_err=2.2deg, pose=(0.086,2.446), goal=(0.073,3.509), pose_frame=camera_init, goal_frame=camera_init, line_progress=0.668/1.730m (39%), line_remaining=1.063m, line_lateral=0.032m[0m
[INFO] [1783729410.610835374] [slope_manager]: [0;94mwaypoint=2/18 platform_center dist=0.675m, min_dist=0.666m, yaw_err=2.6deg, pose=(0.100,2.834), goal=(0.073,3.509), pose_frame=camera_init, goal_frame=camera_init, line_progress=1.057/1.730m (61%), line_remaining=0.674m, line_lateral=0.038m[0m
[INFO] [1783729411.610875817] [slope_manager]: [0;94mwaypoint=2/18 platform_center dist=0.423m, min_dist=0.421m, yaw_err=4.5deg, pose=(0.106,3.087), goal=(0.073,3.509), pose_frame=camera_init, goal_frame=camera_init, line_progress=1.309/1.730m (76%), line_remaining=0.421m, line_lateral=0.040m[0m
[INFO] [1783729411.719823707] [slope_manager]: [1;32m到点成功: waypoint[1]=platform_center, dist=0.364, min_dist=0.364, yaw_err=1.1deg, reason=distance_tolerance[0m
[INFO] [1783729411.720415796] [slope_manager]: [1;35m发布模式: 0 (正常行走)[0m
[INFO] [1783729411.720763978] [slope_manager]: [1;35m发布上坡步长滤波: False[0m
[INFO] [1783729411.721083875] [slope_manager]: [1;35m发布路径修正profile: 0 (0=关闭, 1=普通, 2=上坡强修正, 3=强修正符号验证)[0m
[INFO] [1783729411.721380824] [slope_manager]: [1;32m已到达 waypoint[1]=platform_center，切换模式为 0 (正常行走)，上坡滤波=False，路径修正profile=0，并锁存到下一个 waypoint。[0m
[INFO] [1783729411.721719193] [slope_manager]: waypoint[1]=platform_center 到点后等待 0.30s，再切换到下一个目标。
[INFO] [1783729412.022771429] [slope_manager]: [1;36m切换到下一个 waypoint: 3 / 18[0m
[INFO] [1783729412.023605697] [slope_manager]: 解析机身相对 waypoint[2]=platform_center_spin: source=(0.112,3.298,-0.6deg), anchor=(0.112,3.298,current_pose), body_offset=(forward=0.000, left=0.000), yaw_mode=previous_target_delta, yaw_delta=83.0deg, ref_yaw_source=current, ref_yaw=-0.6deg, target=(0.112,3.298,83.0deg), frame=camera_init
[INFO] [1783729412.024412934] [slope_manager]: [1;36m发送直驱覆盖点[3/18](attempt=1): platform_center_spin -> x=0.112, y=3.298, yaw=83.0° (body_relative forward=0.000, left=0.000, yaw_mode=previous_target_delta, yaw_delta=83.0°, source=(0.112,3.298,-0.6°), anchor=(0.112,3.298,current_pose), ref_yaw_source=current, ref_yaw=-0.6°), frame=camera_init, override=[6,-0.400,0.500], 到点后锁存模式=2, note=普通平台中心原地转向点：位置基本不变，转到 +83 度附近后再继续；mode=6 实机对对称反向步敏感，使用非对称模板避免反向/抽搐。[0m
[INFO] [1783729412.610888324] [slope_manager]: [0;94mwaypoint=3/18 platform_center_spin dist=0.086m, min_dist=0.007m, yaw_err=55.6deg, pose=(0.066,3.370), goal=(0.112,3.298), pose_frame=camera_init, goal_frame=camera_init, override=[6,-0.400,0.500][0m
[INFO] [1783729413.373111178] [slope_manager]: [1;32m到点成功: waypoint[2]=platform_center_spin, dist=0.081, min_dist=0.007, yaw_err=2.8deg, reason=distance_tolerance[0m
[INFO] [1783729413.373468544] [slope_manager]: [1;35m发布模式: 2 (趴下)[0m
[INFO] [1783729413.373765907] [slope_manager]: [1;35m发布上坡步长滤波: False[0m
[INFO] [1783729413.374118879] [slope_manager]: [1;35m发布路径修正profile: 0 (0=关闭, 1=普通, 2=上坡强修正, 3=强修正符号验证)[0m
[INFO] [1783729413.374534046] [slope_manager]: [1;32m已到达 waypoint[2]=platform_center_spin，切换模式为 2 (趴下)，上坡滤波=False，路径修正profile=0，并锁存到下一个 waypoint。[0m
[INFO] [1783729413.374930873] [slope_manager]: waypoint[2]=platform_center_spin 到点后立即执行额外动作序列。
[INFO] [1783729413.375278234] [slope_manager]: [1;35m发布模式: 2 (趴下)[0m
[INFO] [1783729413.375692532] [slope_manager]: [0;94m执行到点后额外动作: waypoint=platform_center_spin, mode=2 (趴下), hold=1.00s, override=[2,0.000,0.000], note=平台自旋到点后先用低速 [2,0.2,0.2] 进入趴下，避免残留 /cmd_vel yaw 在切到 wall_jump_prep 前继续转动。[0m
[INFO] [1783729414.376165784] [slope_manager]: [1;36m切换到下一个 waypoint: 4 / 18[0m
[INFO] [1783729414.376633506] [slope_manager]: 解析机身相对 waypoint[3]=crouch_yaw_settle: source=(-0.003,3.234,85.4deg), anchor=(-0.003,3.234,current_pose), body_offset=(forward=0.000, left=0.000), yaw_mode=absolute, yaw_delta=0.0deg, ref_yaw_source=target_yaw, ref_yaw=92.0deg, target=(-0.003,3.234,92.0deg), frame=camera_init
[INFO] [1783729414.377118026] [slope_manager]: [1;36m发送直驱覆盖点[4/18](attempt=1): crouch_yaw_settle -> x=-0.003, y=3.234, yaw=92.0° (body_relative forward=0.000, left=0.000, yaw_mode=absolute, yaw_delta=0.0°, source=(-0.003,3.234,85.4°), anchor=(-0.003,3.234,current_pose), ref_yaw_source=target_yaw, ref_yaw=92.0°), frame=camera_init, override=[2,-0.250,0.650], yaw_corr=0.450,yaw_err=6.6deg, 到点后锁存模式=2, note=趴下前先低速强回正；10deg 左右 yaw_err 会把 [2,0.20,0.20] 修成约 [2,-0.25,0.65] 或反向，收准后再进入 wall_jump_prep。[0m
[INFO] [1783729414.410906195] [slope_manager]: [0;94mwaypoint=4/18 crouch_yaw_settle dist=0.010m, min_dist=0.010m, yaw_err=7.0deg, pose=(-0.013,3.238), goal=(-0.003,3.234), pose_frame=camera_init, goal_frame=camera_init, override=[2,-0.250,0.650], yaw_corr=0.450,yaw_err=7.0deg[0m
[INFO] [1783729415.411629239] [slope_manager]: [0;94mwaypoint=4/18 crouch_yaw_settle dist=0.243m, min_dist=0.001m, yaw_err=7.3deg, pose=(-0.244,3.268), goal=(-0.003,3.234), pose_frame=camera_init, goal_frame=camera_init, override=[2,-0.250,0.650], yaw_corr=0.450,yaw_err=7.3deg[0m
[INFO] [1783729416.511303215] [slope_manager]: [0;94mwaypoint=4/18 crouch_yaw_settle dist=0.180m, min_dist=0.001m, yaw_err=6.5deg, pose=(-0.181,3.265), goal=(-0.003,3.234), pose_frame=camera_init, goal_frame=camera_init, override=[2,-0.250,0.650], yaw_corr=0.450,yaw_err=6.5deg[0m
[INFO] [1783729417.611039310] [slope_manager]: [0;94mwaypoint=4/18 crouch_yaw_settle dist=0.201m, min_dist=0.001m, yaw_err=4.3deg, pose=(-0.203,3.259), goal=(-0.003,3.234), pose_frame=camera_init, goal_frame=camera_init, override=[2,-0.120,0.520], yaw_corr=0.320,yaw_err=4.3deg[0m
[INFO] [1783729418.119275975] [slope_manager]: [1;32m到点成功: waypoint[3]=crouch_yaw_settle, dist=0.227, min_dist=0.001, yaw_err=2.9deg, reason=distance_tolerance[0m
[INFO] [1783729418.119649106] [slope_manager]: [1;35m发布模式: 2 (趴下)[0m
[INFO] [1783729418.120020607] [slope_manager]: [1;35m发布上坡步长滤波: False[0m
[INFO] [1783729418.120386420] [slope_manager]: [1;35m发布路径修正profile: 0 (0=关闭, 1=普通, 2=上坡强修正, 3=强修正符号验证)[0m
[INFO] [1783729418.120807598] [slope_manager]: [1;32m已到达 waypoint[3]=crouch_yaw_settle，切换模式为 2 (趴下)，上坡滤波=False，路径修正profile=0，并锁存到下一个 waypoint。[0m
[INFO] [1783729418.121171249] [slope_manager]: waypoint[3]=crouch_yaw_settle 到点后等待 0.30s，再切换到下一个目标。
[INFO] [1783729418.421852378] [slope_manager]: [1;35m发布模式: 2 (趴下)[0m
[INFO] [1783729418.422286046] [slope_manager]: waypoint[3]=crouch_yaw_settle 启用局部定位稳定门控：expected=(-0.003,3.234), 需要连续稳定 0.25s 后再切换到下一个目标。
[INFO] [1783729418.473359924] [slope_manager]: 等待局部定位稳定: waypoint[3]=crouch_yaw_settle, pose=(-0.210,3.254), expected=(-0.003,3.234), err=0.208/0.300m, bounds_ok=True, yaw_ok=True, stable=0.05/0.25s
[INFO] [1783729418.674845563] [slope_manager]: 局部定位稳定门控通过: waypoint[3]=crouch_yaw_settle, pose=(-0.214,3.257), expected=(-0.003,3.234), err=0.212m, stable=0.25s。
[INFO] [1783729418.675496343] [slope_manager]: [1;36m切换到下一个 waypoint: 5 / 18[0m
[INFO] [1783729418.676263563] [slope_manager]: 解析机身相对 waypoint[4]=wall_jump_prep: source=(-0.214,3.257,88.4deg), anchor=(-0.229,3.257,previous_arrival:crouch_yaw_settle), body_offset=(forward=4.100, previous_pose_x_switch=near_right source=platform_center[1], left=-0.050, left_previous_pose_x_switch=near_right source=platform_center[1]), yaw_mode=absolute, yaw_delta=0.0deg, ref_yaw_source=target_yaw, ref_yaw=92.0deg, target=(-4.328,3.164,92.0deg), frame=camera_init
[INFO] [1783729418.677022385] [slope_manager]: [1;35m发布路径修正profile: 0 (0=关闭, 1=普通, 2=上坡强修正, 3=强修正符号验证)[0m
[INFO] [1783729418.677523351] [slope_manager]: [1;36m发送直驱覆盖点[5/18](attempt=1): wall_jump_prep -> x=-4.328, y=3.164, yaw=92.0° (body_relative forward=4.100, left=-0.050, yaw_mode=absolute, yaw_delta=0.0°, source=(-0.214,3.257,88.4°), anchor=(-0.229,3.257,previous_arrival:crouch_yaw_settle), ref_yaw_source=target_yaw, ref_yaw=92.0°), frame=camera_init, path_reference=/serial_path_reference, override=[2,1.000,1.000], 到点后锁存模式=2, note=第4点：这一段不走 Nav2，直接固定发送 mode=2,left=1,right=1 趴下前进，并给串口桥参考线做横向/yaw 修正。到点后先趴下停止，再站立停止；本版本不执行 mode=3 小跳，直接推进到第5个自旋点。rollback: 恢复 post_arrival_mode_sequence 中注释的小跳两段。[0m
[INFO] [1783729418.708183286] [slope_manager]: AprilTag TF update: waypoint[4]=wall_jump_prep, tf=camera_color_optical_frame->base, xyz=(-0.168,0.140,4.516), rpy=(174.5,-11.7,-3.1)deg, stamp_lag_at_rx=0.08s, stale_limit=0.80s
[INFO] [1783729418.711207361] [slope_manager]: [0;94mwaypoint=5/18 wall_jump_prep dist=4.121m, min_dist=4.121m, yaw_err=3.6deg, pose=(-0.208,3.255), goal=(-4.328,3.164), pose_frame=camera_init, goal_frame=camera_init, line_progress=-0.006/4.115m (-0%), line_remaining=4.121m, line_lateral=-0.002m, apriltag_gate=blocked:z_gate(filtered_z=4.516m>0.700m, below=0/1<1, raw_z=4.516m, filtered_z=4.516m, threshold=0.700m, below=0/1, required=1/3, tf=camera_color_optical_frame->base, stamp_age=0.08s, stamp_lag_at_rx=0.08s), override=[2,1.000,1.000][0m
[INFO] [1783729419.810939657] [slope_manager]: [0;94mwaypoint=5/18 wall_jump_prep dist=3.982m, min_dist=3.982m, yaw_err=3.3deg, pose=(-0.347,3.256), goal=(-4.328,3.164), pose_frame=camera_init, goal_frame=camera_init, line_progress=0.133/4.115m (3%), line_remaining=3.982m, line_lateral=0.002m, apriltag_gate=blocked:z_gate(filtered_z=4.446m>0.700m, below=0/1<1, raw_z=4.446m, filtered_z=4.446m, threshold=0.700m, below=0/1, required=1/3, tf=camera_color_optical_frame->base, stamp_age=0.65s, stamp_lag_at_rx=0.08s), override=[2,1.000,1.000][0m
[INFO] [1783729419.844465151] [slope_manager]: AprilTag TF update: waypoint[4]=wall_jump_prep, tf=camera_color_optical_frame->base, xyz=(-0.115,0.085,4.398), rpy=(-173.0,-8.4,-2.4)deg, stamp_lag_at_rx=0.08s, stale_limit=0.80s
[INFO] [1783729420.111189468] [slope_manager]: direct_step yaw recovery 触发: waypoint[4]=wall_jump_prep, yaw_err=3.6deg >= 3.0deg, lat=-0.001m, progress=0.04。暂停基准线修正，只做趴下姿态回正。
[INFO] [1783729420.912456893] [slope_manager]: [0;94mwaypoint=5/18 wall_jump_prep dist=3.903m, min_dist=3.894m, yaw_err=2.4deg, pose=(-0.426,3.258), goal=(-4.328,3.164), pose_frame=camera_init, goal_frame=camera_init, line_progress=0.212/4.115m (5%), line_remaining=3.903m, line_lateral=0.006m, apriltag_gate=blocked:z_gate(filtered_z=4.356m>0.700m, below=0/3<1, raw_z=4.361m, filtered_z=4.356m, threshold=0.700m, below=0/3, required=1/3, tf=camera_color_optical_frame->base, stamp_age=0.22s, stamp_lag_at_rx=0.08s), override=[2,-0.024,0.024], yaw_recovery=active,yaw_err=2.4deg,turn=0.024,lat=0.006,progress=0.05[0m
[INFO] [1783729421.046115030] [slope_manager]: AprilTag TF update: waypoint[4]=wall_jump_prep, tf=camera_color_optical_frame->base, xyz=(-0.063,0.060,4.384), rpy=(178.6,-9.7,-4.4)deg, stamp_lag_at_rx=0.08s, stale_limit=0.80s
[INFO] [1783729421.211107919] [slope_manager]: direct_step yaw recovery 完成: waypoint[4]=wall_jump_prep, yaw_err=1.4deg <= 2.0deg，恢复基准线修正。
[INFO] [1783729421.913451086] [slope_manager]: [0;94mwaypoint=5/18 wall_jump_prep dist=3.830m, min_dist=3.817m, yaw_err=1.5deg, pose=(-0.499,3.260), goal=(-4.328,3.164), pose_frame=camera_init, goal_frame=camera_init, line_progress=0.285/4.115m (7%), line_remaining=3.830m, line_lateral=0.010m, apriltag_gate=blocked:z_gate(filtered_z=4.293m>0.700m, below=0/3<1, raw_z=4.293m, filtered_z=4.293m, threshold=0.700m, below=0/3, required=1/3, tf=camera_color_optical_frame->base, stamp_age=0.21s, stamp_lag_at_rx=0.08s), override=[2,1.000,1.000][0m
[INFO] [1783729422.114945380] [slope_manager]: AprilTag TF update: waypoint[4]=wall_jump_prep, tf=camera_color_optical_frame->base, xyz=(-0.014,0.132,4.259), rpy=(-172.9,-10.4,-4.0)deg, stamp_lag_at_rx=0.08s, stale_limit=0.80s
[INFO] [1783729423.011064165] [slope_manager]: [0;94mwaypoint=5/18 wall_jump_prep dist=3.657m, min_dist=3.649m, yaw_err=1.0deg, pose=(-0.672,3.253), goal=(-4.328,3.164), pose_frame=camera_init, goal_frame=camera_init, line_progress=0.458/4.115m (11%), line_remaining=3.657m, line_lateral=0.007m, apriltag_gate=blocked:z_gate(filtered_z=4.102m>0.700m, below=0/3<1, raw_z=4.102m, filtered_z=4.102m, threshold=0.700m, below=0/3, required=1/3, tf=camera_color_optical_frame->base, stamp_age=0.11s, stamp_lag_at_rx=0.08s), override=[2,1.000,1.000][0m
[INFO] [1783729423.249837083] [slope_manager]: AprilTag TF update: waypoint[4]=wall_jump_prep, tf=camera_color_optical_frame->base, xyz=(0.069,0.048,4.112), rpy=(177.6,-9.0,-3.2)deg, stamp_lag_at_rx=0.08s, stale_limit=0.80s
[INFO] [1783729424.111591323] [slope_manager]: [0;94mwaypoint=5/18 wall_jump_prep dist=3.508m, min_dist=3.508m, yaw_err=1.0deg, pose=(-0.822,3.257), goal=(-4.328,3.164), pose_frame=camera_init, goal_frame=camera_init, line_progress=0.607/4.115m (15%), line_remaining=3.508m, line_lateral=0.014m, apriltag_gate=blocked:z_gate(filtered_z=4.035m>0.700m, below=0/1<1, raw_z=4.035m, filtered_z=4.035m, threshold=0.700m, below=0/1, required=1/3, tf=camera_color_optical_frame->base, stamp_age=0.61s, stamp_lag_at_rx=0.08s), override=[2,1.000,1.000][0m
[INFO] [1783729424.914669105] [slope_manager]: direct_step yaw recovery 触发: waypoint[4]=wall_jump_prep, yaw_err=9.2deg >= 3.0deg, lat=-0.015m, progress=0.14。暂停基准线修正，只做趴下姿态回正。
[INFO] [1783729424.923311318] [slope_manager]: AprilTag TF update: waypoint[4]=wall_jump_prep, tf=camera_color_optical_frame->base, xyz=(-0.520,0.104,3.977), rpy=(-173.3,-15.2,-2.6)deg, stamp_lag_at_rx=0.08s, stale_limit=0.80s
[INFO] [1783729425.111956327] [slope_manager]: [0;94mwaypoint=5/18 wall_jump_prep dist=3.518m, min_dist=3.492m, yaw_err=7.4deg, pose=(-0.811,3.221), goal=(-4.328,3.164), pose_frame=camera_init, goal_frame=camera_init, line_progress=0.597/4.115m (15%), line_remaining=3.518m, line_lateral=-0.022m, apriltag_gate=blocked:z_gate(filtered_z=3.977m>0.700m, below=0/1<1, raw_z=3.977m, filtered_z=3.977m, threshold=0.700m, below=0/1, required=1/3, tf=camera_color_optical_frame->base, stamp_age=0.27s, stamp_lag_at_rx=0.08s), override=[2,-0.240,0.240], yaw_recovery=active,yaw_err=7.4deg,turn=0.240,lat=-0.022,progress=0.15[0m
[INFO] [1783729425.925296241] [slope_manager]: AprilTag TF update: waypoint[4]=wall_jump_prep, tf=camera_color_optical_frame->base, xyz=(-0.367,0.086,3.917), rpy=(-173.9,-17.3,-3.1)deg, stamp_lag_at_rx=0.08s, stale_limit=0.80s
[INFO] [1783729426.113302456] [slope_manager]: [0;94mwaypoint=5/18 wall_jump_prep dist=3.522m, min_dist=3.492m, yaw_err=6.8deg, pose=(-0.806,3.215), goal=(-4.328,3.164), pose_frame=camera_init, goal_frame=camera_init, line_progress=0.593/4.115m (14%), line_remaining=3.522m, line_lateral=-0.028m, apriltag_gate=blocked:z_gate(filtered_z=3.940m>0.700m, below=0/3<1, raw_z=3.950m, filtered_z=3.940m, threshold=0.700m, below=0/3, required=1/3, tf=camera_color_optical_frame->base, stamp_age=0.14s, stamp_lag_at_rx=0.08s), override=[2,-0.240,0.240], yaw_recovery=active,yaw_err=6.8deg,turn=0.240,lat=-0.028,progress=0.14[0m
[INFO] [1783729426.928946575] [slope_manager]: AprilTag TF update: waypoint[4]=wall_jump_prep, tf=camera_color_optical_frame->base, xyz=(-0.177,0.080,3.963), rpy=(-175.1,-12.6,-3.2)deg, stamp_lag_at_rx=0.08s, stale_limit=0.80s
[INFO] [1783729427.211038457] [slope_manager]: [0;94mwaypoint=5/18 wall_jump_prep dist=3.512m, min_dist=3.488m, yaw_err=3.7deg, pose=(-0.816,3.205), goal=(-4.328,3.164), pose_frame=camera_init, goal_frame=camera_init, line_progress=0.603/4.115m (15%), line_remaining=3.512m, line_lateral=-0.038m, apriltag_gate=blocked:z_gate(filtered_z=3.969m>0.700m, below=0/3<1, raw_z=3.968m, filtered_z=3.969m, threshold=0.700m, below=0/3, required=1/3, tf=camera_color_optical_frame->base, stamp_age=0.16s, stamp_lag_at_rx=0.08s), override=[2,-0.091,0.091], yaw_recovery=active,yaw_err=3.7deg,turn=0.091,lat=-0.038,progress=0.15[0m
[INFO] [1783729427.910871949] [slope_manager]: direct_step yaw recovery 完成: waypoint[4]=wall_jump_prep, yaw_err=1.9deg <= 2.0deg，恢复基准线修正。
[INFO] [1783729427.994051434] [slope_manager]: AprilTag TF update: waypoint[4]=wall_jump_prep, tf=camera_color_optical_frame->base, xyz=(0.037,0.106,3.904), rpy=(170.3,-12.6,-1.5)deg, stamp_lag_at_rx=0.08s, stale_limit=0.80s
[INFO] [1783729428.310966466] [slope_manager]: [0;94mwaypoint=5/18 wall_jump_prep dist=3.465m, min_dist=3.465m, yaw_err=0.9deg, pose=(-0.863,3.197), goal=(-4.328,3.164), pose_frame=camera_init, goal_frame=camera_init, line_progress=0.650/4.115m (16%), line_remaining=3.465m, line_lateral=-0.045m, apriltag_gate=blocked:z_gate(filtered_z=3.949m>0.700m, below=0/3<1, raw_z=3.949m, filtered_z=3.949m, threshold=0.700m, below=0/3, required=1/3, tf=camera_color_optical_frame->base, stamp_age=0.13s, stamp_lag_at_rx=0.08s), override=[2,1.000,1.000][0m
[INFO] [1783729429.311193769] [slope_manager]: [0;94mwaypoint=5/18 wall_jump_prep dist=3.300m, min_dist=3.300m, yaw_err=2.1deg, pose=(-1.028,3.203), goal=(-4.328,3.164), pose_frame=camera_init, goal_frame=camera_init, line_progress=0.815/4.115m (20%), line_remaining=3.300m, line_lateral=-0.036m, apriltag_gate=blocked:stale_transform(age=1.13s>0.80s, raw_z=3.949m, filtered_z=3.949m, threshold=0.700m, tf=camera_color_optical_frame->base, stamp_age=1.13s, stamp_lag_at_rx=0.08s), override=[2,1.000,1.000][0m
[INFO] [1783729429.330092721] [slope_manager]: AprilTag TF update: waypoint[4]=wall_jump_prep, tf=camera_color_optical_frame->base, xyz=(0.019,0.071,3.798), rpy=(-173.0,-7.9,-3.3)deg, stamp_lag_at_rx=0.08s, stale_limit=0.80s
[INFO] [1783729430.211509571] [slope_manager]: direct_step yaw recovery 触发: waypoint[4]=wall_jump_prep, yaw_err=3.4deg >= 3.0deg, lat=-0.024m, progress=0.24。暂停基准线修正，只做趴下姿态回正。
[INFO] [1783729430.410815576] [slope_manager]: [0;94mwaypoint=5/18 wall_jump_prep dist=3.073m, min_dist=3.073m, yaw_err=2.4deg, pose=(-1.256,3.201), goal=(-4.328,3.164), pose_frame=camera_init, goal_frame=camera_init, line_progress=1.042/4.115m (25%), line_remaining=3.072m, line_lateral=-0.032m, apriltag_gate=blocked:stale_transform(age=0.96s>0.80s, raw_z=3.755m, filtered_z=3.755m, threshold=0.700m, tf=camera_color_optical_frame->base, stamp_age=0.96s, stamp_lag_at_rx=0.07s), override=[2,-0.020,0.020], yaw_recovery=active,yaw_err=2.4deg,turn=0.020,lat=-0.032,progress=0.25[0m
[INFO] [1783729430.466647478] [slope_manager]: AprilTag TF update: waypoint[4]=wall_jump_prep, tf=camera_color_optical_frame->base, xyz=(0.011,0.074,3.531), rpy=(-172.4,-9.1,-4.4)deg, stamp_lag_at_rx=0.07s, stale_limit=0.80s
[INFO] [1783729430.810847612] [slope_manager]: direct_step yaw recovery 完成: waypoint[4]=wall_jump_prep, yaw_err=2.0deg <= 2.0deg，恢复基准线修正。
[INFO] [1783729431.411035272] [slope_manager]: [0;94mwaypoint=5/18 wall_jump_prep dist=3.059m, min_dist=3.056m, yaw_err=1.8deg, pose=(-1.269,3.168), goal=(-4.328,3.164), pose_frame=camera_init, goal_frame=camera_init, line_progress=1.056/4.115m (26%), line_remaining=3.058m, line_lateral=-0.065m, apriltag_gate=blocked:z_gate(filtered_z=3.535m>0.700m, below=0/3<1, raw_z=3.527m, filtered_z=3.535m, threshold=0.700m, below=0/3, required=1/3, tf=camera_color_optical_frame->base, stamp_age=0.08s, stamp_lag_at_rx=0.07s), override=[2,1.000,1.000][0m
[INFO] [1783729432.133250352] [slope_manager]: AprilTag TF update: waypoint[4]=wall_jump_prep, tf=camera_color_optical_frame->base, xyz=(0.100,0.153,3.454), rpy=(178.8,-5.6,-3.0)deg, stamp_lag_at_rx=0.07s, stale_limit=0.80s
[INFO] [1783729432.410997135] [slope_manager]: [0;94mwaypoint=5/18 wall_jump_prep dist=2.918m, min_dist=2.912m, yaw_err=0.8deg, pose=(-1.411,3.175), goal=(-4.328,3.164), pose_frame=camera_init, goal_frame=camera_init, line_progress=1.198/4.115m (29%), line_remaining=2.917m, line_lateral=-0.055m, apriltag_gate=blocked:z_gate(filtered_z=3.429m>0.700m, below=0/2<1, raw_z=3.403m, filtered_z=3.429m, threshold=0.700m, below=0/2, required=1/3, tf=camera_color_optical_frame->base, stamp_age=0.15s, stamp_lag_at_rx=0.07s), override=[2,1.000,1.000][0m
[INFO] [1783729433.335371882] [slope_manager]: AprilTag TF update: waypoint[4]=wall_jump_prep, tf=camera_color_optical_frame->base, xyz=(0.210,0.113,3.202), rpy=(-172.2,-8.4,-4.6)deg, stamp_lag_at_rx=0.07s, stale_limit=0.80s
[INFO] [1783729433.411005573] [slope_manager]: [0;94mwaypoint=5/18 wall_jump_prep dist=2.761m, min_dist=2.761m, yaw_err=0.7deg, pose=(-1.567,3.171), goal=(-4.328,3.164), pose_frame=camera_init, goal_frame=camera_init, line_progress=1.355/4.115m (33%), line_remaining=2.760m, line_lateral=-0.056m, apriltag_gate=blocked:z_gate(filtered_z=3.226m>0.700m, below=0/2<1, raw_z=3.249m, filtered_z=3.226m, threshold=0.700m, below=0/2, required=1/3, tf=camera_color_optical_frame->base, stamp_age=0.08s, stamp_lag_at_rx=0.07s), override=[2,1.000,1.000][0m
[INFO] [1783729434.404108359] [slope_manager]: AprilTag TF update: waypoint[4]=wall_jump_prep, tf=camera_color_optical_frame->base, xyz=(0.308,0.100,3.137), rpy=(175.1,-1.3,-3.6)deg, stamp_lag_at_rx=0.07s, stale_limit=0.80s
[INFO] [1783729434.411412547] [slope_manager]: [0;94mwaypoint=5/18 wall_jump_prep dist=2.629m, min_dist=2.629m, yaw_err=2.7deg, pose=(-1.699,3.149), goal=(-4.328,3.164), pose_frame=camera_init, goal_frame=camera_init, line_progress=1.487/4.115m (36%), line_remaining=2.628m, line_lateral=-0.075m, apriltag_gate=blocked:z_gate(filtered_z=3.140m>0.700m, below=0/3<1, raw_z=3.137m, filtered_z=3.140m, threshold=0.700m, below=0/3, required=1/3, tf=camera_color_optical_frame->base, stamp_age=0.08s, stamp_lag_at_rx=0.07s), override=[2,1.000,1.000][0m
[INFO] [1783729435.411310804] [slope_manager]: [0;94mwaypoint=5/18 wall_jump_prep dist=2.485m, min_dist=2.485m, yaw_err=2.0deg, pose=(-1.843,3.146), goal=(-4.328,3.164), pose_frame=camera_init, goal_frame=camera_init, line_progress=1.631/4.115m (40%), line_remaining=2.484m, line_lateral=-0.074m, apriltag_gate=blocked:z_gate(filtered_z=2.998m>0.700m, below=0/3<1, raw_z=2.984m, filtered_z=2.998m, threshold=0.700m, below=0/3, required=1/3, tf=camera_color_optical_frame->base, stamp_age=0.28s, stamp_lag_at_rx=0.07s), override=[2,1.000,1.000][0m
[INFO] [1783729435.475751299] [slope_manager]: AprilTag TF update: waypoint[4]=wall_jump_prep, tf=camera_color_optical_frame->base, xyz=(0.302,0.087,2.954), rpy=(173.6,-1.8,-3.5)deg, stamp_lag_at_rx=0.07s, stale_limit=0.80s
[INFO] [1783729436.510933678] [slope_manager]: [0;94mwaypoint=5/18 wall_jump_prep dist=2.356m, min_dist=2.347m, yaw_err=1.2deg, pose=(-1.973,3.135), goal=(-4.328,3.164), pose_frame=camera_init, goal_frame=camera_init, line_progress=1.761/4.115m (43%), line_remaining=2.354m, line_lateral=-0.082m, apriltag_gate=blocked:z_gate(filtered_z=2.837m>0.700m, below=0/3<1, raw_z=2.791m, filtered_z=2.837m, threshold=0.700m, below=0/3, required=1/3, tf=camera_color_optical_frame->base, stamp_age=0.24s, stamp_lag_at_rx=0.07s), override=[2,1.000,1.000][0m
[INFO] [1783729436.543426469] [slope_manager]: AprilTag TF update: waypoint[4]=wall_jump_prep, tf=camera_color_optical_frame->base, xyz=(0.212,0.207,2.842), rpy=(178.2,-5.1,-4.3)deg, stamp_lag_at_rx=0.07s, stale_limit=0.80s
[INFO] [1783729437.610956256] [slope_manager]: [0;94mwaypoint=5/18 wall_jump_prep dist=2.134m, min_dist=2.134m, yaw_err=6.4deg, pose=(-2.195,3.096), goal=(-4.328,3.164), pose_frame=camera_init, goal_frame=camera_init, line_progress=1.984/4.115m (48%), line_remaining=2.131m, line_lateral=-0.116m, apriltag_gate=blocked:z_gate(filtered_z=2.694m>0.700m, below=0/2<1, raw_z=2.708m, filtered_z=2.694m, threshold=0.700m, below=0/2, required=1/3, tf=camera_color_optical_frame->base, stamp_age=0.34s, stamp_lag_at_rx=0.07s), override=[2,1.000,1.000][0m
[INFO] [1783729438.011021992] [slope_manager]: direct_step yaw recovery 触发: waypoint[4]=wall_jump_prep, yaw_err=4.2deg >= 3.0deg, lat=-0.106m, progress=0.50。暂停基准线修正，只做趴下姿态回正。
[INFO] [1783729438.676879550] [slope_manager]: AprilTag TF update: waypoint[4]=wall_jump_prep, tf=camera_color_optical_frame->base, xyz=(0.348,0.152,2.403), rpy=(-163.8,-3.0,-1.7)deg, stamp_lag_at_rx=0.07s, stale_limit=0.80s
[INFO] [1783729438.710894546] [slope_manager]: [0;94mwaypoint=5/18 wall_jump_prep dist=2.046m, min_dist=2.027m, yaw_err=3.1deg, pose=(-2.284,3.097), goal=(-4.328,3.164), pose_frame=camera_init, goal_frame=camera_init, line_progress=2.072/4.115m (50%), line_remaining=2.043m, line_lateral=-0.113m, apriltag_gate=blocked:z_gate(filtered_z=2.403m>0.700m, below=0/1<1, raw_z=2.403m, filtered_z=2.403m, threshold=0.700m, below=0/1, required=1/3, tf=camera_color_optical_frame->base, stamp_age=0.11s, stamp_lag_at_rx=0.07s), override=[2,0.058,-0.058], yaw_recovery=active,yaw_err=-3.1deg,turn=0.058,lat=-0.113,progress=0.50[0m
[INFO] [1783729439.110768417] [slope_manager]: direct_step yaw recovery 完成: waypoint[4]=wall_jump_prep, yaw_err=1.2deg <= 2.0deg，恢复基准线修正。
[INFO] [1783729439.811725172] [slope_manager]: [0;94mwaypoint=5/18 wall_jump_prep dist=1.984m, min_dist=1.977m, yaw_err=0.5deg, pose=(-2.345,3.093), goal=(-4.328,3.164), pose_frame=camera_init, goal_frame=camera_init, line_progress=2.134/4.115m (52%), line_remaining=1.981m, line_lateral=-0.116m, apriltag_gate=blocked:stale_transform(age=1.21s>0.80s, raw_z=2.403m, filtered_z=2.403m, threshold=0.700m, tf=camera_color_optical_frame->base, stamp_age=1.21s, stamp_lag_at_rx=0.07s), override=[2,1.000,1.000][0m
[INFO] [1783729440.279352285] [slope_manager]: AprilTag TF update: waypoint[4]=wall_jump_prep, tf=camera_color_optical_frame->base, xyz=(0.218,0.133,2.344), rpy=(-164.3,-3.9,-3.5)deg, stamp_lag_at_rx=0.07s, stale_limit=0.80s
[INFO] [1783729440.812404084] [slope_manager]: [0;94mwaypoint=5/18 wall_jump_prep dist=1.893m, min_dist=1.877m, yaw_err=0.0deg, pose=(-2.437,3.084), goal=(-4.328,3.164), pose_frame=camera_init, goal_frame=camera_init, line_progress=2.226/4.115m (54%), line_remaining=1.889m, line_lateral=-0.123m, apriltag_gate=blocked:z_gate(filtered_z=2.342m>0.700m, below=0/2<1, raw_z=2.341m, filtered_z=2.342m, threshold=0.700m, below=0/2, required=1/3, tf=camera_color_optical_frame->base, stamp_age=0.20s, stamp_lag_at_rx=0.07s), override=[2,1.000,1.000][0m
[INFO] [1783729441.415110026] [slope_manager]: AprilTag TF update: waypoint[4]=wall_jump_prep, tf=camera_color_optical_frame->base, xyz=(0.153,0.095,2.056), rpy=(-157.9,-13.8,-6.6)deg, stamp_lag_at_rx=0.07s, stale_limit=0.80s
[INFO] [1783729441.911009836] [slope_manager]: [0;94mwaypoint=5/18 wall_jump_prep dist=1.714m, min_dist=1.710m, yaw_err=0.5deg, pose=(-2.615,3.100), goal=(-4.328,3.164), pose_frame=camera_init, goal_frame=camera_init, line_progress=2.404/4.115m (58%), line_remaining=1.711m, line_lateral=-0.103m, apriltag_gate=blocked:z_gate(filtered_z=2.163m>0.700m, below=0/3<1, raw_z=2.163m, filtered_z=2.163m, threshold=0.700m, below=0/3, required=1/3, tf=camera_color_optical_frame->base, stamp_age=0.17s, stamp_lag_at_rx=0.08s), override=[2,1.000,1.000][0m
[INFO] [1783729442.418864975] [slope_manager]: AprilTag TF update: waypoint[4]=wall_jump_prep, tf=camera_color_optical_frame->base, xyz=(0.138,0.109,2.025), rpy=(-162.7,-10.4,-3.1)deg, stamp_lag_at_rx=0.08s, stale_limit=0.80s
[INFO] [1783729442.911416163] [slope_manager]: [0;94mwaypoint=5/18 wall_jump_prep dist=1.553m, min_dist=1.551m, yaw_err=1.9deg, pose=(-2.777,3.103), goal=(-4.328,3.164), pose_frame=camera_init, goal_frame=camera_init, line_progress=2.565/4.115m (62%), line_remaining=1.550m, line_lateral=-0.096m, apriltag_gate=blocked:z_gate(filtered_z=2.099m>0.700m, below=0/3<1, raw_z=2.055m, filtered_z=2.099m, threshold=0.700m, below=0/3, required=1/3, tf=camera_color_optical_frame->base, stamp_age=0.10s, stamp_lag_at_rx=0.07s), override=[2,1.000,1.000][0m
[INFO] [1783729443.420301229] [slope_manager]: AprilTag TF update: waypoint[4]=wall_jump_prep, tf=camera_color_optical_frame->base, xyz=(0.149,0.130,2.020), rpy=(-171.6,4.8,-4.4)deg, stamp_lag_at_rx=0.08s, stale_limit=0.80s
[INFO] [1783729444.011490825] [slope_manager]: [0;94mwaypoint=5/18 wall_jump_prep dist=1.410m, min_dist=1.410m, yaw_err=1.5deg, pose=(-2.921,3.081), goal=(-4.328,3.164), pose_frame=camera_init, goal_frame=camera_init, line_progress=2.710/4.115m (66%), line_remaining=1.405m, line_lateral=-0.114m, apriltag_gate=blocked:z_gate(filtered_z=1.938m>0.700m, below=0/3<1, raw_z=1.927m, filtered_z=1.938m, threshold=0.700m, below=0/3, required=1/3, tf=camera_color_optical_frame->base, stamp_age=0.13s, stamp_lag_at_rx=0.07s), override=[2,1.000,1.000][0m
[INFO] [1783729444.552914300] [slope_manager]: AprilTag TF update: waypoint[4]=wall_jump_prep, tf=camera_color_optical_frame->base, xyz=(0.127,0.082,1.851), rpy=(-176.0,-7.6,-2.6)deg, stamp_lag_at_rx=0.07s, stale_limit=0.80s
[INFO] [1783729445.012679027] [slope_manager]: [0;94mwaypoint=5/18 wall_jump_prep dist=1.276m, min_dist=1.276m, yaw_err=1.8deg, pose=(-3.054,3.093), goal=(-4.328,3.164), pose_frame=camera_init, goal_frame=camera_init, line_progress=2.843/4.115m (69%), line_remaining=1.272m, line_lateral=-0.100m, apriltag_gate=blocked:z_gate(filtered_z=1.810m>0.700m, below=0/3<1, raw_z=1.810m, filtered_z=1.810m, threshold=0.700m, below=0/3, required=1/3, tf=camera_color_optical_frame->base, stamp_age=0.13s, stamp_lag_at_rx=0.07s), override=[2,1.000,1.000][0m
[INFO] [1783729446.111395625] [slope_manager]: [0;94mwaypoint=5/18 wall_jump_prep dist=1.129m, min_dist=1.118m, yaw_err=3.1deg, pose=(-3.201,3.098), goal=(-4.328,3.164), pose_frame=camera_init, goal_frame=camera_init, line_progress=2.990/4.115m (73%), line_remaining=1.125m, line_lateral=-0.092m, apriltag_gate=blocked:z_gate(filtered_z=1.706m>0.700m, below=0/1<1, raw_z=1.706m, filtered_z=1.706m, threshold=0.700m, below=0/1, required=1/3, tf=camera_color_optical_frame->base, stamp_age=0.70s, stamp_lag_at_rx=0.07s), override=[2,1.000,1.000][0m
[INFO] [1783729446.352123583] [slope_manager]: AprilTag TF update: waypoint[4]=wall_jump_prep, tf=camera_color_optical_frame->base, xyz=(0.086,0.085,1.393), rpy=(-155.3,-14.8,-5.0)deg, stamp_lag_at_rx=0.07s, stale_limit=0.80s
[INFO] [1783729447.110993337] [slope_manager]: direct_step yaw recovery 触发: waypoint[4]=wall_jump_prep, yaw_err=4.4deg >= 3.0deg, lat=-0.068m, progress=0.78。暂停基准线修正，只做趴下姿态回正。
[INFO] [1783729447.111901429] [slope_manager]: [0;94mwaypoint=5/18 wall_jump_prep dist=0.919m, min_dist=0.907m, yaw_err=4.4deg, pose=(-3.410,3.117), goal=(-4.328,3.164), pose_frame=camera_init, goal_frame=camera_init, line_progress=3.198/4.115m (78%), line_remaining=0.917m, line_lateral=-0.068m, apriltag_gate=blocked:z_gate(filtered_z=1.415m>0.700m, below=0/1<1, raw_z=1.415m, filtered_z=1.415m, threshold=0.700m, below=0/1, required=1/3, tf=camera_color_optical_frame->base, stamp_age=0.10s, stamp_lag_at_rx=0.07s), override=[2,-0.126,0.126], yaw_recovery=active,yaw_err=4.4deg,turn=0.126,lat=-0.068,progress=0.78[0m
[INFO] [1783729447.624066114] [slope_manager]: AprilTag TF update: waypoint[4]=wall_jump_prep, tf=camera_color_optical_frame->base, xyz=(0.036,0.101,1.273), rpy=(-160.4,-13.2,-3.8)deg, stamp_lag_at_rx=0.08s, stale_limit=0.80s
[INFO] [1783729448.210979196] [slope_manager]: [0;94mwaypoint=5/18 wall_jump_prep dist=0.860m, min_dist=0.860m, yaw_err=2.1deg, pose=(-3.470,3.124), goal=(-4.328,3.164), pose_frame=camera_init, goal_frame=camera_init, line_progress=3.257/4.115m (79%), line_remaining=0.858m, line_lateral=-0.060m, apriltag_gate=blocked:z_gate(filtered_z=1.346m>0.700m, below=0/3<1, raw_z=1.346m, filtered_z=1.346m, threshold=0.700m, below=0/3, required=1/3, tf=camera_color_optical_frame->base, stamp_age=0.20s, stamp_lag_at_rx=0.07s), override=[2,-0.007,0.007], yaw_recovery=active,yaw_err=2.1deg,turn=0.007,lat=-0.060,progress=0.79[0m
[INFO] [1783729448.310797976] [slope_manager]: direct_step yaw recovery 完成: waypoint[4]=wall_jump_prep, yaw_err=2.0deg <= 2.0deg，恢复基准线修正。
[INFO] [1783729448.627353517] [slope_manager]: AprilTag TF update: waypoint[4]=wall_jump_prep, tf=camera_color_optical_frame->base, xyz=(0.136,0.114,1.375), rpy=(175.1,1.8,-1.3)deg, stamp_lag_at_rx=0.08s, stale_limit=0.80s
[INFO] [1783729449.211084315] [slope_manager]: [0;94mwaypoint=5/18 wall_jump_prep dist=0.794m, min_dist=0.777m, yaw_err=1.1deg, pose=(-3.539,3.082), goal=(-4.328,3.164), pose_frame=camera_init, goal_frame=camera_init, line_progress=3.327/4.115m (81%), line_remaining=0.788m, line_lateral=-0.100m, apriltag_gate=blocked:z_gate(filtered_z=1.298m>0.700m, below=0/3<1, raw_z=1.272m, filtered_z=1.298m, threshold=0.700m, below=0/3, required=1/3, tf=camera_color_optical_frame->base, stamp_age=0.13s, stamp_lag_at_rx=0.07s), override=[2,1.000,1.000][0m
[INFO] [1783729449.756631634] [slope_manager]: AprilTag TF update: waypoint[4]=wall_jump_prep, tf=camera_color_optical_frame->base, xyz=(0.159,0.098,1.191), rpy=(165.5,6.8,-3.4)deg, stamp_lag_at_rx=0.07s, stale_limit=0.80s
[INFO] [1783729450.311231315] [slope_manager]: [0;94mwaypoint=5/18 wall_jump_prep dist=0.609m, min_dist=0.609m, yaw_err=1.9deg, pose=(-3.725,3.079), goal=(-4.328,3.164), pose_frame=camera_init, goal_frame=camera_init, line_progress=3.514/4.115m (85%), line_remaining=0.601m, line_lateral=-0.099m, apriltag_gate=blocked:z_gate(filtered_z=1.132m>0.700m, below=0/3<1, raw_z=1.117m, filtered_z=1.132m, threshold=0.700m, below=0/3, required=1/3, tf=camera_color_optical_frame->base, stamp_age=0.16s, stamp_lag_at_rx=0.07s), override=[2,1.000,1.000][0m
[INFO] [1783729450.825131579] [slope_manager]: AprilTag TF update: waypoint[4]=wall_jump_prep, tf=camera_color_optical_frame->base, xyz=(0.154,0.100,1.047), rpy=(176.8,2.5,-3.1)deg, stamp_lag_at_rx=0.07s, stale_limit=0.80s
[INFO] [1783729451.411077198] [slope_manager]: [0;94mwaypoint=5/18 wall_jump_prep dist=0.451m, min_dist=0.449m, yaw_err=1.8deg, pose=(-3.886,3.076), goal=(-4.328,3.164), pose_frame=camera_init, goal_frame=camera_init, line_progress=3.675/4.115m (89%), line_remaining=0.440m, line_lateral=-0.098m, apriltag_gate=blocked:z_gate(filtered_z=0.988m>0.700m, below=0/3<1, raw_z=0.950m, filtered_z=0.988m, threshold=0.700m, below=0/3, required=1/3, tf=camera_color_optical_frame->base, stamp_age=0.13s, stamp_lag_at_rx=0.07s), override=[2,1.000,1.000][0m
[INFO] [1783729451.825465694] [slope_manager]: AprilTag TF update: waypoint[4]=wall_jump_prep, tf=camera_color_optical_frame->base, xyz=(0.159,0.121,0.898), rpy=(175.2,2.9,-2.3)deg, stamp_lag_at_rx=0.07s, stale_limit=0.80s
[INFO] [1783729452.511009476] [slope_manager]: [0;94mwaypoint=5/18 wall_jump_prep dist=0.308m, min_dist=0.308m, yaw_err=1.3deg, pose=(-4.037,3.064), goal=(-4.328,3.164), pose_frame=camera_init, goal_frame=camera_init, line_progress=3.826/4.115m (93%), line_remaining=0.289m, line_lateral=-0.106m, apriltag_gate=blocked:z_gate(filtered_z=0.807m>0.700m, below=0/3<1, raw_z=0.793m, filtered_z=0.807m, threshold=0.700m, below=0/3, required=1/3, tf=camera_color_optical_frame->base, stamp_age=0.09s, stamp_lag_at_rx=0.07s), override=[2,1.000,1.000][0m
[INFO] [1783729452.826178973] [slope_manager]: AprilTag TF update: waypoint[4]=wall_jump_prep, tf=camera_color_optical_frame->base, xyz=(0.179,0.095,0.684), rpy=(-178.9,9.4,-3.4)deg, stamp_lag_at_rx=0.07s, stale_limit=0.80s
[INFO] [1783729452.860595235] [slope_manager]: [1;32m到点成功: waypoint[4]=wall_jump_prep, dist=0.219, min_dist=0.219, yaw_err=0.5deg, reason=apriltag_z_threshold(raw_z=0.684m, filtered_z=0.692m<=0.700m, below=2/3 required=1, hold=0.00s, stamp_age=0.11s, rx_age=0.03s, stamp_lag_at_rx=0.07s, tf=camera_color_optical_frame->base)[0m
[INFO] [1783729452.860955800] [slope_manager]: [1;35m发布模式: 2 (趴下)[0m
[INFO] [1783729452.861263977] [slope_manager]: [1;35m发布上坡步长滤波: False[0m
[INFO] [1783729452.861551116] [slope_manager]: [1;35m发布路径修正profile: 0 (0=关闭, 1=普通, 2=上坡强修正, 3=强修正符号验证)[0m
[INFO] [1783729452.861904172] [slope_manager]: [1;32m已到达 waypoint[4]=wall_jump_prep，切换模式为 2 (趴下)，上坡滤波=False，路径修正profile=0，并锁存到下一个 waypoint。[0m
[INFO] [1783729452.862219215] [slope_manager]: waypoint[4]=wall_jump_prep 到点后立即执行额外动作序列。
[INFO] [1783729452.862535913] [slope_manager]: [1;35m发布模式: 2 (趴下)[0m
[INFO] [1783729452.863022719] [slope_manager]: AprilTag 站立前距离过近，先后退保护: waypoint[4]=wall_jump_prep, z=0.684m < trigger=0.720m, target=0.720m, override=[2,-0.200,-0.200]。
[INFO] [1783729452.943781081] [slope_manager]: AprilTag 站立前后退中: z=0.653m, target=0.720m, elapsed=0.08/4.00s, override=[2,-0.200,-0.200]。
[INFO] [1783729453.265653799] [slope_manager]: AprilTag 站立前后退中: z=0.624m, target=0.720m, elapsed=0.40/4.00s, override=[2,-0.200,-0.200]。
[INFO] [1783729453.587699748] [slope_manager]: AprilTag 站立前后退中: z=0.638m, target=0.720m, elapsed=0.72/4.00s, override=[2,-0.200,-0.200]。
[INFO] [1783729453.826565134] [slope_manager]: AprilTag TF update: waypoint[4]=wall_jump_prep, tf=camera_color_optical_frame->base, xyz=(0.174,0.106,0.651), rpy=(-179.4,3.9,-2.6)deg, stamp_lag_at_rx=0.07s, stale_limit=0.80s
[INFO] [1783729453.910287404] [slope_manager]: AprilTag 站立前后退中: z=0.651m, target=0.720m, elapsed=1.05/4.00s, override=[2,-0.200,-0.200]。
[INFO] [1783729454.232463029] [slope_manager]: AprilTag 站立前后退中: z=0.664m, target=0.720m, elapsed=1.37/4.00s, override=[2,-0.200,-0.200]。
[INFO] [1783729454.554784698] [slope_manager]: AprilTag 站立前后退中: z=0.676m, target=0.720m, elapsed=1.69/4.00s, override=[2,-0.200,-0.200]。
[INFO] [1783729454.828630887] [slope_manager]: AprilTag TF update: waypoint[4]=wall_jump_prep, tf=camera_color_optical_frame->base, xyz=(0.175,0.106,0.688), rpy=(179.6,5.0,-3.0)deg, stamp_lag_at_rx=0.07s, stale_limit=0.80s
[INFO] [1783729454.876926634] [slope_manager]: AprilTag 站立前后退中: z=0.688m, target=0.720m, elapsed=2.01/4.00s, override=[2,-0.200,-0.200]。
[INFO] [1783729455.199307405] [slope_manager]: AprilTag 站立前后退中: z=0.701m, target=0.720m, elapsed=2.34/4.00s, override=[2,-0.200,-0.200]。
[INFO] [1783729455.521623734] [slope_manager]: AprilTag 站立前后退中: z=0.712m, target=0.720m, elapsed=2.66/4.00s, override=[2,-0.200,-0.200]。
[INFO] [1783729455.763786348] [slope_manager]: AprilTag 站立前后退保护完成: z=0.724m >= target=0.720m, 继续执行站立序列。
[INFO] [1783729455.764310093] [slope_manager]: [1;35m发布模式: 2 (趴下)[0m
[INFO] [1783729455.764887231] [slope_manager]: [0;94m执行到点后额外动作: waypoint=wall_jump_prep, mode=2 (趴下), hold=1.00s, override=[2,0.000,0.000], note=趴下通过到点后先保持趴下停止 0.6 秒，固定发送 mode=2,left=0,right=0，避免直接站立导致机身晃动。[0m
[INFO] [1783729455.895146061] [slope_manager]: AprilTag TF update: waypoint[4]=wall_jump_prep, tf=camera_color_optical_frame->base, xyz=(0.169,0.107,0.731), rpy=(179.0,4.8,-2.9)deg, stamp_lag_at_rx=0.07s, stale_limit=0.80s
[INFO] [1783729456.765640568] [slope_manager]: [1;35m发布模式: 0 (正常行走)[0m
[INFO] [1783729456.766314707] [slope_manager]: [0;94m执行到点后额外动作: waypoint=wall_jump_prep, mode=0 (正常行走), hold=1.50s, override=[0,0.000,0.000], note=趴下停稳后原地站立 1.跳5 秒，固定发送 mode=0,left=0,right=0；本版本不跳，随后直接进入第5点自旋。[0m
[INFO] [1783729456.899308593] [slope_manager]: AprilTag TF update: waypoint[4]=wall_jump_prep, tf=camera_color_optical_frame->base, xyz=(0.170,0.106,0.735), rpy=(179.8,6.2,-3.2)deg, stamp_lag_at_rx=0.07s, stale_limit=0.80s
[INFO] [1783729457.901300612] [slope_manager]: AprilTag TF update: waypoint[4]=wall_jump_prep, tf=camera_color_optical_frame->base, xyz=(0.182,0.205,0.714), rpy=(-177.7,9.1,-3.9)deg, stamp_lag_at_rx=0.08s, stale_limit=0.80s
[INFO] [1783729458.267353678] [slope_manager]: [1;35m发布模式: 0 (正常行走)[0m
[INFO] [1783729458.267856429] [slope_manager]: waypoint[4]=wall_jump_prep 启用局部定位稳定门控：expected=(-4.087,3.074), 需要连续稳定 0.30s 后再切换到下一个目标。
[INFO] [1783729458.318511989] [slope_manager]: 等待局部定位稳定: waypoint[4]=wall_jump_prep, pose=(-4.090,3.074), expected=(-4.090,3.074), err=0.000/0.400m, bounds_ok=True, yaw_ok=True, stable=0.05/0.30s
[INFO] [1783729458.619916838] [slope_manager]: 局部定位稳定门控通过: waypoint[4]=wall_jump_prep, pose=(-4.100,3.065), expected=(-4.100,3.065), err=0.000m, stable=0.35s。
[INFO] [1783729458.620320543] [slope_manager]: [1;36m切换到下一个 waypoint: 6 / 18[0m
[INFO] [1783729458.620709928] [slope_manager]: 解析机身相对 waypoint[5]=turn_180_spin: source=(-4.100,3.065,90.2deg), anchor=(-4.100,3.065,current_pose), body_offset=(forward=0.000, left=0.000), yaw_mode=previous_target_delta, yaw_delta=76.0deg, ref_yaw_source=current, ref_yaw=90.2deg, target=(-4.100,3.065,168.0deg), frame=camera_init
[INFO] [1783729458.621151028] [slope_manager]: [1;36m发送直驱覆盖点[6/18](attempt=1): turn_180_spin -> x=-4.100, y=3.065, yaw=168.0° (body_relative forward=0.000, left=0.000, yaw_mode=previous_target_delta, yaw_delta=76.0°, source=(-4.100,3.065,90.2°), anchor=(-4.100,3.065,current_pose), ref_yaw_source=current, ref_yaw=90.2°), frame=camera_init, override=[6,-0.350,0.600], 到点后锁存模式=0, note=普通第5点：跳完后不再走 Nav2 接近，直接在当前点执行反向固定自旋覆盖（mode=6,left=0.6,right=-0.35）完成转向。转完后进入 turn_180_yaw_settle，若姿态未收准则原地补正。[0m
[INFO] [1783729458.711032117] [slope_manager]: [0;94mwaypoint=6/18 turn_180_spin dist=0.009m, min_dist=0.006m, yaw_err=74.9deg, pose=(-4.104,3.073), goal=(-4.100,3.065), pose_frame=camera_init, goal_frame=camera_init, override=[6,-0.350,0.600][0m
[INFO] [1783729459.711002408] [slope_manager]: [0;94mwaypoint=6/18 turn_180_spin dist=0.111m, min_dist=0.006m, yaw_err=14.0deg, pose=(-4.112,2.955), goal=(-4.100,3.065), pose_frame=camera_init, goal_frame=camera_init, override=[6,-0.350,0.600][0m
[INFO] [1783729459.846003372] [slope_manager]: [1;32m到点成功: waypoint[5]=turn_180_spin, dist=0.128, min_dist=0.006, yaw_err=2.2deg, reason=distance_tolerance[0m
[INFO] [1783729459.846490515] [slope_manager]: [1;35m发布模式: 0 (正常行走)[0m
[INFO] [1783729459.846939730] [slope_manager]: [1;35m发布上坡步长滤波: False[0m
[INFO] [1783729459.847357194] [slope_manager]: [1;35m发布路径修正profile: 2 (0=关闭, 1=普通, 2=上坡强修正, 3=强修正符号验证)[0m
[INFO] [1783729459.847798076] [slope_manager]: [1;32m已到达 waypoint[5]=turn_180_spin，切换模式为 0 (正常行走)，上坡滤波=False，路径修正profile=2，并锁存到下一个 waypoint。[0m
[INFO] [1783729459.848170207] [slope_manager]: waypoint[5]=turn_180_spin 到点后零步长保持: override=[0,0.000,0.000]，持续 0.45s。
[INFO] [1783729459.848425164] [slope_manager]: waypoint[5]=turn_180_spin 到点后等待 0.45s，再切换到下一个目标。
[INFO] [1783729460.299296573] [slope_manager]: [1;36m切换到下一个 waypoint: 7 / 18[0m
[INFO] [1783729460.300140615] [slope_manager]: 解析机身相对 waypoint[6]=turn_180_yaw_settle: source=(-4.090,2.914,178.4deg), anchor=(-4.090,2.914,current_pose), body_offset=(forward=0.000, left=0.000), yaw_mode=absolute, yaw_delta=0.0deg, ref_yaw_source=target_yaw, ref_yaw=179.5deg, target=(-4.090,2.914,179.5deg), frame=camera_init
[INFO] [1783729460.300927963] [slope_manager]: [1;36m发送直驱覆盖点[7/18](attempt=1): turn_180_yaw_settle -> x=-4.090, y=2.914, yaw=179.5° (body_relative forward=0.000, left=0.000, yaw_mode=absolute, yaw_delta=0.0°, source=(-4.090,2.914,178.4°), anchor=(-4.090,2.914,current_pose), ref_yaw_source=target_yaw, ref_yaw=179.5°), frame=camera_init, override=[6,-0.150,0.200], yaw_dir=ccw,yaw_err=1.1deg, 到点后锁存模式=0, note=转身后姿态粗补正点：同点位 mode=6 零基础步长，按 yaw_err 方向使用非对称固定差速先补到 -180deg 附近；随后进入 bridge_tag_yaw_lock，用 bridge tag pose_pitch 精锁过桥角。[0m
[INFO] [1783729460.310905293] [slope_manager]: [1;32m到点成功: waypoint[6]=turn_180_yaw_settle, dist=0.003, min_dist=0.003, yaw_err=0.7deg, reason=distance_tolerance[0m
[INFO] [1783729460.311378953] [slope_manager]: [1;35m发布模式: 0 (正常行走)[0m
[INFO] [1783729460.311817222] [slope_manager]: [1;35m发布上坡步长滤波: False[0m
[INFO] [1783729460.312201979] [slope_manager]: [1;35m发布路径修正profile: 2 (0=关闭, 1=普通, 2=上坡强修正, 3=强修正符号验证)[0m
[INFO] [1783729460.312576420] [slope_manager]: [1;32m已到达 waypoint[6]=turn_180_yaw_settle，切换模式为 0 (正常行走)，上坡滤波=False，路径修正profile=2，并锁存到下一个 waypoint。[0m
[INFO] [1783729460.313010577] [slope_manager]: waypoint[6]=turn_180_yaw_settle 到点后零步长保持: override=[0,0.000,0.000]，持续 0.10s。
[INFO] [1783729460.313391556] [slope_manager]: waypoint[6]=turn_180_yaw_settle 到点后等待 0.10s，再切换到下一个目标。
[INFO] [1783729460.414035487] [slope_manager]: [1;36m切换到下一个 waypoint: 8 / 18[0m
[INFO] [1783729460.414560657] [slope_manager]: 解析机身相对 waypoint[7]=bridge_entry: source=(-4.073,2.901,178.7deg), anchor=(-4.090,2.914,waypoint_target:turn_180_yaw_settle), body_offset=(forward=1.150, left=0.000), yaw_mode=previous_target, yaw_delta=0.0deg, ref_yaw_source=target_yaw, ref_yaw=179.5deg, target=(-4.100,1.764,179.5deg), frame=camera_init
[INFO] [1783729460.415086069] [slope_manager]: [1;35m发布路径修正profile: 2 (0=关闭, 1=普通, 2=上坡强修正, 3=强修正符号验证)[0m
[INFO] [1783729460.415713507] [slope_manager]: [1;36m发送直驱覆盖点[8/18](attempt=1): bridge_entry -> x=-4.100, y=1.764, yaw=179.5° (body_relative forward=1.150, left=0.000, yaw_mode=previous_target, yaw_delta=0.0°, source=(-4.073,2.901,178.7°), anchor=(-4.090,2.914,waypoint_target:turn_180_yaw_settle), ref_yaw_source=target_yaw, ref_yaw=179.5°), frame=camera_init, path_reference=/serial_path_reference, override=[0,0.250,0.250], ramp=0.00,elapsed=0.00/0.90s, 到点后锁存模式=0, note=过桥前点：当前 bridge_tag_yaw_lock 关闭，沿 turn_180_yaw_settle 的目标点和目标 yaw 固定直驱到桥入口；本点不再同点位自旋修姿态，到点后直接进入 bridge_exit。[0m
[INFO] [1783729460.711228515] [slope_manager]: [0;94mwaypoint=8/18 bridge_entry dist=1.135m, min_dist=1.128m, yaw_err=0.2deg, pose=(-4.084,2.899), goal=(-4.100,1.764), pose_frame=camera_init, goal_frame=camera_init, line_progress=0.002/1.137m (0%), line_remaining=1.135m, line_lateral=0.010m, override=[0,0.389,0.389], ramp=0.25,elapsed=0.30/0.90s[0m
[INFO] [1783729461.810997605] [slope_manager]: [0;94mwaypoint=8/18 bridge_entry dist=0.489m, min_dist=0.482m, yaw_err=2.1deg, pose=(-4.108,2.253), goal=(-4.100,1.764), pose_frame=camera_init, goal_frame=camera_init, line_progress=0.648/1.137m (57%), line_remaining=0.489m, line_lateral=0.020m, override=[0,0.800,0.800], ramp=1.00,elapsed=1.40/0.90s[0m
[INFO] [1783729462.115577670] [slope_manager]: [1;32m到点成功: waypoint[7]=bridge_entry, dist=0.246, min_dist=0.246, yaw_err=1.8deg, reason=distance_tolerance[0m
[INFO] [1783729462.115920118] [slope_manager]: [1;35m发布模式: 0 (正常行走)[0m
[INFO] [1783729462.116243190] [slope_manager]: [1;35m发布上坡步长滤波: False[0m
[INFO] [1783729462.116612176] [slope_manager]: [1;35m发布路径修正profile: 2 (0=关闭, 1=普通, 2=上坡强修正, 3=强修正符号验证)[0m
[INFO] [1783729462.116935290] [slope_manager]: [1;32m已到达 waypoint[7]=bridge_entry，切换模式为 0 (正常行走)，上坡滤波=False，路径修正profile=2，并锁存到下一个 waypoint。[0m
[INFO] [1783729462.117907318] [slope_manager]: [1;36m切换到下一个 waypoint: 9 / 18[0m
[INFO] [1783729462.118609808] [slope_manager]: 解析机身相对 waypoint[8]=bridge_exit: source=(-4.120,2.009,177.7deg), anchor=(-4.120,2.009,current_pose), body_offset=(forward=2.260, apriltag_z_comp=-0.050m tag_z=1.013m neutral=1.240m near=(1.100m,-0.050m) far=(1.500m,+0.030m) tf_age=1.16s source=compensation_cache, left=0.000), yaw_mode=previous_target, yaw_delta=0.0deg, ref_yaw_source=target_yaw, ref_yaw=179.5deg, target=(-4.139,-0.250,179.5deg), frame=camera_init
[INFO] [1783729462.119239750] [slope_manager]: [1;35m发布路径修正profile: 2 (0=关闭, 1=普通, 2=上坡强修正, 3=强修正符号验证)[0m
[INFO] [1783729462.119839126] [slope_manager]: [1;36m发送直驱覆盖点[9/18](attempt=1): bridge_exit -> x=-4.139, y=-0.250, yaw=179.5° (body_relative forward=2.260, left=0.000, yaw_mode=previous_target, yaw_delta=0.0°, source=(-4.120,2.009,177.7°), anchor=(-4.120,2.009,current_pose), ref_yaw_source=target_yaw, ref_yaw=179.5°), frame=camera_init, path_reference=/serial_path_reference, override=[0,0.800,0.800], 到点后锁存模式=0, note=过桥后点：固定直驱前进过完桥后先停稳 0.1 秒，再进入同点位 45 度原地转向，避免直接边走边大角度调头导致下斜坡卡位。[0m
[INFO] [1783729462.910887616] [slope_manager]: [0;94mwaypoint=9/18 bridge_exit dist=1.641m, min_dist=1.641m, yaw_err=1.2deg, pose=(-4.121,1.391), goal=(-4.139,-0.250), pose_frame=camera_init, goal_frame=camera_init, line_progress=0.619/2.260m (27%), line_remaining=1.641m, line_lateral=-0.005m, override=[0,0.800,0.800][0m
[INFO] [1783729463.911275932] [slope_manager]: [0;94mwaypoint=9/18 bridge_exit dist=0.869m, min_dist=0.869m, yaw_err=1.1deg, pose=(-4.170,0.618), goal=(-4.139,-0.250), pose_frame=camera_init, goal_frame=camera_init, line_progress=1.392/2.260m (62%), line_remaining=0.868m, line_lateral=0.038m, override=[0,0.800,0.800][0m
[INFO] [1783729464.800165234] [slope_manager]: [1;32m到点成功: waypoint[8]=bridge_exit, dist=0.193, min_dist=0.193, yaw_err=1.5deg, reason=distance_tolerance[0m
[INFO] [1783729464.800564894] [slope_manager]: [1;35m发布模式: 0 (正常行走)[0m
[INFO] [1783729464.800894442] [slope_manager]: [1;35m发布上坡步长滤波: False[0m
[INFO] [1783729464.801174162] [slope_manager]: [1;35m发布路径修正profile: 2 (0=关闭, 1=普通, 2=上坡强修正, 3=强修正符号验证)[0m
[INFO] [1783729464.801478738] [slope_manager]: [1;32m已到达 waypoint[8]=bridge_exit，切换模式为 0 (正常行走)，上坡滤波=False，路径修正profile=2，并锁存到下一个 waypoint。[0m
[INFO] [1783729464.801961208] [slope_manager]: waypoint[8]=bridge_exit 到点后零步长保持: override=[0,0.000,0.000]，持续 0.10s。
[INFO] [1783729464.802348405] [slope_manager]: waypoint[8]=bridge_exit 到点后等待 0.10s，再切换到下一个目标。
[INFO] [1783729464.903141390] [slope_manager]: [1;36m切换到下一个 waypoint: 10 / 18[0m
[INFO] [1783729464.904220263] [slope_manager]: 解析机身相对 waypoint[9]=bridge_exit_ccw_45_spin: source=(-4.205,-0.151,177.4deg), anchor=(-4.205,-0.151,current_pose), body_offset=(forward=0.000, left=0.000), yaw_mode=delta, yaw_delta=50.0deg, ref_yaw_source=current, ref_yaw=177.4deg, target=(-4.205,-0.151,-132.6deg), frame=camera_init
[INFO] [1783729464.905103940] [slope_manager]: [1;36m发送直驱覆盖点[10/18](attempt=1): bridge_exit_ccw_45_spin -> x=-4.205, y=-0.151, yaw=-132.6° (body_relative forward=0.000, left=0.000, yaw_mode=delta, yaw_delta=50.0°, source=(-4.205,-0.151,177.4°), anchor=(-4.205,-0.151,current_pose), ref_yaw_source=current, ref_yaw=177.4°), frame=camera_init, override=[6,-0.400,0.850], 到点后锁存模式=0, note=普通第3个自旋点：过桥后同点位原地顺时针约45度，让 base_link 朝向普通侧下斜坡目标方向，再开始走最终下坡段。[0m
[INFO] [1783729465.011682749] [slope_manager]: [0;94mwaypoint=10/18 bridge_exit_ccw_45_spin dist=0.073m, min_dist=0.009m, yaw_err=49.9deg, pose=(-4.188,-0.223), goal=(-4.205,-0.151), pose_frame=camera_init, goal_frame=camera_init, override=[6,-0.400,0.850][0m
[INFO] [1783729465.609517153] [slope_manager]: [1;32m到点成功: waypoint[9]=bridge_exit_ccw_45_spin, dist=0.285, min_dist=0.009, yaw_err=4.9deg, reason=distance_memory_with_yaw[0m
[INFO] [1783729465.609876134] [slope_manager]: [1;35m发布模式: 0 (正常行走)[0m
[INFO] [1783729465.610243953] [slope_manager]: [1;35m发布上坡步长滤波: False[0m
[INFO] [1783729465.610549655] [slope_manager]: [1;35m发布路径修正profile: 0 (0=关闭, 1=普通, 2=上坡强修正, 3=强修正符号验证)[0m
[INFO] [1783729465.610818891] [slope_manager]: [1;32m已到达 waypoint[9]=bridge_exit_ccw_45_spin，切换模式为 0 (正常行走)，上坡滤波=False，路径修正profile=0，并锁存到下一个 waypoint。[0m
[INFO] [1783729465.611104156] [slope_manager]: waypoint[9]=bridge_exit_ccw_45_spin 到点后零步长保持: override=[0,0.000,0.000]，持续 0.10s。
[INFO] [1783729465.611372361] [slope_manager]: waypoint[9]=bridge_exit_ccw_45_spin 到点后等待 0.10s，再切换到下一个目标。
[INFO] [1783729465.711989134] [slope_manager]: [1;36m切换到下一个 waypoint: 11 / 18[0m
[INFO] [1783729465.712506781] [slope_manager]: 解析机身相对 waypoint[10]=final_descent_approach: source=(-4.105,-0.447,-128.3deg), anchor=(-4.105,-0.447,current_pose), body_offset=(forward=0.970, left=0.000), yaw_mode=delta, yaw_delta=0.0deg, ref_yaw_source=current, ref_yaw=-128.3deg, target=(-3.343,-1.048,-128.3deg), frame=camera_init
[INFO] [1783729465.712996995] [slope_manager]: [1;35m发布路径修正profile: 2 (0=关闭, 1=普通, 2=上坡强修正, 3=强修正符号验证)[0m
[INFO] [1783729465.713371593] [slope_manager]: [1;36m发送直驱覆盖点[11/18](attempt=1): final_descent_approach -> x=-3.343, y=-1.048, yaw=-128.3° (body_relative forward=0.970, left=0.000, yaw_mode=delta, yaw_delta=0.0°, source=(-4.105,-0.447,-128.3°), anchor=(-4.105,-0.447,current_pose), ref_yaw_source=current, ref_yaw=-128.3°), frame=camera_init, path_reference=/serial_path_reference, override=[7,0.800,0.800], 到点后锁存模式=0, note=普通最终位置第一段接近点：mode=7 固定直驱前进，下一个点增加 mode=7 自旋，再进入第二段直驱。[0m
[INFO] [1783729466.011523058] [slope_manager]: [0;94mwaypoint=11/18 final_descent_approach dist=0.901m, min_dist=0.901m, yaw_err=13.2deg, pose=(-4.040,-0.476), goal=(-3.343,-1.048), pose_frame=camera_init, goal_frame=camera_init, line_progress=0.069/0.970m (7%), line_remaining=0.901m, line_lateral=-0.017m, override=[7,0.800,0.800][0m
[INFO] [1783729467.110873318] [slope_manager]: [0;94mwaypoint=11/18 final_descent_approach dist=0.432m, min_dist=0.432m, yaw_err=16.1deg, pose=(-3.565,-0.678), goal=(-3.343,-1.048), pose_frame=camera_init, goal_frame=camera_init, line_progress=0.567/0.970m (58%), line_remaining=0.403m, line_lateral=-0.153m, override=[7,0.800,0.800][0m
[INFO] [1783729467.222461366] [slope_manager]: [1;32m到点成功: waypoint[10]=final_descent_approach, dist=0.349, min_dist=0.349, yaw_err=14.2deg, reason=distance_tolerance[0m
[INFO] [1783729467.222802039] [slope_manager]: [1;35m发布模式: 0 (正常行走)[0m
[INFO] [1783729467.223099438] [slope_manager]: [1;35m发布上坡步长滤波: False[0m
[INFO] [1783729467.223363970] [slope_manager]: [1;35m发布路径修正profile: 2 (0=关闭, 1=普通, 2=上坡强修正, 3=强修正符号验证)[0m
[INFO] [1783729467.223688514] [slope_manager]: [1;32m已到达 waypoint[10]=final_descent_approach，切换模式为 0 (正常行走)，上坡滤波=False，路径修正profile=2，并锁存到下一个 waypoint。[0m
[INFO] [1783729467.224007726] [slope_manager]: waypoint[10]=final_descent_approach 到点后等待 0.10s，再切换到下一个目标。
[INFO] [1783729467.324626439] [slope_manager]: [1;36m切换到下一个 waypoint: 12 / 18[0m
[INFO] [1783729467.325114957] [slope_manager]: 解析机身相对 waypoint[11]=final_descent_mid_spin: source=(-3.461,-0.726,-116.2deg), anchor=(-3.461,-0.726,current_pose), body_offset=(forward=0.000, left=0.000), yaw_mode=delta, yaw_delta=-70.0deg, ref_yaw_source=current, ref_yaw=-116.2deg, target=(-3.461,-0.726,173.8deg), frame=camera_init
[INFO] [1783729467.325573127] [slope_manager]: [1;36m发送直驱覆盖点[12/18](attempt=1): final_descent_mid_spin -> x=-3.461, y=-0.726, yaw=173.8° (body_relative forward=0.000, left=0.000, yaw_mode=delta, yaw_delta=-70.0°, source=(-3.461,-0.726,-116.2°), anchor=(-3.461,-0.726,current_pose), ref_yaw_source=current, ref_yaw=-116.2°), frame=camera_init, override=[7,0.700,-0.600], 到点后锁存模式=0, note=普通最终段新增自旋点：mode=7，left=0.40,right=0.50，相对当前姿态自旋约100度。[0m
[INFO] [1783729468.110972632] [slope_manager]: [0;94mwaypoint=12/18 final_descent_mid_spin dist=0.096m, min_dist=0.003m, yaw_err=58.4deg, pose=(-3.366,-0.729), goal=(-3.461,-0.726), pose_frame=camera_init, goal_frame=camera_init, override=[7,0.700,-0.600][0m
[INFO] [1783729469.111203080] [slope_manager]: [0;94mwaypoint=12/18 final_descent_mid_spin dist=0.179m, min_dist=0.003m, yaw_err=21.7deg, pose=(-3.283,-0.747), goal=(-3.461,-0.726), pose_frame=camera_init, goal_frame=camera_init, override=[7,0.700,-0.600][0m
[INFO] [1783729469.665593786] [slope_manager]: [1;32m到点成功: waypoint[11]=final_descent_mid_spin, dist=0.168, min_dist=0.003, yaw_err=3.9deg, reason=distance_tolerance[0m
[INFO] [1783729469.666103744] [slope_manager]: [1;35m发布模式: 0 (正常行走)[0m
[INFO] [1783729469.666532752] [slope_manager]: [1;35m发布上坡步长滤波: False[0m
[INFO] [1783729469.666960534] [slope_manager]: [1;35m发布路径修正profile: 0 (0=关闭, 1=普通, 2=上坡强修正, 3=强修正符号验证)[0m
[INFO] [1783729469.667375016] [slope_manager]: [1;32m已到达 waypoint[11]=final_descent_mid_spin，切换模式为 0 (正常行走)，上坡滤波=False，路径修正profile=0，并锁存到下一个 waypoint。[0m
[INFO] [1783729469.667893086] [slope_manager]: waypoint[11]=final_descent_mid_spin 到点后等待 0.10s，再切换到下一个目标。
[INFO] [1783729469.769884869] [slope_manager]: [1;36m切换到下一个 waypoint: 13 / 18[0m
[INFO] [1783729469.771914729] [slope_manager]: 解析机身相对 waypoint[12]=final_descent_second_approach: source=(-3.307,-0.795,173.7deg), anchor=(-3.307,-0.795,current_pose), body_offset=(forward=1.000, left=0.000), yaw_mode=delta, yaw_delta=0.0deg, ref_yaw_source=current, ref_yaw=173.7deg, target=(-3.418,-1.789,173.7deg), frame=camera_init
[INFO] [1783729469.772666604] [slope_manager]: [1;35m发布路径修正profile: 2 (0=关闭, 1=普通, 2=上坡强修正, 3=强修正符号验证)[0m
[INFO] [1783729469.773482475] [slope_manager]: [1;36m发送直驱覆盖点[13/18](attempt=1): final_descent_second_approach -> x=-3.418, y=-1.789, yaw=173.7° (body_relative forward=1.000, left=0.000, yaw_mode=delta, yaw_delta=0.0°, source=(-3.307,-0.795,173.7°), anchor=(-3.307,-0.795,current_pose), ref_yaw_source=current, ref_yaw=173.7°), frame=camera_init, path_reference=/serial_path_reference, override=[7,1.000,0.600], 到点后锁存模式=0, note=普通最终位置第二段接近点：mode=7 固定直驱前进；本点只按起点到当前 pose 的净位移达到 body_forward_m 判定到点，随后进入顺时针自旋点。[0m
[INFO] [1783729470.111942521] [slope_manager]: [0;94mwaypoint=13/18 final_descent_second_approach dist=0.966m, min_dist=0.966m, yaw_err=8.8deg, pose=(-3.320,-0.828), goal=(-3.418,-1.789), pose_frame=camera_init, goal_frame=camera_init, line_progress=0.034/1.000m (3%), line_remaining=0.966m, line_lateral=0.009m, travel=0.035/1.000m, override=[7,1.000,0.600][0m
[INFO] [1783729471.211608496] [slope_manager]: [0;94mwaypoint=13/18 final_descent_second_approach dist=0.548m, min_dist=0.548m, yaw_err=10.9deg, pose=(-3.383,-1.242), goal=(-3.418,-1.789), pose_frame=camera_init, goal_frame=camera_init, line_progress=0.453/1.000m (45%), line_remaining=0.547m, line_lateral=0.026m, travel=0.454/1.000m, override=[7,1.000,0.600][0m
[INFO] [1783729472.311783959] [slope_manager]: [0;94mwaypoint=13/18 final_descent_second_approach dist=0.248m, min_dist=0.248m, yaw_err=13.0deg, pose=(-3.442,-1.542), goal=(-3.418,-1.789), pose_frame=camera_init, goal_frame=camera_init, line_progress=0.758/1.000m (76%), line_remaining=0.242m, line_lateral=0.052m, travel=0.759/1.000m, override=[7,1.000,0.600][0m
[INFO] [1783729473.073978866] [slope_manager]: [1;32m到点成功: waypoint[12]=final_descent_second_approach, dist=0.109, min_dist=0.099, yaw_err=9.8deg, reason=travel_distance(1.005>=1.000m)[0m
[INFO] [1783729473.074453041] [slope_manager]: [1;35m发布模式: 0 (正常行走)[0m
[INFO] [1783729473.074902455] [slope_manager]: [1;35m发布上坡步长滤波: False[0m
[INFO] [1783729473.075337016] [slope_manager]: [1;35m发布路径修正profile: 2 (0=关闭, 1=普通, 2=上坡强修正, 3=强修正符号验证)[0m
[INFO] [1783729473.075618438] [slope_manager]: [1;32m已到达 waypoint[12]=final_descent_second_approach，切换模式为 0 (正常行走)，上坡滤波=False，路径修正profile=2，并锁存到下一个 waypoint。[0m
[INFO] [1783729473.075906037] [slope_manager]: waypoint[12]=final_descent_second_approach 到点后等待 0.10s，再切换到下一个目标。
[INFO] [1783729473.176660263] [slope_manager]: [1;36m切换到下一个 waypoint: 14 / 18[0m
[INFO] [1783729473.177351447] [slope_manager]: 解析机身相对 waypoint[13]=final_descent_second_spin: source=(-3.526,-1.808,161.7deg), anchor=(-3.526,-1.808,current_pose), body_offset=(forward=0.000, left=0.000), yaw_mode=delta, yaw_delta=-72.0deg, ref_yaw_source=current, ref_yaw=161.7deg, target=(-3.526,-1.808,89.7deg), frame=camera_init
[INFO] [1783729473.177982237] [slope_manager]: [1;36m发送直驱覆盖点[14/18](attempt=1): final_descent_second_spin -> x=-3.526, y=-1.808, yaw=89.7° (body_relative forward=0.000, left=0.000, yaw_mode=delta, yaw_delta=-72.0°, source=(-3.526,-1.808,161.7°), anchor=(-3.526,-1.808,current_pose), ref_yaw_source=current, ref_yaw=161.7°), frame=camera_init, override=[7,0.900,0.000], 到点后锁存模式=0, note=普通最终段第二个自旋点：mode=7，顺时针自旋；按目标 yaw 容差到点，沿用旧的 0.20/0.65 步长量级。[0m
[INFO] [1783729473.410915301] [slope_manager]: [0;94mwaypoint=14/18 final_descent_second_spin dist=0.063m, min_dist=0.011m, yaw_err=73.4deg, pose=(-3.554,-1.865), goal=(-3.526,-1.808), pose_frame=camera_init, goal_frame=camera_init, override=[7,0.900,0.000][0m
[INFO] [1783729474.511423669] [slope_manager]: [0;94mwaypoint=14/18 final_descent_second_spin dist=0.203m, min_dist=0.011m, yaw_err=61.0deg, pose=(-3.699,-1.913), goal=(-3.526,-1.808), pose_frame=camera_init, goal_frame=camera_init, override=[7,0.900,0.000][0m
[INFO] [1783729475.611229122] [slope_manager]: [0;94mwaypoint=14/18 final_descent_second_spin dist=0.562m, min_dist=0.011m, yaw_err=33.7deg, pose=(-3.998,-2.112), goal=(-3.526,-1.808), pose_frame=camera_init, goal_frame=camera_init, override=[7,0.900,0.000][0m
[INFO] [1783729476.711441072] [slope_manager]: [0;94mwaypoint=14/18 final_descent_second_spin dist=0.910m, min_dist=0.011m, yaw_err=6.7deg, pose=(-4.344,-2.205), goal=(-3.526,-1.808), pose_frame=camera_init, goal_frame=camera_init, override=[7,0.900,0.000][0m
[INFO] [1783729476.822663981] [slope_manager]: [1;32m到点成功: waypoint[13]=final_descent_second_spin, dist=0.936, min_dist=0.011, yaw_err=3.9deg, reason=distance_memory_with_yaw[0m
[INFO] [1783729476.823177028] [slope_manager]: [1;35m发布模式: 0 (正常行走)[0m
[INFO] [1783729476.823623205] [slope_manager]: [1;35m发布上坡步长滤波: False[0m
[INFO] [1783729476.823941424] [slope_manager]: [1;35m发布路径修正profile: 0 (0=关闭, 1=普通, 2=上坡强修正, 3=强修正符号验证)[0m
[INFO] [1783729476.824189213] [slope_manager]: [1;32m已到达 waypoint[13]=final_descent_second_spin，切换模式为 0 (正常行走)，上坡滤波=False，路径修正profile=0，并锁存到下一个 waypoint。[0m
[INFO] [1783729476.824457063] [slope_manager]: waypoint[13]=final_descent_second_spin 到点后等待 0.10s，再切换到下一个目标。
[INFO] [1783729476.925057464] [slope_manager]: [1;36m切换到下一个 waypoint: 15 / 18[0m
[INFO] [1783729476.925582390] [slope_manager]: 解析机身相对 waypoint[14]=final_descent_second_spin_extra_approach: source=(-4.416,-2.204,91.2deg), anchor=(-4.416,-2.204,current_pose), body_offset=(forward=0.350, left=0.000), yaw_mode=delta, yaw_delta=0.0deg, ref_yaw_source=current, ref_yaw=91.2deg, target=(-4.766,-2.211,91.2deg), frame=camera_init
[INFO] [1783729476.926048805] [slope_manager]: [1;35m发布路径修正profile: 2 (0=关闭, 1=普通, 2=上坡强修正, 3=强修正符号验证)[0m
[INFO] [1783729476.926448367] [slope_manager]: [1;36m发送直驱覆盖点[15/18](attempt=1): final_descent_second_spin_extra_approach -> x=-4.766, y=-2.211, yaw=91.2° (body_relative forward=0.350, left=0.000, yaw_mode=delta, yaw_delta=0.0°, source=(-4.416,-2.204,91.2°), anchor=(-4.416,-2.204,current_pose), ref_yaw_source=current, ref_yaw=91.2°), frame=camera_init, path_reference=/serial_path_reference, override=[7,0.800,0.800], 到点后锁存模式=0, note=普通最终段第二个自旋后新增直驱点：mode=7，left=0.75,right=0.50，固定直驱前进0.8m。[0m
[INFO] [1783729477.711551280] [slope_manager]: [0;94mwaypoint=15/18 final_descent_second_spin_extra_approach dist=0.053m, min_dist=0.053m, yaw_err=5.0deg, pose=(-4.714,-2.201), goal=(-4.766,-2.211), pose_frame=camera_init, goal_frame=camera_init, line_progress=0.298/0.350m (85%), line_remaining=0.052m, line_lateral=0.009m, travel=0.298/0.350m, override=[7,0.800,0.800][0m
[INFO] [1783729477.876114981] [slope_manager]: [1;32m到点成功: waypoint[14]=final_descent_second_spin_extra_approach, dist=0.047, min_dist=0.036, yaw_err=8.3deg, reason=travel_distance(0.370>=0.350m)[0m
[INFO] [1783729477.876532777] [slope_manager]: [1;35m发布模式: 0 (正常行走)[0m
[INFO] [1783729477.876901286] [slope_manager]: [1;35m发布上坡步长滤波: False[0m
[INFO] [1783729477.877189598] [slope_manager]: [1;35m发布路径修正profile: 2 (0=关闭, 1=普通, 2=上坡强修正, 3=强修正符号验证)[0m
[INFO] [1783729477.877444710] [slope_manager]: [1;32m已到达 waypoint[14]=final_descent_second_spin_extra_approach，切换模式为 0 (正常行走)，上坡滤波=False，路径修正profile=2，并锁存到下一个 waypoint。[0m
[INFO] [1783729477.877701225] [slope_manager]: waypoint[14]=final_descent_second_spin_extra_approach 到点后等待 0.10s，再切换到下一个目标。
[INFO] [1783729477.979246001] [slope_manager]: [1;36m切换到下一个 waypoint: 16 / 18[0m
[INFO] [1783729477.979997210] [slope_manager]: 解析机身相对 waypoint[15]=final_descent_second_spin_extra_spin: source=(-4.824,-2.178,84.2deg), anchor=(-4.824,-2.178,current_pose), body_offset=(forward=0.000, left=0.000), yaw_mode=delta, yaw_delta=93.0deg, ref_yaw_source=current, ref_yaw=84.2deg, target=(-4.824,-2.178,177.2deg), frame=camera_init
[INFO] [1783729477.980726116] [slope_manager]: [1;36m发送直驱覆盖点[16/18](attempt=1): final_descent_second_spin_extra_spin -> x=-4.824, y=-2.178, yaw=177.2° (body_relative forward=0.000, left=0.000, yaw_mode=delta, yaw_delta=93.0°, source=(-4.824,-2.178,84.2°), anchor=(-4.824,-2.178,current_pose), ref_yaw_source=current, ref_yaw=84.2°), frame=camera_init, override=[7,-0.600,0.700], 到点后锁存模式=0, note=普通最终段第二个自旋后新增自旋点：mode=7，left=-0.25,right=0.70，相对当前姿态自旋100度。[0m
[INFO] [1783729478.712175201] [slope_manager]: [0;94mwaypoint=16/18 final_descent_second_spin_extra_spin dist=0.118m, min_dist=0.007m, yaw_err=71.4deg, pose=(-4.942,-2.187), goal=(-4.824,-2.178), pose_frame=camera_init, goal_frame=camera_init, override=[7,-0.600,0.700][0m
[INFO] [1783729479.811122213] [slope_manager]: [0;94mwaypoint=16/18 final_descent_second_spin_extra_spin dist=0.100m, min_dist=0.007m, yaw_err=30.8deg, pose=(-4.891,-2.253), goal=(-4.824,-2.178), pose_frame=camera_init, goal_frame=camera_init, override=[7,-0.600,0.700][0m
[INFO] [1783729480.609821809] [slope_manager]: [1;32m到点成功: waypoint[15]=final_descent_second_spin_extra_spin, dist=0.034, min_dist=0.007, yaw_err=3.3deg, reason=distance_tolerance[0m
[INFO] [1783729480.610148808] [slope_manager]: [1;35m发布模式: 0 (正常行走)[0m
[INFO] [1783729480.610408830] [slope_manager]: [1;35m发布上坡步长滤波: False[0m
[INFO] [1783729480.610687869] [slope_manager]: [1;35m发布路径修正profile: 0 (0=关闭, 1=普通, 2=上坡强修正, 3=强修正符号验证)[0m
[INFO] [1783729480.610955323] [slope_manager]: [1;32m已到达 waypoint[15]=final_descent_second_spin_extra_spin，切换模式为 0 (正常行走)，上坡滤波=False，路径修正profile=0，并锁存到下一个 waypoint。[0m
[INFO] [1783729480.611227699] [slope_manager]: waypoint[15]=final_descent_second_spin_extra_spin 到点后等待 0.10s，再切换到下一个目标。
[INFO] [1783729480.712118202] [slope_manager]: [1;36m切换到下一个 waypoint: 17 / 18[0m
[INFO] [1783729480.715127014] [slope_manager]: 解析机身相对 waypoint[16]=final_descent_third_approach: source=(-4.779,-2.184,178.5deg), anchor=(-4.779,-2.184,current_pose), body_offset=(forward=1.900, left=0.000), yaw_mode=delta, yaw_delta=0.0deg, ref_yaw_source=current, ref_yaw=178.5deg, target=(-4.827,-4.083,178.5deg), frame=camera_init
[INFO] [1783729480.716248802] [slope_manager]: [1;35m发布路径修正profile: 2 (0=关闭, 1=普通, 2=上坡强修正, 3=强修正符号验证)[0m
[INFO] [1783729480.716980199] [slope_manager]: [1;36m发送直驱覆盖点[17/18](attempt=1): final_descent_third_approach -> x=-4.827, y=-4.083, yaw=178.5° (body_relative forward=1.900, left=0.000, yaw_mode=delta, yaw_delta=0.0°, source=(-4.779,-2.184,178.5°), anchor=(-4.779,-2.184,current_pose), ref_yaw_source=current, ref_yaw=178.5°), frame=camera_init, path_reference=/serial_path_reference, override=[7,0.700,1.000], yaw_corr=0.000,yaw_err=0.0deg, 到点后锁存模式=0, note=普通最终位置第三段接近点：mode=7，left=0.50,right=0.70，固定直驱前进并叠加小幅姿态修正；本点只按起点到当前 pose 的净位移达到 body_forward_m 判定到点，随后进入最终朝向点。[0m
[INFO] [1783729480.911947968] [slope_manager]: [0;94mwaypoint=17/18 final_descent_third_approach dist=1.856m, min_dist=1.842m, yaw_err=8.8deg, pose=(-4.798,-2.228), goal=(-4.827,-4.083), pose_frame=camera_init, goal_frame=camera_init, line_progress=0.045/1.900m (2%), line_remaining=1.855m, line_lateral=0.018m, travel=0.048/1.900m, override=[7,0.754,0.946], yaw_corr=0.054,yaw_err=-8.8deg[0m
[INFO] [1783729482.010914152] [slope_manager]: [0;94mwaypoint=17/18 final_descent_third_approach dist=1.406m, min_dist=1.406m, yaw_err=16.2deg, pose=(-4.659,-2.687), goal=(-4.827,-4.083), pose_frame=camera_init, goal_frame=camera_init, line_progress=0.500/1.900m (26%), line_remaining=1.400m, line_lateral=-0.132m, travel=0.518/1.900m, override=[7,0.812,0.888], yaw_corr=0.112,yaw_err=-16.2deg[0m
[INFO] [1783729483.011285059] [slope_manager]: [0;94mwaypoint=17/18 final_descent_third_approach dist=0.976m, min_dist=0.976m, yaw_err=20.8deg, pose=(-4.607,-3.133), goal=(-4.827,-4.083), pose_frame=camera_init, goal_frame=camera_init, line_progress=0.944/1.900m (50%), line_remaining=0.956m, line_lateral=-0.196m, travel=0.964/1.900m, override=[7,0.848,0.852], yaw_corr=0.148,yaw_err=-20.8deg[0m
[INFO] [1783729484.110985008] [slope_manager]: [0;94mwaypoint=17/18 final_descent_third_approach dist=0.661m, min_dist=0.661m, yaw_err=20.9deg, pose=(-4.458,-3.535), goal=(-4.827,-4.083), pose_frame=camera_init, goal_frame=camera_init, line_progress=1.343/1.900m (71%), line_remaining=0.557m, line_lateral=-0.355m, travel=1.389/1.900m, override=[7,0.849,0.851], yaw_corr=0.149,yaw_err=-20.9deg[0m
[INFO] [1783729485.111179868] [slope_manager]: [0;94mwaypoint=17/18 final_descent_third_approach dist=0.471m, min_dist=0.450m, yaw_err=12.8deg, pose=(-4.372,-3.963), goal=(-4.827,-4.083), pose_frame=camera_init, goal_frame=camera_init, line_progress=1.768/1.900m (93%), line_remaining=0.132m, line_lateral=-0.453m, travel=1.825/1.900m, override=[7,0.785,0.915], yaw_corr=0.085,yaw_err=-12.8deg[0m
[INFO] [1783729485.253257640] [slope_manager]: [1;32m到点成功: waypoint[16]=final_descent_third_approach, dist=0.527, min_dist=0.450, yaw_err=15.3deg, reason=travel_distance(1.905>=1.900m)[0m
[INFO] [1783729485.253699531] [slope_manager]: [1;35m发布模式: 0 (正常行走)[0m
[INFO] [1783729485.254137876] [slope_manager]: [1;35m发布上坡步长滤波: False[0m
[INFO] [1783729485.254463065] [slope_manager]: [1;35m发布路径修正profile: 2 (0=关闭, 1=普通, 2=上坡强修正, 3=强修正符号验证)[0m
[INFO] [1783729485.254849990] [slope_manager]: [1;32m已到达 waypoint[16]=final_descent_third_approach，切换模式为 0 (正常行走)，上坡滤波=False，路径修正profile=2，并锁存到下一个 waypoint。[0m
[INFO] [1783729485.255241512] [slope_manager]: waypoint[16]=final_descent_third_approach 到点后等待 0.10s，再切换到下一个目标。
[INFO] [1783729485.356427928] [slope_manager]: [1;36m切换到下一个 waypoint: 18 / 18[0m
[INFO] [1783729485.357181953] [slope_manager]: 解析机身相对 waypoint[17]=final_heading_align: source=(-4.324,-4.048,-164.5deg), anchor=(-4.324,-4.048,current_pose), body_offset=(forward=0.000, left=0.000), yaw_mode=waypoint_arrival, yaw_delta=0.0deg, ref_yaw_source=target_yaw, ref_yaw=177.7deg, target=(-4.324,-4.048,177.7deg), frame=camera_init
[INFO] [1783729485.357839487] [slope_manager]: [1;36m发送直驱覆盖点[18/18](attempt=1): final_heading_align -> x=-4.324, y=-4.048, yaw=177.7° (body_relative forward=0.000, left=0.000, yaw_mode=waypoint_arrival, yaw_delta=0.0°, source=(-4.324,-4.048,-164.5°), anchor=(-4.324,-4.048,current_pose), ref_yaw_source=target_yaw, ref_yaw=177.7°), frame=camera_init, override=[6,0.400,-0.200], yaw_dir=cw,yaw_err=-17.8deg, 到点后锁存模式=0, note=普通最终朝向调整点：不再写死角度，引用 bridge_entry 到点时的实际 yaw；2026-07-06 日志显示 yaw_err<0 时 [-0.20,0.40] 会越修越大，改为 yaw_err<0 用 [0.40,-0.20]，yaw_err>0 用 [-0.20,0.40]。[0m
[INFO] [1783729486.111654856] [slope_manager]: [0;94mwaypoint=18/18 final_heading_align dist=0.088m, min_dist=0.012m, yaw_err=6.2deg, pose=(-4.327,-4.136), goal=(-4.324,-4.048), pose_frame=camera_init, goal_frame=camera_init, override=[6,0.400,-0.200], yaw_dir=cw,yaw_err=-6.2deg[0m
[INFO] [1783729486.212055366] [slope_manager]: [1;32m到点成功: waypoint[17]=final_heading_align, dist=0.100, min_dist=0.012, yaw_err=1.1deg, reason=distance_tolerance[0m
[INFO] [1783729486.212375519] [slope_manager]: [1;35m发布模式: 0 (正常行走)[0m
[INFO] [1783729486.212661246] [slope_manager]: [1;35m发布上坡步长滤波: False[0m
[INFO] [1783729486.212936552] [slope_manager]: [1;35m发布路径修正profile: 0 (0=关闭, 1=普通, 2=上坡强修正, 3=强修正符号验证)[0m
[INFO] [1783729486.213198081] [slope_manager]: [1;32m已到达 waypoint[17]=final_heading_align，切换模式为 0 (正常行走)，上坡滤波=False，路径修正profile=0，并锁存到下一个 waypoint。[0m
[INFO] [1783729486.214402325] [slope_manager]: [1;35m发布模式: 0 (正常行走)[0m
[INFO] [1783729486.214684319] [slope_manager]: [1;35m发布上坡步长滤波: False[0m
[INFO] [1783729486.214950516] [slope_manager]: [1;35m发布路径修正profile: 0 (0=关闭, 1=普通, 2=上坡强修正, 3=强修正符号验证)[0m
[INFO] [1783729486.215258381] [slope_manager]: [1;32m全部 waypoint 已完成，恢复为 mode=0，流程结束。[0m
[INFO] [1783729486.269294786] [slope_manager]: obstacle_manager deactivated: reason=external_topic
