[INFO] [1784153883.496401309] [stairs_manager]: obstacle_manager inactive on startup: start_waypoint_index=0, stop_after_waypoint_index=0
[INFO] [1784153885.511203271] [stairs_manager]: [1;35m发布模式: 1 (下坡)[0m
[INFO] [1784153885.511700716] [stairs_manager]: [1;35m发布上坡步长滤波: False[0m
[INFO] [1784153885.526377084] [stairs_manager]: [1;35m发布路径修正profile: 1 (0=关闭, 1=普通, 2=上坡强修正, 3=强修正符号验证)[0m
[INFO] [1784153885.526971512] [stairs_manager]: obstacle_manager activated: reason=external_topic, start_waypoint_index=0, stop_after_waypoint_index=0, inherit_previous_waypoint_segment_state=False
[INFO] [1784153885.637163094] [stairs_manager]: 解析机身相对 waypoint[0]=small_ramp_entry: source=(-0.011,-0.008,0.4deg), anchor=(-0.011,-0.008,current_pose), body_offset=(forward=1.580, left=0.000), yaw_mode=delta, yaw_delta=0.0deg, ref_yaw_source=current, ref_yaw=0.4deg, target=(-0.021,1.572,0.4deg), frame=camera_init
[INFO] [1784153885.655170867] [stairs_manager]: [1;35m发布路径修正profile: 0 (0=关闭, 1=普通, 2=上坡强修正, 3=强修正符号验证)[0m
[INFO] [1784153885.689499888] [stairs_manager]: [1;36m发送直驱覆盖点[1/19](attempt=1): small_ramp_entry -> x=-0.021, y=1.572, yaw=0.4° (body_relative forward=1.580, left=0.000, yaw_mode=delta, yaw_delta=0.0°, source=(-0.011,-0.008,0.4°), anchor=(-0.011,-0.008,current_pose), ref_yaw_source=current, ref_yaw=0.4°), frame=camera_init, path_reference=/serial_path_reference, override=[1,0.800,0.800], 到点后锁存模式=0, note=下坡结束点：这一段固定发送 mode=1,left=0.8,right=0.8 下楼梯；到点后立即切回正常行走，不再额外停顿。[0m
[INFO] [1784153885.733351098] [stairs_manager]: [0;94mwaypoint=1/19 small_ramp_entry dist=1.580m, min_dist=1.580m, yaw_err=0.0deg, pose=(-0.011,-0.008), goal=(-0.021,1.572), pose_frame=camera_init, goal_frame=camera_init, line_progress=0.000/1.580m (0%), line_remaining=1.580m, line_lateral=0.000m, override=[1,0.800,0.800][0m
[INFO] [1784153886.734970359] [stairs_manager]: [0;94mwaypoint=1/19 small_ramp_entry dist=1.572m, min_dist=0.440m, yaw_err=0.0deg, pose=(-0.007,0.000), goal=(-0.021,1.572), pose_frame=camera_init, goal_frame=camera_init, line_progress=0.008/1.580m (1%), line_remaining=1.572m, line_lateral=0.003m, override=[1,0.800,0.800][0m
[INFO] [1784153887.084613898] [stairs_manager]: obstacle_manager deactivated: reason=external_topic
[INFO] [1784153887.107100696] [stairs_manager]: [1;35m发布模式: 1 (下坡)[0m
[INFO] [1784153887.136464832] [stairs_manager]: [1;35m发布上坡步长滤波: False[0m
[INFO] [1784153887.138452707] [stairs_manager]: [1;35m发布路径修正profile: 1 (0=关闭, 1=普通, 2=上坡强修正, 3=强修正符号验证)[0m
[INFO] [1784153887.140916838] [stairs_manager]: obstacle_manager activated: reason=external_topic, start_waypoint_index=0, stop_after_waypoint_index=0, inherit_previous_waypoint_segment_state=False
[INFO] [1784153887.231825422] [stairs_manager]: 解析机身相对 waypoint[0]=small_ramp_entry: source=(-0.006,-0.001,0.4deg), anchor=(-0.006,-0.001,current_pose), body_offset=(forward=1.580, left=0.000), yaw_mode=delta, yaw_delta=0.0deg, ref_yaw_source=current, ref_yaw=0.4deg, target=(-0.017,1.579,0.4deg), frame=camera_init
[INFO] [1784153887.232822609] [stairs_manager]: [1;35m发布路径修正profile: 0 (0=关闭, 1=普通, 2=上坡强修正, 3=强修正符号验证)[0m
[INFO] [1784153887.233552480] [stairs_manager]: [1;36m发送直驱覆盖点[1/19](attempt=1): small_ramp_entry -> x=-0.017, y=1.579, yaw=0.4° (body_relative forward=1.580, left=0.000, yaw_mode=delta, yaw_delta=0.0°, source=(-0.006,-0.001,0.4°), anchor=(-0.006,-0.001,current_pose), ref_yaw_source=current, ref_yaw=0.4°), frame=camera_init, path_reference=/serial_path_reference, override=[1,0.800,0.800], 到点后锁存模式=0, note=下坡结束点：这一段固定发送 mode=1,left=0.8,right=0.8 下楼梯；到点后立即切回正常行走，不再额外停顿。[0m
[INFO] [1784153887.802905229] [stairs_manager]: [0;94mwaypoint=1/19 small_ramp_entry dist=0.518m, min_dist=0.503m, yaw_err=2.2deg, pose=(0.112,1.078), goal=(-0.017,1.579), pose_frame=camera_init, goal_frame=camera_init, line_progress=1.078/1.580m (68%), line_remaining=0.502m, line_lateral=0.126m, override=[1,0.800,0.800][0m
[INFO] [1784153888.884578820] [stairs_manager]: [0;94mwaypoint=1/19 small_ramp_entry dist=0.493m, min_dist=0.493m, yaw_err=2.5deg, pose=(0.100,1.100), goal=(-0.017,1.579), pose_frame=camera_init, goal_frame=camera_init, line_progress=1.100/1.580m (70%), line_remaining=0.480m, line_lateral=0.114m, override=[1,0.800,0.800][0m
[INFO] [1784153889.886289452] [stairs_manager]: [0;94mwaypoint=1/19 small_ramp_entry dist=1.573m, min_dist=0.493m, yaw_err=0.6deg, pose=(-0.024,0.006), goal=(-0.017,1.579), pose_frame=camera_init, goal_frame=camera_init, line_progress=0.007/1.580m (0%), line_remaining=1.573m, line_lateral=-0.017m, override=[1,0.800,0.800][0m
[INFO] [1784153890.892165103] [stairs_manager]: [0;94mwaypoint=1/19 small_ramp_entry dist=1.569m, min_dist=0.485m, yaw_err=0.6deg, pose=(-0.027,0.011), goal=(-0.017,1.579), pose_frame=camera_init, goal_frame=camera_init, line_progress=0.012/1.580m (1%), line_remaining=1.568m, line_lateral=-0.020m, override=[1,0.800,0.800][0m
[INFO] [1784153891.910211471] [stairs_manager]: [0;94mwaypoint=1/19 small_ramp_entry dist=1.575m, min_dist=0.484m, yaw_err=0.6deg, pose=(-0.013,0.005), goal=(-0.017,1.579), pose_frame=camera_init, goal_frame=camera_init, line_progress=0.005/1.580m (0%), line_remaining=1.575m, line_lateral=-0.006m, override=[1,0.800,0.800][0m
[INFO] [1784153892.903861987] [stairs_manager]: [0;94mwaypoint=1/19 small_ramp_entry dist=0.507m, min_dist=0.484m, yaw_err=2.5deg, pose=(0.110,1.089), goal=(-0.017,1.579), pose_frame=camera_init, goal_frame=camera_init, line_progress=1.089/1.580m (69%), line_remaining=0.491m, line_lateral=0.124m, override=[1,0.800,0.800][0m
[INFO] [1784153893.987509762] [stairs_manager]: [0;94mwaypoint=1/19 small_ramp_entry dist=0.499m, min_dist=0.484m, yaw_err=2.5deg, pose=(0.105,1.096), goal=(-0.017,1.579), pose_frame=camera_init, goal_frame=camera_init, line_progress=1.096/1.580m (69%), line_remaining=0.484m, line_lateral=0.119m, override=[1,0.800,0.800][0m
[INFO] [1784153895.084036120] [stairs_manager]: [0;94mwaypoint=1/19 small_ramp_entry dist=0.499m, min_dist=0.484m, yaw_err=2.5deg, pose=(0.105,1.096), goal=(-0.017,1.579), pose_frame=camera_init, goal_frame=camera_init, line_progress=1.096/1.580m (69%), line_remaining=0.484m, line_lateral=0.119m, override=[1,0.800,0.800][0m
[INFO] [1784153896.087650831] [stairs_manager]: [0;94mwaypoint=1/19 small_ramp_entry dist=0.499m, min_dist=0.484m, yaw_err=2.5deg, pose=(0.105,1.096), goal=(-0.017,1.579), pose_frame=camera_init, goal_frame=camera_init, line_progress=1.096/1.580m (69%), line_remaining=0.484m, line_lateral=0.119m, override=[1,0.800,0.800][0m
[INFO] [1784153897.185188994] [stairs_manager]: [0;94mwaypoint=1/19 small_ramp_entry dist=0.499m, min_dist=0.484m, yaw_err=2.5deg, pose=(0.105,1.096), goal=(-0.017,1.579), pose_frame=camera_init, goal_frame=camera_init, line_progress=1.096/1.580m (69%), line_remaining=0.484m, line_lateral=0.119m, override=[1,0.800,0.800][0m
[WARN] [1784153898.284022088] [stairs_manager]: [1;33m定位数据超时: pose_age=5.06s，当前暂停到点判定。[0m
[WARN] [1784153900.393016754] [stairs_manager]: [1;33m定位数据超时: pose_age=7.16s，当前暂停到点判定。[0m
[WARN] [1784153902.486529302] [stairs_manager]: [1;33m定位数据超时: pose_age=9.26s，当前暂停到点判定。[0m
[WARN] [1784153904.584388986] [stairs_manager]: [1;33m定位数据超时: pose_age=11.36s，当前暂停到点判定。[0m
[WARN] [1784153906.684265469] [stairs_manager]: [1;33m定位数据超时: pose_age=13.46s，当前暂停到点判定。[0m
[WARN] [1784153908.685617740] [stairs_manager]: [1;33m定位数据超时: pose_age=15.46s，当前暂停到点判定。[0m
[WARN] [1784153910.783653831] [stairs_manager]: [1;33m定位数据超时: pose_age=17.56s，当前暂停到点判定。[0m
[WARN] [1784153912.784482563] [stairs_manager]: [1;33m定位数据超时: pose_age=19.56s，当前暂停到点判定。[0m
[WARN] [1784153914.784698348] [stairs_manager]: [1;33m定位数据超时: pose_age=21.56s，当前暂停到点判定。[0m
[INFO] [1784153916.489191709] [stairs_manager]: [0;94mwaypoint=1/19 small_ramp_entry dist=1.239m, min_dist=0.484m, yaw_err=4.2deg, pose=(-0.444,0.417), goal=(-0.017,1.579), pose_frame=camera_init, goal_frame=camera_init, line_progress=0.420/1.580m (27%), line_remaining=1.160m, line_lateral=-0.434m, override=[1,0.800,0.800][0m
[INFO] [1784153917.584017909] [stairs_manager]: [0;94mwaypoint=1/19 small_ramp_entry dist=6.694m, min_dist=0.484m, yaw_err=31.6deg, pose=(-4.828,-3.075), goal=(-0.017,1.579), pose_frame=camera_init, goal_frame=camera_init, line_progress=-3.042/1.580m (-193%), line_remaining=4.622m, line_lateral=-4.842m, override=[1,0.800,0.800][0m
[INFO] [1784153918.584506649] [stairs_manager]: [0;94mwaypoint=1/19 small_ramp_entry dist=13.434m, min_dist=0.484m, yaw_err=41.1deg, pose=(-11.704,-5.044), goal=(-0.017,1.579), pose_frame=camera_init, goal_frame=camera_init, line_progress=-4.965/1.580m (-314%), line_remaining=6.545m, line_lateral=-11.732m, override=[1,0.800,0.800][0m
[INFO] [1784153919.683617100] [stairs_manager]: [0;94mwaypoint=1/19 small_ramp_entry dist=306.361m, min_dist=0.484m, yaw_err=160.8deg, pose=(-9.578,-304.632), goal=(-0.017,1.579), pose_frame=camera_init, goal_frame=camera_init, line_progress=-304.561/1.580m (-19276%), line_remaining=306.141m, line_lateral=-11.615m, override=[1,0.800,0.800][0m
[INFO] [1784153920.683642212] [stairs_manager]: [0;94mwaypoint=1/19 small_ramp_entry dist=405.526m, min_dist=0.484m, yaw_err=176.8deg, pose=(-18.259,-403.536), goal=(-0.017,1.579), pose_frame=camera_init, goal_frame=camera_init, line_progress=-403.404/1.580m (-25532%), line_remaining=404.984m, line_lateral=-20.959m, override=[1,0.800,0.800][0m
[INFO] [1784153921.783820867] [stairs_manager]: [0;94mwaypoint=1/19 small_ramp_entry dist=509.866m, min_dist=0.484m, yaw_err=115.4deg, pose=(-22.966,-507.770), goal=(-0.017,1.579), pose_frame=camera_init, goal_frame=camera_init, line_progress=-507.604/1.580m (-32127%), line_remaining=509.184m, line_lateral=-26.365m, override=[1,0.800,0.800][0m
[INFO] [1784153922.784178926] [stairs_manager]: [0;94mwaypoint=1/19 small_ramp_entry dist=603.830m, min_dist=0.484m, yaw_err=21.3deg, pose=(-27.711,-601.615), goal=(-0.017,1.579), pose_frame=camera_init, goal_frame=camera_init, line_progress=-601.415/1.580m (-38064%), line_remaining=602.995m, line_lateral=-31.739m, override=[1,0.800,0.800][0m
[INFO] [1784153923.883678031] [stairs_manager]: [0;94mwaypoint=1/19 small_ramp_entry dist=706.128m, min_dist=0.484m, yaw_err=12.5deg, pose=(-34.247,-703.719), goal=(-0.017,1.579), pose_frame=camera_init, goal_frame=camera_init, line_progress=-703.473/1.580m (-44524%), line_remaining=705.053m, line_lateral=-38.959m, override=[1,0.800,0.800][0m
[INFO] [1784153924.984227297] [stairs_manager]: [0;94mwaypoint=1/19 small_ramp_entry dist=795.619m, min_dist=0.484m, yaw_err=39.1deg, pose=(-39.335,-793.067), goal=(-0.017,1.579), pose_frame=camera_init, goal_frame=camera_init, line_progress=-792.785/1.580m (-50176%), line_remaining=794.365m, line_lateral=-44.647m, override=[1,0.800,0.800][0m
[INFO] [1784153925.984179273] [stairs_manager]: [0;94mwaypoint=1/19 small_ramp_entry dist=873.690m, min_dist=0.484m, yaw_err=103.5deg, pose=(-44.144,-870.995), goal=(-0.017,1.579), pose_frame=camera_init, goal_frame=camera_init, line_progress=-870.679/1.580m (-55106%), line_remaining=872.259m, line_lateral=-49.979m, override=[1,0.800,0.800][0m
[INFO] [1784153927.083538345] [stairs_manager]: [0;94mwaypoint=1/19 small_ramp_entry dist=954.378m, min_dist=0.484m, yaw_err=173.9deg, pose=(-54.231,-951.258), goal=(-0.017,1.579), pose_frame=camera_init, goal_frame=camera_init, line_progress=-950.872/1.580m (-60182%), line_remaining=952.452m, line_lateral=-60.603m, override=[1,0.800,0.800][0m
[INFO] [1784153928.083520745] [stairs_manager]: [0;94mwaypoint=1/19 small_ramp_entry dist=1028.235m, min_dist=0.484m, yaw_err=163.1deg, pose=(-63.817,-1024.675), goal=(-0.017,1.579), pose_frame=camera_init, goal_frame=camera_init, line_progress=-1024.223/1.580m (-64824%), line_remaining=1025.803m, line_lateral=-70.681m, override=[1,0.800,0.800][0m
[INFO] [1784153929.083638488] [stairs_manager]: [0;94mwaypoint=1/19 small_ramp_entry dist=1099.394m, min_dist=0.484m, yaw_err=134.3deg, pose=(-72.703,-1095.409), goal=(-0.017,1.579), pose_frame=camera_init, goal_frame=camera_init, line_progress=-1094.896/1.580m (-69297%), line_remaining=1096.476m, line_lateral=-80.042m, override=[1,0.800,0.800][0m
[INFO] [1784153930.184043561] [stairs_manager]: [0;94mwaypoint=1/19 small_ramp_entry dist=1176.486m, min_dist=0.484m, yaw_err=26.9deg, pose=(-85.303,-1171.811), goal=(-0.017,1.579), pose_frame=camera_init, goal_frame=camera_init, line_progress=-1171.212/1.580m (-74127%), line_remaining=1172.792m, line_lateral=-93.154m, override=[1,0.800,0.800][0m
[INFO] [1784153931.183849835] [stairs_manager]: [0;94mwaypoint=1/19 small_ramp_entry dist=1241.891m, min_dist=0.484m, yaw_err=10.5deg, pose=(-93.560,-1236.784), goal=(-0.017,1.579), pose_frame=camera_init, goal_frame=camera_init, line_progress=-1236.128/1.580m (-78236%), line_remaining=1237.708m, line_lateral=-101.846m, override=[1,0.800,0.800][0m
[INFO] [1784153932.283582239] [stairs_manager]: [0;94mwaypoint=1/19 small_ramp_entry dist=1310.142m, min_dist=0.484m, yaw_err=29.7deg, pose=(-103.227,-1304.491), goal=(-0.017,1.579), pose_frame=camera_init, goal_frame=camera_init, line_progress=-1303.769/1.580m (-82517%), line_remaining=1305.349m, line_lateral=-111.967m, override=[1,0.800,0.800][0m
[WARN] [1784153932.284313842] [stairs_manager]: [1;33m导航失败或超时: waypoint[0]=small_ramp_entry, reason=导航超时，1.00s 后进行第 2 次尝试。[0m
[INFO] [1784153932.327215016] [stairs_manager]: obstacle_manager deactivated: reason=external_topic
