[INFO] [1783906332.333236832] [stairs_manager]: obstacle_manager inactive on startup: start_waypoint_index=0, stop_after_waypoint_index=0
[INFO] [1783906338.632634898] [stairs_manager]: [1;35m发布模式: 1 (下坡)[0m
[INFO] [1783906338.633005144] [stairs_manager]: [1;35m发布上坡步长滤波: False[0m
[INFO] [1783906338.633342028] [stairs_manager]: [1;35m发布路径修正profile: 1 (0=关闭, 1=普通, 2=上坡强修正, 3=强修正符号验证)[0m
[INFO] [1783906338.633799632] [stairs_manager]: obstacle_manager activated: reason=external_topic, start_waypoint_index=0, stop_after_waypoint_index=0, inherit_previous_waypoint_segment_state=False
[INFO] [1783906338.645456220] [stairs_manager]: 解析机身相对 waypoint[0]=small_ramp_entry: source=(0.098,0.044,-0.4deg), anchor=(0.098,0.044,current_pose), body_offset=(forward=1.580, left=0.000), yaw_mode=delta, yaw_delta=0.0deg, ref_yaw_source=current, ref_yaw=-0.4deg, target=(0.108,1.624,-0.4deg), frame=camera_init
[INFO] [1783906338.645959184] [stairs_manager]: [1;35m发布路径修正profile: 0 (0=关闭, 1=普通, 2=上坡强修正, 3=强修正符号验证)[0m
[INFO] [1783906338.646443616] [stairs_manager]: [1;36m发送直驱覆盖点[1/18](attempt=1): small_ramp_entry -> x=0.108, y=1.624, yaw=-0.4° (body_relative forward=1.580, left=0.000, yaw_mode=delta, yaw_delta=0.0°, source=(0.098,0.044,-0.4°), anchor=(0.098,0.044,current_pose), ref_yaw_source=current, ref_yaw=-0.4°), frame=camera_init, path_reference=/serial_path_reference, override=[1,0.800,0.800], 到点后锁存模式=0, note=下坡结束点：这一段固定发送 mode=1,left=0.8,right=0.8 下楼梯；到点后立即切回正常行走，不再额外停顿。[0m
[INFO] [1783906338.745466842] [stairs_manager]: [0;94mwaypoint=1/18 small_ramp_entry dist=1.578m, min_dist=1.566m, yaw_err=0.0deg, pose=(0.102,0.045), goal=(0.108,1.624), pose_frame=camera_init, goal_frame=camera_init, line_progress=0.002/1.580m (0%), line_remaining=1.578m, line_lateral=0.005m, override=[1,0.800,0.800][0m
[INFO] [1783906339.745491067] [stairs_manager]: [0;94mwaypoint=1/18 small_ramp_entry dist=1.455m, min_dist=1.449m, yaw_err=0.1deg, pose=(0.135,0.168), goal=(0.108,1.624), pose_frame=camera_init, goal_frame=camera_init, line_progress=0.125/1.580m (8%), line_remaining=1.455m, line_lateral=0.037m, override=[1,0.800,0.800][0m
[INFO] [1783906340.845448894] [stairs_manager]: [0;94mwaypoint=1/18 small_ramp_entry dist=1.275m, min_dist=1.275m, yaw_err=1.4deg, pose=(0.115,0.349), goal=(0.108,1.624), pose_frame=camera_init, goal_frame=camera_init, line_progress=0.305/1.580m (19%), line_remaining=1.275m, line_lateral=0.015m, override=[1,0.800,0.800][0m
[INFO] [1783906341.945473331] [stairs_manager]: [0;94mwaypoint=1/18 small_ramp_entry dist=1.015m, min_dist=1.015m, yaw_err=0.1deg, pose=(0.117,0.609), goal=(0.108,1.624), pose_frame=camera_init, goal_frame=camera_init, line_progress=0.565/1.580m (36%), line_remaining=1.015m, line_lateral=0.015m, override=[1,0.800,0.800][0m
[INFO] [1783906342.945452340] [stairs_manager]: [0;94mwaypoint=1/18 small_ramp_entry dist=0.987m, min_dist=0.981m, yaw_err=1.5deg, pose=(0.105,0.636), goal=(0.108,1.624), pose_frame=camera_init, goal_frame=camera_init, line_progress=0.593/1.580m (38%), line_remaining=0.987m, line_lateral=0.004m, override=[1,0.800,0.800][0m
[INFO] [1783906343.946169938] [stairs_manager]: [0;94mwaypoint=1/18 small_ramp_entry dist=0.823m, min_dist=0.823m, yaw_err=0.4deg, pose=(0.150,0.802), goal=(0.108,1.624), pose_frame=camera_init, goal_frame=camera_init, line_progress=0.758/1.580m (48%), line_remaining=0.822m, line_lateral=0.047m, override=[1,0.800,0.800][0m
[INFO] [1783906345.045514917] [stairs_manager]: [0;94mwaypoint=1/18 small_ramp_entry dist=0.693m, min_dist=0.693m, yaw_err=0.7deg, pose=(0.125,0.931), goal=(0.108,1.624), pose_frame=camera_init, goal_frame=camera_init, line_progress=0.887/1.580m (56%), line_remaining=0.693m, line_lateral=0.022m, override=[1,0.800,0.800][0m
[INFO] [1783906346.145432986] [stairs_manager]: [0;94mwaypoint=1/18 small_ramp_entry dist=0.511m, min_dist=0.511m, yaw_err=1.1deg, pose=(0.165,1.115), goal=(0.108,1.624), pose_frame=camera_init, goal_frame=camera_init, line_progress=1.072/1.580m (68%), line_remaining=0.508m, line_lateral=0.060m, override=[1,0.800,0.800][0m
[INFO] [1783906347.245409602] [stairs_manager]: [0;94mwaypoint=1/18 small_ramp_entry dist=0.389m, min_dist=0.377m, yaw_err=3.9deg, pose=(0.125,1.235), goal=(0.108,1.624), pose_frame=camera_init, goal_frame=camera_init, line_progress=1.191/1.580m (75%), line_remaining=0.389m, line_lateral=0.020m, override=[1,0.800,0.800][0m
[INFO] [1783906348.245474445] [stairs_manager]: [0;94mwaypoint=1/18 small_ramp_entry dist=0.304m, min_dist=0.302m, yaw_err=4.4deg, pose=(0.118,1.319), goal=(0.108,1.624), pose_frame=camera_init, goal_frame=camera_init, line_progress=1.276/1.580m (81%), line_remaining=0.304m, line_lateral=0.012m, override=[1,0.800,0.800][0m
[INFO] [1783906349.188002667] [stairs_manager]: [1;32m到点成功: waypoint[0]=small_ramp_entry, dist=0.195, min_dist=0.195, yaw_err=3.8deg, reason=distance_tolerance[0m
[INFO] [1783906349.188543885] [stairs_manager]: [1;35m发布模式: 0 (正常行走)[0m
[INFO] [1783906349.188997397] [stairs_manager]: [1;35m发布上坡步长滤波: True[0m
[INFO] [1783906349.189428432] [stairs_manager]: [1;35m发布路径修正profile: 0 (0=关闭, 1=普通, 2=上坡强修正, 3=强修正符号验证)[0m
[INFO] [1783906349.189870839] [stairs_manager]: [1;32m已到达 waypoint[0]=small_ramp_entry，切换模式为 0 (正常行走)，上坡滤波=True，路径修正profile=0，并锁存到下一个 waypoint。[0m
[INFO] [1783906349.190880632] [stairs_manager]: [1;35m发布模式: 0 (正常行走)[0m
[INFO] [1783906349.191278006] [stairs_manager]: [1;35m发布上坡步长滤波: False[0m
[INFO] [1783906349.191676511] [stairs_manager]: [1;35m发布路径修正profile: 0 (0=关闭, 1=普通, 2=上坡强修正, 3=强修正符号验证)[0m
[INFO] [1783906349.192147640] [stairs_manager]: [1;32m全部 waypoint 已完成，恢复为 mode=0，流程结束。[0m
[INFO] [1783906349.230938090] [stairs_manager]: obstacle_manager deactivated: reason=external_topic
