[INFO] [1784182854.601616151] [stairs_manager]: obstacle_manager inactive on startup: start_waypoint_index=0, stop_after_waypoint_index=0
[INFO] [1784182868.716046302] [stairs_manager]: [1;35m发布模式: 1 (下坡)[0m
[INFO] [1784182868.716506416] [stairs_manager]: [1;35m发布上坡步长滤波: False[0m
[INFO] [1784182868.716912786] [stairs_manager]: [1;35m发布路径修正profile: 1 (0=关闭, 1=普通, 2=上坡强修正, 3=强修正符号验证)[0m
[INFO] [1784182868.717364385] [stairs_manager]: obstacle_manager activated: reason=external_topic, start_waypoint_index=0, stop_after_waypoint_index=0, inherit_previous_waypoint_segment_state=False
[INFO] [1784182868.778410809] [stairs_manager]: 解析机身相对 waypoint[0]=small_ramp_entry: source=(0.001,-0.009,0.0deg), anchor=(0.001,-0.009,current_pose), body_offset=(forward=1.580, left=0.000), yaw_mode=delta, yaw_delta=0.0deg, ref_yaw_source=current, ref_yaw=0.0deg, target=(0.001,1.571,0.0deg), frame=camera_init
[INFO] [1784182868.779106571] [stairs_manager]: [1;35m发布路径修正profile: 0 (0=关闭, 1=普通, 2=上坡强修正, 3=强修正符号验证)[0m
[INFO] [1784182868.779897969] [stairs_manager]: [1;36m发送直驱覆盖点[1/19](attempt=1): small_ramp_entry -> x=0.001, y=1.571, yaw=0.0° (body_relative forward=1.580, left=0.000, yaw_mode=delta, yaw_delta=0.0°, source=(0.001,-0.009,0.0°), anchor=(0.001,-0.009,current_pose), ref_yaw_source=current, ref_yaw=0.0°), frame=camera_init, path_reference=/serial_path_reference, override=[1,0.800,0.800], 到点后锁存模式=0, note=下坡结束点：这一段固定发送 mode=1,left=0.8,right=0.8 下楼梯；到点后立即切回正常行走，不再额外停顿。[0m
[INFO] [1784182868.878275576] [stairs_manager]: [0;94mwaypoint=1/19 small_ramp_entry dist=1.577m, min_dist=1.577m, yaw_err=0.2deg, pose=(0.002,-0.006), goal=(0.001,1.571), pose_frame=camera_init, goal_frame=camera_init, line_progress=0.003/1.580m (0%), line_remaining=1.577m, line_lateral=0.001m, override=[1,0.800,0.800][0m
[INFO] [1784182869.978031732] [stairs_manager]: [0;94mwaypoint=1/19 small_ramp_entry dist=1.352m, min_dist=1.352m, yaw_err=0.5deg, pose=(-0.006,0.219), goal=(0.001,1.571), pose_frame=camera_init, goal_frame=camera_init, line_progress=0.228/1.580m (14%), line_remaining=1.352m, line_lateral=-0.007m, override=[1,0.800,0.800][0m
[INFO] [1784182870.978148743] [stairs_manager]: [0;94mwaypoint=1/19 small_ramp_entry dist=1.073m, min_dist=1.073m, yaw_err=2.9deg, pose=(-0.040,0.499), goal=(0.001,1.571), pose_frame=camera_init, goal_frame=camera_init, line_progress=0.508/1.580m (32%), line_remaining=1.072m, line_lateral=-0.042m, override=[1,0.800,0.800][0m
[INFO] [1784182871.978250505] [stairs_manager]: [0;94mwaypoint=1/19 small_ramp_entry dist=0.977m, min_dist=0.973m, yaw_err=3.6deg, pose=(0.031,0.595), goal=(0.001,1.571), pose_frame=camera_init, goal_frame=camera_init, line_progress=0.604/1.580m (38%), line_remaining=0.976m, line_lateral=0.030m, override=[1,0.800,0.800][0m
[INFO] [1784182872.978348138] [stairs_manager]: [0;94mwaypoint=1/19 small_ramp_entry dist=0.726m, min_dist=0.726m, yaw_err=0.2deg, pose=(0.037,0.846), goal=(0.001,1.571), pose_frame=camera_init, goal_frame=camera_init, line_progress=0.855/1.580m (54%), line_remaining=0.725m, line_lateral=0.035m, override=[1,0.800,0.800][0m
[INFO] [1784182873.978508867] [stairs_manager]: [0;94mwaypoint=1/19 small_ramp_entry dist=0.646m, min_dist=0.645m, yaw_err=1.0deg, pose=(0.024,0.925), goal=(0.001,1.571), pose_frame=camera_init, goal_frame=camera_init, line_progress=0.934/1.580m (59%), line_remaining=0.646m, line_lateral=0.023m, override=[1,0.800,0.800][0m
[INFO] [1784182875.078084748] [stairs_manager]: [0;94mwaypoint=1/19 small_ramp_entry dist=0.398m, min_dist=0.363m, yaw_err=2.0deg, pose=(0.029,1.174), goal=(0.001,1.571), pose_frame=camera_init, goal_frame=camera_init, line_progress=1.183/1.580m (75%), line_remaining=0.397m, line_lateral=0.028m, override=[1,0.800,0.800][0m
[INFO] [1784182876.178489649] [stairs_manager]: [0;94mwaypoint=1/19 small_ramp_entry dist=0.291m, min_dist=0.291m, yaw_err=0.0deg, pose=(0.062,1.287), goal=(0.001,1.571), pose_frame=camera_init, goal_frame=camera_init, line_progress=1.296/1.580m (82%), line_remaining=0.284m, line_lateral=0.062m, override=[1,0.800,0.800][0m
[INFO] [1784182876.879221374] [stairs_manager]: [1;32m到点成功: waypoint[0]=small_ramp_entry, dist=0.191, min_dist=0.191, yaw_err=0.5deg, reason=distance_tolerance[0m
[INFO] [1784182876.879671545] [stairs_manager]: [1;35m发布模式: 0 (正常行走)[0m
[INFO] [1784182876.880123334] [stairs_manager]: [1;35m发布上坡步长滤波: True[0m
[INFO] [1784182876.880573768] [stairs_manager]: [1;35m发布路径修正profile: 0 (0=关闭, 1=普通, 2=上坡强修正, 3=强修正符号验证)[0m
[INFO] [1784182876.881041585] [stairs_manager]: [1;32m已到达 waypoint[0]=small_ramp_entry，切换模式为 0 (正常行走)，上坡滤波=True，路径修正profile=0，并锁存到下一个 waypoint。[0m
[INFO] [1784182876.882276580] [stairs_manager]: [1;35m发布模式: 0 (正常行走)[0m
[INFO] [1784182876.882706008] [stairs_manager]: [1;35m发布上坡步长滤波: False[0m
[INFO] [1784182876.883156558] [stairs_manager]: [1;35m发布路径修正profile: 0 (0=关闭, 1=普通, 2=上坡强修正, 3=强修正符号验证)[0m
[INFO] [1784182876.883571164] [stairs_manager]: [1;32m全部 waypoint 已完成，恢复为 mode=0，流程结束。[0m
[INFO] [1784182876.943285032] [stairs_manager]: obstacle_manager deactivated: reason=external_topic
