[INFO] [1784101177.741153696] [slope_manager]: obstacle_manager inactive on startup: start_waypoint_index=1, stop_after_waypoint_index=-1
[INFO] [1784101196.059344811] [slope_manager]: [1;35m发布模式: 7 (未知模式)[0m
[INFO] [1784101196.059793924] [slope_manager]: [1;35m发布上坡步长滤波: True[0m
[INFO] [1784101196.060224881] [slope_manager]: [1;35m发布路径修正profile: 0 (0=关闭, 1=普通, 2=上坡强修正, 3=强修正符号验证)[0m
[INFO] [1784101196.060644867] [slope_manager]: 启动时继承上一 waypoint 段状态: source=small_ramp_entry, mode=7, uphill_step_floor=True, path_correction_profile=0, mode_source=inherited_segment_mode_override
[INFO] [1784101196.061109843] [slope_manager]: obstacle_manager activated: reason=external_topic, start_waypoint_index=1, stop_after_waypoint_index=-1, inherit_previous_waypoint_segment_state=True
[INFO] [1784101196.119953698] [slope_manager]: 解析机身相对 waypoint[1]=platform_center: source=(-0.010,1.805,-0.1deg), anchor=(-0.010,1.805,startup_fallback_locked_yaw:small_ramp_entry, ref_frame=camera_init), body_offset=(forward=1.820, slope_align_duration_bonus=+0.040m duration=1.30s>1.00s, left=-0.030, pose_x_switch=right pose_x=-0.010 matched(x>-0.050 and x<0.000)), yaw_mode=route_absolute, yaw_delta=0.0deg, ref_yaw_source=target_yaw, ref_yaw=0.0deg, target=(0.020,3.625,0.0deg), frame=camera_init
[INFO] [1784101196.120757547] [slope_manager]: [1;36m发送目标点[2/19](attempt=1): platform_center -> x=0.020, y=3.625, yaw=0.0° (body_relative forward=1.820, left=-0.030, yaw_mode=route_absolute, yaw_delta=0.0°, source=(-0.010,1.805,-0.1°), anchor=(-0.010,1.805,startup_fallback_locked_yaw:small_ramp_entry, ref_frame=camera_init), ref_yaw_source=target_yaw, ref_yaw=0.0°), frame=camera_init, 到点后锁存模式=0, note=平台中心接近点：这一段先只管到位置，到点后额外停 0.3 秒稳住机身，再由下一个同点位转向点完成 90 度自旋。[0m
[INFO] [1784101196.218670392] [slope_manager]: [0;94mwaypoint=2/19 platform_center dist=1.822m, min_dist=1.810m, yaw_err=0.9deg, pose=(-0.009,1.804), goal=(0.020,3.625), pose_frame=camera_init, goal_frame=camera_init, line_progress=-0.001/1.820m (-0%), line_remaining=1.822m, line_lateral=0.001m[0m
[INFO] [1784101197.218703782] [slope_manager]: [0;94mwaypoint=2/19 platform_center dist=1.571m, min_dist=1.571m, yaw_err=0.2deg, pose=(-0.008,2.054), goal=(0.020,3.625), pose_frame=camera_init, goal_frame=camera_init, line_progress=0.249/1.820m (14%), line_remaining=1.571m, line_lateral=-0.003m[0m
[INFO] [1784101198.218701257] [slope_manager]: [0;94mwaypoint=2/19 platform_center dist=1.291m, min_dist=1.285m, yaw_err=0.0deg, pose=(-0.002,2.335), goal=(0.020,3.625), pose_frame=camera_init, goal_frame=camera_init, line_progress=0.529/1.820m (29%), line_remaining=1.291m, line_lateral=-0.001m[0m
[INFO] [1784101199.218748041] [slope_manager]: [0;94mwaypoint=2/19 platform_center dist=0.932m, min_dist=0.932m, yaw_err=0.2deg, pose=(-0.001,2.694), goal=(0.020,3.625), pose_frame=camera_init, goal_frame=camera_init, line_progress=0.888/1.820m (49%), line_remaining=0.932m, line_lateral=-0.006m[0m
[INFO] [1784101200.319140684] [slope_manager]: [0;94mwaypoint=2/19 platform_center dist=0.466m, min_dist=0.465m, yaw_err=2.1deg, pose=(0.007,3.159), goal=(0.020,3.625), pose_frame=camera_init, goal_frame=camera_init, line_progress=1.354/1.820m (74%), line_remaining=0.466m, line_lateral=-0.006m[0m
[INFO] [1784101200.952582107] [slope_manager]: [1;32m到点成功: waypoint[1]=platform_center, dist=0.374, min_dist=0.374, yaw_err=3.1deg, reason=distance_tolerance[0m
[INFO] [1784101200.952968481] [slope_manager]: [1;35m发布模式: 0 (正常行走)[0m
[INFO] [1784101200.953277745] [slope_manager]: [1;35m发布上坡步长滤波: False[0m
[INFO] [1784101200.953581591] [slope_manager]: [1;35m发布路径修正profile: 0 (0=关闭, 1=普通, 2=上坡强修正, 3=强修正符号验证)[0m
[INFO] [1784101200.953868298] [slope_manager]: [1;32m已到达 waypoint[1]=platform_center，切换模式为 0 (正常行走)，上坡滤波=False，路径修正profile=0，并锁存到下一个 waypoint。[0m
[INFO] [1784101200.954196879] [slope_manager]: waypoint[1]=platform_center 到点后等待 0.30s，再切换到下一个目标。
[INFO] [1784101201.254880855] [slope_manager]: [1;36m切换到下一个 waypoint: 3 / 19[0m
[INFO] [1784101201.255600856] [slope_manager]: 解析机身相对 waypoint[2]=platform_center_spin: source=(0.030,3.290,-2.6deg), anchor=(0.030,3.290,current_pose), body_offset=(forward=0.000, left=0.000), yaw_mode=previous_target_delta, yaw_delta=83.0deg, ref_yaw_source=current, ref_yaw=-2.6deg, target=(0.030,3.290,83.0deg), frame=camera_init
[INFO] [1784101201.256289232] [slope_manager]: [1;36m发送直驱覆盖点[3/19](attempt=1): platform_center_spin -> x=0.030, y=3.290, yaw=83.0° (body_relative forward=0.000, left=0.000, yaw_mode=previous_target_delta, yaw_delta=83.0°, source=(0.030,3.290,-2.6°), anchor=(0.030,3.290,current_pose), ref_yaw_source=current, ref_yaw=-2.6°), frame=camera_init, override=[6,-0.400,0.500], 到点后锁存模式=2, note=普通平台中心原地转向点：位置基本不变，转到 +83 度附近后再继续；mode=6 实机对对称反向步敏感，使用非对称模板避免反向/抽搐。[0m
[INFO] [1784101201.319258183] [slope_manager]: [0;94mwaypoint=3/19 platform_center_spin dist=0.005m, min_dist=0.001m, yaw_err=85.9deg, pose=(0.025,3.291), goal=(0.030,3.290), pose_frame=camera_init, goal_frame=camera_init, override=[6,-0.400,0.500][0m
[INFO] [1784101202.319313262] [slope_manager]: [0;94mwaypoint=3/19 platform_center_spin dist=0.110m, min_dist=0.001m, yaw_err=24.3deg, pose=(-0.068,3.242), goal=(0.030,3.290), pose_frame=camera_init, goal_frame=camera_init, override=[6,-0.400,0.500][0m
[INFO] [1784101202.637620307] [slope_manager]: [1;32m到点成功: waypoint[2]=platform_center_spin, dist=0.153, min_dist=0.001, yaw_err=1.4deg, reason=distance_tolerance[0m
[INFO] [1784101202.637999718] [slope_manager]: [1;35m发布模式: 2 (趴下)[0m
[INFO] [1784101202.638422402] [slope_manager]: [1;35m发布上坡步长滤波: False[0m
[INFO] [1784101202.638856338] [slope_manager]: [1;35m发布路径修正profile: 0 (0=关闭, 1=普通, 2=上坡强修正, 3=强修正符号验证)[0m
[INFO] [1784101202.639316982] [slope_manager]: [1;32m已到达 waypoint[2]=platform_center_spin，切换模式为 2 (趴下)，上坡滤波=False，路径修正profile=0，并锁存到下一个 waypoint。[0m
[INFO] [1784101202.639763022] [slope_manager]: waypoint[2]=platform_center_spin 到点后立即执行额外动作序列。
[INFO] [1784101202.640098632] [slope_manager]: [1;35m发布模式: 2 (趴下)[0m
[INFO] [1784101202.640549204] [slope_manager]: [0;94m执行到点后额外动作: waypoint=platform_center_spin, mode=2 (趴下), hold=1.00s, override=[2,0.000,0.000], note=平台自旋到点后先用低速 [2,0.2,0.2] 进入趴下，避免残留 /cmd_vel yaw 在切到 wall_jump_prep 前继续转动。[0m
[INFO] [1784101203.641125543] [slope_manager]: [1;36m切换到下一个 waypoint: 4 / 19[0m
[INFO] [1784101203.641716813] [slope_manager]: 解析机身相对 waypoint[3]=crouch_yaw_settle: source=(-0.126,3.190,86.7deg), anchor=(-0.126,3.190,current_pose), body_offset=(forward=0.000, left=0.000), yaw_mode=route_absolute, yaw_delta=0.0deg, ref_yaw_source=target_yaw, ref_yaw=91.0deg, target=(-0.126,3.190,91.0deg), frame=camera_init
[INFO] [1784101203.642204269] [slope_manager]: [1;36m发送直驱覆盖点[4/19](attempt=1): crouch_yaw_settle -> x=-0.126, y=3.190, yaw=91.0° (body_relative forward=0.000, left=0.000, yaw_mode=route_absolute, yaw_delta=0.0°, source=(-0.126,3.190,86.7°), anchor=(-0.126,3.190,current_pose), ref_yaw_source=target_yaw, ref_yaw=91.0°), frame=camera_init, override=[2,-0.119,0.519], yaw_corr=0.319,yaw_err=4.3deg, 到点后锁存模式=2, note=趴下前先低速强回正；10deg 左右 yaw_err 会把 [2,0.20,0.20] 修成约 [2,-0.25,0.65] 或反向，收准后再进入 wall_jump_prep。[0m
[INFO] [1784101203.719251883] [slope_manager]: [0;94mwaypoint=4/19 crouch_yaw_settle dist=0.008m, min_dist=0.003m, yaw_err=4.2deg, pose=(-0.127,3.182), goal=(-0.126,3.190), pose_frame=camera_init, goal_frame=camera_init, override=[2,-0.106,0.506], yaw_corr=0.306,yaw_err=4.2deg[0m
[INFO] [1784101204.818883134] [slope_manager]: [0;94mwaypoint=4/19 crouch_yaw_settle dist=0.227m, min_dist=0.003m, yaw_err=3.8deg, pose=(-0.352,3.201), goal=(-0.126,3.190), pose_frame=camera_init, goal_frame=camera_init, override=[2,-0.055,0.455], yaw_corr=0.255,yaw_err=3.8deg[0m
[INFO] [1784101205.818971826] [slope_manager]: [0;94mwaypoint=4/19 crouch_yaw_settle dist=0.182m, min_dist=0.003m, yaw_err=3.3deg, pose=(-0.307,3.200), goal=(-0.126,3.190), pose_frame=camera_init, goal_frame=camera_init, override=[2,0.014,0.386], yaw_corr=0.186,yaw_err=3.3deg[0m
[INFO] [1784101206.493836121] [slope_manager]: [1;32m到点成功: waypoint[3]=crouch_yaw_settle, dist=0.192, min_dist=0.003, yaw_err=3.0deg, reason=distance_tolerance[0m
[INFO] [1784101206.494322420] [slope_manager]: [1;35m发布模式: 2 (趴下)[0m
[INFO] [1784101206.494781081] [slope_manager]: [1;35m发布上坡步长滤波: False[0m
[INFO] [1784101206.495240948] [slope_manager]: [1;35m发布路径修正profile: 0 (0=关闭, 1=普通, 2=上坡强修正, 3=强修正符号验证)[0m
[INFO] [1784101206.495694509] [slope_manager]: [1;32m已到达 waypoint[3]=crouch_yaw_settle，切换模式为 2 (趴下)，上坡滤波=False，路径修正profile=0，并锁存到下一个 waypoint。[0m
[INFO] [1784101206.496166504] [slope_manager]: waypoint[3]=crouch_yaw_settle 到点后等待 0.30s，再切换到下一个目标。
[INFO] [1784101206.796811709] [slope_manager]: [1;35m发布模式: 2 (趴下)[0m
[INFO] [1784101206.797438609] [slope_manager]: waypoint[3]=crouch_yaw_settle 启用局部定位稳定门控：expected=(-0.126,3.190), 需要连续稳定 0.25s 后再切换到下一个目标。
[INFO] [1784101206.848824931] [slope_manager]: 等待局部定位稳定: waypoint[3]=crouch_yaw_settle, pose=(-0.300,3.212), expected=(-0.126,3.190), err=0.176/0.300m, bounds_ok=True, yaw_ok=True, stable=0.05/0.25s
[INFO] [1784101207.049822979] [slope_manager]: 局部定位稳定门控通过: waypoint[3]=crouch_yaw_settle, pose=(-0.307,3.207), expected=(-0.126,3.190), err=0.182m, stable=0.25s。
[INFO] [1784101207.051496154] [slope_manager]: [1;36m切换到下一个 waypoint: 5 / 19[0m
[INFO] [1784101207.052325197] [slope_manager]: 解析机身相对 waypoint[4]=wall_jump_prep: source=(-0.307,3.207,88.5deg), anchor=(-0.317,3.209,previous_arrival:crouch_yaw_settle), body_offset=(forward=4.130, previous_pose_x_switch=right source=platform_center[1], left=-0.050, left_previous_pose_x_switch=right source=platform_center[1]), yaw_mode=route_absolute, yaw_delta=0.0deg, ref_yaw_source=target_yaw, ref_yaw=91.0deg, target=(-4.447,3.187,91.0deg), frame=camera_init
[INFO] [1784101207.053114537] [slope_manager]: [1;35m发布路径修正profile: 0 (0=关闭, 1=普通, 2=上坡强修正, 3=强修正符号验证)[0m
[INFO] [1784101207.053887168] [slope_manager]: [1;36m发送直驱覆盖点[5/19](attempt=1): wall_jump_prep -> x=-4.447, y=3.187, yaw=91.0° (body_relative forward=4.130, left=-0.050, yaw_mode=route_absolute, yaw_delta=0.0°, source=(-0.307,3.207,88.5°), anchor=(-0.317,3.209,previous_arrival:crouch_yaw_settle), ref_yaw_source=target_yaw, ref_yaw=91.0°), frame=camera_init, path_reference=/serial_path_reference, override=[2,1.000,1.000], 到点后锁存模式=2, note=第4点：这一段不走 Nav2，直接固定发送 mode=2,left=1,right=1 趴下前进，并给串口桥参考线做横向/yaw 修正。到点后先趴下停止，再站立停止；本版本不执行 mode=3 小跳，站稳后先进入 wall_post_stand_yaw_align，再推进到后续自旋点。rollback: 恢复 post_arrival_mode_sequence 中注释的小跳两段。[0m
[INFO] [1784101207.063740420] [slope_manager]: AprilTag TF update: waypoint[4]=wall_jump_prep, tf=camera_color_optical_frame->base, xyz=(-0.148,0.060,4.612), rpy=(-179.0,-16.8,-2.9)deg, stamp_lag_at_rx=0.08s, stale_limit=0.80s
[INFO] [1784101207.119681307] [slope_manager]: [0;94mwaypoint=5/19 wall_jump_prep dist=4.164m, min_dist=4.147m, yaw_err=2.6deg, pose=(-0.283,3.210), goal=(-4.447,3.187), pose_frame=camera_init, goal_frame=camera_init, line_progress=-0.024/4.140m (-1%), line_remaining=4.164m, line_lateral=0.003m, apriltag_gate=blocked:z_gate(filtered_z=4.612m>0.700m, below=0/1<1, raw_z=4.612m, filtered_z=4.612m, threshold=0.700m, below=0/1, required=1/3, tf=camera_color_optical_frame->base, stamp_age=0.13s, stamp_lag_at_rx=0.08s), override=[2,1.000,1.000][0m
[INFO] [1784101208.127019939] [slope_manager]: AprilTag TF update: waypoint[4]=wall_jump_prep, tf=camera_color_optical_frame->base, xyz=(-0.183,0.054,4.469), rpy=(-178.4,-21.9,-1.5)deg, stamp_lag_at_rx=0.07s, stale_limit=0.80s
[INFO] [1784101208.218869144] [slope_manager]: [0;94mwaypoint=5/19 wall_jump_prep dist=4.070m, min_dist=4.059m, yaw_err=3.9deg, pose=(-0.377,3.207), goal=(-4.447,3.187), pose_frame=camera_init, goal_frame=camera_init, line_progress=0.070/4.140m (2%), line_remaining=4.070m, line_lateral=0.000m, apriltag_gate=blocked:z_gate(filtered_z=4.569m>0.700m, below=0/3<1, raw_z=4.469m, filtered_z=4.569m, threshold=0.700m, below=0/3, required=1/3, tf=camera_color_optical_frame->base, stamp_age=0.17s, stamp_lag_at_rx=0.07s), override=[2,1.000,1.000][0m
[INFO] [1784101208.719168310] [slope_manager]: direct_step yaw recovery 触发: waypoint[4]=wall_jump_prep, yaw_err=3.5deg >= 3.0deg, lat=-0.000m, progress=0.03。暂停基准线修正，只做趴下姿态回正。
[INFO] [1784101209.218862175] [slope_manager]: [0;94mwaypoint=5/19 wall_jump_prep dist=3.982m, min_dist=3.947m, yaw_err=3.5deg, pose=(-0.465,3.203), goal=(-4.447,3.187), pose_frame=camera_init, goal_frame=camera_init, line_progress=0.157/4.140m (4%), line_remaining=3.982m, line_lateral=-0.003m, apriltag_gate=blocked:z_gate(filtered_z=4.417m>0.700m, below=0/3<1, raw_z=4.399m, filtered_z=4.417m, threshold=0.700m, below=0/3, required=1/3, tf=camera_color_optical_frame->base, stamp_age=0.23s, stamp_lag_at_rx=0.08s), override=[2,-0.080,0.080], yaw_recovery=active,yaw_err=3.5deg,turn=0.080,lat=-0.003,progress=0.04[0m
[INFO] [1784101209.263153469] [slope_manager]: AprilTag TF update: waypoint[4]=wall_jump_prep, tf=camera_color_optical_frame->base, xyz=(-0.222,0.079,4.383), rpy=(-176.8,-19.8,-3.0)deg, stamp_lag_at_rx=0.08s, stale_limit=0.80s
[INFO] [1784101209.818799244] [slope_manager]: direct_step yaw recovery 完成: waypoint[4]=wall_jump_prep, yaw_err=1.8deg <= 2.0deg，恢复基准线修正。
[INFO] [1784101210.218985445] [slope_manager]: [0;94mwaypoint=5/19 wall_jump_prep dist=3.886m, min_dist=3.886m, yaw_err=3.3deg, pose=(-0.561,3.217), goal=(-4.447,3.187), pose_frame=camera_init, goal_frame=camera_init, line_progress=0.253/4.140m (6%), line_remaining=3.886m, line_lateral=0.011m, apriltag_gate=blocked:z_gate(filtered_z=4.398m>0.700m, below=0/3<1, raw_z=4.371m, filtered_z=4.398m, threshold=0.700m, below=0/3, required=1/3, tf=camera_color_optical_frame->base, stamp_age=0.10s, stamp_lag_at_rx=0.08s), override=[2,1.000,1.000][0m
[INFO] [1784101210.266759219] [slope_manager]: AprilTag TF update: waypoint[4]=wall_jump_prep, tf=camera_color_optical_frame->base, xyz=(-0.200,0.096,4.349), rpy=(177.8,-14.6,-2.3)deg, stamp_lag_at_rx=0.08s, stale_limit=0.80s
[INFO] [1784101211.219090534] [slope_manager]: [0;94mwaypoint=5/19 wall_jump_prep dist=3.762m, min_dist=3.748m, yaw_err=2.4deg, pose=(-0.685,3.204), goal=(-4.447,3.187), pose_frame=camera_init, goal_frame=camera_init, line_progress=0.377/4.140m (9%), line_remaining=3.762m, line_lateral=-0.001m, apriltag_gate=blocked:z_gate(filtered_z=4.218m>0.700m, below=0/3<1, raw_z=4.176m, filtered_z=4.218m, threshold=0.700m, below=0/3, required=1/3, tf=camera_color_optical_frame->base, stamp_age=0.10s, stamp_lag_at_rx=0.08s), override=[2,1.000,1.000][0m
[INFO] [1784101211.331827583] [slope_manager]: AprilTag TF update: waypoint[4]=wall_jump_prep, tf=camera_color_optical_frame->base, xyz=(-0.150,0.164,4.171), rpy=(-174.1,-16.3,-3.1)deg, stamp_lag_at_rx=0.08s, stale_limit=0.80s
[INFO] [1784101212.319329087] [slope_manager]: [0;94mwaypoint=5/19 wall_jump_prep dist=3.603m, min_dist=3.587m, yaw_err=2.4deg, pose=(-0.844,3.225), goal=(-4.447,3.187), pose_frame=camera_init, goal_frame=camera_init, line_progress=0.537/4.140m (13%), line_remaining=3.603m, line_lateral=0.020m, apriltag_gate=blocked:z_gate(filtered_z=4.057m>0.700m, below=0/3<1, raw_z=4.057m, filtered_z=4.057m, threshold=0.700m, below=0/3, required=1/3, tf=camera_color_optical_frame->base, stamp_age=0.13s, stamp_lag_at_rx=0.08s), override=[2,1.000,1.000][0m
[INFO] [1784101212.400010261] [slope_manager]: AprilTag TF update: waypoint[4]=wall_jump_prep, tf=camera_color_optical_frame->base, xyz=(-0.179,0.094,4.049), rpy=(-177.4,-11.3,-1.4)deg, stamp_lag_at_rx=0.08s, stale_limit=0.80s
[INFO] [1784101213.401364930] [slope_manager]: AprilTag TF update: waypoint[4]=wall_jump_prep, tf=camera_color_optical_frame->base, xyz=(-0.158,0.112,3.830), rpy=(-170.0,-22.3,-2.9)deg, stamp_lag_at_rx=0.08s, stale_limit=0.80s
[INFO] [1784101213.418944213] [slope_manager]: [0;94mwaypoint=5/19 wall_jump_prep dist=3.411m, min_dist=3.403m, yaw_err=3.0deg, pose=(-1.036,3.219), goal=(-4.447,3.187), pose_frame=camera_init, goal_frame=camera_init, line_progress=0.728/4.140m (18%), line_remaining=3.411m, line_lateral=0.016m, apriltag_gate=blocked:z_gate(filtered_z=3.880m>0.700m, below=0/3<1, raw_z=3.830m, filtered_z=3.880m, threshold=0.700m, below=0/3, required=1/3, tf=camera_color_optical_frame->base, stamp_age=0.10s, stamp_lag_at_rx=0.08s), override=[2,1.000,1.000][0m
[INFO] [1784101214.519085931] [slope_manager]: [0;94mwaypoint=5/19 wall_jump_prep dist=3.262m, min_dist=3.262m, yaw_err=4.4deg, pose=(-1.185,3.226), goal=(-4.447,3.187), pose_frame=camera_init, goal_frame=camera_init, line_progress=0.877/4.140m (21%), line_remaining=3.262m, line_lateral=0.023m, apriltag_gate=blocked:z_gate(filtered_z=3.737m>0.700m, below=0/3<1, raw_z=3.737m, filtered_z=3.737m, threshold=0.700m, below=0/3, required=1/3, tf=camera_color_optical_frame->base, stamp_age=0.26s, stamp_lag_at_rx=0.08s), override=[2,1.000,1.000][0m
[INFO] [1784101214.601744265] [slope_manager]: AprilTag TF update: waypoint[4]=wall_jump_prep, tf=camera_color_optical_frame->base, xyz=(-0.261,0.152,3.694), rpy=(178.3,-17.7,-3.1)deg, stamp_lag_at_rx=0.08s, stale_limit=0.80s
[INFO] [1784101215.601024209] [slope_manager]: AprilTag TF update: waypoint[4]=wall_jump_prep, tf=camera_color_optical_frame->base, xyz=(-0.263,0.182,3.550), rpy=(-177.2,-16.3,-4.9)deg, stamp_lag_at_rx=0.08s, stale_limit=0.80s
[INFO] [1784101215.618872663] [slope_manager]: [0;94mwaypoint=5/19 wall_jump_prep dist=3.132m, min_dist=3.126m, yaw_err=4.4deg, pose=(-1.315,3.232), goal=(-4.447,3.187), pose_frame=camera_init, goal_frame=camera_init, line_progress=1.008/4.140m (24%), line_remaining=3.132m, line_lateral=0.029m, apriltag_gate=blocked:z_gate(filtered_z=3.592m>0.700m, below=0/3<1, raw_z=3.550m, filtered_z=3.592m, threshold=0.700m, below=0/3, required=1/3, tf=camera_color_optical_frame->base, stamp_age=0.09s, stamp_lag_at_rx=0.08s), override=[2,1.000,1.000][0m
[INFO] [1784101215.718757763] [slope_manager]: direct_step yaw recovery 触发: waypoint[4]=wall_jump_prep, yaw_err=5.5deg >= 3.0deg, lat=0.016m, progress=0.25。暂停基准线修正，只做趴下姿态回正。
[INFO] [1784101216.601843598] [slope_manager]: AprilTag TF update: waypoint[4]=wall_jump_prep, tf=camera_color_optical_frame->base, xyz=(-0.156,0.090,3.495), rpy=(-179.6,-12.5,-3.0)deg, stamp_lag_at_rx=0.08s, stale_limit=0.80s
[INFO] [1784101216.718868633] [slope_manager]: [0;94mwaypoint=5/19 wall_jump_prep dist=3.044m, min_dist=3.032m, yaw_err=2.4deg, pose=(-1.403,3.223), goal=(-4.447,3.187), pose_frame=camera_init, goal_frame=camera_init, line_progress=1.095/4.140m (26%), line_remaining=3.044m, line_lateral=0.021m, apriltag_gate=blocked:z_gate(filtered_z=3.505m>0.700m, below=0/3<1, raw_z=3.505m, filtered_z=3.505m, threshold=0.700m, below=0/3, required=1/3, tf=camera_color_optical_frame->base, stamp_age=0.13s, stamp_lag_at_rx=0.08s), override=[2,-0.019,0.019], yaw_recovery=active,yaw_err=2.4deg,turn=0.019,lat=0.021,progress=0.26[0m
[INFO] [1784101217.018741698] [slope_manager]: direct_step yaw recovery 完成: waypoint[4]=wall_jump_prep, yaw_err=1.8deg <= 2.0deg，恢复基准线修正。
[INFO] [1784101217.667441688] [slope_manager]: AprilTag TF update: waypoint[4]=wall_jump_prep, tf=camera_color_optical_frame->base, xyz=(0.009,0.091,3.456), rpy=(-177.9,-8.1,-3.2)deg, stamp_lag_at_rx=0.07s, stale_limit=0.80s
[INFO] [1784101217.718886375] [slope_manager]: [0;94mwaypoint=5/19 wall_jump_prep dist=2.953m, min_dist=2.953m, yaw_err=0.2deg, pose=(-1.494,3.199), goal=(-4.447,3.187), pose_frame=camera_init, goal_frame=camera_init, line_progress=1.187/4.140m (29%), line_remaining=2.953m, line_lateral=-0.002m, apriltag_gate=blocked:z_gate(filtered_z=3.456m>0.700m, below=0/3<1, raw_z=3.456m, filtered_z=3.456m, threshold=0.700m, below=0/3, required=1/3, tf=camera_color_optical_frame->base, stamp_age=0.13s, stamp_lag_at_rx=0.07s), override=[2,1.000,1.000][0m
[INFO] [1784101218.671873366] [slope_manager]: AprilTag TF update: waypoint[4]=wall_jump_prep, tf=camera_color_optical_frame->base, xyz=(-0.031,0.160,3.317), rpy=(-173.9,-10.3,-6.0)deg, stamp_lag_at_rx=0.08s, stale_limit=0.80s
[INFO] [1784101218.719010228] [slope_manager]: [0;94mwaypoint=5/19 wall_jump_prep dist=2.866m, min_dist=2.827m, yaw_err=0.3deg, pose=(-1.581,3.215), goal=(-4.447,3.187), pose_frame=camera_init, goal_frame=camera_init, line_progress=1.273/4.140m (31%), line_remaining=2.866m, line_lateral=0.014m, apriltag_gate=blocked:z_gate(filtered_z=3.323m>0.700m, below=0/3<1, raw_z=3.317m, filtered_z=3.323m, threshold=0.700m, below=0/3, required=1/3, tf=camera_color_optical_frame->base, stamp_age=0.13s, stamp_lag_at_rx=0.08s), override=[2,1.000,1.000][0m
[INFO] [1784101219.674408876] [slope_manager]: AprilTag TF update: waypoint[4]=wall_jump_prep, tf=camera_color_optical_frame->base, xyz=(-0.387,0.153,3.091), rpy=(174.3,-14.8,-2.3)deg, stamp_lag_at_rx=0.08s, stale_limit=0.80s
[INFO] [1784101219.719538961] [slope_manager]: [0;94mwaypoint=5/19 wall_jump_prep dist=2.650m, min_dist=2.650m, yaw_err=7.0deg, pose=(-1.797,3.224), goal=(-4.447,3.187), pose_frame=camera_init, goal_frame=camera_init, line_progress=1.490/4.140m (36%), line_remaining=2.650m, line_lateral=0.025m, apriltag_gate=blocked:z_gate(filtered_z=3.091m>0.700m, below=0/3<1, raw_z=3.091m, filtered_z=3.091m, threshold=0.700m, below=0/3, required=1/3, tf=camera_color_optical_frame->base, stamp_age=0.13s, stamp_lag_at_rx=0.08s), override=[2,1.000,1.000][0m
[INFO] [1784101220.018825072] [slope_manager]: direct_step yaw recovery 触发: waypoint[4]=wall_jump_prep, yaw_err=6.6deg >= 3.0deg, lat=0.031m, progress=0.37。暂停基准线修正，只做趴下姿态回正。
[INFO] [1784101220.738992188] [slope_manager]: AprilTag TF update: waypoint[4]=wall_jump_prep, tf=camera_color_optical_frame->base, xyz=(-0.238,0.120,2.985), rpy=(164.8,-5.1,-3.4)deg, stamp_lag_at_rx=0.08s, stale_limit=0.80s
[INFO] [1784101220.818965737] [slope_manager]: [0;94mwaypoint=5/19 wall_jump_prep dist=2.507m, min_dist=2.507m, yaw_err=3.9deg, pose=(-1.940,3.236), goal=(-4.447,3.187), pose_frame=camera_init, goal_frame=camera_init, line_progress=1.633/4.140m (39%), line_remaining=2.507m, line_lateral=0.037m, apriltag_gate=blocked:z_gate(filtered_z=2.985m>0.700m, below=0/3<1, raw_z=2.987m, filtered_z=2.985m, threshold=0.700m, below=0/3, required=1/3, tf=camera_color_optical_frame->base, stamp_age=0.09s, stamp_lag_at_rx=0.08s), override=[2,-0.097,0.097], yaw_recovery=active,yaw_err=3.9deg,turn=0.097,lat=0.037,progress=0.39[0m
[INFO] [1784101221.418840488] [slope_manager]: direct_step yaw recovery 完成: waypoint[4]=wall_jump_prep, yaw_err=1.7deg <= 2.0deg，恢复基准线修正。
[INFO] [1784101221.818988888] [slope_manager]: [0;94mwaypoint=5/19 wall_jump_prep dist=2.471m, min_dist=2.461m, yaw_err=0.8deg, pose=(-1.977,3.231), goal=(-4.447,3.187), pose_frame=camera_init, goal_frame=camera_init, line_progress=1.669/4.140m (40%), line_remaining=2.470m, line_lateral=0.032m, apriltag_gate=blocked:z_gate(filtered_z=2.968m>0.700m, below=0/3<1, raw_z=2.968m, filtered_z=2.968m, threshold=0.700m, below=0/3, required=1/3, tf=camera_color_optical_frame->base, stamp_age=0.16s, stamp_lag_at_rx=0.07s), override=[2,1.000,1.000][0m
[INFO] [1784101221.871895369] [slope_manager]: AprilTag TF update: waypoint[4]=wall_jump_prep, tf=camera_color_optical_frame->base, xyz=(-0.069,0.088,2.924), rpy=(-173.8,-13.3,-2.4)deg, stamp_lag_at_rx=0.08s, stale_limit=0.80s
[INFO] [1784101222.819009730] [slope_manager]: [0;94mwaypoint=5/19 wall_jump_prep dist=2.340m, min_dist=2.334m, yaw_err=1.9deg, pose=(-2.107,3.217), goal=(-4.447,3.187), pose_frame=camera_init, goal_frame=camera_init, line_progress=1.800/4.140m (43%), line_remaining=2.340m, line_lateral=0.019m, apriltag_gate=blocked:z_gate(filtered_z=2.812m>0.700m, below=0/3<1, raw_z=2.812m, filtered_z=2.812m, threshold=0.700m, below=0/3, required=1/3, tf=camera_color_optical_frame->base, stamp_age=0.09s, stamp_lag_at_rx=0.08s), override=[2,1.000,1.000][0m
[INFO] [1784101223.005494767] [slope_manager]: AprilTag TF update: waypoint[4]=wall_jump_prep, tf=camera_color_optical_frame->base, xyz=(-0.033,0.125,2.753), rpy=(-172.9,-10.2,-5.3)deg, stamp_lag_at_rx=0.08s, stale_limit=0.80s
[INFO] [1784101223.918969110] [slope_manager]: [0;94mwaypoint=5/19 wall_jump_prep dist=2.143m, min_dist=2.143m, yaw_err=4.7deg, pose=(-2.304,3.242), goal=(-4.447,3.187), pose_frame=camera_init, goal_frame=camera_init, line_progress=1.997/4.140m (48%), line_remaining=2.143m, line_lateral=0.045m, apriltag_gate=blocked:z_gate(filtered_z=2.664m>0.700m, below=0/3<1, raw_z=2.670m, filtered_z=2.664m, threshold=0.700m, below=0/3, required=1/3, tf=camera_color_optical_frame->base, stamp_age=0.19s, stamp_lag_at_rx=0.08s), override=[2,1.000,1.000][0m
[INFO] [1784101224.008299712] [slope_manager]: AprilTag TF update: waypoint[4]=wall_jump_prep, tf=camera_color_optical_frame->base, xyz=(-0.219,0.151,2.609), rpy=(167.7,-6.3,-3.9)deg, stamp_lag_at_rx=0.08s, stale_limit=0.80s
[INFO] [1784101224.918950671] [slope_manager]: [0;94mwaypoint=5/19 wall_jump_prep dist=1.968m, min_dist=1.963m, yaw_err=2.3deg, pose=(-2.480,3.238), goal=(-4.447,3.187), pose_frame=camera_init, goal_frame=camera_init, line_progress=2.172/4.140m (52%), line_remaining=1.968m, line_lateral=0.041m, apriltag_gate=blocked:z_gate(filtered_z=2.453m>0.700m, below=0/3<1, raw_z=2.441m, filtered_z=2.453m, threshold=0.700m, below=0/3, required=1/3, tf=camera_color_optical_frame->base, stamp_age=0.12s, stamp_lag_at_rx=0.08s), override=[2,1.000,1.000][0m
[INFO] [1784101225.008632583] [slope_manager]: AprilTag TF update: waypoint[4]=wall_jump_prep, tf=camera_color_optical_frame->base, xyz=(-0.130,0.095,2.431), rpy=(178.9,-9.4,-1.4)deg, stamp_lag_at_rx=0.08s, stale_limit=0.80s
[INFO] [1784101225.918988397] [slope_manager]: [0;94mwaypoint=5/19 wall_jump_prep dist=1.827m, min_dist=1.826m, yaw_err=1.7deg, pose=(-2.620,3.223), goal=(-4.447,3.187), pose_frame=camera_init, goal_frame=camera_init, line_progress=2.313/4.140m (56%), line_remaining=1.827m, line_lateral=0.028m, apriltag_gate=blocked:z_gate(filtered_z=2.340m>0.700m, below=0/3<1, raw_z=2.306m, filtered_z=2.340m, threshold=0.700m, below=0/3, required=1/3, tf=camera_color_optical_frame->base, stamp_age=0.19s, stamp_lag_at_rx=0.08s), override=[2,1.000,1.000][0m
[INFO] [1784101226.009241238] [slope_manager]: AprilTag TF update: waypoint[4]=wall_jump_prep, tf=camera_color_optical_frame->base, xyz=(-0.072,0.189,2.295), rpy=(-178.4,-8.9,-2.0)deg, stamp_lag_at_rx=0.08s, stale_limit=0.80s
[INFO] [1784101226.918974908] [slope_manager]: [0;94mwaypoint=5/19 wall_jump_prep dist=1.681m, min_dist=1.669m, yaw_err=1.4deg, pose=(-2.767,3.252), goal=(-4.447,3.187), pose_frame=camera_init, goal_frame=camera_init, line_progress=2.460/4.140m (59%), line_remaining=1.680m, line_lateral=0.057m, apriltag_gate=blocked:z_gate(filtered_z=2.168m>0.700m, below=0/3<1, raw_z=2.158m, filtered_z=2.168m, threshold=0.700m, below=0/3, required=1/3, tf=camera_color_optical_frame->base, stamp_age=0.12s, stamp_lag_at_rx=0.08s), override=[2,1.000,1.000][0m
[INFO] [1784101227.010977379] [slope_manager]: AprilTag TF update: waypoint[4]=wall_jump_prep, tf=camera_color_optical_frame->base, xyz=(-0.022,0.119,2.138), rpy=(-177.3,-8.2,-2.7)deg, stamp_lag_at_rx=0.08s, stale_limit=0.80s
[INFO] [1784101228.011243862] [slope_manager]: AprilTag TF update: waypoint[4]=wall_jump_prep, tf=camera_color_optical_frame->base, xyz=(0.021,0.101,2.013), rpy=(-172.9,-7.2,-4.4)deg, stamp_lag_at_rx=0.08s, stale_limit=0.80s
[INFO] [1784101228.018992077] [slope_manager]: [0;94mwaypoint=5/19 wall_jump_prep dist=1.547m, min_dist=1.526m, yaw_err=1.5deg, pose=(-2.901,3.242), goal=(-4.447,3.187), pose_frame=camera_init, goal_frame=camera_init, line_progress=2.593/4.140m (63%), line_remaining=1.546m, line_lateral=0.048m, apriltag_gate=blocked:z_gate(filtered_z=2.036m>0.700m, below=0/3<1, raw_z=2.013m, filtered_z=2.036m, threshold=0.700m, below=0/3, required=1/3, tf=camera_color_optical_frame->base, stamp_age=0.08s, stamp_lag_at_rx=0.08s), override=[2,1.000,1.000][0m
[INFO] [1784101229.018966851] [slope_manager]: [0;94mwaypoint=5/19 wall_jump_prep dist=1.366m, min_dist=1.359m, yaw_err=1.6deg, pose=(-3.083,3.255), goal=(-4.447,3.187), pose_frame=camera_init, goal_frame=camera_init, line_progress=2.775/4.140m (67%), line_remaining=1.364m, line_lateral=0.061m, apriltag_gate=blocked:z_gate(filtered_z=1.828m>0.700m, below=0/3<1, raw_z=1.820m, filtered_z=1.828m, threshold=0.700m, below=0/3, required=1/3, tf=camera_color_optical_frame->base, stamp_age=0.08s, stamp_lag_at_rx=0.07s), override=[2,1.000,1.000][0m
[INFO] [1784101229.074474283] [slope_manager]: AprilTag TF update: waypoint[4]=wall_jump_prep, tf=camera_color_optical_frame->base, xyz=(0.035,0.093,1.808), rpy=(-176.5,-8.6,-4.8)deg, stamp_lag_at_rx=0.07s, stale_limit=0.80s
[INFO] [1784101230.018782272] [slope_manager]: direct_step yaw recovery 触发: waypoint[4]=wall_jump_prep, yaw_err=8.8deg >= 3.0deg, lat=0.051m, progress=0.68。暂停基准线修正，只做趴下姿态回正。
[INFO] [1784101230.019292380] [slope_manager]: [0;94mwaypoint=5/19 wall_jump_prep dist=1.342m, min_dist=1.297m, yaw_err=8.8deg, pose=(-3.106,3.244), goal=(-4.447,3.187), pose_frame=camera_init, goal_frame=camera_init, line_progress=2.799/4.140m (68%), line_remaining=1.341m, line_lateral=0.051m, apriltag_gate=blocked:z_gate(filtered_z=1.841m>0.700m, below=0/3<1, raw_z=1.827m, filtered_z=1.841m, threshold=0.700m, below=0/3, required=1/3, tf=camera_color_optical_frame->base, stamp_age=0.08s, stamp_lag_at_rx=0.08s), override=[2,0.240,-0.240], yaw_recovery=active,yaw_err=-8.8deg,turn=0.240,lat=0.051,progress=0.68[0m
[INFO] [1784101230.078468839] [slope_manager]: AprilTag TF update: waypoint[4]=wall_jump_prep, tf=camera_color_optical_frame->base, xyz=(0.225,0.135,1.815), rpy=(173.8,9.1,-3.8)deg, stamp_lag_at_rx=0.08s, stale_limit=0.80s
[INFO] [1784101231.118977405] [slope_manager]: [0;94mwaypoint=5/19 wall_jump_prep dist=1.288m, min_dist=1.264m, yaw_err=5.0deg, pose=(-3.161,3.256), goal=(-4.447,3.187), pose_frame=camera_init, goal_frame=camera_init, line_progress=2.853/4.140m (69%), line_remaining=1.286m, line_lateral=0.063m, apriltag_gate=blocked:z_gate(filtered_z=1.752m>0.700m, below=0/3<1, raw_z=1.752m, filtered_z=1.752m, threshold=0.700m, below=0/3, required=1/3, tf=camera_color_optical_frame->base, stamp_age=0.18s, stamp_lag_at_rx=0.07s), override=[2,0.158,-0.158], yaw_recovery=active,yaw_err=-5.0deg,turn=0.158,lat=0.063,progress=0.69[0m
[INFO] [1784101231.211629586] [slope_manager]: AprilTag TF update: waypoint[4]=wall_jump_prep, tf=camera_color_optical_frame->base, xyz=(0.093,0.113,1.754), rpy=(158.6,1.7,-1.8)deg, stamp_lag_at_rx=0.07s, stale_limit=0.80s
[INFO] [1784101232.018849439] [slope_manager]: direct_step yaw recovery 完成: waypoint[4]=wall_jump_prep, yaw_err=1.6deg <= 2.0deg，恢复基准线修正。
[INFO] [1784101232.119325523] [slope_manager]: [0;94mwaypoint=5/19 wall_jump_prep dist=1.238m, min_dist=1.238m, yaw_err=1.6deg, pose=(-3.211,3.260), goal=(-4.447,3.187), pose_frame=camera_init, goal_frame=camera_init, line_progress=2.904/4.140m (70%), line_remaining=1.236m, line_lateral=0.067m, apriltag_gate=blocked:z_gate(filtered_z=1.720m>0.700m, below=0/3<1, raw_z=1.720m, filtered_z=1.720m, threshold=0.700m, below=0/3, required=1/3, tf=camera_color_optical_frame->base, stamp_age=0.11s, stamp_lag_at_rx=0.07s), override=[2,1.000,1.000][0m
[INFO] [1784101232.278787521] [slope_manager]: AprilTag TF update: waypoint[4]=wall_jump_prep, tf=camera_color_optical_frame->base, xyz=(-0.009,0.145,1.709), rpy=(169.2,-13.1,1.7)deg, stamp_lag_at_rx=0.07s, stale_limit=0.80s
[INFO] [1784101233.218908843] [slope_manager]: [0;94mwaypoint=5/19 wall_jump_prep dist=1.130m, min_dist=1.130m, yaw_err=1.7deg, pose=(-3.323,3.300), goal=(-4.447,3.187), pose_frame=camera_init, goal_frame=camera_init, line_progress=3.015/4.140m (73%), line_remaining=1.125m, line_lateral=0.108m, apriltag_gate=blocked:z_gate(filtered_z=1.619m>0.700m, below=0/3<1, raw_z=1.600m, filtered_z=1.619m, threshold=0.700m, below=0/3, required=1/3, tf=camera_color_optical_frame->base, stamp_age=0.08s, stamp_lag_at_rx=0.07s), override=[2,1.000,1.000][0m
[INFO] [1784101233.281597831] [slope_manager]: AprilTag TF update: waypoint[4]=wall_jump_prep, tf=camera_color_optical_frame->base, xyz=(-0.044,0.111,1.596), rpy=(-168.2,-4.5,-4.0)deg, stamp_lag_at_rx=0.08s, stale_limit=0.80s
[INFO] [1784101234.218918147] [slope_manager]: [0;94mwaypoint=5/19 wall_jump_prep dist=0.986m, min_dist=0.986m, yaw_err=2.5deg, pose=(-3.466,3.278), goal=(-4.447,3.187), pose_frame=camera_init, goal_frame=camera_init, line_progress=3.158/4.140m (76%), line_remaining=0.982m, line_lateral=0.087m, apriltag_gate=blocked:z_gate(filtered_z=1.476m>0.700m, below=0/3<1, raw_z=1.486m, filtered_z=1.476m, threshold=0.700m, below=0/3, required=1/3, tf=camera_color_optical_frame->base, stamp_age=0.08s, stamp_lag_at_rx=0.08s), override=[2,1.000,1.000][0m
[INFO] [1784101234.348197642] [slope_manager]: AprilTag TF update: waypoint[4]=wall_jump_prep, tf=camera_color_optical_frame->base, xyz=(-0.017,0.119,1.452), rpy=(178.2,1.8,-4.4)deg, stamp_lag_at_rx=0.08s, stale_limit=0.80s
[INFO] [1784101235.319017506] [slope_manager]: [0;94mwaypoint=5/19 wall_jump_prep dist=0.847m, min_dist=0.820m, yaw_err=0.9deg, pose=(-3.604,3.267), goal=(-4.447,3.187), pose_frame=camera_init, goal_frame=camera_init, line_progress=3.297/4.140m (80%), line_remaining=0.843m, line_lateral=0.077m, apriltag_gate=blocked:z_gate(filtered_z=1.334m>0.700m, below=0/3<1, raw_z=1.300m, filtered_z=1.334m, threshold=0.700m, below=0/3, required=1/3, tf=camera_color_optical_frame->base, stamp_age=0.11s, stamp_lag_at_rx=0.08s), override=[2,1.000,1.000][0m
[INFO] [1784101235.415490100] [slope_manager]: AprilTag TF update: waypoint[4]=wall_jump_prep, tf=camera_color_optical_frame->base, xyz=(-0.040,0.117,1.309), rpy=(-179.7,10.5,-4.2)deg, stamp_lag_at_rx=0.08s, stale_limit=0.80s
[INFO] [1784101236.319366752] [slope_manager]: [0;94mwaypoint=5/19 wall_jump_prep dist=0.711m, min_dist=0.711m, yaw_err=1.2deg, pose=(-3.740,3.265), goal=(-4.447,3.187), pose_frame=camera_init, goal_frame=camera_init, line_progress=3.433/4.140m (83%), line_remaining=0.707m, line_lateral=0.075m, apriltag_gate=blocked:z_gate(filtered_z=1.203m>0.700m, below=0/3<1, raw_z=1.194m, filtered_z=1.203m, threshold=0.700m, below=0/3, required=1/3, tf=camera_color_optical_frame->base, stamp_age=0.18s, stamp_lag_at_rx=0.08s), override=[2,1.000,1.000][0m
[INFO] [1784101236.551402397] [slope_manager]: AprilTag TF update: waypoint[4]=wall_jump_prep, tf=camera_color_optical_frame->base, xyz=(-0.066,0.098,1.141), rpy=(175.8,4.5,-3.8)deg, stamp_lag_at_rx=0.08s, stale_limit=0.80s
[INFO] [1784101237.418980156] [slope_manager]: [0;94mwaypoint=5/19 wall_jump_prep dist=0.550m, min_dist=0.546m, yaw_err=2.5deg, pose=(-3.901,3.252), goal=(-4.447,3.187), pose_frame=camera_init, goal_frame=camera_init, line_progress=3.593/4.140m (87%), line_remaining=0.546m, line_lateral=0.062m, apriltag_gate=blocked:z_gate(filtered_z=1.050m>0.700m, below=0/3<1, raw_z=1.027m, filtered_z=1.050m, threshold=0.700m, below=0/3, required=1/3, tf=camera_color_optical_frame->base, stamp_age=0.08s, stamp_lag_at_rx=0.07s), override=[2,1.000,1.000][0m
[INFO] [1784101237.748338505] [slope_manager]: AprilTag TF update: waypoint[4]=wall_jump_prep, tf=camera_color_optical_frame->base, xyz=(-0.123,0.121,0.941), rpy=(-178.3,-11.9,-2.1)deg, stamp_lag_at_rx=0.07s, stale_limit=0.80s
[INFO] [1784101238.518924639] [slope_manager]: [0;94mwaypoint=5/19 wall_jump_prep dist=0.304m, min_dist=0.298m, yaw_err=1.9deg, pose=(-4.151,3.255), goal=(-4.447,3.187), pose_frame=camera_init, goal_frame=camera_init, line_progress=3.843/4.140m (93%), line_remaining=0.296m, line_lateral=0.067m, apriltag_gate=blocked:z_gate(filtered_z=0.773m>0.700m, below=0/3<1, raw_z=0.756m, filtered_z=0.773m, threshold=0.700m, below=0/3, required=1/3, tf=camera_color_optical_frame->base, stamp_age=0.18s, stamp_lag_at_rx=0.07s), override=[2,1.000,1.000][0m
[INFO] [1784101238.751614492] [slope_manager]: AprilTag TF update: waypoint[4]=wall_jump_prep, tf=camera_color_optical_frame->base, xyz=(-0.047,0.093,0.736), rpy=(175.5,1.4,-2.5)deg, stamp_lag_at_rx=0.08s, stale_limit=0.80s
[INFO] [1784101239.019241619] [slope_manager]: [1;32m到点成功: waypoint[4]=wall_jump_prep, dist=0.225, min_dist=0.225, yaw_err=1.2deg, reason=apriltag_z_threshold(raw_z=0.670m, filtered_z=0.690m<=0.700m, below=2/3 required=1, hold=0.00s, stamp_age=0.08s, rx_age=0.00s, stamp_lag_at_rx=0.07s, tf=camera_color_optical_frame->base)[0m
[INFO] [1784101239.019594014] [slope_manager]: [1;35m发布模式: 2 (趴下)[0m
[INFO] [1784101239.019927534] [slope_manager]: [1;35m发布上坡步长滤波: False[0m
[INFO] [1784101239.020304062] [slope_manager]: [1;35m发布路径修正profile: 0 (0=关闭, 1=普通, 2=上坡强修正, 3=强修正符号验证)[0m
[INFO] [1784101239.020615649] [slope_manager]: [1;32m已到达 waypoint[4]=wall_jump_prep，切换模式为 2 (趴下)，上坡滤波=False，路径修正profile=0，并锁存到下一个 waypoint。[0m
[INFO] [1784101239.021026016] [slope_manager]: waypoint[4]=wall_jump_prep 到点后立即执行额外动作序列。
[INFO] [1784101239.022037896] [slope_manager]: [1;35m发布模式: 2 (趴下)[0m
[INFO] [1784101239.022632418] [slope_manager]: AprilTag 站立前距离过近，先后退保护: waypoint[4]=wall_jump_prep, z=0.670m < trigger=0.700m, target=0.700m, override=[2,-0.200,-0.200]。
[INFO] [1784101239.103647293] [slope_manager]: AprilTag 站立前后退中: z=0.667m, target=0.700m, elapsed=0.08/4.00s, override=[2,-0.200,-0.200]。
[INFO] [1784101239.426381428] [slope_manager]: AprilTag 站立前后退中: z=0.647m, target=0.700m, elapsed=0.40/4.00s, override=[2,-0.200,-0.200]。
[INFO] [1784101239.749697314] [slope_manager]: AprilTag 站立前后退中: z=0.667m, target=0.700m, elapsed=0.73/4.00s, override=[2,-0.200,-0.200]。
[INFO] [1784101239.751782784] [slope_manager]: AprilTag TF update: waypoint[4]=wall_jump_prep, tf=camera_color_optical_frame->base, xyz=(-0.045,0.111,0.672), rpy=(173.3,1.0,-2.9)deg, stamp_lag_at_rx=0.08s, stale_limit=0.80s
[INFO] [1784101240.071770220] [slope_manager]: AprilTag 站立前后退中: z=0.676m, target=0.700m, elapsed=1.05/4.00s, override=[2,-0.200,-0.200]。
[INFO] [1784101240.393567474] [slope_manager]: AprilTag 站立前后退中: z=0.697m, target=0.700m, elapsed=1.37/4.00s, override=[2,-0.200,-0.200]。
[INFO] [1784101240.634935994] [slope_manager]: AprilTag 站立前后退保护完成: z=0.700m >= target=0.700m, 继续执行站立序列。
[INFO] [1784101240.635292339] [slope_manager]: [1;35m发布模式: 2 (趴下)[0m
[INFO] [1784101240.635659396] [slope_manager]: [0;94m执行到点后额外动作: waypoint=wall_jump_prep, mode=2 (趴下), hold=1.00s, override=[2,0.000,0.000], note=趴下通过到点后先保持趴下停止 1.0 秒，固定发送 mode=2,left=0,right=0，避免直接站立导致机身晃动。[0m
[INFO] [1784101240.752128662] [slope_manager]: AprilTag TF update: waypoint[4]=wall_jump_prep, tf=camera_color_optical_frame->base, xyz=(-0.041,0.111,0.713), rpy=(174.3,0.7,-2.8)deg, stamp_lag_at_rx=0.08s, stale_limit=0.80s
[INFO] [1784101241.636269600] [slope_manager]: [1;35m发布模式: 0 (正常行走)[0m
[INFO] [1784101241.636711111] [slope_manager]: [0;94m执行到点后额外动作: waypoint=wall_jump_prep, mode=0 (正常行走), hold=1.50s, override=[0,0.000,0.000], note=趴下停稳后原地站立 1.5 秒，固定发送 mode=0,left=0,right=0；本版本不跳，随后先对齐全局绝对 91deg，再进入后续自旋。[0m
[INFO] [1784101241.815558080] [slope_manager]: AprilTag TF update: waypoint[4]=wall_jump_prep, tf=camera_color_optical_frame->base, xyz=(-0.043,0.110,0.705), rpy=(179.8,-1.0,-2.8)deg, stamp_lag_at_rx=0.07s, stale_limit=0.80s
[INFO] [1784101243.137412980] [slope_manager]: [1;35m发布模式: 0 (正常行走)[0m
[INFO] [1784101243.137986637] [slope_manager]: waypoint[4]=wall_jump_prep 启用局部定位稳定门控：expected=(-4.223,3.235), 需要连续稳定 0.30s 后再切换到下一个目标。
[INFO] [1784101243.188762451] [slope_manager]: 等待局部定位稳定: waypoint[4]=wall_jump_prep, pose=(-4.221,3.219), expected=(-4.221,3.219), err=0.000/0.400m, bounds_ok=True, yaw_ok=True, stable=0.05/0.30s
[INFO] [1784101243.490707406] [slope_manager]: 局部定位稳定门控通过: waypoint[4]=wall_jump_prep, pose=(-4.221,3.230), expected=(-4.221,3.230), err=0.000m, stable=0.35s。
[INFO] [1784101243.491186757] [slope_manager]: [1;36m切换到下一个 waypoint: 6 / 19[0m
[INFO] [1784101243.491873727] [slope_manager]: 解析机身相对 waypoint[5]=wall_post_stand_yaw_align: source=(-4.221,3.230,94.2deg), anchor=(-4.221,3.230,current_pose), body_offset=(forward=0.000, left=0.000), yaw_mode=absolute, yaw_delta=0.0deg, ref_yaw_source=target_yaw, ref_yaw=91.0deg, target=(-4.221,3.230,91.0deg), frame=camera_init
[INFO] [1784101243.492728736] [slope_manager]: [1;36m发送直驱覆盖点[6/19](attempt=1): wall_post_stand_yaw_align -> x=-4.221, y=3.230, yaw=91.0° (body_relative forward=0.000, left=0.000, yaw_mode=absolute, yaw_delta=0.0°, source=(-4.221,3.230,94.2°), anchor=(-4.221,3.230,current_pose), ref_yaw_source=target_yaw, ref_yaw=91.0°), frame=camera_init, override=[6,0.200,-0.150], yaw_dir=cw,yaw_err=-3.2deg, 到点后锁存模式=0, note=高墙前趴走结束并站稳后，在原地对齐 camera_init 全局绝对 yaw=91deg；enabled=false 可跳过并恢复旧流程。[0m
[INFO] [1784101243.518863942] [slope_manager]: [0;94mwaypoint=6/19 wall_post_stand_yaw_align dist=0.016m, min_dist=0.001m, yaw_err=2.4deg, pose=(-4.210,3.241), goal=(-4.221,3.230), pose_frame=camera_init, goal_frame=camera_init, override=[6,0.200,-0.150], yaw_dir=cw,yaw_err=-2.4deg[0m
[INFO] [1784101243.739080661] [slope_manager]: [1;32m到点成功: waypoint[5]=wall_post_stand_yaw_align, dist=0.028, min_dist=0.001, yaw_err=1.0deg, reason=distance_tolerance[0m
[INFO] [1784101243.739594719] [slope_manager]: [1;35m发布模式: 0 (正常行走)[0m
[INFO] [1784101243.740146628] [slope_manager]: [1;35m发布上坡步长滤波: False[0m
[INFO] [1784101243.740627404] [slope_manager]: [1;35m发布路径修正profile: 0 (0=关闭, 1=普通, 2=上坡强修正, 3=强修正符号验证)[0m
[INFO] [1784101243.741088999] [slope_manager]: [1;32m已到达 waypoint[5]=wall_post_stand_yaw_align，切换模式为 0 (正常行走)，上坡滤波=False，路径修正profile=0，并锁存到下一个 waypoint。[0m
[INFO] [1784101243.741542816] [slope_manager]: waypoint[5]=wall_post_stand_yaw_align 到点后零步长保持: override=[0,0.000,0.000]，持续 0.20s。
[INFO] [1784101243.741796185] [slope_manager]: waypoint[5]=wall_post_stand_yaw_align 到点后等待 0.20s，再切换到下一个目标。
[INFO] [1784101243.942573673] [slope_manager]: [1;36m切换到下一个 waypoint: 7 / 19[0m
[INFO] [1784101243.943325483] [slope_manager]: 解析机身相对 waypoint[6]=turn_180_spin: source=(-4.201,3.248,88.6deg), anchor=(-4.201,3.248,current_pose), body_offset=(forward=0.000, left=0.000), yaw_mode=previous_target_delta, yaw_delta=76.0deg, ref_yaw_source=current, ref_yaw=88.6deg, target=(-4.201,3.248,167.0deg), frame=camera_init
[INFO] [1784101243.943965903] [slope_manager]: [1;36m发送直驱覆盖点[7/19](attempt=1): turn_180_spin -> x=-4.201, y=3.248, yaw=167.0° (body_relative forward=0.000, left=0.000, yaw_mode=previous_target_delta, yaw_delta=76.0°, source=(-4.201,3.248,88.6°), anchor=(-4.201,3.248,current_pose), ref_yaw_source=current, ref_yaw=88.6°), frame=camera_init, override=[6,-0.350,0.600], 到点后锁存模式=0, note=普通自旋点：91deg 对齐完成后不再走 Nav2 接近，直接在当前点执行固定自旋覆盖（mode=6,left=-0.35,right=0.60）完成 +76deg 转向。转完后进入 turn_180_yaw_settle，若姿态未收准则原地补正。[0m
[INFO] [1784101244.518874766] [slope_manager]: [0;94mwaypoint=7/19 turn_180_spin dist=0.038m, min_dist=0.003m, yaw_err=51.2deg, pose=(-4.198,3.210), goal=(-4.201,3.248), pose_frame=camera_init, goal_frame=camera_init, override=[6,-0.350,0.600][0m
[INFO] [1784101245.296978837] [slope_manager]: [1;32m到点成功: waypoint[6]=turn_180_spin, dist=0.173, min_dist=0.003, yaw_err=2.9deg, reason=distance_tolerance[0m
[INFO] [1784101245.297440068] [slope_manager]: [1;35m发布模式: 0 (正常行走)[0m
[INFO] [1784101245.297791651] [slope_manager]: [1;35m发布上坡步长滤波: False[0m
[INFO] [1784101245.298122240] [slope_manager]: [1;35m发布路径修正profile: 2 (0=关闭, 1=普通, 2=上坡强修正, 3=强修正符号验证)[0m
[INFO] [1784101245.298412786] [slope_manager]: [1;32m已到达 waypoint[6]=turn_180_spin，切换模式为 0 (正常行走)，上坡滤波=False，路径修正profile=2，并锁存到下一个 waypoint。[0m
[INFO] [1784101245.298699754] [slope_manager]: waypoint[6]=turn_180_spin 到点后零步长保持: override=[0,0.000,0.000]，持续 0.45s。
[INFO] [1784101245.298967161] [slope_manager]: waypoint[6]=turn_180_spin 到点后等待 0.45s，再切换到下一个目标。
[INFO] [1784101245.750020391] [slope_manager]: [1;35m发布模式: 0 (正常行走)[0m
[INFO] [1784101245.751315541] [slope_manager]: waypoint[6]=turn_180_spin 启用局部定位稳定门控：expected=(-4.201,3.248), 需要连续稳定 0.80s 后再切换到下一个目标。
[INFO] [1784101245.803687645] [slope_manager]: 等待局部定位稳定: waypoint[6]=turn_180_spin, pose=(-4.167,3.053), expected=(-4.201,3.248), err=0.198/0.350m, bounds_ok=True, yaw_ok=True, stable=0.05/0.80s
[INFO] [1784101246.606508821] [slope_manager]: 局部定位稳定门控通过: waypoint[6]=turn_180_spin, pose=(-4.170,3.050), expected=(-4.201,3.248), err=0.200m, stable=0.86s。
[INFO] [1784101246.606981796] [slope_manager]: [1;36m切换到下一个 waypoint: 8 / 19[0m
[INFO] [1784101246.607478281] [slope_manager]: 解析机身相对 waypoint[7]=turn_180_yaw_settle: source=(-4.170,3.050,173.6deg), anchor=(-4.170,3.050,current_pose), body_offset=(forward=0.000, left=0.000), yaw_mode=bridge_reference_delta, yaw_delta=0.0deg, ref_yaw_source=target_yaw, ref_yaw=180.0deg, target=(-4.170,3.050,180.0deg), frame=camera_init
[INFO] [1784101246.607969998] [slope_manager]: [1;36m发送直驱覆盖点[8/19](attempt=1): turn_180_yaw_settle -> x=-4.170, y=3.050, yaw=180.0° (body_relative forward=0.000, left=0.000, yaw_mode=bridge_reference_delta, yaw_delta=0.0°, source=(-4.170,3.050,173.6°), anchor=(-4.170,3.050,current_pose), ref_yaw_source=target_yaw, ref_yaw=180.0°), frame=camera_init, override=[6,-0.150,0.200], yaw_dir=ccw,yaw_err=6.4deg, 到点后锁存模式=0, note=转身后姿态粗补正点：同点位 mode=6 零基础步长，按 yaw_err 方向使用非对称固定差速先补到 -180deg 附近；随后进入 bridge_tag_yaw_lock，用 bridge tag pose_pitch 精锁过桥角。[0m
[INFO] [1784101246.619292500] [slope_manager]: [0;94mwaypoint=8/19 turn_180_yaw_settle dist=0.000m, min_dist=0.000m, yaw_err=6.4deg, pose=(-4.170,3.050), goal=(-4.170,3.050), pose_frame=camera_init, goal_frame=camera_init, override=[6,-0.150,0.200], yaw_dir=ccw,yaw_err=6.4deg[0m
[INFO] [1784101246.943332676] [slope_manager]: [1;32m到点成功: waypoint[7]=turn_180_yaw_settle, dist=0.023, min_dist=0.000, yaw_err=1.5deg, reason=distance_tolerance[0m
[INFO] [1784101246.943652572] [slope_manager]: [1;35m发布模式: 0 (正常行走)[0m
[INFO] [1784101246.943956937] [slope_manager]: [1;35m发布上坡步长滤波: False[0m
[INFO] [1784101246.944244982] [slope_manager]: [1;35m发布路径修正profile: 2 (0=关闭, 1=普通, 2=上坡强修正, 3=强修正符号验证)[0m
[INFO] [1784101246.944496663] [slope_manager]: [1;32m已到达 waypoint[7]=turn_180_yaw_settle，切换模式为 0 (正常行走)，上坡滤波=False，路径修正profile=2，并锁存到下一个 waypoint。[0m
[INFO] [1784101246.944770262] [slope_manager]: waypoint[7]=turn_180_yaw_settle 到点后零步长保持: override=[0,0.000,0.000]，持续 0.10s。
[INFO] [1784101246.945040576] [slope_manager]: waypoint[7]=turn_180_yaw_settle 到点后等待 0.10s，再切换到下一个目标。
[INFO] [1784101247.045700326] [slope_manager]: [1;36m切换到下一个 waypoint: 9 / 19[0m
[INFO] [1784101247.046466346] [slope_manager]: 解析机身相对 waypoint[8]=bridge_entry: source=(-4.145,3.057,-179.2deg), anchor=(-4.170,3.050,waypoint_target:turn_180_yaw_settle), body_offset=(forward=1.150, left=0.000), yaw_mode=previous_target, yaw_delta=0.0deg, ref_yaw_source=target_yaw, ref_yaw=180.0deg, target=(-4.170,1.900,180.0deg), frame=camera_init
[INFO] [1784101247.047106873] [slope_manager]: [1;35m发布路径修正profile: 2 (0=关闭, 1=普通, 2=上坡强修正, 3=强修正符号验证)[0m
[INFO] [1784101247.047692461] [slope_manager]: [1;36m发送直驱覆盖点[9/19](attempt=1): bridge_entry -> x=-4.170, y=1.900, yaw=180.0° (body_relative forward=1.150, left=0.000, yaw_mode=previous_target, yaw_delta=0.0°, source=(-4.145,3.057,-179.2°), anchor=(-4.170,3.050,waypoint_target:turn_180_yaw_settle), ref_yaw_source=target_yaw, ref_yaw=180.0°), frame=camera_init, path_reference=/serial_path_reference, override=[0,0.250,0.250], ramp=0.00,elapsed=0.00/0.90s, 到点后锁存模式=0, note=过桥前点：当前 bridge_tag_yaw_lock 关闭，沿 turn_180_yaw_settle 的目标点和目标 yaw 固定直驱到桥入口；本点不再同点位自旋修姿态，到点后直接进入 bridge_exit。[0m
[INFO] [1784101247.719003343] [slope_manager]: [0;94mwaypoint=9/19 bridge_entry dist=1.020m, min_dist=1.020m, yaw_err=0.4deg, pose=(-4.151,2.920), goal=(-4.170,1.900), pose_frame=camera_init, goal_frame=camera_init, line_progress=0.138/1.158m (12%), line_remaining=1.020m, line_lateral=0.003m, override=[0,0.712,0.712], ramp=0.84,elapsed=0.67/0.90s[0m
[INFO] [1784101248.819454099] [slope_manager]: [0;94mwaypoint=9/19 bridge_entry dist=0.272m, min_dist=0.272m, yaw_err=0.4deg, pose=(-4.160,2.171), goal=(-4.170,1.900), pose_frame=camera_init, goal_frame=camera_init, line_progress=0.886/1.158m (77%), line_remaining=0.272m, line_lateral=-0.004m, override=[0,0.800,0.800], ramp=1.00,elapsed=1.77/0.90s[0m
[INFO] [1784101248.850877166] [slope_manager]: [1;32m到点成功: waypoint[8]=bridge_entry, dist=0.234, min_dist=0.234, yaw_err=0.6deg, reason=distance_tolerance[0m
[INFO] [1784101248.851283162] [slope_manager]: [1;35m发布模式: 0 (正常行走)[0m
[INFO] [1784101248.851597285] [slope_manager]: [1;35m发布上坡步长滤波: False[0m
[INFO] [1784101248.851886768] [slope_manager]: [1;35m发布路径修正profile: 2 (0=关闭, 1=普通, 2=上坡强修正, 3=强修正符号验证)[0m
[INFO] [1784101248.852160803] [slope_manager]: [1;32m已到达 waypoint[8]=bridge_entry，切换模式为 0 (正常行走)，上坡滤波=False，路径修正profile=2，并锁存到下一个 waypoint。[0m
[INFO] [1784101248.853328367] [slope_manager]: [1;36m切换到下一个 waypoint: 10 / 19[0m
[INFO] [1784101248.854098026] [slope_manager]: 解析机身相对 waypoint[9]=bridge_exit: source=(-4.149,2.133,179.4deg), anchor=(-4.149,2.133,current_pose), body_offset=(forward=2.250, apriltag_z_comp=-0.050m tag_z=0.949m neutral=1.240m near=(1.100m,-0.050m) far=(1.500m,+0.030m) tf_age=0.84s source=compensation_cache, left=0.000), yaw_mode=previous_target, yaw_delta=0.0deg, ref_yaw_source=target_yaw, ref_yaw=180.0deg, target=(-4.149,-0.117,180.0deg), frame=camera_init
[INFO] [1784101248.854568991] [slope_manager]: [1;35m发布路径修正profile: 2 (0=关闭, 1=普通, 2=上坡强修正, 3=强修正符号验证)[0m
[INFO] [1784101248.855162652] [slope_manager]: [1;36m发送直驱覆盖点[10/19](attempt=1): bridge_exit -> x=-4.149, y=-0.117, yaw=180.0° (body_relative forward=2.250, left=0.000, yaw_mode=previous_target, yaw_delta=0.0°, source=(-4.149,2.133,179.4°), anchor=(-4.149,2.133,current_pose), ref_yaw_source=target_yaw, ref_yaw=180.0°), frame=camera_init, path_reference=/serial_path_reference, override=[0,0.800,0.800], 到点后锁存模式=0, note=过桥后点：固定直驱前进过完桥后先停稳 0.1 秒，再进入同点位 45 度原地转向，避免直接边走边大角度调头导致下斜坡卡位。[0m
[INFO] [1784101249.819377736] [slope_manager]: [0;94mwaypoint=10/19 bridge_exit dist=1.539m, min_dist=1.539m, yaw_err=0.7deg, pose=(-4.172,1.422), goal=(-4.149,-0.117), pose_frame=camera_init, goal_frame=camera_init, line_progress=0.711/2.250m (32%), line_remaining=1.539m, line_lateral=0.022m, override=[0,0.800,0.800][0m
[INFO] [1784101250.918856863] [slope_manager]: [0;94mwaypoint=10/19 bridge_exit dist=1.220m, min_dist=1.132m, yaw_err=2.0deg, pose=(-4.184,1.103), goal=(-4.149,-0.117), pose_frame=camera_init, goal_frame=camera_init, line_progress=1.030/2.250m (46%), line_remaining=1.220m, line_lateral=0.034m, override=[0,0.800,0.800][0m
[INFO] [1784101251.918910107] [slope_manager]: [0;94mwaypoint=10/19 bridge_exit dist=1.324m, min_dist=1.132m, yaw_err=0.2deg, pose=(-4.165,1.206), goal=(-4.149,-0.117), pose_frame=camera_init, goal_frame=camera_init, line_progress=0.926/2.250m (41%), line_remaining=1.324m, line_lateral=0.016m, override=[0,0.800,0.800][0m
[INFO] [1784101252.619283333] [slope_manager]: direct_step yaw recovery 触发: waypoint[9]=bridge_exit, yaw_err=7.8deg >= 3.0deg, lat=-0.027m, progress=0.12。暂停基准线修正，只做趴下姿态回正。
[INFO] [1784101252.918960705] [slope_manager]: [0;94mwaypoint=10/19 bridge_exit dist=2.010m, min_dist=1.132m, yaw_err=1.1deg, pose=(-4.149,1.893), goal=(-4.149,-0.117), pose_frame=camera_init, goal_frame=camera_init, line_progress=0.240/2.250m (11%), line_remaining=2.010m, line_lateral=-0.000m, override=[0,0.033,0.017], yaw_recovery=active,yaw_err=-1.1deg,turn=0.008,lat=-0.000,progress=0.11[0m
[INFO] [1784101253.219344531] [slope_manager]: direct_step yaw recovery 完成: waypoint[9]=bridge_exit, yaw_err=0.2deg <= 1.0deg，恢复基准线修正。
[INFO] [1784101253.918949210] [slope_manager]: [0;94mwaypoint=10/19 bridge_exit dist=2.027m, min_dist=1.132m, yaw_err=0.6deg, pose=(-4.127,1.909), goal=(-4.149,-0.117), pose_frame=camera_init, goal_frame=camera_init, line_progress=0.223/2.250m (10%), line_remaining=2.027m, line_lateral=-0.022m, override=[0,0.800,0.800][0m
[INFO] [1784101255.019421018] [slope_manager]: [0;94mwaypoint=10/19 bridge_exit dist=2.040m, min_dist=1.132m, yaw_err=1.1deg, pose=(-4.122,1.922), goal=(-4.149,-0.117), pose_frame=camera_init, goal_frame=camera_init, line_progress=0.211/2.250m (9%), line_remaining=2.039m, line_lateral=-0.028m, override=[0,0.800,0.800][0m
[INFO] [1784101256.061591946] [slope_manager]: [1;35m发布模式: 7 (未知模式)[0m
[INFO] [1784101256.061927951] [slope_manager]: [1;35m发布上坡步长滤波: False[0m
[INFO] [1784101256.062263087] [slope_manager]: [1;35m发布路径修正profile: 2 (0=关闭, 1=普通, 2=上坡强修正, 3=强修正符号验证)[0m
[INFO] [1784101256.063080005] [slope_manager]: 启动时继承上一 waypoint 段状态: source=turn_180_spin, mode=7, uphill_step_floor=False, path_correction_profile=2, mode_source=inherited_segment_mode_override
[INFO] [1784101256.063590545] [slope_manager]: 按外部请求从 waypoint[7]=turn_180_yaw_settle 重新启动流程。
[INFO] [1784101256.118896689] [slope_manager]: 解析机身相对 waypoint[7]=turn_180_yaw_settle: source=(-4.120,1.925,-179.4deg), anchor=(-4.120,1.925,current_pose), body_offset=(forward=0.000, left=0.000), yaw_mode=bridge_reference_delta, yaw_delta=0.0deg, ref_yaw_source=target_yaw, ref_yaw=-179.5deg, target=(-4.120,1.925,-179.5deg), frame=camera_init
[INFO] [1784101256.119454253] [slope_manager]: [1;36m发送直驱覆盖点[8/19](attempt=1): turn_180_yaw_settle -> x=-4.120, y=1.925, yaw=-179.5° (body_relative forward=0.000, left=0.000, yaw_mode=bridge_reference_delta, yaw_delta=0.0°, source=(-4.120,1.925,-179.4°), anchor=(-4.120,1.925,current_pose), ref_yaw_source=target_yaw, ref_yaw=-179.5°), frame=camera_init, override=[6,0.000,0.000], yaw_dir=hold,yaw_err=-0.1deg, 到点后锁存模式=0, note=转身后姿态粗补正点：同点位 mode=6 零基础步长，按 yaw_err 方向使用非对称固定差速先补到 -180deg 附近；随后进入 bridge_tag_yaw_lock，用 bridge tag pose_pitch 精锁过桥角。[0m
[INFO] [1784101256.145584779] [slope_manager]: [1;32m到点成功: waypoint[7]=turn_180_yaw_settle, dist=0.005, min_dist=0.005, yaw_err=0.0deg, reason=distance_tolerance[0m
[INFO] [1784101256.146232463] [slope_manager]: [1;35m发布模式: 0 (正常行走)[0m
[INFO] [1784101256.146658220] [slope_manager]: [1;35m发布上坡步长滤波: False[0m
[INFO] [1784101256.147102745] [slope_manager]: [1;35m发布路径修正profile: 2 (0=关闭, 1=普通, 2=上坡强修正, 3=强修正符号验证)[0m
[INFO] [1784101256.147552804] [slope_manager]: [1;32m已到达 waypoint[7]=turn_180_yaw_settle，切换模式为 0 (正常行走)，上坡滤波=False，路径修正profile=2，并锁存到下一个 waypoint。[0m
[INFO] [1784101256.148054586] [slope_manager]: waypoint[7]=turn_180_yaw_settle 到点后零步长保持: override=[0,0.000,0.000]，持续 0.10s。
[INFO] [1784101256.148500569] [slope_manager]: waypoint[7]=turn_180_yaw_settle 到点后等待 0.10s，再切换到下一个目标。
[INFO] [1784101256.249234261] [slope_manager]: [1;36m切换到下一个 waypoint: 9 / 19[0m
[INFO] [1784101256.249734532] [slope_manager]: 解析机身相对 waypoint[8]=bridge_entry: source=(-4.129,1.916,-179.5deg), anchor=(-4.120,1.925,waypoint_target:turn_180_yaw_settle), body_offset=(forward=1.150, left=0.000), yaw_mode=previous_target, yaw_delta=0.0deg, ref_yaw_source=target_yaw, ref_yaw=-179.5deg, target=(-4.110,0.775,-179.5deg), frame=camera_init
[INFO] [1784101256.250159354] [slope_manager]: [1;35m发布路径修正profile: 2 (0=关闭, 1=普通, 2=上坡强修正, 3=强修正符号验证)[0m
[INFO] [1784101256.250555712] [slope_manager]: [1;36m发送直驱覆盖点[9/19](attempt=1): bridge_entry -> x=-4.110, y=0.775, yaw=-179.5° (body_relative forward=1.150, left=0.000, yaw_mode=previous_target, yaw_delta=0.0°, source=(-4.129,1.916,-179.5°), anchor=(-4.120,1.925,waypoint_target:turn_180_yaw_settle), ref_yaw_source=target_yaw, ref_yaw=-179.5°), frame=camera_init, path_reference=/serial_path_reference, override=[0,0.250,0.250], ramp=0.00,elapsed=0.00/0.90s, 到点后锁存模式=0, note=过桥前点：当前 bridge_tag_yaw_lock 关闭，沿 turn_180_yaw_settle 的目标点和目标 yaw 固定直驱到桥入口；本点不再同点位自旋修姿态，到点后直接进入 bridge_exit。[0m
[INFO] [1784101256.318952350] [slope_manager]: [0;94mwaypoint=9/19 bridge_entry dist=1.140m, min_dist=1.140m, yaw_err=0.1deg, pose=(-4.116,1.915), goal=(-4.110,0.775), pose_frame=camera_init, goal_frame=camera_init, line_progress=0.002/1.141m (0%), line_remaining=1.140m, line_lateral=-0.013m, override=[0,0.259,0.259], ramp=0.02,elapsed=0.07/0.90s[0m
[INFO] [1784101257.418959442] [slope_manager]: [0;94mwaypoint=9/19 bridge_entry dist=0.671m, min_dist=0.671m, yaw_err=2.2deg, pose=(-4.128,1.445), goal=(-4.110,0.775), pose_frame=camera_init, goal_frame=camera_init, line_progress=0.471/1.141m (41%), line_remaining=0.671m, line_lateral=0.007m, override=[0,0.800,0.800], ramp=1.00,elapsed=1.17/0.90s[0m
[INFO] [1784101257.981804999] [slope_manager]: [1;32m到点成功: waypoint[8]=bridge_entry, dist=0.242, min_dist=0.242, yaw_err=1.8deg, reason=distance_tolerance[0m
[INFO] [1784101257.982288631] [slope_manager]: [1;35m发布模式: 0 (正常行走)[0m
[INFO] [1784101257.982747654] [slope_manager]: [1;35m发布上坡步长滤波: False[0m
[INFO] [1784101257.983194375] [slope_manager]: [1;35m发布路径修正profile: 2 (0=关闭, 1=普通, 2=上坡强修正, 3=强修正符号验证)[0m
[INFO] [1784101257.983578744] [slope_manager]: [1;32m已到达 waypoint[8]=bridge_entry，切换模式为 0 (正常行走)，上坡滤波=False，路径修正profile=2，并锁存到下一个 waypoint。[0m
[INFO] [1784101257.984655899] [slope_manager]: [1;36m切换到下一个 waypoint: 10 / 19[0m
[INFO] [1784101257.985172223] [slope_manager]: 解析机身相对 waypoint[9]=bridge_exit: source=(-4.155,1.013,178.7deg), anchor=(-4.155,1.013,current_pose), body_offset=(forward=1.200, bridge_retry_forward_override=1.200m, apriltag_z_comp=skipped, left=0.000), yaw_mode=previous_target, yaw_delta=0.0deg, ref_yaw_source=target_yaw, ref_yaw=-179.5deg, target=(-4.145,-0.187,-179.5deg), frame=camera_init
[INFO] [1784101257.985618346] [slope_manager]: [1;35m发布路径修正profile: 2 (0=关闭, 1=普通, 2=上坡强修正, 3=强修正符号验证)[0m
[INFO] [1784101257.986027443] [slope_manager]: [1;36m发送直驱覆盖点[10/19](attempt=1): bridge_exit -> x=-4.145, y=-0.187, yaw=-179.5° (body_relative forward=1.200, left=0.000, yaw_mode=previous_target, yaw_delta=0.0°, source=(-4.155,1.013,178.7°), anchor=(-4.155,1.013,current_pose), ref_yaw_source=target_yaw, ref_yaw=-179.5°), frame=camera_init, path_reference=/serial_path_reference, override=[0,0.800,0.800], 到点后锁存模式=0, note=过桥后点：固定直驱前进过完桥后先停稳 0.1 秒，再进入同点位 45 度原地转向，避免直接边走边大角度调头导致下斜坡卡位。[0m
[INFO] [1784101258.518889385] [slope_manager]: [0;94mwaypoint=10/19 bridge_exit dist=0.820m, min_dist=0.820m, yaw_err=2.2deg, pose=(-4.162,0.632), goal=(-4.145,-0.187), pose_frame=camera_init, goal_frame=camera_init, line_progress=0.380/1.200m (32%), line_remaining=0.820m, line_lateral=0.010m, override=[0,0.800,0.800][0m
[INFO] [1784101259.402828708] [slope_manager]: [1;32m到点成功: waypoint[9]=bridge_exit, dist=0.177, min_dist=0.177, yaw_err=2.0deg, reason=distance_tolerance[0m
[INFO] [1784101259.403209367] [slope_manager]: [1;35m发布模式: 0 (正常行走)[0m
[INFO] [1784101259.403556634] [slope_manager]: [1;35m发布上坡步长滤波: False[0m
[INFO] [1784101259.403865369] [slope_manager]: [1;35m发布路径修正profile: 2 (0=关闭, 1=普通, 2=上坡强修正, 3=强修正符号验证)[0m
[INFO] [1784101259.404148277] [slope_manager]: [1;32m已到达 waypoint[9]=bridge_exit，切换模式为 0 (正常行走)，上坡滤波=False，路径修正profile=2，并锁存到下一个 waypoint。[0m
[INFO] [1784101259.404440155] [slope_manager]: waypoint[9]=bridge_exit 到点后零步长保持: override=[0,0.000,0.000]，持续 0.10s。
[INFO] [1784101259.404706697] [slope_manager]: waypoint[9]=bridge_exit 到点后等待 0.10s，再切换到下一个目标。
[INFO] [1784101259.505297995] [slope_manager]: [1;36m切换到下一个 waypoint: 11 / 19[0m
[INFO] [1784101259.505849345] [slope_manager]: 解析机身相对 waypoint[10]=bridge_exit_ccw_45_spin: source=(-4.180,-0.073,177.9deg), anchor=(-4.180,-0.073,current_pose), body_offset=(forward=0.000, left=0.000), yaw_mode=bridge_reference_delta, yaw_delta=52.0deg, ref_yaw_source=current, ref_yaw=177.9deg, target=(-4.180,-0.073,-127.5deg), frame=camera_init
[INFO] [1784101259.506355887] [slope_manager]: [1;36m发送直驱覆盖点[11/19](attempt=1): bridge_exit_ccw_45_spin -> x=-4.180, y=-0.073, yaw=-127.5° (body_relative forward=0.000, left=0.000, yaw_mode=bridge_reference_delta, yaw_delta=52.0°, source=(-4.180,-0.073,177.9°), anchor=(-4.180,-0.073,current_pose), ref_yaw_source=current, ref_yaw=177.9°), frame=camera_init, override=[6,-0.400,0.850], 到点后锁存模式=0, note=普通第3个自旋点：过桥后同点位原地顺时针约45度，让 base_link 朝向普通侧下斜坡目标方向，再开始走最终下坡段。[0m
[INFO] [1784101259.518946687] [slope_manager]: [0;94mwaypoint=11/19 bridge_exit_ccw_45_spin dist=0.000m, min_dist=0.000m, yaw_err=54.7deg, pose=(-4.180,-0.073), goal=(-4.180,-0.073), pose_frame=camera_init, goal_frame=camera_init, override=[6,-0.400,0.850][0m
[INFO] [1784101260.303731798] [slope_manager]: [1;32m到点成功: waypoint[10]=bridge_exit_ccw_45_spin, dist=0.318, min_dist=0.000, yaw_err=3.7deg, reason=distance_memory_with_yaw[0m
[INFO] [1784101260.304056369] [slope_manager]: [1;35m发布模式: 0 (正常行走)[0m
[INFO] [1784101260.304393697] [slope_manager]: [1;35m发布上坡步长滤波: False[0m
[INFO] [1784101260.304667881] [slope_manager]: [1;35m发布路径修正profile: 0 (0=关闭, 1=普通, 2=上坡强修正, 3=强修正符号验证)[0m
[INFO] [1784101260.304944911] [slope_manager]: [1;32m已到达 waypoint[10]=bridge_exit_ccw_45_spin，切换模式为 0 (正常行走)，上坡滤波=False，路径修正profile=0，并锁存到下一个 waypoint。[0m
[INFO] [1784101260.305268296] [slope_manager]: waypoint[10]=bridge_exit_ccw_45_spin 到点后零步长保持: override=[0,0.000,0.000]，持续 0.10s。
[INFO] [1784101260.305540398] [slope_manager]: waypoint[10]=bridge_exit_ccw_45_spin 到点后等待 0.10s，再切换到下一个目标。
[INFO] [1784101260.406190538] [slope_manager]: [1;36m切换到下一个 waypoint: 12 / 19[0m
[INFO] [1784101260.406714004] [slope_manager]: 解析机身相对 waypoint[11]=final_descent_approach: source=(-4.072,-0.368,-123.4deg), anchor=(-4.072,-0.368,current_pose), body_offset=(forward=0.750, left=0.000), yaw_mode=delta, yaw_delta=0.0deg, ref_yaw_source=current, ref_yaw=-123.4deg, target=(-3.446,-0.782,-123.4deg), frame=camera_init
[INFO] [1784101260.407246367] [slope_manager]: [1;35m发布路径修正profile: 2 (0=关闭, 1=普通, 2=上坡强修正, 3=强修正符号验证)[0m
[INFO] [1784101260.407655838] [slope_manager]: [1;36m发送直驱覆盖点[12/19](attempt=1): final_descent_approach -> x=-3.446, y=-0.782, yaw=-123.4° (body_relative forward=0.750, left=0.000, yaw_mode=delta, yaw_delta=0.0°, source=(-4.072,-0.368,-123.4°), anchor=(-4.072,-0.368,current_pose), ref_yaw_source=current, ref_yaw=-123.4°), frame=camera_init, path_reference=/serial_path_reference, override=[7,0.800,0.800], 到点后锁存模式=0, note=普通最终位置第一段接近点：mode=7 固定直驱前进；只按起点到当前 pose 的净位移达到 0.60m 判定到点，再进入下一个自旋点。[0m
[INFO] [1784101260.518953536] [slope_manager]: [0;94mwaypoint=12/19 final_descent_approach dist=0.729m, min_dist=0.729m, yaw_err=2.7deg, pose=(-4.044,-0.364), goal=(-3.446,-0.782), pose_frame=camera_init, goal_frame=camera_init, line_progress=0.021/0.750m (3%), line_remaining=0.729m, line_lateral=-0.019m, travel=0.029/0.750m, override=[7,0.800,0.800][0m
[INFO] [1784101261.618862099] [slope_manager]: [0;94mwaypoint=12/19 final_descent_approach dist=0.275m, min_dist=0.275m, yaw_err=3.9deg, pose=(-3.639,-0.586), goal=(-3.446,-0.782), pose_frame=camera_init, goal_frame=camera_init, line_progress=0.481/0.750m (64%), line_remaining=0.269m, line_lateral=-0.057m, travel=0.485/0.750m, override=[7,0.800,0.800][0m
[INFO] [1784101262.084487174] [slope_manager]: [1;32m到点成功: waypoint[11]=final_descent_approach, dist=0.085, min_dist=0.082, yaw_err=5.2deg, reason=travel_distance(0.751>=0.750m)[0m
[INFO] [1784101262.084980334] [slope_manager]: [1;35m发布模式: 0 (正常行走)[0m
[INFO] [1784101262.085451250] [slope_manager]: [1;35m发布上坡步长滤波: False[0m
[INFO] [1784101262.085892455] [slope_manager]: [1;35m发布路径修正profile: 2 (0=关闭, 1=普通, 2=上坡强修正, 3=强修正符号验证)[0m
[INFO] [1784101262.086162452] [slope_manager]: [1;32m已到达 waypoint[11]=final_descent_approach，切换模式为 0 (正常行走)，上坡滤波=False，路径修正profile=2，并锁存到下一个 waypoint。[0m
[INFO] [1784101262.086436054] [slope_manager]: waypoint[11]=final_descent_approach 到点后等待 0.10s，再切换到下一个目标。
[INFO] [1784101262.187030006] [slope_manager]: [1;36m切换到下一个 waypoint: 13 / 19[0m
[INFO] [1784101262.187562347] [slope_manager]: 解析机身相对 waypoint[12]=final_descent_mid_spin: source=(-3.339,-0.752,-117.3deg), anchor=(-3.339,-0.752,current_pose), body_offset=(forward=0.000, left=0.000), yaw_mode=bridge_reference_delta, yaw_delta=0.0deg, ref_yaw_source=current, ref_yaw=-117.3deg, target=(-3.339,-0.752,-179.5deg), frame=camera_init
[INFO] [1784101262.188012511] [slope_manager]: [1;36m发送直驱覆盖点[13/19](attempt=1): final_descent_mid_spin -> x=-3.339, y=-0.752, yaw=-179.5° (body_relative forward=0.000, left=0.000, yaw_mode=bridge_reference_delta, yaw_delta=0.0°, source=(-3.339,-0.752,-117.3°), anchor=(-3.339,-0.752,current_pose), ref_yaw_source=current, ref_yaw=-117.3°), frame=camera_init, override=[7,0.700,-0.600], 到点后锁存模式=0, note=普通最终段新增自旋点：mode=7，left=0.40,right=0.50，相对当前姿态自旋约100度。[0m
[INFO] [1784101262.618890173] [slope_manager]: [0;94mwaypoint=13/19 final_descent_mid_spin dist=0.157m, min_dist=0.024m, yaw_err=56.5deg, pose=(-3.183,-0.760), goal=(-3.339,-0.752), pose_frame=camera_init, goal_frame=camera_init, override=[7,0.700,-0.600][0m
[INFO] [1784101263.618927748] [slope_manager]: [0;94mwaypoint=13/19 final_descent_mid_spin dist=0.178m, min_dist=0.024m, yaw_err=19.7deg, pose=(-3.165,-0.790), goal=(-3.339,-0.752), pose_frame=camera_init, goal_frame=camera_init, override=[7,0.700,-0.600][0m
[INFO] [1784101263.951599312] [slope_manager]: [1;32m到点成功: waypoint[12]=final_descent_mid_spin, dist=0.201, min_dist=0.024, yaw_err=4.6deg, reason=distance_tolerance[0m
[INFO] [1784101263.952068223] [slope_manager]: [1;35m发布模式: 0 (正常行走)[0m
[INFO] [1784101263.952347524] [slope_manager]: [1;35m发布上坡步长滤波: False[0m
[INFO] [1784101263.952592647] [slope_manager]: [1;35m发布路径修正profile: 0 (0=关闭, 1=普通, 2=上坡强修正, 3=强修正符号验证)[0m
[INFO] [1784101263.952833176] [slope_manager]: [1;32m已到达 waypoint[12]=final_descent_mid_spin，切换模式为 0 (正常行走)，上坡滤波=False，路径修正profile=0，并锁存到下一个 waypoint。[0m
[INFO] [1784101263.953092458] [slope_manager]: waypoint[12]=final_descent_mid_spin 到点后等待 0.10s，再切换到下一个目标。
[INFO] [1784101264.053663444] [slope_manager]: [1;36m切换到下一个 waypoint: 14 / 19[0m
[INFO] [1784101264.054219065] [slope_manager]: 解析机身相对 waypoint[13]=final_descent_second_approach: source=(-3.144,-0.814,-176.9deg), anchor=(-3.144,-0.814,current_pose), body_offset=(forward=1.050, left=0.000), yaw_mode=delta, yaw_delta=0.0deg, ref_yaw_source=current, ref_yaw=-176.9deg, target=(-3.087,-1.862,-176.9deg), frame=camera_init
[INFO] [1784101264.054712530] [slope_manager]: [1;35m发布路径修正profile: 2 (0=关闭, 1=普通, 2=上坡强修正, 3=强修正符号验证)[0m
[INFO] [1784101264.055180630] [slope_manager]: [1;36m发送直驱覆盖点[14/19](attempt=1): final_descent_second_approach -> x=-3.087, y=-1.862, yaw=-176.9° (body_relative forward=1.050, left=0.000, yaw_mode=delta, yaw_delta=0.0°, source=(-3.144,-0.814,-176.9°), anchor=(-3.144,-0.814,current_pose), ref_yaw_source=current, ref_yaw=-176.9°), frame=camera_init, path_reference=/serial_path_reference, override=[7,1.000,0.600], 到点后锁存模式=0, note=普通最终位置第二段接近点：mode=7 固定直驱前进；本点只按起点到当前 pose 的净位移达到 body_forward_m 判定到点，随后进入顺时针自旋点。[0m
[INFO] [1784101264.718966729] [slope_manager]: [0;94mwaypoint=14/19 final_descent_second_approach dist=0.847m, min_dist=0.847m, yaw_err=2.6deg, pose=(-3.148,-1.017), goal=(-3.087,-1.862), pose_frame=camera_init, goal_frame=camera_init, line_progress=0.203/1.050m (19%), line_remaining=0.847m, line_lateral=0.014m, travel=0.203/1.050m, override=[7,1.000,0.600][0m
[INFO] [1784101265.818886741] [slope_manager]: [0;94mwaypoint=14/19 final_descent_second_approach dist=0.387m, min_dist=0.387m, yaw_err=12.7deg, pose=(-3.151,-1.480), goal=(-3.087,-1.862), pose_frame=camera_init, goal_frame=camera_init, line_progress=0.665/1.050m (63%), line_remaining=0.385m, line_lateral=0.043m, travel=0.667/1.050m, override=[7,1.000,0.600][0m
[INFO] [1784101266.706393698] [slope_manager]: [1;32m到点成功: waypoint[13]=final_descent_second_approach, dist=0.139, min_dist=0.123, yaw_err=19.4deg, reason=travel_distance(1.064>=1.050m)[0m
[INFO] [1784101266.706859663] [slope_manager]: [1;35m发布模式: 0 (正常行走)[0m
[INFO] [1784101266.707286207] [slope_manager]: [1;35m发布上坡步长滤波: False[0m
[INFO] [1784101266.707663624] [slope_manager]: [1;35m发布路径修正profile: 2 (0=关闭, 1=普通, 2=上坡强修正, 3=强修正符号验证)[0m
[INFO] [1784101266.708128990] [slope_manager]: [1;32m已到达 waypoint[13]=final_descent_second_approach，切换模式为 0 (正常行走)，上坡滤波=False，路径修正profile=2，并锁存到下一个 waypoint。[0m
[INFO] [1784101266.708583261] [slope_manager]: waypoint[13]=final_descent_second_approach 到点后等待 0.10s，再切换到下一个目标。
[INFO] [1784101266.809253734] [slope_manager]: [1;36m切换到下一个 waypoint: 15 / 19[0m
[INFO] [1784101266.809916634] [slope_manager]: 解析机身相对 waypoint[14]=final_descent_second_spin: source=(-3.230,-1.910,164.2deg), anchor=(-3.230,-1.910,current_pose), body_offset=(forward=0.000, left=0.000), yaw_mode=bridge_reference_delta, yaw_delta=-90.0deg, ref_yaw_source=current, ref_yaw=164.2deg, target=(-3.230,-1.910,90.5deg), frame=camera_init
[INFO] [1784101266.810505254] [slope_manager]: [1;36m发送直驱覆盖点[15/19](attempt=1): final_descent_second_spin -> x=-3.230, y=-1.910, yaw=90.5° (body_relative forward=0.000, left=0.000, yaw_mode=bridge_reference_delta, yaw_delta=-90.0°, source=(-3.230,-1.910,164.2°), anchor=(-3.230,-1.910,current_pose), ref_yaw_source=current, ref_yaw=164.2°), frame=camera_init, override=[7,0.900,0.000], 到点后锁存模式=0, note=普通最终段第二个自旋点：mode=7，顺时针自旋；按目标 yaw 容差到点，沿用旧的 0.20/0.65 步长量级。[0m
[INFO] [1784101266.918878835] [slope_manager]: [0;94mwaypoint=15/19 final_descent_second_spin dist=0.027m, min_dist=0.000m, yaw_err=70.5deg, pose=(-3.246,-1.933), goal=(-3.230,-1.910), pose_frame=camera_init, goal_frame=camera_init, override=[7,0.900,0.000][0m
[INFO] [1784101268.018842534] [slope_manager]: [0;94mwaypoint=15/19 final_descent_second_spin dist=0.167m, min_dist=0.000m, yaw_err=47.6deg, pose=(-3.335,-2.040), goal=(-3.230,-1.910), pose_frame=camera_init, goal_frame=camera_init, override=[7,0.900,0.000][0m
[INFO] [1784101269.018855151] [slope_manager]: [0;94mwaypoint=15/19 final_descent_second_spin dist=0.156m, min_dist=0.000m, yaw_err=29.9deg, pose=(-3.322,-2.037), goal=(-3.230,-1.910), pose_frame=camera_init, goal_frame=camera_init, override=[7,0.900,0.000][0m
[INFO] [1784101270.018881518] [slope_manager]: [0;94mwaypoint=15/19 final_descent_second_spin dist=0.174m, min_dist=0.000m, yaw_err=7.9deg, pose=(-3.373,-2.010), goal=(-3.230,-1.910), pose_frame=camera_init, goal_frame=camera_init, override=[7,0.900,0.000][0m
[INFO] [1784101270.134550571] [slope_manager]: [1;32m到点成功: waypoint[14]=final_descent_second_spin, dist=0.221, min_dist=0.000, yaw_err=4.6deg, reason=distance_memory_with_yaw[0m
[INFO] [1784101270.134841976] [slope_manager]: [1;35m发布模式: 0 (正常行走)[0m
[INFO] [1784101270.135132197] [slope_manager]: [1;35m发布上坡步长滤波: False[0m
[INFO] [1784101270.135399829] [slope_manager]: [1;35m发布路径修正profile: 0 (0=关闭, 1=普通, 2=上坡强修正, 3=强修正符号验证)[0m
[INFO] [1784101270.135643516] [slope_manager]: [1;32m已到达 waypoint[14]=final_descent_second_spin，切换模式为 0 (正常行走)，上坡滤波=False，路径修正profile=0，并锁存到下一个 waypoint。[0m
[INFO] [1784101270.135893564] [slope_manager]: waypoint[14]=final_descent_second_spin 到点后等待 0.10s，再切换到下一个目标。
[INFO] [1784101270.237312115] [slope_manager]: [1;36m切换到下一个 waypoint: 16 / 19[0m
[INFO] [1784101270.237919859] [slope_manager]: 解析机身相对 waypoint[15]=final_descent_second_spin_extra_approach: source=(-3.453,-1.962,90.6deg), anchor=(-3.453,-1.962,current_pose), body_offset=(forward=0.350, left=0.000), yaw_mode=delta, yaw_delta=0.0deg, ref_yaw_source=current, ref_yaw=90.6deg, target=(-3.803,-1.966,90.6deg), frame=camera_init
[INFO] [1784101270.238515996] [slope_manager]: [1;35m发布路径修正profile: 2 (0=关闭, 1=普通, 2=上坡强修正, 3=强修正符号验证)[0m
[INFO] [1784101270.238935970] [slope_manager]: [1;36m发送直驱覆盖点[16/19](attempt=1): final_descent_second_spin_extra_approach -> x=-3.803, y=-1.966, yaw=90.6° (body_relative forward=0.350, left=0.000, yaw_mode=delta, yaw_delta=0.0°, source=(-3.453,-1.962,90.6°), anchor=(-3.453,-1.962,current_pose), ref_yaw_source=current, ref_yaw=90.6°), frame=camera_init, path_reference=/serial_path_reference, override=[7,0.800,0.800], 到点后锁存模式=0, note=普通最终段第二个自旋后新增直驱点：mode=7，left=0.75,right=0.50，固定直驱前进0.8m。[0m
[INFO] [1784101271.002775020] [slope_manager]: [1;32m到点成功: waypoint[15]=final_descent_second_spin_extra_approach, dist=0.037, min_dist=0.009, yaw_err=0.9deg, reason=travel_distance(0.382>=0.350m)[0m
[INFO] [1784101271.003140954] [slope_manager]: [1;35m发布模式: 0 (正常行走)[0m
[INFO] [1784101271.003472890] [slope_manager]: [1;35m发布上坡步长滤波: False[0m
[INFO] [1784101271.003768416] [slope_manager]: [1;35m发布路径修正profile: 2 (0=关闭, 1=普通, 2=上坡强修正, 3=强修正符号验证)[0m
[INFO] [1784101271.004055525] [slope_manager]: [1;32m已到达 waypoint[15]=final_descent_second_spin_extra_approach，切换模式为 0 (正常行走)，上坡滤波=False，路径修正profile=2，并锁存到下一个 waypoint。[0m
[INFO] [1784101271.004348245] [slope_manager]: waypoint[15]=final_descent_second_spin_extra_approach 到点后等待 0.10s，再切换到下一个目标。
[INFO] [1784101271.106362954] [slope_manager]: [1;36m切换到下一个 waypoint: 17 / 19[0m
[INFO] [1784101271.107383018] [slope_manager]: 解析机身相对 waypoint[16]=final_descent_second_spin_extra_spin: source=(-3.898,-1.946,89.8deg), anchor=(-3.898,-1.946,current_pose), body_offset=(forward=0.000, left=0.000), yaw_mode=bridge_reference_delta, yaw_delta=-3.0deg, ref_yaw_source=current, ref_yaw=89.8deg, target=(-3.898,-1.946,177.5deg), frame=camera_init
[INFO] [1784101271.108019769] [slope_manager]: [1;36m发送直驱覆盖点[17/19](attempt=1): final_descent_second_spin_extra_spin -> x=-3.898, y=-1.946, yaw=177.5° (body_relative forward=0.000, left=0.000, yaw_mode=bridge_reference_delta, yaw_delta=-3.0°, source=(-3.898,-1.946,89.8°), anchor=(-3.898,-1.946,current_pose), ref_yaw_source=current, ref_yaw=89.8°), frame=camera_init, override=[7,-0.600,0.700], 到点后锁存模式=0, note=普通最终段第二个自旋后新增自旋点：mode=7，left=-0.25,right=0.70，相对当前姿态自旋100度。[0m
[INFO] [1784101271.118844279] [slope_manager]: [0;94mwaypoint=17/19 final_descent_second_spin_extra_spin dist=0.021m, min_dist=0.021m, yaw_err=87.6deg, pose=(-3.917,-1.954), goal=(-3.898,-1.946), pose_frame=camera_init, goal_frame=camera_init, override=[7,-0.600,0.700][0m
[INFO] [1784101272.118884623] [slope_manager]: [0;94mwaypoint=17/19 final_descent_second_spin_extra_spin dist=0.180m, min_dist=0.021m, yaw_err=54.4deg, pose=(-4.076,-1.973), goal=(-3.898,-1.946), pose_frame=camera_init, goal_frame=camera_init, override=[7,-0.600,0.700][0m
[INFO] [1784101273.118917715] [slope_manager]: [0;94mwaypoint=17/19 final_descent_second_spin_extra_spin dist=0.286m, min_dist=0.021m, yaw_err=13.1deg, pose=(-4.177,-2.009), goal=(-3.898,-1.946), pose_frame=camera_init, goal_frame=camera_init, override=[7,-0.600,0.700][0m
[INFO] [1784101273.252024626] [slope_manager]: [1;32m到点成功: waypoint[16]=final_descent_second_spin_extra_spin, dist=0.253, min_dist=0.021, yaw_err=4.8deg, reason=distance_memory_with_yaw[0m
[INFO] [1784101273.252416742] [slope_manager]: [1;35m发布模式: 0 (正常行走)[0m
[INFO] [1784101273.252724851] [slope_manager]: [1;35m发布上坡步长滤波: False[0m
[INFO] [1784101273.253035969] [slope_manager]: [1;35m发布路径修正profile: 0 (0=关闭, 1=普通, 2=上坡强修正, 3=强修正符号验证)[0m
[INFO] [1784101273.253375686] [slope_manager]: [1;32m已到达 waypoint[16]=final_descent_second_spin_extra_spin，切换模式为 0 (正常行走)，上坡滤波=False，路径修正profile=0，并锁存到下一个 waypoint。[0m
[INFO] [1784101273.253685794] [slope_manager]: waypoint[16]=final_descent_second_spin_extra_spin 到点后等待 0.10s，再切换到下一个目标。
[INFO] [1784101273.354531952] [slope_manager]: [1;36m切换到下一个 waypoint: 18 / 19[0m
[INFO] [1784101273.355159705] [slope_manager]: 解析机身相对 waypoint[17]=final_descent_third_approach: source=(-4.148,-1.979,174.6deg), anchor=(-4.148,-1.979,current_pose), body_offset=(forward=1.900, left=0.000), yaw_mode=delta, yaw_delta=0.0deg, ref_yaw_source=current, ref_yaw=174.6deg, target=(-4.325,-3.870,174.6deg), frame=camera_init
[INFO] [1784101273.355678926] [slope_manager]: [1;35m发布路径修正profile: 2 (0=关闭, 1=普通, 2=上坡强修正, 3=强修正符号验证)[0m
[INFO] [1784101273.356114365] [slope_manager]: [1;36m发送直驱覆盖点[18/19](attempt=1): final_descent_third_approach -> x=-4.325, y=-3.870, yaw=174.6° (body_relative forward=1.900, left=0.000, yaw_mode=delta, yaw_delta=0.0°, source=(-4.148,-1.979,174.6°), anchor=(-4.148,-1.979,current_pose), ref_yaw_source=current, ref_yaw=174.6°), frame=camera_init, path_reference=/serial_path_reference, override=[7,0.800,1.000], yaw_corr=0.000,yaw_err=0.0deg, 到点后锁存模式=0, note=普通最终位置第三段接近点：mode=7，left=0.50,right=0.70，固定直驱前进并叠加小幅姿态修正；本点只按起点到当前 pose 的净位移达到 body_forward_m 判定到点，随后进入最终朝向点。[0m
[INFO] [1784101274.218863093] [slope_manager]: [0;94mwaypoint=18/19 final_descent_third_approach dist=1.546m, min_dist=1.546m, yaw_err=0.1deg, pose=(-4.202,-2.329), goal=(-4.325,-3.870), pose_frame=camera_init, goal_frame=camera_init, line_progress=0.354/1.900m (19%), line_remaining=1.546m, line_lateral=0.021m, travel=0.354/1.900m, override=[7,0.800,1.000], yaw_corr=0.000,yaw_err=-0.1deg[0m
[INFO] [1784101275.218870101] [slope_manager]: [0;94mwaypoint=18/19 final_descent_third_approach dist=1.013m, min_dist=1.013m, yaw_err=1.3deg, pose=(-4.283,-2.859), goal=(-4.325,-3.870), pose_frame=camera_init, goal_frame=camera_init, line_progress=0.889/1.900m (47%), line_remaining=1.011m, line_lateral=0.052m, travel=0.890/1.900m, override=[7,0.800,1.000], yaw_corr=0.000,yaw_err=-1.3deg[0m
[INFO] [1784101276.218912032] [slope_manager]: [0;94mwaypoint=18/19 final_descent_third_approach dist=0.469m, min_dist=0.469m, yaw_err=2.3deg, pose=(-4.397,-3.407), goal=(-4.325,-3.870), pose_frame=camera_init, goal_frame=camera_init, line_progress=1.446/1.900m (76%), line_remaining=0.454m, line_lateral=0.115m, travel=1.450/1.900m, override=[7,0.798,1.000], yaw_corr=0.002,yaw_err=2.3deg[0m
[INFO] [1784101277.255049890] [slope_manager]: [1;32m到点成功: waypoint[17]=final_descent_third_approach, dist=0.024, min_dist=0.024, yaw_err=0.6deg, reason=travel_distance(1.904>=1.900m)[0m
[INFO] [1784101277.255464342] [slope_manager]: [1;35m发布模式: 0 (正常行走)[0m
[INFO] [1784101277.255768282] [slope_manager]: [1;35m发布上坡步长滤波: False[0m
[INFO] [1784101277.256034662] [slope_manager]: [1;35m发布路径修正profile: 2 (0=关闭, 1=普通, 2=上坡强修正, 3=强修正符号验证)[0m
[INFO] [1784101277.256362855] [slope_manager]: [1;32m已到达 waypoint[17]=final_descent_third_approach，切换模式为 0 (正常行走)，上坡滤波=False，路径修正profile=2，并锁存到下一个 waypoint。[0m
[INFO] [1784101277.256683275] [slope_manager]: waypoint[17]=final_descent_third_approach 到点后等待 0.10s，再切换到下一个目标。
[INFO] [1784101277.357705679] [slope_manager]: [1;36m切换到下一个 waypoint: 19 / 19[0m
[INFO] [1784101277.358406568] [slope_manager]: 解析机身相对 waypoint[18]=final_heading_align: source=(-4.378,-3.914,173.7deg), anchor=(-4.378,-3.914,current_pose), body_offset=(forward=0.000, left=0.000), yaw_mode=waypoint_arrival, yaw_delta=0.0deg, ref_yaw_source=target_yaw, ref_yaw=178.7deg, target=(-4.378,-3.914,178.7deg), frame=camera_init, waypoint_yaw_reference=waypoint_arrival:bridge_entry
[INFO] [1784101277.359127640] [slope_manager]: [1;36m发送直驱覆盖点[19/19](attempt=1): final_heading_align -> x=-4.378, y=-3.914, yaw=178.7° (body_relative forward=0.000, left=0.000, yaw_mode=waypoint_arrival, yaw_delta=0.0°, source=(-4.378,-3.914,173.7°), anchor=(-4.378,-3.914,current_pose), ref_yaw_source=target_yaw, ref_yaw=178.7°), frame=camera_init, override=[6,-0.200,0.400], yaw_dir=ccw,yaw_err=5.0deg, 到点后锁存模式=0, note=普通最终朝向调整点：不再写死角度，引用 bridge_entry 到点时的实际 yaw；2026-07-06 日志显示 yaw_err<0 时 [-0.20,0.40] 会越修越大，改为 yaw_err<0 用 [0.40,-0.20]，yaw_err>0 用 [-0.20,0.40]。[0m
[INFO] [1784101277.418847316] [slope_manager]: [0;94mwaypoint=19/19 final_heading_align dist=0.019m, min_dist=0.009m, yaw_err=4.6deg, pose=(-4.384,-3.932), goal=(-4.378,-3.914), pose_frame=camera_init, goal_frame=camera_init, override=[6,-0.200,0.400], yaw_dir=ccw,yaw_err=4.6deg[0m
[INFO] [1784101277.595157512] [slope_manager]: [1;32m到点成功: waypoint[18]=final_heading_align, dist=0.073, min_dist=0.009, yaw_err=2.9deg, reason=distance_tolerance[0m
[INFO] [1784101277.595667480] [slope_manager]: [1;35m发布模式: 0 (正常行走)[0m
[INFO] [1784101277.596167436] [slope_manager]: [1;35m发布上坡步长滤波: False[0m
[INFO] [1784101277.596632590] [slope_manager]: [1;35m发布路径修正profile: 0 (0=关闭, 1=普通, 2=上坡强修正, 3=强修正符号验证)[0m
[INFO] [1784101277.596973294] [slope_manager]: [1;32m已到达 waypoint[18]=final_heading_align，切换模式为 0 (正常行走)，上坡滤波=False，路径修正profile=0，并锁存到下一个 waypoint。[0m
[INFO] [1784101277.598006215] [slope_manager]: [1;35m发布模式: 0 (正常行走)[0m
[INFO] [1784101277.598281997] [slope_manager]: [1;35m发布上坡步长滤波: False[0m
[INFO] [1784101277.598552009] [slope_manager]: [1;35m发布路径修正profile: 0 (0=关闭, 1=普通, 2=上坡强修正, 3=强修正符号验证)[0m
[INFO] [1784101277.598960611] [slope_manager]: [1;32m全部 waypoint 已完成，恢复为 mode=0，流程结束。[0m
[INFO] [1784101277.659193687] [slope_manager]: obstacle_manager deactivated: reason=external_topic
