[INFO] [1784183041.320696916] [upstairs_detector]: state=DETECTING
[INFO] [1784183041.321309564] [upstairs_detector]: upstairs_detector started: color=/camera/color/image_raw, depth=/camera/aligned_depth_to_color/image_raw, target_band_from_bottom=1, trigger_distance=0.62m, hsv=[30, 40, 30]-[100, 255, 255]
[INFO] [1784183041.367095178] [upstairs_detector]: [1;95m触发状态更新: trigger=False[0m
[INFO] [1784183041.370106519] [upstairs_detector]: [1;34m最近上台阶: dist=0.950m, band_from_bottom=1, lateral=0.012m, vertical=0.258m, pixel=(217.1,199.0), box=424x80, area=33013, depth_px=30963, bands=1, trigger=False[0m
[INFO] [1784183042.422112609] [upstairs_detector]: [1;34m最近上台阶: dist=0.944m, band_from_bottom=1, lateral=-0.004m, vertical=0.258m, pixel=(211.9,199.5), box=424x80, area=33850, depth_px=31759, bands=1, trigger=False[0m
[INFO] [1784183043.425108973] [upstairs_detector]: [1;34m最近上台阶: dist=0.919m, band_from_bottom=1, lateral=-0.036m, vertical=0.261m, pixel=(201.5,202.9), box=424x80, area=27072, depth_px=25906, bands=1, trigger=False[0m
[INFO] [1784183044.424125237] [upstairs_detector]: [1;34m最近上台阶: dist=0.934m, band_from_bottom=1, lateral=-0.138m, vertical=0.263m, pixel=(168.6,202.2), box=418x80, area=22444, depth_px=22175, bands=1, trigger=False[0m
[INFO] [1784183045.424793784] [upstairs_detector]: [1;34m最近上台阶: dist=0.883m, band_from_bottom=1, lateral=-0.085m, vertical=0.268m, pixel=(184.2,208.7), box=382x71, area=18018, depth_px=17982, bands=1, trigger=False[0m
[INFO] [1784183046.421978907] [upstairs_detector]: [1;34m最近上台阶: dist=0.824m, band_from_bottom=1, lateral=-0.115m, vertical=0.288m, pixel=(171.1,222.7), box=242x30, area=4877, depth_px=4877, bands=1, trigger=False[0m
[INFO] [1784183047.417152871] [upstairs_detector]: [0;33m未检测到有效上台阶: bands=0, target_band_from_bottom=1, mask_px=1864, frame=92, hsv=[30, 40, 30]-[100, 255, 255][0m
[INFO] [1784183048.416971169] [upstairs_detector]: [0;33m未检测到有效上台阶: bands=0, target_band_from_bottom=1, mask_px=1012, frame=107, hsv=[30, 40, 30]-[100, 255, 255][0m
[INFO] [1784183049.418485544] [upstairs_detector]: [0;33m未检测到有效上台阶: bands=0, target_band_from_bottom=1, mask_px=4037, frame=122, hsv=[30, 40, 30]-[100, 255, 255][0m
[INFO] [1784183050.418762293] [upstairs_detector]: [0;33m未检测到有效上台阶: bands=0, target_band_from_bottom=1, mask_px=3974, frame=137, hsv=[30, 40, 30]-[100, 255, 255][0m
[INFO] [1784183051.422117833] [upstairs_detector]: [0;33m未检测到有效上台阶: bands=0, target_band_from_bottom=1, mask_px=4762, frame=152, hsv=[30, 40, 30]-[100, 255, 255][0m
[INFO] [1784183052.420410728] [upstairs_detector]: [0;33m未检测到有效上台阶: bands=0, target_band_from_bottom=1, mask_px=4296, frame=167, hsv=[30, 40, 30]-[100, 255, 255][0m
[INFO] [1784183053.425176476] [upstairs_detector]: [0;33m未检测到有效上台阶: bands=0, target_band_from_bottom=1, mask_px=5336, frame=182, hsv=[30, 40, 30]-[100, 255, 255][0m
[INFO] [1784183054.489790541] [upstairs_detector]: [0;33m未检测到有效上台阶: bands=0, target_band_from_bottom=1, mask_px=5567, frame=198, hsv=[30, 40, 30]-[100, 255, 255][0m
[INFO] [1784183055.489747267] [upstairs_detector]: [0;33m未检测到有效上台阶: bands=0, target_band_from_bottom=1, mask_px=1686, frame=213, hsv=[30, 40, 30]-[100, 255, 255][0m
[INFO] [1784183056.489250162] [upstairs_detector]: [0;33m未检测到有效上台阶: bands=0, target_band_from_bottom=1, mask_px=1770, frame=228, hsv=[30, 40, 30]-[100, 255, 255][0m
[INFO] [1784183057.489869912] [upstairs_detector]: [0;33m未检测到有效上台阶: bands=0, target_band_from_bottom=1, mask_px=2624, frame=243, hsv=[30, 40, 30]-[100, 255, 255][0m
[INFO] [1784183058.492344789] [upstairs_detector]: [0;33m未检测到有效上台阶: bands=0, target_band_from_bottom=1, mask_px=2090, frame=258, hsv=[30, 40, 30]-[100, 255, 255][0m
[INFO] [1784183059.491480214] [upstairs_detector]: [0;33m未检测到有效上台阶: bands=0, target_band_from_bottom=1, mask_px=1974, frame=273, hsv=[30, 40, 30]-[100, 255, 255][0m
[INFO] [1784183060.505467117] [upstairs_detector]: [0;33m未检测到有效上台阶: bands=0, target_band_from_bottom=1, mask_px=2636, frame=288, hsv=[30, 40, 30]-[100, 255, 255][0m
[INFO] [1784183061.560119380] [upstairs_detector]: [0;33m未检测到有效上台阶: bands=0, target_band_from_bottom=1, mask_px=2362, frame=304, hsv=[30, 40, 30]-[100, 255, 255][0m
[INFO] [1784183062.570247484] [upstairs_detector]: [0;33m未检测到有效上台阶: bands=0, target_band_from_bottom=1, mask_px=2672, frame=319, hsv=[30, 40, 30]-[100, 255, 255][0m
[INFO] [1784183063.627152402] [upstairs_detector]: [0;33m未检测到有效上台阶: bands=0, target_band_from_bottom=1, mask_px=3184, frame=335, hsv=[30, 40, 30]-[100, 255, 255][0m
[INFO] [1784183064.627805624] [upstairs_detector]: [0;33m未检测到有效上台阶: bands=0, target_band_from_bottom=1, mask_px=2704, frame=350, hsv=[30, 40, 30]-[100, 255, 255][0m
[INFO] [1784183065.628899316] [upstairs_detector]: [0;33m未检测到有效上台阶: bands=0, target_band_from_bottom=1, mask_px=2596, frame=365, hsv=[30, 40, 30]-[100, 255, 255][0m
[INFO] [1784183066.629011810] [upstairs_detector]: [0;33m未检测到有效上台阶: bands=0, target_band_from_bottom=1, mask_px=2332, frame=380, hsv=[30, 40, 30]-[100, 255, 255][0m
[INFO] [1784183067.631820813] [upstairs_detector]: [0;33m未检测到有效上台阶: bands=0, target_band_from_bottom=1, mask_px=2414, frame=395, hsv=[30, 40, 30]-[100, 255, 255][0m
[INFO] [1784183068.632603045] [upstairs_detector]: [0;33m未检测到有效上台阶: bands=0, target_band_from_bottom=1, mask_px=2020, frame=410, hsv=[30, 40, 30]-[100, 255, 255][0m
[INFO] [1784183069.699961933] [upstairs_detector]: [0;33m未检测到有效上台阶: bands=0, target_band_from_bottom=1, mask_px=2584, frame=426, hsv=[30, 40, 30]-[100, 255, 255][0m
[INFO] [1784183070.765394937] [upstairs_detector]: [0;33m未检测到有效上台阶: bands=0, target_band_from_bottom=1, mask_px=2568, frame=442, hsv=[30, 40, 30]-[100, 255, 255][0m
[INFO] [1784183071.769769874] [upstairs_detector]: [0;33m未检测到有效上台阶: bands=0, target_band_from_bottom=1, mask_px=2216, frame=457, hsv=[30, 40, 30]-[100, 255, 255][0m
[INFO] [1784183072.833588348] [upstairs_detector]: [0;33m未检测到有效上台阶: bands=0, target_band_from_bottom=1, mask_px=1810, frame=473, hsv=[30, 40, 30]-[100, 255, 255][0m
[INFO] [1784183073.835541629] [upstairs_detector]: [0;33m未检测到有效上台阶: bands=0, target_band_from_bottom=1, mask_px=1988, frame=488, hsv=[30, 40, 30]-[100, 255, 255][0m
[INFO] [1784183074.838121983] [upstairs_detector]: [0;33m未检测到有效上台阶: bands=0, target_band_from_bottom=1, mask_px=2054, frame=503, hsv=[30, 40, 30]-[100, 255, 255][0m
[INFO] [1784183075.836558533] [upstairs_detector]: [0;33m未检测到有效上台阶: bands=0, target_band_from_bottom=1, mask_px=1616, frame=518, hsv=[30, 40, 30]-[100, 255, 255][0m
[INFO] [1784183076.903179908] [upstairs_detector]: [0;33m未检测到有效上台阶: bands=0, target_band_from_bottom=1, mask_px=1849, frame=534, hsv=[30, 40, 30]-[100, 255, 255][0m
[INFO] [1784183077.904636021] [upstairs_detector]: [0;33m未检测到有效上台阶: bands=0, target_band_from_bottom=1, mask_px=2631, frame=549, hsv=[30, 40, 30]-[100, 255, 255][0m
[INFO] [1784183078.973504144] [upstairs_detector]: [0;33m未检测到有效上台阶: bands=0, target_band_from_bottom=1, mask_px=2771, frame=565, hsv=[30, 40, 30]-[100, 255, 255][0m
[INFO] [1784183079.971548713] [upstairs_detector]: [0;33m未检测到有效上台阶: bands=0, target_band_from_bottom=1, mask_px=3892, frame=580, hsv=[30, 40, 30]-[100, 255, 255][0m
[INFO] [1784183080.975443744] [upstairs_detector]: [0;33m未检测到有效上台阶: bands=0, target_band_from_bottom=1, mask_px=5472, frame=595, hsv=[30, 40, 30]-[100, 255, 255][0m
[INFO] [1784183081.974426631] [upstairs_detector]: [0;33m未检测到有效上台阶: bands=0, target_band_from_bottom=1, mask_px=5122, frame=610, hsv=[30, 40, 30]-[100, 255, 255][0m
[INFO] [1784183082.976437627] [upstairs_detector]: [0;33m未检测到有效上台阶: bands=0, target_band_from_bottom=1, mask_px=3523, frame=625, hsv=[30, 40, 30]-[100, 255, 255][0m
[INFO] [1784183083.976161242] [upstairs_detector]: [0;33m未检测到有效上台阶: bands=0, target_band_from_bottom=1, mask_px=5211, frame=640, hsv=[30, 40, 30]-[100, 255, 255][0m
[INFO] [1784183085.044812791] [upstairs_detector]: [0;33m未检测到有效上台阶: bands=0, target_band_from_bottom=1, mask_px=4481, frame=656, hsv=[30, 40, 30]-[100, 255, 255][0m
[INFO] [1784183086.109724210] [upstairs_detector]: [0;33m未检测到有效上台阶: bands=0, target_band_from_bottom=1, mask_px=4517, frame=672, hsv=[30, 40, 30]-[100, 255, 255][0m
