[INFO] [1784183174.478815698] [stairs_manager]: obstacle_manager inactive on startup: start_waypoint_index=0, stop_after_waypoint_index=0
[INFO] [1784183179.597787683] [stairs_manager]: [1;35m发布模式: 1 (下坡)[0m
[INFO] [1784183179.598188254] [stairs_manager]: [1;35m发布上坡步长滤波: False[0m
[INFO] [1784183179.598515647] [stairs_manager]: [1;35m发布路径修正profile: 1 (0=关闭, 1=普通, 2=上坡强修正, 3=强修正符号验证)[0m
[INFO] [1784183179.598924628] [stairs_manager]: obstacle_manager activated: reason=external_topic, start_waypoint_index=0, stop_after_waypoint_index=0, inherit_previous_waypoint_segment_state=False
[INFO] [1784183179.656741734] [stairs_manager]: 解析机身相对 waypoint[0]=small_ramp_entry: source=(-0.151,0.061,-3.7deg), anchor=(-0.151,0.061,current_pose), body_offset=(forward=1.580, left=0.000), yaw_mode=delta, yaw_delta=0.0deg, ref_yaw_source=current, ref_yaw=-3.7deg, target=(-0.048,1.638,-3.7deg), frame=camera_init
[INFO] [1784183179.657299853] [stairs_manager]: [1;35m发布路径修正profile: 0 (0=关闭, 1=普通, 2=上坡强修正, 3=强修正符号验证)[0m
[INFO] [1784183179.658180532] [stairs_manager]: [1;36m发送直驱覆盖点[1/19](attempt=1): small_ramp_entry -> x=-0.048, y=1.638, yaw=-3.7° (body_relative forward=1.580, left=0.000, yaw_mode=delta, yaw_delta=0.0°, source=(-0.151,0.061,-3.7°), anchor=(-0.151,0.061,current_pose), ref_yaw_source=current, ref_yaw=-3.7°), frame=camera_init, path_reference=/serial_path_reference, override=[1,0.800,0.800], 到点后锁存模式=0, note=下坡结束点：这一段固定发送 mode=1,left=0.8,right=0.8 下楼梯；到点后立即切回正常行走，不再额外停顿。[0m
[INFO] [1784183179.756590151] [stairs_manager]: [0;94mwaypoint=1/19 small_ramp_entry dist=1.582m, min_dist=1.575m, yaw_err=0.1deg, pose=(-0.149,0.059), goal=(-0.048,1.638), pose_frame=camera_init, goal_frame=camera_init, line_progress=-0.002/1.580m (-0%), line_remaining=1.582m, line_lateral=0.002m, override=[1,0.800,0.800][0m
[INFO] [1784183180.756638118] [stairs_manager]: [0;94mwaypoint=1/19 small_ramp_entry dist=1.402m, min_dist=1.402m, yaw_err=1.1deg, pose=(-0.128,0.238), goal=(-0.048,1.638), pose_frame=camera_init, goal_frame=camera_init, line_progress=0.178/1.580m (11%), line_remaining=1.402m, line_lateral=0.012m, override=[1,0.800,0.800][0m
[INFO] [1784183181.757005782] [stairs_manager]: [0;94mwaypoint=1/19 small_ramp_entry dist=1.291m, min_dist=1.289m, yaw_err=1.9deg, pose=(-0.128,0.350), goal=(-0.048,1.638), pose_frame=camera_init, goal_frame=camera_init, line_progress=0.289/1.580m (18%), line_remaining=1.291m, line_lateral=0.004m, override=[1,0.800,0.800][0m
[INFO] [1784183182.856674453] [stairs_manager]: [0;94mwaypoint=1/19 small_ramp_entry dist=1.045m, min_dist=1.045m, yaw_err=3.4deg, pose=(-0.051,0.593), goal=(-0.048,1.638), pose_frame=camera_init, goal_frame=camera_init, line_progress=0.537/1.580m (34%), line_remaining=1.043m, line_lateral=0.065m, override=[1,0.800,0.800][0m
[INFO] [1784183183.956630140] [stairs_manager]: [0;94mwaypoint=1/19 small_ramp_entry dist=0.966m, min_dist=0.966m, yaw_err=2.1deg, pose=(-0.144,0.677), goal=(-0.048,1.638), pose_frame=camera_init, goal_frame=camera_init, line_progress=0.614/1.580m (39%), line_remaining=0.966m, line_lateral=-0.033m, override=[1,0.800,0.800][0m
[INFO] [1784183185.056551490] [stairs_manager]: [0;94mwaypoint=1/19 small_ramp_entry dist=0.791m, min_dist=0.680m, yaw_err=3.6deg, pose=(-0.112,0.849), goal=(-0.048,1.638), pose_frame=camera_init, goal_frame=camera_init, line_progress=0.789/1.580m (50%), line_remaining=0.791m, line_lateral=-0.012m, override=[1,0.800,0.800][0m
[INFO] [1784183186.056644594] [stairs_manager]: [0;94mwaypoint=1/19 small_ramp_entry dist=0.555m, min_dist=0.555m, yaw_err=3.2deg, pose=(-0.087,1.084), goal=(-0.048,1.638), pose_frame=camera_init, goal_frame=camera_init, line_progress=1.025/1.580m (65%), line_remaining=0.555m, line_lateral=-0.002m, override=[1,0.800,0.800][0m
[INFO] [1784183187.056687313] [stairs_manager]: [0;94mwaypoint=1/19 small_ramp_entry dist=0.418m, min_dist=0.384m, yaw_err=4.6deg, pose=(-0.068,1.220), goal=(-0.048,1.638), pose_frame=camera_init, goal_frame=camera_init, line_progress=1.162/1.580m (74%), line_remaining=0.418m, line_lateral=0.008m, override=[1,0.800,0.800][0m
[INFO] [1784183188.156868085] [stairs_manager]: [0;94mwaypoint=1/19 small_ramp_entry dist=0.291m, min_dist=0.287m, yaw_err=3.7deg, pose=(-0.053,1.348), goal=(-0.048,1.638), pose_frame=camera_init, goal_frame=camera_init, line_progress=1.290/1.580m (82%), line_remaining=0.290m, line_lateral=0.015m, override=[1,0.800,0.800][0m
[INFO] [1784183188.828775464] [stairs_manager]: [1;32m到点成功: waypoint[0]=small_ramp_entry, dist=0.195, min_dist=0.195, yaw_err=3.4deg, reason=distance_tolerance[0m
[INFO] [1784183188.829280824] [stairs_manager]: [1;35m发布模式: 0 (正常行走)[0m
[INFO] [1784183188.829760685] [stairs_manager]: [1;35m发布上坡步长滤波: True[0m
[INFO] [1784183188.830177975] [stairs_manager]: [1;35m发布路径修正profile: 0 (0=关闭, 1=普通, 2=上坡强修正, 3=强修正符号验证)[0m
[INFO] [1784183188.830576693] [stairs_manager]: [1;32m已到达 waypoint[0]=small_ramp_entry，切换模式为 0 (正常行走)，上坡滤波=True，路径修正profile=0，并锁存到下一个 waypoint。[0m
[INFO] [1784183188.831826706] [stairs_manager]: [1;35m发布模式: 0 (正常行走)[0m
[INFO] [1784183188.832163763] [stairs_manager]: [1;35m发布上坡步长滤波: False[0m
[INFO] [1784183188.832560344] [stairs_manager]: [1;35m发布路径修正profile: 0 (0=关闭, 1=普通, 2=上坡强修正, 3=强修正符号验证)[0m
[INFO] [1784183188.832990075] [stairs_manager]: [1;32m全部 waypoint 已完成，恢复为 mode=0，流程结束。[0m
[INFO] [1784183188.896815091] [stairs_manager]: obstacle_manager deactivated: reason=external_topic
