[INFO] [1784182854.774120918] [orange_pole_detector]: orange_pole_detector started: color=/camera/color/image_raw, depth=/camera/aligned_depth_to_color/image_raw, camera_info=/camera/color/camera_info, hsv_lower=[5, 70, 70], hsv_upper=[30, 255, 255], trigger_distance=1.45m, camera_height=0.23m, depth_percentile=25.0, distance_bias=0.000m
[INFO] [1784182854.891244611] [orange_pole_detector]: 已收到第一帧对齐深度图: topic=/camera/aligned_depth_to_color/image_raw, frame=camera_color_optical_frame, shape=(240, 424)
[INFO] [1784182854.918537402] [orange_pole_detector]: [1;95m触发状态更新: trigger=False[0m
[INFO] [1784182854.920598575] [orange_pole_detector]: [0;33m未检测到有效橘色竖杆: candidates=0, frame=1, hsv_lower=[5, 70, 70], hsv_upper=[30, 255, 255][0m
[INFO] [1784182855.941949482] [orange_pole_detector]: [0;33m未检测到有效橘色竖杆: candidates=0, frame=17, hsv_lower=[5, 70, 70], hsv_upper=[30, 255, 255][0m
[INFO] [1784182856.942635430] [orange_pole_detector]: [0;33m未检测到有效橘色竖杆: candidates=0, frame=32, hsv_lower=[5, 70, 70], hsv_upper=[30, 255, 255][0m
[INFO] [1784182857.944293258] [orange_pole_detector]: [0;33m未检测到有效橘色竖杆: candidates=0, frame=47, hsv_lower=[5, 70, 70], hsv_upper=[30, 255, 255][0m
[INFO] [1784182858.944840599] [orange_pole_detector]: [0;33m未检测到有效橘色竖杆: candidates=0, frame=62, hsv_lower=[5, 70, 70], hsv_upper=[30, 255, 255][0m
[INFO] [1784182859.945878096] [orange_pole_detector]: [0;33m未检测到有效橘色竖杆: candidates=0, frame=77, hsv_lower=[5, 70, 70], hsv_upper=[30, 255, 255][0m
[INFO] [1784182860.946591622] [orange_pole_detector]: [0;33m未检测到有效橘色竖杆: candidates=0, frame=92, hsv_lower=[5, 70, 70], hsv_upper=[30, 255, 255][0m
[INFO] [1784182861.948410025] [orange_pole_detector]: [0;33m未检测到有效橘色竖杆: candidates=0, frame=107, hsv_lower=[5, 70, 70], hsv_upper=[30, 255, 255][0m
[INFO] [1784182862.948233006] [orange_pole_detector]: [0;33m未检测到有效橘色竖杆: candidates=0, frame=122, hsv_lower=[5, 70, 70], hsv_upper=[30, 255, 255][0m
[INFO] [1784182863.948412864] [orange_pole_detector]: [0;33m未检测到有效橘色竖杆: candidates=0, frame=137, hsv_lower=[5, 70, 70], hsv_upper=[30, 255, 255][0m
[INFO] [1784182864.949657454] [orange_pole_detector]: [0;33m未检测到有效橘色竖杆: candidates=0, frame=152, hsv_lower=[5, 70, 70], hsv_upper=[30, 255, 255][0m
[INFO] [1784182865.951724744] [orange_pole_detector]: [0;33m未检测到有效橘色竖杆: candidates=0, frame=167, hsv_lower=[5, 70, 70], hsv_upper=[30, 255, 255][0m
[INFO] [1784182867.016957630] [orange_pole_detector]: [0;33m未检测到有效橘色竖杆: candidates=0, frame=183, hsv_lower=[5, 70, 70], hsv_upper=[30, 255, 255][0m
[INFO] [1784182868.018526883] [orange_pole_detector]: [0;33m未检测到有效橘色竖杆: candidates=0, frame=198, hsv_lower=[5, 70, 70], hsv_upper=[30, 255, 255][0m
[INFO] [1784182869.018581173] [orange_pole_detector]: [0;33m未检测到有效橘色竖杆: candidates=0, frame=213, hsv_lower=[5, 70, 70], hsv_upper=[30, 255, 255][0m
[INFO] [1784182870.018885017] [orange_pole_detector]: [0;33m未检测到有效橘色竖杆: candidates=0, frame=228, hsv_lower=[5, 70, 70], hsv_upper=[30, 255, 255][0m
[INFO] [1784182871.034264413] [orange_pole_detector]: [0;33m未检测到有效橘色竖杆: candidates=0, frame=251, hsv_lower=[5, 70, 70], hsv_upper=[30, 255, 255][0m
[INFO] [1784182872.035150554] [orange_pole_detector]: [0;33m未检测到有效橘色竖杆: candidates=0, frame=266, hsv_lower=[5, 70, 70], hsv_upper=[30, 255, 255][0m
[INFO] [1784182873.036382093] [orange_pole_detector]: [0;33m未检测到有效橘色竖杆: candidates=0, frame=281, hsv_lower=[5, 70, 70], hsv_upper=[30, 255, 255][0m
[INFO] [1784182874.036699956] [orange_pole_detector]: [0;33m未检测到有效橘色竖杆: candidates=0, frame=296, hsv_lower=[5, 70, 70], hsv_upper=[30, 255, 255][0m
[INFO] [1784182875.037449045] [orange_pole_detector]: [0;33m未检测到有效橘色竖杆: candidates=0, frame=311, hsv_lower=[5, 70, 70], hsv_upper=[30, 255, 255][0m
[INFO] [1784182876.038617518] [orange_pole_detector]: [0;33m未检测到有效橘色竖杆: candidates=0, frame=325, hsv_lower=[5, 70, 70], hsv_upper=[30, 255, 255][0m
[INFO] [1784182877.038886572] [orange_pole_detector]: [0;33m未检测到有效橘色竖杆: candidates=0, frame=340, hsv_lower=[5, 70, 70], hsv_upper=[30, 255, 255][0m
[INFO] [1784182878.039558677] [orange_pole_detector]: [0;33m未检测到有效橘色竖杆: candidates=0, frame=355, hsv_lower=[5, 70, 70], hsv_upper=[30, 255, 255][0m
[INFO] [1784182879.040070370] [orange_pole_detector]: [0;33m未检测到有效橘色竖杆: candidates=0, frame=370, hsv_lower=[5, 70, 70], hsv_upper=[30, 255, 255][0m
[INFO] [1784182880.041204051] [orange_pole_detector]: [0;33m未检测到有效橘色竖杆: candidates=0, frame=385, hsv_lower=[5, 70, 70], hsv_upper=[30, 255, 255][0m
[INFO] [1784182881.045936904] [orange_pole_detector]: [0;33m未检测到有效橘色竖杆: candidates=0, frame=400, hsv_lower=[5, 70, 70], hsv_upper=[30, 255, 255][0m
[INFO] [1784182882.043039985] [orange_pole_detector]: [0;33m未检测到有效橘色竖杆: candidates=0, frame=415, hsv_lower=[5, 70, 70], hsv_upper=[30, 255, 255][0m
[INFO] [1784182883.043268190] [orange_pole_detector]: [0;33m未检测到有效橘色竖杆: candidates=0, frame=430, hsv_lower=[5, 70, 70], hsv_upper=[30, 255, 255][0m
[INFO] [1784182883.243999853] [orange_pole_detector]: [1;95m触发状态更新: trigger=True[0m
[INFO] [1784182883.377442417] [orange_pole_detector]: [1;95m触发状态更新: trigger=False[0m
[INFO] [1784182883.444205256] [orange_pole_detector]: [1;95m触发状态更新: trigger=True[0m
[INFO] [1784182884.045293403] [orange_pole_detector]: [1;34m最近杆: dist=1.067m, lateral=0.462m, vertical=0.191m, pixel=(344.5,171.0), box=39x86, height3d=0.216m, depth_px=1694, candidates=1, trigger=True[0m
[INFO] [1784182885.046738888] [orange_pole_detector]: [1;34m最近杆: dist=0.826m, lateral=0.440m, vertical=0.194m, pixel=(374.5,188.0), box=50x93, height3d=0.190m, depth_px=2140, candidates=2, trigger=True[0m
[INFO] [1784182886.053383039] [orange_pole_detector]: [1;34m最近杆: dist=0.698m, lateral=-0.280m, vertical=0.134m, pixel=(91.8,175.1), box=69x134, height3d=0.218m, depth_px=3212, candidates=2, trigger=True[0m
[INFO] [1784182886.381197726] [orange_pole_detector]: [1;95m触发状态更新: trigger=False[0m
[INFO] [1784182887.113945268] [orange_pole_detector]: [0;33m未检测到有效橘色竖杆: candidates=0, frame=491, hsv_lower=[5, 70, 70], hsv_upper=[30, 255, 255][0m
[INFO] [1784182888.113709585] [orange_pole_detector]: [0;33m未检测到有效橘色竖杆: candidates=0, frame=506, hsv_lower=[5, 70, 70], hsv_upper=[30, 255, 255][0m
[INFO] [1784182889.115216436] [orange_pole_detector]: [0;33m未检测到有效橘色竖杆: candidates=0, frame=521, hsv_lower=[5, 70, 70], hsv_upper=[30, 255, 255][0m
[INFO] [1784182890.116306383] [orange_pole_detector]: [0;33m未检测到有效橘色竖杆: candidates=0, frame=536, hsv_lower=[5, 70, 70], hsv_upper=[30, 255, 255][0m
[INFO] [1784182891.182935350] [orange_pole_detector]: [0;33m未检测到有效橘色竖杆: candidates=0, frame=552, hsv_lower=[5, 70, 70], hsv_upper=[30, 255, 255][0m
[INFO] [1784182892.188906379] [orange_pole_detector]: [0;33m未检测到有效橘色竖杆: candidates=0, frame=567, hsv_lower=[5, 70, 70], hsv_upper=[30, 255, 255][0m
[INFO] [1784182893.251241775] [orange_pole_detector]: [0;33m未检测到有效橘色竖杆: candidates=0, frame=583, hsv_lower=[5, 70, 70], hsv_upper=[30, 255, 255][0m
[INFO] [1784182894.251431604] [orange_pole_detector]: [0;33m未检测到有效橘色竖杆: candidates=0, frame=598, hsv_lower=[5, 70, 70], hsv_upper=[30, 255, 255][0m
[INFO] [1784182895.252441981] [orange_pole_detector]: [0;33m未检测到有效橘色竖杆: candidates=0, frame=613, hsv_lower=[5, 70, 70], hsv_upper=[30, 255, 255][0m
[INFO] [1784182896.255564884] [orange_pole_detector]: [0;33m未检测到有效橘色竖杆: candidates=0, frame=628, hsv_lower=[5, 70, 70], hsv_upper=[30, 255, 255][0m
[INFO] [1784182897.322140262] [orange_pole_detector]: [0;33m未检测到有效橘色竖杆: candidates=0, frame=644, hsv_lower=[5, 70, 70], hsv_upper=[30, 255, 255][0m
[INFO] [1784182898.321878998] [orange_pole_detector]: [0;33m未检测到有效橘色竖杆: candidates=0, frame=659, hsv_lower=[5, 70, 70], hsv_upper=[30, 255, 255][0m
[INFO] [1784182899.388287387] [orange_pole_detector]: [0;33m未检测到有效橘色竖杆: candidates=0, frame=675, hsv_lower=[5, 70, 70], hsv_upper=[30, 255, 255][0m
[INFO] [1784182900.389120014] [orange_pole_detector]: [0;33m未检测到有效橘色竖杆: candidates=0, frame=690, hsv_lower=[5, 70, 70], hsv_upper=[30, 255, 255][0m
[INFO] [1784182901.456237461] [orange_pole_detector]: [0;33m未检测到有效橘色竖杆: candidates=0, frame=703, hsv_lower=[5, 70, 70], hsv_upper=[30, 255, 255][0m
