[INFO] [1783994225.995441205] [camera.camera]: RealSense ROS v4.51.1
[INFO] [1783994225.995598323] [camera.camera]: Built with LibRealSense v2.56.5
[INFO] [1783994225.995616505] [camera.camera]: Running with LibRealSense v2.56.5
[INFO] [1783994226.013121778] [camera.camera]: Device with serial number 138422070907 was found.

[INFO] [1783994226.013190479] [camera.camera]: Device with physical ID /sys/devices/pci0000:00/0000:00:14.0/usb4/4-3/4-3:1.0/video4linux/video0 was found.
[INFO] [1783994226.013251621] [camera.camera]: Device with name Intel RealSense D435 was found.
[INFO] [1783994226.013488610] [camera.camera]: Device with port number 4-3 was found.
[INFO] [1783994226.013508977] [camera.camera]: Device USB type: 3.2
[INFO] [1783994226.020862158] [camera.camera]: getParameters...
[WARN] [1783994226.026993175] [camera.camera]: Publishing dynamic camera transforms (/tf) at 30 Hz
[WARN] [1783994226.031429307] [camera.camera]: Publishing dynamic camera transforms (/tf) at 30 Hz
[INFO] [1783994226.039623386] [camera.camera]: JSON file is not provided
[INFO] [1783994226.039686583] [camera.camera]: Device Name: Intel RealSense D435
[INFO] [1783994226.039702690] [camera.camera]: Device Serial No: 138422070907
[INFO] [1783994226.039713525] [camera.camera]: Device physical port: /sys/devices/pci0000:00/0000:00:14.0/usb4/4-3/4-3:1.0/video4linux/video0
[INFO] [1783994226.039724925] [camera.camera]: Device FW version: 5.17.0.10
[INFO] [1783994226.039734598] [camera.camera]: Device Product ID: 0x0B07
[INFO] [1783994226.039744197] [camera.camera]: Sync Mode: On
[WARN] [1783994226.094665969] [camera.camera]: re-enable the stream for the change to take effect.
[WARN] [1783994226.095010380] [camera.camera]: re-enable the stream for the change to take effect.
[WARN] [1783994226.095844109] [camera.camera]: re-enable the stream for the change to take effect.
[WARN] [1783994226.122965896] [camera.camera]: re-enable the stream for the change to take effect.
[WARN] [1783994226.123265797] [camera.camera]: re-enable the stream for the change to take effect.
[WARN] [1783994226.130157866] [camera.camera]: re-enable the stream for the change to take effect.
[INFO] [1783994226.154628256] [camera.camera]: Stopping Sensor: Stereo Module
[INFO] [1783994226.176246118] [camera.camera]: Starting Sensor: Stereo Module
[INFO] [1783994226.181063964] [camera.camera]: Open profile: stream_type: Depth(0), Format: Z16, Width: 424, Height: 240, FPS: 15
[INFO] [1783994226.182768925] [camera.camera]: Stopping Sensor: RGB Camera
[INFO] [1783994226.222273543] [camera.camera]: Starting Sensor: RGB Camera
[INFO] [1783994226.227817355] [camera.camera]: Open profile: stream_type: Color(0), Format: RGB8, Width: 424, Height: 240, FPS: 15
[INFO] [1783994226.239762188] [camera.camera]: RealSense Node Is Up!
[WARN] [1783994226.365369257] [camera.camera]: 
[INFO] [1783994678.065680852] [rclcpp]: signal_handler(SIGINT/SIGTERM)
