[INFO] [1783910572.568837762] [camera.camera]: RealSense ROS v4.51.1
[INFO] [1783910572.569002125] [camera.camera]: Built with LibRealSense v2.56.5
[INFO] [1783910572.569022351] [camera.camera]: Running with LibRealSense v2.56.5
[INFO] [1783910572.613904049] [camera.camera]: Device with serial number 138422070907 was found.

[INFO] [1783910572.613984036] [camera.camera]: Device with physical ID /sys/devices/pci0000:00/0000:00:14.0/usb4/4-3/4-3:1.0/video4linux/video0 was found.
[INFO] [1783910572.613998980] [camera.camera]: Device with name Intel RealSense D435 was found.
[INFO] [1783910572.614229750] [camera.camera]: Device with port number 4-3 was found.
[INFO] [1783910572.614249971] [camera.camera]: Device USB type: 3.2
[INFO] [1783910572.621214224] [camera.camera]: getParameters...
[WARN] [1783910572.621387686] [camera.camera]: Publishing dynamic camera transforms (/tf) at 30 Hz
[WARN] [1783910572.639621565] [camera.camera]: Publishing dynamic camera transforms (/tf) at 30 Hz
[INFO] [1783910572.640022626] [camera.camera]: JSON file is not provided
[INFO] [1783910572.640048715] [camera.camera]: Device Name: Intel RealSense D435
[INFO] [1783910572.640061978] [camera.camera]: Device Serial No: 138422070907
[INFO] [1783910572.640072680] [camera.camera]: Device physical port: /sys/devices/pci0000:00/0000:00:14.0/usb4/4-3/4-3:1.0/video4linux/video0
[INFO] [1783910572.640083643] [camera.camera]: Device FW version: 5.17.0.10
[INFO] [1783910572.640093413] [camera.camera]: Device Product ID: 0x0B07
[INFO] [1783910572.640102802] [camera.camera]: Sync Mode: On
[WARN] [1783910572.713671176] [camera.camera]: re-enable the stream for the change to take effect.
[WARN] [1783910572.713797824] [camera.camera]: re-enable the stream for the change to take effect.
[WARN] [1783910572.714470922] [camera.camera]: re-enable the stream for the change to take effect.
[WARN] [1783910572.752343546] [camera.camera]: re-enable the stream for the change to take effect.
[WARN] [1783910572.752458546] [camera.camera]: re-enable the stream for the change to take effect.
[WARN] [1783910572.753395250] [camera.camera]: re-enable the stream for the change to take effect.
[INFO] [1783910572.805451593] [camera.camera]: Stopping Sensor: Stereo Module
[INFO] [1783910572.848795359] [camera.camera]: Starting Sensor: Stereo Module
[INFO] [1783910572.855806357] [camera.camera]: Open profile: stream_type: Depth(0), Format: Z16, Width: 424, Height: 240, FPS: 15
[INFO] [1783910572.859543881] [camera.camera]: Stopping Sensor: RGB Camera
[INFO] [1783910572.906313660] [camera.camera]: Starting Sensor: RGB Camera
[INFO] [1783910572.910086817] [camera.camera]: Open profile: stream_type: Color(0), Format: RGB8, Width: 424, Height: 240, FPS: 15
[INFO] [1783910572.918203459] [camera.camera]: RealSense Node Is Up!
[WARN] [1783910573.042836235] [camera.camera]: 
[INFO] [1783911676.432240676] [rclcpp]: signal_handler(SIGINT/SIGTERM)
