[INFO] [1783906331.405161617] [camera.camera]: RealSense ROS v4.51.1
[INFO] [1783906331.405320758] [camera.camera]: Built with LibRealSense v2.56.5
[INFO] [1783906331.405339787] [camera.camera]: Running with LibRealSense v2.56.5
[INFO] [1783906331.426020529] [camera.camera]: Device with serial number 138422070907 was found.

[INFO] [1783906331.426106513] [camera.camera]: Device with physical ID /sys/devices/pci0000:00/0000:00:14.0/usb4/4-3/4-3:1.0/video4linux/video0 was found.
[INFO] [1783906331.426122341] [camera.camera]: Device with name Intel RealSense D435 was found.
[INFO] [1783906331.426320932] [camera.camera]: Device with port number 4-3 was found.
[INFO] [1783906331.426343047] [camera.camera]: Device USB type: 3.2
[INFO] [1783906331.440369375] [camera.camera]: getParameters...
[WARN] [1783906331.440672258] [camera.camera]: Publishing dynamic camera transforms (/tf) at 30 Hz
[WARN] [1783906331.444918025] [camera.camera]: Publishing dynamic camera transforms (/tf) at 30 Hz
[INFO] [1783906331.448331736] [camera.camera]: JSON file is not provided
[INFO] [1783906331.448381681] [camera.camera]: Device Name: Intel RealSense D435
[INFO] [1783906331.448392583] [camera.camera]: Device Serial No: 138422070907
[INFO] [1783906331.448403106] [camera.camera]: Device physical port: /sys/devices/pci0000:00/0000:00:14.0/usb4/4-3/4-3:1.0/video4linux/video0
[INFO] [1783906331.448412838] [camera.camera]: Device FW version: 5.17.0.10
[INFO] [1783906331.448421887] [camera.camera]: Device Product ID: 0x0B07
[INFO] [1783906331.448430213] [camera.camera]: Sync Mode: On
[WARN] [1783906331.516476054] [camera.camera]: re-enable the stream for the change to take effect.
[WARN] [1783906331.516757373] [camera.camera]: re-enable the stream for the change to take effect.
[WARN] [1783906331.523462634] [camera.camera]: re-enable the stream for the change to take effect.
[WARN] [1783906331.563375273] [camera.camera]: re-enable the stream for the change to take effect.
[WARN] [1783906331.563587169] [camera.camera]: re-enable the stream for the change to take effect.
[WARN] [1783906331.564728787] [camera.camera]: re-enable the stream for the change to take effect.
[INFO] [1783906331.574145746] [camera.camera]: Stopping Sensor: Stereo Module
[INFO] [1783906331.601736337] [camera.camera]: Starting Sensor: Stereo Module
[INFO] [1783906331.603532915] [camera.camera]: Open profile: stream_type: Depth(0), Format: Z16, Width: 424, Height: 240, FPS: 15
[INFO] [1783906331.604678964] [camera.camera]: Stopping Sensor: RGB Camera
[INFO] [1783906331.626906018] [camera.camera]: Starting Sensor: RGB Camera
[INFO] [1783906331.629739904] [camera.camera]: Open profile: stream_type: Color(0), Format: RGB8, Width: 424, Height: 240, FPS: 15
[INFO] [1783906331.634140313] [camera.camera]: RealSense Node Is Up!
[WARN] [1783906331.865466175] [camera.camera]: 
[WARN] [1783906332.603174124] [camera.camera]: XXX Hardware Notification:Left MIPI error,1.78391e+12,Error,Hardware Error
[WARN] [1783906332.603793966] [camera.camera]: Hardware Notification:Left MIPI error,1.78391e+12,Error,Hardware Error
