[INFO] [1784182977.741339654] [camera.camera]: RealSense ROS v4.51.1
[INFO] [1784182977.741479056] [camera.camera]: Built with LibRealSense v2.56.5
[INFO] [1784182977.741651600] [camera.camera]: Running with LibRealSense v2.56.5
[INFO] [1784182977.760369791] [camera.camera]: Device with serial number 138422070907 was found.

[INFO] [1784182977.760555342] [camera.camera]: Device with physical ID /sys/devices/pci0000:00/0000:00:14.0/usb4/4-3/4-3:1.0/video4linux/video0 was found.
[INFO] [1784182977.760659369] [camera.camera]: Device with name Intel RealSense D435 was found.
[INFO] [1784182977.761743801] [camera.camera]: Device with port number 4-3 was found.
[INFO] [1784182977.761821557] [camera.camera]: Device USB type: 3.2
[INFO] [1784182977.772945910] [camera.camera]: getParameters...
[WARN] [1784182977.774600530] [camera.camera]: Publishing dynamic camera transforms (/tf) at 30 Hz
[WARN] [1784182977.778560569] [camera.camera]: Publishing dynamic camera transforms (/tf) at 30 Hz
[INFO] [1784182977.782192896] [camera.camera]: JSON file is not provided
[INFO] [1784182977.782582751] [camera.camera]: Device Name: Intel RealSense D435
[INFO] [1784182977.782598910] [camera.camera]: Device Serial No: 138422070907
[INFO] [1784182977.782611856] [camera.camera]: Device physical port: /sys/devices/pci0000:00/0000:00:14.0/usb4/4-3/4-3:1.0/video4linux/video0
[INFO] [1784182977.782625470] [camera.camera]: Device FW version: 5.17.0.10
[INFO] [1784182977.782637106] [camera.camera]: Device Product ID: 0x0B07
[INFO] [1784182977.782649230] [camera.camera]: Sync Mode: On
[WARN] [1784182977.819895765] [camera.camera]: re-enable the stream for the change to take effect.
[WARN] [1784182977.820005547] [camera.camera]: re-enable the stream for the change to take effect.
[WARN] [1784182977.820668004] [camera.camera]: re-enable the stream for the change to take effect.
[WARN] [1784182977.838296139] [camera.camera]: re-enable the stream for the change to take effect.
[WARN] [1784182977.838373052] [camera.camera]: re-enable the stream for the change to take effect.
[WARN] [1784182977.839291897] [camera.camera]: re-enable the stream for the change to take effect.
[INFO] [1784182977.854860999] [camera.camera]: Stopping Sensor: Stereo Module
[INFO] [1784182977.864367382] [camera.camera]: Starting Sensor: Stereo Module
[INFO] [1784182977.866209730] [camera.camera]: Open profile: stream_type: Depth(0), Format: Z16, Width: 424, Height: 240, FPS: 15
[INFO] [1784182977.868483768] [camera.camera]: Stopping Sensor: RGB Camera
[INFO] [1784182977.885551777] [camera.camera]: Starting Sensor: RGB Camera
[INFO] [1784182977.886874474] [camera.camera]: Open profile: stream_type: Color(0), Format: RGB8, Width: 424, Height: 240, FPS: 15
[INFO] [1784182977.889964449] [camera.camera]: RealSense Node Is Up!
[WARN] [1784182978.073521456] [camera.camera]: 
[INFO] [1784183026.392878697] [rclcpp]: signal_handler(SIGINT/SIGTERM)
