[INFO] [1784153949.526653271] [camera.camera]: RealSense ROS v4.51.1
[INFO] [1784153949.527127942] [camera.camera]: Built with LibRealSense v2.56.5
[INFO] [1784153949.527216136] [camera.camera]: Running with LibRealSense v2.56.5
[INFO] [1784153949.591318640] [camera.camera]: Device with serial number 138422070907 was found.

[INFO] [1784153949.591695923] [camera.camera]: Device with physical ID /sys/devices/pci0000:00/0000:00:14.0/usb4/4-3/4-3:1.0/video4linux/video4 was found.
[INFO] [1784153949.592283499] [camera.camera]: Device with name Intel RealSense D435 was found.
[INFO] [1784153949.593047444] [camera.camera]: Device with port number 4-3 was found.
[INFO] [1784153949.593091763] [camera.camera]: Device USB type: 3.2
[INFO] [1784153949.604504640] [camera.camera]: getParameters...
[WARN] [1784153949.607825175] [camera.camera]: Publishing dynamic camera transforms (/tf) at 30 Hz
[WARN] [1784153949.612066420] [camera.camera]: Publishing dynamic camera transforms (/tf) at 30 Hz
[INFO] [1784153949.621751199] [camera.camera]: JSON file is not provided
[INFO] [1784153949.622491535] [camera.camera]: Device Name: Intel RealSense D435
[INFO] [1784153949.622506888] [camera.camera]: Device Serial No: 138422070907
[INFO] [1784153949.622516698] [camera.camera]: Device physical port: /sys/devices/pci0000:00/0000:00:14.0/usb4/4-3/4-3:1.0/video4linux/video4
[INFO] [1784153949.622650550] [camera.camera]: Device FW version: 5.17.0.10
[INFO] [1784153949.622662340] [camera.camera]: Device Product ID: 0x0B07
[INFO] [1784153949.622670597] [camera.camera]: Sync Mode: On
[WARN] [1784153949.698243150] [camera.camera]: re-enable the stream for the change to take effect.
[WARN] [1784153949.711039401] [camera.camera]: re-enable the stream for the change to take effect.
[WARN] [1784153949.713394213] [camera.camera]: re-enable the stream for the change to take effect.
[WARN] [1784153949.759729611] [camera.camera]: re-enable the stream for the change to take effect.
[WARN] [1784153949.759807023] [camera.camera]: re-enable the stream for the change to take effect.
[WARN] [1784153949.761947069] [camera.camera]: re-enable the stream for the change to take effect.
[INFO] [1784153949.792501551] [camera.camera]: Stopping Sensor: Stereo Module
[INFO] [1784153949.811788368] [camera.camera]: Starting Sensor: Stereo Module
[INFO] [1784153949.817648676] [camera.camera]: Open profile: stream_type: Depth(0), Format: Z16, Width: 424, Height: 240, FPS: 15
[INFO] [1784153949.818083682] [camera.camera]: Stopping Sensor: RGB Camera
[INFO] [1784153949.862513000] [camera.camera]: Starting Sensor: RGB Camera
[INFO] [1784153949.863988082] [camera.camera]: Open profile: stream_type: Color(0), Format: RGB8, Width: 424, Height: 240, FPS: 15
[INFO] [1784153949.867827041] [camera.camera]: RealSense Node Is Up!
[WARN] [1784153950.017221338] [camera.camera]: 
[INFO] [1784154259.642777615] [rclcpp]: signal_handler(SIGINT/SIGTERM)
