[INFO] [1784182917.520229590] [camera.camera]: RealSense ROS v4.51.1
[INFO] [1784182917.520371508] [camera.camera]: Built with LibRealSense v2.56.5
[INFO] [1784182917.520387848] [camera.camera]: Running with LibRealSense v2.56.5
[INFO] [1784182917.551047340] [camera.camera]: Device with serial number 138422070907 was found.

[INFO] [1784182917.553511282] [camera.camera]: Device with physical ID /sys/devices/pci0000:00/0000:00:14.0/usb4/4-3/4-3:1.0/video4linux/video0 was found.
[INFO] [1784182917.553539611] [camera.camera]: Device with name Intel RealSense D435 was found.
[INFO] [1784182917.553765817] [camera.camera]: Device with port number 4-3 was found.
[INFO] [1784182917.553799383] [camera.camera]: Device USB type: 3.2
[INFO] [1784182917.564838733] [camera.camera]: getParameters...
[WARN] [1784182917.565351462] [camera.camera]: Publishing dynamic camera transforms (/tf) at 30 Hz
[WARN] [1784182917.566987145] [camera.camera]: Publishing dynamic camera transforms (/tf) at 30 Hz
[INFO] [1784182917.574970749] [camera.camera]: JSON file is not provided
[INFO] [1784182917.575050104] [camera.camera]: Device Name: Intel RealSense D435
[INFO] [1784182917.575067653] [camera.camera]: Device Serial No: 138422070907
[INFO] [1784182917.575118081] [camera.camera]: Device physical port: /sys/devices/pci0000:00/0000:00:14.0/usb4/4-3/4-3:1.0/video4linux/video0
[INFO] [1784182917.575135580] [camera.camera]: Device FW version: 5.17.0.10
[INFO] [1784182917.575150769] [camera.camera]: Device Product ID: 0x0B07
[INFO] [1784182917.575293608] [camera.camera]: Sync Mode: On
[WARN] [1784182917.641020574] [camera.camera]: re-enable the stream for the change to take effect.
[WARN] [1784182917.641742019] [camera.camera]: re-enable the stream for the change to take effect.
[WARN] [1784182917.652370613] [camera.camera]: re-enable the stream for the change to take effect.
[WARN] [1784182917.717503358] [camera.camera]: re-enable the stream for the change to take effect.
[WARN] [1784182917.719140589] [camera.camera]: re-enable the stream for the change to take effect.
[WARN] [1784182917.723336694] [camera.camera]: re-enable the stream for the change to take effect.
[INFO] [1784182917.784469625] [camera.camera]: Stopping Sensor: Stereo Module
[INFO] [1784182917.815570244] [camera.camera]: Starting Sensor: Stereo Module
[INFO] [1784182917.819003019] [camera.camera]: Open profile: stream_type: Depth(0), Format: Z16, Width: 424, Height: 240, FPS: 15
[INFO] [1784182917.820986888] [camera.camera]: Stopping Sensor: RGB Camera
[INFO] [1784182917.862790761] [camera.camera]: Starting Sensor: RGB Camera
[INFO] [1784182917.867932999] [camera.camera]: Open profile: stream_type: Color(0), Format: RGB8, Width: 424, Height: 240, FPS: 15
[INFO] [1784182917.876328799] [camera.camera]: RealSense Node Is Up!
[WARN] [1784182918.023498534] [camera.camera]: 
[INFO] [1784182964.463745859] [rclcpp]: signal_handler(SIGINT/SIGTERM)
