[INFO] [1784186857.070087903] [camera.camera]: RealSense ROS v4.51.1
[INFO] [1784186857.070263560] [camera.camera]: Built with LibRealSense v2.56.5
[INFO] [1784186857.070418176] [camera.camera]: Running with LibRealSense v2.56.5
[INFO] [1784186857.097616144] [camera.camera]: Device with serial number 138422070907 was found.

[INFO] [1784186857.097706527] [camera.camera]: Device with physical ID /sys/devices/pci0000:00/0000:00:14.0/usb4/4-3/4-3:1.0/video4linux/video0 was found.
[INFO] [1784186857.097749178] [camera.camera]: Device with name Intel RealSense D435 was found.
[INFO] [1784186857.097964108] [camera.camera]: Device with port number 4-3 was found.
[INFO] [1784186857.098003242] [camera.camera]: Device USB type: 3.2
[INFO] [1784186857.108848807] [camera.camera]: getParameters...
[WARN] [1784186857.109107601] [camera.camera]: Publishing dynamic camera transforms (/tf) at 30 Hz
[WARN] [1784186857.112657095] [camera.camera]: Publishing dynamic camera transforms (/tf) at 30 Hz
[INFO] [1784186857.117509195] [camera.camera]: JSON file is not provided
[INFO] [1784186857.117573212] [camera.camera]: Device Name: Intel RealSense D435
[INFO] [1784186857.117693486] [camera.camera]: Device Serial No: 138422070907
[INFO] [1784186857.117710444] [camera.camera]: Device physical port: /sys/devices/pci0000:00/0000:00:14.0/usb4/4-3/4-3:1.0/video4linux/video0
[INFO] [1784186857.117730736] [camera.camera]: Device FW version: 5.17.0.10
[INFO] [1784186857.117743638] [camera.camera]: Device Product ID: 0x0B07
[INFO] [1784186857.117758078] [camera.camera]: Sync Mode: On
[WARN] [1784186857.160687806] [camera.camera]: re-enable the stream for the change to take effect.
[WARN] [1784186857.160828770] [camera.camera]: re-enable the stream for the change to take effect.
[WARN] [1784186857.169361354] [camera.camera]: re-enable the stream for the change to take effect.
[WARN] [1784186857.203562183] [camera.camera]: re-enable the stream for the change to take effect.
[WARN] [1784186857.203678617] [camera.camera]: re-enable the stream for the change to take effect.
[WARN] [1784186857.204632089] [camera.camera]: re-enable the stream for the change to take effect.
[INFO] [1784186857.263220397] [camera.camera]: Stopping Sensor: Stereo Module
[INFO] [1784186857.283353786] [camera.camera]: Starting Sensor: Stereo Module
[INFO] [1784186857.287485310] [camera.camera]: Open profile: stream_type: Depth(0), Format: Z16, Width: 424, Height: 240, FPS: 15
[INFO] [1784186857.288548126] [camera.camera]: Stopping Sensor: RGB Camera
[INFO] [1784186857.313625753] [camera.camera]: Starting Sensor: RGB Camera
[INFO] [1784186857.318690589] [camera.camera]: Open profile: stream_type: Color(0), Format: RGB8, Width: 424, Height: 240, FPS: 15
[INFO] [1784186857.324704084] [camera.camera]: RealSense Node Is Up!
[WARN] [1784186857.477087729] [camera.camera]: 
