[INFO] [1783728915.243978523] [camera.camera]: RealSense ROS v4.51.1
[INFO] [1783728915.245024886] [camera.camera]: Built with LibRealSense v2.56.5
[INFO] [1783728915.245127291] [camera.camera]: Running with LibRealSense v2.56.5
[INFO] [1783728915.262113574] [camera.camera]: Device with serial number 138422070907 was found.

[INFO] [1783728915.262190565] [camera.camera]: Device with physical ID /sys/devices/pci0000:00/0000:00:14.0/usb4/4-3/4-3:1.0/video4linux/video0 was found.
[INFO] [1783728915.267854206] [camera.camera]: Device with name Intel RealSense D435 was found.
[INFO] [1783728915.268093208] [camera.camera]: Device with port number 4-3 was found.
[INFO] [1783728915.268119559] [camera.camera]: Device USB type: 3.2
[INFO] [1783728915.274895268] [camera.camera]: getParameters...
[WARN] [1783728915.276342594] [camera.camera]: Publishing dynamic camera transforms (/tf) at 30 Hz
[WARN] [1783728915.279363850] [camera.camera]: Publishing dynamic camera transforms (/tf) at 30 Hz
[INFO] [1783728915.281575047] [camera.camera]: JSON file is not provided
[INFO] [1783728915.282000325] [camera.camera]: Device Name: Intel RealSense D435
[INFO] [1783728915.282124510] [camera.camera]: Device Serial No: 138422070907
[INFO] [1783728915.282143173] [camera.camera]: Device physical port: /sys/devices/pci0000:00/0000:00:14.0/usb4/4-3/4-3:1.0/video4linux/video0
[INFO] [1783728915.282159139] [camera.camera]: Device FW version: 5.17.0.10
[INFO] [1783728915.282174667] [camera.camera]: Device Product ID: 0x0B07
[INFO] [1783728915.282190044] [camera.camera]: Sync Mode: On
[WARN] [1783728915.319220850] [camera.camera]: re-enable the stream for the change to take effect.
[WARN] [1783728915.319753842] [camera.camera]: re-enable the stream for the change to take effect.
[WARN] [1783728915.322484054] [camera.camera]: re-enable the stream for the change to take effect.
[WARN] [1783728915.340281550] [camera.camera]: re-enable the stream for the change to take effect.
[WARN] [1783728915.341073063] [camera.camera]: re-enable the stream for the change to take effect.
[WARN] [1783728915.343166689] [camera.camera]: re-enable the stream for the change to take effect.
[INFO] [1783728915.363610472] [camera.camera]: Stopping Sensor: Stereo Module
[INFO] [1783728915.392361474] [camera.camera]: Starting Sensor: Stereo Module
[INFO] [1783728915.398716721] [camera.camera]: Open profile: stream_type: Depth(0), Format: Z16, Width: 424, Height: 240, FPS: 15
[INFO] [1783728915.399183910] [camera.camera]: Stopping Sensor: RGB Camera
[INFO] [1783728915.430226273] [camera.camera]: Starting Sensor: RGB Camera
[INFO] [1783728915.437593851] [camera.camera]: Open profile: stream_type: Color(0), Format: RGB8, Width: 424, Height: 240, FPS: 15
[INFO] [1783728915.445768682] [camera.camera]: RealSense Node Is Up!
[WARN] [1783728915.582977773] [camera.camera]: 
