[INFO] [1783994863.327162558] [camera.camera]: RealSense ROS v4.51.1
[INFO] [1783994863.327306178] [camera.camera]: Built with LibRealSense v2.56.5
[INFO] [1783994863.327321850] [camera.camera]: Running with LibRealSense v2.56.5
[INFO] [1783994863.340912862] [camera.camera]: Device with serial number 138422070907 was found.

[INFO] [1783994863.340976848] [camera.camera]: Device with physical ID /sys/devices/pci0000:00/0000:00:14.0/usb4/4-3/4-3:1.0/video4linux/video0 was found.
[INFO] [1783994863.340988377] [camera.camera]: Device with name Intel RealSense D435 was found.
[INFO] [1783994863.341167027] [camera.camera]: Device with port number 4-3 was found.
[INFO] [1783994863.341183099] [camera.camera]: Device USB type: 3.2
[INFO] [1783994863.344658315] [camera.camera]: getParameters...
[WARN] [1783994863.345788364] [camera.camera]: Publishing dynamic camera transforms (/tf) at 30 Hz
[WARN] [1783994863.350068521] [camera.camera]: Publishing dynamic camera transforms (/tf) at 30 Hz
[INFO] [1783994863.350394088] [camera.camera]: JSON file is not provided
[INFO] [1783994863.350415105] [camera.camera]: Device Name: Intel RealSense D435
[INFO] [1783994863.350424705] [camera.camera]: Device Serial No: 138422070907
[INFO] [1783994863.350434593] [camera.camera]: Device physical port: /sys/devices/pci0000:00/0000:00:14.0/usb4/4-3/4-3:1.0/video4linux/video0
[INFO] [1783994863.350444082] [camera.camera]: Device FW version: 5.17.0.10
[INFO] [1783994863.353026383] [camera.camera]: Device Product ID: 0x0B07
[INFO] [1783994863.353047958] [camera.camera]: Sync Mode: On
[WARN] [1783994863.398398871] [camera.camera]: re-enable the stream for the change to take effect.
[WARN] [1783994863.399123145] [camera.camera]: re-enable the stream for the change to take effect.
[WARN] [1783994863.403463881] [camera.camera]: re-enable the stream for the change to take effect.
[WARN] [1783994863.421521334] [camera.camera]: re-enable the stream for the change to take effect.
[WARN] [1783994863.422932720] [camera.camera]: re-enable the stream for the change to take effect.
[WARN] [1783994863.424996844] [camera.camera]: re-enable the stream for the change to take effect.
[INFO] [1783994863.444029379] [camera.camera]: Stopping Sensor: Stereo Module
[INFO] [1783994863.460289975] [camera.camera]: Starting Sensor: Stereo Module
[INFO] [1783994863.461778827] [camera.camera]: Open profile: stream_type: Depth(0), Format: Z16, Width: 424, Height: 240, FPS: 15
[INFO] [1783994863.462235085] [camera.camera]: Stopping Sensor: RGB Camera
[INFO] [1783994863.485641206] [camera.camera]: Starting Sensor: RGB Camera
[INFO] [1783994863.487655884] [camera.camera]: Open profile: stream_type: Color(0), Format: RGB8, Width: 424, Height: 240, FPS: 15
[INFO] [1783994863.492349912] [camera.camera]: RealSense Node Is Up!
[WARN] [1783994863.651649546] [camera.camera]: 
[INFO] [1783995312.381142660] [rclcpp]: signal_handler(SIGINT/SIGTERM)
