[INFO] [1783752846.931595700] [camera.camera]: RealSense ROS v4.51.1
[INFO] [1783752846.933188936] [camera.camera]: Built with LibRealSense v2.56.5
[INFO] [1783752846.933231166] [camera.camera]: Running with LibRealSense v2.56.5
[INFO] [1783752846.968166797] [camera.camera]: Device with serial number 138422070907 was found.

[INFO] [1783752846.968254471] [camera.camera]: Device with physical ID /sys/devices/pci0000:00/0000:00:14.0/usb4/4-3/4-3:1.0/video4linux/video0 was found.
[INFO] [1783752846.968606358] [camera.camera]: Device with name Intel RealSense D435 was found.
[INFO] [1783752846.969144407] [camera.camera]: Device with port number 4-3 was found.
[INFO] [1783752846.969513326] [camera.camera]: Device USB type: 3.2
[INFO] [1783752846.984663662] [camera.camera]: getParameters...
[WARN] [1783752846.986394357] [camera.camera]: Publishing dynamic camera transforms (/tf) at 30 Hz
[WARN] [1783752846.992229609] [camera.camera]: Publishing dynamic camera transforms (/tf) at 30 Hz
[INFO] [1783752847.001157859] [camera.camera]: JSON file is not provided
[INFO] [1783752847.001503953] [camera.camera]: Device Name: Intel RealSense D435
[INFO] [1783752847.001763289] [camera.camera]: Device Serial No: 138422070907
[INFO] [1783752847.001783407] [camera.camera]: Device physical port: /sys/devices/pci0000:00/0000:00:14.0/usb4/4-3/4-3:1.0/video4linux/video0
[INFO] [1783752847.001795366] [camera.camera]: Device FW version: 5.17.0.10
[INFO] [1783752847.001806930] [camera.camera]: Device Product ID: 0x0B07
[INFO] [1783752847.001816869] [camera.camera]: Sync Mode: On
[WARN] [1783752847.063372784] [camera.camera]: re-enable the stream for the change to take effect.
[WARN] [1783752847.065932379] [camera.camera]: re-enable the stream for the change to take effect.
[WARN] [1783752847.071615777] [camera.camera]: re-enable the stream for the change to take effect.
[WARN] [1783752847.124478384] [camera.camera]: re-enable the stream for the change to take effect.
[WARN] [1783752847.126829571] [camera.camera]: re-enable the stream for the change to take effect.
[WARN] [1783752847.132265266] [camera.camera]: re-enable the stream for the change to take effect.
[INFO] [1783752847.218717535] [camera.camera]: Stopping Sensor: Stereo Module
[INFO] [1783752847.243478064] [camera.camera]: Starting Sensor: Stereo Module
[INFO] [1783752847.246289688] [camera.camera]: Open profile: stream_type: Depth(0), Format: Z16, Width: 424, Height: 240, FPS: 15
[INFO] [1783752847.248989287] [camera.camera]: Stopping Sensor: RGB Camera
[INFO] [1783752847.286226705] [camera.camera]: Starting Sensor: RGB Camera
[INFO] [1783752847.290526498] [camera.camera]: Open profile: stream_type: Color(0), Format: RGB8, Width: 424, Height: 240, FPS: 15
[INFO] [1783752847.294239236] [camera.camera]: RealSense Node Is Up!
[WARN] [1783752847.433520344] [camera.camera]: 
