[INFO] [1784097215.121804435] [camera.camera]: RealSense ROS v4.51.1
[INFO] [1784097215.121966376] [camera.camera]: Built with LibRealSense v2.56.5
[INFO] [1784097215.121990949] [camera.camera]: Running with LibRealSense v2.56.5
[INFO] [1784097215.162149141] [camera.camera]: Device with serial number 138422070907 was found.

[INFO] [1784097215.162231021] [camera.camera]: Device with physical ID /sys/devices/pci0000:00/0000:00:14.0/usb4/4-3/4-3:1.0/video4linux/video0 was found.
[INFO] [1784097215.162323547] [camera.camera]: Device with name Intel RealSense D435 was found.
[INFO] [1784097215.162562756] [camera.camera]: Device with port number 4-3 was found.
[INFO] [1784097215.162634604] [camera.camera]: Device USB type: 3.2
[INFO] [1784097215.178010044] [camera.camera]: getParameters...
[WARN] [1784097215.179418331] [camera.camera]: Publishing dynamic camera transforms (/tf) at 30 Hz
[WARN] [1784097215.188244026] [camera.camera]: Publishing dynamic camera transforms (/tf) at 30 Hz
[INFO] [1784097215.199767302] [camera.camera]: JSON file is not provided
[INFO] [1784097215.200788294] [camera.camera]: Device Name: Intel RealSense D435
[INFO] [1784097215.201116958] [camera.camera]: Device Serial No: 138422070907
[INFO] [1784097215.201263038] [camera.camera]: Device physical port: /sys/devices/pci0000:00/0000:00:14.0/usb4/4-3/4-3:1.0/video4linux/video0
[INFO] [1784097215.201417183] [camera.camera]: Device FW version: 5.17.0.10
[INFO] [1784097215.201434766] [camera.camera]: Device Product ID: 0x0B07
[INFO] [1784097215.201465171] [camera.camera]: Sync Mode: On
[WARN] [1784097215.253501502] [camera.camera]: re-enable the stream for the change to take effect.
[WARN] [1784097215.254692569] [camera.camera]: re-enable the stream for the change to take effect.
[WARN] [1784097215.258343074] [camera.camera]: re-enable the stream for the change to take effect.
[WARN] [1784097215.293146144] [camera.camera]: re-enable the stream for the change to take effect.
[WARN] [1784097215.293933421] [camera.camera]: re-enable the stream for the change to take effect.
[WARN] [1784097215.295599263] [camera.camera]: re-enable the stream for the change to take effect.
[INFO] [1784097215.340910870] [camera.camera]: Stopping Sensor: Stereo Module
[INFO] [1784097215.387536762] [camera.camera]: Starting Sensor: Stereo Module
[INFO] [1784097215.393368461] [camera.camera]: Open profile: stream_type: Depth(0), Format: Z16, Width: 424, Height: 240, FPS: 15
[INFO] [1784097215.393810228] [camera.camera]: Stopping Sensor: RGB Camera
[INFO] [1784097215.414814055] [camera.camera]: Starting Sensor: RGB Camera
[INFO] [1784097215.419516376] [camera.camera]: Open profile: stream_type: Color(0), Format: RGB8, Width: 424, Height: 240, FPS: 15
[INFO] [1784097215.430824985] [camera.camera]: RealSense Node Is Up!
[WARN] [1784097215.579936716] [camera.camera]: 
