[INFO] [1784183173.517013509] [camera.camera]: RealSense ROS v4.51.1
[INFO] [1784183173.517183539] [camera.camera]: Built with LibRealSense v2.56.5
[INFO] [1784183173.517202951] [camera.camera]: Running with LibRealSense v2.56.5
[INFO] [1784183173.546963114] [camera.camera]: Device with serial number 138422070907 was found.

[INFO] [1784183173.547030583] [camera.camera]: Device with physical ID /sys/devices/pci0000:00/0000:00:14.0/usb4/4-3/4-3:1.0/video4linux/video0 was found.
[INFO] [1784183173.547043031] [camera.camera]: Device with name Intel RealSense D435 was found.
[INFO] [1784183173.547266379] [camera.camera]: Device with port number 4-3 was found.
[INFO] [1784183173.547285260] [camera.camera]: Device USB type: 3.2
[INFO] [1784183173.556742799] [camera.camera]: getParameters...
[WARN] [1784183173.556918029] [camera.camera]: Publishing dynamic camera transforms (/tf) at 30 Hz
[WARN] [1784183173.566206352] [camera.camera]: Publishing dynamic camera transforms (/tf) at 30 Hz
[INFO] [1784183173.572483064] [camera.camera]: JSON file is not provided
[INFO] [1784183173.572532638] [camera.camera]: Device Name: Intel RealSense D435
[INFO] [1784183173.572545149] [camera.camera]: Device Serial No: 138422070907
[INFO] [1784183173.572556191] [camera.camera]: Device physical port: /sys/devices/pci0000:00/0000:00:14.0/usb4/4-3/4-3:1.0/video4linux/video0
[INFO] [1784183173.572567145] [camera.camera]: Device FW version: 5.17.0.10
[INFO] [1784183173.572576556] [camera.camera]: Device Product ID: 0x0B07
[INFO] [1784183173.572585648] [camera.camera]: Sync Mode: On
[WARN] [1784183173.621649001] [camera.camera]: re-enable the stream for the change to take effect.
[WARN] [1784183173.624029822] [camera.camera]: re-enable the stream for the change to take effect.
[WARN] [1784183173.627424863] [camera.camera]: re-enable the stream for the change to take effect.
[WARN] [1784183173.651214852] [camera.camera]: re-enable the stream for the change to take effect.
[WARN] [1784183173.651572853] [camera.camera]: re-enable the stream for the change to take effect.
[WARN] [1784183173.652981608] [camera.camera]: re-enable the stream for the change to take effect.
[INFO] [1784183173.690382145] [camera.camera]: Stopping Sensor: Stereo Module
[INFO] [1784183173.705680452] [camera.camera]: Starting Sensor: Stereo Module
[INFO] [1784183173.708420453] [camera.camera]: Open profile: stream_type: Depth(0), Format: Z16, Width: 424, Height: 240, FPS: 15
[INFO] [1784183173.708857950] [camera.camera]: Stopping Sensor: RGB Camera
[INFO] [1784183173.742096206] [camera.camera]: Starting Sensor: RGB Camera
[INFO] [1784183173.747146082] [camera.camera]: Open profile: stream_type: Color(0), Format: RGB8, Width: 424, Height: 240, FPS: 15
[INFO] [1784183173.748144109] [camera.camera]: RealSense Node Is Up!
[WARN] [1784183173.896374649] [camera.camera]: 
