[0.011s] Invoking command in '/home/gouzi/obstacle_race_src/build/quadruped_step_mapper': CMAKE_PREFIX_PATH=/opt/ros/humble /usr/bin/cmake /home/gouzi/obstacle_race_src/src/quadruped_step_mapper -DAMENT_CMAKE_SYMLINK_INSTALL=1 -DCMAKE_INSTALL_PREFIX=/home/gouzi/obstacle_race_src/install/quadruped_step_mapper
[0.253s] -- Found ament_cmake: 1.3.13 (/opt/ros/humble/share/ament_cmake/cmake)
[0.253s] -- Override CMake install command with custom implementation using symlinks instead of copying resources
[0.253s] -- Found geometry_msgs: 4.9.1 (/opt/ros/humble/share/geometry_msgs/cmake)
[0.253s] -- Found rosidl_generator_c: 3.1.8 (/opt/ros/humble/share/rosidl_generator_c/cmake)
[0.254s] -- Found rosidl_adapter: 3.1.8 (/opt/ros/humble/share/rosidl_adapter/cmake)
[0.254s] -- Found rosidl_generator_cpp: 3.1.8 (/opt/ros/humble/share/rosidl_generator_cpp/cmake)
[0.254s] -- Using all available rosidl_typesupport_c: rosidl_typesupport_fastrtps_c;rosidl_typesupport_introspection_c
[0.254s] -- Using all available rosidl_typesupport_cpp: rosidl_typesupport_fastrtps_cpp;rosidl_typesupport_introspection_cpp
[0.266s] -- Found nav_msgs: 4.9.1 (/opt/ros/humble/share/nav_msgs/cmake)
[0.284s] -- Found rclcpp: 16.0.18 (/opt/ros/humble/share/rclcpp/cmake)
[0.320s] -- Found rmw_implementation_cmake: 6.1.2 (/opt/ros/humble/share/rmw_implementation_cmake/cmake)
[0.323s] -- Found rmw_fastrtps_cpp: 6.2.10 (/opt/ros/humble/share/rmw_fastrtps_cpp/cmake)
[0.467s] -- Using RMW implementation 'rmw_fastrtps_cpp' as default
[0.587s] -- Configuring done
[0.604s] -- Generating done
[0.610s] -- Build files have been written to: /home/gouzi/obstacle_race_src/build/quadruped_step_mapper
[0.619s] Invoked command in '/home/gouzi/obstacle_race_src/build/quadruped_step_mapper' returned '0': CMAKE_PREFIX_PATH=/opt/ros/humble /usr/bin/cmake /home/gouzi/obstacle_race_src/src/quadruped_step_mapper -DAMENT_CMAKE_SYMLINK_INSTALL=1 -DCMAKE_INSTALL_PREFIX=/home/gouzi/obstacle_race_src/install/quadruped_step_mapper
[0.620s] Invoking command in '/home/gouzi/obstacle_race_src/build/quadruped_step_mapper': CMAKE_PREFIX_PATH=/opt/ros/humble /usr/bin/cmake --build /home/gouzi/obstacle_race_src/build/quadruped_step_mapper -- -j8 -l8
[0.658s] Consolidate compiler generated dependencies of target cmd_vel_to_serial_node
[0.661s] Consolidate compiler generated dependencies of target cmd_vel_to_step_length_node
[0.670s] [ 12%] Building CXX object CMakeFiles/cmd_vel_to_serial_node.dir/src/cmd_vel_to_serial_node.cpp.o
[0.675s] [ 25%] Linking CXX executable cmd_vel_to_step_length_node
[1.252s] [ 62%] Built target cmd_vel_to_step_length_node
[21.705s] [ 75%] Linking CXX executable cmd_vel_to_serial_node
[23.242s] [100%] Built target cmd_vel_to_serial_node
[23.254s] Invoked command in '/home/gouzi/obstacle_race_src/build/quadruped_step_mapper' returned '0': CMAKE_PREFIX_PATH=/opt/ros/humble /usr/bin/cmake --build /home/gouzi/obstacle_race_src/build/quadruped_step_mapper -- -j8 -l8
[23.267s] Invoking command in '/home/gouzi/obstacle_race_src/build/quadruped_step_mapper': CMAKE_PREFIX_PATH=/opt/ros/humble /usr/bin/cmake --install /home/gouzi/obstacle_race_src/build/quadruped_step_mapper
[23.273s] -- Install configuration: ""
[23.273s] -- Execute custom install script
[23.274s] -- Symlinking: /home/gouzi/obstacle_race_src/install/quadruped_step_mapper/lib/quadruped_step_mapper/cmd_vel_to_step_length_node
[23.283s] -- Symlinking: /home/gouzi/obstacle_race_src/install/quadruped_step_mapper/lib/quadruped_step_mapper/cmd_vel_to_serial_node
[23.290s] -- Symlinking: /home/gouzi/obstacle_race_src/install/quadruped_step_mapper/lib/quadruped_step_mapper/serial_start_listener.py
[23.301s] -- Symlinking: /home/gouzi/obstacle_race_src/install/quadruped_step_mapper/lib/quadruped_step_mapper/serial_step_tester.py
[23.308s] -- Symlinking: /home/gouzi/obstacle_race_src/install/quadruped_step_mapper/include/quadruped_step_mapper/cmd_vel_to_serial_node.hpp
[23.315s] -- Symlinking: /home/gouzi/obstacle_race_src/install/quadruped_step_mapper/include/quadruped_step_mapper/cmd_vel_to_step_length_node.hpp
[23.322s] -- Symlinking: /home/gouzi/obstacle_race_src/install/quadruped_step_mapper/include/quadruped_step_mapper/step_length_mapper.hpp
[23.331s] -- Symlinking: /home/gouzi/obstacle_race_src/install/quadruped_step_mapper/share/quadruped_step_mapper/config/cmd_vel_to_serial.yaml
[23.338s] -- Symlinking: /home/gouzi/obstacle_race_src/install/quadruped_step_mapper/share/quadruped_step_mapper/config/diff_like_quadruped.yaml
[23.345s] -- Symlinking: /home/gouzi/obstacle_race_src/install/quadruped_step_mapper/share/quadruped_step_mapper/launch/cmd_vel_to_serial.launch.py
[23.352s] -- Symlinking: /home/gouzi/obstacle_race_src/install/quadruped_step_mapper/share/quadruped_step_mapper/launch/cmd_vel_to_step_length.launch.py
[23.358s] -- Symlinking: /home/gouzi/obstacle_race_src/install/quadruped_step_mapper/share/ament_index/resource_index/package_run_dependencies/quadruped_step_mapper
[23.365s] -- Symlinking: /home/gouzi/obstacle_race_src/install/quadruped_step_mapper/share/ament_index/resource_index/parent_prefix_path/quadruped_step_mapper
[23.374s] -- Symlinking: /home/gouzi/obstacle_race_src/install/quadruped_step_mapper/share/quadruped_step_mapper/environment/ament_prefix_path.sh
[23.382s] -- Symlinking: /home/gouzi/obstacle_race_src/install/quadruped_step_mapper/share/quadruped_step_mapper/environment/ament_prefix_path.dsv
[23.388s] -- Symlinking: /home/gouzi/obstacle_race_src/install/quadruped_step_mapper/share/quadruped_step_mapper/environment/path.sh
[23.395s] -- Symlinking: /home/gouzi/obstacle_race_src/install/quadruped_step_mapper/share/quadruped_step_mapper/environment/path.dsv
[23.402s] -- Symlinking: /home/gouzi/obstacle_race_src/install/quadruped_step_mapper/share/quadruped_step_mapper/local_setup.bash
[23.409s] -- Symlinking: /home/gouzi/obstacle_race_src/install/quadruped_step_mapper/share/quadruped_step_mapper/local_setup.sh
[23.420s] -- Symlinking: /home/gouzi/obstacle_race_src/install/quadruped_step_mapper/share/quadruped_step_mapper/local_setup.zsh
[23.428s] -- Symlinking: /home/gouzi/obstacle_race_src/install/quadruped_step_mapper/share/quadruped_step_mapper/local_setup.dsv
[23.436s] -- Symlinking: /home/gouzi/obstacle_race_src/install/quadruped_step_mapper/share/quadruped_step_mapper/package.dsv
[23.443s] -- Symlinking: /home/gouzi/obstacle_race_src/install/quadruped_step_mapper/share/ament_index/resource_index/packages/quadruped_step_mapper
[23.451s] -- Symlinking: /home/gouzi/obstacle_race_src/install/quadruped_step_mapper/share/quadruped_step_mapper/cmake/quadruped_step_mapperConfig.cmake
[23.460s] -- Symlinking: /home/gouzi/obstacle_race_src/install/quadruped_step_mapper/share/quadruped_step_mapper/cmake/quadruped_step_mapperConfig-version.cmake
[23.468s] -- Symlinking: /home/gouzi/obstacle_race_src/install/quadruped_step_mapper/share/quadruped_step_mapper/package.xml
[23.476s] Invoked command in '/home/gouzi/obstacle_race_src/build/quadruped_step_mapper' returned '0': CMAKE_PREFIX_PATH=/opt/ros/humble /usr/bin/cmake --install /home/gouzi/obstacle_race_src/build/quadruped_step_mapper
