[0.008s] Invoking command in '/home/gouzi/obstacle_race_src/build/pcd_map_viewer': /usr/bin/cmake /home/gouzi/obstacle_race_src/src/pcd_map_viewer -DCMAKE_INSTALL_PREFIX=/home/gouzi/obstacle_race_src/install/pcd_map_viewer
[0.081s] -- The C compiler identification is GNU 11.4.0
[0.145s] -- The CXX compiler identification is GNU 11.4.0
[0.153s] -- Detecting C compiler ABI info
[0.208s] -- Detecting C compiler ABI info - done
[0.214s] -- Check for working C compiler: /usr/bin/cc - skipped
[0.214s] -- Detecting C compile features
[0.215s] -- Detecting C compile features - done
[0.217s] -- Detecting CXX compiler ABI info
[0.282s] -- Detecting CXX compiler ABI info - done
[0.288s] -- Check for working CXX compiler: /usr/bin/c++ - skipped
[0.288s] -- Detecting CXX compile features
[0.288s] -- Detecting CXX compile features - done
[0.293s] -- Found ament_cmake: 1.3.13 (/opt/ros/humble/share/ament_cmake/cmake)
[0.421s] -- Found Python3: /usr/bin/python3 (found version "3.10.12") found components: Interpreter 
[0.511s] -- Found rclcpp: 16.0.18 (/opt/ros/humble/share/rclcpp/cmake)
[0.553s] -- Found rosidl_generator_c: 3.1.8 (/opt/ros/humble/share/rosidl_generator_c/cmake)
[0.558s] -- Found rosidl_adapter: 3.1.8 (/opt/ros/humble/share/rosidl_adapter/cmake)
[0.568s] -- Found rosidl_generator_cpp: 3.1.8 (/opt/ros/humble/share/rosidl_generator_cpp/cmake)
[0.580s] -- Using all available rosidl_typesupport_c: rosidl_typesupport_fastrtps_c;rosidl_typesupport_introspection_c
[0.595s] -- Using all available rosidl_typesupport_cpp: rosidl_typesupport_fastrtps_cpp;rosidl_typesupport_introspection_cpp
[0.644s] -- Found rmw_implementation_cmake: 6.1.2 (/opt/ros/humble/share/rmw_implementation_cmake/cmake)
[0.647s] -- Found rmw_fastrtps_cpp: 6.2.10 (/opt/ros/humble/share/rmw_fastrtps_cpp/cmake)
[0.719s] -- Found OpenSSL: /usr/lib/x86_64-linux-gnu/libcrypto.so (found version "3.0.2")  
[0.741s] -- Found FastRTPS: /opt/ros/humble/include  
[0.774s] -- Using RMW implementation 'rmw_fastrtps_cpp' as default
[0.783s] -- Looking for pthread.h
[0.847s] -- Looking for pthread.h - found
[0.847s] -- Performing Test CMAKE_HAVE_LIBC_PTHREAD
[0.904s] -- Performing Test CMAKE_HAVE_LIBC_PTHREAD - Success
[0.905s] -- Found Threads: TRUE  
[0.972s] -- Found sensor_msgs: 4.9.1 (/opt/ros/humble/share/sensor_msgs/cmake)
[1.013s] -- Found pcl_conversions: 2.4.5 (/opt/ros/humble/share/pcl_conversions/cmake)
[1.053s] -- Checking for module 'eigen3'
[1.064s] --   Found eigen3, version 3.4.0
[1.092s] -- Found Eigen: /usr/include/eigen3 (Required is at least version "3.1") 
[1.092s] -- Eigen found (include: /usr/include/eigen3, version: 3.4.0)
[1.122s] -- Checking for module 'flann'
[1.133s] --   Found flann, version 1.9.1
[1.168s] -- Found FLANN: /usr/lib/x86_64-linux-gnu/libflann_cpp.so  
[1.168s] -- FLANN found (include: /usr/include, lib: /usr/lib/x86_64-linux-gnu/libflann_cpp.so)
[1.973s] -- Checking for module 'libusb-1.0'
[1.985s] --   Found libusb-1.0, version 1.0.25
[2.011s] -- Found libusb: /usr/lib/x86_64-linux-gnu/libusb-1.0.so  
[2.012s] -- OpenNI found (version: 1.5.4.0, include: /usr/include/ni, lib: /usr/lib/libOpenNI.so;libusb::libusb)
[2.053s] -- OpenNI2 found (version: 2.2.0.33, include: /usr/include/openni2, lib: /usr/lib/x86_64-linux-gnu/libOpenNI2.so;libusb::libusb)
[2.172s] -- Eigen found (include: /usr/include/eigen3, version: 3.4.0)
[2.178s] -- OpenNI found (version: 1.5.4.0, include: /usr/include/ni, lib: /usr/lib/libOpenNI.so;libusb::libusb)
[2.183s] -- OpenNI2 found (version: 2.2.0.33, include: /usr/include/openni2, lib: /usr/lib/x86_64-linux-gnu/libOpenNI2.so;libusb::libusb)
[2.304s] -- Found Qhull version 8.0.2
[2.421s] -- OpenNI found (version: 1.5.4.0, include: /usr/include/ni, lib: /usr/lib/libOpenNI.so;libusb::libusb)
[2.536s] -- Found PCL_COMMON: /usr/lib/x86_64-linux-gnu/libpcl_common.so  
[2.537s] -- Found PCL_KDTREE: /usr/lib/x86_64-linux-gnu/libpcl_kdtree.so  
[2.546s] -- Found PCL_OCTREE: /usr/lib/x86_64-linux-gnu/libpcl_octree.so  
[2.546s] -- Found PCL_SEARCH: /usr/lib/x86_64-linux-gnu/libpcl_search.so  
[2.547s] -- Found PCL_SAMPLE_CONSENSUS: /usr/lib/x86_64-linux-gnu/libpcl_sample_consensus.so  
[2.548s] -- Found PCL_FILTERS: /usr/lib/x86_64-linux-gnu/libpcl_filters.so  
[2.548s] -- Found PCL_2D: /usr/include/pcl-1.12  
[2.549s] -- Found PCL_GEOMETRY: /usr/include/pcl-1.12  
[2.549s] -- Found PCL_IO: /usr/lib/x86_64-linux-gnu/libpcl_io.so  
[2.550s] -- Found PCL_FEATURES: /usr/lib/x86_64-linux-gnu/libpcl_features.so  
[2.551s] -- Found PCL_ML: /usr/lib/x86_64-linux-gnu/libpcl_ml.so  
[2.551s] -- Found PCL_SEGMENTATION: /usr/lib/x86_64-linux-gnu/libpcl_segmentation.so  
[2.552s] -- Found PCL_VISUALIZATION: /usr/lib/x86_64-linux-gnu/libpcl_visualization.so  
[2.553s] -- Found PCL_SURFACE: /usr/lib/x86_64-linux-gnu/libpcl_surface.so  
[2.554s] -- Found PCL_REGISTRATION: /usr/lib/x86_64-linux-gnu/libpcl_registration.so  
[2.555s] -- Found PCL_KEYPOINTS: /usr/lib/x86_64-linux-gnu/libpcl_keypoints.so  
[2.555s] -- Found PCL_TRACKING: /usr/lib/x86_64-linux-gnu/libpcl_tracking.so  
[2.556s] -- Found PCL_RECOGNITION: /usr/lib/x86_64-linux-gnu/libpcl_recognition.so  
[2.557s] -- Found PCL_STEREO: /usr/lib/x86_64-linux-gnu/libpcl_stereo.so  
[2.558s] -- Found PCL_APPS: /usr/lib/x86_64-linux-gnu/libpcl_apps.so  
[2.559s] -- Found PCL_IN_HAND_SCANNER: /usr/include/pcl-1.12  
[2.559s] -- Found PCL_MODELER: /usr/include/pcl-1.12  
[2.559s] -- Found PCL_POINT_CLOUD_EDITOR: /usr/include/pcl-1.12  
[2.560s] -- Found PCL_OUTOFCORE: /usr/lib/x86_64-linux-gnu/libpcl_outofcore.so  
[2.561s] -- Found PCL_PEOPLE: /usr/lib/x86_64-linux-gnu/libpcl_people.so  
[2.563s] CMake Warning (dev) at CMakeLists.txt:14 (find_package):
[2.563s]   Policy CMP0074 is not set: find_package uses <PackageName>_ROOT variables.
[2.563s]   Run "cmake --help-policy CMP0074" for policy details.  Use the cmake_policy
[2.563s]   command to set the policy and suppress this warning.
[2.563s] 
[2.563s]   CMake variable PCL_ROOT is set to:
[2.563s] 
[2.563s]     /usr
[2.563s] 
[2.563s]   For compatibility, CMake is ignoring the variable.
[2.563s] This warning is for project developers.  Use -Wno-dev to suppress it.
[2.563s] 
[2.621s] Error parsing '/home/gouzi/obstacle_race_src/src/pcd_map_viewer/package.xml':
[2.660s] Traceback (most recent call last):
[2.661s]   File "/opt/ros/humble/share/ament_cmake_core/cmake/core/package_xml_2_cmake.py", line 150, in <module>
[2.661s]     main()
[2.661s]   File "/opt/ros/humble/share/ament_cmake_core/cmake/core/package_xml_2_cmake.py", line 53, in main
[2.661s]     raise e
[2.661s]   File "/opt/ros/humble/share/ament_cmake_core/cmake/core/package_xml_2_cmake.py", line 49, in main
[2.661s]     package = parse_package_string(
[2.661s]   File "/usr/lib/python3/dist-packages/catkin_pkg/package.py", line 788, in parse_package_string
[2.661s]     pkg.validate(warnings=warnings)
[2.661s]   File "/usr/lib/python3/dist-packages/catkin_pkg/package.py", line 330, in validate
[2.661s]     raise InvalidPackage('\n'.join(errors), self.filename)
[2.661s] catkin_pkg.package.InvalidPackage: Error(s) in package '/home/gouzi/obstacle_race_src/src/pcd_map_viewer/package.xml':
[2.661s] Invalid email "gouzi@localhost" for person "gouzi"
[2.673s] CMake Error at /opt/ros/humble/share/ament_cmake_core/cmake/core/ament_package_xml.cmake:95 (message):
[2.673s]   execute_process(/usr/bin/python3
[2.673s]   /opt/ros/humble/share/ament_cmake_core/cmake/core/package_xml_2_cmake.py
[2.673s]   /home/gouzi/obstacle_race_src/src/pcd_map_viewer/package.xml
[2.673s]   /home/gouzi/obstacle_race_src/build/pcd_map_viewer/ament_cmake_core/package.cmake)
[2.673s]   returned error code 1
[2.673s] Call Stack (most recent call first):
[2.673s]   /opt/ros/humble/share/ament_cmake_core/cmake/core/ament_package_xml.cmake:49 (_ament_package_xml)
[2.673s]   /opt/ros/humble/share/ament_cmake_core/cmake/core/ament_package.cmake:63 (ament_package_xml)
[2.673s]   CMakeLists.txt:35 (ament_package)
[2.673s] 
[2.673s] 
[2.673s] -- Configuring incomplete, errors occurred!
[2.674s] See also "/home/gouzi/obstacle_race_src/build/pcd_map_viewer/CMakeFiles/CMakeOutput.log".
[2.690s] Invoked command in '/home/gouzi/obstacle_race_src/build/pcd_map_viewer' returned '1': /usr/bin/cmake /home/gouzi/obstacle_race_src/src/pcd_map_viewer -DCMAKE_INSTALL_PREFIX=/home/gouzi/obstacle_race_src/install/pcd_map_viewer
