[0.045s] Invoking command in '/home/gouzi/obstacle_race_src/build/apriltag_ros': CMAKE_PREFIX_PATH=/home/gouzi/obstacle_race_src/install/apriltag_msgs:/home/gouzi/obstacle_race_src/install/realsense2_description:/home/gouzi/obstacle_race_src/install/realsense2_camera:/home/gouzi/obstacle_race_src/install/realsense2_camera_msgs:/home/gouzi/obstacle_race_src/install/quadruped_step_mapper:/home/gouzi/obstacle_race_src/install/point_lio:/home/gouzi/obstacle_race_src/install/livox_ros_driver2:/home/gouzi/obstacle_race_src/install/apriltag_ros:/home/gouzi/obstacle_race_src/install/auto_nav_pkg:/opt/ros/humble LD_LIBRARY_PATH=/home/gouzi/obstacle_race_src/install/apriltag_msgs/lib:/home/gouzi/obstacle_race_src/install/realsense2_camera/lib:/home/gouzi/obstacle_race_src/install/realsense2_camera_msgs/lib:/home/gouzi/obstacle_race_src/install/livox_ros_driver2/lib:/home/gouzi/obstacle_race_src/install/apriltag_ros/lib:/opt/ros/humble/opt/rviz_ogre_vendor/lib:/opt/ros/humble/lib/x86_64-linux-gnu:/opt/ros/humble/lib /usr/bin/cmake --build /home/gouzi/obstacle_race_src/build/apriltag_ros -- -j8 -l8
[0.104s] [ 20%] Built target tags
[0.133s] [ 40%] Built target apriltag_node
[0.153s] [ 60%] Built target conversion
[0.176s] [ 80%] Built target pose_estimation
[0.202s] [100%] Built target AprilTagNode
[0.212s] Invoked command in '/home/gouzi/obstacle_race_src/build/apriltag_ros' returned '0': CMAKE_PREFIX_PATH=/home/gouzi/obstacle_race_src/install/apriltag_msgs:/home/gouzi/obstacle_race_src/install/realsense2_description:/home/gouzi/obstacle_race_src/install/realsense2_camera:/home/gouzi/obstacle_race_src/install/realsense2_camera_msgs:/home/gouzi/obstacle_race_src/install/quadruped_step_mapper:/home/gouzi/obstacle_race_src/install/point_lio:/home/gouzi/obstacle_race_src/install/livox_ros_driver2:/home/gouzi/obstacle_race_src/install/apriltag_ros:/home/gouzi/obstacle_race_src/install/auto_nav_pkg:/opt/ros/humble LD_LIBRARY_PATH=/home/gouzi/obstacle_race_src/install/apriltag_msgs/lib:/home/gouzi/obstacle_race_src/install/realsense2_camera/lib:/home/gouzi/obstacle_race_src/install/realsense2_camera_msgs/lib:/home/gouzi/obstacle_race_src/install/livox_ros_driver2/lib:/home/gouzi/obstacle_race_src/install/apriltag_ros/lib:/opt/ros/humble/opt/rviz_ogre_vendor/lib:/opt/ros/humble/lib/x86_64-linux-gnu:/opt/ros/humble/lib /usr/bin/cmake --build /home/gouzi/obstacle_race_src/build/apriltag_ros -- -j8 -l8
[0.213s] Invoking command in '/home/gouzi/obstacle_race_src/build/apriltag_ros': CMAKE_PREFIX_PATH=/home/gouzi/obstacle_race_src/install/apriltag_msgs:/home/gouzi/obstacle_race_src/install/realsense2_description:/home/gouzi/obstacle_race_src/install/realsense2_camera:/home/gouzi/obstacle_race_src/install/realsense2_camera_msgs:/home/gouzi/obstacle_race_src/install/quadruped_step_mapper:/home/gouzi/obstacle_race_src/install/point_lio:/home/gouzi/obstacle_race_src/install/livox_ros_driver2:/home/gouzi/obstacle_race_src/install/apriltag_ros:/home/gouzi/obstacle_race_src/install/auto_nav_pkg:/opt/ros/humble LD_LIBRARY_PATH=/home/gouzi/obstacle_race_src/install/apriltag_msgs/lib:/home/gouzi/obstacle_race_src/install/realsense2_camera/lib:/home/gouzi/obstacle_race_src/install/realsense2_camera_msgs/lib:/home/gouzi/obstacle_race_src/install/livox_ros_driver2/lib:/home/gouzi/obstacle_race_src/install/apriltag_ros/lib:/opt/ros/humble/opt/rviz_ogre_vendor/lib:/opt/ros/humble/lib/x86_64-linux-gnu:/opt/ros/humble/lib /usr/bin/cmake --install /home/gouzi/obstacle_race_src/build/apriltag_ros
[0.220s] -- Install configuration: ""
[0.221s] -- Execute custom install script
[0.221s] -- Up-to-date symlink: /home/gouzi/obstacle_race_src/install/apriltag_ros/lib/apriltag_ros/apriltag_node
[0.221s] -- Up-to-date symlink: /home/gouzi/obstacle_race_src/install/apriltag_ros/share/apriltag_ros/environment/library_path.sh
[0.221s] -- Up-to-date symlink: /home/gouzi/obstacle_race_src/install/apriltag_ros/share/apriltag_ros/environment/library_path.dsv
[0.222s] -- Up-to-date symlink: /home/gouzi/obstacle_race_src/install/apriltag_ros/lib/libAprilTagNode.so
[0.223s] -- Up-to-date symlink: /home/gouzi/obstacle_race_src/install/apriltag_ros/share/apriltag_ros/cfg/tags_36h11.yaml
[0.223s] -- Up-to-date symlink: /home/gouzi/obstacle_race_src/install/apriltag_ros/share/apriltag_ros/cfg/tags_36h11_limit_bar_right_test.yaml
[0.223s] -- Up-to-date symlink: /home/gouzi/obstacle_race_src/install/apriltag_ros/share/apriltag_ros/launch/camera_36h11.launch.yml
[0.223s] -- Up-to-date symlink: /home/gouzi/obstacle_race_src/install/apriltag_ros/share/ament_index/resource_index/package_run_dependencies/apriltag_ros
[0.224s] -- Up-to-date symlink: /home/gouzi/obstacle_race_src/install/apriltag_ros/share/ament_index/resource_index/parent_prefix_path/apriltag_ros
[0.224s] -- Up-to-date symlink: /home/gouzi/obstacle_race_src/install/apriltag_ros/share/apriltag_ros/environment/ament_prefix_path.sh
[0.224s] -- Up-to-date symlink: /home/gouzi/obstacle_race_src/install/apriltag_ros/share/apriltag_ros/environment/ament_prefix_path.dsv
[0.224s] -- Up-to-date symlink: /home/gouzi/obstacle_race_src/install/apriltag_ros/share/apriltag_ros/environment/path.sh
[0.224s] -- Up-to-date symlink: /home/gouzi/obstacle_race_src/install/apriltag_ros/share/apriltag_ros/environment/path.dsv
[0.225s] -- Up-to-date symlink: /home/gouzi/obstacle_race_src/install/apriltag_ros/share/apriltag_ros/local_setup.bash
[0.225s] -- Up-to-date symlink: /home/gouzi/obstacle_race_src/install/apriltag_ros/share/apriltag_ros/local_setup.sh
[0.225s] -- Up-to-date symlink: /home/gouzi/obstacle_race_src/install/apriltag_ros/share/apriltag_ros/local_setup.zsh
[0.225s] -- Up-to-date symlink: /home/gouzi/obstacle_race_src/install/apriltag_ros/share/apriltag_ros/local_setup.dsv
[0.225s] -- Symlinking: /home/gouzi/obstacle_race_src/install/apriltag_ros/share/apriltag_ros/package.dsv
[0.234s] -- Up-to-date symlink: /home/gouzi/obstacle_race_src/install/apriltag_ros/share/ament_index/resource_index/packages/apriltag_ros
[0.234s] -- Up-to-date symlink: /home/gouzi/obstacle_race_src/install/apriltag_ros/share/ament_index/resource_index/rclcpp_components/apriltag_ros
[0.234s] -- Up-to-date symlink: /home/gouzi/obstacle_race_src/install/apriltag_ros/share/apriltag_ros/cmake/apriltag_rosConfig.cmake
[0.234s] -- Up-to-date symlink: /home/gouzi/obstacle_race_src/install/apriltag_ros/share/apriltag_ros/cmake/apriltag_rosConfig-version.cmake
[0.234s] -- Up-to-date symlink: /home/gouzi/obstacle_race_src/install/apriltag_ros/share/apriltag_ros/package.xml
[0.237s] Invoked command in '/home/gouzi/obstacle_race_src/build/apriltag_ros' returned '0': CMAKE_PREFIX_PATH=/home/gouzi/obstacle_race_src/install/apriltag_msgs:/home/gouzi/obstacle_race_src/install/realsense2_description:/home/gouzi/obstacle_race_src/install/realsense2_camera:/home/gouzi/obstacle_race_src/install/realsense2_camera_msgs:/home/gouzi/obstacle_race_src/install/quadruped_step_mapper:/home/gouzi/obstacle_race_src/install/point_lio:/home/gouzi/obstacle_race_src/install/livox_ros_driver2:/home/gouzi/obstacle_race_src/install/apriltag_ros:/home/gouzi/obstacle_race_src/install/auto_nav_pkg:/opt/ros/humble LD_LIBRARY_PATH=/home/gouzi/obstacle_race_src/install/apriltag_msgs/lib:/home/gouzi/obstacle_race_src/install/realsense2_camera/lib:/home/gouzi/obstacle_race_src/install/realsense2_camera_msgs/lib:/home/gouzi/obstacle_race_src/install/livox_ros_driver2/lib:/home/gouzi/obstacle_race_src/install/apriltag_ros/lib:/opt/ros/humble/opt/rviz_ogre_vendor/lib:/opt/ros/humble/lib/x86_64-linux-gnu:/opt/ros/humble/lib /usr/bin/cmake --install /home/gouzi/obstacle_race_src/build/apriltag_ros
