[0.008s] Invoking command in '/home/gouzi/obstacle_race_src/build/apriltag_ros': AMENT_PREFIX_PATH=/home/gouzi/obstacle_race_src/install/apriltag_msgs:${AMENT_PREFIX_PATH} CMAKE_PREFIX_PATH=/home/gouzi/obstacle_race_src/install/apriltag_msgs:/opt/ros/humble LD_LIBRARY_PATH=/home/gouzi/obstacle_race_src/install/apriltag_msgs/lib:${LD_LIBRARY_PATH} PYTHONPATH=/home/gouzi/obstacle_race_src/install/apriltag_msgs/local/lib/python3.10/dist-packages:${PYTHONPATH} /usr/bin/cmake --build /home/gouzi/obstacle_race_src/build/apriltag_ros -- -j8 -l8
[0.066s] [ 20%] Built target tags
[0.075s] [ 40%] Built target conversion
[0.083s] [ 60%] Built target apriltag_node
[0.101s] [ 80%] Built target pose_estimation
[0.131s] [100%] Built target AprilTagNode
[0.150s] Invoked command in '/home/gouzi/obstacle_race_src/build/apriltag_ros' returned '0': AMENT_PREFIX_PATH=/home/gouzi/obstacle_race_src/install/apriltag_msgs:${AMENT_PREFIX_PATH} CMAKE_PREFIX_PATH=/home/gouzi/obstacle_race_src/install/apriltag_msgs:/opt/ros/humble LD_LIBRARY_PATH=/home/gouzi/obstacle_race_src/install/apriltag_msgs/lib:${LD_LIBRARY_PATH} PYTHONPATH=/home/gouzi/obstacle_race_src/install/apriltag_msgs/local/lib/python3.10/dist-packages:${PYTHONPATH} /usr/bin/cmake --build /home/gouzi/obstacle_race_src/build/apriltag_ros -- -j8 -l8
[0.152s] Invoking command in '/home/gouzi/obstacle_race_src/build/apriltag_ros': AMENT_PREFIX_PATH=/home/gouzi/obstacle_race_src/install/apriltag_msgs:${AMENT_PREFIX_PATH} CMAKE_PREFIX_PATH=/home/gouzi/obstacle_race_src/install/apriltag_msgs:/opt/ros/humble LD_LIBRARY_PATH=/home/gouzi/obstacle_race_src/install/apriltag_msgs/lib:${LD_LIBRARY_PATH} PYTHONPATH=/home/gouzi/obstacle_race_src/install/apriltag_msgs/local/lib/python3.10/dist-packages:${PYTHONPATH} /usr/bin/cmake --install /home/gouzi/obstacle_race_src/build/apriltag_ros
[0.160s] -- Install configuration: ""
[0.160s] -- Execute custom install script
[0.161s] -- Up-to-date symlink: /home/gouzi/obstacle_race_src/install/apriltag_ros/lib/apriltag_ros/apriltag_node
[0.161s] -- Up-to-date symlink: /home/gouzi/obstacle_race_src/install/apriltag_ros/share/apriltag_ros/environment/library_path.sh
[0.161s] -- Up-to-date symlink: /home/gouzi/obstacle_race_src/install/apriltag_ros/share/apriltag_ros/environment/library_path.dsv
[0.162s] -- Up-to-date symlink: /home/gouzi/obstacle_race_src/install/apriltag_ros/lib/libAprilTagNode.so
[0.163s] -- Up-to-date symlink: /home/gouzi/obstacle_race_src/install/apriltag_ros/share/apriltag_ros/cfg/tags_36h11.yaml
[0.163s] -- Up-to-date symlink: /home/gouzi/obstacle_race_src/install/apriltag_ros/share/apriltag_ros/cfg/tags_36h11_limit_bar_right_test.yaml
[0.164s] -- Up-to-date symlink: /home/gouzi/obstacle_race_src/install/apriltag_ros/share/apriltag_ros/launch/camera_36h11.launch.yml
[0.164s] -- Up-to-date symlink: /home/gouzi/obstacle_race_src/install/apriltag_ros/share/ament_index/resource_index/package_run_dependencies/apriltag_ros
[0.164s] -- Up-to-date symlink: /home/gouzi/obstacle_race_src/install/apriltag_ros/share/ament_index/resource_index/parent_prefix_path/apriltag_ros
[0.164s] -- Up-to-date symlink: /home/gouzi/obstacle_race_src/install/apriltag_ros/share/apriltag_ros/environment/ament_prefix_path.sh
[0.164s] -- Up-to-date symlink: /home/gouzi/obstacle_race_src/install/apriltag_ros/share/apriltag_ros/environment/ament_prefix_path.dsv
[0.164s] -- Up-to-date symlink: /home/gouzi/obstacle_race_src/install/apriltag_ros/share/apriltag_ros/environment/path.sh
[0.164s] -- Up-to-date symlink: /home/gouzi/obstacle_race_src/install/apriltag_ros/share/apriltag_ros/environment/path.dsv
[0.165s] -- Up-to-date symlink: /home/gouzi/obstacle_race_src/install/apriltag_ros/share/apriltag_ros/local_setup.bash
[0.165s] -- Up-to-date symlink: /home/gouzi/obstacle_race_src/install/apriltag_ros/share/apriltag_ros/local_setup.sh
[0.165s] -- Up-to-date symlink: /home/gouzi/obstacle_race_src/install/apriltag_ros/share/apriltag_ros/local_setup.zsh
[0.165s] -- Up-to-date symlink: /home/gouzi/obstacle_race_src/install/apriltag_ros/share/apriltag_ros/local_setup.dsv
[0.165s] -- Symlinking: /home/gouzi/obstacle_race_src/install/apriltag_ros/share/apriltag_ros/package.dsv
[0.173s] -- Up-to-date symlink: /home/gouzi/obstacle_race_src/install/apriltag_ros/share/ament_index/resource_index/packages/apriltag_ros
[0.173s] -- Up-to-date symlink: /home/gouzi/obstacle_race_src/install/apriltag_ros/share/ament_index/resource_index/rclcpp_components/apriltag_ros
[0.173s] -- Up-to-date symlink: /home/gouzi/obstacle_race_src/install/apriltag_ros/share/apriltag_ros/cmake/apriltag_rosConfig.cmake
[0.174s] -- Up-to-date symlink: /home/gouzi/obstacle_race_src/install/apriltag_ros/share/apriltag_ros/cmake/apriltag_rosConfig-version.cmake
[0.174s] -- Up-to-date symlink: /home/gouzi/obstacle_race_src/install/apriltag_ros/share/apriltag_ros/package.xml
[0.176s] Invoked command in '/home/gouzi/obstacle_race_src/build/apriltag_ros' returned '0': AMENT_PREFIX_PATH=/home/gouzi/obstacle_race_src/install/apriltag_msgs:${AMENT_PREFIX_PATH} CMAKE_PREFIX_PATH=/home/gouzi/obstacle_race_src/install/apriltag_msgs:/opt/ros/humble LD_LIBRARY_PATH=/home/gouzi/obstacle_race_src/install/apriltag_msgs/lib:${LD_LIBRARY_PATH} PYTHONPATH=/home/gouzi/obstacle_race_src/install/apriltag_msgs/local/lib/python3.10/dist-packages:${PYTHONPATH} /usr/bin/cmake --install /home/gouzi/obstacle_race_src/build/apriltag_ros
