[0.018s] Invoking command in '/home/gouzi/obstacle_race_src/build/apriltag_msgs': CMAKE_PREFIX_PATH=${CMAKE_PREFIX_PATH}:/home/gouzi/obstacle_race_src/install/auto_nav_pkg:/opt/ros/humble /usr/bin/cmake --build /home/gouzi/obstacle_race_src/build/apriltag_msgs -- -j8 -l8
[0.105s] [ 10%] Built target apriltag_msgs__rosidl_generator_c
[0.130s] [ 12%] Built target apriltag_msgs__cpp
[0.134s] [ 12%] Built target ament_cmake_python_symlink_apriltag_msgs
[0.172s] [ 25%] Built target apriltag_msgs__rosidl_typesupport_c
[0.187s] [ 36%] Built target apriltag_msgs__rosidl_typesupport_fastrtps_c
[0.187s] [ 44%] Built target apriltag_msgs__rosidl_typesupport_introspection_c
[0.194s] [ 55%] Built target apriltag_msgs__rosidl_typesupport_fastrtps_cpp
[0.218s] [ 65%] Built target apriltag_msgs__rosidl_typesupport_introspection_cpp
[0.219s] [ 76%] Built target apriltag_msgs__rosidl_typesupport_cpp
[0.270s] [ 76%] Built target apriltag_msgs
[0.315s] [ 78%] Built target apriltag_msgs__py
[0.371s] [ 87%] Built target apriltag_msgs__rosidl_generator_py
[0.403s] [ 91%] Built target apriltag_msgs__rosidl_typesupport_c__pyext
[0.403s] [ 95%] Built target apriltag_msgs__rosidl_typesupport_fastrtps_c__pyext
[0.408s] [100%] Built target apriltag_msgs__rosidl_typesupport_introspection_c__pyext
[0.518s] running egg_info
[0.519s] writing apriltag_msgs.egg-info/PKG-INFO
[0.519s] writing dependency_links to apriltag_msgs.egg-info/dependency_links.txt
[0.519s] writing top-level names to apriltag_msgs.egg-info/top_level.txt
[0.522s] reading manifest file 'apriltag_msgs.egg-info/SOURCES.txt'
[0.522s] writing manifest file 'apriltag_msgs.egg-info/SOURCES.txt'
[0.556s] [100%] Built target ament_cmake_python_build_apriltag_msgs_egg
[0.576s] Invoked command in '/home/gouzi/obstacle_race_src/build/apriltag_msgs' returned '0': CMAKE_PREFIX_PATH=${CMAKE_PREFIX_PATH}:/home/gouzi/obstacle_race_src/install/auto_nav_pkg:/opt/ros/humble /usr/bin/cmake --build /home/gouzi/obstacle_race_src/build/apriltag_msgs -- -j8 -l8
[0.578s] Invoking command in '/home/gouzi/obstacle_race_src/build/apriltag_msgs': CMAKE_PREFIX_PATH=${CMAKE_PREFIX_PATH}:/home/gouzi/obstacle_race_src/install/auto_nav_pkg:/opt/ros/humble /usr/bin/cmake --install /home/gouzi/obstacle_race_src/build/apriltag_msgs
[0.591s] -- Install configuration: ""
[0.591s] -- Execute custom install script
[0.591s] -- Up-to-date symlink: /home/gouzi/obstacle_race_src/install/apriltag_msgs/share/ament_index/resource_index/rosidl_interfaces/apriltag_msgs
[0.591s] -- Up-to-date symlink: /home/gouzi/obstacle_race_src/install/apriltag_msgs/include/apriltag_msgs/apriltag_msgs/msg/april_tag_detection.h
[0.592s] -- Up-to-date symlink: /home/gouzi/obstacle_race_src/install/apriltag_msgs/include/apriltag_msgs/apriltag_msgs/msg/april_tag_detection_array.h
[0.592s] -- Up-to-date symlink: /home/gouzi/obstacle_race_src/install/apriltag_msgs/include/apriltag_msgs/apriltag_msgs/msg/detail/april_tag_detection__functions.h
[0.592s] -- Up-to-date symlink: /home/gouzi/obstacle_race_src/install/apriltag_msgs/include/apriltag_msgs/apriltag_msgs/msg/detail/april_tag_detection__struct.h
[0.593s] -- Up-to-date symlink: /home/gouzi/obstacle_race_src/install/apriltag_msgs/include/apriltag_msgs/apriltag_msgs/msg/detail/april_tag_detection__type_support.h
[0.593s] -- Up-to-date symlink: /home/gouzi/obstacle_race_src/install/apriltag_msgs/include/apriltag_msgs/apriltag_msgs/msg/detail/april_tag_detection_array__functions.h
[0.593s] -- Up-to-date symlink: /home/gouzi/obstacle_race_src/install/apriltag_msgs/include/apriltag_msgs/apriltag_msgs/msg/detail/april_tag_detection_array__struct.h
[0.593s] -- Up-to-date symlink: /home/gouzi/obstacle_race_src/install/apriltag_msgs/include/apriltag_msgs/apriltag_msgs/msg/detail/april_tag_detection_array__type_support.h
[0.594s] -- Up-to-date symlink: /home/gouzi/obstacle_race_src/install/apriltag_msgs/include/apriltag_msgs/apriltag_msgs/msg/detail/point__functions.h
[0.594s] -- Up-to-date symlink: /home/gouzi/obstacle_race_src/install/apriltag_msgs/include/apriltag_msgs/apriltag_msgs/msg/detail/point__struct.h
[0.594s] -- Up-to-date symlink: /home/gouzi/obstacle_race_src/install/apriltag_msgs/include/apriltag_msgs/apriltag_msgs/msg/detail/point__type_support.h
[0.594s] -- Up-to-date symlink: /home/gouzi/obstacle_race_src/install/apriltag_msgs/include/apriltag_msgs/apriltag_msgs/msg/point.h
[0.594s] -- Up-to-date symlink: /home/gouzi/obstacle_race_src/install/apriltag_msgs/include/apriltag_msgs/apriltag_msgs/msg/rosidl_generator_c__visibility_control.h
[0.594s] -- Up-to-date symlink: /home/gouzi/obstacle_race_src/install/apriltag_msgs/share/apriltag_msgs/environment/library_path.sh
[0.594s] -- Up-to-date symlink: /home/gouzi/obstacle_race_src/install/apriltag_msgs/share/apriltag_msgs/environment/library_path.dsv
[0.594s] -- Up-to-date symlink: /home/gouzi/obstacle_race_src/install/apriltag_msgs/include/apriltag_msgs/apriltag_msgs/msg/detail/april_tag_detection__rosidl_typesupport_fastrtps_c.h
[0.594s] -- Up-to-date symlink: /home/gouzi/obstacle_race_src/install/apriltag_msgs/include/apriltag_msgs/apriltag_msgs/msg/detail/april_tag_detection_array__rosidl_typesupport_fastrtps_c.h
[0.594s] -- Up-to-date symlink: /home/gouzi/obstacle_race_src/install/apriltag_msgs/include/apriltag_msgs/apriltag_msgs/msg/detail/point__rosidl_typesupport_fastrtps_c.h
[0.594s] -- Up-to-date symlink: /home/gouzi/obstacle_race_src/install/apriltag_msgs/include/apriltag_msgs/apriltag_msgs/msg/rosidl_typesupport_fastrtps_c__visibility_control.h
[0.595s] -- Up-to-date symlink: /home/gouzi/obstacle_race_src/install/apriltag_msgs/include/apriltag_msgs/apriltag_msgs/msg/detail/april_tag_detection__rosidl_typesupport_introspection_c.h
[0.595s] -- Up-to-date symlink: /home/gouzi/obstacle_race_src/install/apriltag_msgs/include/apriltag_msgs/apriltag_msgs/msg/detail/april_tag_detection_array__rosidl_typesupport_introspection_c.h
[0.595s] -- Up-to-date symlink: /home/gouzi/obstacle_race_src/install/apriltag_msgs/include/apriltag_msgs/apriltag_msgs/msg/detail/point__rosidl_typesupport_introspection_c.h
[0.595s] -- Up-to-date symlink: /home/gouzi/obstacle_race_src/install/apriltag_msgs/include/apriltag_msgs/apriltag_msgs/msg/rosidl_typesupport_introspection_c__visibility_control.h
[0.595s] -- Up-to-date symlink: /home/gouzi/obstacle_race_src/install/apriltag_msgs/include/apriltag_msgs/apriltag_msgs/msg/april_tag_detection.hpp
[0.595s] -- Up-to-date symlink: /home/gouzi/obstacle_race_src/install/apriltag_msgs/include/apriltag_msgs/apriltag_msgs/msg/april_tag_detection_array.hpp
[0.595s] -- Up-to-date symlink: /home/gouzi/obstacle_race_src/install/apriltag_msgs/include/apriltag_msgs/apriltag_msgs/msg/detail/april_tag_detection__builder.hpp
[0.596s] -- Up-to-date symlink: /home/gouzi/obstacle_race_src/install/apriltag_msgs/include/apriltag_msgs/apriltag_msgs/msg/detail/april_tag_detection__struct.hpp
[0.596s] -- Up-to-date symlink: /home/gouzi/obstacle_race_src/install/apriltag_msgs/include/apriltag_msgs/apriltag_msgs/msg/detail/april_tag_detection__traits.hpp
[0.596s] -- Up-to-date symlink: /home/gouzi/obstacle_race_src/install/apriltag_msgs/include/apriltag_msgs/apriltag_msgs/msg/detail/april_tag_detection__type_support.hpp
[0.596s] -- Up-to-date symlink: /home/gouzi/obstacle_race_src/install/apriltag_msgs/include/apriltag_msgs/apriltag_msgs/msg/detail/april_tag_detection_array__builder.hpp
[0.598s] -- Up-to-date symlink: /home/gouzi/obstacle_race_src/install/apriltag_msgs/include/apriltag_msgs/apriltag_msgs/msg/detail/april_tag_detection_array__struct.hpp
[0.600s] -- Up-to-date symlink: /home/gouzi/obstacle_race_src/install/apriltag_msgs/include/apriltag_msgs/apriltag_msgs/msg/detail/april_tag_detection_array__traits.hpp
[0.600s] -- Up-to-date symlink: /home/gouzi/obstacle_race_src/install/apriltag_msgs/include/apriltag_msgs/apriltag_msgs/msg/detail/april_tag_detection_array__type_support.hpp
[0.600s] -- Up-to-date symlink: /home/gouzi/obstacle_race_src/install/apriltag_msgs/include/apriltag_msgs/apriltag_msgs/msg/detail/point__builder.hpp
[0.600s] -- Up-to-date symlink: /home/gouzi/obstacle_race_src/install/apriltag_msgs/include/apriltag_msgs/apriltag_msgs/msg/detail/point__struct.hpp
[0.600s] -- Up-to-date symlink: /home/gouzi/obstacle_race_src/install/apriltag_msgs/include/apriltag_msgs/apriltag_msgs/msg/detail/point__traits.hpp
[0.600s] -- Up-to-date symlink: /home/gouzi/obstacle_race_src/install/apriltag_msgs/include/apriltag_msgs/apriltag_msgs/msg/detail/point__type_support.hpp
[0.601s] -- Up-to-date symlink: /home/gouzi/obstacle_race_src/install/apriltag_msgs/include/apriltag_msgs/apriltag_msgs/msg/point.hpp
[0.601s] -- Up-to-date symlink: /home/gouzi/obstacle_race_src/install/apriltag_msgs/include/apriltag_msgs/apriltag_msgs/msg/rosidl_generator_cpp__visibility_control.hpp
[0.601s] -- Up-to-date symlink: /home/gouzi/obstacle_race_src/install/apriltag_msgs/include/apriltag_msgs/apriltag_msgs/msg/detail/april_tag_detection__rosidl_typesupport_fastrtps_cpp.hpp
[0.601s] -- Up-to-date symlink: /home/gouzi/obstacle_race_src/install/apriltag_msgs/include/apriltag_msgs/apriltag_msgs/msg/detail/april_tag_detection_array__rosidl_typesupport_fastrtps_cpp.hpp
[0.601s] -- Up-to-date symlink: /home/gouzi/obstacle_race_src/install/apriltag_msgs/include/apriltag_msgs/apriltag_msgs/msg/detail/point__rosidl_typesupport_fastrtps_cpp.hpp
[0.601s] -- Up-to-date symlink: /home/gouzi/obstacle_race_src/install/apriltag_msgs/include/apriltag_msgs/apriltag_msgs/msg/rosidl_typesupport_fastrtps_cpp__visibility_control.h
[0.603s] -- Up-to-date symlink: /home/gouzi/obstacle_race_src/install/apriltag_msgs/include/apriltag_msgs/apriltag_msgs/msg/detail/april_tag_detection__rosidl_typesupport_introspection_cpp.hpp
[0.603s] -- Up-to-date symlink: /home/gouzi/obstacle_race_src/install/apriltag_msgs/include/apriltag_msgs/apriltag_msgs/msg/detail/april_tag_detection_array__rosidl_typesupport_introspection_cpp.hpp
[0.603s] -- Up-to-date symlink: /home/gouzi/obstacle_race_src/install/apriltag_msgs/include/apriltag_msgs/apriltag_msgs/msg/detail/point__rosidl_typesupport_introspection_cpp.hpp
[0.603s] -- Up-to-date symlink: /home/gouzi/obstacle_race_src/install/apriltag_msgs/share/apriltag_msgs/environment/pythonpath.sh
[0.603s] -- Up-to-date symlink: /home/gouzi/obstacle_race_src/install/apriltag_msgs/share/apriltag_msgs/environment/pythonpath.dsv
[0.603s] -- Up-to-date symlink: /home/gouzi/obstacle_race_src/install/apriltag_msgs/local/lib/python3.10/dist-packages/apriltag_msgs-2.0.1-py3.10.egg-info/PKG-INFO
[0.603s] -- Up-to-date symlink: /home/gouzi/obstacle_race_src/install/apriltag_msgs/local/lib/python3.10/dist-packages/apriltag_msgs-2.0.1-py3.10.egg-info/SOURCES.txt
[0.603s] -- Up-to-date symlink: /home/gouzi/obstacle_race_src/install/apriltag_msgs/local/lib/python3.10/dist-packages/apriltag_msgs-2.0.1-py3.10.egg-info/dependency_links.txt
[0.603s] -- Up-to-date symlink: /home/gouzi/obstacle_race_src/install/apriltag_msgs/local/lib/python3.10/dist-packages/apriltag_msgs-2.0.1-py3.10.egg-info/top_level.txt
[0.603s] -- Up-to-date symlink: /home/gouzi/obstacle_race_src/install/apriltag_msgs/local/lib/python3.10/dist-packages/apriltag_msgs/__init__.py
[0.603s] -- Up-to-date symlink: /home/gouzi/obstacle_race_src/install/apriltag_msgs/local/lib/python3.10/dist-packages/apriltag_msgs/_apriltag_msgs_s.ep.rosidl_typesupport_c.c
[0.603s] -- Up-to-date symlink: /home/gouzi/obstacle_race_src/install/apriltag_msgs/local/lib/python3.10/dist-packages/apriltag_msgs/_apriltag_msgs_s.ep.rosidl_typesupport_fastrtps_c.c
[0.603s] -- Up-to-date symlink: /home/gouzi/obstacle_race_src/install/apriltag_msgs/local/lib/python3.10/dist-packages/apriltag_msgs/_apriltag_msgs_s.ep.rosidl_typesupport_introspection_c.c
[0.603s] -- Up-to-date symlink: /home/gouzi/obstacle_race_src/install/apriltag_msgs/local/lib/python3.10/dist-packages/apriltag_msgs/apriltag_msgs_s__rosidl_typesupport_c.cpython-310-x86_64-linux-gnu.so
[0.604s] -- Up-to-date symlink: /home/gouzi/obstacle_race_src/install/apriltag_msgs/local/lib/python3.10/dist-packages/apriltag_msgs/apriltag_msgs_s__rosidl_typesupport_fastrtps_c.cpython-310-x86_64-linux-gnu.so
[0.604s] -- Up-to-date symlink: /home/gouzi/obstacle_race_src/install/apriltag_msgs/local/lib/python3.10/dist-packages/apriltag_msgs/apriltag_msgs_s__rosidl_typesupport_introspection_c.cpython-310-x86_64-linux-gnu.so
[0.604s] -- Up-to-date symlink: /home/gouzi/obstacle_race_src/install/apriltag_msgs/local/lib/python3.10/dist-packages/apriltag_msgs/libapriltag_msgs__rosidl_generator_py.so
[0.604s] -- Up-to-date symlink: /home/gouzi/obstacle_race_src/install/apriltag_msgs/local/lib/python3.10/dist-packages/apriltag_msgs/msg/__init__.py
[0.604s] -- Up-to-date symlink: /home/gouzi/obstacle_race_src/install/apriltag_msgs/local/lib/python3.10/dist-packages/apriltag_msgs/msg/_april_tag_detection.py
[0.605s] -- Up-to-date symlink: /home/gouzi/obstacle_race_src/install/apriltag_msgs/local/lib/python3.10/dist-packages/apriltag_msgs/msg/_april_tag_detection_array.py
[0.605s] -- Up-to-date symlink: /home/gouzi/obstacle_race_src/install/apriltag_msgs/local/lib/python3.10/dist-packages/apriltag_msgs/msg/_april_tag_detection_array_s.c
[0.605s] -- Up-to-date symlink: /home/gouzi/obstacle_race_src/install/apriltag_msgs/local/lib/python3.10/dist-packages/apriltag_msgs/msg/_april_tag_detection_s.c
[0.605s] -- Up-to-date symlink: /home/gouzi/obstacle_race_src/install/apriltag_msgs/local/lib/python3.10/dist-packages/apriltag_msgs/msg/_point.py
[0.605s] -- Up-to-date symlink: /home/gouzi/obstacle_race_src/install/apriltag_msgs/local/lib/python3.10/dist-packages/apriltag_msgs/msg/_point_s.c
[0.606s] -- Up-to-date symlink: /home/gouzi/obstacle_race_src/install/apriltag_msgs/local/lib/python3.10/dist-packages/apriltag_msgs/apriltag_msgs_s__rosidl_typesupport_fastrtps_c.cpython-310-x86_64-linux-gnu.so
[0.606s] -- Up-to-date symlink: /home/gouzi/obstacle_race_src/install/apriltag_msgs/local/lib/python3.10/dist-packages/apriltag_msgs/apriltag_msgs_s__rosidl_typesupport_introspection_c.cpython-310-x86_64-linux-gnu.so
[0.606s] -- Up-to-date symlink: /home/gouzi/obstacle_race_src/install/apriltag_msgs/local/lib/python3.10/dist-packages/apriltag_msgs/apriltag_msgs_s__rosidl_typesupport_c.cpython-310-x86_64-linux-gnu.so
[0.606s] -- Up-to-date symlink: /home/gouzi/obstacle_race_src/install/apriltag_msgs/share/apriltag_msgs/msg/Point.idl
[0.606s] -- Up-to-date symlink: /home/gouzi/obstacle_race_src/install/apriltag_msgs/share/apriltag_msgs/msg/AprilTagDetection.idl
[0.606s] -- Up-to-date symlink: /home/gouzi/obstacle_race_src/install/apriltag_msgs/share/apriltag_msgs/msg/AprilTagDetectionArray.idl
[0.606s] -- Up-to-date symlink: /home/gouzi/obstacle_race_src/install/apriltag_msgs/share/apriltag_msgs/msg/Point.msg
[0.606s] -- Up-to-date symlink: /home/gouzi/obstacle_race_src/install/apriltag_msgs/share/apriltag_msgs/msg/AprilTagDetection.msg
[0.606s] -- Up-to-date symlink: /home/gouzi/obstacle_race_src/install/apriltag_msgs/share/apriltag_msgs/msg/AprilTagDetectionArray.msg
[0.606s] -- Up-to-date symlink: /home/gouzi/obstacle_race_src/install/apriltag_msgs/share/ament_index/resource_index/package_run_dependencies/apriltag_msgs
[0.606s] -- Up-to-date symlink: /home/gouzi/obstacle_race_src/install/apriltag_msgs/share/ament_index/resource_index/parent_prefix_path/apriltag_msgs
[0.606s] -- Up-to-date symlink: /home/gouzi/obstacle_race_src/install/apriltag_msgs/share/apriltag_msgs/environment/ament_prefix_path.sh
[0.606s] -- Up-to-date symlink: /home/gouzi/obstacle_race_src/install/apriltag_msgs/share/apriltag_msgs/environment/ament_prefix_path.dsv
[0.606s] -- Up-to-date symlink: /home/gouzi/obstacle_race_src/install/apriltag_msgs/share/apriltag_msgs/environment/path.sh
[0.606s] -- Up-to-date symlink: /home/gouzi/obstacle_race_src/install/apriltag_msgs/share/apriltag_msgs/environment/path.dsv
[0.607s] -- Up-to-date symlink: /home/gouzi/obstacle_race_src/install/apriltag_msgs/share/apriltag_msgs/local_setup.bash
[0.607s] -- Up-to-date symlink: /home/gouzi/obstacle_race_src/install/apriltag_msgs/share/apriltag_msgs/local_setup.sh
[0.607s] -- Up-to-date symlink: /home/gouzi/obstacle_race_src/install/apriltag_msgs/share/apriltag_msgs/local_setup.zsh
[0.607s] -- Up-to-date symlink: /home/gouzi/obstacle_race_src/install/apriltag_msgs/share/apriltag_msgs/local_setup.dsv
[0.607s] -- Symlinking: /home/gouzi/obstacle_race_src/install/apriltag_msgs/share/apriltag_msgs/package.dsv
[0.612s] -- Up-to-date symlink: /home/gouzi/obstacle_race_src/install/apriltag_msgs/share/ament_index/resource_index/packages/apriltag_msgs
[0.612s] -- Up-to-date symlink: /home/gouzi/obstacle_race_src/install/apriltag_msgs/share/apriltag_msgs/cmake/rosidl_cmake-extras.cmake
[0.612s] -- Up-to-date symlink: /home/gouzi/obstacle_race_src/install/apriltag_msgs/share/apriltag_msgs/cmake/ament_cmake_export_dependencies-extras.cmake
[0.612s] -- Up-to-date symlink: /home/gouzi/obstacle_race_src/install/apriltag_msgs/share/apriltag_msgs/cmake/ament_cmake_export_include_directories-extras.cmake
[0.612s] -- Up-to-date symlink: /home/gouzi/obstacle_race_src/install/apriltag_msgs/share/apriltag_msgs/cmake/ament_cmake_export_libraries-extras.cmake
[0.613s] -- Up-to-date symlink: /home/gouzi/obstacle_race_src/install/apriltag_msgs/share/apriltag_msgs/cmake/ament_cmake_export_targets-extras.cmake
[0.613s] -- Up-to-date symlink: /home/gouzi/obstacle_race_src/install/apriltag_msgs/share/apriltag_msgs/cmake/rosidl_cmake_export_typesupport_targets-extras.cmake
[0.613s] -- Up-to-date symlink: /home/gouzi/obstacle_race_src/install/apriltag_msgs/share/apriltag_msgs/cmake/rosidl_cmake_export_typesupport_libraries-extras.cmake
[0.613s] -- Up-to-date symlink: /home/gouzi/obstacle_race_src/install/apriltag_msgs/share/apriltag_msgs/cmake/apriltag_msgsConfig.cmake
[0.613s] -- Up-to-date symlink: /home/gouzi/obstacle_race_src/install/apriltag_msgs/share/apriltag_msgs/cmake/apriltag_msgsConfig-version.cmake
[0.613s] -- Up-to-date symlink: /home/gouzi/obstacle_race_src/install/apriltag_msgs/share/apriltag_msgs/package.xml
[0.613s] -- Up-to-date: /home/gouzi/obstacle_race_src/install/apriltag_msgs/lib/libapriltag_msgs__rosidl_generator_c.so
[0.613s] -- Up-to-date: /home/gouzi/obstacle_race_src/install/apriltag_msgs/lib/libapriltag_msgs__rosidl_typesupport_fastrtps_c.so
[0.613s] -- Up-to-date: /home/gouzi/obstacle_race_src/install/apriltag_msgs/lib/libapriltag_msgs__rosidl_typesupport_introspection_c.so
[0.614s] -- Up-to-date: /home/gouzi/obstacle_race_src/install/apriltag_msgs/lib/libapriltag_msgs__rosidl_typesupport_c.so
[0.614s] -- Up-to-date: /home/gouzi/obstacle_race_src/install/apriltag_msgs/lib/libapriltag_msgs__rosidl_typesupport_fastrtps_cpp.so
[0.614s] -- Up-to-date: /home/gouzi/obstacle_race_src/install/apriltag_msgs/lib/libapriltag_msgs__rosidl_typesupport_introspection_cpp.so
[0.614s] -- Up-to-date: /home/gouzi/obstacle_race_src/install/apriltag_msgs/lib/libapriltag_msgs__rosidl_typesupport_cpp.so
[0.647s] Listing '/home/gouzi/obstacle_race_src/install/apriltag_msgs/local/lib/python3.10/dist-packages/apriltag_msgs'...
[0.648s] Listing '/home/gouzi/obstacle_race_src/install/apriltag_msgs/local/lib/python3.10/dist-packages/apriltag_msgs/msg'...
[0.655s] -- Up-to-date: /home/gouzi/obstacle_race_src/install/apriltag_msgs/lib/libapriltag_msgs__rosidl_generator_py.so
[0.655s] -- Up-to-date: /home/gouzi/obstacle_race_src/install/apriltag_msgs/share/apriltag_msgs/cmake/export_apriltag_msgs__rosidl_generator_cExport.cmake
[0.655s] -- Up-to-date: /home/gouzi/obstacle_race_src/install/apriltag_msgs/share/apriltag_msgs/cmake/export_apriltag_msgs__rosidl_generator_cExport-noconfig.cmake
[0.655s] -- Up-to-date: /home/gouzi/obstacle_race_src/install/apriltag_msgs/share/apriltag_msgs/cmake/export_apriltag_msgs__rosidl_typesupport_fastrtps_cExport.cmake
[0.655s] -- Up-to-date: /home/gouzi/obstacle_race_src/install/apriltag_msgs/share/apriltag_msgs/cmake/export_apriltag_msgs__rosidl_typesupport_fastrtps_cExport-noconfig.cmake
[0.656s] -- Up-to-date: /home/gouzi/obstacle_race_src/install/apriltag_msgs/share/apriltag_msgs/cmake/apriltag_msgs__rosidl_typesupport_introspection_cExport.cmake
[0.656s] -- Up-to-date: /home/gouzi/obstacle_race_src/install/apriltag_msgs/share/apriltag_msgs/cmake/apriltag_msgs__rosidl_typesupport_introspection_cExport-noconfig.cmake
[0.656s] -- Up-to-date: /home/gouzi/obstacle_race_src/install/apriltag_msgs/share/apriltag_msgs/cmake/apriltag_msgs__rosidl_typesupport_cExport.cmake
[0.656s] -- Up-to-date: /home/gouzi/obstacle_race_src/install/apriltag_msgs/share/apriltag_msgs/cmake/apriltag_msgs__rosidl_typesupport_cExport-noconfig.cmake
[0.656s] -- Up-to-date: /home/gouzi/obstacle_race_src/install/apriltag_msgs/share/apriltag_msgs/cmake/export_apriltag_msgs__rosidl_generator_cppExport.cmake
[0.656s] -- Up-to-date: /home/gouzi/obstacle_race_src/install/apriltag_msgs/share/apriltag_msgs/cmake/export_apriltag_msgs__rosidl_typesupport_fastrtps_cppExport.cmake
[0.656s] -- Up-to-date: /home/gouzi/obstacle_race_src/install/apriltag_msgs/share/apriltag_msgs/cmake/export_apriltag_msgs__rosidl_typesupport_fastrtps_cppExport-noconfig.cmake
[0.656s] -- Up-to-date: /home/gouzi/obstacle_race_src/install/apriltag_msgs/share/apriltag_msgs/cmake/apriltag_msgs__rosidl_typesupport_introspection_cppExport.cmake
[0.656s] -- Up-to-date: /home/gouzi/obstacle_race_src/install/apriltag_msgs/share/apriltag_msgs/cmake/apriltag_msgs__rosidl_typesupport_introspection_cppExport-noconfig.cmake
[0.656s] -- Up-to-date: /home/gouzi/obstacle_race_src/install/apriltag_msgs/share/apriltag_msgs/cmake/apriltag_msgs__rosidl_typesupport_cppExport.cmake
[0.656s] -- Up-to-date: /home/gouzi/obstacle_race_src/install/apriltag_msgs/share/apriltag_msgs/cmake/apriltag_msgs__rosidl_typesupport_cppExport-noconfig.cmake
[0.656s] -- Up-to-date: /home/gouzi/obstacle_race_src/install/apriltag_msgs/share/apriltag_msgs/cmake/export_apriltag_msgs__rosidl_generator_pyExport.cmake
[0.656s] -- Up-to-date: /home/gouzi/obstacle_race_src/install/apriltag_msgs/share/apriltag_msgs/cmake/export_apriltag_msgs__rosidl_generator_pyExport-noconfig.cmake
[0.664s] Invoked command in '/home/gouzi/obstacle_race_src/build/apriltag_msgs' returned '0': CMAKE_PREFIX_PATH=${CMAKE_PREFIX_PATH}:/home/gouzi/obstacle_race_src/install/auto_nav_pkg:/opt/ros/humble /usr/bin/cmake --install /home/gouzi/obstacle_race_src/build/apriltag_msgs
