-- Found ament_cmake: 1.3.13 (/opt/ros/humble/share/ament_cmake/cmake)
-- Override CMake install command with custom implementation using symlinks instead of copying resources
-- Found geometry_msgs: 4.9.1 (/opt/ros/humble/share/geometry_msgs/cmake)
-- Found rosidl_generator_c: 3.1.8 (/opt/ros/humble/share/rosidl_generator_c/cmake)
-- Found rosidl_adapter: 3.1.8 (/opt/ros/humble/share/rosidl_adapter/cmake)
-- Found rosidl_generator_cpp: 3.1.8 (/opt/ros/humble/share/rosidl_generator_cpp/cmake)
-- Using all available rosidl_typesupport_c: rosidl_typesupport_fastrtps_c;rosidl_typesupport_introspection_c
-- Using all available rosidl_typesupport_cpp: rosidl_typesupport_fastrtps_cpp;rosidl_typesupport_introspection_cpp
-- Found nav_msgs: 4.9.1 (/opt/ros/humble/share/nav_msgs/cmake)
-- Found rclcpp: 16.0.18 (/opt/ros/humble/share/rclcpp/cmake)
-- Found rmw_implementation_cmake: 6.1.2 (/opt/ros/humble/share/rmw_implementation_cmake/cmake)
-- Found rmw_fastrtps_cpp: 6.2.10 (/opt/ros/humble/share/rmw_fastrtps_cpp/cmake)
-- Using RMW implementation 'rmw_fastrtps_cpp' as default
-- Configuring done
-- Generating done
-- Build files have been written to: /home/gouzi/obstacle_race_src/build/quadruped_step_mapper
[35m[1mConsolidate compiler generated dependencies of target cmd_vel_to_serial_node[0m
[35m[1mConsolidate compiler generated dependencies of target cmd_vel_to_step_length_node[0m
[100%] Built target cmd_vel_to_step_length_node
[100%] Built target cmd_vel_to_serial_node
-- Install configuration: ""
-- Execute custom install script
-- Up-to-date symlink: /home/gouzi/obstacle_race_src/install/quadruped_step_mapper/lib/quadruped_step_mapper/cmd_vel_to_step_length_node
-- Up-to-date symlink: /home/gouzi/obstacle_race_src/install/quadruped_step_mapper/lib/quadruped_step_mapper/cmd_vel_to_serial_node
-- Up-to-date symlink: /home/gouzi/obstacle_race_src/install/quadruped_step_mapper/lib/quadruped_step_mapper/serial_start_listener.py
-- Up-to-date symlink: /home/gouzi/obstacle_race_src/install/quadruped_step_mapper/lib/quadruped_step_mapper/serial_step_tester.py
-- Up-to-date symlink: /home/gouzi/obstacle_race_src/install/quadruped_step_mapper/include/quadruped_step_mapper/cmd_vel_to_serial_node.hpp
-- Up-to-date symlink: /home/gouzi/obstacle_race_src/install/quadruped_step_mapper/include/quadruped_step_mapper/cmd_vel_to_step_length_node.hpp
-- Up-to-date symlink: /home/gouzi/obstacle_race_src/install/quadruped_step_mapper/include/quadruped_step_mapper/step_length_mapper.hpp
-- Up-to-date symlink: /home/gouzi/obstacle_race_src/install/quadruped_step_mapper/share/quadruped_step_mapper/config/cmd_vel_to_serial.yaml
-- Up-to-date symlink: /home/gouzi/obstacle_race_src/install/quadruped_step_mapper/share/quadruped_step_mapper/config/diff_like_quadruped.yaml
-- Up-to-date symlink: /home/gouzi/obstacle_race_src/install/quadruped_step_mapper/share/quadruped_step_mapper/launch/cmd_vel_to_serial.launch.py
-- Up-to-date symlink: /home/gouzi/obstacle_race_src/install/quadruped_step_mapper/share/quadruped_step_mapper/launch/cmd_vel_to_step_length.launch.py
-- Up-to-date symlink: /home/gouzi/obstacle_race_src/install/quadruped_step_mapper/share/ament_index/resource_index/package_run_dependencies/quadruped_step_mapper
-- Up-to-date symlink: /home/gouzi/obstacle_race_src/install/quadruped_step_mapper/share/ament_index/resource_index/parent_prefix_path/quadruped_step_mapper
-- Up-to-date symlink: /home/gouzi/obstacle_race_src/install/quadruped_step_mapper/share/quadruped_step_mapper/environment/ament_prefix_path.sh
-- Up-to-date symlink: /home/gouzi/obstacle_race_src/install/quadruped_step_mapper/share/quadruped_step_mapper/environment/ament_prefix_path.dsv
-- Up-to-date symlink: /home/gouzi/obstacle_race_src/install/quadruped_step_mapper/share/quadruped_step_mapper/environment/path.sh
-- Up-to-date symlink: /home/gouzi/obstacle_race_src/install/quadruped_step_mapper/share/quadruped_step_mapper/environment/path.dsv
-- Up-to-date symlink: /home/gouzi/obstacle_race_src/install/quadruped_step_mapper/share/quadruped_step_mapper/local_setup.bash
-- Up-to-date symlink: /home/gouzi/obstacle_race_src/install/quadruped_step_mapper/share/quadruped_step_mapper/local_setup.sh
-- Up-to-date symlink: /home/gouzi/obstacle_race_src/install/quadruped_step_mapper/share/quadruped_step_mapper/local_setup.zsh
-- Up-to-date symlink: /home/gouzi/obstacle_race_src/install/quadruped_step_mapper/share/quadruped_step_mapper/local_setup.dsv
-- Symlinking: /home/gouzi/obstacle_race_src/install/quadruped_step_mapper/share/quadruped_step_mapper/package.dsv
-- Up-to-date symlink: /home/gouzi/obstacle_race_src/install/quadruped_step_mapper/share/ament_index/resource_index/packages/quadruped_step_mapper
-- Up-to-date symlink: /home/gouzi/obstacle_race_src/install/quadruped_step_mapper/share/quadruped_step_mapper/cmake/quadruped_step_mapperConfig.cmake
-- Up-to-date symlink: /home/gouzi/obstacle_race_src/install/quadruped_step_mapper/share/quadruped_step_mapper/cmake/quadruped_step_mapperConfig-version.cmake
-- Up-to-date symlink: /home/gouzi/obstacle_race_src/install/quadruped_step_mapper/share/quadruped_step_mapper/package.xml
