[0.573s] Invoking command in '/home/gouzi/obstacle_race_src/src/auto_nav_pkg': AMENT_PREFIX_PATH=/home/gouzi/obstacle_race_src/install/realsense2_camera:/home/gouzi/obstacle_race_src/install/apriltag_ros:/home/gouzi/obstacle_race_src/install/realsense2_camera_msgs:/home/gouzi/obstacle_race_src/install/apriltag_msgs:${AMENT_PREFIX_PATH} CMAKE_PREFIX_PATH=/home/gouzi/obstacle_race_src/install/realsense2_camera:/home/gouzi/obstacle_race_src/install/apriltag_ros:/home/gouzi/obstacle_race_src/install/realsense2_camera_msgs:/home/gouzi/obstacle_race_src/install/apriltag_msgs LD_LIBRARY_PATH=/home/gouzi/obstacle_race_src/install/realsense2_camera/lib:/home/gouzi/obstacle_race_src/install/apriltag_ros/lib:/home/gouzi/obstacle_race_src/install/realsense2_camera_msgs/lib:/home/gouzi/obstacle_race_src/install/apriltag_msgs/lib:${LD_LIBRARY_PATH} PYTHONPATH=/home/gouzi/obstacle_race_src/build/auto_nav_pkg/prefix_override:/usr/lib/python3/dist-packages/colcon_core/task/python/colcon_distutils_commands:/home/gouzi/obstacle_race_src/install/auto_nav_pkg/lib/python3.10/site-packages:/home/gouzi/obstacle_race_src/install/realsense2_camera_msgs/local/lib/python3.10/dist-packages:/home/gouzi/obstacle_race_src/install/apriltag_msgs/local/lib/python3.10/dist-packages:${PYTHONPATH} /usr/bin/python3 -W ignore:setup.py install is deprecated -W ignore:easy_install command is deprecated setup.py egg_info --egg-base ../../build/auto_nav_pkg build --build-base /home/gouzi/obstacle_race_src/build/auto_nav_pkg/build install --record /home/gouzi/obstacle_race_src/build/auto_nav_pkg/install.log --single-version-externally-managed install_data
[0.776s] running egg_info
[0.776s] writing ../../build/auto_nav_pkg/auto_nav_pkg.egg-info/PKG-INFO
[0.776s] writing dependency_links to ../../build/auto_nav_pkg/auto_nav_pkg.egg-info/dependency_links.txt
[0.777s] writing entry points to ../../build/auto_nav_pkg/auto_nav_pkg.egg-info/entry_points.txt
[0.777s] writing requirements to ../../build/auto_nav_pkg/auto_nav_pkg.egg-info/requires.txt
[0.777s] writing top-level names to ../../build/auto_nav_pkg/auto_nav_pkg.egg-info/top_level.txt
[0.778s] reading manifest file '../../build/auto_nav_pkg/auto_nav_pkg.egg-info/SOURCES.txt'
[0.781s] writing manifest file '../../build/auto_nav_pkg/auto_nav_pkg.egg-info/SOURCES.txt'
[0.781s] running build
[0.781s] running build_py
[0.781s] copying auto_nav_pkg/obstacle_race_supervisor.py -> /home/gouzi/obstacle_race_src/build/auto_nav_pkg/build/lib/auto_nav_pkg
[0.783s] running install
[0.784s] running install_lib
[0.785s] copying /home/gouzi/obstacle_race_src/build/auto_nav_pkg/build/lib/auto_nav_pkg/obstacle_race_supervisor.py -> /home/gouzi/obstacle_race_src/install/auto_nav_pkg/lib/python3.10/site-packages/auto_nav_pkg
[0.787s] byte-compiling /home/gouzi/obstacle_race_src/install/auto_nav_pkg/lib/python3.10/site-packages/auto_nav_pkg/obstacle_race_supervisor.py to obstacle_race_supervisor.cpython-310.pyc
[0.872s] running install_data
[0.873s] copying config/obstacle_race_supervisor.yaml -> /home/gouzi/obstacle_race_src/install/auto_nav_pkg/share/auto_nav_pkg/config
[0.873s] running install_egg_info
[0.874s] removing '/home/gouzi/obstacle_race_src/install/auto_nav_pkg/lib/python3.10/site-packages/auto_nav_pkg-0.1.0-py3.10.egg-info' (and everything under it)
[0.875s] Copying ../../build/auto_nav_pkg/auto_nav_pkg.egg-info to /home/gouzi/obstacle_race_src/install/auto_nav_pkg/lib/python3.10/site-packages/auto_nav_pkg-0.1.0-py3.10.egg-info
[0.875s] running install_scripts
[0.897s] Installing apriltag_align_test_node script to /home/gouzi/obstacle_race_src/install/auto_nav_pkg/lib/auto_nav_pkg
[0.897s] Installing limit_bar_duck_test_node script to /home/gouzi/obstacle_race_src/install/auto_nav_pkg/lib/auto_nav_pkg
[0.897s] Installing nav_agent_node script to /home/gouzi/obstacle_race_src/install/auto_nav_pkg/lib/auto_nav_pkg
[0.897s] Installing nav_executor_node script to /home/gouzi/obstacle_race_src/install/auto_nav_pkg/lib/auto_nav_pkg
[0.897s] Installing obstacle_manager_node script to /home/gouzi/obstacle_race_src/install/auto_nav_pkg/lib/auto_nav_pkg
[0.897s] Installing obstacle_race_supervisor_node script to /home/gouzi/obstacle_race_src/install/auto_nav_pkg/lib/auto_nav_pkg
[0.897s] Installing orange_hurdle_jump_test_node script to /home/gouzi/obstacle_race_src/install/auto_nav_pkg/lib/auto_nav_pkg
[0.897s] Installing orange_pole_detector_node script to /home/gouzi/obstacle_race_src/install/auto_nav_pkg/lib/auto_nav_pkg
[0.897s] Installing orange_pole_relative_nav_node script to /home/gouzi/obstacle_race_src/install/auto_nav_pkg/lib/auto_nav_pkg
[0.897s] Installing orange_pole_relative_nav_stable_node script to /home/gouzi/obstacle_race_src/install/auto_nav_pkg/lib/auto_nav_pkg
[0.898s] Installing slope_branch_detector_node script to /home/gouzi/obstacle_race_src/install/auto_nav_pkg/lib/auto_nav_pkg
[0.898s] Installing upstairs_detector_node script to /home/gouzi/obstacle_race_src/install/auto_nav_pkg/lib/auto_nav_pkg
[0.898s] Installing yolo_relative_nav_node script to /home/gouzi/obstacle_race_src/install/auto_nav_pkg/lib/auto_nav_pkg
[0.898s] writing list of installed files to '/home/gouzi/obstacle_race_src/build/auto_nav_pkg/install.log'
[0.928s] Invoked command in '/home/gouzi/obstacle_race_src/src/auto_nav_pkg' returned '0': AMENT_PREFIX_PATH=/home/gouzi/obstacle_race_src/install/realsense2_camera:/home/gouzi/obstacle_race_src/install/apriltag_ros:/home/gouzi/obstacle_race_src/install/realsense2_camera_msgs:/home/gouzi/obstacle_race_src/install/apriltag_msgs:${AMENT_PREFIX_PATH} CMAKE_PREFIX_PATH=/home/gouzi/obstacle_race_src/install/realsense2_camera:/home/gouzi/obstacle_race_src/install/apriltag_ros:/home/gouzi/obstacle_race_src/install/realsense2_camera_msgs:/home/gouzi/obstacle_race_src/install/apriltag_msgs LD_LIBRARY_PATH=/home/gouzi/obstacle_race_src/install/realsense2_camera/lib:/home/gouzi/obstacle_race_src/install/apriltag_ros/lib:/home/gouzi/obstacle_race_src/install/realsense2_camera_msgs/lib:/home/gouzi/obstacle_race_src/install/apriltag_msgs/lib:${LD_LIBRARY_PATH} PYTHONPATH=/home/gouzi/obstacle_race_src/build/auto_nav_pkg/prefix_override:/usr/lib/python3/dist-packages/colcon_core/task/python/colcon_distutils_commands:/home/gouzi/obstacle_race_src/install/auto_nav_pkg/lib/python3.10/site-packages:/home/gouzi/obstacle_race_src/install/realsense2_camera_msgs/local/lib/python3.10/dist-packages:/home/gouzi/obstacle_race_src/install/apriltag_msgs/local/lib/python3.10/dist-packages:${PYTHONPATH} /usr/bin/python3 -W ignore:setup.py install is deprecated -W ignore:easy_install command is deprecated setup.py egg_info --egg-base ../../build/auto_nav_pkg build --build-base /home/gouzi/obstacle_race_src/build/auto_nav_pkg/build install --record /home/gouzi/obstacle_race_src/build/auto_nav_pkg/install.log --single-version-externally-managed install_data
