running develop
Removing /home/gouzi/obstacle_race_src/install/auto_nav_pkg/lib/python3.10/site-packages/auto-nav-pkg.egg-link (link to .)
running egg_info
writing ../../build/auto_nav_pkg/auto_nav_pkg.egg-info/PKG-INFO
writing dependency_links to ../../build/auto_nav_pkg/auto_nav_pkg.egg-info/dependency_links.txt
writing entry points to ../../build/auto_nav_pkg/auto_nav_pkg.egg-info/entry_points.txt
writing requirements to ../../build/auto_nav_pkg/auto_nav_pkg.egg-info/requires.txt
writing top-level names to ../../build/auto_nav_pkg/auto_nav_pkg.egg-info/top_level.txt
reading manifest file '../../build/auto_nav_pkg/auto_nav_pkg.egg-info/SOURCES.txt'
writing manifest file '../../build/auto_nav_pkg/auto_nav_pkg.egg-info/SOURCES.txt'
running build
running build_py
copying auto_nav_pkg/orange_pole_relative_nav.py -> /home/gouzi/obstacle_race_src/build/auto_nav_pkg/build/lib/auto_nav_pkg
running install
running install_lib
creating /home/gouzi/obstacle_race_src/install/auto_nav_pkg/lib/python3.10/site-packages/auto_nav_pkg
copying /home/gouzi/obstacle_race_src/build/auto_nav_pkg/build/lib/auto_nav_pkg/nav_agent.py -> /home/gouzi/obstacle_race_src/install/auto_nav_pkg/lib/python3.10/site-packages/auto_nav_pkg
copying /home/gouzi/obstacle_race_src/build/auto_nav_pkg/build/lib/auto_nav_pkg/orange_pole_relative_nav.py -> /home/gouzi/obstacle_race_src/install/auto_nav_pkg/lib/python3.10/site-packages/auto_nav_pkg
copying /home/gouzi/obstacle_race_src/build/auto_nav_pkg/build/lib/auto_nav_pkg/limit_bar_duck_test.py -> /home/gouzi/obstacle_race_src/install/auto_nav_pkg/lib/python3.10/site-packages/auto_nav_pkg
copying /home/gouzi/obstacle_race_src/build/auto_nav_pkg/build/lib/auto_nav_pkg/slope_branch_detector.py -> /home/gouzi/obstacle_race_src/install/auto_nav_pkg/lib/python3.10/site-packages/auto_nav_pkg
copying /home/gouzi/obstacle_race_src/build/auto_nav_pkg/build/lib/auto_nav_pkg/orange_pole_detector.py -> /home/gouzi/obstacle_race_src/install/auto_nav_pkg/lib/python3.10/site-packages/auto_nav_pkg
copying /home/gouzi/obstacle_race_src/build/auto_nav_pkg/build/lib/auto_nav_pkg/log_style.py -> /home/gouzi/obstacle_race_src/install/auto_nav_pkg/lib/python3.10/site-packages/auto_nav_pkg
copying /home/gouzi/obstacle_race_src/build/auto_nav_pkg/build/lib/auto_nav_pkg/nav_executor.py -> /home/gouzi/obstacle_race_src/install/auto_nav_pkg/lib/python3.10/site-packages/auto_nav_pkg
copying /home/gouzi/obstacle_race_src/build/auto_nav_pkg/build/lib/auto_nav_pkg/obstacle_race_supervisor.py -> /home/gouzi/obstacle_race_src/install/auto_nav_pkg/lib/python3.10/site-packages/auto_nav_pkg
copying /home/gouzi/obstacle_race_src/build/auto_nav_pkg/build/lib/auto_nav_pkg/upstairs_detector.py -> /home/gouzi/obstacle_race_src/install/auto_nav_pkg/lib/python3.10/site-packages/auto_nav_pkg
copying /home/gouzi/obstacle_race_src/build/auto_nav_pkg/build/lib/auto_nav_pkg/orange_hurdle_jump_test.py -> /home/gouzi/obstacle_race_src/install/auto_nav_pkg/lib/python3.10/site-packages/auto_nav_pkg
copying /home/gouzi/obstacle_race_src/build/auto_nav_pkg/build/lib/auto_nav_pkg/obstacle_manager.py -> /home/gouzi/obstacle_race_src/install/auto_nav_pkg/lib/python3.10/site-packages/auto_nav_pkg
copying /home/gouzi/obstacle_race_src/build/auto_nav_pkg/build/lib/auto_nav_pkg/yolo_relative_nav.py -> /home/gouzi/obstacle_race_src/install/auto_nav_pkg/lib/python3.10/site-packages/auto_nav_pkg
copying /home/gouzi/obstacle_race_src/build/auto_nav_pkg/build/lib/auto_nav_pkg/apriltag_align_test.py -> /home/gouzi/obstacle_race_src/install/auto_nav_pkg/lib/python3.10/site-packages/auto_nav_pkg
copying /home/gouzi/obstacle_race_src/build/auto_nav_pkg/build/lib/auto_nav_pkg/orange_pole_relative_nav_stable.py -> /home/gouzi/obstacle_race_src/install/auto_nav_pkg/lib/python3.10/site-packages/auto_nav_pkg
copying /home/gouzi/obstacle_race_src/build/auto_nav_pkg/build/lib/auto_nav_pkg/__init__.py -> /home/gouzi/obstacle_race_src/install/auto_nav_pkg/lib/python3.10/site-packages/auto_nav_pkg
byte-compiling /home/gouzi/obstacle_race_src/install/auto_nav_pkg/lib/python3.10/site-packages/auto_nav_pkg/nav_agent.py to nav_agent.cpython-310.pyc
byte-compiling /home/gouzi/obstacle_race_src/install/auto_nav_pkg/lib/python3.10/site-packages/auto_nav_pkg/orange_pole_relative_nav.py to orange_pole_relative_nav.cpython-310.pyc
byte-compiling /home/gouzi/obstacle_race_src/install/auto_nav_pkg/lib/python3.10/site-packages/auto_nav_pkg/limit_bar_duck_test.py to limit_bar_duck_test.cpython-310.pyc
byte-compiling /home/gouzi/obstacle_race_src/install/auto_nav_pkg/lib/python3.10/site-packages/auto_nav_pkg/slope_branch_detector.py to slope_branch_detector.cpython-310.pyc
byte-compiling /home/gouzi/obstacle_race_src/install/auto_nav_pkg/lib/python3.10/site-packages/auto_nav_pkg/orange_pole_detector.py to orange_pole_detector.cpython-310.pyc
byte-compiling /home/gouzi/obstacle_race_src/install/auto_nav_pkg/lib/python3.10/site-packages/auto_nav_pkg/log_style.py to log_style.cpython-310.pyc
byte-compiling /home/gouzi/obstacle_race_src/install/auto_nav_pkg/lib/python3.10/site-packages/auto_nav_pkg/nav_executor.py to nav_executor.cpython-310.pyc
byte-compiling /home/gouzi/obstacle_race_src/install/auto_nav_pkg/lib/python3.10/site-packages/auto_nav_pkg/obstacle_race_supervisor.py to obstacle_race_supervisor.cpython-310.pyc
byte-compiling /home/gouzi/obstacle_race_src/install/auto_nav_pkg/lib/python3.10/site-packages/auto_nav_pkg/upstairs_detector.py to upstairs_detector.cpython-310.pyc
byte-compiling /home/gouzi/obstacle_race_src/install/auto_nav_pkg/lib/python3.10/site-packages/auto_nav_pkg/orange_hurdle_jump_test.py to orange_hurdle_jump_test.cpython-310.pyc
byte-compiling /home/gouzi/obstacle_race_src/install/auto_nav_pkg/lib/python3.10/site-packages/auto_nav_pkg/obstacle_manager.py to obstacle_manager.cpython-310.pyc
byte-compiling /home/gouzi/obstacle_race_src/install/auto_nav_pkg/lib/python3.10/site-packages/auto_nav_pkg/yolo_relative_nav.py to yolo_relative_nav.cpython-310.pyc
byte-compiling /home/gouzi/obstacle_race_src/install/auto_nav_pkg/lib/python3.10/site-packages/auto_nav_pkg/apriltag_align_test.py to apriltag_align_test.cpython-310.pyc
byte-compiling /home/gouzi/obstacle_race_src/install/auto_nav_pkg/lib/python3.10/site-packages/auto_nav_pkg/orange_pole_relative_nav_stable.py to orange_pole_relative_nav_stable.cpython-310.pyc
byte-compiling /home/gouzi/obstacle_race_src/install/auto_nav_pkg/lib/python3.10/site-packages/auto_nav_pkg/__init__.py to __init__.cpython-310.pyc
running install_data
copying resource/auto_nav_pkg -> /home/gouzi/obstacle_race_src/install/auto_nav_pkg/share/ament_index/resource_index/packages
copying package.xml -> /home/gouzi/obstacle_race_src/install/auto_nav_pkg/share/auto_nav_pkg
copying launch/limit_bar_duck_test.launch.py -> /home/gouzi/obstacle_race_src/install/auto_nav_pkg/share/auto_nav_pkg/launch
copying launch/apriltag_align_test.launch.py -> /home/gouzi/obstacle_race_src/install/auto_nav_pkg/share/auto_nav_pkg/launch
copying launch/apriltag_bridge_lateral_test.launch.py -> /home/gouzi/obstacle_race_src/install/auto_nav_pkg/share/auto_nav_pkg/launch
copying launch/orange_pole_relative_nav_bringup.launch.py -> /home/gouzi/obstacle_race_src/install/auto_nav_pkg/share/auto_nav_pkg/launch
copying launch/orange_pole_body_relative_nav_bringup.launch.py -> /home/gouzi/obstacle_race_src/install/auto_nav_pkg/share/auto_nav_pkg/launch
copying launch/orange_pole_body_relative_nav_stable_bringup.launch.py -> /home/gouzi/obstacle_race_src/install/auto_nav_pkg/share/auto_nav_pkg/launch
copying launch/obstacle_race_bringup.launch.py -> /home/gouzi/obstacle_race_src/install/auto_nav_pkg/share/auto_nav_pkg/launch
copying launch/apriltag_limit_bar_align_test.launch.py -> /home/gouzi/obstacle_race_src/install/auto_nav_pkg/share/auto_nav_pkg/launch
copying launch/orange_pole_detector_test.launch.py -> /home/gouzi/obstacle_race_src/install/auto_nav_pkg/share/auto_nav_pkg/launch
copying launch/obstacle_race_limit_bar_tag_test.launch.py -> /home/gouzi/obstacle_race_src/install/auto_nav_pkg/share/auto_nav_pkg/launch
copying launch/orange_hurdle_jump_test.launch.py -> /home/gouzi/obstacle_race_src/install/auto_nav_pkg/share/auto_nav_pkg/launch
copying launch/obstacle_race_visual_supervisor.launch.py -> /home/gouzi/obstacle_race_src/install/auto_nav_pkg/share/auto_nav_pkg/launch
copying config/orange_pole_body_relative_test_v4.yaml -> /home/gouzi/obstacle_race_src/install/auto_nav_pkg/share/auto_nav_pkg/config
copying config/obstacle_race_supervisor_limit_bar_tag_test_overlay.yaml -> /home/gouzi/obstacle_race_src/install/auto_nav_pkg/share/auto_nav_pkg/config
copying config/apriltag_align_test.yaml -> /home/gouzi/obstacle_race_src/install/auto_nav_pkg/share/auto_nav_pkg/config
copying config/obstacle_waypoints.yaml -> /home/gouzi/obstacle_race_src/install/auto_nav_pkg/share/auto_nav_pkg/config
copying config/obstacle_waypoints_mirror.yaml -> /home/gouzi/obstacle_race_src/install/auto_nav_pkg/share/auto_nav_pkg/config
copying config/orange_pole_body_relative_test_start_b.yaml -> /home/gouzi/obstacle_race_src/install/auto_nav_pkg/share/auto_nav_pkg/config
copying config/orange_pole_stable_trigger.yaml -> /home/gouzi/obstacle_race_src/install/auto_nav_pkg/share/auto_nav_pkg/config
copying config/pole_race_lidar_waypoints.yaml -> /home/gouzi/obstacle_race_src/install/auto_nav_pkg/share/auto_nav_pkg/config
copying config/orange_pole_body_relative_test_v1.yaml -> /home/gouzi/obstacle_race_src/install/auto_nav_pkg/share/auto_nav_pkg/config
copying config/limit_bar_duck_test.yaml -> /home/gouzi/obstacle_race_src/install/auto_nav_pkg/share/auto_nav_pkg/config
copying config/obstacle_race_supervisor_overlay.yaml -> /home/gouzi/obstacle_race_src/install/auto_nav_pkg/share/auto_nav_pkg/config
copying config/orange_pole_body_relative_test.yaml -> /home/gouzi/obstacle_race_src/install/auto_nav_pkg/share/auto_nav_pkg/config
copying config/upstairs_detector.yaml -> /home/gouzi/obstacle_race_src/install/auto_nav_pkg/share/auto_nav_pkg/config
copying config/orange_pole_detector.yaml -> /home/gouzi/obstacle_race_src/install/auto_nav_pkg/share/auto_nav_pkg/config
copying config/orange_hurdle_jump_test.yaml -> /home/gouzi/obstacle_race_src/install/auto_nav_pkg/share/auto_nav_pkg/config
copying config/obstacle_race_supervisor.yaml -> /home/gouzi/obstacle_race_src/install/auto_nav_pkg/share/auto_nav_pkg/config
copying config/nav2_pointlio_navigation.yaml -> /home/gouzi/obstacle_race_src/install/auto_nav_pkg/share/auto_nav_pkg/config
copying config/apriltag_bridge_lateral_test.yaml -> /home/gouzi/obstacle_race_src/install/auto_nav_pkg/share/auto_nav_pkg/config
copying config/obstacle_race_system.yaml -> /home/gouzi/obstacle_race_src/install/auto_nav_pkg/share/auto_nav_pkg/config
copying config/slope_branch_detector.yaml -> /home/gouzi/obstacle_race_src/install/auto_nav_pkg/share/auto_nav_pkg/config
copying config/orange_pole_body_relative_test_v3.yaml -> /home/gouzi/obstacle_race_src/install/auto_nav_pkg/share/auto_nav_pkg/config
copying config/orange_pole_body_relative_test_reverse_mirror.yaml -> /home/gouzi/obstacle_race_src/install/auto_nav_pkg/share/auto_nav_pkg/config
copying config/orange_pole_body_relative_test_reverse.yaml -> /home/gouzi/obstacle_race_src/install/auto_nav_pkg/share/auto_nav_pkg/config
copying config/orange_pole_body_relative_test_v2.yaml -> /home/gouzi/obstacle_race_src/install/auto_nav_pkg/share/auto_nav_pkg/config
copying config/orange_pole_body_relative_test_mirror.yaml -> /home/gouzi/obstacle_race_src/install/auto_nav_pkg/share/auto_nav_pkg/config
running install_egg_info
Copying ../../build/auto_nav_pkg/auto_nav_pkg.egg-info to /home/gouzi/obstacle_race_src/install/auto_nav_pkg/lib/python3.10/site-packages/auto_nav_pkg-0.1.0-py3.10.egg-info
running install_scripts
Installing apriltag_align_test_node script to /home/gouzi/obstacle_race_src/install/auto_nav_pkg/lib/auto_nav_pkg
Installing limit_bar_duck_test_node script to /home/gouzi/obstacle_race_src/install/auto_nav_pkg/lib/auto_nav_pkg
Installing nav_agent_node script to /home/gouzi/obstacle_race_src/install/auto_nav_pkg/lib/auto_nav_pkg
Installing nav_executor_node script to /home/gouzi/obstacle_race_src/install/auto_nav_pkg/lib/auto_nav_pkg
Installing obstacle_manager_node script to /home/gouzi/obstacle_race_src/install/auto_nav_pkg/lib/auto_nav_pkg
Installing obstacle_race_supervisor_node script to /home/gouzi/obstacle_race_src/install/auto_nav_pkg/lib/auto_nav_pkg
Installing orange_hurdle_jump_test_node script to /home/gouzi/obstacle_race_src/install/auto_nav_pkg/lib/auto_nav_pkg
Installing orange_pole_detector_node script to /home/gouzi/obstacle_race_src/install/auto_nav_pkg/lib/auto_nav_pkg
Installing orange_pole_relative_nav_node script to /home/gouzi/obstacle_race_src/install/auto_nav_pkg/lib/auto_nav_pkg
Installing orange_pole_relative_nav_stable_node script to /home/gouzi/obstacle_race_src/install/auto_nav_pkg/lib/auto_nav_pkg
Installing slope_branch_detector_node script to /home/gouzi/obstacle_race_src/install/auto_nav_pkg/lib/auto_nav_pkg
Installing upstairs_detector_node script to /home/gouzi/obstacle_race_src/install/auto_nav_pkg/lib/auto_nav_pkg
Installing yolo_relative_nav_node script to /home/gouzi/obstacle_race_src/install/auto_nav_pkg/lib/auto_nav_pkg
writing list of installed files to '/home/gouzi/obstacle_race_src/build/auto_nav_pkg/install.log'
