[0.012s] Invoking command in '/home/gouzi/obstacle_race_src/build/apriltag_ros': AMENT_PREFIX_PATH=/home/gouzi/obstacle_race_src/install/apriltag_msgs:${AMENT_PREFIX_PATH} CMAKE_PREFIX_PATH=/home/gouzi/obstacle_race_src/install/apriltag_msgs:/opt/ros/humble LD_LIBRARY_PATH=/home/gouzi/obstacle_race_src/install/apriltag_msgs/lib:${LD_LIBRARY_PATH} PYTHONPATH=/home/gouzi/obstacle_race_src/install/apriltag_msgs/local/lib/python3.10/dist-packages:${PYTHONPATH} /usr/bin/cmake /home/gouzi/obstacle_race_src/src/apriltag_ros -DAMENT_CMAKE_SYMLINK_INSTALL=1 -DCMAKE_INSTALL_PREFIX=/home/gouzi/obstacle_race_src/install/apriltag_ros
[0.021s] -- Found rclcpp: 16.0.18 (/opt/ros/humble/share/rclcpp/cmake)
[0.137s] -- Override CMake install command with custom implementation using symlinks instead of copying resources
[0.166s] -- Found rosidl_generator_c: 3.1.8 (/opt/ros/humble/share/rosidl_generator_c/cmake)
[0.167s] -- Found rosidl_adapter: 3.1.8 (/opt/ros/humble/share/rosidl_adapter/cmake)
[0.173s] -- Found rosidl_generator_cpp: 3.1.8 (/opt/ros/humble/share/rosidl_generator_cpp/cmake)
[0.180s] -- Using all available rosidl_typesupport_c: rosidl_typesupport_fastrtps_c;rosidl_typesupport_introspection_c
[0.190s] -- Using all available rosidl_typesupport_cpp: rosidl_typesupport_fastrtps_cpp;rosidl_typesupport_introspection_cpp
[0.216s] -- Found rmw_implementation_cmake: 6.1.2 (/opt/ros/humble/share/rmw_implementation_cmake/cmake)
[0.217s] -- Found rmw_fastrtps_cpp: 6.2.10 (/opt/ros/humble/share/rmw_fastrtps_cpp/cmake)
[0.300s] -- Using RMW implementation 'rmw_fastrtps_cpp' as default
[0.350s] -- Found rclcpp_components: 16.0.18 (/opt/ros/humble/share/rclcpp_components/cmake)
[0.369s] -- Found sensor_msgs: 4.9.1 (/opt/ros/humble/share/sensor_msgs/cmake)
[0.394s] -- Found apriltag_msgs: 2.0.1 (/home/gouzi/obstacle_race_src/install/apriltag_msgs/share/apriltag_msgs/cmake)
[0.406s] -- Found tf2_ros: 0.25.19 (/opt/ros/humble/share/tf2_ros/cmake)
[0.471s] -- Found image_transport: 3.1.12 (/opt/ros/humble/share/image_transport/cmake)
[0.486s] -- Found cv_bridge: 3.2.1 (/opt/ros/humble/share/cv_bridge/cmake)
[0.502s] -- Found ament_lint_auto: 0.12.15 (/opt/ros/humble/share/ament_lint_auto/cmake)
[0.579s] -- Added test 'cppcheck' to perform static code analysis on C / C++ code
[0.579s] -- Configured cppcheck include dirs: 
[0.579s] -- Configured cppcheck exclude dirs and/or files: 
[0.580s] -- Configuring done
[0.599s] -- Generating done
[0.608s] -- Build files have been written to: /home/gouzi/obstacle_race_src/build/apriltag_ros
[0.618s] Invoked command in '/home/gouzi/obstacle_race_src/build/apriltag_ros' returned '0': AMENT_PREFIX_PATH=/home/gouzi/obstacle_race_src/install/apriltag_msgs:${AMENT_PREFIX_PATH} CMAKE_PREFIX_PATH=/home/gouzi/obstacle_race_src/install/apriltag_msgs:/opt/ros/humble LD_LIBRARY_PATH=/home/gouzi/obstacle_race_src/install/apriltag_msgs/lib:${LD_LIBRARY_PATH} PYTHONPATH=/home/gouzi/obstacle_race_src/install/apriltag_msgs/local/lib/python3.10/dist-packages:${PYTHONPATH} /usr/bin/cmake /home/gouzi/obstacle_race_src/src/apriltag_ros -DAMENT_CMAKE_SYMLINK_INSTALL=1 -DCMAKE_INSTALL_PREFIX=/home/gouzi/obstacle_race_src/install/apriltag_ros
[0.619s] Invoking command in '/home/gouzi/obstacle_race_src/build/apriltag_ros': AMENT_PREFIX_PATH=/home/gouzi/obstacle_race_src/install/apriltag_msgs:${AMENT_PREFIX_PATH} CMAKE_PREFIX_PATH=/home/gouzi/obstacle_race_src/install/apriltag_msgs:/opt/ros/humble LD_LIBRARY_PATH=/home/gouzi/obstacle_race_src/install/apriltag_msgs/lib:${LD_LIBRARY_PATH} PYTHONPATH=/home/gouzi/obstacle_race_src/install/apriltag_msgs/local/lib/python3.10/dist-packages:${PYTHONPATH} /usr/bin/cmake --build /home/gouzi/obstacle_race_src/build/apriltag_ros -- -j8 -l8
[0.653s] Consolidate compiler generated dependencies of target tags
[0.655s] Consolidate compiler generated dependencies of target conversion
[0.656s] Consolidate compiler generated dependencies of target apriltag_node
[0.664s] [ 20%] Built target tags
[0.668s] [ 40%] Built target conversion
[0.668s] [ 50%] Linking CXX executable apriltag_node
[0.679s] Consolidate compiler generated dependencies of target pose_estimation
[0.691s] [ 70%] Built target pose_estimation
[0.704s] Consolidate compiler generated dependencies of target AprilTagNode
[0.715s] [ 80%] Building CXX object CMakeFiles/AprilTagNode.dir/src/AprilTagNode.cpp.o
[0.845s] [ 90%] Built target apriltag_node
[6.690s] [100%] Linking CXX shared library libAprilTagNode.so
[7.035s] [100%] Built target AprilTagNode
[7.045s] Invoked command in '/home/gouzi/obstacle_race_src/build/apriltag_ros' returned '0': AMENT_PREFIX_PATH=/home/gouzi/obstacle_race_src/install/apriltag_msgs:${AMENT_PREFIX_PATH} CMAKE_PREFIX_PATH=/home/gouzi/obstacle_race_src/install/apriltag_msgs:/opt/ros/humble LD_LIBRARY_PATH=/home/gouzi/obstacle_race_src/install/apriltag_msgs/lib:${LD_LIBRARY_PATH} PYTHONPATH=/home/gouzi/obstacle_race_src/install/apriltag_msgs/local/lib/python3.10/dist-packages:${PYTHONPATH} /usr/bin/cmake --build /home/gouzi/obstacle_race_src/build/apriltag_ros -- -j8 -l8
[7.053s] Invoking command in '/home/gouzi/obstacle_race_src/build/apriltag_ros': AMENT_PREFIX_PATH=/home/gouzi/obstacle_race_src/install/apriltag_msgs:${AMENT_PREFIX_PATH} CMAKE_PREFIX_PATH=/home/gouzi/obstacle_race_src/install/apriltag_msgs:/opt/ros/humble LD_LIBRARY_PATH=/home/gouzi/obstacle_race_src/install/apriltag_msgs/lib:${LD_LIBRARY_PATH} PYTHONPATH=/home/gouzi/obstacle_race_src/install/apriltag_msgs/local/lib/python3.10/dist-packages:${PYTHONPATH} /usr/bin/cmake --install /home/gouzi/obstacle_race_src/build/apriltag_ros
[7.061s] -- Install configuration: ""
[7.061s] -- Execute custom install script
[7.061s] -- Symlinking: /home/gouzi/obstacle_race_src/install/apriltag_ros/lib/apriltag_ros/apriltag_node
[7.068s] -- Symlinking: /home/gouzi/obstacle_race_src/install/apriltag_ros/share/apriltag_ros/environment/library_path.sh
[7.076s] -- Symlinking: /home/gouzi/obstacle_race_src/install/apriltag_ros/share/apriltag_ros/environment/library_path.dsv
[7.083s] -- Symlinking: /home/gouzi/obstacle_race_src/install/apriltag_ros/lib/libAprilTagNode.so
[7.090s] -- Symlinking: /home/gouzi/obstacle_race_src/install/apriltag_ros/share/apriltag_ros/cfg/tags_36h11.yaml
[7.099s] -- Symlinking: /home/gouzi/obstacle_race_src/install/apriltag_ros/share/apriltag_ros/cfg/tags_36h11_limit_bar_right_test.yaml
[7.106s] -- Symlinking: /home/gouzi/obstacle_race_src/install/apriltag_ros/share/apriltag_ros/launch/camera_36h11.launch.yml
[7.113s] -- Symlinking: /home/gouzi/obstacle_race_src/install/apriltag_ros/share/ament_index/resource_index/package_run_dependencies/apriltag_ros
[7.120s] -- Symlinking: /home/gouzi/obstacle_race_src/install/apriltag_ros/share/ament_index/resource_index/parent_prefix_path/apriltag_ros
[7.129s] -- Symlinking: /home/gouzi/obstacle_race_src/install/apriltag_ros/share/apriltag_ros/environment/ament_prefix_path.sh
[7.137s] -- Symlinking: /home/gouzi/obstacle_race_src/install/apriltag_ros/share/apriltag_ros/environment/ament_prefix_path.dsv
[7.143s] -- Symlinking: /home/gouzi/obstacle_race_src/install/apriltag_ros/share/apriltag_ros/environment/path.sh
[7.151s] -- Symlinking: /home/gouzi/obstacle_race_src/install/apriltag_ros/share/apriltag_ros/environment/path.dsv
[7.157s] -- Symlinking: /home/gouzi/obstacle_race_src/install/apriltag_ros/share/apriltag_ros/local_setup.bash
[7.166s] -- Symlinking: /home/gouzi/obstacle_race_src/install/apriltag_ros/share/apriltag_ros/local_setup.sh
[7.173s] -- Symlinking: /home/gouzi/obstacle_race_src/install/apriltag_ros/share/apriltag_ros/local_setup.zsh
[7.180s] -- Symlinking: /home/gouzi/obstacle_race_src/install/apriltag_ros/share/apriltag_ros/local_setup.dsv
[7.187s] -- Symlinking: /home/gouzi/obstacle_race_src/install/apriltag_ros/share/apriltag_ros/package.dsv
[7.193s] -- Symlinking: /home/gouzi/obstacle_race_src/install/apriltag_ros/share/ament_index/resource_index/packages/apriltag_ros
[7.200s] -- Symlinking: /home/gouzi/obstacle_race_src/install/apriltag_ros/share/ament_index/resource_index/rclcpp_components/apriltag_ros
[7.211s] -- Symlinking: /home/gouzi/obstacle_race_src/install/apriltag_ros/share/apriltag_ros/cmake/apriltag_rosConfig.cmake
[7.217s] -- Symlinking: /home/gouzi/obstacle_race_src/install/apriltag_ros/share/apriltag_ros/cmake/apriltag_rosConfig-version.cmake
[7.224s] -- Symlinking: /home/gouzi/obstacle_race_src/install/apriltag_ros/share/apriltag_ros/package.xml
[7.232s] Invoked command in '/home/gouzi/obstacle_race_src/build/apriltag_ros' returned '0': AMENT_PREFIX_PATH=/home/gouzi/obstacle_race_src/install/apriltag_msgs:${AMENT_PREFIX_PATH} CMAKE_PREFIX_PATH=/home/gouzi/obstacle_race_src/install/apriltag_msgs:/opt/ros/humble LD_LIBRARY_PATH=/home/gouzi/obstacle_race_src/install/apriltag_msgs/lib:${LD_LIBRARY_PATH} PYTHONPATH=/home/gouzi/obstacle_race_src/install/apriltag_msgs/local/lib/python3.10/dist-packages:${PYTHONPATH} /usr/bin/cmake --install /home/gouzi/obstacle_race_src/build/apriltag_ros
