[0.008s] Invoking command in '/home/gouzi/obstacle_race_src/build/apriltag_msgs': CMAKE_PREFIX_PATH=/opt/ros/humble /usr/bin/cmake /home/gouzi/obstacle_race_src/src/apriltag_msgs -DAMENT_CMAKE_SYMLINK_INSTALL=1 -DCMAKE_INSTALL_PREFIX=/home/gouzi/obstacle_race_src/install/apriltag_msgs
[0.019s] -- Found ament_cmake: 1.3.13 (/opt/ros/humble/share/ament_cmake/cmake)
[0.123s] -- Override CMake install command with custom implementation using symlinks instead of copying resources
[0.135s] -- Found rosidl_default_generators: 1.2.0 (/opt/ros/humble/share/rosidl_default_generators/cmake)
[0.136s] -- Using all available rosidl_typesupport_c: rosidl_typesupport_fastrtps_c;rosidl_typesupport_introspection_c
[0.139s] -- Found rosidl_adapter: 3.1.8 (/opt/ros/humble/share/rosidl_adapter/cmake)
[0.169s] -- Using all available rosidl_typesupport_cpp: rosidl_typesupport_fastrtps_cpp;rosidl_typesupport_introspection_cpp
[0.194s] -- Found std_msgs: 4.9.1 (/opt/ros/humble/share/std_msgs/cmake)
[0.478s] -- Found ament_cmake_ros: 0.10.0 (/opt/ros/humble/share/ament_cmake_ros/cmake)
[0.657s] -- Using all available rosidl_typesupport_c: rosidl_typesupport_fastrtps_c;rosidl_typesupport_introspection_c
[0.884s] -- Using all available rosidl_typesupport_cpp: rosidl_typesupport_fastrtps_cpp;rosidl_typesupport_introspection_cpp
[0.902s] -- Found python_cmake_module: 0.10.0 (/opt/ros/humble/share/python_cmake_module/cmake)
[0.920s] -- Using PYTHON_EXECUTABLE: /usr/bin/python3
[0.920s] -- Using PYTHON_INCLUDE_DIRS: /usr/include/python3.10
[0.920s] -- Using PYTHON_LIBRARIES: /usr/lib/x86_64-linux-gnu/libpython3.10.so
[0.942s] -- Found ament_lint_auto: 0.12.15 (/opt/ros/humble/share/ament_lint_auto/cmake)
[0.957s] -- Added test 'lint_cmake' to check CMake code style
[0.960s] -- Added test 'xmllint' to check XML markup files
[0.963s] -- Configuring done
[0.999s] -- Generating done
[1.009s] -- Build files have been written to: /home/gouzi/obstacle_race_src/build/apriltag_msgs
[1.014s] Invoked command in '/home/gouzi/obstacle_race_src/build/apriltag_msgs' returned '0': CMAKE_PREFIX_PATH=/opt/ros/humble /usr/bin/cmake /home/gouzi/obstacle_race_src/src/apriltag_msgs -DAMENT_CMAKE_SYMLINK_INSTALL=1 -DCMAKE_INSTALL_PREFIX=/home/gouzi/obstacle_race_src/install/apriltag_msgs
[1.016s] Invoking command in '/home/gouzi/obstacle_race_src/build/apriltag_msgs': CMAKE_PREFIX_PATH=/opt/ros/humble /usr/bin/cmake --build /home/gouzi/obstacle_race_src/build/apriltag_msgs -- -j8 -l8
[1.048s] Consolidate compiler generated dependencies of target apriltag_msgs__rosidl_generator_c
[1.055s] failed to create symbolic link '/home/gouzi/obstacle_race_src/build/apriltag_msgs/ament_cmake_python/apriltag_msgs/apriltag_msgs' because existing path cannot be removed: Is a directory
[1.055s] [  2%] Built target apriltag_msgs__cpp
[1.056s] gmake[2]: *** [CMakeFiles/ament_cmake_python_symlink_apriltag_msgs.dir/build.make:70：CMakeFiles/ament_cmake_python_symlink_apriltag_msgs] 错误 1
[1.056s] gmake[1]: *** [CMakeFiles/Makefile2:421：CMakeFiles/ament_cmake_python_symlink_apriltag_msgs.dir/all] 错误 2
[1.056s] gmake[1]: *** 正在等待未完成的任务....
[1.056s] [ 12%] Built target apriltag_msgs__rosidl_generator_c
[1.064s] Consolidate compiler generated dependencies of target apriltag_msgs__rosidl_typesupport_cpp
[1.073s] [ 23%] Built target apriltag_msgs__rosidl_typesupport_cpp
[1.074s] gmake: *** [Makefile:146：all] 错误 2
[1.076s] Invoked command in '/home/gouzi/obstacle_race_src/build/apriltag_msgs' returned '2': CMAKE_PREFIX_PATH=/opt/ros/humble /usr/bin/cmake --build /home/gouzi/obstacle_race_src/build/apriltag_msgs -- -j8 -l8
