[0.017s] Invoking command in '/home/gouzi/obstacle_race_src/build/realsense2_camera_msgs': CMAKE_PREFIX_PATH=/opt/ros/humble /usr/bin/cmake --build /home/gouzi/obstacle_race_src/build/realsense2_camera_msgs -- -j8 -l8
[0.100s] [  1%] Built target realsense2_camera_msgs__cpp
[0.107s] [ 12%] Built target realsense2_camera_msgs__rosidl_generator_c
[0.120s] [ 12%] Built target ament_cmake_python_copy_realsense2_camera_msgs
[0.154s] [ 23%] Built target realsense2_camera_msgs__rosidl_typesupport_introspection_cpp
[0.163s] [ 34%] Built target realsense2_camera_msgs__rosidl_typesupport_cpp
[0.164s] [ 45%] Built target realsense2_camera_msgs__rosidl_typesupport_introspection_c
[0.177s] [ 56%] Built target realsense2_camera_msgs__rosidl_typesupport_fastrtps_c
[0.177s] [ 67%] Built target realsense2_camera_msgs__rosidl_typesupport_fastrtps_cpp
[0.186s] [ 78%] Built target realsense2_camera_msgs__rosidl_typesupport_c
[0.217s] [ 78%] Built target realsense2_camera_msgs
[0.239s] [ 80%] Built target realsense2_camera_msgs__py
[0.271s] [ 89%] Built target realsense2_camera_msgs__rosidl_generator_py
[0.307s] [ 92%] Built target realsense2_camera_msgs__rosidl_typesupport_fastrtps_c__pyext
[0.315s] [ 96%] Built target realsense2_camera_msgs__rosidl_typesupport_introspection_c__pyext
[0.316s] [100%] Built target realsense2_camera_msgs__rosidl_typesupport_c__pyext
[0.431s] running egg_info
[0.431s] writing realsense2_camera_msgs.egg-info/PKG-INFO
[0.431s] writing dependency_links to realsense2_camera_msgs.egg-info/dependency_links.txt
[0.431s] writing top-level names to realsense2_camera_msgs.egg-info/top_level.txt
[0.433s] reading manifest file 'realsense2_camera_msgs.egg-info/SOURCES.txt'
[0.434s] writing manifest file 'realsense2_camera_msgs.egg-info/SOURCES.txt'
[0.471s] [100%] Built target ament_cmake_python_build_realsense2_camera_msgs_egg
[0.482s] Invoked command in '/home/gouzi/obstacle_race_src/build/realsense2_camera_msgs' returned '0': CMAKE_PREFIX_PATH=/opt/ros/humble /usr/bin/cmake --build /home/gouzi/obstacle_race_src/build/realsense2_camera_msgs -- -j8 -l8
[0.483s] Invoking command in '/home/gouzi/obstacle_race_src/build/realsense2_camera_msgs': CMAKE_PREFIX_PATH=/opt/ros/humble /usr/bin/cmake --install /home/gouzi/obstacle_race_src/build/realsense2_camera_msgs
[0.490s] -- Install configuration: ""
[0.490s] -- Up-to-date: /home/gouzi/obstacle_race_src/install/realsense2_camera_msgs/share/ament_index/resource_index/rosidl_interfaces/realsense2_camera_msgs
[0.490s] -- Up-to-date: /home/gouzi/obstacle_race_src/install/realsense2_camera_msgs/include/realsense2_camera_msgs/realsense2_camera_msgs
[0.490s] -- Up-to-date: /home/gouzi/obstacle_race_src/install/realsense2_camera_msgs/include/realsense2_camera_msgs/realsense2_camera_msgs/srv
[0.490s] -- Up-to-date: /home/gouzi/obstacle_race_src/install/realsense2_camera_msgs/include/realsense2_camera_msgs/realsense2_camera_msgs/srv/device_info.h
[0.490s] -- Up-to-date: /home/gouzi/obstacle_race_src/install/realsense2_camera_msgs/include/realsense2_camera_msgs/realsense2_camera_msgs/srv/detail
[0.491s] -- Up-to-date: /home/gouzi/obstacle_race_src/install/realsense2_camera_msgs/include/realsense2_camera_msgs/realsense2_camera_msgs/srv/detail/device_info__struct.h
[0.491s] -- Up-to-date: /home/gouzi/obstacle_race_src/install/realsense2_camera_msgs/include/realsense2_camera_msgs/realsense2_camera_msgs/srv/detail/device_info__functions.h
[0.491s] -- Up-to-date: /home/gouzi/obstacle_race_src/install/realsense2_camera_msgs/include/realsense2_camera_msgs/realsense2_camera_msgs/srv/detail/device_info__functions.c
[0.491s] -- Up-to-date: /home/gouzi/obstacle_race_src/install/realsense2_camera_msgs/include/realsense2_camera_msgs/realsense2_camera_msgs/srv/detail/device_info__type_support.h
[0.491s] -- Up-to-date: /home/gouzi/obstacle_race_src/install/realsense2_camera_msgs/include/realsense2_camera_msgs/realsense2_camera_msgs/msg
[0.491s] -- Up-to-date: /home/gouzi/obstacle_race_src/install/realsense2_camera_msgs/include/realsense2_camera_msgs/realsense2_camera_msgs/msg/extrinsics.h
[0.491s] -- Up-to-date: /home/gouzi/obstacle_race_src/install/realsense2_camera_msgs/include/realsense2_camera_msgs/realsense2_camera_msgs/msg/detail
[0.491s] -- Up-to-date: /home/gouzi/obstacle_race_src/install/realsense2_camera_msgs/include/realsense2_camera_msgs/realsense2_camera_msgs/msg/detail/imu_info__type_support.h
[0.491s] -- Up-to-date: /home/gouzi/obstacle_race_src/install/realsense2_camera_msgs/include/realsense2_camera_msgs/realsense2_camera_msgs/msg/detail/imu_info__functions.h
[0.491s] -- Up-to-date: /home/gouzi/obstacle_race_src/install/realsense2_camera_msgs/include/realsense2_camera_msgs/realsense2_camera_msgs/msg/detail/imu_info__struct.h
[0.491s] -- Up-to-date: /home/gouzi/obstacle_race_src/install/realsense2_camera_msgs/include/realsense2_camera_msgs/realsense2_camera_msgs/msg/detail/metadata__type_support.h
[0.491s] -- Up-to-date: /home/gouzi/obstacle_race_src/install/realsense2_camera_msgs/include/realsense2_camera_msgs/realsense2_camera_msgs/msg/detail/metadata__functions.h
[0.491s] -- Up-to-date: /home/gouzi/obstacle_race_src/install/realsense2_camera_msgs/include/realsense2_camera_msgs/realsense2_camera_msgs/msg/detail/imu_info__functions.c
[0.492s] -- Up-to-date: /home/gouzi/obstacle_race_src/install/realsense2_camera_msgs/include/realsense2_camera_msgs/realsense2_camera_msgs/msg/detail/extrinsics__functions.c
[0.493s] -- Up-to-date: /home/gouzi/obstacle_race_src/install/realsense2_camera_msgs/include/realsense2_camera_msgs/realsense2_camera_msgs/msg/detail/metadata__functions.c
[0.493s] -- Up-to-date: /home/gouzi/obstacle_race_src/install/realsense2_camera_msgs/include/realsense2_camera_msgs/realsense2_camera_msgs/msg/detail/extrinsics__type_support.h
[0.493s] -- Up-to-date: /home/gouzi/obstacle_race_src/install/realsense2_camera_msgs/include/realsense2_camera_msgs/realsense2_camera_msgs/msg/detail/extrinsics__functions.h
[0.493s] -- Up-to-date: /home/gouzi/obstacle_race_src/install/realsense2_camera_msgs/include/realsense2_camera_msgs/realsense2_camera_msgs/msg/detail/extrinsics__struct.h
[0.493s] -- Up-to-date: /home/gouzi/obstacle_race_src/install/realsense2_camera_msgs/include/realsense2_camera_msgs/realsense2_camera_msgs/msg/detail/metadata__struct.h
[0.493s] -- Up-to-date: /home/gouzi/obstacle_race_src/install/realsense2_camera_msgs/include/realsense2_camera_msgs/realsense2_camera_msgs/msg/rosidl_generator_c__visibility_control.h
[0.493s] -- Up-to-date: /home/gouzi/obstacle_race_src/install/realsense2_camera_msgs/include/realsense2_camera_msgs/realsense2_camera_msgs/msg/metadata.h
[0.493s] -- Up-to-date: /home/gouzi/obstacle_race_src/install/realsense2_camera_msgs/include/realsense2_camera_msgs/realsense2_camera_msgs/msg/imu_info.h
[0.493s] -- Up-to-date: /home/gouzi/obstacle_race_src/install/realsense2_camera_msgs/share/realsense2_camera_msgs/environment/library_path.sh
[0.493s] -- Up-to-date: /home/gouzi/obstacle_race_src/install/realsense2_camera_msgs/share/realsense2_camera_msgs/environment/library_path.dsv
[0.494s] -- Up-to-date: /home/gouzi/obstacle_race_src/install/realsense2_camera_msgs/lib/librealsense2_camera_msgs__rosidl_generator_c.so
[0.494s] -- Up-to-date: /home/gouzi/obstacle_race_src/install/realsense2_camera_msgs/include/realsense2_camera_msgs/realsense2_camera_msgs
[0.495s] -- Up-to-date: /home/gouzi/obstacle_race_src/install/realsense2_camera_msgs/include/realsense2_camera_msgs/realsense2_camera_msgs/srv
[0.495s] -- Up-to-date: /home/gouzi/obstacle_race_src/install/realsense2_camera_msgs/include/realsense2_camera_msgs/realsense2_camera_msgs/srv/detail
[0.495s] -- Up-to-date: /home/gouzi/obstacle_race_src/install/realsense2_camera_msgs/include/realsense2_camera_msgs/realsense2_camera_msgs/srv/detail/device_info__rosidl_typesupport_fastrtps_c.h
[0.495s] -- Up-to-date: /home/gouzi/obstacle_race_src/install/realsense2_camera_msgs/include/realsense2_camera_msgs/realsense2_camera_msgs/msg
[0.495s] -- Up-to-date: /home/gouzi/obstacle_race_src/install/realsense2_camera_msgs/include/realsense2_camera_msgs/realsense2_camera_msgs/msg/detail
[0.495s] -- Up-to-date: /home/gouzi/obstacle_race_src/install/realsense2_camera_msgs/include/realsense2_camera_msgs/realsense2_camera_msgs/msg/detail/extrinsics__rosidl_typesupport_fastrtps_c.h
[0.495s] -- Up-to-date: /home/gouzi/obstacle_race_src/install/realsense2_camera_msgs/include/realsense2_camera_msgs/realsense2_camera_msgs/msg/detail/metadata__rosidl_typesupport_fastrtps_c.h
[0.495s] -- Up-to-date: /home/gouzi/obstacle_race_src/install/realsense2_camera_msgs/include/realsense2_camera_msgs/realsense2_camera_msgs/msg/detail/imu_info__rosidl_typesupport_fastrtps_c.h
[0.495s] -- Up-to-date: /home/gouzi/obstacle_race_src/install/realsense2_camera_msgs/include/realsense2_camera_msgs/realsense2_camera_msgs/msg/rosidl_typesupport_fastrtps_c__visibility_control.h
[0.495s] -- Up-to-date: /home/gouzi/obstacle_race_src/install/realsense2_camera_msgs/lib/librealsense2_camera_msgs__rosidl_typesupport_fastrtps_c.so
[0.496s] -- Up-to-date: /home/gouzi/obstacle_race_src/install/realsense2_camera_msgs/include/realsense2_camera_msgs/realsense2_camera_msgs
[0.496s] -- Up-to-date: /home/gouzi/obstacle_race_src/install/realsense2_camera_msgs/include/realsense2_camera_msgs/realsense2_camera_msgs/srv
[0.496s] -- Up-to-date: /home/gouzi/obstacle_race_src/install/realsense2_camera_msgs/include/realsense2_camera_msgs/realsense2_camera_msgs/srv/detail
[0.496s] -- Up-to-date: /home/gouzi/obstacle_race_src/install/realsense2_camera_msgs/include/realsense2_camera_msgs/realsense2_camera_msgs/srv/detail/device_info__rosidl_typesupport_introspection_c.h
[0.496s] -- Up-to-date: /home/gouzi/obstacle_race_src/install/realsense2_camera_msgs/include/realsense2_camera_msgs/realsense2_camera_msgs/srv/detail/device_info__type_support.c
[0.496s] -- Up-to-date: /home/gouzi/obstacle_race_src/install/realsense2_camera_msgs/include/realsense2_camera_msgs/realsense2_camera_msgs/msg
[0.496s] -- Up-to-date: /home/gouzi/obstacle_race_src/install/realsense2_camera_msgs/include/realsense2_camera_msgs/realsense2_camera_msgs/msg/rosidl_typesupport_introspection_c__visibility_control.h
[0.497s] -- Up-to-date: /home/gouzi/obstacle_race_src/install/realsense2_camera_msgs/include/realsense2_camera_msgs/realsense2_camera_msgs/msg/detail
[0.497s] -- Up-to-date: /home/gouzi/obstacle_race_src/install/realsense2_camera_msgs/include/realsense2_camera_msgs/realsense2_camera_msgs/msg/detail/metadata__type_support.c
[0.497s] -- Up-to-date: /home/gouzi/obstacle_race_src/install/realsense2_camera_msgs/include/realsense2_camera_msgs/realsense2_camera_msgs/msg/detail/extrinsics__type_support.c
[0.497s] -- Up-to-date: /home/gouzi/obstacle_race_src/install/realsense2_camera_msgs/include/realsense2_camera_msgs/realsense2_camera_msgs/msg/detail/imu_info__type_support.c
[0.497s] -- Up-to-date: /home/gouzi/obstacle_race_src/install/realsense2_camera_msgs/include/realsense2_camera_msgs/realsense2_camera_msgs/msg/detail/imu_info__rosidl_typesupport_introspection_c.h
[0.497s] -- Up-to-date: /home/gouzi/obstacle_race_src/install/realsense2_camera_msgs/include/realsense2_camera_msgs/realsense2_camera_msgs/msg/detail/extrinsics__rosidl_typesupport_introspection_c.h
[0.497s] -- Up-to-date: /home/gouzi/obstacle_race_src/install/realsense2_camera_msgs/include/realsense2_camera_msgs/realsense2_camera_msgs/msg/detail/metadata__rosidl_typesupport_introspection_c.h
[0.498s] -- Up-to-date: /home/gouzi/obstacle_race_src/install/realsense2_camera_msgs/lib/librealsense2_camera_msgs__rosidl_typesupport_introspection_c.so
[0.498s] -- Up-to-date: /home/gouzi/obstacle_race_src/install/realsense2_camera_msgs/lib/librealsense2_camera_msgs__rosidl_typesupport_c.so
[0.498s] -- Up-to-date: /home/gouzi/obstacle_race_src/install/realsense2_camera_msgs/include/realsense2_camera_msgs/realsense2_camera_msgs
[0.498s] -- Up-to-date: /home/gouzi/obstacle_race_src/install/realsense2_camera_msgs/include/realsense2_camera_msgs/realsense2_camera_msgs/srv
[0.498s] -- Up-to-date: /home/gouzi/obstacle_race_src/install/realsense2_camera_msgs/include/realsense2_camera_msgs/realsense2_camera_msgs/srv/detail
[0.498s] -- Up-to-date: /home/gouzi/obstacle_race_src/install/realsense2_camera_msgs/include/realsense2_camera_msgs/realsense2_camera_msgs/srv/detail/device_info__builder.hpp
[0.499s] -- Up-to-date: /home/gouzi/obstacle_race_src/install/realsense2_camera_msgs/include/realsense2_camera_msgs/realsense2_camera_msgs/srv/detail/device_info__struct.hpp
[0.500s] -- Up-to-date: /home/gouzi/obstacle_race_src/install/realsense2_camera_msgs/include/realsense2_camera_msgs/realsense2_camera_msgs/srv/detail/device_info__type_support.hpp
[0.500s] -- Up-to-date: /home/gouzi/obstacle_race_src/install/realsense2_camera_msgs/include/realsense2_camera_msgs/realsense2_camera_msgs/srv/detail/device_info__traits.hpp
[0.500s] -- Up-to-date: /home/gouzi/obstacle_race_src/install/realsense2_camera_msgs/include/realsense2_camera_msgs/realsense2_camera_msgs/srv/device_info.hpp
[0.500s] -- Up-to-date: /home/gouzi/obstacle_race_src/install/realsense2_camera_msgs/include/realsense2_camera_msgs/realsense2_camera_msgs/msg
[0.500s] -- Up-to-date: /home/gouzi/obstacle_race_src/install/realsense2_camera_msgs/include/realsense2_camera_msgs/realsense2_camera_msgs/msg/metadata.hpp
[0.500s] -- Up-to-date: /home/gouzi/obstacle_race_src/install/realsense2_camera_msgs/include/realsense2_camera_msgs/realsense2_camera_msgs/msg/detail
[0.500s] -- Up-to-date: /home/gouzi/obstacle_race_src/install/realsense2_camera_msgs/include/realsense2_camera_msgs/realsense2_camera_msgs/msg/detail/metadata__builder.hpp
[0.500s] -- Up-to-date: /home/gouzi/obstacle_race_src/install/realsense2_camera_msgs/include/realsense2_camera_msgs/realsense2_camera_msgs/msg/detail/extrinsics__traits.hpp
[0.501s] -- Up-to-date: /home/gouzi/obstacle_race_src/install/realsense2_camera_msgs/include/realsense2_camera_msgs/realsense2_camera_msgs/msg/detail/metadata__type_support.hpp
[0.501s] -- Up-to-date: /home/gouzi/obstacle_race_src/install/realsense2_camera_msgs/include/realsense2_camera_msgs/realsense2_camera_msgs/msg/detail/imu_info__type_support.hpp
[0.501s] -- Up-to-date: /home/gouzi/obstacle_race_src/install/realsense2_camera_msgs/include/realsense2_camera_msgs/realsense2_camera_msgs/msg/detail/imu_info__traits.hpp
[0.501s] -- Up-to-date: /home/gouzi/obstacle_race_src/install/realsense2_camera_msgs/include/realsense2_camera_msgs/realsense2_camera_msgs/msg/detail/extrinsics__type_support.hpp
[0.501s] -- Up-to-date: /home/gouzi/obstacle_race_src/install/realsense2_camera_msgs/include/realsense2_camera_msgs/realsense2_camera_msgs/msg/detail/extrinsics__builder.hpp
[0.501s] -- Up-to-date: /home/gouzi/obstacle_race_src/install/realsense2_camera_msgs/include/realsense2_camera_msgs/realsense2_camera_msgs/msg/detail/metadata__traits.hpp
[0.501s] -- Up-to-date: /home/gouzi/obstacle_race_src/install/realsense2_camera_msgs/include/realsense2_camera_msgs/realsense2_camera_msgs/msg/detail/extrinsics__struct.hpp
[0.501s] -- Up-to-date: /home/gouzi/obstacle_race_src/install/realsense2_camera_msgs/include/realsense2_camera_msgs/realsense2_camera_msgs/msg/detail/imu_info__builder.hpp
[0.501s] -- Up-to-date: /home/gouzi/obstacle_race_src/install/realsense2_camera_msgs/include/realsense2_camera_msgs/realsense2_camera_msgs/msg/detail/imu_info__struct.hpp
[0.501s] -- Up-to-date: /home/gouzi/obstacle_race_src/install/realsense2_camera_msgs/include/realsense2_camera_msgs/realsense2_camera_msgs/msg/detail/metadata__struct.hpp
[0.501s] -- Up-to-date: /home/gouzi/obstacle_race_src/install/realsense2_camera_msgs/include/realsense2_camera_msgs/realsense2_camera_msgs/msg/imu_info.hpp
[0.501s] -- Up-to-date: /home/gouzi/obstacle_race_src/install/realsense2_camera_msgs/include/realsense2_camera_msgs/realsense2_camera_msgs/msg/extrinsics.hpp
[0.501s] -- Up-to-date: /home/gouzi/obstacle_race_src/install/realsense2_camera_msgs/include/realsense2_camera_msgs/realsense2_camera_msgs/msg/rosidl_generator_cpp__visibility_control.hpp
[0.501s] -- Up-to-date: /home/gouzi/obstacle_race_src/install/realsense2_camera_msgs/include/realsense2_camera_msgs/realsense2_camera_msgs
[0.501s] -- Up-to-date: /home/gouzi/obstacle_race_src/install/realsense2_camera_msgs/include/realsense2_camera_msgs/realsense2_camera_msgs/srv
[0.501s] -- Up-to-date: /home/gouzi/obstacle_race_src/install/realsense2_camera_msgs/include/realsense2_camera_msgs/realsense2_camera_msgs/srv/detail
[0.501s] -- Up-to-date: /home/gouzi/obstacle_race_src/install/realsense2_camera_msgs/include/realsense2_camera_msgs/realsense2_camera_msgs/srv/detail/dds_fastrtps
[0.501s] -- Up-to-date: /home/gouzi/obstacle_race_src/install/realsense2_camera_msgs/include/realsense2_camera_msgs/realsense2_camera_msgs/srv/detail/device_info__rosidl_typesupport_fastrtps_cpp.hpp
[0.502s] -- Up-to-date: /home/gouzi/obstacle_race_src/install/realsense2_camera_msgs/include/realsense2_camera_msgs/realsense2_camera_msgs/msg
[0.502s] -- Up-to-date: /home/gouzi/obstacle_race_src/install/realsense2_camera_msgs/include/realsense2_camera_msgs/realsense2_camera_msgs/msg/rosidl_typesupport_fastrtps_cpp__visibility_control.h
[0.502s] -- Up-to-date: /home/gouzi/obstacle_race_src/install/realsense2_camera_msgs/include/realsense2_camera_msgs/realsense2_camera_msgs/msg/detail
[0.502s] -- Up-to-date: /home/gouzi/obstacle_race_src/install/realsense2_camera_msgs/include/realsense2_camera_msgs/realsense2_camera_msgs/msg/detail/dds_fastrtps
[0.502s] -- Up-to-date: /home/gouzi/obstacle_race_src/install/realsense2_camera_msgs/include/realsense2_camera_msgs/realsense2_camera_msgs/msg/detail/metadata__rosidl_typesupport_fastrtps_cpp.hpp
[0.502s] -- Up-to-date: /home/gouzi/obstacle_race_src/install/realsense2_camera_msgs/include/realsense2_camera_msgs/realsense2_camera_msgs/msg/detail/imu_info__rosidl_typesupport_fastrtps_cpp.hpp
[0.502s] -- Up-to-date: /home/gouzi/obstacle_race_src/install/realsense2_camera_msgs/include/realsense2_camera_msgs/realsense2_camera_msgs/msg/detail/extrinsics__rosidl_typesupport_fastrtps_cpp.hpp
[0.502s] -- Up-to-date: /home/gouzi/obstacle_race_src/install/realsense2_camera_msgs/lib/librealsense2_camera_msgs__rosidl_typesupport_fastrtps_cpp.so
[0.502s] -- Up-to-date: /home/gouzi/obstacle_race_src/install/realsense2_camera_msgs/include/realsense2_camera_msgs/realsense2_camera_msgs
[0.502s] -- Up-to-date: /home/gouzi/obstacle_race_src/install/realsense2_camera_msgs/include/realsense2_camera_msgs/realsense2_camera_msgs/srv
[0.502s] -- Up-to-date: /home/gouzi/obstacle_race_src/install/realsense2_camera_msgs/include/realsense2_camera_msgs/realsense2_camera_msgs/srv/detail
[0.502s] -- Up-to-date: /home/gouzi/obstacle_race_src/install/realsense2_camera_msgs/include/realsense2_camera_msgs/realsense2_camera_msgs/srv/detail/device_info__type_support.cpp
[0.502s] -- Up-to-date: /home/gouzi/obstacle_race_src/install/realsense2_camera_msgs/include/realsense2_camera_msgs/realsense2_camera_msgs/srv/detail/device_info__rosidl_typesupport_introspection_cpp.hpp
[0.502s] -- Up-to-date: /home/gouzi/obstacle_race_src/install/realsense2_camera_msgs/include/realsense2_camera_msgs/realsense2_camera_msgs/msg
[0.502s] -- Up-to-date: /home/gouzi/obstacle_race_src/install/realsense2_camera_msgs/include/realsense2_camera_msgs/realsense2_camera_msgs/msg/detail
[0.502s] -- Up-to-date: /home/gouzi/obstacle_race_src/install/realsense2_camera_msgs/include/realsense2_camera_msgs/realsense2_camera_msgs/msg/detail/metadata__rosidl_typesupport_introspection_cpp.hpp
[0.502s] -- Up-to-date: /home/gouzi/obstacle_race_src/install/realsense2_camera_msgs/include/realsense2_camera_msgs/realsense2_camera_msgs/msg/detail/extrinsics__rosidl_typesupport_introspection_cpp.hpp
[0.502s] -- Up-to-date: /home/gouzi/obstacle_race_src/install/realsense2_camera_msgs/include/realsense2_camera_msgs/realsense2_camera_msgs/msg/detail/imu_info__type_support.cpp
[0.503s] -- Up-to-date: /home/gouzi/obstacle_race_src/install/realsense2_camera_msgs/include/realsense2_camera_msgs/realsense2_camera_msgs/msg/detail/metadata__type_support.cpp
[0.503s] -- Up-to-date: /home/gouzi/obstacle_race_src/install/realsense2_camera_msgs/include/realsense2_camera_msgs/realsense2_camera_msgs/msg/detail/extrinsics__type_support.cpp
[0.503s] -- Up-to-date: /home/gouzi/obstacle_race_src/install/realsense2_camera_msgs/include/realsense2_camera_msgs/realsense2_camera_msgs/msg/detail/imu_info__rosidl_typesupport_introspection_cpp.hpp
[0.503s] -- Up-to-date: /home/gouzi/obstacle_race_src/install/realsense2_camera_msgs/lib/librealsense2_camera_msgs__rosidl_typesupport_introspection_cpp.so
[0.503s] -- Up-to-date: /home/gouzi/obstacle_race_src/install/realsense2_camera_msgs/lib/librealsense2_camera_msgs__rosidl_typesupport_cpp.so
[0.503s] -- Up-to-date: /home/gouzi/obstacle_race_src/install/realsense2_camera_msgs/share/realsense2_camera_msgs/environment/pythonpath.sh
[0.503s] -- Up-to-date: /home/gouzi/obstacle_race_src/install/realsense2_camera_msgs/share/realsense2_camera_msgs/environment/pythonpath.dsv
[0.503s] -- Up-to-date: /home/gouzi/obstacle_race_src/install/realsense2_camera_msgs/local/lib/python3.10/dist-packages/realsense2_camera_msgs-4.51.1-py3.10.egg-info
[0.503s] -- Installing: /home/gouzi/obstacle_race_src/install/realsense2_camera_msgs/local/lib/python3.10/dist-packages/realsense2_camera_msgs-4.51.1-py3.10.egg-info/SOURCES.txt
[0.503s] -- Installing: /home/gouzi/obstacle_race_src/install/realsense2_camera_msgs/local/lib/python3.10/dist-packages/realsense2_camera_msgs-4.51.1-py3.10.egg-info/PKG-INFO
[0.504s] -- Installing: /home/gouzi/obstacle_race_src/install/realsense2_camera_msgs/local/lib/python3.10/dist-packages/realsense2_camera_msgs-4.51.1-py3.10.egg-info/top_level.txt
[0.504s] -- Installing: /home/gouzi/obstacle_race_src/install/realsense2_camera_msgs/local/lib/python3.10/dist-packages/realsense2_camera_msgs-4.51.1-py3.10.egg-info/dependency_links.txt
[0.504s] -- Up-to-date: /home/gouzi/obstacle_race_src/install/realsense2_camera_msgs/local/lib/python3.10/dist-packages/realsense2_camera_msgs
[0.504s] -- Up-to-date: /home/gouzi/obstacle_race_src/install/realsense2_camera_msgs/local/lib/python3.10/dist-packages/realsense2_camera_msgs/realsense2_camera_msgs_s__rosidl_typesupport_fastrtps_c.cpython-310-x86_64-linux-gnu.so
[0.504s] -- Up-to-date: /home/gouzi/obstacle_race_src/install/realsense2_camera_msgs/local/lib/python3.10/dist-packages/realsense2_camera_msgs/realsense2_camera_msgs_s__rosidl_typesupport_c.cpython-310-x86_64-linux-gnu.so
[0.504s] -- Up-to-date: /home/gouzi/obstacle_race_src/install/realsense2_camera_msgs/local/lib/python3.10/dist-packages/realsense2_camera_msgs/srv
[0.504s] -- Up-to-date: /home/gouzi/obstacle_race_src/install/realsense2_camera_msgs/local/lib/python3.10/dist-packages/realsense2_camera_msgs/srv/_device_info.py
[0.504s] -- Up-to-date: /home/gouzi/obstacle_race_src/install/realsense2_camera_msgs/local/lib/python3.10/dist-packages/realsense2_camera_msgs/srv/_device_info_s.c
[0.504s] -- Up-to-date: /home/gouzi/obstacle_race_src/install/realsense2_camera_msgs/local/lib/python3.10/dist-packages/realsense2_camera_msgs/srv/__init__.py
[0.504s] -- Up-to-date: /home/gouzi/obstacle_race_src/install/realsense2_camera_msgs/local/lib/python3.10/dist-packages/realsense2_camera_msgs/_realsense2_camera_msgs_s.ep.rosidl_typesupport_fastrtps_c.c
[0.504s] -- Up-to-date: /home/gouzi/obstacle_race_src/install/realsense2_camera_msgs/local/lib/python3.10/dist-packages/realsense2_camera_msgs/_realsense2_camera_msgs_s.ep.rosidl_typesupport_c.c
[0.504s] -- Up-to-date: /home/gouzi/obstacle_race_src/install/realsense2_camera_msgs/local/lib/python3.10/dist-packages/realsense2_camera_msgs/realsense2_camera_msgs_s__rosidl_typesupport_introspection_c.cpython-310-x86_64-linux-gnu.so
[0.504s] -- Up-to-date: /home/gouzi/obstacle_race_src/install/realsense2_camera_msgs/local/lib/python3.10/dist-packages/realsense2_camera_msgs/librealsense2_camera_msgs__rosidl_generator_py.so
[0.504s] -- Up-to-date: /home/gouzi/obstacle_race_src/install/realsense2_camera_msgs/local/lib/python3.10/dist-packages/realsense2_camera_msgs/_realsense2_camera_msgs_s.ep.rosidl_typesupport_introspection_c.c
[0.504s] -- Up-to-date: /home/gouzi/obstacle_race_src/install/realsense2_camera_msgs/local/lib/python3.10/dist-packages/realsense2_camera_msgs/__init__.py
[0.505s] -- Up-to-date: /home/gouzi/obstacle_race_src/install/realsense2_camera_msgs/local/lib/python3.10/dist-packages/realsense2_camera_msgs/msg
[0.505s] -- Up-to-date: /home/gouzi/obstacle_race_src/install/realsense2_camera_msgs/local/lib/python3.10/dist-packages/realsense2_camera_msgs/msg/_metadata_s.c
[0.505s] -- Up-to-date: /home/gouzi/obstacle_race_src/install/realsense2_camera_msgs/local/lib/python3.10/dist-packages/realsense2_camera_msgs/msg/_imu_info_s.c
[0.505s] -- Up-to-date: /home/gouzi/obstacle_race_src/install/realsense2_camera_msgs/local/lib/python3.10/dist-packages/realsense2_camera_msgs/msg/_extrinsics_s.c
[0.505s] -- Up-to-date: /home/gouzi/obstacle_race_src/install/realsense2_camera_msgs/local/lib/python3.10/dist-packages/realsense2_camera_msgs/msg/_metadata.py
[0.505s] -- Up-to-date: /home/gouzi/obstacle_race_src/install/realsense2_camera_msgs/local/lib/python3.10/dist-packages/realsense2_camera_msgs/msg/_imu_info.py
[0.505s] -- Up-to-date: /home/gouzi/obstacle_race_src/install/realsense2_camera_msgs/local/lib/python3.10/dist-packages/realsense2_camera_msgs/msg/_extrinsics.py
[0.505s] -- Up-to-date: /home/gouzi/obstacle_race_src/install/realsense2_camera_msgs/local/lib/python3.10/dist-packages/realsense2_camera_msgs/msg/__init__.py
[0.522s] Listing '/home/gouzi/obstacle_race_src/install/realsense2_camera_msgs/local/lib/python3.10/dist-packages/realsense2_camera_msgs'...
[0.522s] Listing '/home/gouzi/obstacle_race_src/install/realsense2_camera_msgs/local/lib/python3.10/dist-packages/realsense2_camera_msgs/msg'...
[0.522s] Listing '/home/gouzi/obstacle_race_src/install/realsense2_camera_msgs/local/lib/python3.10/dist-packages/realsense2_camera_msgs/srv'...
[0.528s] -- Up-to-date: /home/gouzi/obstacle_race_src/install/realsense2_camera_msgs/local/lib/python3.10/dist-packages/realsense2_camera_msgs/realsense2_camera_msgs_s__rosidl_typesupport_fastrtps_c.cpython-310-x86_64-linux-gnu.so
[0.529s] -- Up-to-date: /home/gouzi/obstacle_race_src/install/realsense2_camera_msgs/local/lib/python3.10/dist-packages/realsense2_camera_msgs/realsense2_camera_msgs_s__rosidl_typesupport_introspection_c.cpython-310-x86_64-linux-gnu.so
[0.530s] -- Up-to-date: /home/gouzi/obstacle_race_src/install/realsense2_camera_msgs/local/lib/python3.10/dist-packages/realsense2_camera_msgs/realsense2_camera_msgs_s__rosidl_typesupport_c.cpython-310-x86_64-linux-gnu.so
[0.530s] -- Up-to-date: /home/gouzi/obstacle_race_src/install/realsense2_camera_msgs/lib/librealsense2_camera_msgs__rosidl_generator_py.so
[0.530s] -- Up-to-date: /home/gouzi/obstacle_race_src/install/realsense2_camera_msgs/share/realsense2_camera_msgs/msg/IMUInfo.idl
[0.530s] -- Up-to-date: /home/gouzi/obstacle_race_src/install/realsense2_camera_msgs/share/realsense2_camera_msgs/msg/Extrinsics.idl
[0.530s] -- Up-to-date: /home/gouzi/obstacle_race_src/install/realsense2_camera_msgs/share/realsense2_camera_msgs/msg/Metadata.idl
[0.530s] -- Up-to-date: /home/gouzi/obstacle_race_src/install/realsense2_camera_msgs/share/realsense2_camera_msgs/srv/DeviceInfo.idl
[0.530s] -- Up-to-date: /home/gouzi/obstacle_race_src/install/realsense2_camera_msgs/share/realsense2_camera_msgs/msg/IMUInfo.msg
[0.530s] -- Up-to-date: /home/gouzi/obstacle_race_src/install/realsense2_camera_msgs/share/realsense2_camera_msgs/msg/Extrinsics.msg
[0.530s] -- Up-to-date: /home/gouzi/obstacle_race_src/install/realsense2_camera_msgs/share/realsense2_camera_msgs/msg/Metadata.msg
[0.530s] -- Up-to-date: /home/gouzi/obstacle_race_src/install/realsense2_camera_msgs/share/realsense2_camera_msgs/srv/DeviceInfo.srv
[0.530s] -- Up-to-date: /home/gouzi/obstacle_race_src/install/realsense2_camera_msgs/share/realsense2_camera_msgs/srv/DeviceInfo_Request.msg
[0.531s] -- Up-to-date: /home/gouzi/obstacle_race_src/install/realsense2_camera_msgs/share/realsense2_camera_msgs/srv/DeviceInfo_Response.msg
[0.531s] -- Up-to-date: /home/gouzi/obstacle_race_src/install/realsense2_camera_msgs/share/ament_index/resource_index/package_run_dependencies/realsense2_camera_msgs
[0.531s] -- Up-to-date: /home/gouzi/obstacle_race_src/install/realsense2_camera_msgs/share/ament_index/resource_index/parent_prefix_path/realsense2_camera_msgs
[0.531s] -- Up-to-date: /home/gouzi/obstacle_race_src/install/realsense2_camera_msgs/share/realsense2_camera_msgs/environment/ament_prefix_path.sh
[0.531s] -- Up-to-date: /home/gouzi/obstacle_race_src/install/realsense2_camera_msgs/share/realsense2_camera_msgs/environment/ament_prefix_path.dsv
[0.531s] -- Up-to-date: /home/gouzi/obstacle_race_src/install/realsense2_camera_msgs/share/realsense2_camera_msgs/environment/path.sh
[0.531s] -- Up-to-date: /home/gouzi/obstacle_race_src/install/realsense2_camera_msgs/share/realsense2_camera_msgs/environment/path.dsv
[0.531s] -- Up-to-date: /home/gouzi/obstacle_race_src/install/realsense2_camera_msgs/share/realsense2_camera_msgs/local_setup.bash
[0.532s] -- Up-to-date: /home/gouzi/obstacle_race_src/install/realsense2_camera_msgs/share/realsense2_camera_msgs/local_setup.sh
[0.532s] -- Up-to-date: /home/gouzi/obstacle_race_src/install/realsense2_camera_msgs/share/realsense2_camera_msgs/local_setup.zsh
[0.532s] -- Up-to-date: /home/gouzi/obstacle_race_src/install/realsense2_camera_msgs/share/realsense2_camera_msgs/local_setup.dsv
[0.532s] -- Installing: /home/gouzi/obstacle_race_src/install/realsense2_camera_msgs/share/realsense2_camera_msgs/package.dsv
[0.532s] -- Up-to-date: /home/gouzi/obstacle_race_src/install/realsense2_camera_msgs/share/ament_index/resource_index/packages/realsense2_camera_msgs
[0.532s] -- Up-to-date: /home/gouzi/obstacle_race_src/install/realsense2_camera_msgs/share/realsense2_camera_msgs/cmake/export_realsense2_camera_msgs__rosidl_generator_cExport.cmake
[0.533s] -- Up-to-date: /home/gouzi/obstacle_race_src/install/realsense2_camera_msgs/share/realsense2_camera_msgs/cmake/export_realsense2_camera_msgs__rosidl_generator_cExport-noconfig.cmake
[0.533s] -- Up-to-date: /home/gouzi/obstacle_race_src/install/realsense2_camera_msgs/share/realsense2_camera_msgs/cmake/export_realsense2_camera_msgs__rosidl_typesupport_fastrtps_cExport.cmake
[0.533s] -- Up-to-date: /home/gouzi/obstacle_race_src/install/realsense2_camera_msgs/share/realsense2_camera_msgs/cmake/export_realsense2_camera_msgs__rosidl_typesupport_fastrtps_cExport-noconfig.cmake
[0.533s] -- Up-to-date: /home/gouzi/obstacle_race_src/install/realsense2_camera_msgs/share/realsense2_camera_msgs/cmake/realsense2_camera_msgs__rosidl_typesupport_introspection_cExport.cmake
[0.533s] -- Up-to-date: /home/gouzi/obstacle_race_src/install/realsense2_camera_msgs/share/realsense2_camera_msgs/cmake/realsense2_camera_msgs__rosidl_typesupport_introspection_cExport-noconfig.cmake
[0.533s] -- Up-to-date: /home/gouzi/obstacle_race_src/install/realsense2_camera_msgs/share/realsense2_camera_msgs/cmake/realsense2_camera_msgs__rosidl_typesupport_cExport.cmake
[0.533s] -- Up-to-date: /home/gouzi/obstacle_race_src/install/realsense2_camera_msgs/share/realsense2_camera_msgs/cmake/realsense2_camera_msgs__rosidl_typesupport_cExport-noconfig.cmake
[0.533s] -- Up-to-date: /home/gouzi/obstacle_race_src/install/realsense2_camera_msgs/share/realsense2_camera_msgs/cmake/export_realsense2_camera_msgs__rosidl_generator_cppExport.cmake
[0.533s] -- Up-to-date: /home/gouzi/obstacle_race_src/install/realsense2_camera_msgs/share/realsense2_camera_msgs/cmake/export_realsense2_camera_msgs__rosidl_typesupport_fastrtps_cppExport.cmake
[0.533s] -- Up-to-date: /home/gouzi/obstacle_race_src/install/realsense2_camera_msgs/share/realsense2_camera_msgs/cmake/export_realsense2_camera_msgs__rosidl_typesupport_fastrtps_cppExport-noconfig.cmake
[0.534s] -- Up-to-date: /home/gouzi/obstacle_race_src/install/realsense2_camera_msgs/share/realsense2_camera_msgs/cmake/realsense2_camera_msgs__rosidl_typesupport_introspection_cppExport.cmake
[0.534s] -- Up-to-date: /home/gouzi/obstacle_race_src/install/realsense2_camera_msgs/share/realsense2_camera_msgs/cmake/realsense2_camera_msgs__rosidl_typesupport_introspection_cppExport-noconfig.cmake
[0.534s] -- Up-to-date: /home/gouzi/obstacle_race_src/install/realsense2_camera_msgs/share/realsense2_camera_msgs/cmake/realsense2_camera_msgs__rosidl_typesupport_cppExport.cmake
[0.534s] -- Up-to-date: /home/gouzi/obstacle_race_src/install/realsense2_camera_msgs/share/realsense2_camera_msgs/cmake/realsense2_camera_msgs__rosidl_typesupport_cppExport-noconfig.cmake
[0.535s] -- Up-to-date: /home/gouzi/obstacle_race_src/install/realsense2_camera_msgs/share/realsense2_camera_msgs/cmake/export_realsense2_camera_msgs__rosidl_generator_pyExport.cmake
[0.536s] -- Up-to-date: /home/gouzi/obstacle_race_src/install/realsense2_camera_msgs/share/realsense2_camera_msgs/cmake/export_realsense2_camera_msgs__rosidl_generator_pyExport-noconfig.cmake
[0.536s] -- Up-to-date: /home/gouzi/obstacle_race_src/install/realsense2_camera_msgs/share/realsense2_camera_msgs/cmake/rosidl_cmake-extras.cmake
[0.536s] -- Up-to-date: /home/gouzi/obstacle_race_src/install/realsense2_camera_msgs/share/realsense2_camera_msgs/cmake/ament_cmake_export_dependencies-extras.cmake
[0.536s] -- Up-to-date: /home/gouzi/obstacle_race_src/install/realsense2_camera_msgs/share/realsense2_camera_msgs/cmake/ament_cmake_export_include_directories-extras.cmake
[0.536s] -- Up-to-date: /home/gouzi/obstacle_race_src/install/realsense2_camera_msgs/share/realsense2_camera_msgs/cmake/ament_cmake_export_libraries-extras.cmake
[0.536s] -- Up-to-date: /home/gouzi/obstacle_race_src/install/realsense2_camera_msgs/share/realsense2_camera_msgs/cmake/ament_cmake_export_targets-extras.cmake
[0.536s] -- Up-to-date: /home/gouzi/obstacle_race_src/install/realsense2_camera_msgs/share/realsense2_camera_msgs/cmake/rosidl_cmake_export_typesupport_targets-extras.cmake
[0.536s] -- Up-to-date: /home/gouzi/obstacle_race_src/install/realsense2_camera_msgs/share/realsense2_camera_msgs/cmake/rosidl_cmake_export_typesupport_libraries-extras.cmake
[0.536s] -- Up-to-date: /home/gouzi/obstacle_race_src/install/realsense2_camera_msgs/share/realsense2_camera_msgs/cmake/realsense2_camera_msgsConfig.cmake
[0.536s] -- Up-to-date: /home/gouzi/obstacle_race_src/install/realsense2_camera_msgs/share/realsense2_camera_msgs/cmake/realsense2_camera_msgsConfig-version.cmake
[0.536s] -- Up-to-date: /home/gouzi/obstacle_race_src/install/realsense2_camera_msgs/share/realsense2_camera_msgs/package.xml
[0.551s] Invoked command in '/home/gouzi/obstacle_race_src/build/realsense2_camera_msgs' returned '0': CMAKE_PREFIX_PATH=/opt/ros/humble /usr/bin/cmake --install /home/gouzi/obstacle_race_src/build/realsense2_camera_msgs
