[0.014s] Invoking command in '/home/gouzi/obstacle_race_src/build/livox_ros_driver2': CMAKE_PREFIX_PATH=/opt/ros/humble /usr/bin/cmake /home/gouzi/obstacle_race_src/src/livox_ros_driver2 -DCMAKE_INSTALL_PREFIX=/home/gouzi/obstacle_race_src/install/livox_ros_driver2
[0.097s] -- The C compiler identification is GNU 11.4.0
[0.177s] -- The CXX compiler identification is GNU 11.4.0
[0.187s] -- Detecting C compiler ABI info
[0.261s] -- Detecting C compiler ABI info - done
[0.277s] -- Check for working C compiler: /usr/bin/cc - skipped
[0.277s] -- Detecting C compile features
[0.277s] -- Detecting C compile features - done
[0.279s] -- Detecting CXX compiler ABI info
[0.380s] -- Detecting CXX compiler ABI info - done
[0.395s] -- Check for working CXX compiler: /usr/bin/c++ - skipped
[0.395s] -- Detecting CXX compile features
[0.395s] -- Detecting CXX compile features - done
[0.395s] -- livox_ros_driver2 version: 1.2.4
[0.398s] -- Found ament_cmake_auto: 1.3.13 (/opt/ros/humble/share/ament_cmake_auto/cmake)
[0.590s] -- Found Python3: /usr/bin/python3 (found version "3.10.12") found components: Interpreter 
[0.804s] -- Using all available rosidl_typesupport_c: rosidl_typesupport_fastrtps_c;rosidl_typesupport_introspection_c
[0.809s] -- Found rosidl_adapter: 3.1.8 (/opt/ros/humble/share/rosidl_adapter/cmake)
[0.858s] -- Using all available rosidl_typesupport_cpp: rosidl_typesupport_fastrtps_cpp;rosidl_typesupport_introspection_cpp
[0.968s] -- Found rmw_implementation_cmake: 6.1.2 (/opt/ros/humble/share/rmw_implementation_cmake/cmake)
[0.971s] -- Found rmw_fastrtps_cpp: 6.2.10 (/opt/ros/humble/share/rmw_fastrtps_cpp/cmake)
[1.140s] -- Found OpenSSL: /usr/lib/x86_64-linux-gnu/libcrypto.so (found version "3.0.2")  
[1.207s] -- Found FastRTPS: /opt/ros/humble/include  
[1.258s] -- Using RMW implementation 'rmw_fastrtps_cpp' as default
[1.267s] -- Looking for pthread.h
[1.343s] -- Looking for pthread.h - found
[1.344s] -- Performing Test CMAKE_HAVE_LIBC_PTHREAD
[1.460s] -- Performing Test CMAKE_HAVE_LIBC_PTHREAD - Success
[1.461s] -- Found Threads: TRUE  
[1.782s] -- Checking for module 'eigen3'
[1.814s] --   Found eigen3, version 3.4.0
[1.905s] -- Found Eigen: /usr/include/eigen3 (Required is at least version "3.1") 
[1.906s] -- Eigen found (include: /usr/include/eigen3, version: 3.4.0)
[1.980s] -- Checking for module 'flann'
[2.005s] --   Found flann, version 1.9.1
[2.078s] -- Found FLANN: /usr/lib/x86_64-linux-gnu/libflann_cpp.so  
[2.078s] -- FLANN found (include: /usr/include, lib: /usr/lib/x86_64-linux-gnu/libflann_cpp.so)
[4.528s] -- Checking for module 'libusb-1.0'
[4.601s] --   Found libusb-1.0, version 1.0.25
[4.765s] -- Found libusb: /usr/lib/x86_64-linux-gnu/libusb-1.0.so  
[4.769s] -- OpenNI found (version: 1.5.4.0, include: /usr/include/ni, lib: /usr/lib/libOpenNI.so;libusb::libusb)
[5.017s] -- OpenNI2 found (version: 2.2.0.33, include: /usr/include/openni2, lib: /usr/lib/x86_64-linux-gnu/libOpenNI2.so;libusb::libusb)
[5.982s] -- Eigen found (include: /usr/include/eigen3, version: 3.4.0)
[6.015s] -- OpenNI found (version: 1.5.4.0, include: /usr/include/ni, lib: /usr/lib/libOpenNI.so;libusb::libusb)
[6.044s] -- OpenNI2 found (version: 2.2.0.33, include: /usr/include/openni2, lib: /usr/lib/x86_64-linux-gnu/libOpenNI2.so;libusb::libusb)
[6.924s] -- Found Qhull version 8.0.2
[8.077s] -- OpenNI found (version: 1.5.4.0, include: /usr/include/ni, lib: /usr/lib/libOpenNI.so;libusb::libusb)
[8.865s] -- Found PCL_COMMON: /usr/lib/x86_64-linux-gnu/libpcl_common.so  
[8.874s] -- Found PCL_KDTREE: /usr/lib/x86_64-linux-gnu/libpcl_kdtree.so  
[8.882s] -- Found PCL_OCTREE: /usr/lib/x86_64-linux-gnu/libpcl_octree.so  
[8.894s] -- Found PCL_SEARCH: /usr/lib/x86_64-linux-gnu/libpcl_search.so  
[8.902s] -- Found PCL_SAMPLE_CONSENSUS: /usr/lib/x86_64-linux-gnu/libpcl_sample_consensus.so  
[8.914s] -- Found PCL_FILTERS: /usr/lib/x86_64-linux-gnu/libpcl_filters.so  
[8.915s] -- Found PCL_2D: /usr/include/pcl-1.12  
[8.915s] -- Found PCL_GEOMETRY: /usr/include/pcl-1.12  
[8.925s] -- Found PCL_IO: /usr/lib/x86_64-linux-gnu/libpcl_io.so  
[8.938s] -- Found PCL_FEATURES: /usr/lib/x86_64-linux-gnu/libpcl_features.so  
[8.943s] -- Found PCL_ML: /usr/lib/x86_64-linux-gnu/libpcl_ml.so  
[8.951s] -- Found PCL_SEGMENTATION: /usr/lib/x86_64-linux-gnu/libpcl_segmentation.so  
[8.958s] -- Found PCL_VISUALIZATION: /usr/lib/x86_64-linux-gnu/libpcl_visualization.so  
[8.975s] -- Found PCL_SURFACE: /usr/lib/x86_64-linux-gnu/libpcl_surface.so  
[9.003s] -- Found PCL_REGISTRATION: /usr/lib/x86_64-linux-gnu/libpcl_registration.so  
[9.007s] -- Found PCL_KEYPOINTS: /usr/lib/x86_64-linux-gnu/libpcl_keypoints.so  
[9.015s] -- Found PCL_TRACKING: /usr/lib/x86_64-linux-gnu/libpcl_tracking.so  
[9.027s] -- Found PCL_RECOGNITION: /usr/lib/x86_64-linux-gnu/libpcl_recognition.so  
[9.036s] -- Found PCL_STEREO: /usr/lib/x86_64-linux-gnu/libpcl_stereo.so  
[9.050s] -- Found PCL_APPS: /usr/lib/x86_64-linux-gnu/libpcl_apps.so  
[9.053s] -- Found PCL_IN_HAND_SCANNER: /usr/include/pcl-1.12  
[9.058s] -- Found PCL_MODELER: /usr/include/pcl-1.12  
[9.064s] -- Found PCL_POINT_CLOUD_EDITOR: /usr/include/pcl-1.12  
[9.070s] -- Found PCL_OUTOFCORE: /usr/lib/x86_64-linux-gnu/libpcl_outofcore.so  
[9.077s] -- Found PCL_PEOPLE: /usr/lib/x86_64-linux-gnu/libpcl_people.so  
[9.188s] -- Found eigen3_cmake_module: 0.1.1 (/opt/ros/humble/share/eigen3_cmake_module/cmake)
[9.193s] -- Found Eigen3: TRUE (found version "3.4.0") 
[9.194s] -- Ensuring Eigen3 include directory is part of orocos-kdl CMake target
[9.758s] -- Found PkgConfig: /usr/bin/pkg-config (found version "0.29.2") 
[9.759s] -- Checking for module 'apr-1'
[9.770s] --   No package 'apr-1' found
[10.395s] -- Found ament_cmake_ros: 0.10.0 (/opt/ros/humble/share/ament_cmake_ros/cmake)
[10.870s] -- Using all available rosidl_typesupport_c: rosidl_typesupport_fastrtps_c;rosidl_typesupport_introspection_c
[11.612s] -- Using all available rosidl_typesupport_cpp: rosidl_typesupport_fastrtps_cpp;rosidl_typesupport_introspection_cpp
[11.680s] -- Found PythonInterp: /usr/bin/python3 (found suitable version "3.10.12", minimum required is "3.6") 
[11.688s] -- Found python_cmake_module: 0.10.0 (/opt/ros/humble/share/python_cmake_module/cmake)
[11.823s] -- Found PythonLibs: /usr/lib/x86_64-linux-gnu/libpython3.10.so (found suitable version "3.10.12", minimum required is "3.5") 
[11.823s] -- Using PYTHON_EXECUTABLE: /usr/bin/python3
[11.823s] -- Using PYTHON_INCLUDE_DIRS: /usr/include/python3.10
[11.823s] -- Using PYTHON_LIBRARIES: /usr/lib/x86_64-linux-gnu/libpython3.10.so
[11.939s] -- Found PythonExtra: .so  
[12.169s] -- Platform: x86_64
[12.218s] -- Found ament_lint_auto: 0.12.15 (/opt/ros/humble/share/ament_lint_auto/cmake)
[12.306s] -- Added test 'copyright' to check source files copyright and LICENSE
[12.331s] -- Added test 'cppcheck' to perform static code analysis on C / C++ code
[12.336s] -- Configured cppcheck include dirs: /home/gouzi/obstacle_race_src/src/livox_ros_driver2/livox_sdk/include;/home/gouzi/obstacle_race_src/src/livox_ros_driver2/3rdparty;/home/gouzi/obstacle_race_src/src/livox_ros_driver2/src
[12.336s] -- Configured cppcheck exclude dirs and/or files: 
[12.357s] -- Added test 'cpplint' to check C / C++ code against the Google style
[12.357s] -- Configured cpplint exclude dirs and/or files: 
[12.359s] -- Added test 'flake8' to check Python code syntax and style conventions
[12.366s] -- Added test 'lint_cmake' to check CMake code style
[12.370s] -- Added test 'pep257' to check Python code against some of the docstring style conventions in PEP 257
[12.394s] -- Added test 'uncrustify' to check C / C++ code style
[12.394s] -- Configured uncrustify additional arguments: 
[12.395s] -- Added test 'xmllint' to check XML markup files
[12.413s] -- Configuring done
[12.778s] -- Generating done
[12.898s] -- Build files have been written to: /home/gouzi/obstacle_race_src/build/livox_ros_driver2
[13.021s] Invoked command in '/home/gouzi/obstacle_race_src/build/livox_ros_driver2' returned '0': CMAKE_PREFIX_PATH=/opt/ros/humble /usr/bin/cmake /home/gouzi/obstacle_race_src/src/livox_ros_driver2 -DCMAKE_INSTALL_PREFIX=/home/gouzi/obstacle_race_src/install/livox_ros_driver2
[13.021s] Invoking command in '/home/gouzi/obstacle_race_src/build/livox_ros_driver2': CMAKE_PREFIX_PATH=/opt/ros/humble /usr/bin/cmake --build /home/gouzi/obstacle_race_src/build/livox_ros_driver2 -- -j8 -l8
[13.183s] [  1%] [34m[1mGenerating C code for ROS interfaces[0m
[13.199s] [  3%] [34m[1mGenerating C++ code for ROS interfaces[0m
[13.213s] [  3%] Built target ament_cmake_python_copy_livox_ros_driver2
[13.293s] [  5%] [32mBuilding CXX object CMakeFiles/livox_ros_driver2_node.dir/rclcpp_components/node_main_livox_ros_driver2_node.cpp.o[0m
[14.468s] [  7%] [32mBuilding C object CMakeFiles/livox_interfaces2__rosidl_generator_c.dir/rosidl_generator_c/livox_ros_driver2/msg/detail/custom_msg__functions.c.o[0m
[14.506s] [  8%] [32mBuilding C object CMakeFiles/livox_interfaces2__rosidl_generator_c.dir/rosidl_generator_c/livox_ros_driver2/msg/detail/custom_point__functions.c.o[0m
[14.658s] [ 10%] [32m[1mLinking C shared library liblivox_ros_driver2__rosidl_generator_c.so[0m
[14.787s] [ 10%] Built target livox_interfaces2__rosidl_generator_c
[14.820s] [ 12%] [34m[1mGenerating C type support for eProsima Fast-RTPS[0m
[15.241s] [ 12%] Built target livox_interfaces2__cpp
[15.271s] [ 14%] [34m[1mGenerating C introspection for ROS interfaces[0m
[15.278s] [ 15%] [34m[1mGenerating C type support dispatch for ROS interfaces[0m
[15.872s] running egg_info
[15.872s] creating livox_ros_driver2.egg-info
[15.872s] writing livox_ros_driver2.egg-info/PKG-INFO
[15.872s] writing dependency_links to livox_ros_driver2.egg-info/dependency_links.txt
[15.872s] writing top-level names to livox_ros_driver2.egg-info/top_level.txt
[15.872s] writing manifest file 'livox_ros_driver2.egg-info/SOURCES.txt'
[15.886s] reading manifest file 'livox_ros_driver2.egg-info/SOURCES.txt'
[15.890s] writing manifest file 'livox_ros_driver2.egg-info/SOURCES.txt'
[16.018s] [ 15%] Built target ament_cmake_python_build_livox_ros_driver2_egg
[16.062s] [ 17%] [34m[1mGenerating C++ introspection for ROS interfaces[0m
[16.892s] [ 21%] [32mBuilding CXX object CMakeFiles/livox_interfaces2__rosidl_typesupport_fastrtps_c.dir/rosidl_typesupport_fastrtps_c/livox_ros_driver2/msg/detail/custom_point__type_support_c.cpp.o[0m
[16.894s] [ 21%] [32mBuilding CXX object CMakeFiles/livox_interfaces2__rosidl_typesupport_fastrtps_c.dir/rosidl_typesupport_fastrtps_c/livox_ros_driver2/msg/detail/custom_msg__type_support_c.cpp.o[0m
[16.943s] [ 22%] [32mBuilding CXX object CMakeFiles/livox_interfaces2__rosidl_typesupport_c.dir/rosidl_typesupport_c/livox_ros_driver2/msg/custom_point__type_support.cpp.o[0m
[17.053s] [ 24%] [32mBuilding CXX object CMakeFiles/livox_interfaces2__rosidl_typesupport_c.dir/rosidl_typesupport_c/livox_ros_driver2/msg/custom_msg__type_support.cpp.o[0m
[17.101s] [ 26%] [32mBuilding C object CMakeFiles/livox_interfaces2__rosidl_typesupport_introspection_c.dir/rosidl_typesupport_introspection_c/livox_ros_driver2/msg/detail/custom_point__type_support.c.o[0m
[17.144s] [ 28%] [32m[1mLinking CXX shared library liblivox_ros_driver2__rosidl_typesupport_c.so[0m
[17.201s] [ 29%] [32mBuilding C object CMakeFiles/livox_interfaces2__rosidl_typesupport_introspection_c.dir/rosidl_typesupport_introspection_c/livox_ros_driver2/msg/detail/custom_msg__type_support.c.o[0m
[17.287s] [ 29%] Built target livox_interfaces2__rosidl_typesupport_c
[17.310s] [ 31%] [34m[1mGenerating C++ type support dispatch for ROS interfaces[0m
[17.323s] [ 33%] [34m[1mGenerating C++ type support for eProsima Fast-RTPS[0m
[17.328s] [ 35%] [32m[1mLinking C shared library liblivox_ros_driver2__rosidl_typesupport_introspection_c.so[0m
[17.428s] [ 35%] Built target livox_interfaces2__rosidl_typesupport_introspection_c
[17.874s] [ 36%] [32mBuilding CXX object CMakeFiles/livox_interfaces2__rosidl_typesupport_introspection_cpp.dir/rosidl_typesupport_introspection_cpp/livox_ros_driver2/msg/detail/custom_point__type_support.cpp.o[0m
[17.977s] [ 38%] [32mBuilding CXX object CMakeFiles/livox_interfaces2__rosidl_typesupport_cpp.dir/rosidl_typesupport_cpp/livox_ros_driver2/msg/custom_point__type_support.cpp.o[0m
[18.628s] [ 40%] [32m[1mLinking CXX shared library liblivox_ros_driver2__rosidl_typesupport_fastrtps_c.so[0m
[18.865s] [ 42%] [32mBuilding CXX object CMakeFiles/livox_interfaces2__rosidl_typesupport_cpp.dir/rosidl_typesupport_cpp/livox_ros_driver2/msg/custom_msg__type_support.cpp.o[0m
[18.917s] [ 42%] Built target livox_interfaces2__rosidl_typesupport_fastrtps_c
[19.481s] [ 43%] [32mBuilding CXX object CMakeFiles/livox_interfaces2__rosidl_typesupport_introspection_cpp.dir/rosidl_typesupport_introspection_cpp/livox_ros_driver2/msg/detail/custom_msg__type_support.cpp.o[0m
[19.532s] [ 45%] [32mBuilding CXX object CMakeFiles/livox_interfaces2__rosidl_typesupport_fastrtps_cpp.dir/rosidl_typesupport_fastrtps_cpp/livox_ros_driver2/msg/detail/dds_fastrtps/custom_point__type_support.cpp.o[0m
[19.628s] [ 47%] [32m[1mLinking CXX shared library liblivox_ros_driver2__rosidl_typesupport_cpp.so[0m
[19.737s] [ 47%] Built target livox_interfaces2__rosidl_typesupport_cpp
[20.420s] [ 49%] [32mBuilding CXX object CMakeFiles/livox_interfaces2__rosidl_typesupport_fastrtps_cpp.dir/rosidl_typesupport_fastrtps_cpp/livox_ros_driver2/msg/detail/dds_fastrtps/custom_msg__type_support.cpp.o[0m
[21.002s] [ 50%] [32m[1mLinking CXX shared library liblivox_ros_driver2__rosidl_typesupport_introspection_cpp.so[0m
[21.328s] [ 50%] Built target livox_interfaces2__rosidl_typesupport_introspection_cpp
[21.399s] [ 52%] [32m[1mLinking CXX shared library liblivox_ros_driver2__rosidl_typesupport_fastrtps_cpp.so[0m
[21.543s] [ 52%] Built target livox_interfaces2__rosidl_typesupport_fastrtps_cpp
[24.671s] [ 54%] [32m[1mLinking CXX executable livox_ros_driver2_node[0m
[25.150s] [ 54%] Built target livox_ros_driver2_node
[25.199s] [ 54%] Built target livox_interfaces2
[25.260s] [ 56%] [32mBuilding CXX object CMakeFiles/livox_ros_driver2.dir/src/livox_ros_driver2.cpp.o[0m
[36.628s] [ 57%] [32mBuilding CXX object CMakeFiles/livox_ros_driver2.dir/src/comm/ldq.cpp.o[0m
[37.639s] [ 59%] [32mBuilding CXX object CMakeFiles/livox_ros_driver2.dir/src/comm/semaphore.cpp.o[0m
[38.138s] [ 61%] [32mBuilding CXX object CMakeFiles/livox_ros_driver2.dir/src/comm/lidar_imu_data_queue.cpp.o[0m
[38.642s] [ 63%] [32mBuilding CXX object CMakeFiles/livox_ros_driver2.dir/src/comm/cache_index.cpp.o[0m
[39.653s] [ 64%] [32mBuilding CXX object CMakeFiles/livox_ros_driver2.dir/src/comm/pub_handler.cpp.o[0m
[41.512s] [ 66%] [32mBuilding CXX object CMakeFiles/livox_ros_driver2.dir/src/parse_cfg_file/parse_cfg_file.cpp.o[0m
[42.686s] [ 68%] [32mBuilding CXX object CMakeFiles/livox_ros_driver2.dir/src/parse_cfg_file/parse_livox_lidar_cfg.cpp.o[0m
[43.901s] [ 70%] [32mBuilding CXX object CMakeFiles/livox_ros_driver2.dir/src/call_back/lidar_common_callback.cpp.o[0m
[44.738s] [ 71%] [32mBuilding CXX object CMakeFiles/livox_ros_driver2.dir/src/call_back/livox_lidar_callback.cpp.o[0m
[45.596s] [ 73%] [32mBuilding CXX object CMakeFiles/livox_ros_driver2.dir/src/comm/comm.cpp.o[0m
[46.429s] [ 75%] [32mBuilding CXX object CMakeFiles/livox_ros_driver2.dir/src/lds_lidar.cpp.o[0m
[47.769s] [ 77%] [32mBuilding CXX object CMakeFiles/livox_ros_driver2.dir/src/lds.cpp.o[0m
[48.700s] [ 78%] [32mBuilding CXX object CMakeFiles/livox_ros_driver2.dir/src/driver_node.cpp.o[0m
[55.024s] [ 80%] [32mBuilding CXX object CMakeFiles/livox_ros_driver2.dir/src/lddc.cpp.o[0m
[62.537s] [ 82%] [32m[1mLinking CXX shared library liblivox_ros_driver2.so[0m
[64.593s] [ 82%] Built target livox_ros_driver2
[64.612s] [ 84%] [34m[1mGenerating Python code for ROS interfaces[0m
[65.235s] [ 84%] Built target livox_interfaces2__py
[65.251s] [ 85%] [32mBuilding C object CMakeFiles/livox_interfaces2__rosidl_generator_py.dir/rosidl_generator_py/livox_ros_driver2/msg/_custom_point_s.c.o[0m
[65.331s] [ 87%] [32mBuilding C object CMakeFiles/livox_interfaces2__rosidl_generator_py.dir/rosidl_generator_py/livox_ros_driver2/msg/_custom_msg_s.c.o[0m
[65.420s] [ 89%] [32m[1mLinking C shared library rosidl_generator_py/livox_ros_driver2/liblivox_interfaces2__rosidl_generator_py.so[0m
[65.453s] [ 89%] Built target livox_interfaces2__rosidl_generator_py
[65.469s] [ 91%] [32mBuilding C object CMakeFiles/livox_ros_driver2__rosidl_typesupport_fastrtps_c__pyext.dir/rosidl_generator_py/livox_ros_driver2/_livox_ros_driver2_s.ep.rosidl_typesupport_fastrtps_c.c.o[0m
[65.549s] [ 92%] [32m[1mLinking C shared library rosidl_generator_py/livox_ros_driver2/livox_ros_driver2_s__rosidl_typesupport_fastrtps_c.cpython-310-x86_64-linux-gnu.so[0m
[65.580s] [ 92%] Built target livox_ros_driver2__rosidl_typesupport_fastrtps_c__pyext
[65.597s] [ 94%] [32mBuilding C object CMakeFiles/livox_ros_driver2__rosidl_typesupport_c__pyext.dir/rosidl_generator_py/livox_ros_driver2/_livox_ros_driver2_s.ep.rosidl_typesupport_c.c.o[0m
[65.684s] [ 96%] [32m[1mLinking C shared library rosidl_generator_py/livox_ros_driver2/livox_ros_driver2_s__rosidl_typesupport_c.cpython-310-x86_64-linux-gnu.so[0m
[65.714s] [ 96%] Built target livox_ros_driver2__rosidl_typesupport_c__pyext
[65.729s] [ 98%] [32mBuilding C object CMakeFiles/livox_ros_driver2__rosidl_typesupport_introspection_c__pyext.dir/rosidl_generator_py/livox_ros_driver2/_livox_ros_driver2_s.ep.rosidl_typesupport_introspection_c.c.o[0m
[65.822s] [100%] [32m[1mLinking C shared library rosidl_generator_py/livox_ros_driver2/livox_ros_driver2_s__rosidl_typesupport_introspection_c.cpython-310-x86_64-linux-gnu.so[0m
[65.855s] [100%] Built target livox_ros_driver2__rosidl_typesupport_introspection_c__pyext
[65.865s] Invoked command in '/home/gouzi/obstacle_race_src/build/livox_ros_driver2' returned '0': CMAKE_PREFIX_PATH=/opt/ros/humble /usr/bin/cmake --build /home/gouzi/obstacle_race_src/build/livox_ros_driver2 -- -j8 -l8
[65.867s] Invoking command in '/home/gouzi/obstacle_race_src/build/livox_ros_driver2': CMAKE_PREFIX_PATH=/opt/ros/humble /usr/bin/cmake --install /home/gouzi/obstacle_race_src/build/livox_ros_driver2
[65.874s] -- Install configuration: ""
[65.874s] -- Installing: /home/gouzi/obstacle_race_src/install/livox_ros_driver2/share/ament_index/resource_index/rosidl_interfaces/livox_ros_driver2
[65.874s] -- Installing: /home/gouzi/obstacle_race_src/install/livox_ros_driver2/include/livox_ros_driver2/livox_ros_driver2
[65.874s] -- Installing: /home/gouzi/obstacle_race_src/install/livox_ros_driver2/include/livox_ros_driver2/livox_ros_driver2/msg
[65.874s] -- Installing: /home/gouzi/obstacle_race_src/install/livox_ros_driver2/include/livox_ros_driver2/livox_ros_driver2/msg/detail
[65.874s] -- Installing: /home/gouzi/obstacle_race_src/install/livox_ros_driver2/include/livox_ros_driver2/livox_ros_driver2/msg/detail/custom_msg__type_support.h
[65.874s] -- Installing: /home/gouzi/obstacle_race_src/install/livox_ros_driver2/include/livox_ros_driver2/livox_ros_driver2/msg/detail/custom_point__functions.c
[65.874s] -- Installing: /home/gouzi/obstacle_race_src/install/livox_ros_driver2/include/livox_ros_driver2/livox_ros_driver2/msg/detail/custom_point__struct.h
[65.874s] -- Installing: /home/gouzi/obstacle_race_src/install/livox_ros_driver2/include/livox_ros_driver2/livox_ros_driver2/msg/detail/custom_msg__struct.h
[65.875s] -- Installing: /home/gouzi/obstacle_race_src/install/livox_ros_driver2/include/livox_ros_driver2/livox_ros_driver2/msg/detail/custom_point__functions.h
[65.875s] -- Installing: /home/gouzi/obstacle_race_src/install/livox_ros_driver2/include/livox_ros_driver2/livox_ros_driver2/msg/detail/custom_msg__functions.c
[65.875s] -- Installing: /home/gouzi/obstacle_race_src/install/livox_ros_driver2/include/livox_ros_driver2/livox_ros_driver2/msg/detail/custom_point__type_support.h
[65.875s] -- Installing: /home/gouzi/obstacle_race_src/install/livox_ros_driver2/include/livox_ros_driver2/livox_ros_driver2/msg/detail/custom_msg__functions.h
[65.875s] -- Installing: /home/gouzi/obstacle_race_src/install/livox_ros_driver2/include/livox_ros_driver2/livox_ros_driver2/msg/rosidl_generator_c__visibility_control.h
[65.875s] -- Installing: /home/gouzi/obstacle_race_src/install/livox_ros_driver2/include/livox_ros_driver2/livox_ros_driver2/msg/custom_point.h
[65.875s] -- Installing: /home/gouzi/obstacle_race_src/install/livox_ros_driver2/include/livox_ros_driver2/livox_ros_driver2/msg/custom_msg.h
[65.875s] -- Installing: /home/gouzi/obstacle_race_src/install/livox_ros_driver2/share/livox_ros_driver2/environment/library_path.sh
[65.875s] -- Installing: /home/gouzi/obstacle_race_src/install/livox_ros_driver2/share/livox_ros_driver2/environment/library_path.dsv
[65.875s] -- Installing: /home/gouzi/obstacle_race_src/install/livox_ros_driver2/lib/liblivox_ros_driver2__rosidl_generator_c.so
[65.876s] -- Set runtime path of "/home/gouzi/obstacle_race_src/install/livox_ros_driver2/lib/liblivox_ros_driver2__rosidl_generator_c.so" to ""
[65.876s] -- Up-to-date: /home/gouzi/obstacle_race_src/install/livox_ros_driver2/include/livox_ros_driver2/livox_ros_driver2
[65.876s] -- Up-to-date: /home/gouzi/obstacle_race_src/install/livox_ros_driver2/include/livox_ros_driver2/livox_ros_driver2/msg
[65.876s] -- Up-to-date: /home/gouzi/obstacle_race_src/install/livox_ros_driver2/include/livox_ros_driver2/livox_ros_driver2/msg/detail
[65.876s] -- Installing: /home/gouzi/obstacle_race_src/install/livox_ros_driver2/include/livox_ros_driver2/livox_ros_driver2/msg/detail/custom_msg__rosidl_typesupport_fastrtps_c.h
[65.876s] -- Installing: /home/gouzi/obstacle_race_src/install/livox_ros_driver2/include/livox_ros_driver2/livox_ros_driver2/msg/detail/custom_point__rosidl_typesupport_fastrtps_c.h
[65.876s] -- Installing: /home/gouzi/obstacle_race_src/install/livox_ros_driver2/include/livox_ros_driver2/livox_ros_driver2/msg/rosidl_typesupport_fastrtps_c__visibility_control.h
[65.876s] -- Installing: /home/gouzi/obstacle_race_src/install/livox_ros_driver2/lib/liblivox_ros_driver2__rosidl_typesupport_fastrtps_c.so
[65.876s] -- Set runtime path of "/home/gouzi/obstacle_race_src/install/livox_ros_driver2/lib/liblivox_ros_driver2__rosidl_typesupport_fastrtps_c.so" to ""
[65.876s] -- Up-to-date: /home/gouzi/obstacle_race_src/install/livox_ros_driver2/include/livox_ros_driver2/livox_ros_driver2
[65.877s] -- Up-to-date: /home/gouzi/obstacle_race_src/install/livox_ros_driver2/include/livox_ros_driver2/livox_ros_driver2/msg
[65.877s] -- Installing: /home/gouzi/obstacle_race_src/install/livox_ros_driver2/include/livox_ros_driver2/livox_ros_driver2/msg/rosidl_typesupport_introspection_c__visibility_control.h
[65.877s] -- Up-to-date: /home/gouzi/obstacle_race_src/install/livox_ros_driver2/include/livox_ros_driver2/livox_ros_driver2/msg/detail
[65.877s] -- Installing: /home/gouzi/obstacle_race_src/install/livox_ros_driver2/include/livox_ros_driver2/livox_ros_driver2/msg/detail/custom_point__rosidl_typesupport_introspection_c.h
[65.877s] -- Installing: /home/gouzi/obstacle_race_src/install/livox_ros_driver2/include/livox_ros_driver2/livox_ros_driver2/msg/detail/custom_msg__rosidl_typesupport_introspection_c.h
[65.877s] -- Installing: /home/gouzi/obstacle_race_src/install/livox_ros_driver2/include/livox_ros_driver2/livox_ros_driver2/msg/detail/custom_msg__type_support.c
[65.877s] -- Installing: /home/gouzi/obstacle_race_src/install/livox_ros_driver2/include/livox_ros_driver2/livox_ros_driver2/msg/detail/custom_point__type_support.c
[65.877s] -- Installing: /home/gouzi/obstacle_race_src/install/livox_ros_driver2/lib/liblivox_ros_driver2__rosidl_typesupport_introspection_c.so
[65.878s] -- Set runtime path of "/home/gouzi/obstacle_race_src/install/livox_ros_driver2/lib/liblivox_ros_driver2__rosidl_typesupport_introspection_c.so" to ""
[65.878s] -- Installing: /home/gouzi/obstacle_race_src/install/livox_ros_driver2/lib/liblivox_ros_driver2__rosidl_typesupport_c.so
[65.878s] -- Set runtime path of "/home/gouzi/obstacle_race_src/install/livox_ros_driver2/lib/liblivox_ros_driver2__rosidl_typesupport_c.so" to ""
[65.878s] -- Up-to-date: /home/gouzi/obstacle_race_src/install/livox_ros_driver2/include/livox_ros_driver2/livox_ros_driver2
[65.878s] -- Up-to-date: /home/gouzi/obstacle_race_src/install/livox_ros_driver2/include/livox_ros_driver2/livox_ros_driver2/msg
[65.878s] -- Installing: /home/gouzi/obstacle_race_src/install/livox_ros_driver2/include/livox_ros_driver2/livox_ros_driver2/msg/custom_point.hpp
[65.878s] -- Installing: /home/gouzi/obstacle_race_src/install/livox_ros_driver2/include/livox_ros_driver2/livox_ros_driver2/msg/custom_msg.hpp
[65.878s] -- Up-to-date: /home/gouzi/obstacle_race_src/install/livox_ros_driver2/include/livox_ros_driver2/livox_ros_driver2/msg/detail
[65.878s] -- Installing: /home/gouzi/obstacle_race_src/install/livox_ros_driver2/include/livox_ros_driver2/livox_ros_driver2/msg/detail/custom_msg__struct.hpp
[65.878s] -- Installing: /home/gouzi/obstacle_race_src/install/livox_ros_driver2/include/livox_ros_driver2/livox_ros_driver2/msg/detail/custom_point__type_support.hpp
[65.879s] -- Installing: /home/gouzi/obstacle_race_src/install/livox_ros_driver2/include/livox_ros_driver2/livox_ros_driver2/msg/detail/custom_point__struct.hpp
[65.879s] -- Installing: /home/gouzi/obstacle_race_src/install/livox_ros_driver2/include/livox_ros_driver2/livox_ros_driver2/msg/detail/custom_point__traits.hpp
[65.879s] -- Installing: /home/gouzi/obstacle_race_src/install/livox_ros_driver2/include/livox_ros_driver2/livox_ros_driver2/msg/detail/custom_msg__traits.hpp
[65.879s] -- Installing: /home/gouzi/obstacle_race_src/install/livox_ros_driver2/include/livox_ros_driver2/livox_ros_driver2/msg/detail/custom_msg__builder.hpp
[65.879s] -- Installing: /home/gouzi/obstacle_race_src/install/livox_ros_driver2/include/livox_ros_driver2/livox_ros_driver2/msg/detail/custom_msg__type_support.hpp
[65.879s] -- Installing: /home/gouzi/obstacle_race_src/install/livox_ros_driver2/include/livox_ros_driver2/livox_ros_driver2/msg/detail/custom_point__builder.hpp
[65.879s] -- Installing: /home/gouzi/obstacle_race_src/install/livox_ros_driver2/include/livox_ros_driver2/livox_ros_driver2/msg/rosidl_generator_cpp__visibility_control.hpp
[65.880s] -- Up-to-date: /home/gouzi/obstacle_race_src/install/livox_ros_driver2/include/livox_ros_driver2/livox_ros_driver2
[65.880s] -- Up-to-date: /home/gouzi/obstacle_race_src/install/livox_ros_driver2/include/livox_ros_driver2/livox_ros_driver2/msg
[65.880s] -- Installing: /home/gouzi/obstacle_race_src/install/livox_ros_driver2/include/livox_ros_driver2/livox_ros_driver2/msg/rosidl_typesupport_fastrtps_cpp__visibility_control.h
[65.880s] -- Up-to-date: /home/gouzi/obstacle_race_src/install/livox_ros_driver2/include/livox_ros_driver2/livox_ros_driver2/msg/detail
[65.881s] -- Installing: /home/gouzi/obstacle_race_src/install/livox_ros_driver2/include/livox_ros_driver2/livox_ros_driver2/msg/detail/dds_fastrtps
[65.881s] -- Installing: /home/gouzi/obstacle_race_src/install/livox_ros_driver2/include/livox_ros_driver2/livox_ros_driver2/msg/detail/custom_point__rosidl_typesupport_fastrtps_cpp.hpp
[65.881s] -- Installing: /home/gouzi/obstacle_race_src/install/livox_ros_driver2/include/livox_ros_driver2/livox_ros_driver2/msg/detail/custom_msg__rosidl_typesupport_fastrtps_cpp.hpp
[65.881s] -- Installing: /home/gouzi/obstacle_race_src/install/livox_ros_driver2/lib/liblivox_ros_driver2__rosidl_typesupport_fastrtps_cpp.so
[65.881s] -- Set runtime path of "/home/gouzi/obstacle_race_src/install/livox_ros_driver2/lib/liblivox_ros_driver2__rosidl_typesupport_fastrtps_cpp.so" to ""
[65.881s] -- Up-to-date: /home/gouzi/obstacle_race_src/install/livox_ros_driver2/include/livox_ros_driver2/livox_ros_driver2
[65.881s] -- Up-to-date: /home/gouzi/obstacle_race_src/install/livox_ros_driver2/include/livox_ros_driver2/livox_ros_driver2/msg
[65.881s] -- Up-to-date: /home/gouzi/obstacle_race_src/install/livox_ros_driver2/include/livox_ros_driver2/livox_ros_driver2/msg/detail
[65.881s] -- Installing: /home/gouzi/obstacle_race_src/install/livox_ros_driver2/include/livox_ros_driver2/livox_ros_driver2/msg/detail/custom_msg__rosidl_typesupport_introspection_cpp.hpp
[65.881s] -- Installing: /home/gouzi/obstacle_race_src/install/livox_ros_driver2/include/livox_ros_driver2/livox_ros_driver2/msg/detail/custom_msg__type_support.cpp
[65.881s] -- Installing: /home/gouzi/obstacle_race_src/install/livox_ros_driver2/include/livox_ros_driver2/livox_ros_driver2/msg/detail/custom_point__type_support.cpp
[65.881s] -- Installing: /home/gouzi/obstacle_race_src/install/livox_ros_driver2/include/livox_ros_driver2/livox_ros_driver2/msg/detail/custom_point__rosidl_typesupport_introspection_cpp.hpp
[65.881s] -- Installing: /home/gouzi/obstacle_race_src/install/livox_ros_driver2/lib/liblivox_ros_driver2__rosidl_typesupport_introspection_cpp.so
[65.881s] -- Set runtime path of "/home/gouzi/obstacle_race_src/install/livox_ros_driver2/lib/liblivox_ros_driver2__rosidl_typesupport_introspection_cpp.so" to ""
[65.882s] -- Installing: /home/gouzi/obstacle_race_src/install/livox_ros_driver2/lib/liblivox_ros_driver2__rosidl_typesupport_cpp.so
[65.882s] -- Set runtime path of "/home/gouzi/obstacle_race_src/install/livox_ros_driver2/lib/liblivox_ros_driver2__rosidl_typesupport_cpp.so" to ""
[65.882s] -- Installing: /home/gouzi/obstacle_race_src/install/livox_ros_driver2/share/livox_ros_driver2/environment/pythonpath.sh
[65.882s] -- Installing: /home/gouzi/obstacle_race_src/install/livox_ros_driver2/share/livox_ros_driver2/environment/pythonpath.dsv
[65.882s] -- Installing: /home/gouzi/obstacle_race_src/install/livox_ros_driver2/local/lib/python3.10/dist-packages/livox_ros_driver2-1.0.0-py3.10.egg-info
[65.882s] -- Installing: /home/gouzi/obstacle_race_src/install/livox_ros_driver2/local/lib/python3.10/dist-packages/livox_ros_driver2-1.0.0-py3.10.egg-info/SOURCES.txt
[65.882s] -- Installing: /home/gouzi/obstacle_race_src/install/livox_ros_driver2/local/lib/python3.10/dist-packages/livox_ros_driver2-1.0.0-py3.10.egg-info/PKG-INFO
[65.882s] -- Installing: /home/gouzi/obstacle_race_src/install/livox_ros_driver2/local/lib/python3.10/dist-packages/livox_ros_driver2-1.0.0-py3.10.egg-info/top_level.txt
[65.882s] -- Installing: /home/gouzi/obstacle_race_src/install/livox_ros_driver2/local/lib/python3.10/dist-packages/livox_ros_driver2-1.0.0-py3.10.egg-info/dependency_links.txt
[65.883s] -- Installing: /home/gouzi/obstacle_race_src/install/livox_ros_driver2/local/lib/python3.10/dist-packages/livox_ros_driver2
[65.883s] -- Installing: /home/gouzi/obstacle_race_src/install/livox_ros_driver2/local/lib/python3.10/dist-packages/livox_ros_driver2/_livox_ros_driver2_s.ep.rosidl_typesupport_fastrtps_c.c
[65.883s] -- Installing: /home/gouzi/obstacle_race_src/install/livox_ros_driver2/local/lib/python3.10/dist-packages/livox_ros_driver2/_livox_ros_driver2_s.ep.rosidl_typesupport_c.c
[65.883s] -- Installing: /home/gouzi/obstacle_race_src/install/livox_ros_driver2/local/lib/python3.10/dist-packages/livox_ros_driver2/livox_ros_driver2_s__rosidl_typesupport_fastrtps_c.cpython-310-x86_64-linux-gnu.so
[65.883s] -- Installing: /home/gouzi/obstacle_race_src/install/livox_ros_driver2/local/lib/python3.10/dist-packages/livox_ros_driver2/liblivox_interfaces2__rosidl_generator_py.so
[65.883s] -- Installing: /home/gouzi/obstacle_race_src/install/livox_ros_driver2/local/lib/python3.10/dist-packages/livox_ros_driver2/livox_ros_driver2_s__rosidl_typesupport_c.cpython-310-x86_64-linux-gnu.so
[65.883s] -- Installing: /home/gouzi/obstacle_race_src/install/livox_ros_driver2/local/lib/python3.10/dist-packages/livox_ros_driver2/livox_ros_driver2_s__rosidl_typesupport_introspection_c.cpython-310-x86_64-linux-gnu.so
[65.883s] -- Installing: /home/gouzi/obstacle_race_src/install/livox_ros_driver2/local/lib/python3.10/dist-packages/livox_ros_driver2/_livox_ros_driver2_s.ep.rosidl_typesupport_introspection_c.c
[65.884s] -- Installing: /home/gouzi/obstacle_race_src/install/livox_ros_driver2/local/lib/python3.10/dist-packages/livox_ros_driver2/__init__.py
[65.884s] -- Installing: /home/gouzi/obstacle_race_src/install/livox_ros_driver2/local/lib/python3.10/dist-packages/livox_ros_driver2/msg
[65.884s] -- Installing: /home/gouzi/obstacle_race_src/install/livox_ros_driver2/local/lib/python3.10/dist-packages/livox_ros_driver2/msg/_custom_msg.py
[65.884s] -- Installing: /home/gouzi/obstacle_race_src/install/livox_ros_driver2/local/lib/python3.10/dist-packages/livox_ros_driver2/msg/_custom_point_s.c
[65.884s] -- Installing: /home/gouzi/obstacle_race_src/install/livox_ros_driver2/local/lib/python3.10/dist-packages/livox_ros_driver2/msg/_custom_point.py
[65.884s] -- Installing: /home/gouzi/obstacle_race_src/install/livox_ros_driver2/local/lib/python3.10/dist-packages/livox_ros_driver2/msg/_custom_msg_s.c
[65.884s] -- Installing: /home/gouzi/obstacle_race_src/install/livox_ros_driver2/local/lib/python3.10/dist-packages/livox_ros_driver2/msg/__init__.py
[65.914s] Listing '/home/gouzi/obstacle_race_src/install/livox_ros_driver2/local/lib/python3.10/dist-packages/livox_ros_driver2'...
[65.915s] Compiling '/home/gouzi/obstacle_race_src/install/livox_ros_driver2/local/lib/python3.10/dist-packages/livox_ros_driver2/__init__.py'...
[65.915s] Listing '/home/gouzi/obstacle_race_src/install/livox_ros_driver2/local/lib/python3.10/dist-packages/livox_ros_driver2/msg'...
[65.915s] Compiling '/home/gouzi/obstacle_race_src/install/livox_ros_driver2/local/lib/python3.10/dist-packages/livox_ros_driver2/msg/__init__.py'...
[65.915s] Compiling '/home/gouzi/obstacle_race_src/install/livox_ros_driver2/local/lib/python3.10/dist-packages/livox_ros_driver2/msg/_custom_msg.py'...
[65.915s] Compiling '/home/gouzi/obstacle_race_src/install/livox_ros_driver2/local/lib/python3.10/dist-packages/livox_ros_driver2/msg/_custom_point.py'...
[65.920s] -- Installing: /home/gouzi/obstacle_race_src/install/livox_ros_driver2/local/lib/python3.10/dist-packages/livox_ros_driver2/livox_ros_driver2_s__rosidl_typesupport_fastrtps_c.cpython-310-x86_64-linux-gnu.so
[65.920s] -- Set runtime path of "/home/gouzi/obstacle_race_src/install/livox_ros_driver2/local/lib/python3.10/dist-packages/livox_ros_driver2/livox_ros_driver2_s__rosidl_typesupport_fastrtps_c.cpython-310-x86_64-linux-gnu.so" to ""
[65.920s] -- Installing: /home/gouzi/obstacle_race_src/install/livox_ros_driver2/local/lib/python3.10/dist-packages/livox_ros_driver2/livox_ros_driver2_s__rosidl_typesupport_introspection_c.cpython-310-x86_64-linux-gnu.so
[65.920s] -- Set runtime path of "/home/gouzi/obstacle_race_src/install/livox_ros_driver2/local/lib/python3.10/dist-packages/livox_ros_driver2/livox_ros_driver2_s__rosidl_typesupport_introspection_c.cpython-310-x86_64-linux-gnu.so" to ""
[65.921s] -- Installing: /home/gouzi/obstacle_race_src/install/livox_ros_driver2/local/lib/python3.10/dist-packages/livox_ros_driver2/livox_ros_driver2_s__rosidl_typesupport_c.cpython-310-x86_64-linux-gnu.so
[65.921s] -- Set runtime path of "/home/gouzi/obstacle_race_src/install/livox_ros_driver2/local/lib/python3.10/dist-packages/livox_ros_driver2/livox_ros_driver2_s__rosidl_typesupport_c.cpython-310-x86_64-linux-gnu.so" to ""
[65.921s] -- Installing: /home/gouzi/obstacle_race_src/install/livox_ros_driver2/lib/liblivox_interfaces2__rosidl_generator_py.so
[65.921s] -- Set runtime path of "/home/gouzi/obstacle_race_src/install/livox_ros_driver2/lib/liblivox_interfaces2__rosidl_generator_py.so" to ""
[65.921s] -- Installing: /home/gouzi/obstacle_race_src/install/livox_ros_driver2/share/livox_ros_driver2/msg/CustomPoint.idl
[65.921s] -- Installing: /home/gouzi/obstacle_race_src/install/livox_ros_driver2/share/livox_ros_driver2/msg/CustomMsg.idl
[65.921s] -- Installing: /home/gouzi/obstacle_race_src/install/livox_ros_driver2/share/livox_ros_driver2/msg/CustomPoint.msg
[65.921s] -- Installing: /home/gouzi/obstacle_race_src/install/livox_ros_driver2/share/livox_ros_driver2/msg/CustomMsg.msg
[65.922s] -- Installing: /home/gouzi/obstacle_race_src/install/livox_ros_driver2/lib/livox_ros_driver2/livox_ros_driver2_node
[65.922s] -- Set runtime path of "/home/gouzi/obstacle_race_src/install/livox_ros_driver2/lib/livox_ros_driver2/livox_ros_driver2_node" to ""
[65.922s] -- Installing: /home/gouzi/obstacle_race_src/install/livox_ros_driver2/lib/liblivox_ros_driver2.so
[65.929s] -- Set runtime path of "/home/gouzi/obstacle_race_src/install/livox_ros_driver2/lib/liblivox_ros_driver2.so" to ""
[65.929s] -- Installing: /home/gouzi/obstacle_race_src/install/livox_ros_driver2/share/livox_ros_driver2/config
[65.929s] -- Installing: /home/gouzi/obstacle_race_src/install/livox_ros_driver2/share/livox_ros_driver2/config/MID360_config.json
[65.929s] -- Installing: /home/gouzi/obstacle_race_src/install/livox_ros_driver2/share/livox_ros_driver2/config/HAP_config.json
[65.929s] -- Installing: /home/gouzi/obstacle_race_src/install/livox_ros_driver2/share/livox_ros_driver2/config/display_point_cloud_ROS1.rviz
[65.929s] -- Installing: /home/gouzi/obstacle_race_src/install/livox_ros_driver2/share/livox_ros_driver2/config/display_point_cloud_ROS2.rviz
[65.929s] -- Installing: /home/gouzi/obstacle_race_src/install/livox_ros_driver2/share/livox_ros_driver2/config/mixed_HAP_MID360_config.json
[65.929s] -- Installing: /home/gouzi/obstacle_race_src/install/livox_ros_driver2/share/livox_ros_driver2/launch_ROS2
[65.929s] -- Installing: /home/gouzi/obstacle_race_src/install/livox_ros_driver2/share/livox_ros_driver2/launch_ROS2/rviz_HAP_launch.py
[65.930s] -- Installing: /home/gouzi/obstacle_race_src/install/livox_ros_driver2/share/livox_ros_driver2/launch_ROS2/msg_MID360_launch.py
[65.930s] -- Installing: /home/gouzi/obstacle_race_src/install/livox_ros_driver2/share/livox_ros_driver2/launch_ROS2/rviz_mixed.py
[65.930s] -- Installing: /home/gouzi/obstacle_race_src/install/livox_ros_driver2/share/livox_ros_driver2/launch_ROS2/rviz_MID360_launch.py
[65.930s] -- Installing: /home/gouzi/obstacle_race_src/install/livox_ros_driver2/share/livox_ros_driver2/launch_ROS2/msg_HAP_launch.py
[65.930s] -- Installing: /home/gouzi/obstacle_race_src/install/livox_ros_driver2/share/ament_index/resource_index/package_run_dependencies/livox_ros_driver2
[65.930s] -- Installing: /home/gouzi/obstacle_race_src/install/livox_ros_driver2/share/ament_index/resource_index/parent_prefix_path/livox_ros_driver2
[65.930s] -- Installing: /home/gouzi/obstacle_race_src/install/livox_ros_driver2/share/livox_ros_driver2/environment/ament_prefix_path.sh
[65.930s] -- Installing: /home/gouzi/obstacle_race_src/install/livox_ros_driver2/share/livox_ros_driver2/environment/ament_prefix_path.dsv
[65.930s] -- Installing: /home/gouzi/obstacle_race_src/install/livox_ros_driver2/share/livox_ros_driver2/environment/path.sh
[65.930s] -- Installing: /home/gouzi/obstacle_race_src/install/livox_ros_driver2/share/livox_ros_driver2/environment/path.dsv
[65.931s] -- Installing: /home/gouzi/obstacle_race_src/install/livox_ros_driver2/share/livox_ros_driver2/local_setup.bash
[65.931s] -- Installing: /home/gouzi/obstacle_race_src/install/livox_ros_driver2/share/livox_ros_driver2/local_setup.sh
[65.931s] -- Installing: /home/gouzi/obstacle_race_src/install/livox_ros_driver2/share/livox_ros_driver2/local_setup.zsh
[65.931s] -- Installing: /home/gouzi/obstacle_race_src/install/livox_ros_driver2/share/livox_ros_driver2/local_setup.dsv
[65.931s] -- Installing: /home/gouzi/obstacle_race_src/install/livox_ros_driver2/share/livox_ros_driver2/package.dsv
[65.931s] -- Installing: /home/gouzi/obstacle_race_src/install/livox_ros_driver2/share/ament_index/resource_index/packages/livox_ros_driver2
[65.931s] -- Installing: /home/gouzi/obstacle_race_src/install/livox_ros_driver2/share/livox_ros_driver2/cmake/export_livox_interfaces2__rosidl_generator_cExport.cmake
[65.931s] -- Installing: /home/gouzi/obstacle_race_src/install/livox_ros_driver2/share/livox_ros_driver2/cmake/export_livox_interfaces2__rosidl_generator_cExport-noconfig.cmake
[65.931s] -- Installing: /home/gouzi/obstacle_race_src/install/livox_ros_driver2/share/livox_ros_driver2/cmake/export_livox_interfaces2__rosidl_typesupport_fastrtps_cExport.cmake
[65.931s] -- Installing: /home/gouzi/obstacle_race_src/install/livox_ros_driver2/share/livox_ros_driver2/cmake/export_livox_interfaces2__rosidl_typesupport_fastrtps_cExport-noconfig.cmake
[65.931s] -- Installing: /home/gouzi/obstacle_race_src/install/livox_ros_driver2/share/livox_ros_driver2/cmake/livox_interfaces2__rosidl_typesupport_introspection_cExport.cmake
[65.931s] -- Installing: /home/gouzi/obstacle_race_src/install/livox_ros_driver2/share/livox_ros_driver2/cmake/livox_interfaces2__rosidl_typesupport_introspection_cExport-noconfig.cmake
[65.931s] -- Installing: /home/gouzi/obstacle_race_src/install/livox_ros_driver2/share/livox_ros_driver2/cmake/livox_interfaces2__rosidl_typesupport_cExport.cmake
[65.932s] -- Installing: /home/gouzi/obstacle_race_src/install/livox_ros_driver2/share/livox_ros_driver2/cmake/livox_interfaces2__rosidl_typesupport_cExport-noconfig.cmake
[65.932s] -- Installing: /home/gouzi/obstacle_race_src/install/livox_ros_driver2/share/livox_ros_driver2/cmake/export_livox_interfaces2__rosidl_generator_cppExport.cmake
[65.932s] -- Installing: /home/gouzi/obstacle_race_src/install/livox_ros_driver2/share/livox_ros_driver2/cmake/export_livox_interfaces2__rosidl_typesupport_fastrtps_cppExport.cmake
[65.932s] -- Installing: /home/gouzi/obstacle_race_src/install/livox_ros_driver2/share/livox_ros_driver2/cmake/export_livox_interfaces2__rosidl_typesupport_fastrtps_cppExport-noconfig.cmake
[65.932s] -- Installing: /home/gouzi/obstacle_race_src/install/livox_ros_driver2/share/livox_ros_driver2/cmake/livox_interfaces2__rosidl_typesupport_introspection_cppExport.cmake
[65.932s] -- Installing: /home/gouzi/obstacle_race_src/install/livox_ros_driver2/share/livox_ros_driver2/cmake/livox_interfaces2__rosidl_typesupport_introspection_cppExport-noconfig.cmake
[65.932s] -- Installing: /home/gouzi/obstacle_race_src/install/livox_ros_driver2/share/livox_ros_driver2/cmake/livox_interfaces2__rosidl_typesupport_cppExport.cmake
[65.932s] -- Installing: /home/gouzi/obstacle_race_src/install/livox_ros_driver2/share/livox_ros_driver2/cmake/livox_interfaces2__rosidl_typesupport_cppExport-noconfig.cmake
[65.932s] -- Installing: /home/gouzi/obstacle_race_src/install/livox_ros_driver2/share/livox_ros_driver2/cmake/export_livox_interfaces2__rosidl_generator_pyExport.cmake
[65.932s] -- Installing: /home/gouzi/obstacle_race_src/install/livox_ros_driver2/share/livox_ros_driver2/cmake/export_livox_interfaces2__rosidl_generator_pyExport-noconfig.cmake
[65.932s] -- Installing: /home/gouzi/obstacle_race_src/install/livox_ros_driver2/share/ament_index/resource_index/rclcpp_components/livox_ros_driver2
[65.933s] -- Installing: /home/gouzi/obstacle_race_src/install/livox_ros_driver2/share/livox_ros_driver2/cmake/rosidl_cmake-extras.cmake
[65.933s] -- Installing: /home/gouzi/obstacle_race_src/install/livox_ros_driver2/share/livox_ros_driver2/cmake/ament_cmake_export_dependencies-extras.cmake
[65.933s] -- Installing: /home/gouzi/obstacle_race_src/install/livox_ros_driver2/share/livox_ros_driver2/cmake/ament_cmake_export_include_directories-extras.cmake
[65.933s] -- Installing: /home/gouzi/obstacle_race_src/install/livox_ros_driver2/share/livox_ros_driver2/cmake/ament_cmake_export_libraries-extras.cmake
[65.933s] -- Installing: /home/gouzi/obstacle_race_src/install/livox_ros_driver2/share/livox_ros_driver2/cmake/ament_cmake_export_targets-extras.cmake
[65.933s] -- Installing: /home/gouzi/obstacle_race_src/install/livox_ros_driver2/share/livox_ros_driver2/cmake/rosidl_cmake_export_typesupport_targets-extras.cmake
[65.933s] -- Installing: /home/gouzi/obstacle_race_src/install/livox_ros_driver2/share/livox_ros_driver2/cmake/rosidl_cmake_export_typesupport_libraries-extras.cmake
[65.933s] -- Installing: /home/gouzi/obstacle_race_src/install/livox_ros_driver2/share/livox_ros_driver2/cmake/livox_ros_driver2Config.cmake
[65.933s] -- Installing: /home/gouzi/obstacle_race_src/install/livox_ros_driver2/share/livox_ros_driver2/cmake/livox_ros_driver2Config-version.cmake
[65.933s] -- Installing: /home/gouzi/obstacle_race_src/install/livox_ros_driver2/share/livox_ros_driver2/package.xml
[65.934s] Invoked command in '/home/gouzi/obstacle_race_src/build/livox_ros_driver2' returned '0': CMAKE_PREFIX_PATH=/opt/ros/humble /usr/bin/cmake --install /home/gouzi/obstacle_race_src/build/livox_ros_driver2
