[0.007s] Invoking command in '/home/gouzi/obstacle_race_src/build/pcd_map_viewer': CMAKE_PREFIX_PATH=/opt/ros/humble /usr/bin/cmake /home/gouzi/obstacle_race_src/src/pcd_map_viewer -DAMENT_CMAKE_SYMLINK_INSTALL=1 -DCMAKE_INSTALL_PREFIX=/home/gouzi/obstacle_race_src/install/pcd_map_viewer
[0.017s] -- Found ament_cmake: 1.3.13 (/opt/ros/humble/share/ament_cmake/cmake)
[0.115s] -- Override CMake install command with custom implementation using symlinks instead of copying resources
[0.122s] -- Found rclcpp: 16.0.18 (/opt/ros/humble/share/rclcpp/cmake)
[0.144s] -- Found rosidl_generator_c: 3.1.8 (/opt/ros/humble/share/rosidl_generator_c/cmake)
[0.146s] -- Found rosidl_adapter: 3.1.8 (/opt/ros/humble/share/rosidl_adapter/cmake)
[0.151s] -- Found rosidl_generator_cpp: 3.1.8 (/opt/ros/humble/share/rosidl_generator_cpp/cmake)
[0.161s] -- Using all available rosidl_typesupport_c: rosidl_typesupport_fastrtps_c;rosidl_typesupport_introspection_c
[0.176s] -- Using all available rosidl_typesupport_cpp: rosidl_typesupport_fastrtps_cpp;rosidl_typesupport_introspection_cpp
[0.216s] -- Found rmw_implementation_cmake: 6.1.2 (/opt/ros/humble/share/rmw_implementation_cmake/cmake)
[0.218s] -- Found rmw_fastrtps_cpp: 6.2.10 (/opt/ros/humble/share/rmw_fastrtps_cpp/cmake)
[0.294s] -- Using RMW implementation 'rmw_fastrtps_cpp' as default
[0.333s] -- Found sensor_msgs: 4.9.1 (/opt/ros/humble/share/sensor_msgs/cmake)
[0.357s] -- Found pcl_conversions: 2.4.5 (/opt/ros/humble/share/pcl_conversions/cmake)
[0.384s] -- Eigen found (include: /usr/include/eigen3, version: 3.4.0)
[0.408s] -- FLANN found (include: /usr/include, lib: /usr/lib/x86_64-linux-gnu/libflann_cpp.so)
[0.647s] -- OpenNI found (version: 1.5.4.0, include: /usr/include/ni, lib: /usr/lib/libOpenNI.so;libusb::libusb)
[0.653s] -- OpenNI2 found (version: 2.2.0.33, include: /usr/include/openni2, lib: /usr/lib/x86_64-linux-gnu/libOpenNI2.so;libusb::libusb)
[0.773s] -- Eigen found (include: /usr/include/eigen3, version: 3.4.0)
[0.777s] -- OpenNI found (version: 1.5.4.0, include: /usr/include/ni, lib: /usr/lib/libOpenNI.so;libusb::libusb)
[0.782s] -- OpenNI2 found (version: 2.2.0.33, include: /usr/include/openni2, lib: /usr/lib/x86_64-linux-gnu/libOpenNI2.so;libusb::libusb)
[0.904s] -- Found Qhull version 8.0.2
[1.022s] -- OpenNI found (version: 1.5.4.0, include: /usr/include/ni, lib: /usr/lib/libOpenNI.so;libusb::libusb)
[1.144s] CMake Warning (dev) at CMakeLists.txt:14 (find_package):
[1.144s]   Policy CMP0074 is not set: find_package uses <PackageName>_ROOT variables.
[1.144s]   Run "cmake --help-policy CMP0074" for policy details.  Use the cmake_policy
[1.144s]   command to set the policy and suppress this warning.
[1.144s] 
[1.144s]   CMake variable PCL_ROOT is set to:
[1.144s] 
[1.144s]     /usr
[1.144s] 
[1.144s]   For compatibility, CMake is ignoring the variable.
[1.144s] This warning is for project developers.  Use -Wno-dev to suppress it.
[1.144s] 
[1.220s] -- Configuring done
[1.256s] -- Generating done
[1.264s] -- Build files have been written to: /home/gouzi/obstacle_race_src/build/pcd_map_viewer
[1.276s] Invoked command in '/home/gouzi/obstacle_race_src/build/pcd_map_viewer' returned '0': CMAKE_PREFIX_PATH=/opt/ros/humble /usr/bin/cmake /home/gouzi/obstacle_race_src/src/pcd_map_viewer -DAMENT_CMAKE_SYMLINK_INSTALL=1 -DCMAKE_INSTALL_PREFIX=/home/gouzi/obstacle_race_src/install/pcd_map_viewer
[1.277s] Invoking command in '/home/gouzi/obstacle_race_src/build/pcd_map_viewer': CMAKE_PREFIX_PATH=/opt/ros/humble /usr/bin/cmake --build /home/gouzi/obstacle_race_src/build/pcd_map_viewer -- -j8 -l8
[1.318s] [ 50%] Building CXX object CMakeFiles/pcd_map_publisher.dir/src/pcd_map_publisher.cpp.o
[7.930s] [100%] Linking CXX executable pcd_map_publisher
[8.433s] [100%] Built target pcd_map_publisher
[8.443s] Invoked command in '/home/gouzi/obstacle_race_src/build/pcd_map_viewer' returned '0': CMAKE_PREFIX_PATH=/opt/ros/humble /usr/bin/cmake --build /home/gouzi/obstacle_race_src/build/pcd_map_viewer -- -j8 -l8
[8.452s] Invoking command in '/home/gouzi/obstacle_race_src/build/pcd_map_viewer': CMAKE_PREFIX_PATH=/opt/ros/humble /usr/bin/cmake --install /home/gouzi/obstacle_race_src/build/pcd_map_viewer
[8.457s] -- Install configuration: ""
[8.458s] -- Execute custom install script
[8.458s] -- Symlinking: /home/gouzi/obstacle_race_src/install/pcd_map_viewer/lib/pcd_map_viewer/pcd_map_publisher
[8.464s] -- Symlinking: /home/gouzi/obstacle_race_src/install/pcd_map_viewer/share/pcd_map_viewer/launch/view_pcd.launch.py
[8.471s] -- Symlinking: /home/gouzi/obstacle_race_src/install/pcd_map_viewer/share/ament_index/resource_index/package_run_dependencies/pcd_map_viewer
[8.478s] -- Symlinking: /home/gouzi/obstacle_race_src/install/pcd_map_viewer/share/ament_index/resource_index/parent_prefix_path/pcd_map_viewer
[8.486s] -- Symlinking: /home/gouzi/obstacle_race_src/install/pcd_map_viewer/share/pcd_map_viewer/environment/ament_prefix_path.sh
[8.492s] -- Symlinking: /home/gouzi/obstacle_race_src/install/pcd_map_viewer/share/pcd_map_viewer/environment/ament_prefix_path.dsv
[8.498s] -- Symlinking: /home/gouzi/obstacle_race_src/install/pcd_map_viewer/share/pcd_map_viewer/environment/path.sh
[8.505s] -- Symlinking: /home/gouzi/obstacle_race_src/install/pcd_map_viewer/share/pcd_map_viewer/environment/path.dsv
[8.511s] -- Symlinking: /home/gouzi/obstacle_race_src/install/pcd_map_viewer/share/pcd_map_viewer/local_setup.bash
[8.519s] -- Symlinking: /home/gouzi/obstacle_race_src/install/pcd_map_viewer/share/pcd_map_viewer/local_setup.sh
[8.526s] -- Symlinking: /home/gouzi/obstacle_race_src/install/pcd_map_viewer/share/pcd_map_viewer/local_setup.zsh
[8.532s] -- Symlinking: /home/gouzi/obstacle_race_src/install/pcd_map_viewer/share/pcd_map_viewer/local_setup.dsv
[8.539s] -- Symlinking: /home/gouzi/obstacle_race_src/install/pcd_map_viewer/share/pcd_map_viewer/package.dsv
[8.546s] -- Symlinking: /home/gouzi/obstacle_race_src/install/pcd_map_viewer/share/ament_index/resource_index/packages/pcd_map_viewer
[8.555s] -- Symlinking: /home/gouzi/obstacle_race_src/install/pcd_map_viewer/share/pcd_map_viewer/cmake/pcd_map_viewerConfig.cmake
[8.561s] -- Symlinking: /home/gouzi/obstacle_race_src/install/pcd_map_viewer/share/pcd_map_viewer/cmake/pcd_map_viewerConfig-version.cmake
[8.568s] -- Symlinking: /home/gouzi/obstacle_race_src/install/pcd_map_viewer/share/pcd_map_viewer/package.xml
[8.576s] Invoked command in '/home/gouzi/obstacle_race_src/build/pcd_map_viewer' returned '0': CMAKE_PREFIX_PATH=/opt/ros/humble /usr/bin/cmake --install /home/gouzi/obstacle_race_src/build/pcd_map_viewer
