[0.021s] Invoking command in '/home/gouzi/obstacle_race_src/build/apriltag_msgs': CMAKE_PREFIX_PATH=${CMAKE_PREFIX_PATH}:/home/gouzi/obstacle_race_src/install/auto_nav_pkg:/opt/ros/humble /usr/bin/cmake /home/gouzi/obstacle_race_src/src/apriltag_msgs -DCMAKE_INSTALL_PREFIX=/home/gouzi/obstacle_race_src/install/apriltag_msgs
[0.034s] -- Found ament_cmake: 1.3.13 (/opt/ros/humble/share/ament_cmake/cmake)
[0.272s] -- Override CMake install command with custom implementation using symlinks instead of copying resources
[0.292s] -- Found rosidl_default_generators: 1.2.0 (/opt/ros/humble/share/rosidl_default_generators/cmake)
[0.293s] -- Using all available rosidl_typesupport_c: rosidl_typesupport_fastrtps_c;rosidl_typesupport_introspection_c
[0.297s] -- Found rosidl_adapter: 3.1.8 (/opt/ros/humble/share/rosidl_adapter/cmake)
[0.336s] -- Using all available rosidl_typesupport_cpp: rosidl_typesupport_fastrtps_cpp;rosidl_typesupport_introspection_cpp
[0.358s] -- Found std_msgs: 4.9.1 (/opt/ros/humble/share/std_msgs/cmake)
[0.654s] -- Found ament_cmake_ros: 0.10.0 (/opt/ros/humble/share/ament_cmake_ros/cmake)
[0.834s] -- Using all available rosidl_typesupport_c: rosidl_typesupport_fastrtps_c;rosidl_typesupport_introspection_c
[1.054s] -- Using all available rosidl_typesupport_cpp: rosidl_typesupport_fastrtps_cpp;rosidl_typesupport_introspection_cpp
[1.072s] -- Found python_cmake_module: 0.10.0 (/opt/ros/humble/share/python_cmake_module/cmake)
[1.090s] -- Using PYTHON_EXECUTABLE: /usr/bin/python3
[1.090s] -- Using PYTHON_INCLUDE_DIRS: /usr/include/python3.10
[1.090s] -- Using PYTHON_LIBRARIES: /usr/lib/x86_64-linux-gnu/libpython3.10.so
[1.112s] -- Found ament_lint_auto: 0.12.15 (/opt/ros/humble/share/ament_lint_auto/cmake)
[1.121s] -- Added test 'lint_cmake' to check CMake code style
[1.123s] -- Added test 'xmllint' to check XML markup files
[1.125s] -- Configuring done
[1.150s] -- Generating done
[1.159s] -- Build files have been written to: /home/gouzi/obstacle_race_src/build/apriltag_msgs
[1.165s] Invoked command in '/home/gouzi/obstacle_race_src/build/apriltag_msgs' returned '0': CMAKE_PREFIX_PATH=${CMAKE_PREFIX_PATH}:/home/gouzi/obstacle_race_src/install/auto_nav_pkg:/opt/ros/humble /usr/bin/cmake /home/gouzi/obstacle_race_src/src/apriltag_msgs -DCMAKE_INSTALL_PREFIX=/home/gouzi/obstacle_race_src/install/apriltag_msgs
[1.166s] Invoking command in '/home/gouzi/obstacle_race_src/build/apriltag_msgs': CMAKE_PREFIX_PATH=${CMAKE_PREFIX_PATH}:/home/gouzi/obstacle_race_src/install/auto_nav_pkg:/opt/ros/humble /usr/bin/cmake --build /home/gouzi/obstacle_race_src/build/apriltag_msgs -- -j8 -l8
[1.197s] [35m[1mConsolidate compiler generated dependencies of target apriltag_msgs__rosidl_generator_c[0m
[1.205s] [  2%] Built target apriltag_msgs__cpp
[1.208s] [ 12%] Built target apriltag_msgs__rosidl_generator_c
[1.215s] [ 12%] Built target ament_cmake_python_symlink_apriltag_msgs
[1.216s] [35m[1mConsolidate compiler generated dependencies of target apriltag_msgs__rosidl_typesupport_cpp[0m
[1.217s] [35m[1mConsolidate compiler generated dependencies of target apriltag_msgs__rosidl_typesupport_fastrtps_cpp[0m
[1.217s] [35m[1mConsolidate compiler generated dependencies of target apriltag_msgs__rosidl_typesupport_introspection_cpp[0m
[1.220s] [35m[1mConsolidate compiler generated dependencies of target apriltag_msgs__rosidl_typesupport_introspection_c[0m
[1.220s] [35m[1mConsolidate compiler generated dependencies of target apriltag_msgs__rosidl_typesupport_c[0m
[1.220s] [35m[1mConsolidate compiler generated dependencies of target apriltag_msgs__rosidl_typesupport_fastrtps_c[0m
[1.237s] [ 23%] Built target apriltag_msgs__rosidl_typesupport_c
[1.240s] [ 44%] Built target apriltag_msgs__rosidl_typesupport_introspection_c
[1.240s] [ 44%] Built target apriltag_msgs__rosidl_typesupport_fastrtps_c
[1.240s] [ 55%] Built target apriltag_msgs__rosidl_typesupport_cpp
[1.240s] [ 65%] Built target apriltag_msgs__rosidl_typesupport_fastrtps_cpp
[1.244s] [ 76%] Built target apriltag_msgs__rosidl_typesupport_introspection_cpp
[1.260s] [ 76%] Built target apriltag_msgs
[1.280s] [ 78%] Built target apriltag_msgs__py
[1.291s] [35m[1mConsolidate compiler generated dependencies of target apriltag_msgs__rosidl_generator_py[0m
[1.302s] [ 87%] Built target apriltag_msgs__rosidl_generator_py
[1.311s] [35m[1mConsolidate compiler generated dependencies of target apriltag_msgs__rosidl_typesupport_fastrtps_c__pyext[0m
[1.311s] [35m[1mConsolidate compiler generated dependencies of target apriltag_msgs__rosidl_typesupport_introspection_c__pyext[0m
[1.312s] [35m[1mConsolidate compiler generated dependencies of target apriltag_msgs__rosidl_typesupport_c__pyext[0m
[1.323s] [ 93%] Built target apriltag_msgs__rosidl_typesupport_fastrtps_c__pyext
[1.323s] [ 95%] Built target apriltag_msgs__rosidl_typesupport_introspection_c__pyext
[1.326s] [100%] Built target apriltag_msgs__rosidl_typesupport_c__pyext
[1.468s] running egg_info
[1.468s] writing apriltag_msgs.egg-info/PKG-INFO
[1.469s] writing dependency_links to apriltag_msgs.egg-info/dependency_links.txt
[1.469s] writing top-level names to apriltag_msgs.egg-info/top_level.txt
[1.471s] reading manifest file 'apriltag_msgs.egg-info/SOURCES.txt'
[1.471s] writing manifest file 'apriltag_msgs.egg-info/SOURCES.txt'
[1.499s] [100%] Built target ament_cmake_python_build_apriltag_msgs_egg
[1.507s] Invoked command in '/home/gouzi/obstacle_race_src/build/apriltag_msgs' returned '0': CMAKE_PREFIX_PATH=${CMAKE_PREFIX_PATH}:/home/gouzi/obstacle_race_src/install/auto_nav_pkg:/opt/ros/humble /usr/bin/cmake --build /home/gouzi/obstacle_race_src/build/apriltag_msgs -- -j8 -l8
[1.509s] Invoking command in '/home/gouzi/obstacle_race_src/build/apriltag_msgs': CMAKE_PREFIX_PATH=${CMAKE_PREFIX_PATH}:/home/gouzi/obstacle_race_src/install/auto_nav_pkg:/opt/ros/humble /usr/bin/cmake --install /home/gouzi/obstacle_race_src/build/apriltag_msgs
[1.515s] -- Install configuration: ""
[1.515s] -- Execute custom install script
[1.516s] -- Up-to-date symlink: /home/gouzi/obstacle_race_src/install/apriltag_msgs/share/ament_index/resource_index/rosidl_interfaces/apriltag_msgs
[1.516s] -- Up-to-date symlink: /home/gouzi/obstacle_race_src/install/apriltag_msgs/include/apriltag_msgs/apriltag_msgs/msg/april_tag_detection.h
[1.516s] -- Up-to-date symlink: /home/gouzi/obstacle_race_src/install/apriltag_msgs/include/apriltag_msgs/apriltag_msgs/msg/april_tag_detection_array.h
[1.516s] -- Up-to-date symlink: /home/gouzi/obstacle_race_src/install/apriltag_msgs/include/apriltag_msgs/apriltag_msgs/msg/detail/april_tag_detection__functions.h
[1.516s] -- Up-to-date symlink: /home/gouzi/obstacle_race_src/install/apriltag_msgs/include/apriltag_msgs/apriltag_msgs/msg/detail/april_tag_detection__struct.h
[1.516s] -- Up-to-date symlink: /home/gouzi/obstacle_race_src/install/apriltag_msgs/include/apriltag_msgs/apriltag_msgs/msg/detail/april_tag_detection__type_support.h
[1.517s] -- Up-to-date symlink: /home/gouzi/obstacle_race_src/install/apriltag_msgs/include/apriltag_msgs/apriltag_msgs/msg/detail/april_tag_detection_array__functions.h
[1.517s] -- Up-to-date symlink: /home/gouzi/obstacle_race_src/install/apriltag_msgs/include/apriltag_msgs/apriltag_msgs/msg/detail/april_tag_detection_array__struct.h
[1.517s] -- Up-to-date symlink: /home/gouzi/obstacle_race_src/install/apriltag_msgs/include/apriltag_msgs/apriltag_msgs/msg/detail/april_tag_detection_array__type_support.h
[1.517s] -- Up-to-date symlink: /home/gouzi/obstacle_race_src/install/apriltag_msgs/include/apriltag_msgs/apriltag_msgs/msg/detail/point__functions.h
[1.517s] -- Up-to-date symlink: /home/gouzi/obstacle_race_src/install/apriltag_msgs/include/apriltag_msgs/apriltag_msgs/msg/detail/point__struct.h
[1.517s] -- Up-to-date symlink: /home/gouzi/obstacle_race_src/install/apriltag_msgs/include/apriltag_msgs/apriltag_msgs/msg/detail/point__type_support.h
[1.517s] -- Up-to-date symlink: /home/gouzi/obstacle_race_src/install/apriltag_msgs/include/apriltag_msgs/apriltag_msgs/msg/point.h
[1.517s] -- Up-to-date symlink: /home/gouzi/obstacle_race_src/install/apriltag_msgs/include/apriltag_msgs/apriltag_msgs/msg/rosidl_generator_c__visibility_control.h
[1.517s] -- Up-to-date symlink: /home/gouzi/obstacle_race_src/install/apriltag_msgs/share/apriltag_msgs/environment/library_path.sh
[1.518s] -- Up-to-date symlink: /home/gouzi/obstacle_race_src/install/apriltag_msgs/share/apriltag_msgs/environment/library_path.dsv
[1.518s] -- Up-to-date symlink: /home/gouzi/obstacle_race_src/install/apriltag_msgs/include/apriltag_msgs/apriltag_msgs/msg/detail/april_tag_detection__rosidl_typesupport_fastrtps_c.h
[1.518s] -- Up-to-date symlink: /home/gouzi/obstacle_race_src/install/apriltag_msgs/include/apriltag_msgs/apriltag_msgs/msg/detail/april_tag_detection_array__rosidl_typesupport_fastrtps_c.h
[1.518s] -- Up-to-date symlink: /home/gouzi/obstacle_race_src/install/apriltag_msgs/include/apriltag_msgs/apriltag_msgs/msg/detail/point__rosidl_typesupport_fastrtps_c.h
[1.518s] -- Up-to-date symlink: /home/gouzi/obstacle_race_src/install/apriltag_msgs/include/apriltag_msgs/apriltag_msgs/msg/rosidl_typesupport_fastrtps_c__visibility_control.h
[1.519s] -- Up-to-date symlink: /home/gouzi/obstacle_race_src/install/apriltag_msgs/include/apriltag_msgs/apriltag_msgs/msg/detail/april_tag_detection__rosidl_typesupport_introspection_c.h
[1.519s] -- Up-to-date symlink: /home/gouzi/obstacle_race_src/install/apriltag_msgs/include/apriltag_msgs/apriltag_msgs/msg/detail/april_tag_detection_array__rosidl_typesupport_introspection_c.h
[1.519s] -- Up-to-date symlink: /home/gouzi/obstacle_race_src/install/apriltag_msgs/include/apriltag_msgs/apriltag_msgs/msg/detail/point__rosidl_typesupport_introspection_c.h
[1.519s] -- Up-to-date symlink: /home/gouzi/obstacle_race_src/install/apriltag_msgs/include/apriltag_msgs/apriltag_msgs/msg/rosidl_typesupport_introspection_c__visibility_control.h
[1.519s] -- Up-to-date symlink: /home/gouzi/obstacle_race_src/install/apriltag_msgs/include/apriltag_msgs/apriltag_msgs/msg/april_tag_detection.hpp
[1.519s] -- Up-to-date symlink: /home/gouzi/obstacle_race_src/install/apriltag_msgs/include/apriltag_msgs/apriltag_msgs/msg/april_tag_detection_array.hpp
[1.519s] -- Up-to-date symlink: /home/gouzi/obstacle_race_src/install/apriltag_msgs/include/apriltag_msgs/apriltag_msgs/msg/detail/april_tag_detection__builder.hpp
[1.520s] -- Up-to-date symlink: /home/gouzi/obstacle_race_src/install/apriltag_msgs/include/apriltag_msgs/apriltag_msgs/msg/detail/april_tag_detection__struct.hpp
[1.520s] -- Up-to-date symlink: /home/gouzi/obstacle_race_src/install/apriltag_msgs/include/apriltag_msgs/apriltag_msgs/msg/detail/april_tag_detection__traits.hpp
[1.520s] -- Up-to-date symlink: /home/gouzi/obstacle_race_src/install/apriltag_msgs/include/apriltag_msgs/apriltag_msgs/msg/detail/april_tag_detection__type_support.hpp
[1.520s] -- Up-to-date symlink: /home/gouzi/obstacle_race_src/install/apriltag_msgs/include/apriltag_msgs/apriltag_msgs/msg/detail/april_tag_detection_array__builder.hpp
[1.520s] -- Up-to-date symlink: /home/gouzi/obstacle_race_src/install/apriltag_msgs/include/apriltag_msgs/apriltag_msgs/msg/detail/april_tag_detection_array__struct.hpp
[1.520s] -- Up-to-date symlink: /home/gouzi/obstacle_race_src/install/apriltag_msgs/include/apriltag_msgs/apriltag_msgs/msg/detail/april_tag_detection_array__traits.hpp
[1.520s] -- Up-to-date symlink: /home/gouzi/obstacle_race_src/install/apriltag_msgs/include/apriltag_msgs/apriltag_msgs/msg/detail/april_tag_detection_array__type_support.hpp
[1.520s] -- Up-to-date symlink: /home/gouzi/obstacle_race_src/install/apriltag_msgs/include/apriltag_msgs/apriltag_msgs/msg/detail/point__builder.hpp
[1.520s] -- Up-to-date symlink: /home/gouzi/obstacle_race_src/install/apriltag_msgs/include/apriltag_msgs/apriltag_msgs/msg/detail/point__struct.hpp
[1.520s] -- Up-to-date symlink: /home/gouzi/obstacle_race_src/install/apriltag_msgs/include/apriltag_msgs/apriltag_msgs/msg/detail/point__traits.hpp
[1.520s] -- Up-to-date symlink: /home/gouzi/obstacle_race_src/install/apriltag_msgs/include/apriltag_msgs/apriltag_msgs/msg/detail/point__type_support.hpp
[1.520s] -- Up-to-date symlink: /home/gouzi/obstacle_race_src/install/apriltag_msgs/include/apriltag_msgs/apriltag_msgs/msg/point.hpp
[1.521s] -- Up-to-date symlink: /home/gouzi/obstacle_race_src/install/apriltag_msgs/include/apriltag_msgs/apriltag_msgs/msg/rosidl_generator_cpp__visibility_control.hpp
[1.521s] -- Up-to-date symlink: /home/gouzi/obstacle_race_src/install/apriltag_msgs/include/apriltag_msgs/apriltag_msgs/msg/detail/april_tag_detection__rosidl_typesupport_fastrtps_cpp.hpp
[1.521s] -- Up-to-date symlink: /home/gouzi/obstacle_race_src/install/apriltag_msgs/include/apriltag_msgs/apriltag_msgs/msg/detail/april_tag_detection_array__rosidl_typesupport_fastrtps_cpp.hpp
[1.521s] -- Up-to-date symlink: /home/gouzi/obstacle_race_src/install/apriltag_msgs/include/apriltag_msgs/apriltag_msgs/msg/detail/point__rosidl_typesupport_fastrtps_cpp.hpp
[1.521s] -- Up-to-date symlink: /home/gouzi/obstacle_race_src/install/apriltag_msgs/include/apriltag_msgs/apriltag_msgs/msg/rosidl_typesupport_fastrtps_cpp__visibility_control.h
[1.521s] -- Up-to-date symlink: /home/gouzi/obstacle_race_src/install/apriltag_msgs/include/apriltag_msgs/apriltag_msgs/msg/detail/april_tag_detection__rosidl_typesupport_introspection_cpp.hpp
[1.521s] -- Up-to-date symlink: /home/gouzi/obstacle_race_src/install/apriltag_msgs/include/apriltag_msgs/apriltag_msgs/msg/detail/april_tag_detection_array__rosidl_typesupport_introspection_cpp.hpp
[1.521s] -- Up-to-date symlink: /home/gouzi/obstacle_race_src/install/apriltag_msgs/include/apriltag_msgs/apriltag_msgs/msg/detail/point__rosidl_typesupport_introspection_cpp.hpp
[1.522s] -- Up-to-date symlink: /home/gouzi/obstacle_race_src/install/apriltag_msgs/share/apriltag_msgs/environment/pythonpath.sh
[1.522s] -- Up-to-date symlink: /home/gouzi/obstacle_race_src/install/apriltag_msgs/share/apriltag_msgs/environment/pythonpath.dsv
[1.522s] -- Up-to-date symlink: /home/gouzi/obstacle_race_src/install/apriltag_msgs/local/lib/python3.10/dist-packages/apriltag_msgs-2.0.1-py3.10.egg-info/PKG-INFO
[1.522s] -- Up-to-date symlink: /home/gouzi/obstacle_race_src/install/apriltag_msgs/local/lib/python3.10/dist-packages/apriltag_msgs-2.0.1-py3.10.egg-info/SOURCES.txt
[1.522s] -- Up-to-date symlink: /home/gouzi/obstacle_race_src/install/apriltag_msgs/local/lib/python3.10/dist-packages/apriltag_msgs-2.0.1-py3.10.egg-info/dependency_links.txt
[1.522s] -- Up-to-date symlink: /home/gouzi/obstacle_race_src/install/apriltag_msgs/local/lib/python3.10/dist-packages/apriltag_msgs-2.0.1-py3.10.egg-info/top_level.txt
[1.523s] -- Up-to-date symlink: /home/gouzi/obstacle_race_src/install/apriltag_msgs/local/lib/python3.10/dist-packages/apriltag_msgs/__init__.py
[1.523s] -- Up-to-date symlink: /home/gouzi/obstacle_race_src/install/apriltag_msgs/local/lib/python3.10/dist-packages/apriltag_msgs/_apriltag_msgs_s.ep.rosidl_typesupport_c.c
[1.523s] -- Up-to-date symlink: /home/gouzi/obstacle_race_src/install/apriltag_msgs/local/lib/python3.10/dist-packages/apriltag_msgs/_apriltag_msgs_s.ep.rosidl_typesupport_fastrtps_c.c
[1.523s] -- Up-to-date symlink: /home/gouzi/obstacle_race_src/install/apriltag_msgs/local/lib/python3.10/dist-packages/apriltag_msgs/_apriltag_msgs_s.ep.rosidl_typesupport_introspection_c.c
[1.523s] -- Up-to-date symlink: /home/gouzi/obstacle_race_src/install/apriltag_msgs/local/lib/python3.10/dist-packages/apriltag_msgs/apriltag_msgs_s__rosidl_typesupport_c.cpython-310-x86_64-linux-gnu.so
[1.523s] -- Up-to-date symlink: /home/gouzi/obstacle_race_src/install/apriltag_msgs/local/lib/python3.10/dist-packages/apriltag_msgs/apriltag_msgs_s__rosidl_typesupport_fastrtps_c.cpython-310-x86_64-linux-gnu.so
[1.523s] -- Up-to-date symlink: /home/gouzi/obstacle_race_src/install/apriltag_msgs/local/lib/python3.10/dist-packages/apriltag_msgs/apriltag_msgs_s__rosidl_typesupport_introspection_c.cpython-310-x86_64-linux-gnu.so
[1.523s] -- Up-to-date symlink: /home/gouzi/obstacle_race_src/install/apriltag_msgs/local/lib/python3.10/dist-packages/apriltag_msgs/libapriltag_msgs__rosidl_generator_py.so
[1.523s] -- Up-to-date symlink: /home/gouzi/obstacle_race_src/install/apriltag_msgs/local/lib/python3.10/dist-packages/apriltag_msgs/msg/__init__.py
[1.524s] -- Up-to-date symlink: /home/gouzi/obstacle_race_src/install/apriltag_msgs/local/lib/python3.10/dist-packages/apriltag_msgs/msg/_april_tag_detection.py
[1.524s] -- Up-to-date symlink: /home/gouzi/obstacle_race_src/install/apriltag_msgs/local/lib/python3.10/dist-packages/apriltag_msgs/msg/_april_tag_detection_array.py
[1.524s] -- Up-to-date symlink: /home/gouzi/obstacle_race_src/install/apriltag_msgs/local/lib/python3.10/dist-packages/apriltag_msgs/msg/_april_tag_detection_array_s.c
[1.524s] -- Up-to-date symlink: /home/gouzi/obstacle_race_src/install/apriltag_msgs/local/lib/python3.10/dist-packages/apriltag_msgs/msg/_april_tag_detection_s.c
[1.524s] -- Up-to-date symlink: /home/gouzi/obstacle_race_src/install/apriltag_msgs/local/lib/python3.10/dist-packages/apriltag_msgs/msg/_point.py
[1.524s] -- Up-to-date symlink: /home/gouzi/obstacle_race_src/install/apriltag_msgs/local/lib/python3.10/dist-packages/apriltag_msgs/msg/_point_s.c
[1.525s] -- Up-to-date symlink: /home/gouzi/obstacle_race_src/install/apriltag_msgs/local/lib/python3.10/dist-packages/apriltag_msgs/apriltag_msgs_s__rosidl_typesupport_fastrtps_c.cpython-310-x86_64-linux-gnu.so
[1.525s] -- Up-to-date symlink: /home/gouzi/obstacle_race_src/install/apriltag_msgs/local/lib/python3.10/dist-packages/apriltag_msgs/apriltag_msgs_s__rosidl_typesupport_introspection_c.cpython-310-x86_64-linux-gnu.so
[1.525s] -- Up-to-date symlink: /home/gouzi/obstacle_race_src/install/apriltag_msgs/local/lib/python3.10/dist-packages/apriltag_msgs/apriltag_msgs_s__rosidl_typesupport_c.cpython-310-x86_64-linux-gnu.so
[1.525s] -- Up-to-date symlink: /home/gouzi/obstacle_race_src/install/apriltag_msgs/share/apriltag_msgs/msg/Point.idl
[1.525s] -- Up-to-date symlink: /home/gouzi/obstacle_race_src/install/apriltag_msgs/share/apriltag_msgs/msg/AprilTagDetection.idl
[1.525s] -- Up-to-date symlink: /home/gouzi/obstacle_race_src/install/apriltag_msgs/share/apriltag_msgs/msg/AprilTagDetectionArray.idl
[1.525s] -- Up-to-date symlink: /home/gouzi/obstacle_race_src/install/apriltag_msgs/share/apriltag_msgs/msg/Point.msg
[1.525s] -- Up-to-date symlink: /home/gouzi/obstacle_race_src/install/apriltag_msgs/share/apriltag_msgs/msg/AprilTagDetection.msg
[1.525s] -- Up-to-date symlink: /home/gouzi/obstacle_race_src/install/apriltag_msgs/share/apriltag_msgs/msg/AprilTagDetectionArray.msg
[1.525s] -- Up-to-date symlink: /home/gouzi/obstacle_race_src/install/apriltag_msgs/share/ament_index/resource_index/package_run_dependencies/apriltag_msgs
[1.525s] -- Up-to-date symlink: /home/gouzi/obstacle_race_src/install/apriltag_msgs/share/ament_index/resource_index/parent_prefix_path/apriltag_msgs
[1.525s] -- Up-to-date symlink: /home/gouzi/obstacle_race_src/install/apriltag_msgs/share/apriltag_msgs/environment/ament_prefix_path.sh
[1.525s] -- Up-to-date symlink: /home/gouzi/obstacle_race_src/install/apriltag_msgs/share/apriltag_msgs/environment/ament_prefix_path.dsv
[1.525s] -- Up-to-date symlink: /home/gouzi/obstacle_race_src/install/apriltag_msgs/share/apriltag_msgs/environment/path.sh
[1.525s] -- Up-to-date symlink: /home/gouzi/obstacle_race_src/install/apriltag_msgs/share/apriltag_msgs/environment/path.dsv
[1.525s] -- Up-to-date symlink: /home/gouzi/obstacle_race_src/install/apriltag_msgs/share/apriltag_msgs/local_setup.bash
[1.526s] -- Up-to-date symlink: /home/gouzi/obstacle_race_src/install/apriltag_msgs/share/apriltag_msgs/local_setup.sh
[1.526s] -- Up-to-date symlink: /home/gouzi/obstacle_race_src/install/apriltag_msgs/share/apriltag_msgs/local_setup.zsh
[1.526s] -- Up-to-date symlink: /home/gouzi/obstacle_race_src/install/apriltag_msgs/share/apriltag_msgs/local_setup.dsv
[1.526s] -- Symlinking: /home/gouzi/obstacle_race_src/install/apriltag_msgs/share/apriltag_msgs/package.dsv
[1.533s] -- Up-to-date symlink: /home/gouzi/obstacle_race_src/install/apriltag_msgs/share/ament_index/resource_index/packages/apriltag_msgs
[1.533s] -- Up-to-date symlink: /home/gouzi/obstacle_race_src/install/apriltag_msgs/share/apriltag_msgs/cmake/rosidl_cmake-extras.cmake
[1.533s] -- Up-to-date symlink: /home/gouzi/obstacle_race_src/install/apriltag_msgs/share/apriltag_msgs/cmake/ament_cmake_export_dependencies-extras.cmake
[1.533s] -- Up-to-date symlink: /home/gouzi/obstacle_race_src/install/apriltag_msgs/share/apriltag_msgs/cmake/ament_cmake_export_include_directories-extras.cmake
[1.533s] -- Up-to-date symlink: /home/gouzi/obstacle_race_src/install/apriltag_msgs/share/apriltag_msgs/cmake/ament_cmake_export_libraries-extras.cmake
[1.533s] -- Up-to-date symlink: /home/gouzi/obstacle_race_src/install/apriltag_msgs/share/apriltag_msgs/cmake/ament_cmake_export_targets-extras.cmake
[1.533s] -- Up-to-date symlink: /home/gouzi/obstacle_race_src/install/apriltag_msgs/share/apriltag_msgs/cmake/rosidl_cmake_export_typesupport_targets-extras.cmake
[1.534s] -- Up-to-date symlink: /home/gouzi/obstacle_race_src/install/apriltag_msgs/share/apriltag_msgs/cmake/rosidl_cmake_export_typesupport_libraries-extras.cmake
[1.534s] -- Up-to-date symlink: /home/gouzi/obstacle_race_src/install/apriltag_msgs/share/apriltag_msgs/cmake/apriltag_msgsConfig.cmake
[1.534s] -- Up-to-date symlink: /home/gouzi/obstacle_race_src/install/apriltag_msgs/share/apriltag_msgs/cmake/apriltag_msgsConfig-version.cmake
[1.534s] -- Up-to-date symlink: /home/gouzi/obstacle_race_src/install/apriltag_msgs/share/apriltag_msgs/package.xml
[1.534s] -- Up-to-date: /home/gouzi/obstacle_race_src/install/apriltag_msgs/lib/libapriltag_msgs__rosidl_generator_c.so
[1.534s] -- Up-to-date: /home/gouzi/obstacle_race_src/install/apriltag_msgs/lib/libapriltag_msgs__rosidl_typesupport_fastrtps_c.so
[1.534s] -- Up-to-date: /home/gouzi/obstacle_race_src/install/apriltag_msgs/lib/libapriltag_msgs__rosidl_typesupport_introspection_c.so
[1.534s] -- Up-to-date: /home/gouzi/obstacle_race_src/install/apriltag_msgs/lib/libapriltag_msgs__rosidl_typesupport_c.so
[1.535s] -- Up-to-date: /home/gouzi/obstacle_race_src/install/apriltag_msgs/lib/libapriltag_msgs__rosidl_typesupport_fastrtps_cpp.so
[1.535s] -- Up-to-date: /home/gouzi/obstacle_race_src/install/apriltag_msgs/lib/libapriltag_msgs__rosidl_typesupport_introspection_cpp.so
[1.535s] -- Up-to-date: /home/gouzi/obstacle_race_src/install/apriltag_msgs/lib/libapriltag_msgs__rosidl_typesupport_cpp.so
[1.562s] Listing '/home/gouzi/obstacle_race_src/install/apriltag_msgs/local/lib/python3.10/dist-packages/apriltag_msgs'...
[1.562s] Compiling '/home/gouzi/obstacle_race_src/install/apriltag_msgs/local/lib/python3.10/dist-packages/apriltag_msgs/__init__.py'...
[1.562s] Listing '/home/gouzi/obstacle_race_src/install/apriltag_msgs/local/lib/python3.10/dist-packages/apriltag_msgs/msg'...
[1.566s] -- Up-to-date: /home/gouzi/obstacle_race_src/install/apriltag_msgs/lib/libapriltag_msgs__rosidl_generator_py.so
[1.566s] -- Up-to-date: /home/gouzi/obstacle_race_src/install/apriltag_msgs/share/apriltag_msgs/cmake/export_apriltag_msgs__rosidl_generator_cExport.cmake
[1.566s] -- Up-to-date: /home/gouzi/obstacle_race_src/install/apriltag_msgs/share/apriltag_msgs/cmake/export_apriltag_msgs__rosidl_generator_cExport-noconfig.cmake
[1.566s] -- Up-to-date: /home/gouzi/obstacle_race_src/install/apriltag_msgs/share/apriltag_msgs/cmake/export_apriltag_msgs__rosidl_typesupport_fastrtps_cExport.cmake
[1.566s] -- Up-to-date: /home/gouzi/obstacle_race_src/install/apriltag_msgs/share/apriltag_msgs/cmake/export_apriltag_msgs__rosidl_typesupport_fastrtps_cExport-noconfig.cmake
[1.566s] -- Up-to-date: /home/gouzi/obstacle_race_src/install/apriltag_msgs/share/apriltag_msgs/cmake/apriltag_msgs__rosidl_typesupport_introspection_cExport.cmake
[1.566s] -- Up-to-date: /home/gouzi/obstacle_race_src/install/apriltag_msgs/share/apriltag_msgs/cmake/apriltag_msgs__rosidl_typesupport_introspection_cExport-noconfig.cmake
[1.566s] -- Up-to-date: /home/gouzi/obstacle_race_src/install/apriltag_msgs/share/apriltag_msgs/cmake/apriltag_msgs__rosidl_typesupport_cExport.cmake
[1.566s] -- Up-to-date: /home/gouzi/obstacle_race_src/install/apriltag_msgs/share/apriltag_msgs/cmake/apriltag_msgs__rosidl_typesupport_cExport-noconfig.cmake
[1.566s] -- Up-to-date: /home/gouzi/obstacle_race_src/install/apriltag_msgs/share/apriltag_msgs/cmake/export_apriltag_msgs__rosidl_generator_cppExport.cmake
[1.567s] -- Up-to-date: /home/gouzi/obstacle_race_src/install/apriltag_msgs/share/apriltag_msgs/cmake/export_apriltag_msgs__rosidl_typesupport_fastrtps_cppExport.cmake
[1.567s] -- Up-to-date: /home/gouzi/obstacle_race_src/install/apriltag_msgs/share/apriltag_msgs/cmake/export_apriltag_msgs__rosidl_typesupport_fastrtps_cppExport-noconfig.cmake
[1.567s] -- Up-to-date: /home/gouzi/obstacle_race_src/install/apriltag_msgs/share/apriltag_msgs/cmake/apriltag_msgs__rosidl_typesupport_introspection_cppExport.cmake
[1.567s] -- Up-to-date: /home/gouzi/obstacle_race_src/install/apriltag_msgs/share/apriltag_msgs/cmake/apriltag_msgs__rosidl_typesupport_introspection_cppExport-noconfig.cmake
[1.567s] -- Up-to-date: /home/gouzi/obstacle_race_src/install/apriltag_msgs/share/apriltag_msgs/cmake/apriltag_msgs__rosidl_typesupport_cppExport.cmake
[1.567s] -- Up-to-date: /home/gouzi/obstacle_race_src/install/apriltag_msgs/share/apriltag_msgs/cmake/apriltag_msgs__rosidl_typesupport_cppExport-noconfig.cmake
[1.567s] -- Up-to-date: /home/gouzi/obstacle_race_src/install/apriltag_msgs/share/apriltag_msgs/cmake/export_apriltag_msgs__rosidl_generator_pyExport.cmake
[1.567s] -- Up-to-date: /home/gouzi/obstacle_race_src/install/apriltag_msgs/share/apriltag_msgs/cmake/export_apriltag_msgs__rosidl_generator_pyExport-noconfig.cmake
[1.569s] Invoked command in '/home/gouzi/obstacle_race_src/build/apriltag_msgs' returned '0': CMAKE_PREFIX_PATH=${CMAKE_PREFIX_PATH}:/home/gouzi/obstacle_race_src/install/auto_nav_pkg:/opt/ros/humble /usr/bin/cmake --install /home/gouzi/obstacle_race_src/build/apriltag_msgs
