[0.017s] Invoking command in '/home/gouzi/obstacle_race_src/build/point_lio': CMAKE_PREFIX_PATH=/opt/ros/humble /usr/bin/cmake /home/gouzi/obstacle_race_src/src/point_lio_ros2 -DCMAKE_INSTALL_PREFIX=/home/gouzi/obstacle_race_src/install/point_lio
[0.093s] -- The C compiler identification is GNU 11.4.0
[0.169s] -- The CXX compiler identification is GNU 11.4.0
[0.183s] -- Detecting C compiler ABI info
[0.253s] -- Detecting C compiler ABI info - done
[0.266s] -- Check for working C compiler: /usr/bin/cc - skipped
[0.269s] -- Detecting C compile features
[0.269s] -- Detecting C compile features - done
[0.274s] -- Detecting CXX compiler ABI info
[0.370s] -- Detecting CXX compiler ABI info - done
[0.385s] -- Check for working CXX compiler: /usr/bin/c++ - skipped
[0.385s] -- Detecting CXX compile features
[0.385s] -- Detecting CXX compile features - done
[0.387s] -- Current CPU architecture: x86_64
[0.395s] -- Processor number:  8
[0.395s] -- core for MP:  3
[0.397s] -- Found ament_cmake: 1.3.13 (/opt/ros/humble/share/ament_cmake/cmake)
[0.582s] -- Found Python3: /usr/bin/python3 (found version "3.10.12") found components: Interpreter 
[0.718s] -- Found rclcpp: 16.0.18 (/opt/ros/humble/share/rclcpp/cmake)
[0.767s] -- Found rosidl_generator_c: 3.1.8 (/opt/ros/humble/share/rosidl_generator_c/cmake)
[0.771s] -- Found rosidl_adapter: 3.1.8 (/opt/ros/humble/share/rosidl_adapter/cmake)
[0.781s] -- Found rosidl_generator_cpp: 3.1.8 (/opt/ros/humble/share/rosidl_generator_cpp/cmake)
[0.798s] -- Using all available rosidl_typesupport_c: rosidl_typesupport_fastrtps_c;rosidl_typesupport_introspection_c
[0.818s] -- Using all available rosidl_typesupport_cpp: rosidl_typesupport_fastrtps_cpp;rosidl_typesupport_introspection_cpp
[0.879s] -- Found rmw_implementation_cmake: 6.1.2 (/opt/ros/humble/share/rmw_implementation_cmake/cmake)
[0.883s] -- Found rmw_fastrtps_cpp: 6.2.10 (/opt/ros/humble/share/rmw_fastrtps_cpp/cmake)
[0.983s] -- Found OpenSSL: /usr/lib/x86_64-linux-gnu/libcrypto.so (found version "3.0.2")  
[1.024s] -- Found FastRTPS: /opt/ros/humble/include  
[1.073s] -- Using RMW implementation 'rmw_fastrtps_cpp' as default
[1.090s] -- Looking for pthread.h
[1.211s] -- Looking for pthread.h - found
[1.215s] -- Performing Test CMAKE_HAVE_LIBC_PTHREAD
[1.321s] -- Performing Test CMAKE_HAVE_LIBC_PTHREAD - Success
[1.322s] -- Found Threads: TRUE  
[1.401s] -- Found rclpy: 3.3.20 (/opt/ros/humble/share/rclpy/cmake)
[1.403s] -- Found geometry_msgs: 4.9.1 (/opt/ros/humble/share/geometry_msgs/cmake)
[1.423s] -- Found nav_msgs: 4.9.1 (/opt/ros/humble/share/nav_msgs/cmake)
[1.448s] -- Found sensor_msgs: 4.9.1 (/opt/ros/humble/share/sensor_msgs/cmake)
[1.490s] -- Found pcl_ros: 2.4.5 (/opt/ros/humble/share/pcl_ros/cmake)
[1.590s] -- Checking for module 'eigen3'
[1.616s] --   Found eigen3, version 3.4.0
[1.707s] -- Found Eigen: /usr/include/eigen3 (Required is at least version "3.1") 
[1.711s] -- Eigen found (include: /usr/include/eigen3, version: 3.4.0)
[1.813s] -- Checking for module 'flann'
[1.858s] --   Found flann, version 1.9.1
[1.958s] -- Found FLANN: /usr/lib/x86_64-linux-gnu/libflann_cpp.so  
[1.959s] -- FLANN found (include: /usr/include, lib: /usr/lib/x86_64-linux-gnu/libflann_cpp.so)
[4.710s] -- Checking for module 'libusb-1.0'
[4.795s] --   Found libusb-1.0, version 1.0.25
[4.953s] -- Found libusb: /usr/lib/x86_64-linux-gnu/libusb-1.0.so  
[4.958s] -- OpenNI found (version: 1.5.4.0, include: /usr/include/ni, lib: /usr/lib/libOpenNI.so;libusb::libusb)
[5.164s] -- OpenNI2 found (version: 2.2.0.33, include: /usr/include/openni2, lib: /usr/lib/x86_64-linux-gnu/libOpenNI2.so;libusb::libusb)
[5.421s] -- Eigen found (include: /usr/include/eigen3, version: 3.4.0)
[5.433s] -- OpenNI found (version: 1.5.4.0, include: /usr/include/ni, lib: /usr/lib/libOpenNI.so;libusb::libusb)
[5.459s] -- OpenNI2 found (version: 2.2.0.33, include: /usr/include/openni2, lib: /usr/lib/x86_64-linux-gnu/libOpenNI2.so;libusb::libusb)
[6.143s] -- Found Qhull version 8.0.2
[7.527s] -- OpenNI found (version: 1.5.4.0, include: /usr/include/ni, lib: /usr/lib/libOpenNI.so;libusb::libusb)
[8.872s] -- Found PCL_COMMON: /usr/lib/x86_64-linux-gnu/libpcl_common.so  
[8.875s] -- Found PCL_KDTREE: /usr/lib/x86_64-linux-gnu/libpcl_kdtree.so  
[8.883s] -- Found PCL_OCTREE: /usr/lib/x86_64-linux-gnu/libpcl_octree.so  
[8.892s] -- Found PCL_SEARCH: /usr/lib/x86_64-linux-gnu/libpcl_search.so  
[8.901s] -- Found PCL_SAMPLE_CONSENSUS: /usr/lib/x86_64-linux-gnu/libpcl_sample_consensus.so  
[8.908s] -- Found PCL_FILTERS: /usr/lib/x86_64-linux-gnu/libpcl_filters.so  
[8.912s] -- Found PCL_2D: /usr/include/pcl-1.12  
[8.913s] -- Found PCL_GEOMETRY: /usr/include/pcl-1.12  
[8.920s] -- Found PCL_IO: /usr/lib/x86_64-linux-gnu/libpcl_io.so  
[8.938s] -- Found PCL_FEATURES: /usr/lib/x86_64-linux-gnu/libpcl_features.so  
[8.943s] -- Found PCL_ML: /usr/lib/x86_64-linux-gnu/libpcl_ml.so  
[8.952s] -- Found PCL_SEGMENTATION: /usr/lib/x86_64-linux-gnu/libpcl_segmentation.so  
[8.966s] -- Found PCL_VISUALIZATION: /usr/lib/x86_64-linux-gnu/libpcl_visualization.so  
[8.984s] -- Found PCL_SURFACE: /usr/lib/x86_64-linux-gnu/libpcl_surface.so  
[9.001s] -- Found PCL_REGISTRATION: /usr/lib/x86_64-linux-gnu/libpcl_registration.so  
[9.013s] -- Found PCL_KEYPOINTS: /usr/lib/x86_64-linux-gnu/libpcl_keypoints.so  
[9.023s] -- Found PCL_TRACKING: /usr/lib/x86_64-linux-gnu/libpcl_tracking.so  
[9.039s] -- Found PCL_RECOGNITION: /usr/lib/x86_64-linux-gnu/libpcl_recognition.so  
[9.048s] -- Found PCL_STEREO: /usr/lib/x86_64-linux-gnu/libpcl_stereo.so  
[9.062s] -- Found PCL_APPS: /usr/lib/x86_64-linux-gnu/libpcl_apps.so  
[9.062s] -- Found PCL_IN_HAND_SCANNER: /usr/include/pcl-1.12  
[9.066s] -- Found PCL_MODELER: /usr/include/pcl-1.12  
[9.070s] -- Found PCL_POINT_CLOUD_EDITOR: /usr/include/pcl-1.12  
[9.079s] -- Found PCL_OUTOFCORE: /usr/lib/x86_64-linux-gnu/libpcl_outofcore.so  
[9.086s] -- Found PCL_PEOPLE: /usr/lib/x86_64-linux-gnu/libpcl_people.so  
[9.238s] -- Found eigen3_cmake_module: 0.1.1 (/opt/ros/humble/share/eigen3_cmake_module/cmake)
[9.246s] -- Found Eigen3: TRUE (found version "3.4.0") 
[9.248s] -- Ensuring Eigen3 include directory is part of orocos-kdl CMake target
[9.771s] -- Found visualization_msgs: 4.9.1 (/opt/ros/humble/share/visualization_msgs/cmake)
[10.786s] -- Found PythonLibs: /usr/lib/x86_64-linux-gnu/libpython3.10.so (found version "3.10.12") 
[10.949s] -- Configuring done
[11.120s] -- Generating done
[11.157s] -- Build files have been written to: /home/gouzi/obstacle_race_src/build/point_lio
[11.222s] Invoked command in '/home/gouzi/obstacle_race_src/build/point_lio' returned '0': CMAKE_PREFIX_PATH=/opt/ros/humble /usr/bin/cmake /home/gouzi/obstacle_race_src/src/point_lio_ros2 -DCMAKE_INSTALL_PREFIX=/home/gouzi/obstacle_race_src/install/point_lio
[11.229s] Invoking command in '/home/gouzi/obstacle_race_src/build/point_lio': CMAKE_PREFIX_PATH=/opt/ros/humble /usr/bin/cmake --build /home/gouzi/obstacle_race_src/build/point_lio -- -j8 -l8
[11.372s] [ 16%] [32mBuilding CXX object CMakeFiles/pointlio_mapping.dir/src/laserMapping.cpp.o[0m
[11.385s] [ 33%] [32mBuilding CXX object CMakeFiles/pointlio_mapping.dir/include/ikd-Tree/ikd_Tree.cpp.o[0m
[11.389s] [ 50%] [32mBuilding CXX object CMakeFiles/pointlio_mapping.dir/src/Estimator.cpp.o[0m
[11.393s] [ 66%] [32mBuilding CXX object CMakeFiles/pointlio_mapping.dir/src/parameters.cpp.o[0m
[11.410s] [ 83%] [32mBuilding CXX object CMakeFiles/pointlio_mapping.dir/src/preprocess.cpp.o[0m
[84.742s] [100%] [32m[1mLinking CXX executable pointlio_mapping[0m
[85.992s] [100%] Built target pointlio_mapping
[86.006s] Invoked command in '/home/gouzi/obstacle_race_src/build/point_lio' returned '0': CMAKE_PREFIX_PATH=/opt/ros/humble /usr/bin/cmake --build /home/gouzi/obstacle_race_src/build/point_lio -- -j8 -l8
[86.007s] Invoking command in '/home/gouzi/obstacle_race_src/build/point_lio': CMAKE_PREFIX_PATH=/opt/ros/humble /usr/bin/cmake --install /home/gouzi/obstacle_race_src/build/point_lio
[86.017s] -- Install configuration: ""
[86.017s] -- Installing: /home/gouzi/obstacle_race_src/install/point_lio/lib/point_lio/pointlio_mapping
[86.017s] -- Set runtime path of "/home/gouzi/obstacle_race_src/install/point_lio/lib/point_lio/pointlio_mapping" to ""
[86.018s] -- Installing: /home/gouzi/obstacle_race_src/install/point_lio/share/point_lio/config
[86.018s] -- Installing: /home/gouzi/obstacle_race_src/install/point_lio/share/point_lio/config/velody16.yaml
[86.018s] -- Installing: /home/gouzi/obstacle_race_src/install/point_lio/share/point_lio/config/unilidar_l2.yaml
[86.018s] -- Installing: /home/gouzi/obstacle_race_src/install/point_lio/share/point_lio/config/ouster64.yaml
[86.018s] -- Installing: /home/gouzi/obstacle_race_src/install/point_lio/share/point_lio/config/avia.yaml
[86.018s] -- Installing: /home/gouzi/obstacle_race_src/install/point_lio/share/point_lio/config/unilidar_l1.yaml
[86.018s] -- Installing: /home/gouzi/obstacle_race_src/install/point_lio/share/point_lio/config/horizon.yaml
[86.018s] -- Installing: /home/gouzi/obstacle_race_src/install/point_lio/share/point_lio/config/mid360.yaml
[86.018s] -- Installing: /home/gouzi/obstacle_race_src/install/point_lio/share/point_lio/launch
[86.018s] -- Installing: /home/gouzi/obstacle_race_src/install/point_lio/share/point_lio/launch/mapping_mid360.launch.py
[86.019s] -- Installing: /home/gouzi/obstacle_race_src/install/point_lio/share/point_lio/launch/mapping_ouster64.launch.py
[86.019s] -- Installing: /home/gouzi/obstacle_race_src/install/point_lio/share/point_lio/launch/correct_odom_unilidar_l1.launch.py
[86.019s] -- Installing: /home/gouzi/obstacle_race_src/install/point_lio/share/point_lio/launch/mapping_unilidar_l2.launch.py
[86.019s] -- Installing: /home/gouzi/obstacle_race_src/install/point_lio/share/point_lio/launch/mapping_unilidar_l1.launch.py
[86.021s] -- Installing: /home/gouzi/obstacle_race_src/install/point_lio/share/point_lio/launch/mapping_velody16.launch.py
[86.021s] -- Installing: /home/gouzi/obstacle_race_src/install/point_lio/share/point_lio/launch/correct_odom_unilidar_l2.launch.py
[86.021s] -- Installing: /home/gouzi/obstacle_race_src/install/point_lio/share/point_lio/launch/mapping_horizon.launch.py
[86.021s] -- Installing: /home/gouzi/obstacle_race_src/install/point_lio/share/point_lio/launch/gdb_debug_example.launch.py
[86.021s] -- Installing: /home/gouzi/obstacle_race_src/install/point_lio/share/point_lio/launch/mapping_avia.launch.py
[86.021s] -- Installing: /home/gouzi/obstacle_race_src/install/point_lio/share/point_lio/launch/__pycache__
[86.021s] -- Installing: /home/gouzi/obstacle_race_src/install/point_lio/share/point_lio/launch/__pycache__/mapping_mid360.launch.cpython-310.pyc
[86.021s] -- Installing: /home/gouzi/obstacle_race_src/install/point_lio/share/point_lio/rviz_cfg
[86.021s] -- Installing: /home/gouzi/obstacle_race_src/install/point_lio/share/point_lio/rviz_cfg/loam_livox.rviz
[86.022s] -- Installing: /home/gouzi/obstacle_race_src/install/point_lio/share/ament_index/resource_index/package_run_dependencies/point_lio
[86.022s] -- Installing: /home/gouzi/obstacle_race_src/install/point_lio/share/ament_index/resource_index/parent_prefix_path/point_lio
[86.022s] -- Installing: /home/gouzi/obstacle_race_src/install/point_lio/share/point_lio/environment/ament_prefix_path.sh
[86.022s] -- Installing: /home/gouzi/obstacle_race_src/install/point_lio/share/point_lio/environment/ament_prefix_path.dsv
[86.022s] -- Installing: /home/gouzi/obstacle_race_src/install/point_lio/share/point_lio/environment/path.sh
[86.022s] -- Installing: /home/gouzi/obstacle_race_src/install/point_lio/share/point_lio/environment/path.dsv
[86.022s] -- Installing: /home/gouzi/obstacle_race_src/install/point_lio/share/point_lio/local_setup.bash
[86.022s] -- Installing: /home/gouzi/obstacle_race_src/install/point_lio/share/point_lio/local_setup.sh
[86.022s] -- Installing: /home/gouzi/obstacle_race_src/install/point_lio/share/point_lio/local_setup.zsh
[86.022s] -- Installing: /home/gouzi/obstacle_race_src/install/point_lio/share/point_lio/local_setup.dsv
[86.022s] -- Installing: /home/gouzi/obstacle_race_src/install/point_lio/share/point_lio/package.dsv
[86.022s] -- Installing: /home/gouzi/obstacle_race_src/install/point_lio/share/ament_index/resource_index/packages/point_lio
[86.022s] -- Installing: /home/gouzi/obstacle_race_src/install/point_lio/share/point_lio/cmake/ament_cmake_export_dependencies-extras.cmake
[86.022s] -- Installing: /home/gouzi/obstacle_race_src/install/point_lio/share/point_lio/cmake/point_lioConfig.cmake
[86.023s] -- Installing: /home/gouzi/obstacle_race_src/install/point_lio/share/point_lio/cmake/point_lioConfig-version.cmake
[86.023s] -- Installing: /home/gouzi/obstacle_race_src/install/point_lio/share/point_lio/package.xml
[86.024s] Invoked command in '/home/gouzi/obstacle_race_src/build/point_lio' returned '0': CMAKE_PREFIX_PATH=/opt/ros/humble /usr/bin/cmake --install /home/gouzi/obstacle_race_src/build/point_lio
