[0.043s] Invoking command in '/home/gouzi/obstacle_race_src/build/apriltag_msgs': CMAKE_PREFIX_PATH=${CMAKE_PREFIX_PATH}:/home/gouzi/obstacle_race_src/install/auto_nav_pkg:/opt/ros/humble /usr/bin/cmake --build /home/gouzi/obstacle_race_src/build/apriltag_msgs -- -j8 -l8
[0.159s] [  2%] Built target apriltag_msgs__cpp
[0.244s] [  2%] Built target ament_cmake_python_copy_apriltag_msgs
[0.318s] [ 12%] Built target apriltag_msgs__rosidl_typesupport_introspection_cpp
[0.755s] running egg_info
[0.755s] writing apriltag_msgs.egg-info/PKG-INFO
[0.757s] writing dependency_links to apriltag_msgs.egg-info/dependency_links.txt
[0.757s] writing top-level names to apriltag_msgs.egg-info/top_level.txt
[0.760s] reading manifest file 'apriltag_msgs.egg-info/SOURCES.txt'
[0.761s] writing manifest file 'apriltag_msgs.egg-info/SOURCES.txt'
[0.840s] [ 12%] Built target ament_cmake_python_build_apriltag_msgs_egg
[0.875s] [ 23%] Built target apriltag_msgs__rosidl_typesupport_fastrtps_cpp
[0.914s] [ 34%] Built target apriltag_msgs__rosidl_typesupport_cpp
[0.951s] [ 44%] Built target apriltag_msgs__rosidl_generator_c
[0.983s] [ 55%] Built target apriltag_msgs__rosidl_typesupport_fastrtps_c
[1.017s] [ 65%] Built target apriltag_msgs__rosidl_typesupport_c
[1.056s] [ 76%] Built target apriltag_msgs__rosidl_typesupport_introspection_c
[1.085s] [ 76%] Built target apriltag_msgs
[1.117s] [ 78%] Built target apriltag_msgs__py
[1.157s] [ 87%] Built target apriltag_msgs__rosidl_generator_py
[1.196s] [ 91%] Built target apriltag_msgs__rosidl_typesupport_fastrtps_c__pyext
[1.234s] [ 95%] Built target apriltag_msgs__rosidl_typesupport_c__pyext
[1.273s] [100%] Built target apriltag_msgs__rosidl_typesupport_introspection_c__pyext
[1.293s] Invoked command in '/home/gouzi/obstacle_race_src/build/apriltag_msgs' returned '0': CMAKE_PREFIX_PATH=${CMAKE_PREFIX_PATH}:/home/gouzi/obstacle_race_src/install/auto_nav_pkg:/opt/ros/humble /usr/bin/cmake --build /home/gouzi/obstacle_race_src/build/apriltag_msgs -- -j8 -l8
[1.294s] Invoking command in '/home/gouzi/obstacle_race_src/build/apriltag_msgs': CMAKE_PREFIX_PATH=${CMAKE_PREFIX_PATH}:/home/gouzi/obstacle_race_src/install/auto_nav_pkg:/opt/ros/humble /usr/bin/cmake --install /home/gouzi/obstacle_race_src/build/apriltag_msgs
[1.306s] -- Install configuration: ""
[1.306s] -- Up-to-date: /home/gouzi/obstacle_race_src/install/apriltag_msgs/share/ament_index/resource_index/rosidl_interfaces/apriltag_msgs
[1.306s] -- Up-to-date: /home/gouzi/obstacle_race_src/install/apriltag_msgs/include/apriltag_msgs/apriltag_msgs
[1.306s] -- Up-to-date: /home/gouzi/obstacle_race_src/install/apriltag_msgs/include/apriltag_msgs/apriltag_msgs/msg
[1.306s] -- Up-to-date: /home/gouzi/obstacle_race_src/install/apriltag_msgs/include/apriltag_msgs/apriltag_msgs/msg/detail
[1.306s] -- Up-to-date: /home/gouzi/obstacle_race_src/install/apriltag_msgs/include/apriltag_msgs/apriltag_msgs/msg/detail/point__functions.c
[1.306s] -- Up-to-date: /home/gouzi/obstacle_race_src/install/apriltag_msgs/include/apriltag_msgs/apriltag_msgs/msg/detail/april_tag_detection_array__struct.h
[1.306s] -- Up-to-date: /home/gouzi/obstacle_race_src/install/apriltag_msgs/include/apriltag_msgs/apriltag_msgs/msg/detail/point__type_support.h
[1.306s] -- Up-to-date: /home/gouzi/obstacle_race_src/install/apriltag_msgs/include/apriltag_msgs/apriltag_msgs/msg/detail/april_tag_detection__functions.h
[1.306s] -- Up-to-date: /home/gouzi/obstacle_race_src/install/apriltag_msgs/include/apriltag_msgs/apriltag_msgs/msg/detail/april_tag_detection__functions.c
[1.306s] -- Up-to-date: /home/gouzi/obstacle_race_src/install/apriltag_msgs/include/apriltag_msgs/apriltag_msgs/msg/detail/point__functions.h
[1.310s] -- Up-to-date: /home/gouzi/obstacle_race_src/install/apriltag_msgs/include/apriltag_msgs/apriltag_msgs/msg/detail/april_tag_detection_array__type_support.h
[1.311s] -- Up-to-date: /home/gouzi/obstacle_race_src/install/apriltag_msgs/include/apriltag_msgs/apriltag_msgs/msg/detail/april_tag_detection_array__functions.h
[1.312s] -- Up-to-date: /home/gouzi/obstacle_race_src/install/apriltag_msgs/include/apriltag_msgs/apriltag_msgs/msg/detail/april_tag_detection__struct.h
[1.312s] -- Up-to-date: /home/gouzi/obstacle_race_src/install/apriltag_msgs/include/apriltag_msgs/apriltag_msgs/msg/detail/april_tag_detection_array__functions.c
[1.312s] -- Up-to-date: /home/gouzi/obstacle_race_src/install/apriltag_msgs/include/apriltag_msgs/apriltag_msgs/msg/detail/april_tag_detection__type_support.h
[1.312s] -- Up-to-date: /home/gouzi/obstacle_race_src/install/apriltag_msgs/include/apriltag_msgs/apriltag_msgs/msg/detail/point__struct.h
[1.313s] -- Up-to-date: /home/gouzi/obstacle_race_src/install/apriltag_msgs/include/apriltag_msgs/apriltag_msgs/msg/rosidl_generator_c__visibility_control.h
[1.313s] -- Up-to-date: /home/gouzi/obstacle_race_src/install/apriltag_msgs/include/apriltag_msgs/apriltag_msgs/msg/point.h
[1.313s] -- Up-to-date: /home/gouzi/obstacle_race_src/install/apriltag_msgs/include/apriltag_msgs/apriltag_msgs/msg/april_tag_detection_array.h
[1.313s] -- Up-to-date: /home/gouzi/obstacle_race_src/install/apriltag_msgs/include/apriltag_msgs/apriltag_msgs/msg/april_tag_detection.h
[1.313s] -- Up-to-date: /home/gouzi/obstacle_race_src/install/apriltag_msgs/share/apriltag_msgs/environment/library_path.sh
[1.313s] -- Up-to-date: /home/gouzi/obstacle_race_src/install/apriltag_msgs/share/apriltag_msgs/environment/library_path.dsv
[1.313s] -- Up-to-date: /home/gouzi/obstacle_race_src/install/apriltag_msgs/lib/libapriltag_msgs__rosidl_generator_c.so
[1.313s] -- Up-to-date: /home/gouzi/obstacle_race_src/install/apriltag_msgs/include/apriltag_msgs/apriltag_msgs
[1.313s] -- Up-to-date: /home/gouzi/obstacle_race_src/install/apriltag_msgs/include/apriltag_msgs/apriltag_msgs/msg
[1.313s] -- Up-to-date: /home/gouzi/obstacle_race_src/install/apriltag_msgs/include/apriltag_msgs/apriltag_msgs/msg/detail
[1.313s] -- Up-to-date: /home/gouzi/obstacle_race_src/install/apriltag_msgs/include/apriltag_msgs/apriltag_msgs/msg/detail/april_tag_detection_array__rosidl_typesupport_fastrtps_c.h
[1.313s] -- Up-to-date: /home/gouzi/obstacle_race_src/install/apriltag_msgs/include/apriltag_msgs/apriltag_msgs/msg/detail/point__rosidl_typesupport_fastrtps_c.h
[1.314s] -- Up-to-date: /home/gouzi/obstacle_race_src/install/apriltag_msgs/include/apriltag_msgs/apriltag_msgs/msg/detail/april_tag_detection__rosidl_typesupport_fastrtps_c.h
[1.314s] -- Up-to-date: /home/gouzi/obstacle_race_src/install/apriltag_msgs/include/apriltag_msgs/apriltag_msgs/msg/rosidl_typesupport_fastrtps_c__visibility_control.h
[1.314s] -- Up-to-date: /home/gouzi/obstacle_race_src/install/apriltag_msgs/lib/libapriltag_msgs__rosidl_typesupport_fastrtps_c.so
[1.314s] -- Up-to-date: /home/gouzi/obstacle_race_src/install/apriltag_msgs/include/apriltag_msgs/apriltag_msgs
[1.314s] -- Up-to-date: /home/gouzi/obstacle_race_src/install/apriltag_msgs/include/apriltag_msgs/apriltag_msgs/msg
[1.314s] -- Up-to-date: /home/gouzi/obstacle_race_src/install/apriltag_msgs/include/apriltag_msgs/apriltag_msgs/msg/rosidl_typesupport_introspection_c__visibility_control.h
[1.314s] -- Up-to-date: /home/gouzi/obstacle_race_src/install/apriltag_msgs/include/apriltag_msgs/apriltag_msgs/msg/detail
[1.314s] -- Up-to-date: /home/gouzi/obstacle_race_src/install/apriltag_msgs/include/apriltag_msgs/apriltag_msgs/msg/detail/point__rosidl_typesupport_introspection_c.h
[1.314s] -- Up-to-date: /home/gouzi/obstacle_race_src/install/apriltag_msgs/include/apriltag_msgs/apriltag_msgs/msg/detail/april_tag_detection_array__type_support.c
[1.314s] -- Up-to-date: /home/gouzi/obstacle_race_src/install/apriltag_msgs/include/apriltag_msgs/apriltag_msgs/msg/detail/point__type_support.c
[1.314s] -- Up-to-date: /home/gouzi/obstacle_race_src/install/apriltag_msgs/include/apriltag_msgs/apriltag_msgs/msg/detail/april_tag_detection__rosidl_typesupport_introspection_c.h
[1.314s] -- Up-to-date: /home/gouzi/obstacle_race_src/install/apriltag_msgs/include/apriltag_msgs/apriltag_msgs/msg/detail/april_tag_detection__type_support.c
[1.314s] -- Up-to-date: /home/gouzi/obstacle_race_src/install/apriltag_msgs/include/apriltag_msgs/apriltag_msgs/msg/detail/april_tag_detection_array__rosidl_typesupport_introspection_c.h
[1.314s] -- Up-to-date: /home/gouzi/obstacle_race_src/install/apriltag_msgs/lib/libapriltag_msgs__rosidl_typesupport_introspection_c.so
[1.314s] -- Up-to-date: /home/gouzi/obstacle_race_src/install/apriltag_msgs/lib/libapriltag_msgs__rosidl_typesupport_c.so
[1.315s] -- Up-to-date: /home/gouzi/obstacle_race_src/install/apriltag_msgs/include/apriltag_msgs/apriltag_msgs
[1.315s] -- Up-to-date: /home/gouzi/obstacle_race_src/install/apriltag_msgs/include/apriltag_msgs/apriltag_msgs/msg
[1.315s] -- Up-to-date: /home/gouzi/obstacle_race_src/install/apriltag_msgs/include/apriltag_msgs/apriltag_msgs/msg/april_tag_detection_array.hpp
[1.315s] -- Up-to-date: /home/gouzi/obstacle_race_src/install/apriltag_msgs/include/apriltag_msgs/apriltag_msgs/msg/april_tag_detection.hpp
[1.315s] -- Up-to-date: /home/gouzi/obstacle_race_src/install/apriltag_msgs/include/apriltag_msgs/apriltag_msgs/msg/detail
[1.315s] -- Up-to-date: /home/gouzi/obstacle_race_src/install/apriltag_msgs/include/apriltag_msgs/apriltag_msgs/msg/detail/april_tag_detection__struct.hpp
[1.315s] -- Up-to-date: /home/gouzi/obstacle_race_src/install/apriltag_msgs/include/apriltag_msgs/apriltag_msgs/msg/detail/point__builder.hpp
[1.316s] -- Up-to-date: /home/gouzi/obstacle_race_src/install/apriltag_msgs/include/apriltag_msgs/apriltag_msgs/msg/detail/point__traits.hpp
[1.316s] -- Up-to-date: /home/gouzi/obstacle_race_src/install/apriltag_msgs/include/apriltag_msgs/apriltag_msgs/msg/detail/april_tag_detection_array__type_support.hpp
[1.316s] -- Up-to-date: /home/gouzi/obstacle_race_src/install/apriltag_msgs/include/apriltag_msgs/apriltag_msgs/msg/detail/april_tag_detection__builder.hpp
[1.316s] -- Up-to-date: /home/gouzi/obstacle_race_src/install/apriltag_msgs/include/apriltag_msgs/apriltag_msgs/msg/detail/point__struct.hpp
[1.316s] -- Up-to-date: /home/gouzi/obstacle_race_src/install/apriltag_msgs/include/apriltag_msgs/apriltag_msgs/msg/detail/april_tag_detection_array__struct.hpp
[1.316s] -- Up-to-date: /home/gouzi/obstacle_race_src/install/apriltag_msgs/include/apriltag_msgs/apriltag_msgs/msg/detail/point__type_support.hpp
[1.316s] -- Up-to-date: /home/gouzi/obstacle_race_src/install/apriltag_msgs/include/apriltag_msgs/apriltag_msgs/msg/detail/april_tag_detection__type_support.hpp
[1.316s] -- Up-to-date: /home/gouzi/obstacle_race_src/install/apriltag_msgs/include/apriltag_msgs/apriltag_msgs/msg/detail/april_tag_detection_array__traits.hpp
[1.317s] -- Up-to-date: /home/gouzi/obstacle_race_src/install/apriltag_msgs/include/apriltag_msgs/apriltag_msgs/msg/detail/april_tag_detection__traits.hpp
[1.317s] -- Up-to-date: /home/gouzi/obstacle_race_src/install/apriltag_msgs/include/apriltag_msgs/apriltag_msgs/msg/detail/april_tag_detection_array__builder.hpp
[1.317s] -- Up-to-date: /home/gouzi/obstacle_race_src/install/apriltag_msgs/include/apriltag_msgs/apriltag_msgs/msg/point.hpp
[1.317s] -- Up-to-date: /home/gouzi/obstacle_race_src/install/apriltag_msgs/include/apriltag_msgs/apriltag_msgs/msg/rosidl_generator_cpp__visibility_control.hpp
[1.317s] -- Up-to-date: /home/gouzi/obstacle_race_src/install/apriltag_msgs/include/apriltag_msgs/apriltag_msgs
[1.318s] -- Up-to-date: /home/gouzi/obstacle_race_src/install/apriltag_msgs/include/apriltag_msgs/apriltag_msgs/msg
[1.318s] -- Up-to-date: /home/gouzi/obstacle_race_src/install/apriltag_msgs/include/apriltag_msgs/apriltag_msgs/msg/rosidl_typesupport_fastrtps_cpp__visibility_control.h
[1.318s] -- Up-to-date: /home/gouzi/obstacle_race_src/install/apriltag_msgs/include/apriltag_msgs/apriltag_msgs/msg/detail
[1.318s] -- Up-to-date: /home/gouzi/obstacle_race_src/install/apriltag_msgs/include/apriltag_msgs/apriltag_msgs/msg/detail/april_tag_detection__rosidl_typesupport_fastrtps_cpp.hpp
[1.318s] -- Up-to-date: /home/gouzi/obstacle_race_src/install/apriltag_msgs/include/apriltag_msgs/apriltag_msgs/msg/detail/april_tag_detection_array__rosidl_typesupport_fastrtps_cpp.hpp
[1.319s] -- Up-to-date: /home/gouzi/obstacle_race_src/install/apriltag_msgs/include/apriltag_msgs/apriltag_msgs/msg/detail/dds_fastrtps
[1.319s] -- Up-to-date: /home/gouzi/obstacle_race_src/install/apriltag_msgs/include/apriltag_msgs/apriltag_msgs/msg/detail/point__rosidl_typesupport_fastrtps_cpp.hpp
[1.319s] -- Up-to-date: /home/gouzi/obstacle_race_src/install/apriltag_msgs/lib/libapriltag_msgs__rosidl_typesupport_fastrtps_cpp.so
[1.319s] -- Up-to-date: /home/gouzi/obstacle_race_src/install/apriltag_msgs/include/apriltag_msgs/apriltag_msgs
[1.320s] -- Up-to-date: /home/gouzi/obstacle_race_src/install/apriltag_msgs/include/apriltag_msgs/apriltag_msgs/msg
[1.320s] -- Up-to-date: /home/gouzi/obstacle_race_src/install/apriltag_msgs/include/apriltag_msgs/apriltag_msgs/msg/detail
[1.320s] -- Up-to-date: /home/gouzi/obstacle_race_src/install/apriltag_msgs/include/apriltag_msgs/apriltag_msgs/msg/detail/april_tag_detection__rosidl_typesupport_introspection_cpp.hpp
[1.320s] -- Up-to-date: /home/gouzi/obstacle_race_src/install/apriltag_msgs/include/apriltag_msgs/apriltag_msgs/msg/detail/april_tag_detection__type_support.cpp
[1.320s] -- Up-to-date: /home/gouzi/obstacle_race_src/install/apriltag_msgs/include/apriltag_msgs/apriltag_msgs/msg/detail/point__type_support.cpp
[1.321s] -- Up-to-date: /home/gouzi/obstacle_race_src/install/apriltag_msgs/include/apriltag_msgs/apriltag_msgs/msg/detail/april_tag_detection_array__rosidl_typesupport_introspection_cpp.hpp
[1.321s] -- Up-to-date: /home/gouzi/obstacle_race_src/install/apriltag_msgs/include/apriltag_msgs/apriltag_msgs/msg/detail/point__rosidl_typesupport_introspection_cpp.hpp
[1.321s] -- Up-to-date: /home/gouzi/obstacle_race_src/install/apriltag_msgs/include/apriltag_msgs/apriltag_msgs/msg/detail/april_tag_detection_array__type_support.cpp
[1.321s] -- Up-to-date: /home/gouzi/obstacle_race_src/install/apriltag_msgs/lib/libapriltag_msgs__rosidl_typesupport_introspection_cpp.so
[1.321s] -- Up-to-date: /home/gouzi/obstacle_race_src/install/apriltag_msgs/lib/libapriltag_msgs__rosidl_typesupport_cpp.so
[1.321s] -- Up-to-date: /home/gouzi/obstacle_race_src/install/apriltag_msgs/share/apriltag_msgs/environment/pythonpath.sh
[1.322s] -- Up-to-date: /home/gouzi/obstacle_race_src/install/apriltag_msgs/share/apriltag_msgs/environment/pythonpath.dsv
[1.322s] -- Up-to-date: /home/gouzi/obstacle_race_src/install/apriltag_msgs/local/lib/python3.10/dist-packages/apriltag_msgs-2.0.1-py3.10.egg-info
[1.322s] -- Installing: /home/gouzi/obstacle_race_src/install/apriltag_msgs/local/lib/python3.10/dist-packages/apriltag_msgs-2.0.1-py3.10.egg-info/SOURCES.txt
[1.322s] -- Installing: /home/gouzi/obstacle_race_src/install/apriltag_msgs/local/lib/python3.10/dist-packages/apriltag_msgs-2.0.1-py3.10.egg-info/PKG-INFO
[1.323s] -- Installing: /home/gouzi/obstacle_race_src/install/apriltag_msgs/local/lib/python3.10/dist-packages/apriltag_msgs-2.0.1-py3.10.egg-info/top_level.txt
[1.323s] -- Installing: /home/gouzi/obstacle_race_src/install/apriltag_msgs/local/lib/python3.10/dist-packages/apriltag_msgs-2.0.1-py3.10.egg-info/dependency_links.txt
[1.323s] -- Up-to-date: /home/gouzi/obstacle_race_src/install/apriltag_msgs/local/lib/python3.10/dist-packages/apriltag_msgs
[1.323s] -- Up-to-date: /home/gouzi/obstacle_race_src/install/apriltag_msgs/local/lib/python3.10/dist-packages/apriltag_msgs/apriltag_msgs_s__rosidl_typesupport_introspection_c.cpython-310-x86_64-linux-gnu.so
[1.323s] -- Up-to-date: /home/gouzi/obstacle_race_src/install/apriltag_msgs/local/lib/python3.10/dist-packages/apriltag_msgs/_apriltag_msgs_s.ep.rosidl_typesupport_fastrtps_c.c
[1.324s] -- Up-to-date: /home/gouzi/obstacle_race_src/install/apriltag_msgs/local/lib/python3.10/dist-packages/apriltag_msgs/apriltag_msgs_s__rosidl_typesupport_fastrtps_c.cpython-310-x86_64-linux-gnu.so
[1.324s] -- Up-to-date: /home/gouzi/obstacle_race_src/install/apriltag_msgs/local/lib/python3.10/dist-packages/apriltag_msgs/apriltag_msgs_s__rosidl_typesupport_c.cpython-310-x86_64-linux-gnu.so
[1.324s] -- Up-to-date: /home/gouzi/obstacle_race_src/install/apriltag_msgs/local/lib/python3.10/dist-packages/apriltag_msgs/libapriltag_msgs__rosidl_generator_py.so
[1.324s] -- Up-to-date: /home/gouzi/obstacle_race_src/install/apriltag_msgs/local/lib/python3.10/dist-packages/apriltag_msgs/_apriltag_msgs_s.ep.rosidl_typesupport_c.c
[1.324s] -- Up-to-date: /home/gouzi/obstacle_race_src/install/apriltag_msgs/local/lib/python3.10/dist-packages/apriltag_msgs/_apriltag_msgs_s.ep.rosidl_typesupport_introspection_c.c
[1.324s] -- Up-to-date: /home/gouzi/obstacle_race_src/install/apriltag_msgs/local/lib/python3.10/dist-packages/apriltag_msgs/__init__.py
[1.324s] -- Up-to-date: /home/gouzi/obstacle_race_src/install/apriltag_msgs/local/lib/python3.10/dist-packages/apriltag_msgs/msg
[1.325s] -- Up-to-date: /home/gouzi/obstacle_race_src/install/apriltag_msgs/local/lib/python3.10/dist-packages/apriltag_msgs/msg/_point.py
[1.325s] -- Up-to-date: /home/gouzi/obstacle_race_src/install/apriltag_msgs/local/lib/python3.10/dist-packages/apriltag_msgs/msg/_april_tag_detection_s.c
[1.325s] -- Up-to-date: /home/gouzi/obstacle_race_src/install/apriltag_msgs/local/lib/python3.10/dist-packages/apriltag_msgs/msg/_april_tag_detection.py
[1.325s] -- Up-to-date: /home/gouzi/obstacle_race_src/install/apriltag_msgs/local/lib/python3.10/dist-packages/apriltag_msgs/msg/_point_s.c
[1.325s] -- Up-to-date: /home/gouzi/obstacle_race_src/install/apriltag_msgs/local/lib/python3.10/dist-packages/apriltag_msgs/msg/_april_tag_detection_array_s.c
[1.325s] -- Up-to-date: /home/gouzi/obstacle_race_src/install/apriltag_msgs/local/lib/python3.10/dist-packages/apriltag_msgs/msg/_april_tag_detection_array.py
[1.325s] -- Up-to-date: /home/gouzi/obstacle_race_src/install/apriltag_msgs/local/lib/python3.10/dist-packages/apriltag_msgs/msg/__init__.py
[1.385s] Listing '/home/gouzi/obstacle_race_src/install/apriltag_msgs/local/lib/python3.10/dist-packages/apriltag_msgs'...
[1.385s] Listing '/home/gouzi/obstacle_race_src/install/apriltag_msgs/local/lib/python3.10/dist-packages/apriltag_msgs/msg'...
[1.387s] -- Up-to-date: /home/gouzi/obstacle_race_src/install/apriltag_msgs/local/lib/python3.10/dist-packages/apriltag_msgs/apriltag_msgs_s__rosidl_typesupport_fastrtps_c.cpython-310-x86_64-linux-gnu.so
[1.390s] -- Up-to-date: /home/gouzi/obstacle_race_src/install/apriltag_msgs/local/lib/python3.10/dist-packages/apriltag_msgs/apriltag_msgs_s__rosidl_typesupport_introspection_c.cpython-310-x86_64-linux-gnu.so
[1.390s] -- Up-to-date: /home/gouzi/obstacle_race_src/install/apriltag_msgs/local/lib/python3.10/dist-packages/apriltag_msgs/apriltag_msgs_s__rosidl_typesupport_c.cpython-310-x86_64-linux-gnu.so
[1.390s] -- Up-to-date: /home/gouzi/obstacle_race_src/install/apriltag_msgs/lib/libapriltag_msgs__rosidl_generator_py.so
[1.390s] -- Up-to-date: /home/gouzi/obstacle_race_src/install/apriltag_msgs/share/apriltag_msgs/msg/Point.idl
[1.390s] -- Up-to-date: /home/gouzi/obstacle_race_src/install/apriltag_msgs/share/apriltag_msgs/msg/AprilTagDetection.idl
[1.391s] -- Up-to-date: /home/gouzi/obstacle_race_src/install/apriltag_msgs/share/apriltag_msgs/msg/AprilTagDetectionArray.idl
[1.391s] -- Up-to-date: /home/gouzi/obstacle_race_src/install/apriltag_msgs/share/apriltag_msgs/msg/Point.msg
[1.391s] -- Up-to-date: /home/gouzi/obstacle_race_src/install/apriltag_msgs/share/apriltag_msgs/msg/AprilTagDetection.msg
[1.391s] -- Up-to-date: /home/gouzi/obstacle_race_src/install/apriltag_msgs/share/apriltag_msgs/msg/AprilTagDetectionArray.msg
[1.391s] -- Up-to-date: /home/gouzi/obstacle_race_src/install/apriltag_msgs/share/ament_index/resource_index/package_run_dependencies/apriltag_msgs
[1.391s] -- Up-to-date: /home/gouzi/obstacle_race_src/install/apriltag_msgs/share/ament_index/resource_index/parent_prefix_path/apriltag_msgs
[1.391s] -- Up-to-date: /home/gouzi/obstacle_race_src/install/apriltag_msgs/share/apriltag_msgs/environment/ament_prefix_path.sh
[1.392s] -- Up-to-date: /home/gouzi/obstacle_race_src/install/apriltag_msgs/share/apriltag_msgs/environment/ament_prefix_path.dsv
[1.392s] -- Up-to-date: /home/gouzi/obstacle_race_src/install/apriltag_msgs/share/apriltag_msgs/environment/path.sh
[1.392s] -- Up-to-date: /home/gouzi/obstacle_race_src/install/apriltag_msgs/share/apriltag_msgs/environment/path.dsv
[1.393s] -- Up-to-date: /home/gouzi/obstacle_race_src/install/apriltag_msgs/share/apriltag_msgs/local_setup.bash
[1.393s] -- Up-to-date: /home/gouzi/obstacle_race_src/install/apriltag_msgs/share/apriltag_msgs/local_setup.sh
[1.393s] -- Up-to-date: /home/gouzi/obstacle_race_src/install/apriltag_msgs/share/apriltag_msgs/local_setup.zsh
[1.393s] -- Up-to-date: /home/gouzi/obstacle_race_src/install/apriltag_msgs/share/apriltag_msgs/local_setup.dsv
[1.393s] -- Installing: /home/gouzi/obstacle_race_src/install/apriltag_msgs/share/apriltag_msgs/package.dsv
[1.393s] -- Up-to-date: /home/gouzi/obstacle_race_src/install/apriltag_msgs/share/ament_index/resource_index/packages/apriltag_msgs
[1.393s] -- Up-to-date: /home/gouzi/obstacle_race_src/install/apriltag_msgs/share/apriltag_msgs/cmake/export_apriltag_msgs__rosidl_generator_cExport.cmake
[1.393s] -- Up-to-date: /home/gouzi/obstacle_race_src/install/apriltag_msgs/share/apriltag_msgs/cmake/export_apriltag_msgs__rosidl_generator_cExport-noconfig.cmake
[1.393s] -- Up-to-date: /home/gouzi/obstacle_race_src/install/apriltag_msgs/share/apriltag_msgs/cmake/export_apriltag_msgs__rosidl_typesupport_fastrtps_cExport.cmake
[1.394s] -- Up-to-date: /home/gouzi/obstacle_race_src/install/apriltag_msgs/share/apriltag_msgs/cmake/export_apriltag_msgs__rosidl_typesupport_fastrtps_cExport-noconfig.cmake
[1.394s] -- Up-to-date: /home/gouzi/obstacle_race_src/install/apriltag_msgs/share/apriltag_msgs/cmake/apriltag_msgs__rosidl_typesupport_introspection_cExport.cmake
[1.394s] -- Up-to-date: /home/gouzi/obstacle_race_src/install/apriltag_msgs/share/apriltag_msgs/cmake/apriltag_msgs__rosidl_typesupport_introspection_cExport-noconfig.cmake
[1.394s] -- Up-to-date: /home/gouzi/obstacle_race_src/install/apriltag_msgs/share/apriltag_msgs/cmake/apriltag_msgs__rosidl_typesupport_cExport.cmake
[1.395s] -- Up-to-date: /home/gouzi/obstacle_race_src/install/apriltag_msgs/share/apriltag_msgs/cmake/apriltag_msgs__rosidl_typesupport_cExport-noconfig.cmake
[1.395s] -- Up-to-date: /home/gouzi/obstacle_race_src/install/apriltag_msgs/share/apriltag_msgs/cmake/export_apriltag_msgs__rosidl_generator_cppExport.cmake
[1.395s] -- Up-to-date: /home/gouzi/obstacle_race_src/install/apriltag_msgs/share/apriltag_msgs/cmake/export_apriltag_msgs__rosidl_typesupport_fastrtps_cppExport.cmake
[1.395s] -- Up-to-date: /home/gouzi/obstacle_race_src/install/apriltag_msgs/share/apriltag_msgs/cmake/export_apriltag_msgs__rosidl_typesupport_fastrtps_cppExport-noconfig.cmake
[1.395s] -- Up-to-date: /home/gouzi/obstacle_race_src/install/apriltag_msgs/share/apriltag_msgs/cmake/apriltag_msgs__rosidl_typesupport_introspection_cppExport.cmake
[1.397s] -- Up-to-date: /home/gouzi/obstacle_race_src/install/apriltag_msgs/share/apriltag_msgs/cmake/apriltag_msgs__rosidl_typesupport_introspection_cppExport-noconfig.cmake
[1.397s] -- Up-to-date: /home/gouzi/obstacle_race_src/install/apriltag_msgs/share/apriltag_msgs/cmake/apriltag_msgs__rosidl_typesupport_cppExport.cmake
[1.398s] -- Up-to-date: /home/gouzi/obstacle_race_src/install/apriltag_msgs/share/apriltag_msgs/cmake/apriltag_msgs__rosidl_typesupport_cppExport-noconfig.cmake
[1.398s] -- Up-to-date: /home/gouzi/obstacle_race_src/install/apriltag_msgs/share/apriltag_msgs/cmake/export_apriltag_msgs__rosidl_generator_pyExport.cmake
[1.398s] -- Up-to-date: /home/gouzi/obstacle_race_src/install/apriltag_msgs/share/apriltag_msgs/cmake/export_apriltag_msgs__rosidl_generator_pyExport-noconfig.cmake
[1.398s] -- Up-to-date: /home/gouzi/obstacle_race_src/install/apriltag_msgs/share/apriltag_msgs/cmake/rosidl_cmake-extras.cmake
[1.398s] -- Up-to-date: /home/gouzi/obstacle_race_src/install/apriltag_msgs/share/apriltag_msgs/cmake/ament_cmake_export_dependencies-extras.cmake
[1.398s] -- Up-to-date: /home/gouzi/obstacle_race_src/install/apriltag_msgs/share/apriltag_msgs/cmake/ament_cmake_export_include_directories-extras.cmake
[1.399s] -- Up-to-date: /home/gouzi/obstacle_race_src/install/apriltag_msgs/share/apriltag_msgs/cmake/ament_cmake_export_libraries-extras.cmake
[1.399s] -- Up-to-date: /home/gouzi/obstacle_race_src/install/apriltag_msgs/share/apriltag_msgs/cmake/ament_cmake_export_targets-extras.cmake
[1.399s] -- Up-to-date: /home/gouzi/obstacle_race_src/install/apriltag_msgs/share/apriltag_msgs/cmake/rosidl_cmake_export_typesupport_targets-extras.cmake
[1.399s] -- Up-to-date: /home/gouzi/obstacle_race_src/install/apriltag_msgs/share/apriltag_msgs/cmake/rosidl_cmake_export_typesupport_libraries-extras.cmake
[1.399s] -- Up-to-date: /home/gouzi/obstacle_race_src/install/apriltag_msgs/share/apriltag_msgs/cmake/apriltag_msgsConfig.cmake
[1.400s] -- Up-to-date: /home/gouzi/obstacle_race_src/install/apriltag_msgs/share/apriltag_msgs/cmake/apriltag_msgsConfig-version.cmake
[1.400s] -- Up-to-date: /home/gouzi/obstacle_race_src/install/apriltag_msgs/share/apriltag_msgs/package.xml
[1.445s] Invoked command in '/home/gouzi/obstacle_race_src/build/apriltag_msgs' returned '0': CMAKE_PREFIX_PATH=${CMAKE_PREFIX_PATH}:/home/gouzi/obstacle_race_src/install/auto_nav_pkg:/opt/ros/humble /usr/bin/cmake --install /home/gouzi/obstacle_race_src/build/apriltag_msgs
