[0.060s] Invoking command in '/home/gouzi/obstacle_race_src/build/realsense2_description': AMENT_PREFIX_PATH=/home/gouzi/obstacle_race_src/install/realsense2_camera_msgs:${AMENT_PREFIX_PATH} CMAKE_PREFIX_PATH=/home/gouzi/obstacle_race_src/install/realsense2_camera_msgs:/opt/ros/humble LD_LIBRARY_PATH=/home/gouzi/obstacle_race_src/install/realsense2_camera_msgs/lib:${LD_LIBRARY_PATH} PYTHONPATH=/home/gouzi/obstacle_race_src/install/realsense2_camera_msgs/local/lib/python3.10/dist-packages:${PYTHONPATH} /usr/bin/cmake /home/gouzi/obstacle_race_src/src/realsense-ros/realsense2_description -DCMAKE_INSTALL_PREFIX=/home/gouzi/obstacle_race_src/install/realsense2_description
[0.267s] -- The C compiler identification is GNU 11.4.0
[0.458s] -- The CXX compiler identification is GNU 11.4.0
[0.490s] -- Detecting C compiler ABI info
[0.705s] -- Detecting C compiler ABI info - done
[0.729s] -- Check for working C compiler: /usr/bin/cc - skipped
[0.729s] -- Detecting C compile features
[0.729s] -- Detecting C compile features - done
[0.735s] -- Detecting CXX compiler ABI info
[1.063s] -- Detecting CXX compiler ABI info - done
[1.124s] -- Check for working CXX compiler: /usr/bin/c++ - skipped
[1.124s] -- Detecting CXX compile features
[1.125s] -- Detecting CXX compile features - done
[1.147s] -- Found ament_cmake: 1.3.13 (/opt/ros/humble/share/ament_cmake/cmake)
[1.581s] -- Found Python3: /usr/bin/python3 (found version "3.10.12") found components: Interpreter 
[2.002s] -- Configuring done
[2.010s] -- Generating done
[2.026s] -- Build files have been written to: /home/gouzi/obstacle_race_src/build/realsense2_description
[2.043s] Invoked command in '/home/gouzi/obstacle_race_src/build/realsense2_description' returned '0': AMENT_PREFIX_PATH=/home/gouzi/obstacle_race_src/install/realsense2_camera_msgs:${AMENT_PREFIX_PATH} CMAKE_PREFIX_PATH=/home/gouzi/obstacle_race_src/install/realsense2_camera_msgs:/opt/ros/humble LD_LIBRARY_PATH=/home/gouzi/obstacle_race_src/install/realsense2_camera_msgs/lib:${LD_LIBRARY_PATH} PYTHONPATH=/home/gouzi/obstacle_race_src/install/realsense2_camera_msgs/local/lib/python3.10/dist-packages:${PYTHONPATH} /usr/bin/cmake /home/gouzi/obstacle_race_src/src/realsense-ros/realsense2_description -DCMAKE_INSTALL_PREFIX=/home/gouzi/obstacle_race_src/install/realsense2_description
[2.044s] Invoking command in '/home/gouzi/obstacle_race_src/build/realsense2_description': AMENT_PREFIX_PATH=/home/gouzi/obstacle_race_src/install/realsense2_camera_msgs:${AMENT_PREFIX_PATH} CMAKE_PREFIX_PATH=/home/gouzi/obstacle_race_src/install/realsense2_camera_msgs:/opt/ros/humble LD_LIBRARY_PATH=/home/gouzi/obstacle_race_src/install/realsense2_camera_msgs/lib:${LD_LIBRARY_PATH} PYTHONPATH=/home/gouzi/obstacle_race_src/install/realsense2_camera_msgs/local/lib/python3.10/dist-packages:${PYTHONPATH} /usr/bin/cmake --build /home/gouzi/obstacle_race_src/build/realsense2_description -- -j8 -l8
[2.198s] Invoked command in '/home/gouzi/obstacle_race_src/build/realsense2_description' returned '0': AMENT_PREFIX_PATH=/home/gouzi/obstacle_race_src/install/realsense2_camera_msgs:${AMENT_PREFIX_PATH} CMAKE_PREFIX_PATH=/home/gouzi/obstacle_race_src/install/realsense2_camera_msgs:/opt/ros/humble LD_LIBRARY_PATH=/home/gouzi/obstacle_race_src/install/realsense2_camera_msgs/lib:${LD_LIBRARY_PATH} PYTHONPATH=/home/gouzi/obstacle_race_src/install/realsense2_camera_msgs/local/lib/python3.10/dist-packages:${PYTHONPATH} /usr/bin/cmake --build /home/gouzi/obstacle_race_src/build/realsense2_description -- -j8 -l8
[2.204s] Invoking command in '/home/gouzi/obstacle_race_src/build/realsense2_description': AMENT_PREFIX_PATH=/home/gouzi/obstacle_race_src/install/realsense2_camera_msgs:${AMENT_PREFIX_PATH} CMAKE_PREFIX_PATH=/home/gouzi/obstacle_race_src/install/realsense2_camera_msgs:/opt/ros/humble LD_LIBRARY_PATH=/home/gouzi/obstacle_race_src/install/realsense2_camera_msgs/lib:${LD_LIBRARY_PATH} PYTHONPATH=/home/gouzi/obstacle_race_src/install/realsense2_camera_msgs/local/lib/python3.10/dist-packages:${PYTHONPATH} /usr/bin/cmake --install /home/gouzi/obstacle_race_src/build/realsense2_description
[2.225s] -- Install configuration: ""
[2.225s] -- Installing: /home/gouzi/obstacle_race_src/install/realsense2_description/share/realsense2_description/launch
[2.225s] -- Installing: /home/gouzi/obstacle_race_src/install/realsense2_description/share/realsense2_description/launch/view_model.launch.py
[2.226s] -- Installing: /home/gouzi/obstacle_race_src/install/realsense2_description/share/realsense2_description/launch/launch_utils.py
[2.226s] -- Installing: /home/gouzi/obstacle_race_src/install/realsense2_description/share/realsense2_description/meshes
[2.231s] -- Installing: /home/gouzi/obstacle_race_src/install/realsense2_description/share/realsense2_description/meshes/plug.stl
[2.239s] -- Installing: /home/gouzi/obstacle_race_src/install/realsense2_description/share/realsense2_description/meshes/d455.stl
[2.245s] -- Installing: /home/gouzi/obstacle_race_src/install/realsense2_description/share/realsense2_description/meshes/d435.dae
[2.327s] -- Installing: /home/gouzi/obstacle_race_src/install/realsense2_description/share/realsense2_description/meshes/l515.dae
[2.483s] -- Installing: /home/gouzi/obstacle_race_src/install/realsense2_description/share/realsense2_description/meshes/plug_collision.stl
[2.483s] -- Installing: /home/gouzi/obstacle_race_src/install/realsense2_description/share/realsense2_description/meshes/d415.stl
[2.545s] -- Installing: /home/gouzi/obstacle_race_src/install/realsense2_description/share/realsense2_description/rviz
[2.545s] -- Installing: /home/gouzi/obstacle_race_src/install/realsense2_description/share/realsense2_description/rviz/urdf.rviz
[2.545s] -- Installing: /home/gouzi/obstacle_race_src/install/realsense2_description/share/realsense2_description/urdf
[2.545s] -- Installing: /home/gouzi/obstacle_race_src/install/realsense2_description/share/realsense2_description/urdf/_usb_plug.urdf.xacro
[2.546s] -- Installing: /home/gouzi/obstacle_race_src/install/realsense2_description/share/realsense2_description/urdf/_materials.urdf.xacro
[2.546s] -- Installing: /home/gouzi/obstacle_race_src/install/realsense2_description/share/realsense2_description/urdf/_d435.urdf.xacro
[2.546s] -- Installing: /home/gouzi/obstacle_race_src/install/realsense2_description/share/realsense2_description/urdf/_r430.urdf.xacro
[2.546s] -- Installing: /home/gouzi/obstacle_race_src/install/realsense2_description/share/realsense2_description/urdf/test_d435_multiple_cameras.urdf.xacro
[2.546s] -- Installing: /home/gouzi/obstacle_race_src/install/realsense2_description/share/realsense2_description/urdf/_l515.urdf.xacro
[2.547s] -- Installing: /home/gouzi/obstacle_race_src/install/realsense2_description/share/realsense2_description/urdf/test_d435_camera.urdf.xacro
[2.547s] -- Installing: /home/gouzi/obstacle_race_src/install/realsense2_description/share/realsense2_description/urdf/test_d415_camera.urdf.xacro
[2.547s] -- Installing: /home/gouzi/obstacle_race_src/install/realsense2_description/share/realsense2_description/urdf/test_r410_camera.urdf.xacro
[2.547s] -- Installing: /home/gouzi/obstacle_race_src/install/realsense2_description/share/realsense2_description/urdf/test_r430_camera.urdf.xacro
[2.547s] -- Installing: /home/gouzi/obstacle_race_src/install/realsense2_description/share/realsense2_description/urdf/_d435i.urdf.xacro
[2.547s] -- Installing: /home/gouzi/obstacle_race_src/install/realsense2_description/share/realsense2_description/urdf/_r410.urdf.xacro
[2.551s] -- Installing: /home/gouzi/obstacle_race_src/install/realsense2_description/share/realsense2_description/urdf/test_d435i_camera.urdf.xacro
[2.551s] -- Installing: /home/gouzi/obstacle_race_src/install/realsense2_description/share/realsense2_description/urdf/_d435i_imu_modules.urdf.xacro
[2.551s] -- Installing: /home/gouzi/obstacle_race_src/install/realsense2_description/share/realsense2_description/urdf/test_d455_camera.urdf.xacro
[2.552s] -- Installing: /home/gouzi/obstacle_race_src/install/realsense2_description/share/realsense2_description/urdf/_d455.urdf.xacro
[2.552s] -- Installing: /home/gouzi/obstacle_race_src/install/realsense2_description/share/realsense2_description/urdf/test_l515_camera.urdf.xacro
[2.552s] -- Installing: /home/gouzi/obstacle_race_src/install/realsense2_description/share/realsense2_description/urdf/_d415.urdf.xacro
[2.552s] -- Installing: /home/gouzi/obstacle_race_src/install/realsense2_description/share/ament_index/resource_index/package_run_dependencies/realsense2_description
[2.552s] -- Installing: /home/gouzi/obstacle_race_src/install/realsense2_description/share/ament_index/resource_index/parent_prefix_path/realsense2_description
[2.552s] -- Installing: /home/gouzi/obstacle_race_src/install/realsense2_description/share/realsense2_description/environment/ament_prefix_path.sh
[2.552s] -- Installing: /home/gouzi/obstacle_race_src/install/realsense2_description/share/realsense2_description/environment/ament_prefix_path.dsv
[2.553s] -- Installing: /home/gouzi/obstacle_race_src/install/realsense2_description/share/realsense2_description/environment/path.sh
[2.553s] -- Installing: /home/gouzi/obstacle_race_src/install/realsense2_description/share/realsense2_description/environment/path.dsv
[2.553s] -- Installing: /home/gouzi/obstacle_race_src/install/realsense2_description/share/realsense2_description/local_setup.bash
[2.553s] -- Installing: /home/gouzi/obstacle_race_src/install/realsense2_description/share/realsense2_description/local_setup.sh
[2.553s] -- Installing: /home/gouzi/obstacle_race_src/install/realsense2_description/share/realsense2_description/local_setup.zsh
[2.553s] -- Installing: /home/gouzi/obstacle_race_src/install/realsense2_description/share/realsense2_description/local_setup.dsv
[2.556s] -- Installing: /home/gouzi/obstacle_race_src/install/realsense2_description/share/realsense2_description/package.dsv
[2.557s] -- Installing: /home/gouzi/obstacle_race_src/install/realsense2_description/share/ament_index/resource_index/packages/realsense2_description
[2.557s] -- Installing: /home/gouzi/obstacle_race_src/install/realsense2_description/share/realsense2_description/cmake/realsense2_descriptionConfig.cmake
[2.557s] -- Installing: /home/gouzi/obstacle_race_src/install/realsense2_description/share/realsense2_description/cmake/realsense2_descriptionConfig-version.cmake
[2.558s] -- Installing: /home/gouzi/obstacle_race_src/install/realsense2_description/share/realsense2_description/package.xml
[2.567s] Invoked command in '/home/gouzi/obstacle_race_src/build/realsense2_description' returned '0': AMENT_PREFIX_PATH=/home/gouzi/obstacle_race_src/install/realsense2_camera_msgs:${AMENT_PREFIX_PATH} CMAKE_PREFIX_PATH=/home/gouzi/obstacle_race_src/install/realsense2_camera_msgs:/opt/ros/humble LD_LIBRARY_PATH=/home/gouzi/obstacle_race_src/install/realsense2_camera_msgs/lib:${LD_LIBRARY_PATH} PYTHONPATH=/home/gouzi/obstacle_race_src/install/realsense2_camera_msgs/local/lib/python3.10/dist-packages:${PYTHONPATH} /usr/bin/cmake --install /home/gouzi/obstacle_race_src/build/realsense2_description
